OpenJDK 64-Bit Server VM (25.131-b11) for linux-amd64 JRE (1.8.0_131-8u131-b11-0ubuntu1.16.04.2-b11), built on May  6 2017 02:45:27 by "buildd" with gcc 5.4.0 20160609
Memory: 4k page, physical 16399128k(14640400k free), swap 31998972k(31998972k free)
CommandLine flags: -XX:CMSInitiatingOccupancyFraction=50 -XX:CMSMaxAbortablePrecleanTime=6000 -XX:+CMSParallelRemarkEnabled -XX:+CMSScavengeBeforeRemark -XX:ConcGCThreads=4 -XX:InitialHeapSize=536870912 -XX:MaxHeapSize=536870912 -XX:MaxTenuringThreshold=8 -XX:NewRatio=3 -XX:OldPLABSize=16 -XX:OnOutOfMemoryError=/home/froog/Studium/oxygen_crawl/Crawler/solr/solr-5.5.4/bin/oom_solr.sh 8983 /home/froog/Studium/oxygen_crawl/Crawler/solr/solr-5.5.4/server/logs -XX:ParallelGCThreads=4 -XX:+ParallelRefProcEnabled -XX:PretenureSizeThreshold=67108864 -XX:+PrintGC -XX:+PrintGCApplicationStoppedTime -XX:+PrintGCDateStamps -XX:+PrintGCDetails -XX:+PrintGCTimeStamps -XX:+PrintHeapAtGC -XX:+PrintTenuringDistribution -XX:SurvivorRatio=4 -XX:TargetSurvivorRatio=90 -XX:ThreadStackSize=256 -XX:+UseCMSInitiatingOccupancyOnly -XX:+UseCompressedClassPointers -XX:+UseCompressedOops -XX:+UseConcMarkSweepGC -XX:+UseParNewGC 
2017-06-27T18:32:25.206+0200: 0,199: Total time for which application threads were stopped: 0,0001059 seconds, Stopping threads took: 0,0000097 seconds
2017-06-27T18:32:25.261+0200: 0,254: Total time for which application threads were stopped: 0,0000907 seconds, Stopping threads took: 0,0000106 seconds
2017-06-27T18:32:25.315+0200: 0,308: Total time for which application threads were stopped: 0,0001165 seconds, Stopping threads took: 0,0000121 seconds
2017-06-27T18:32:25.347+0200: 0,339: Total time for which application threads were stopped: 0,0001283 seconds, Stopping threads took: 0,0000158 seconds
2017-06-27T18:32:25.355+0200: 0,348: Total time for which application threads were stopped: 0,0001198 seconds, Stopping threads took: 0,0000142 seconds
2017-06-27T18:32:25.361+0200: 0,354: Total time for which application threads were stopped: 0,0001108 seconds, Stopping threads took: 0,0000294 seconds
{Heap before GC invocations=0 (full 0):
 par new generation   total 109248K, used 87424K [0x00000000e0000000, 0x00000000e8000000, 0x00000000e8000000)
  eden space 87424K, 100% used [0x00000000e0000000, 0x00000000e5560000, 0x00000000e5560000)
  from space 21824K,   0% used [0x00000000e5560000, 0x00000000e5560000, 0x00000000e6ab0000)
  to   space 21824K,   0% used [0x00000000e6ab0000, 0x00000000e6ab0000, 0x00000000e8000000)
 concurrent mark-sweep generation total 393216K, used 0K [0x00000000e8000000, 0x0000000100000000, 0x0000000100000000)
 Metaspace       used 10063K, capacity 10236K, committed 10496K, reserved 1058816K
  class space    used 1124K, capacity 1176K, committed 1280K, reserved 1048576K
2017-06-27T18:32:25.494+0200: 0,487: [GC (Allocation Failure) 2017-06-27T18:32:25.494+0200: 0,487: [ParNew
Desired survivor size 20112992 bytes, new threshold 8 (max 8)
- age   1:    5795352 bytes,    5795352 total
: 87424K->5720K(109248K), 0,0055253 secs] 87424K->5720K(502464K), 0,0056051 secs] [Times: user=0,01 sys=0,01, real=0,01 secs] 
Heap after GC invocations=1 (full 0):
 par new generation   total 109248K, used 5720K [0x00000000e0000000, 0x00000000e8000000, 0x00000000e8000000)
  eden space 87424K,   0% used [0x00000000e0000000, 0x00000000e0000000, 0x00000000e5560000)
  from space 21824K,  26% used [0x00000000e6ab0000, 0x00000000e7046170, 0x00000000e8000000)
  to   space 21824K,   0% used [0x00000000e5560000, 0x00000000e5560000, 0x00000000e6ab0000)
 concurrent mark-sweep generation total 393216K, used 0K [0x00000000e8000000, 0x0000000100000000, 0x0000000100000000)
 Metaspace       used 10063K, capacity 10236K, committed 10496K, reserved 1058816K
  class space    used 1124K, capacity 1176K, committed 1280K, reserved 1048576K
}
2017-06-27T18:32:25.500+0200: 0,492: Total time for which application threads were stopped: 0,0057480 seconds, Stopping threads took: 0,0000174 seconds
2017-06-27T18:32:25.545+0200: 0,538: Total time for which application threads were stopped: 0,0001426 seconds, Stopping threads took: 0,0000161 seconds
2017-06-27T18:32:25.573+0200: 0,566: Total time for which application threads were stopped: 0,0001421 seconds, Stopping threads took: 0,0000152 seconds
2017-06-27T18:32:25.645+0200: 0,637: Total time for which application threads were stopped: 0,0001661 seconds, Stopping threads took: 0,0000141 seconds
2017-06-27T18:32:25.657+0200: 0,650: Total time for which application threads were stopped: 0,0001420 seconds, Stopping threads took: 0,0000128 seconds
2017-06-27T18:32:25.673+0200: 0,665: Total time for which application threads were stopped: 0,0001461 seconds, Stopping threads took: 0,0000142 seconds
2017-06-27T18:32:25.673+0200: 0,666: Total time for which application threads were stopped: 0,0000584 seconds, Stopping threads took: 0,0000078 seconds
2017-06-27T18:32:25.727+0200: 0,719: Total time for which application threads were stopped: 0,0001936 seconds, Stopping threads took: 0,0000154 seconds
2017-06-27T18:32:25.835+0200: 0,828: Total time for which application threads were stopped: 0,0003141 seconds, Stopping threads took: 0,0001202 seconds
{Heap before GC invocations=1 (full 0):
 par new generation   total 109248K, used 93144K [0x00000000e0000000, 0x00000000e8000000, 0x00000000e8000000)
  eden space 87424K, 100% used [0x00000000e0000000, 0x00000000e5560000, 0x00000000e5560000)
  from space 21824K,  26% used [0x00000000e6ab0000, 0x00000000e7046170, 0x00000000e8000000)
  to   space 21824K,   0% used [0x00000000e5560000, 0x00000000e5560000, 0x00000000e6ab0000)
 concurrent mark-sweep generation total 393216K, used 0K [0x00000000e8000000, 0x0000000100000000, 0x0000000100000000)
 Metaspace       used 18541K, capacity 18828K, committed 18944K, reserved 1067008K
  class space    used 2120K, capacity 2224K, committed 2304K, reserved 1048576K
2017-06-27T18:32:25.972+0200: 0,965: [GC (Allocation Failure) 2017-06-27T18:32:25.972+0200: 0,965: [ParNew
Desired survivor size 20112992 bytes, new threshold 8 (max 8)
- age   1:    9790984 bytes,    9790984 total
- age   2:    2511080 bytes,   12302064 total
: 93144K->13311K(109248K), 0,0070624 secs] 93144K->13311K(502464K), 0,0071393 secs] [Times: user=0,01 sys=0,02, real=0,01 secs] 
Heap after GC invocations=2 (full 0):
 par new generation   total 109248K, used 13311K [0x00000000e0000000, 0x00000000e8000000, 0x00000000e8000000)
  eden space 87424K,   0% used [0x00000000e0000000, 0x00000000e0000000, 0x00000000e5560000)
  from space 21824K,  60% used [0x00000000e5560000, 0x00000000e625fca0, 0x00000000e6ab0000)
  to   space 21824K,   0% used [0x00000000e6ab0000, 0x00000000e6ab0000, 0x00000000e8000000)
 concurrent mark-sweep generation total 393216K, used 0K [0x00000000e8000000, 0x0000000100000000, 0x0000000100000000)
 Metaspace       used 18541K, capacity 18828K, committed 18944K, reserved 1067008K
  class space    used 2120K, capacity 2224K, committed 2304K, reserved 1048576K
}
2017-06-27T18:32:25.980+0200: 0,972: Total time for which application threads were stopped: 0,0073242 seconds, Stopping threads took: 0,0000342 seconds
2017-06-27T18:32:26.035+0200: 1,028: Total time for which application threads were stopped: 0,0002835 seconds, Stopping threads took: 0,0000393 seconds
2017-06-27T18:32:26.049+0200: 1,042: Total time for which application threads were stopped: 0,0002568 seconds, Stopping threads took: 0,0000343 seconds
2017-06-27T18:32:26.059+0200: 1,052: Total time for which application threads were stopped: 0,0002977 seconds, Stopping threads took: 0,0000575 seconds
{Heap before GC invocations=2 (full 0):
 par new generation   total 109248K, used 100735K [0x00000000e0000000, 0x00000000e8000000, 0x00000000e8000000)
  eden space 87424K, 100% used [0x00000000e0000000, 0x00000000e5560000, 0x00000000e5560000)
  from space 21824K,  60% used [0x00000000e5560000, 0x00000000e625fca0, 0x00000000e6ab0000)
  to   space 21824K,   0% used [0x00000000e6ab0000, 0x00000000e6ab0000, 0x00000000e8000000)
 concurrent mark-sweep generation total 393216K, used 0K [0x00000000e8000000, 0x0000000100000000, 0x0000000100000000)
 Metaspace       used 19337K, capacity 19660K, committed 19840K, reserved 1067008K
  class space    used 2206K, capacity 2352K, committed 2432K, reserved 1048576K
2017-06-27T18:32:26.087+0200: 1,079: [GC (Allocation Failure) 2017-06-27T18:32:26.087+0200: 1,079: [ParNew
Desired survivor size 20112992 bytes, new threshold 8 (max 8)
- age   1:    1145176 bytes,    1145176 total
- age   2:    4089304 bytes,    5234480 total
- age   3:    2506720 bytes,    7741200 total
: 100735K->12451K(109248K), 0,0076418 secs] 100735K->12451K(502464K), 0,0077274 secs] [Times: user=0,04 sys=0,00, real=0,00 secs] 
Heap after GC invocations=3 (full 0):
 par new generation   total 109248K, used 12451K [0x00000000e0000000, 0x00000000e8000000, 0x00000000e8000000)
  eden space 87424K,   0% used [0x00000000e0000000, 0x00000000e0000000, 0x00000000e5560000)
  from space 21824K,  57% used [0x00000000e6ab0000, 0x00000000e76d8d00, 0x00000000e8000000)
  to   space 21824K,   0% used [0x00000000e5560000, 0x00000000e5560000, 0x00000000e6ab0000)
 concurrent mark-sweep generation total 393216K, used 0K [0x00000000e8000000, 0x0000000100000000, 0x0000000100000000)
 Metaspace       used 19337K, capacity 19660K, committed 19840K, reserved 1067008K
  class space    used 2206K, capacity 2352K, committed 2432K, reserved 1048576K
}
2017-06-27T18:32:26.095+0200: 1,087: Total time for which application threads were stopped: 0,0096453 seconds, Stopping threads took: 0,0017325 seconds
{Heap before GC invocations=3 (full 0):
 par new generation   total 109248K, used 99871K [0x00000000e0000000, 0x00000000e8000000, 0x00000000e8000000)
  eden space 87424K,  99% used [0x00000000e0000000, 0x00000000e555ef08, 0x00000000e5560000)
  from space 21824K,  57% used [0x00000000e6ab0000, 0x00000000e76d8d00, 0x00000000e8000000)
  to   space 21824K,   0% used [0x00000000e5560000, 0x00000000e5560000, 0x00000000e6ab0000)
 concurrent mark-sweep generation total 393216K, used 0K [0x00000000e8000000, 0x0000000100000000, 0x0000000100000000)
 Metaspace       used 20147K, capacity 20516K, committed 20608K, reserved 1067008K
  class space    used 2297K, capacity 2420K, committed 2432K, reserved 1048576K
2017-06-27T18:32:26.203+0200: 1,195: [GC (Allocation Failure) 2017-06-27T18:32:26.203+0200: 1,195: [ParNew
Desired survivor size 20112992 bytes, new threshold 8 (max 8)
- age   1:    3211240 bytes,    3211240 total
- age   2:     417736 bytes,    3628976 total
- age   3:    4083080 bytes,    7712056 total
- age   4:    2506720 bytes,   10218776 total
: 99871K->12045K(109248K), 0,0086124 secs] 99871K->12045K(502464K), 0,0086898 secs] [Times: user=0,05 sys=0,00, real=0,01 secs] 
Heap after GC invocations=4 (full 0):
 par new generation   total 109248K, used 12045K [0x00000000e0000000, 0x00000000e8000000, 0x00000000e8000000)
  eden space 87424K,   0% used [0x00000000e0000000, 0x00000000e0000000, 0x00000000e5560000)
  from space 21824K,  55% used [0x00000000e5560000, 0x00000000e6123610, 0x00000000e6ab0000)
  to   space 21824K,   0% used [0x00000000e6ab0000, 0x00000000e6ab0000, 0x00000000e8000000)
 concurrent mark-sweep generation total 393216K, used 0K [0x00000000e8000000, 0x0000000100000000, 0x0000000100000000)
 Metaspace       used 20147K, capacity 20516K, committed 20608K, reserved 1067008K
  class space    used 2297K, capacity 2420K, committed 2432K, reserved 1048576K
}
2017-06-27T18:32:26.212+0200: 1,204: Total time for which application threads were stopped: 0,0089348 seconds, Stopping threads took: 0,0000772 seconds
2017-06-27T18:32:26.271+0200: 1,264: Total time for which application threads were stopped: 0,0001001 seconds, Stopping threads took: 0,0000264 seconds
2017-06-27T18:32:26.282+0200: 1,275: Total time for which application threads were stopped: 0,0000772 seconds, Stopping threads took: 0,0000176 seconds
2017-06-27T18:32:26.283+0200: 1,275: Total time for which application threads were stopped: 0,0002438 seconds, Stopping threads took: 0,0000160 seconds
2017-06-27T18:32:26.297+0200: 1,290: Total time for which application threads were stopped: 0,0001213 seconds, Stopping threads took: 0,0000640 seconds
2017-06-27T18:32:26.297+0200: 1,290: Total time for which application threads were stopped: 0,0001240 seconds, Stopping threads took: 0,0000807 seconds
{Heap before GC invocations=4 (full 0):
 par new generation   total 109248K, used 99469K [0x00000000e0000000, 0x00000000e8000000, 0x00000000e8000000)
  eden space 87424K, 100% used [0x00000000e0000000, 0x00000000e5560000, 0x00000000e5560000)
  from space 21824K,  55% used [0x00000000e5560000, 0x00000000e6123610, 0x00000000e6ab0000)
  to   space 21824K,   0% used [0x00000000e6ab0000, 0x00000000e6ab0000, 0x00000000e8000000)
 concurrent mark-sweep generation total 393216K, used 0K [0x00000000e8000000, 0x0000000100000000, 0x0000000100000000)
 Metaspace       used 21749K, capacity 22122K, committed 22292K, reserved 1069056K
  class space    used 2491K, capacity 2639K, committed 2712K, reserved 1048576K
2017-06-27T18:32:26.308+0200: 1,301: [GC (Allocation Failure) 2017-06-27T18:32:26.308+0200: 1,301: [ParNew
Desired survivor size 20112992 bytes, new threshold 8 (max 8)
- age   1:    1340000 bytes,    1340000 total
- age   2:    1840728 bytes,    3180728 total
- age   3:     229792 bytes,    3410520 total
- age   4:    4082016 bytes,    7492536 total
- age   5:    2507024 bytes,    9999560 total
: 99469K->15014K(109248K), 0,0059067 secs] 99469K->15014K(502464K), 0,0059871 secs] [Times: user=0,02 sys=0,00, real=0,00 secs] 
Heap after GC invocations=5 (full 0):
 par new generation   total 109248K, used 15014K [0x00000000e0000000, 0x00000000e8000000, 0x00000000e8000000)
  eden space 87424K,   0% used [0x00000000e0000000, 0x00000000e0000000, 0x00000000e5560000)
  from space 21824K,  68% used [0x00000000e6ab0000, 0x00000000e79598b8, 0x00000000e8000000)
  to   space 21824K,   0% used [0x00000000e5560000, 0x00000000e5560000, 0x00000000e6ab0000)
 concurrent mark-sweep generation total 393216K, used 0K [0x00000000e8000000, 0x0000000100000000, 0x0000000100000000)
 Metaspace       used 21749K, capacity 22122K, committed 22292K, reserved 1069056K
  class space    used 2491K, capacity 2639K, committed 2712K, reserved 1048576K
}
2017-06-27T18:32:26.314+0200: 1,307: Total time for which application threads were stopped: 0,0061654 seconds, Stopping threads took: 0,0000457 seconds
2017-06-27T18:32:26.315+0200: 1,307: [GC (CMS Initial Mark) [1 CMS-initial-mark: 0K(393216K)] 15672K(502464K), 0,0019308 secs] [Times: user=0,01 sys=0,00, real=0,01 secs] 
2017-06-27T18:32:26.317+0200: 1,309: Total time for which application threads were stopped: 0,0020708 seconds, Stopping threads took: 0,0000623 seconds
2017-06-27T18:32:26.317+0200: 1,309: [CMS-concurrent-mark-start]
2017-06-27T18:32:26.317+0200: 1,309: [CMS-concurrent-mark: 0,000/0,000 secs] [Times: user=0,00 sys=0,00, real=0,00 secs] 
2017-06-27T18:32:26.317+0200: 1,310: [CMS-concurrent-preclean-start]
2017-06-27T18:32:26.318+0200: 1,310: [CMS-concurrent-preclean: 0,001/0,001 secs] [Times: user=0,00 sys=0,00, real=0,00 secs] 
2017-06-27T18:32:26.318+0200: 1,310: [GC (CMS Final Remark) [YG occupancy: 16893 K (109248 K)]{Heap before GC invocations=5 (full 1):
 par new generation   total 109248K, used 16893K [0x00000000e0000000, 0x00000000e8000000, 0x00000000e8000000)
  eden space 87424K,   2% used [0x00000000e0000000, 0x00000000e01d5bd8, 0x00000000e5560000)
  from space 21824K,  68% used [0x00000000e6ab0000, 0x00000000e79598b8, 0x00000000e8000000)
  to   space 21824K,   0% used [0x00000000e5560000, 0x00000000e5560000, 0x00000000e6ab0000)
 concurrent mark-sweep generation total 393216K, used 0K [0x00000000e8000000, 0x0000000100000000, 0x0000000100000000)
 Metaspace       used 21763K, capacity 22122K, committed 22292K, reserved 1069056K
  class space    used 2494K, capacity 2639K, committed 2712K, reserved 1048576K
2017-06-27T18:32:26.318+0200: 1,310: [GC (CMS Final Remark) 2017-06-27T18:32:26.318+0200: 1,310: [ParNew
Desired survivor size 20112992 bytes, new threshold 8 (max 8)
- age   1:     512488 bytes,     512488 total
- age   2:     458944 bytes,     971432 total
- age   3:    1840728 bytes,    2812160 total
- age   4:     229792 bytes,    3041952 total
- age   5:    4082368 bytes,    7124320 total
- age   6:    2507248 bytes,    9631568 total
: 16893K->11465K(109248K), 0,0058905 secs] 16893K->11465K(502464K), 0,0059434 secs] [Times: user=0,02 sys=0,00, real=0,00 secs] 
Heap after GC invocations=6 (full 1):
 par new generation   total 109248K, used 11465K [0x00000000e0000000, 0x00000000e8000000, 0x00000000e8000000)
  eden space 87424K,   0% used [0x00000000e0000000, 0x00000000e0000000, 0x00000000e5560000)
  from space 21824K,  52% used [0x00000000e5560000, 0x00000000e60924a0, 0x00000000e6ab0000)
  to   space 21824K,   0% used [0x00000000e6ab0000, 0x00000000e6ab0000, 0x00000000e8000000)
 concurrent mark-sweep generation total 393216K, used 0K [0x00000000e8000000, 0x0000000100000000, 0x0000000100000000)
 Metaspace       used 21763K, capacity 22122K, committed 22292K, reserved 1069056K
  class space    used 2494K, capacity 2639K, committed 2712K, reserved 1048576K
}
2017-06-27T18:32:26.324+0200: 1,316: [Rescan (parallel) , 0,0018647 secs]2017-06-27T18:32:26.326+0200: 1,318: [weak refs processing, 0,0002552 secs]2017-06-27T18:32:26.326+0200: 1,318: [class unloading, 0,0023329 secs]2017-06-27T18:32:26.328+0200: 1,321: [scrub symbol table, 0,0020765 secs]2017-06-27T18:32:26.330+0200: 1,323: [scrub string table, 0,0003188 secs][1 CMS-remark: 0K(393216K)] 11465K(502464K), 0,0134218 secs] [Times: user=0,04 sys=0,00, real=0,01 secs] 
2017-06-27T18:32:26.331+0200: 1,324: Total time for which application threads were stopped: 0,0135514 seconds, Stopping threads took: 0,0000653 seconds
2017-06-27T18:32:26.331+0200: 1,324: [CMS-concurrent-sweep-start]
2017-06-27T18:32:26.331+0200: 1,324: [CMS-concurrent-sweep: 0,000/0,000 secs] [Times: user=0,00 sys=0,00, real=0,00 secs] 
2017-06-27T18:32:26.331+0200: 1,324: [CMS-concurrent-reset-start]
2017-06-27T18:32:26.333+0200: 1,325: [CMS-concurrent-reset: 0,001/0,001 secs] [Times: user=0,01 sys=0,00, real=0,00 secs] 
2017-06-27T18:32:26.410+0200: 1,403: Total time for which application threads were stopped: 0,0004046 seconds, Stopping threads took: 0,0000374 seconds
{Heap before GC invocations=6 (full 1):
 par new generation   total 109248K, used 98889K [0x00000000e0000000, 0x00000000e8000000, 0x00000000e8000000)
  eden space 87424K, 100% used [0x00000000e0000000, 0x00000000e5560000, 0x00000000e5560000)
  from space 21824K,  52% used [0x00000000e5560000, 0x00000000e60924a0, 0x00000000e6ab0000)
  to   space 21824K,   0% used [0x00000000e6ab0000, 0x00000000e6ab0000, 0x00000000e8000000)
 concurrent mark-sweep generation total 393216K, used 0K [0x00000000e8000000, 0x0000000100000000, 0x0000000100000000)
 Metaspace       used 23649K, capacity 23994K, committed 24216K, reserved 1071104K
  class space    used 2768K, capacity 2917K, committed 2968K, reserved 1048576K
2017-06-27T18:32:26.477+0200: 1,470: [GC (Allocation Failure) 2017-06-27T18:32:26.477+0200: 1,470: [ParNew
Desired survivor size 20112992 bytes, new threshold 8 (max 8)
- age   1:    2151896 bytes,    2151896 total
- age   2:        792 bytes,    2152688 total
- age   3:     359568 bytes,    2512256 total
- age   4:    1840096 bytes,    4352352 total
- age   5:     228256 bytes,    4580608 total
- age   6:    4075976 bytes,    8656584 total
- age   7:    2506624 bytes,   11163208 total
: 98889K->14350K(109248K), 0,0059544 secs] 98889K->14350K(502464K), 0,0060190 secs] [Times: user=0,02 sys=0,00, real=0,00 secs] 
Heap after GC invocations=7 (full 1):
 par new generation   total 109248K, used 14350K [0x00000000e0000000, 0x00000000e8000000, 0x00000000e8000000)
  eden space 87424K,   0% used [0x00000000e0000000, 0x00000000e0000000, 0x00000000e5560000)
  from space 21824K,  65% used [0x00000000e6ab0000, 0x00000000e78b38a8, 0x00000000e8000000)
  to   space 21824K,   0% used [0x00000000e5560000, 0x00000000e5560000, 0x00000000e6ab0000)
 concurrent mark-sweep generation total 393216K, used 0K [0x00000000e8000000, 0x0000000100000000, 0x0000000100000000)
 Metaspace       used 23649K, capacity 23994K, committed 24216K, reserved 1071104K
  class space    used 2768K, capacity 2917K, committed 2968K, reserved 1048576K
}
2017-06-27T18:32:26.483+0200: 1,476: Total time for which application threads were stopped: 0,0061747 seconds, Stopping threads took: 0,0000307 seconds
2017-06-27T18:32:26.594+0200: 1,586: Total time for which application threads were stopped: 0,0003733 seconds, Stopping threads took: 0,0000368 seconds
2017-06-27T18:32:26.642+0200: 1,635: Total time for which application threads were stopped: 0,0003050 seconds, Stopping threads took: 0,0000246 seconds
{Heap before GC invocations=7 (full 1):
 par new generation   total 109248K, used 101774K [0x00000000e0000000, 0x00000000e8000000, 0x00000000e8000000)
  eden space 87424K, 100% used [0x00000000e0000000, 0x00000000e5560000, 0x00000000e5560000)
  from space 21824K,  65% used [0x00000000e6ab0000, 0x00000000e78b38a8, 0x00000000e8000000)
  to   space 21824K,   0% used [0x00000000e5560000, 0x00000000e5560000, 0x00000000e6ab0000)
 concurrent mark-sweep generation total 393216K, used 0K [0x00000000e8000000, 0x0000000100000000, 0x0000000100000000)
 Metaspace       used 27251K, capacity 27642K, committed 27928K, reserved 1073152K
  class space    used 3125K, capacity 3283K, committed 3352K, reserved 1048576K
2017-06-27T18:32:26.725+0200: 1,718: [GC (Allocation Failure) 2017-06-27T18:32:26.725+0200: 1,718: [ParNew
Desired survivor size 20112992 bytes, new threshold 8 (max 8)
- age   1:   13352168 bytes,   13352168 total
- age   2:     646568 bytes,   13998736 total
- age   3:        792 bytes,   13999528 total
- age   4:     356856 bytes,   14356384 total
- age   5:    1156848 bytes,   15513232 total
- age   6:     220824 bytes,   15734056 total
- age   7:    4063056 bytes,   19797112 total
- age   8:    2506472 bytes,   22303584 total
: 101774K->21824K(109248K), 0,0135249 secs] 101774K->23627K(502464K), 0,0136076 secs] [Times: user=0,07 sys=0,00, real=0,02 secs] 
Heap after GC invocations=8 (full 1):
 par new generation   total 109248K, used 21824K [0x00000000e0000000, 0x00000000e8000000, 0x00000000e8000000)
  eden space 87424K,   0% used [0x00000000e0000000, 0x00000000e0000000, 0x00000000e5560000)
  from space 21824K, 100% used [0x00000000e5560000, 0x00000000e6ab0000, 0x00000000e6ab0000)
  to   space 21824K,   0% used [0x00000000e6ab0000, 0x00000000e6ab0000, 0x00000000e8000000)
 concurrent mark-sweep generation total 393216K, used 1803K [0x00000000e8000000, 0x0000000100000000, 0x0000000100000000)
 Metaspace       used 27251K, capacity 27642K, committed 27928K, reserved 1073152K
  class space    used 3125K, capacity 3283K, committed 3352K, reserved 1048576K
}
2017-06-27T18:32:26.739+0200: 1,732: Total time for which application threads were stopped: 0,0138887 seconds, Stopping threads took: 0,0000674 seconds
2017-06-27T18:32:26.757+0200: 1,750: Total time for which application threads were stopped: 0,0004458 seconds, Stopping threads took: 0,0000736 seconds
{Heap before GC invocations=8 (full 1):
 par new generation   total 109248K, used 109231K [0x00000000e0000000, 0x00000000e8000000, 0x00000000e8000000)
  eden space 87424K,  99% used [0x00000000e0000000, 0x00000000e555bf98, 0x00000000e5560000)
  from space 21824K, 100% used [0x00000000e5560000, 0x00000000e6ab0000, 0x00000000e6ab0000)
  to   space 21824K,   0% used [0x00000000e6ab0000, 0x00000000e6ab0000, 0x00000000e8000000)
 concurrent mark-sweep generation total 393216K, used 1803K [0x00000000e8000000, 0x0000000100000000, 0x0000000100000000)
 Metaspace       used 27611K, capacity 27930K, committed 28184K, reserved 1075200K
  class space    used 3172K, capacity 3315K, committed 3352K, reserved 1048576K
2017-06-27T18:32:26.787+0200: 1,780: [GC (Allocation Failure) 2017-06-27T18:32:26.787+0200: 1,780: [ParNew
Desired survivor size 20112992 bytes, new threshold 8 (max 8)
- age   1:    1946216 bytes,    1946216 total
- age   2:   11097024 bytes,   13043240 total
- age   3:     646568 bytes,   13689808 total
- age   4:        792 bytes,   13690600 total
- age   5:     356856 bytes,   14047456 total
- age   6:    1156832 bytes,   15204288 total
- age   7:     220760 bytes,   15425048 total
- age   8:    4063056 bytes,   19488104 total
: 109231K->21824K(109248K), 0,0141011 secs] 111035K->26105K(502464K), 0,0141761 secs] [Times: user=0,05 sys=0,00, real=0,01 secs] 
Heap after GC invocations=9 (full 1):
 par new generation   total 109248K, used 21824K [0x00000000e0000000, 0x00000000e8000000, 0x00000000e8000000)
  eden space 87424K,   0% used [0x00000000e0000000, 0x00000000e0000000, 0x00000000e5560000)
  from space 21824K, 100% used [0x00000000e6ab0000, 0x00000000e8000000, 0x00000000e8000000)
  to   space 21824K,   0% used [0x00000000e5560000, 0x00000000e5560000, 0x00000000e6ab0000)
 concurrent mark-sweep generation total 393216K, used 4281K [0x00000000e8000000, 0x0000000100000000, 0x0000000100000000)
 Metaspace       used 27611K, capacity 27930K, committed 28184K, reserved 1075200K
  class space    used 3172K, capacity 3315K, committed 3352K, reserved 1048576K
}
2017-06-27T18:32:26.801+0200: 1,794: Total time for which application threads were stopped: 0,0144275 seconds, Stopping threads took: 0,0001126 seconds
{Heap before GC invocations=9 (full 1):
 par new generation   total 109248K, used 109248K [0x00000000e0000000, 0x00000000e8000000, 0x00000000e8000000)
  eden space 87424K, 100% used [0x00000000e0000000, 0x00000000e5560000, 0x00000000e5560000)
  from space 21824K, 100% used [0x00000000e6ab0000, 0x00000000e8000000, 0x00000000e8000000)
  to   space 21824K,   0% used [0x00000000e5560000, 0x00000000e5560000, 0x00000000e6ab0000)
 concurrent mark-sweep generation total 393216K, used 4281K [0x00000000e8000000, 0x0000000100000000, 0x0000000100000000)
 Metaspace       used 27650K, capacity 28076K, committed 28440K, reserved 1075200K
  class space    used 3175K, capacity 3318K, committed 3352K, reserved 1048576K
2017-06-27T18:32:26.829+0200: 1,821: [GC (Allocation Failure) 2017-06-27T18:32:26.829+0200: 1,821: [ParNew
Desired survivor size 20112992 bytes, new threshold 8 (max 8)
- age   1:    1168080 bytes,    1168080 total
- age   2:    1390496 bytes,    2558576 total
- age   3:   10783552 bytes,   13342128 total
- age   4:     619840 bytes,   13961968 total
- age   5:        792 bytes,   13962760 total
- age   6:     344232 bytes,   14306992 total
- age   7:    1144448 bytes,   15451440 total
- age   8:     220712 bytes,   15672152 total
: 109248K->21824K(109248K), 0,0126747 secs] 113529K->30466K(502464K), 0,0127471 secs] [Times: user=0,05 sys=0,00, real=0,01 secs] 
Heap after GC invocations=10 (full 1):
 par new generation   total 109248K, used 21824K [0x00000000e0000000, 0x00000000e8000000, 0x00000000e8000000)
  eden space 87424K,   0% used [0x00000000e0000000, 0x00000000e0000000, 0x00000000e5560000)
  from space 21824K, 100% used [0x00000000e5560000, 0x00000000e6ab0000, 0x00000000e6ab0000)
  to   space 21824K,   0% used [0x00000000e6ab0000, 0x00000000e6ab0000, 0x00000000e8000000)
 concurrent mark-sweep generation total 393216K, used 8642K [0x00000000e8000000, 0x0000000100000000, 0x0000000100000000)
 Metaspace       used 27650K, capacity 28076K, committed 28440K, reserved 1075200K
  class space    used 3175K, capacity 3318K, committed 3352K, reserved 1048576K
}
2017-06-27T18:32:26.842+0200: 1,834: Total time for which application threads were stopped: 0,0129585 seconds, Stopping threads took: 0,0000718 seconds
{Heap before GC invocations=10 (full 1):
 par new generation   total 109248K, used 109244K [0x00000000e0000000, 0x00000000e8000000, 0x00000000e8000000)
  eden space 87424K,  99% used [0x00000000e0000000, 0x00000000e555f110, 0x00000000e5560000)
  from space 21824K, 100% used [0x00000000e5560000, 0x00000000e6ab0000, 0x00000000e6ab0000)
  to   space 21824K,   0% used [0x00000000e6ab0000, 0x00000000e6ab0000, 0x00000000e8000000)
 concurrent mark-sweep generation total 393216K, used 8642K [0x00000000e8000000, 0x0000000100000000, 0x0000000100000000)
 Metaspace       used 27653K, capacity 28076K, committed 28440K, reserved 1075200K
  class space    used 3175K, capacity 3318K, committed 3352K, reserved 1048576K
2017-06-27T18:32:26.869+0200: 1,862: [GC (Allocation Failure) 2017-06-27T18:32:26.869+0200: 1,862: [ParNew
Desired survivor size 20112992 bytes, new threshold 8 (max 8)
- age   1:     803736 bytes,     803736 total
- age   2:    1005776 bytes,    1809512 total
- age   3:    1390496 bytes,    3200008 total
- age   4:   10774104 bytes,   13974112 total
- age   5:     619840 bytes,   14593952 total
- age   6:        792 bytes,   14594744 total
- age   7:     344256 bytes,   14939000 total
- age   8:    1144448 bytes,   16083448 total
: 109244K->20645K(109248K), 0,0092276 secs] 117887K->29507K(502464K), 0,0093056 secs] [Times: user=0,04 sys=0,00, real=0,01 secs] 
Heap after GC invocations=11 (full 1):
 par new generation   total 109248K, used 20645K [0x00000000e0000000, 0x00000000e8000000, 0x00000000e8000000)
  eden space 87424K,   0% used [0x00000000e0000000, 0x00000000e0000000, 0x00000000e5560000)
  from space 21824K,  94% used [0x00000000e6ab0000, 0x00000000e7ed94c0, 0x00000000e8000000)
  to   space 21824K,   0% used [0x00000000e5560000, 0x00000000e5560000, 0x00000000e6ab0000)
 concurrent mark-sweep generation total 393216K, used 8862K [0x00000000e8000000, 0x0000000100000000, 0x0000000100000000)
 Metaspace       used 27653K, capacity 28076K, committed 28440K, reserved 1075200K
  class space    used 3175K, capacity 3318K, committed 3352K, reserved 1048576K
}
2017-06-27T18:32:26.879+0200: 1,871: Total time for which application threads were stopped: 0,0094869 seconds, Stopping threads took: 0,0000528 seconds
{Heap before GC invocations=11 (full 1):
 par new generation   total 109248K, used 108069K [0x00000000e0000000, 0x00000000e8000000, 0x00000000e8000000)
  eden space 87424K, 100% used [0x00000000e0000000, 0x00000000e5560000, 0x00000000e5560000)
  from space 21824K,  94% used [0x00000000e6ab0000, 0x00000000e7ed94c0, 0x00000000e8000000)
  to   space 21824K,   0% used [0x00000000e5560000, 0x00000000e5560000, 0x00000000e6ab0000)
 concurrent mark-sweep generation total 393216K, used 8862K [0x00000000e8000000, 0x0000000100000000, 0x0000000100000000)
 Metaspace       used 27673K, capacity 28088K, committed 28440K, reserved 1075200K
  class space    used 3176K, capacity 3320K, committed 3352K, reserved 1048576K
2017-06-27T18:32:26.908+0200: 1,901: [GC (Allocation Failure) 2017-06-27T18:32:26.908+0200: 1,901: [ParNew
Desired survivor size 20112992 bytes, new threshold 8 (max 8)
- age   1:     852208 bytes,     852208 total
- age   2:      70520 bytes,     922728 total
- age   3:    1005720 bytes,    1928448 total
- age   4:    1390496 bytes,    3318944 total
- age   5:   10773808 bytes,   14092752 total
- age   6:     619736 bytes,   14712488 total
- age   7:        792 bytes,   14713280 total
- age   8:     344128 bytes,   15057408 total
: 108069K->19116K(109248K), 0,0086688 secs] 116931K->29101K(502464K), 0,0087374 secs] [Times: user=0,04 sys=0,00, real=0,01 secs] 
Heap after GC invocations=12 (full 1):
 par new generation   total 109248K, used 19116K [0x00000000e0000000, 0x00000000e8000000, 0x00000000e8000000)
  eden space 87424K,   0% used [0x00000000e0000000, 0x00000000e0000000, 0x00000000e5560000)
  from space 21824K,  87% used [0x00000000e5560000, 0x00000000e680b3d0, 0x00000000e6ab0000)
  to   space 21824K,   0% used [0x00000000e6ab0000, 0x00000000e6ab0000, 0x00000000e8000000)
 concurrent mark-sweep generation total 393216K, used 9984K [0x00000000e8000000, 0x0000000100000000, 0x0000000100000000)
 Metaspace       used 27673K, capacity 28088K, committed 28440K, reserved 1075200K
  class space    used 3176K, capacity 3320K, committed 3352K, reserved 1048576K
}
2017-06-27T18:32:26.917+0200: 1,910: Total time for which application threads were stopped: 0,0089025 seconds, Stopping threads took: 0,0000436 seconds
{Heap before GC invocations=12 (full 1):
 par new generation   total 109248K, used 106535K [0x00000000e0000000, 0x00000000e8000000, 0x00000000e8000000)
  eden space 87424K,  99% used [0x00000000e0000000, 0x00000000e555eb40, 0x00000000e5560000)
  from space 21824K,  87% used [0x00000000e5560000, 0x00000000e680b3d0, 0x00000000e6ab0000)
  to   space 21824K,   0% used [0x00000000e6ab0000, 0x00000000e6ab0000, 0x00000000e8000000)
 concurrent mark-sweep generation total 393216K, used 9984K [0x00000000e8000000, 0x0000000100000000, 0x0000000100000000)
 Metaspace       used 27740K, capacity 28164K, committed 28440K, reserved 1075200K
  class space    used 3178K, capacity 3323K, committed 3352K, reserved 1048576K
2017-06-27T18:32:26.958+0200: 1,950: [GC (Allocation Failure) 2017-06-27T18:32:26.958+0200: 1,950: [ParNew
Desired survivor size 20112992 bytes, new threshold 8 (max 8)
- age   1:     487944 bytes,     487944 total
- age   2:      73832 bytes,     561776 total
- age   3:      69864 bytes,     631640 total
- age   4:    1005168 bytes,    1636808 total
- age   5:     837568 bytes,    2474376 total
- age   6:   10771808 bytes,   13246184 total
- age   7:     619736 bytes,   13865920 total
- age   8:        792 bytes,   13866712 total
: 106535K->15807K(109248K), 0,0101872 secs] 116520K->26133K(502464K), 0,0102548 secs] [Times: user=0,05 sys=0,00, real=0,01 secs] 
Heap after GC invocations=13 (full 1):
 par new generation   total 109248K, used 15807K [0x00000000e0000000, 0x00000000e8000000, 0x00000000e8000000)
  eden space 87424K,   0% used [0x00000000e0000000, 0x00000000e0000000, 0x00000000e5560000)
  from space 21824K,  72% used [0x00000000e6ab0000, 0x00000000e7a1fe50, 0x00000000e8000000)
  to   space 21824K,   0% used [0x00000000e5560000, 0x00000000e5560000, 0x00000000e6ab0000)
 concurrent mark-sweep generation total 393216K, used 10325K [0x00000000e8000000, 0x0000000100000000, 0x0000000100000000)
 Metaspace       used 27740K, capacity 28164K, committed 28440K, reserved 1075200K
  class space    used 3178K, capacity 3323K, committed 3352K, reserved 1048576K
}
2017-06-27T18:32:26.968+0200: 1,960: Total time for which application threads were stopped: 0,0104452 seconds, Stopping threads took: 0,0000488 seconds
{Heap before GC invocations=13 (full 1):
 par new generation   total 109248K, used 103231K [0x00000000e0000000, 0x00000000e8000000, 0x00000000e8000000)
  eden space 87424K, 100% used [0x00000000e0000000, 0x00000000e5560000, 0x00000000e5560000)
  from space 21824K,  72% used [0x00000000e6ab0000, 0x00000000e7a1fe50, 0x00000000e8000000)
  to   space 21824K,   0% used [0x00000000e5560000, 0x00000000e5560000, 0x00000000e6ab0000)
 concurrent mark-sweep generation total 393216K, used 10325K [0x00000000e8000000, 0x0000000100000000, 0x0000000100000000)
 Metaspace       used 27849K, capacity 28234K, committed 28440K, reserved 1075200K
  class space    used 3183K, capacity 3329K, committed 3352K, reserved 1048576K
2017-06-27T18:32:27.040+0200: 2,033: [GC (Allocation Failure) 2017-06-27T18:32:27.040+0200: 2,033: [ParNew
Desired survivor size 20112992 bytes, new threshold 8 (max 8)
- age   1:    2219776 bytes,    2219776 total
- age   2:     199312 bytes,    2419088 total
- age   3:      73232 bytes,    2492320 total
- age   4:      69264 bytes,    2561584 total
- age   5:     342544 bytes,    2904128 total
- age   6:     829656 bytes,    3733784 total
- age   7:   10770984 bytes,   14504768 total
- age   8:     619736 bytes,   15124504 total
: 103231K->20456K(109248K), 0,0108393 secs] 113557K->30782K(502464K), 0,0109101 secs] [Times: user=0,07 sys=0,00, real=0,01 secs] 
Heap after GC invocations=14 (full 1):
 par new generation   total 109248K, used 20456K [0x00000000e0000000, 0x00000000e8000000, 0x00000000e8000000)
  eden space 87424K,   0% used [0x00000000e0000000, 0x00000000e0000000, 0x00000000e5560000)
  from space 21824K,  93% used [0x00000000e5560000, 0x00000000e695a1c0, 0x00000000e6ab0000)
  to   space 21824K,   0% used [0x00000000e6ab0000, 0x00000000e6ab0000, 0x00000000e8000000)
 concurrent mark-sweep generation total 393216K, used 10326K [0x00000000e8000000, 0x0000000100000000, 0x0000000100000000)
 Metaspace       used 27849K, capacity 28234K, committed 28440K, reserved 1075200K
  class space    used 3183K, capacity 3329K, committed 3352K, reserved 1048576K
}
2017-06-27T18:32:27.051+0200: 2,044: Total time for which application threads were stopped: 0,0111656 seconds, Stopping threads took: 0,0000656 seconds
{Heap before GC invocations=14 (full 1):
 par new generation   total 109248K, used 107880K [0x00000000e0000000, 0x00000000e8000000, 0x00000000e8000000)
  eden space 87424K, 100% used [0x00000000e0000000, 0x00000000e5560000, 0x00000000e5560000)
  from space 21824K,  93% used [0x00000000e5560000, 0x00000000e695a1c0, 0x00000000e6ab0000)
  to   space 21824K,   0% used [0x00000000e6ab0000, 0x00000000e6ab0000, 0x00000000e8000000)
 concurrent mark-sweep generation total 393216K, used 10326K [0x00000000e8000000, 0x0000000100000000, 0x0000000100000000)
 Metaspace       used 28015K, capacity 28468K, committed 28696K, reserved 1075200K
  class space    used 3193K, capacity 3343K, committed 3352K, reserved 1048576K
2017-06-27T18:32:27.117+0200: 2,109: [GC (Allocation Failure) 2017-06-27T18:32:27.117+0200: 2,109: [ParNew
Desired survivor size 20112992 bytes, new threshold 8 (max 8)
- age   1:    5729232 bytes,    5729232 total
- age   2:    1050152 bytes,    6779384 total
- age   3:     199312 bytes,    6978696 total
- age   4:      73232 bytes,    7051928 total
- age   5:      69264 bytes,    7121192 total
- age   6:     125248 bytes,    7246440 total
- age   7:     325384 bytes,    7571824 total
- age   8:   10769216 bytes,   18341040 total
: 107880K->21824K(109248K), 0,0121856 secs] 118206K->32762K(502464K), 0,0122705 secs] [Times: user=0,07 sys=0,00, real=0,01 secs] 
Heap after GC invocations=15 (full 1):
 par new generation   total 109248K, used 21824K [0x00000000e0000000, 0x00000000e8000000, 0x00000000e8000000)
  eden space 87424K,   0% used [0x00000000e0000000, 0x00000000e0000000, 0x00000000e5560000)
  from space 21824K, 100% used [0x00000000e6ab0000, 0x00000000e8000000, 0x00000000e8000000)
  to   space 21824K,   0% used [0x00000000e5560000, 0x00000000e5560000, 0x00000000e6ab0000)
 concurrent mark-sweep generation total 393216K, used 10938K [0x00000000e8000000, 0x0000000100000000, 0x0000000100000000)
 Metaspace       used 28015K, capacity 28468K, committed 28696K, reserved 1075200K
  class space    used 3193K, capacity 3343K, committed 3352K, reserved 1048576K
}
2017-06-27T18:32:27.129+0200: 2,122: Total time for which application threads were stopped: 0,0125317 seconds, Stopping threads took: 0,0001088 seconds
{Heap before GC invocations=15 (full 1):
 par new generation   total 109248K, used 109248K [0x00000000e0000000, 0x00000000e8000000, 0x00000000e8000000)
  eden space 87424K, 100% used [0x00000000e0000000, 0x00000000e5560000, 0x00000000e5560000)
  from space 21824K, 100% used [0x00000000e6ab0000, 0x00000000e8000000, 0x00000000e8000000)
  to   space 21824K,   0% used [0x00000000e5560000, 0x00000000e5560000, 0x00000000e6ab0000)
 concurrent mark-sweep generation total 393216K, used 10938K [0x00000000e8000000, 0x0000000100000000, 0x0000000100000000)
 Metaspace       used 28104K, capacity 28480K, committed 28696K, reserved 1075200K
  class space    used 3199K, capacity 3350K, committed 3352K, reserved 1048576K
2017-06-27T18:32:27.229+0200: 2,221: [GC (Allocation Failure) 2017-06-27T18:32:27.229+0200: 2,221: [ParNew
Desired survivor size 20112992 bytes, new threshold 8 (max 8)
- age   1:     600480 bytes,     600480 total
- age   2:    4699240 bytes,    5299720 total
- age   3:    1040368 bytes,    6340088 total
- age   4:     199312 bytes,    6539400 total
- age   5:      73232 bytes,    6612632 total
- age   6:      69264 bytes,    6681896 total
- age   7:     125248 bytes,    6807144 total
- age   8:     325328 bytes,    7132472 total
: 109248K->17281K(109248K), 0,0196031 secs] 120186K->38762K(502464K), 0,0196721 secs] [Times: user=0,08 sys=0,01, real=0,02 secs] 
Heap after GC invocations=16 (full 1):
 par new generation   total 109248K, used 17281K [0x00000000e0000000, 0x00000000e8000000, 0x00000000e8000000)
  eden space 87424K,   0% used [0x00000000e0000000, 0x00000000e0000000, 0x00000000e5560000)
  from space 21824K,  79% used [0x00000000e5560000, 0x00000000e6640528, 0x00000000e6ab0000)
  to   space 21824K,   0% used [0x00000000e6ab0000, 0x00000000e6ab0000, 0x00000000e8000000)
 concurrent mark-sweep generation total 393216K, used 21481K [0x00000000e8000000, 0x0000000100000000, 0x0000000100000000)
 Metaspace       used 28104K, capacity 28480K, committed 28696K, reserved 1075200K
  class space    used 3199K, capacity 3350K, committed 3352K, reserved 1048576K
}
2017-06-27T18:32:27.248+0200: 2,241: Total time for which application threads were stopped: 0,0198480 seconds, Stopping threads took: 0,0000207 seconds
2017-06-27T18:32:28.249+0200: 3,241: Total time for which application threads were stopped: 0,0001347 seconds, Stopping threads took: 0,0000260 seconds
2017-06-27T18:32:29.053+0200: 4,045: Total time for which application threads were stopped: 0,0005042 seconds, Stopping threads took: 0,0000264 seconds
2017-06-27T18:32:36.361+0200: 11,353: Total time for which application threads were stopped: 0,0000939 seconds, Stopping threads took: 0,0000240 seconds
2017-06-27T18:32:36.365+0200: 11,358: Total time for which application threads were stopped: 0,0000772 seconds, Stopping threads took: 0,0000185 seconds
2017-06-27T18:32:36.395+0200: 11,387: Total time for which application threads were stopped: 0,0005423 seconds, Stopping threads took: 0,0000253 seconds
2017-06-27T18:32:38.187+0200: 13,180: Total time for which application threads were stopped: 0,0000935 seconds, Stopping threads took: 0,0000244 seconds
2017-06-27T18:32:38.237+0200: 13,229: Total time for which application threads were stopped: 0,0001207 seconds, Stopping threads took: 0,0000444 seconds
2017-06-27T18:32:38.237+0200: 13,230: Total time for which application threads were stopped: 0,0001462 seconds, Stopping threads took: 0,0001024 seconds
2017-06-27T18:32:38.237+0200: 13,230: Total time for which application threads were stopped: 0,0000685 seconds, Stopping threads took: 0,0000353 seconds
2017-06-27T18:32:38.238+0200: 13,231: Total time for which application threads were stopped: 0,0007402 seconds, Stopping threads took: 0,0006799 seconds
2017-06-27T18:32:38.239+0200: 13,231: Total time for which application threads were stopped: 0,0001016 seconds, Stopping threads took: 0,0000529 seconds
2017-06-27T18:32:38.239+0200: 13,231: Total time for which application threads were stopped: 0,0000996 seconds, Stopping threads took: 0,0000462 seconds
2017-06-27T18:32:38.240+0200: 13,232: Total time for which application threads were stopped: 0,0000996 seconds, Stopping threads took: 0,0000378 seconds
2017-06-27T18:32:38.243+0200: 13,236: Total time for which application threads were stopped: 0,0000967 seconds, Stopping threads took: 0,0000153 seconds
2017-06-27T18:32:38.243+0200: 13,236: Total time for which application threads were stopped: 0,0000627 seconds, Stopping threads took: 0,0000223 seconds
2017-06-27T18:32:38.243+0200: 13,236: Total time for which application threads were stopped: 0,0001039 seconds, Stopping threads took: 0,0000411 seconds
2017-06-27T18:32:38.244+0200: 13,237: Total time for which application threads were stopped: 0,0001104 seconds, Stopping threads took: 0,0000603 seconds
2017-06-27T18:32:38.246+0200: 13,238: Total time for which application threads were stopped: 0,0000749 seconds, Stopping threads took: 0,0000175 seconds
2017-06-27T18:32:38.246+0200: 13,239: Total time for which application threads were stopped: 0,0001140 seconds, Stopping threads took: 0,0000733 seconds
2017-06-27T18:32:38.246+0200: 13,239: Total time for which application threads were stopped: 0,0000485 seconds, Stopping threads took: 0,0000117 seconds
2017-06-27T18:32:38.246+0200: 13,239: Total time for which application threads were stopped: 0,0000970 seconds, Stopping threads took: 0,0000418 seconds
2017-06-27T18:32:38.247+0200: 13,239: Total time for which application threads were stopped: 0,0001275 seconds, Stopping threads took: 0,0000637 seconds
2017-06-27T18:32:38.249+0200: 13,241: Total time for which application threads were stopped: 0,0001370 seconds, Stopping threads took: 0,0000483 seconds
2017-06-27T18:32:38.249+0200: 13,242: Total time for which application threads were stopped: 0,0001204 seconds, Stopping threads took: 0,0000384 seconds
2017-06-27T18:32:38.250+0200: 13,243: Total time for which application threads were stopped: 0,0003907 seconds, Stopping threads took: 0,0000451 seconds
2017-06-27T18:32:38.253+0200: 13,245: Total time for which application threads were stopped: 0,0001124 seconds, Stopping threads took: 0,0000340 seconds
2017-06-27T18:32:38.253+0200: 13,246: Total time for which application threads were stopped: 0,0000896 seconds, Stopping threads took: 0,0000306 seconds
2017-06-27T18:32:38.287+0200: 13,280: Total time for which application threads were stopped: 0,0001250 seconds, Stopping threads took: 0,0000673 seconds
2017-06-27T18:32:38.295+0200: 13,287: Total time for which application threads were stopped: 0,0000957 seconds, Stopping threads took: 0,0000226 seconds
2017-06-27T18:32:38.295+0200: 13,287: Total time for which application threads were stopped: 0,0000589 seconds, Stopping threads took: 0,0000122 seconds
2017-06-27T18:32:38.295+0200: 13,287: Total time for which application threads were stopped: 0,0000346 seconds, Stopping threads took: 0,0000093 seconds
2017-06-27T18:32:38.296+0200: 13,289: Total time for which application threads were stopped: 0,0000809 seconds, Stopping threads took: 0,0000337 seconds
2017-06-27T18:32:38.297+0200: 13,289: Total time for which application threads were stopped: 0,0000824 seconds, Stopping threads took: 0,0000401 seconds
2017-06-27T18:32:38.297+0200: 13,290: Total time for which application threads were stopped: 0,0000571 seconds, Stopping threads took: 0,0000222 seconds
2017-06-27T18:32:38.297+0200: 13,290: Total time for which application threads were stopped: 0,0000545 seconds, Stopping threads took: 0,0000181 seconds
2017-06-27T18:32:38.298+0200: 13,290: Total time for which application threads were stopped: 0,0000428 seconds, Stopping threads took: 0,0000169 seconds
2017-06-27T18:32:38.298+0200: 13,290: Total time for which application threads were stopped: 0,0000473 seconds, Stopping threads took: 0,0000218 seconds
2017-06-27T18:32:38.299+0200: 13,291: Total time for which application threads were stopped: 0,0000752 seconds, Stopping threads took: 0,0000413 seconds
2017-06-27T18:32:38.299+0200: 13,291: Total time for which application threads were stopped: 0,0000448 seconds, Stopping threads took: 0,0000184 seconds
2017-06-27T18:32:38.299+0200: 13,292: Total time for which application threads were stopped: 0,0000569 seconds, Stopping threads took: 0,0000273 seconds
2017-06-27T18:32:38.325+0200: 13,318: Total time for which application threads were stopped: 0,0002275 seconds, Stopping threads took: 0,0000922 seconds
2017-06-27T18:32:38.339+0200: 13,332: Total time for which application threads were stopped: 0,0001023 seconds, Stopping threads took: 0,0000511 seconds
2017-06-27T18:32:38.344+0200: 13,337: Total time for which application threads were stopped: 0,0000695 seconds, Stopping threads took: 0,0000190 seconds
2017-06-27T18:32:38.345+0200: 13,337: Total time for which application threads were stopped: 0,0000578 seconds, Stopping threads took: 0,0000271 seconds
2017-06-27T18:32:38.345+0200: 13,337: Total time for which application threads were stopped: 0,0000557 seconds, Stopping threads took: 0,0000187 seconds
2017-06-27T18:32:38.345+0200: 13,337: Total time for which application threads were stopped: 0,0000591 seconds, Stopping threads took: 0,0000208 seconds
2017-06-27T18:32:38.345+0200: 13,337: Total time for which application threads were stopped: 0,0000371 seconds, Stopping threads took: 0,0000115 seconds
2017-06-27T18:32:38.345+0200: 13,337: Total time for which application threads were stopped: 0,0000321 seconds, Stopping threads took: 0,0000082 seconds
2017-06-27T18:32:38.345+0200: 13,338: Total time for which application threads were stopped: 0,0000451 seconds, Stopping threads took: 0,0000108 seconds
2017-06-27T18:32:38.345+0200: 13,338: Total time for which application threads were stopped: 0,0000651 seconds, Stopping threads took: 0,0000346 seconds
2017-06-27T18:32:38.345+0200: 13,338: Total time for which application threads were stopped: 0,0000385 seconds, Stopping threads took: 0,0000127 seconds
2017-06-27T18:32:38.346+0200: 13,338: Total time for which application threads were stopped: 0,0000563 seconds, Stopping threads took: 0,0000227 seconds
2017-06-27T18:32:38.346+0200: 13,338: Total time for which application threads were stopped: 0,0000611 seconds, Stopping threads took: 0,0000265 seconds
2017-06-27T18:32:38.346+0200: 13,338: Total time for which application threads were stopped: 0,0000591 seconds, Stopping threads took: 0,0000282 seconds
2017-06-27T18:32:38.346+0200: 13,338: Total time for which application threads were stopped: 0,0000329 seconds, Stopping threads took: 0,0000084 seconds
2017-06-27T18:32:38.346+0200: 13,339: Total time for which application threads were stopped: 0,0000687 seconds, Stopping threads took: 0,0000299 seconds
2017-06-27T18:32:38.346+0200: 13,339: Total time for which application threads were stopped: 0,0000614 seconds, Stopping threads took: 0,0000203 seconds
2017-06-27T18:32:38.348+0200: 13,340: Total time for which application threads were stopped: 0,0000770 seconds, Stopping threads took: 0,0000312 seconds
2017-06-27T18:32:38.354+0200: 13,347: Total time for which application threads were stopped: 0,0000829 seconds, Stopping threads took: 0,0000297 seconds
2017-06-27T18:32:38.480+0200: 13,473: Total time for which application threads were stopped: 0,0003527 seconds, Stopping threads took: 0,0000175 seconds
2017-06-27T18:32:38.480+0200: 13,473: Total time for which application threads were stopped: 0,0001190 seconds, Stopping threads took: 0,0000097 seconds
2017-06-27T18:32:38.481+0200: 13,474: Total time for which application threads were stopped: 0,0000548 seconds, Stopping threads took: 0,0000169 seconds
2017-06-27T18:32:38.481+0200: 13,474: Total time for which application threads were stopped: 0,0000353 seconds, Stopping threads took: 0,0000075 seconds
2017-06-27T18:32:38.481+0200: 13,474: Total time for which application threads were stopped: 0,0000352 seconds, Stopping threads took: 0,0000078 seconds
2017-06-27T18:32:38.482+0200: 13,474: Total time for which application threads were stopped: 0,0000328 seconds, Stopping threads took: 0,0000064 seconds
2017-06-27T18:32:38.482+0200: 13,474: Total time for which application threads were stopped: 0,0000326 seconds, Stopping threads took: 0,0000066 seconds
2017-06-27T18:32:38.483+0200: 13,475: Total time for which application threads were stopped: 0,0000383 seconds, Stopping threads took: 0,0000100 seconds
2017-06-27T18:32:38.483+0200: 13,475: Total time for which application threads were stopped: 0,0000453 seconds, Stopping threads took: 0,0000068 seconds
2017-06-27T18:32:38.483+0200: 13,475: Total time for which application threads were stopped: 0,0000612 seconds, Stopping threads took: 0,0000222 seconds
2017-06-27T18:32:38.483+0200: 13,475: Total time for which application threads were stopped: 0,0000396 seconds, Stopping threads took: 0,0000053 seconds
2017-06-27T18:32:38.483+0200: 13,475: Total time for which application threads were stopped: 0,0000391 seconds, Stopping threads took: 0,0000051 seconds
2017-06-27T18:32:38.483+0200: 13,476: Total time for which application threads were stopped: 0,0000391 seconds, Stopping threads took: 0,0000052 seconds
2017-06-27T18:32:38.533+0200: 13,526: Total time for which application threads were stopped: 0,0001267 seconds, Stopping threads took: 0,0000390 seconds
2017-06-27T18:32:38.534+0200: 13,526: Total time for which application threads were stopped: 0,0001639 seconds, Stopping threads took: 0,0000239 seconds
2017-06-27T18:32:39.534+0200: 14,526: Total time for which application threads were stopped: 0,0000951 seconds, Stopping threads took: 0,0000228 seconds
2017-06-27T18:32:40.534+0200: 15,527: Total time for which application threads were stopped: 0,0001364 seconds, Stopping threads took: 0,0000272 seconds
2017-06-27T18:32:41.534+0200: 16,527: Total time for which application threads were stopped: 0,0001175 seconds, Stopping threads took: 0,0000270 seconds
2017-06-27T18:32:48.536+0200: 23,528: Total time for which application threads were stopped: 0,0001087 seconds, Stopping threads took: 0,0000339 seconds
2017-06-27T18:33:28.534+0200: 63,527: Total time for which application threads were stopped: 0,0001101 seconds, Stopping threads took: 0,0000251 seconds
2017-06-27T18:33:30.910+0200: 65,903: Total time for which application threads were stopped: 0,0001352 seconds, Stopping threads took: 0,0000536 seconds
2017-06-27T18:33:38.483+0200: 73,476: Total time for which application threads were stopped: 0,0000813 seconds, Stopping threads took: 0,0000243 seconds
2017-06-27T18:34:58.754+0200: 153,747: Total time for which application threads were stopped: 0,0000861 seconds, Stopping threads took: 0,0000342 seconds
2017-06-27T18:34:58.754+0200: 153,747: Total time for which application threads were stopped: 0,0000277 seconds, Stopping threads took: 0,0000062 seconds
2017-06-27T18:34:58.754+0200: 153,747: Total time for which application threads were stopped: 0,0000265 seconds, Stopping threads took: 0,0000055 seconds
2017-06-27T18:34:58.783+0200: 153,775: Total time for which application threads were stopped: 0,0003808 seconds, Stopping threads took: 0,0000261 seconds
2017-06-27T18:34:58.797+0200: 153,790: Total time for which application threads were stopped: 0,0000687 seconds, Stopping threads took: 0,0000176 seconds
2017-06-27T18:34:58.830+0200: 153,823: Total time for which application threads were stopped: 0,0003315 seconds, Stopping threads took: 0,0000170 seconds
2017-06-27T18:34:58.832+0200: 153,825: Total time for which application threads were stopped: 0,0001848 seconds, Stopping threads took: 0,0000118 seconds
2017-06-27T18:34:58.908+0200: 153,901: Total time for which application threads were stopped: 0,0001037 seconds, Stopping threads took: 0,0000196 seconds
2017-06-27T18:34:58.909+0200: 153,901: Total time for which application threads were stopped: 0,0000317 seconds, Stopping threads took: 0,0000062 seconds
2017-06-27T18:34:58.913+0200: 153,905: Total time for which application threads were stopped: 0,0000571 seconds, Stopping threads took: 0,0000135 seconds
2017-06-27T18:34:58.915+0200: 153,907: Total time for which application threads were stopped: 0,0001304 seconds, Stopping threads took: 0,0000892 seconds
2017-06-27T18:34:58.916+0200: 153,908: Total time for which application threads were stopped: 0,0000579 seconds, Stopping threads took: 0,0000212 seconds
2017-06-27T18:34:59.553+0200: 154,545: Total time for which application threads were stopped: 0,0006352 seconds, Stopping threads took: 0,0000391 seconds
2017-06-27T18:34:59.575+0200: 154,567: Total time for which application threads were stopped: 0,0001463 seconds, Stopping threads took: 0,0000603 seconds
2017-06-27T18:34:59.575+0200: 154,567: Total time for which application threads were stopped: 0,0000890 seconds, Stopping threads took: 0,0000172 seconds
2017-06-27T18:34:59.575+0200: 154,567: Total time for which application threads were stopped: 0,0001464 seconds, Stopping threads took: 0,0000992 seconds
2017-06-27T18:34:59.575+0200: 154,568: Total time for which application threads were stopped: 0,0000583 seconds, Stopping threads took: 0,0000133 seconds
2017-06-27T18:34:59.577+0200: 154,569: Total time for which application threads were stopped: 0,0000695 seconds, Stopping threads took: 0,0000178 seconds
2017-06-27T18:34:59.579+0200: 154,571: Total time for which application threads were stopped: 0,0001091 seconds, Stopping threads took: 0,0000245 seconds
2017-06-27T18:35:00.605+0200: 155,598: Total time for which application threads were stopped: 0,0001088 seconds, Stopping threads took: 0,0000235 seconds
2017-06-27T18:35:00.605+0200: 155,598: Total time for which application threads were stopped: 0,0000636 seconds, Stopping threads took: 0,0000105 seconds
2017-06-27T18:35:00.605+0200: 155,598: Total time for which application threads were stopped: 0,0000425 seconds, Stopping threads took: 0,0000084 seconds
2017-06-27T18:35:00.606+0200: 155,599: Total time for which application threads were stopped: 0,0000536 seconds, Stopping threads took: 0,0000096 seconds
2017-06-27T18:35:00.632+0200: 155,625: Total time for which application threads were stopped: 0,0001032 seconds, Stopping threads took: 0,0000308 seconds
2017-06-27T18:35:00.632+0200: 155,625: Total time for which application threads were stopped: 0,0000587 seconds, Stopping threads took: 0,0000097 seconds
2017-06-27T18:35:02.138+0200: 157,131: Total time for which application threads were stopped: 0,0000849 seconds, Stopping threads took: 0,0000320 seconds
2017-06-27T18:35:02.138+0200: 157,131: Total time for which application threads were stopped: 0,0000249 seconds, Stopping threads took: 0,0000048 seconds
2017-06-27T18:35:02.138+0200: 157,131: Total time for which application threads were stopped: 0,0000246 seconds, Stopping threads took: 0,0000049 seconds
2017-06-27T18:35:02.157+0200: 157,150: Total time for which application threads were stopped: 0,0000726 seconds, Stopping threads took: 0,0000143 seconds
2017-06-27T18:35:02.171+0200: 157,164: Total time for which application threads were stopped: 0,0000820 seconds, Stopping threads took: 0,0000156 seconds
2017-06-27T18:35:02.171+0200: 157,164: Total time for which application threads were stopped: 0,0000392 seconds, Stopping threads took: 0,0000063 seconds
2017-06-27T18:35:02.260+0200: 157,252: Total time for which application threads were stopped: 0,0001758 seconds, Stopping threads took: 0,0000902 seconds
2017-06-27T18:35:02.260+0200: 157,252: Total time for which application threads were stopped: 0,0000753 seconds, Stopping threads took: 0,0000388 seconds
2017-06-27T18:35:02.260+0200: 157,253: Total time for which application threads were stopped: 0,0001109 seconds, Stopping threads took: 0,0000585 seconds
2017-06-27T18:35:02.261+0200: 157,253: Total time for which application threads were stopped: 0,0000596 seconds, Stopping threads took: 0,0000161 seconds
2017-06-27T18:35:02.261+0200: 157,254: Total time for which application threads were stopped: 0,0001430 seconds, Stopping threads took: 0,0000117 seconds
2017-06-27T18:35:02.265+0200: 157,258: Total time for which application threads were stopped: 0,0001359 seconds, Stopping threads took: 0,0000682 seconds
2017-06-27T18:35:03.265+0200: 158,258: Total time for which application threads were stopped: 0,0001231 seconds, Stopping threads took: 0,0000262 seconds
2017-06-27T18:35:06.266+0200: 161,258: Total time for which application threads were stopped: 0,0001128 seconds, Stopping threads took: 0,0000359 seconds
2017-06-27T18:35:16.183+0200: 171,176: Total time for which application threads were stopped: 0,0001182 seconds, Stopping threads took: 0,0000316 seconds
2017-06-27T18:35:16.184+0200: 171,176: Total time for which application threads were stopped: 0,0000631 seconds, Stopping threads took: 0,0000093 seconds
2017-06-27T18:35:18.565+0200: 173,558: Total time for which application threads were stopped: 0,0005433 seconds, Stopping threads took: 0,0004594 seconds
2017-06-27T18:35:19.126+0200: 174,119: Total time for which application threads were stopped: 0,0001028 seconds, Stopping threads took: 0,0000202 seconds
2017-06-27T18:35:19.127+0200: 174,119: Total time for which application threads were stopped: 0,0000981 seconds, Stopping threads took: 0,0000100 seconds
2017-06-27T18:35:19.130+0200: 174,122: Total time for which application threads were stopped: 0,0000751 seconds, Stopping threads took: 0,0000150 seconds
2017-06-27T18:36:09.131+0200: 224,123: Total time for which application threads were stopped: 0,0001998 seconds, Stopping threads took: 0,0001175 seconds
2017-06-27T18:37:13.136+0200: 288,129: Total time for which application threads were stopped: 0,0001345 seconds, Stopping threads took: 0,0000579 seconds
2017-06-27T18:38:58.574+0200: 393,567: Total time for which application threads were stopped: 0,0001112 seconds, Stopping threads took: 0,0000391 seconds
2017-06-27T18:38:58.574+0200: 393,567: Total time for which application threads were stopped: 0,0000466 seconds, Stopping threads took: 0,0000098 seconds
2017-06-27T18:39:04.387+0200: 399,380: Total time for which application threads were stopped: 0,0000724 seconds, Stopping threads took: 0,0000166 seconds
2017-06-27T18:42:53.870+0200: 628,863: Total time for which application threads were stopped: 0,0001092 seconds, Stopping threads took: 0,0000430 seconds
2017-06-27T18:42:53.870+0200: 628,863: Total time for which application threads were stopped: 0,0000539 seconds, Stopping threads took: 0,0000061 seconds
2017-06-27T18:42:53.892+0200: 628,884: Total time for which application threads were stopped: 0,0001388 seconds, Stopping threads took: 0,0000513 seconds
{Heap before GC invocations=16 (full 1):
 par new generation   total 109248K, used 104705K [0x00000000e0000000, 0x00000000e8000000, 0x00000000e8000000)
  eden space 87424K, 100% used [0x00000000e0000000, 0x00000000e5560000, 0x00000000e5560000)
  from space 21824K,  79% used [0x00000000e5560000, 0x00000000e6640528, 0x00000000e6ab0000)
  to   space 21824K,   0% used [0x00000000e6ab0000, 0x00000000e6ab0000, 0x00000000e8000000)
 concurrent mark-sweep generation total 393216K, used 21481K [0x00000000e8000000, 0x0000000100000000, 0x0000000100000000)
 Metaspace       used 31277K, capacity 31778K, committed 31896K, reserved 1077248K
  class space    used 3520K, capacity 3703K, committed 3736K, reserved 1048576K
2017-06-27T18:42:54.209+0200: 629,202: [GC (Allocation Failure) 2017-06-27T18:42:54.209+0200: 629,202: [ParNew
Desired survivor size 20112992 bytes, new threshold 8 (max 8)
- age   1:   11605568 bytes,   11605568 total
- age   2:     216064 bytes,   11821632 total
- age   3:    4697568 bytes,   16519200 total
- age   4:    1038296 bytes,   17557496 total
- age   5:     199008 bytes,   17756504 total
- age   6:      73232 bytes,   17829736 total
- age   7:      69264 bytes,   17899000 total
- age   8:     125248 bytes,   18024248 total
: 104705K->20254K(109248K), 0,0090573 secs] 126186K->42090K(502464K), 0,0091325 secs] [Times: user=0,03 sys=0,00, real=0,01 secs] 
Heap after GC invocations=17 (full 1):
 par new generation   total 109248K, used 20254K [0x00000000e0000000, 0x00000000e8000000, 0x00000000e8000000)
  eden space 87424K,   0% used [0x00000000e0000000, 0x00000000e0000000, 0x00000000e5560000)
  from space 21824K,  92% used [0x00000000e6ab0000, 0x00000000e7e77a90, 0x00000000e8000000)
  to   space 21824K,   0% used [0x00000000e5560000, 0x00000000e5560000, 0x00000000e6ab0000)
 concurrent mark-sweep generation total 393216K, used 21835K [0x00000000e8000000, 0x0000000100000000, 0x0000000100000000)
 Metaspace       used 31277K, capacity 31778K, committed 31896K, reserved 1077248K
  class space    used 3520K, capacity 3703K, committed 3736K, reserved 1048576K
}
2017-06-27T18:42:54.219+0200: 629,211: Total time for which application threads were stopped: 0,0093599 seconds, Stopping threads took: 0,0000233 seconds
2017-06-27T18:42:54.427+0200: 629,420: Total time for which application threads were stopped: 0,0001171 seconds, Stopping threads took: 0,0000196 seconds
2017-06-27T18:42:54.427+0200: 629,420: Total time for which application threads were stopped: 0,0000361 seconds, Stopping threads took: 0,0000071 seconds
2017-06-27T18:42:54.431+0200: 629,424: Total time for which application threads were stopped: 0,0001154 seconds, Stopping threads took: 0,0000273 seconds
2017-06-27T18:42:54.434+0200: 629,426: Total time for which application threads were stopped: 0,0001210 seconds, Stopping threads took: 0,0000380 seconds
2017-06-27T18:42:54.447+0200: 629,439: Total time for which application threads were stopped: 0,0001204 seconds, Stopping threads took: 0,0000506 seconds
2017-06-27T18:42:54.447+0200: 629,439: Total time for which application threads were stopped: 0,0000646 seconds, Stopping threads took: 0,0000264 seconds
2017-06-27T18:42:54.447+0200: 629,439: Total time for which application threads were stopped: 0,0000483 seconds, Stopping threads took: 0,0000191 seconds
2017-06-27T18:42:54.826+0200: 629,819: Total time for which application threads were stopped: 0,0001690 seconds, Stopping threads took: 0,0000584 seconds
2017-06-27T18:42:55.326+0200: 630,319: Total time for which application threads were stopped: 0,0001002 seconds, Stopping threads took: 0,0000236 seconds
2017-06-27T18:42:55.330+0200: 630,322: Total time for which application threads were stopped: 0,0000627 seconds, Stopping threads took: 0,0000191 seconds
{Heap before GC invocations=17 (full 1):
 par new generation   total 109248K, used 107678K [0x00000000e0000000, 0x00000000e8000000, 0x00000000e8000000)
  eden space 87424K, 100% used [0x00000000e0000000, 0x00000000e5560000, 0x00000000e5560000)
  from space 21824K,  92% used [0x00000000e6ab0000, 0x00000000e7e77a90, 0x00000000e8000000)
  to   space 21824K,   0% used [0x00000000e5560000, 0x00000000e5560000, 0x00000000e6ab0000)
 concurrent mark-sweep generation total 393216K, used 21835K [0x00000000e8000000, 0x0000000100000000, 0x0000000100000000)
 Metaspace       used 31515K, capacity 32034K, committed 32152K, reserved 1077248K
  class space    used 3523K, capacity 3703K, committed 3736K, reserved 1048576K
2017-06-27T18:42:55.615+0200: 630,607: [GC (Allocation Failure) 2017-06-27T18:42:55.615+0200: 630,607: [ParNew
Desired survivor size 20112992 bytes, new threshold 5 (max 8)
- age   1:    9413128 bytes,    9413128 total
- age   2:    6468136 bytes,   15881264 total
- age   3:     122432 bytes,   16003696 total
- age   4:    3570312 bytes,   19574008 total
- age   5:    1024040 bytes,   20598048 total
- age   6:     197112 bytes,   20795160 total
- age   7:      73072 bytes,   20868232 total
- age   8:      69264 bytes,   20937496 total
: 107678K->21824K(109248K), 0,0125903 secs] 129514K->48707K(502464K), 0,0126605 secs] [Times: user=0,07 sys=0,00, real=0,01 secs] 
Heap after GC invocations=18 (full 1):
 par new generation   total 109248K, used 21824K [0x00000000e0000000, 0x00000000e8000000, 0x00000000e8000000)
  eden space 87424K,   0% used [0x00000000e0000000, 0x00000000e0000000, 0x00000000e5560000)
  from space 21824K, 100% used [0x00000000e5560000, 0x00000000e6ab0000, 0x00000000e6ab0000)
  to   space 21824K,   0% used [0x00000000e6ab0000, 0x00000000e6ab0000, 0x00000000e8000000)
 concurrent mark-sweep generation total 393216K, used 26883K [0x00000000e8000000, 0x0000000100000000, 0x0000000100000000)
 Metaspace       used 31515K, capacity 32034K, committed 32152K, reserved 1077248K
  class space    used 3523K, capacity 3703K, committed 3736K, reserved 1048576K
}
2017-06-27T18:42:55.627+0200: 630,620: Total time for which application threads were stopped: 0,0128762 seconds, Stopping threads took: 0,0000267 seconds
2017-06-27T18:42:56.628+0200: 631,620: Total time for which application threads were stopped: 0,0000937 seconds, Stopping threads took: 0,0000186 seconds
2017-06-27T18:42:56.674+0200: 631,667: Total time for which application threads were stopped: 0,0001169 seconds, Stopping threads took: 0,0000255 seconds
2017-06-27T18:42:56.675+0200: 631,667: Total time for which application threads were stopped: 0,0000917 seconds, Stopping threads took: 0,0000238 seconds
2017-06-27T18:42:56.677+0200: 631,669: Total time for which application threads were stopped: 0,0000841 seconds, Stopping threads took: 0,0000164 seconds
2017-06-27T18:42:57.364+0200: 632,357: Total time for which application threads were stopped: 0,0001145 seconds, Stopping threads took: 0,0000221 seconds
2017-06-27T18:42:57.364+0200: 632,357: Total time for which application threads were stopped: 0,0000460 seconds, Stopping threads took: 0,0000092 seconds
2017-06-27T18:42:57.364+0200: 632,357: Total time for which application threads were stopped: 0,0000423 seconds, Stopping threads took: 0,0000079 seconds
2017-06-27T18:42:57.365+0200: 632,358: Total time for which application threads were stopped: 0,0000596 seconds, Stopping threads took: 0,0000139 seconds
2017-06-27T18:42:57.398+0200: 632,391: Total time for which application threads were stopped: 0,0001064 seconds, Stopping threads took: 0,0000313 seconds
2017-06-27T18:42:57.399+0200: 632,391: Total time for which application threads were stopped: 0,0000571 seconds, Stopping threads took: 0,0000091 seconds
2017-06-27T18:42:59.104+0200: 634,096: Total time for which application threads were stopped: 0,0000833 seconds, Stopping threads took: 0,0000315 seconds
2017-06-27T18:42:59.104+0200: 634,097: Total time for which application threads were stopped: 0,0000382 seconds, Stopping threads took: 0,0000091 seconds
2017-06-27T18:42:59.124+0200: 634,117: Total time for which application threads were stopped: 0,0000767 seconds, Stopping threads took: 0,0000181 seconds
2017-06-27T18:42:59.139+0200: 634,132: Total time for which application threads were stopped: 0,0000874 seconds, Stopping threads took: 0,0000164 seconds
2017-06-27T18:42:59.139+0200: 634,132: Total time for which application threads were stopped: 0,0000256 seconds, Stopping threads took: 0,0000047 seconds
2017-06-27T18:42:59.286+0200: 634,278: Total time for which application threads were stopped: 0,0002066 seconds, Stopping threads took: 0,0001194 seconds
2017-06-27T18:42:59.286+0200: 634,278: Total time for which application threads were stopped: 0,0000552 seconds, Stopping threads took: 0,0000144 seconds
2017-06-27T18:42:59.286+0200: 634,279: Total time for which application threads were stopped: 0,0000502 seconds, Stopping threads took: 0,0000113 seconds
2017-06-27T18:42:59.286+0200: 634,279: Total time for which application threads were stopped: 0,0000509 seconds, Stopping threads took: 0,0000121 seconds
2017-06-27T18:42:59.287+0200: 634,279: Total time for which application threads were stopped: 0,0001512 seconds, Stopping threads took: 0,0000627 seconds
2017-06-27T18:42:59.287+0200: 634,280: Total time for which application threads were stopped: 0,0001092 seconds, Stopping threads took: 0,0000437 seconds
2017-06-27T18:42:59.287+0200: 634,280: Total time for which application threads were stopped: 0,0000948 seconds, Stopping threads took: 0,0000266 seconds
2017-06-27T18:42:59.287+0200: 634,280: Total time for which application threads were stopped: 0,0000812 seconds, Stopping threads took: 0,0000212 seconds
2017-06-27T18:42:59.288+0200: 634,281: Total time for which application threads were stopped: 0,0001733 seconds, Stopping threads took: 0,0000272 seconds
2017-06-27T18:42:59.293+0200: 634,286: Total time for which application threads were stopped: 0,0001428 seconds, Stopping threads took: 0,0000215 seconds
2017-06-27T18:45:03.303+0200: 758,295: Total time for which application threads were stopped: 0,0001379 seconds, Stopping threads took: 0,0000492 seconds
2017-06-27T18:53:24.342+0200: 1259,335: Total time for which application threads were stopped: 0,0000799 seconds, Stopping threads took: 0,0000290 seconds
2017-06-27T18:53:26.342+0200: 1261,335: Total time for which application threads were stopped: 0,0000742 seconds, Stopping threads took: 0,0000196 seconds
2017-06-27T18:54:45.771+0200: 1340,764: Total time for which application threads were stopped: 0,0001165 seconds, Stopping threads took: 0,0000421 seconds
2017-06-27T18:54:45.771+0200: 1340,764: Total time for which application threads were stopped: 0,0000558 seconds, Stopping threads took: 0,0000071 seconds
2017-06-27T18:54:48.486+0200: 1343,479: Total time for which application threads were stopped: 0,0000919 seconds, Stopping threads took: 0,0000240 seconds
2017-06-27T18:54:48.487+0200: 1343,479: Total time for which application threads were stopped: 0,0000399 seconds, Stopping threads took: 0,0000084 seconds
2017-06-27T18:54:48.487+0200: 1343,480: Total time for which application threads were stopped: 0,0000473 seconds, Stopping threads took: 0,0000089 seconds
2017-06-27T18:54:48.493+0200: 1343,486: Total time for which application threads were stopped: 0,0000744 seconds, Stopping threads took: 0,0000179 seconds
2017-06-27T18:54:48.493+0200: 1343,486: Total time for which application threads were stopped: 0,0000658 seconds, Stopping threads took: 0,0000237 seconds
2017-06-27T18:54:48.494+0200: 1343,486: Total time for which application threads were stopped: 0,0000530 seconds, Stopping threads took: 0,0000214 seconds
2017-06-27T18:54:48.494+0200: 1343,486: Total time for which application threads were stopped: 0,0000338 seconds, Stopping threads took: 0,0000085 seconds
2017-06-27T18:54:48.494+0200: 1343,487: Total time for which application threads were stopped: 0,0000621 seconds, Stopping threads took: 0,0000202 seconds
2017-06-27T18:54:48.494+0200: 1343,487: Total time for which application threads were stopped: 0,0000524 seconds, Stopping threads took: 0,0000163 seconds
2017-06-27T18:54:48.497+0200: 1343,489: Total time for which application threads were stopped: 0,0000986 seconds, Stopping threads took: 0,0000293 seconds
2017-06-27T18:54:48.497+0200: 1343,490: Total time for which application threads were stopped: 0,0000468 seconds, Stopping threads took: 0,0000105 seconds
2017-06-27T18:54:48.497+0200: 1343,490: Total time for which application threads were stopped: 0,0000627 seconds, Stopping threads took: 0,0000226 seconds
2017-06-27T18:54:48.498+0200: 1343,490: Total time for which application threads were stopped: 0,0000898 seconds, Stopping threads took: 0,0000332 seconds
2017-06-27T18:54:48.498+0200: 1343,490: Total time for which application threads were stopped: 0,0000575 seconds, Stopping threads took: 0,0000175 seconds
2017-06-27T18:54:48.498+0200: 1343,491: Total time for which application threads were stopped: 0,0000762 seconds, Stopping threads took: 0,0000292 seconds
2017-06-27T18:54:48.498+0200: 1343,491: Total time for which application threads were stopped: 0,0000653 seconds, Stopping threads took: 0,0000230 seconds
2017-06-27T18:54:48.499+0200: 1343,491: Total time for which application threads were stopped: 0,0000651 seconds, Stopping threads took: 0,0000159 seconds
2017-06-27T18:54:48.499+0200: 1343,492: Total time for which application threads were stopped: 0,0001212 seconds, Stopping threads took: 0,0000812 seconds
2017-06-27T18:54:48.500+0200: 1343,492: Total time for which application threads were stopped: 0,0000875 seconds, Stopping threads took: 0,0000132 seconds
2017-06-27T18:54:48.506+0200: 1343,499: Total time for which application threads were stopped: 0,0001490 seconds, Stopping threads took: 0,0000581 seconds
2017-06-27T18:54:48.507+0200: 1343,500: Total time for which application threads were stopped: 0,0002215 seconds, Stopping threads took: 0,0001789 seconds
2017-06-27T18:54:48.511+0200: 1343,504: Total time for which application threads were stopped: 0,0002180 seconds, Stopping threads took: 0,0000326 seconds
2017-06-27T18:54:48.512+0200: 1343,504: Total time for which application threads were stopped: 0,0000776 seconds, Stopping threads took: 0,0000360 seconds
2017-06-27T18:54:48.513+0200: 1343,505: Total time for which application threads were stopped: 0,0000690 seconds, Stopping threads took: 0,0000188 seconds
2017-06-27T18:54:48.513+0200: 1343,506: Total time for which application threads were stopped: 0,0000614 seconds, Stopping threads took: 0,0000240 seconds
2017-06-27T18:54:48.518+0200: 1343,511: Total time for which application threads were stopped: 0,0017861 seconds, Stopping threads took: 0,0016803 seconds
2017-06-27T18:54:48.554+0200: 1343,547: Total time for which application threads were stopped: 0,0002736 seconds, Stopping threads took: 0,0001712 seconds
2017-06-27T18:54:48.787+0200: 1343,779: Total time for which application threads were stopped: 0,0031973 seconds, Stopping threads took: 0,0030654 seconds
2017-06-27T18:54:48.791+0200: 1343,783: Total time for which application threads were stopped: 0,0039947 seconds, Stopping threads took: 0,0038422 seconds
2017-06-27T18:54:48.791+0200: 1343,784: Total time for which application threads were stopped: 0,0000799 seconds, Stopping threads took: 0,0000267 seconds
2017-06-27T18:54:48.791+0200: 1343,784: Total time for which application threads were stopped: 0,0000561 seconds, Stopping threads took: 0,0000059 seconds
2017-06-27T18:54:48.791+0200: 1343,784: Total time for which application threads were stopped: 0,0000540 seconds, Stopping threads took: 0,0000062 seconds
2017-06-27T18:54:48.792+0200: 1343,785: Total time for which application threads were stopped: 0,0001051 seconds, Stopping threads took: 0,0000308 seconds
2017-06-27T18:54:48.792+0200: 1343,785: Total time for which application threads were stopped: 0,0000751 seconds, Stopping threads took: 0,0000284 seconds
2017-06-27T18:54:48.792+0200: 1343,785: Total time for which application threads were stopped: 0,0000816 seconds, Stopping threads took: 0,0000238 seconds
2017-06-27T18:54:48.792+0200: 1343,785: Total time for which application threads were stopped: 0,0001031 seconds, Stopping threads took: 0,0000473 seconds
2017-06-27T18:54:48.792+0200: 1343,785: Total time for which application threads were stopped: 0,0000536 seconds, Stopping threads took: 0,0000072 seconds
2017-06-27T18:54:49.792+0200: 1344,785: Total time for which application threads were stopped: 0,0000948 seconds, Stopping threads took: 0,0000251 seconds
2017-06-27T18:54:50.793+0200: 1345,785: Total time for which application threads were stopped: 0,0000843 seconds, Stopping threads took: 0,0000224 seconds
2017-06-27T18:54:53.658+0200: 1348,651: Total time for which application threads were stopped: 0,0000880 seconds, Stopping threads took: 0,0000310 seconds
2017-06-27T18:54:58.728+0200: 1353,720: Total time for which application threads were stopped: 0,0000914 seconds, Stopping threads took: 0,0000218 seconds
2017-06-27T18:55:03.728+0200: 1358,721: Total time for which application threads were stopped: 0,0000882 seconds, Stopping threads took: 0,0000243 seconds
2017-06-27T18:55:38.658+0200: 1393,651: Total time for which application threads were stopped: 0,0001001 seconds, Stopping threads took: 0,0000321 seconds
2017-06-27T18:55:38.728+0200: 1393,721: Total time for which application threads were stopped: 0,0000624 seconds, Stopping threads took: 0,0000137 seconds
2017-06-27T18:55:38.841+0200: 1393,833: Total time for which application threads were stopped: 0,0000781 seconds, Stopping threads took: 0,0000157 seconds
2017-06-27T18:55:48.793+0200: 1403,785: Total time for which application threads were stopped: 0,0000890 seconds, Stopping threads took: 0,0000328 seconds
2017-06-27T19:09:08.844+0200: 2203,836: Total time for which application threads were stopped: 0,0000865 seconds, Stopping threads took: 0,0000338 seconds
2017-06-27T19:10:25.849+0200: 2280,841: Total time for which application threads were stopped: 0,0000878 seconds, Stopping threads took: 0,0000352 seconds
2017-06-27T19:11:25.853+0200: 2340,845: Total time for which application threads were stopped: 0,0000857 seconds, Stopping threads took: 0,0000343 seconds
2017-06-27T19:11:45.854+0200: 2360,847: Total time for which application threads were stopped: 0,0000859 seconds, Stopping threads took: 0,0000340 seconds
2017-06-27T19:19:52.061+0200: 2847,054: Total time for which application threads were stopped: 0,0001040 seconds, Stopping threads took: 0,0000332 seconds
2017-06-27T19:19:52.061+0200: 2847,054: Total time for which application threads were stopped: 0,0000315 seconds, Stopping threads took: 0,0000050 seconds
2017-06-27T19:19:52.062+0200: 2847,054: Total time for which application threads were stopped: 0,0000910 seconds, Stopping threads took: 0,0000043 seconds
2017-06-27T19:19:57.962+0200: 2852,955: Total time for which application threads were stopped: 0,0000783 seconds, Stopping threads took: 0,0000205 seconds
2017-06-27T19:27:05.990+0200: 3280,982: Total time for which application threads were stopped: 0,0001032 seconds, Stopping threads took: 0,0000385 seconds
2017-06-27T19:27:48.185+0200: 3323,177: Total time for which application threads were stopped: 0,0000942 seconds, Stopping threads took: 0,0000342 seconds
2017-06-27T19:27:48.185+0200: 3323,178: Total time for which application threads were stopped: 0,0000323 seconds, Stopping threads took: 0,0000061 seconds
2017-06-27T19:27:48.207+0200: 3323,199: Total time for which application threads were stopped: 0,0002682 seconds, Stopping threads took: 0,0000604 seconds
{Heap before GC invocations=18 (full 1):
 par new generation   total 109248K, used 109248K [0x00000000e0000000, 0x00000000e8000000, 0x00000000e8000000)
  eden space 87424K, 100% used [0x00000000e0000000, 0x00000000e5560000, 0x00000000e5560000)
  from space 21824K, 100% used [0x00000000e5560000, 0x00000000e6ab0000, 0x00000000e6ab0000)
  to   space 21824K,   0% used [0x00000000e6ab0000, 0x00000000e6ab0000, 0x00000000e8000000)
 concurrent mark-sweep generation total 393216K, used 26883K [0x00000000e8000000, 0x0000000100000000, 0x0000000100000000)
 Metaspace       used 31660K, capacity 32098K, committed 32408K, reserved 1077248K
  class space    used 3524K, capacity 3703K, committed 3736K, reserved 1048576K
2017-06-27T19:27:48.550+0200: 3323,543: [GC (Allocation Failure) 2017-06-27T19:27:48.550+0200: 3323,543: [ParNew
Desired survivor size 20112992 bytes, new threshold 8 (max 8)
- age   1:    8871288 bytes,    8871288 total
- age   2:     680096 bytes,    9551384 total
- age   3:    3412968 bytes,   12964352 total
- age   4:     122432 bytes,   13086784 total
- age   5:    3569736 bytes,   16656520 total
: 109248K->21824K(109248K), 0,0090805 secs] 136131K->50083K(502464K), 0,0091592 secs] [Times: user=0,03 sys=0,00, real=0,01 secs] 
Heap after GC invocations=19 (full 1):
 par new generation   total 109248K, used 21824K [0x00000000e0000000, 0x00000000e8000000, 0x00000000e8000000)
  eden space 87424K,   0% used [0x00000000e0000000, 0x00000000e0000000, 0x00000000e5560000)
  from space 21824K, 100% used [0x00000000e6ab0000, 0x00000000e8000000, 0x00000000e8000000)
  to   space 21824K,   0% used [0x00000000e5560000, 0x00000000e5560000, 0x00000000e6ab0000)
 concurrent mark-sweep generation total 393216K, used 28259K [0x00000000e8000000, 0x0000000100000000, 0x0000000100000000)
 Metaspace       used 31660K, capacity 32098K, committed 32408K, reserved 1077248K
  class space    used 3524K, capacity 3703K, committed 3736K, reserved 1048576K
}
2017-06-27T19:27:48.559+0200: 3323,552: Total time for which application threads were stopped: 0,0093579 seconds, Stopping threads took: 0,0000241 seconds
2017-06-27T19:27:48.865+0200: 3323,858: Total time for which application threads were stopped: 0,0001123 seconds, Stopping threads took: 0,0000234 seconds
2017-06-27T19:27:48.865+0200: 3323,858: Total time for which application threads were stopped: 0,0000734 seconds, Stopping threads took: 0,0000402 seconds
2017-06-27T19:27:48.866+0200: 3323,858: Total time for which application threads were stopped: 0,0001081 seconds, Stopping threads took: 0,0000380 seconds
2017-06-27T19:27:48.868+0200: 3323,860: Total time for which application threads were stopped: 0,0000927 seconds, Stopping threads took: 0,0000210 seconds
2017-06-27T19:27:48.870+0200: 3323,862: Total time for which application threads were stopped: 0,0001004 seconds, Stopping threads took: 0,0000452 seconds
2017-06-27T19:27:48.877+0200: 3323,869: Total time for which application threads were stopped: 0,0000932 seconds, Stopping threads took: 0,0000248 seconds
2017-06-27T19:27:48.877+0200: 3323,869: Total time for which application threads were stopped: 0,0000456 seconds, Stopping threads took: 0,0000061 seconds
2017-06-27T19:27:48.877+0200: 3323,870: Total time for which application threads were stopped: 0,0000412 seconds, Stopping threads took: 0,0000084 seconds
2017-06-27T19:27:49.347+0200: 3324,340: Total time for which application threads were stopped: 0,0000912 seconds, Stopping threads took: 0,0000255 seconds
{Heap before GC invocations=19 (full 1):
 par new generation   total 109248K, used 108516K [0x00000000e0000000, 0x00000000e8000000, 0x00000000e8000000)
  eden space 87424K,  99% used [0x00000000e0000000, 0x00000000e54a91c0, 0x00000000e5560000)
  from space 21824K, 100% used [0x00000000e6ab0000, 0x00000000e8000000, 0x00000000e8000000)
  to   space 21824K,   0% used [0x00000000e5560000, 0x00000000e5560000, 0x00000000e6ab0000)
 concurrent mark-sweep generation total 393216K, used 28259K [0x00000000e8000000, 0x0000000100000000, 0x0000000100000000)
 Metaspace       used 31669K, capacity 32162K, committed 32408K, reserved 1077248K
  class space    used 3524K, capacity 3703K, committed 3736K, reserved 1048576K
2017-06-27T19:27:50.038+0200: 3325,031: [GC (Allocation Failure) 2017-06-27T19:27:50.039+0200: 3325,031: [ParNew
Desired survivor size 20112992 bytes, new threshold 6 (max 8)
- age   1:    9205152 bytes,    9205152 total
- age   2:    5048744 bytes,   14253896 total
- age   3:     679392 bytes,   14933288 total
- age   4:    3411904 bytes,   18345192 total
- age   5:     122432 bytes,   18467624 total
- age   6:    3569736 bytes,   22037360 total
: 108516K->21824K(109248K), 0,0105017 secs] 136775K->59645K(502464K), 0,0105956 secs] [Times: user=0,03 sys=0,00, real=0,01 secs] 
Heap after GC invocations=20 (full 1):
 par new generation   total 109248K, used 21824K [0x00000000e0000000, 0x00000000e8000000, 0x00000000e8000000)
  eden space 87424K,   0% used [0x00000000e0000000, 0x00000000e0000000, 0x00000000e5560000)
  from space 21824K, 100% used [0x00000000e5560000, 0x00000000e6ab0000, 0x00000000e6ab0000)
  to   space 21824K,   0% used [0x00000000e6ab0000, 0x00000000e6ab0000, 0x00000000e8000000)
 concurrent mark-sweep generation total 393216K, used 37821K [0x00000000e8000000, 0x0000000100000000, 0x0000000100000000)
 Metaspace       used 31669K, capacity 32162K, committed 32408K, reserved 1077248K
  class space    used 3524K, capacity 3703K, committed 3736K, reserved 1048576K
}
2017-06-27T19:27:50.049+0200: 3325,042: Total time for which application threads were stopped: 0,0108044 seconds, Stopping threads took: 0,0000259 seconds
2017-06-27T19:27:50.342+0200: 3325,334: Total time for which application threads were stopped: 0,0000973 seconds, Stopping threads took: 0,0000206 seconds
2017-06-27T19:27:51.342+0200: 3326,334: Total time for which application threads were stopped: 0,0001257 seconds, Stopping threads took: 0,0000383 seconds
{Heap before GC invocations=20 (full 1):
 par new generation   total 109248K, used 108846K [0x00000000e0000000, 0x00000000e8000000, 0x00000000e8000000)
  eden space 87424K,  99% used [0x00000000e0000000, 0x00000000e54fb8c0, 0x00000000e5560000)
  from space 21824K, 100% used [0x00000000e5560000, 0x00000000e6ab0000, 0x00000000e6ab0000)
  to   space 21824K,   0% used [0x00000000e6ab0000, 0x00000000e6ab0000, 0x00000000e8000000)
 concurrent mark-sweep generation total 393216K, used 37821K [0x00000000e8000000, 0x0000000100000000, 0x0000000100000000)
 Metaspace       used 31693K, capacity 32232K, committed 32408K, reserved 1077248K
  class space    used 3524K, capacity 3704K, committed 3736K, reserved 1048576K
2017-06-27T19:27:51.426+0200: 3326,418: [GC (Allocation Failure) 2017-06-27T19:27:51.426+0200: 3326,418: [ParNew
Desired survivor size 20112992 bytes, new threshold 8 (max 8)
- age   1:    3926448 bytes,    3926448 total
- age   2:    4910208 bytes,    8836656 total
- age   3:    4738152 bytes,   13574808 total
- age   4:     671328 bytes,   14246136 total
- age   5:    2331968 bytes,   16578104 total
- age   6:     116432 bytes,   16694536 total
: 108846K->21824K(109248K), 0,0136803 secs] 146667K->84058K(502464K), 0,0137506 secs] [Times: user=0,04 sys=0,00, real=0,02 secs] 
Heap after GC invocations=21 (full 1):
 par new generation   total 109248K, used 21824K [0x00000000e0000000, 0x00000000e8000000, 0x00000000e8000000)
  eden space 87424K,   0% used [0x00000000e0000000, 0x00000000e0000000, 0x00000000e5560000)
  from space 21824K, 100% used [0x00000000e6ab0000, 0x00000000e8000000, 0x00000000e8000000)
  to   space 21824K,   0% used [0x00000000e5560000, 0x00000000e5560000, 0x00000000e6ab0000)
 concurrent mark-sweep generation total 393216K, used 62234K [0x00000000e8000000, 0x0000000100000000, 0x0000000100000000)
 Metaspace       used 31693K, capacity 32232K, committed 32408K, reserved 1077248K
  class space    used 3524K, capacity 3704K, committed 3736K, reserved 1048576K
}
2017-06-27T19:27:51.440+0200: 3326,432: Total time for which application threads were stopped: 0,0139167 seconds, Stopping threads took: 0,0000204 seconds
2017-06-27T19:27:52.440+0200: 3327,432: Total time for which application threads were stopped: 0,0001731 seconds, Stopping threads took: 0,0000476 seconds
{Heap before GC invocations=21 (full 1):
 par new generation   total 109248K, used 109197K [0x00000000e0000000, 0x00000000e8000000, 0x00000000e8000000)
  eden space 87424K,  99% used [0x00000000e0000000, 0x00000000e5553400, 0x00000000e5560000)
  from space 21824K, 100% used [0x00000000e6ab0000, 0x00000000e8000000, 0x00000000e8000000)
  to   space 21824K,   0% used [0x00000000e5560000, 0x00000000e5560000, 0x00000000e6ab0000)
 concurrent mark-sweep generation total 393216K, used 62234K [0x00000000e8000000, 0x0000000100000000, 0x0000000100000000)
 Metaspace       used 31696K, capacity 32232K, committed 32408K, reserved 1077248K
  class space    used 3524K, capacity 3704K, committed 3736K, reserved 1048576K
2017-06-27T19:27:53.144+0200: 3328,137: [GC (Allocation Failure) 2017-06-27T19:27:53.144+0200: 3328,137: [ParNew
Desired survivor size 20112992 bytes, new threshold 5 (max 8)
- age   1:    9082784 bytes,    9082784 total
- age   2:    3731368 bytes,   12814152 total
- age   3:    2098104 bytes,   14912256 total
- age   4:    4717904 bytes,   19630160 total
- age   5:     671192 bytes,   20301352 total
- age   6:    1837936 bytes,   22139288 total
- age   7:     108872 bytes,   22248160 total
: 109197K->21824K(109248K), 0,0130953 secs] 171431K->111693K(502464K), 0,0131661 secs] [Times: user=0,04 sys=0,00, real=0,02 secs] 
Heap after GC invocations=22 (full 1):
 par new generation   total 109248K, used 21824K [0x00000000e0000000, 0x00000000e8000000, 0x00000000e8000000)
  eden space 87424K,   0% used [0x00000000e0000000, 0x00000000e0000000, 0x00000000e5560000)
  from space 21824K, 100% used [0x00000000e5560000, 0x00000000e6ab0000, 0x00000000e6ab0000)
  to   space 21824K,   0% used [0x00000000e6ab0000, 0x00000000e6ab0000, 0x00000000e8000000)
 concurrent mark-sweep generation total 393216K, used 89869K [0x00000000e8000000, 0x0000000100000000, 0x0000000100000000)
 Metaspace       used 31696K, capacity 32232K, committed 32408K, reserved 1077248K
  class space    used 3524K, capacity 3704K, committed 3736K, reserved 1048576K
}
2017-06-27T19:27:53.158+0200: 3328,150: Total time for which application threads were stopped: 0,0133684 seconds, Stopping threads took: 0,0000176 seconds
2017-06-27T19:27:53.906+0200: 3328,898: Total time for which application threads were stopped: 0,0001676 seconds, Stopping threads took: 0,0000976 seconds
{Heap before GC invocations=22 (full 1):
 par new generation   total 109248K, used 109248K [0x00000000e0000000, 0x00000000e8000000, 0x00000000e8000000)
  eden space 87424K, 100% used [0x00000000e0000000, 0x00000000e5560000, 0x00000000e5560000)
  from space 21824K, 100% used [0x00000000e5560000, 0x00000000e6ab0000, 0x00000000e6ab0000)
  to   space 21824K,   0% used [0x00000000e6ab0000, 0x00000000e6ab0000, 0x00000000e8000000)
 concurrent mark-sweep generation total 393216K, used 89869K [0x00000000e8000000, 0x0000000100000000, 0x0000000100000000)
 Metaspace       used 31699K, capacity 32232K, committed 32408K, reserved 1077248K
  class space    used 3524K, capacity 3704K, committed 3736K, reserved 1048576K
2017-06-27T19:27:54.570+0200: 3329,563: [GC (Allocation Failure) 2017-06-27T19:27:54.570+0200: 3329,563: [ParNew
Desired survivor size 20112992 bytes, new threshold 5 (max 8)
- age   1:   10006128 bytes,   10006128 total
- age   2:    1807432 bytes,   11813560 total
- age   3:    3689784 bytes,   15503344 total
- age   4:    2079776 bytes,   17583120 total
- age   5:    4715104 bytes,   22298224 total
: 109248K->21824K(109248K), 0,0116127 secs] 199117K->132614K(502464K), 0,0116723 secs] [Times: user=0,03 sys=0,01, real=0,01 secs] 
Heap after GC invocations=23 (full 1):
 par new generation   total 109248K, used 21824K [0x00000000e0000000, 0x00000000e8000000, 0x00000000e8000000)
  eden space 87424K,   0% used [0x00000000e0000000, 0x00000000e0000000, 0x00000000e5560000)
  from space 21824K, 100% used [0x00000000e6ab0000, 0x00000000e8000000, 0x00000000e8000000)
  to   space 21824K,   0% used [0x00000000e5560000, 0x00000000e5560000, 0x00000000e6ab0000)
 concurrent mark-sweep generation total 393216K, used 110790K [0x00000000e8000000, 0x0000000100000000, 0x0000000100000000)
 Metaspace       used 31699K, capacity 32232K, committed 32408K, reserved 1077248K
  class space    used 3524K, capacity 3704K, committed 3736K, reserved 1048576K
}
2017-06-27T19:27:54.582+0200: 3329,575: Total time for which application threads were stopped: 0,0118132 seconds, Stopping threads took: 0,0000149 seconds
2017-06-27T19:27:55.582+0200: 3330,575: Total time for which application threads were stopped: 0,0001453 seconds, Stopping threads took: 0,0000623 seconds
{Heap before GC invocations=23 (full 1):
 par new generation   total 109248K, used 109248K [0x00000000e0000000, 0x00000000e8000000, 0x00000000e8000000)
  eden space 87424K, 100% used [0x00000000e0000000, 0x00000000e5560000, 0x00000000e5560000)
  from space 21824K, 100% used [0x00000000e6ab0000, 0x00000000e8000000, 0x00000000e8000000)
  to   space 21824K,   0% used [0x00000000e5560000, 0x00000000e5560000, 0x00000000e6ab0000)
 concurrent mark-sweep generation total 393216K, used 110790K [0x00000000e8000000, 0x0000000100000000, 0x0000000100000000)
 Metaspace       used 31705K, capacity 32232K, committed 32408K, reserved 1077248K
  class space    used 3524K, capacity 3704K, committed 3736K, reserved 1048576K
2017-06-27T19:27:56.546+0200: 3331,538: [GC (Allocation Failure) 2017-06-27T19:27:56.546+0200: 3331,538: [ParNew
Desired survivor size 20112992 bytes, new threshold 5 (max 8)
- age   1:    8162440 bytes,    8162440 total
- age   2:    6473712 bytes,   14636152 total
- age   3:    1648128 bytes,   16284280 total
- age   4:    3652960 bytes,   19937240 total
- age   5:    2041280 bytes,   21978520 total
: 109248K->21824K(109248K), 0,0098950 secs] 220038K->149501K(502464K), 0,0099778 secs] [Times: user=0,03 sys=0,00, real=0,02 secs] 
Heap after GC invocations=24 (full 1):
 par new generation   total 109248K, used 21824K [0x00000000e0000000, 0x00000000e8000000, 0x00000000e8000000)
  eden space 87424K,   0% used [0x00000000e0000000, 0x00000000e0000000, 0x00000000e5560000)
  from space 21824K, 100% used [0x00000000e5560000, 0x00000000e6ab0000, 0x00000000e6ab0000)
  to   space 21824K,   0% used [0x00000000e6ab0000, 0x00000000e6ab0000, 0x00000000e8000000)
 concurrent mark-sweep generation total 393216K, used 127677K [0x00000000e8000000, 0x0000000100000000, 0x0000000100000000)
 Metaspace       used 31705K, capacity 32232K, committed 32408K, reserved 1077248K
  class space    used 3524K, capacity 3704K, committed 3736K, reserved 1048576K
}
2017-06-27T19:27:56.556+0200: 3331,548: Total time for which application threads were stopped: 0,0101458 seconds, Stopping threads took: 0,0000261 seconds
2017-06-27T19:27:57.556+0200: 3332,548: Total time for which application threads were stopped: 0,0000870 seconds, Stopping threads took: 0,0000255 seconds
{Heap before GC invocations=24 (full 1):
 par new generation   total 109248K, used 109248K [0x00000000e0000000, 0x00000000e8000000, 0x00000000e8000000)
  eden space 87424K, 100% used [0x00000000e0000000, 0x00000000e5560000, 0x00000000e5560000)
  from space 21824K, 100% used [0x00000000e5560000, 0x00000000e6ab0000, 0x00000000e6ab0000)
  to   space 21824K,   0% used [0x00000000e6ab0000, 0x00000000e6ab0000, 0x00000000e8000000)
 concurrent mark-sweep generation total 393216K, used 127677K [0x00000000e8000000, 0x0000000100000000, 0x0000000100000000)
 Metaspace       used 31708K, capacity 32232K, committed 32408K, reserved 1077248K
  class space    used 3524K, capacity 3704K, committed 3736K, reserved 1048576K
2017-06-27T19:27:58.090+0200: 3333,083: [GC (Allocation Failure) 2017-06-27T19:27:58.090+0200: 3333,083: [ParNew
Desired survivor size 20112992 bytes, new threshold 5 (max 8)
- age   1:   12393064 bytes,   12393064 total
- age   2:    2594504 bytes,   14987568 total
- age   3:    2553552 bytes,   17541120 total
- age   4:    1123528 bytes,   18664648 total
- age   5:    3652960 bytes,   22317608 total
: 109248K->21824K(109248K), 0,0091294 secs] 236925K->165425K(502464K), 0,0091891 secs] [Times: user=0,03 sys=0,00, real=0,01 secs] 
Heap after GC invocations=25 (full 1):
 par new generation   total 109248K, used 21824K [0x00000000e0000000, 0x00000000e8000000, 0x00000000e8000000)
  eden space 87424K,   0% used [0x00000000e0000000, 0x00000000e0000000, 0x00000000e5560000)
  from space 21824K, 100% used [0x00000000e6ab0000, 0x00000000e8000000, 0x00000000e8000000)
  to   space 21824K,   0% used [0x00000000e5560000, 0x00000000e5560000, 0x00000000e6ab0000)
 concurrent mark-sweep generation total 393216K, used 143601K [0x00000000e8000000, 0x0000000100000000, 0x0000000100000000)
 Metaspace       used 31708K, capacity 32232K, committed 32408K, reserved 1077248K
  class space    used 3524K, capacity 3704K, committed 3736K, reserved 1048576K
}
2017-06-27T19:27:58.100+0200: 3333,092: Total time for which application threads were stopped: 0,0093280 seconds, Stopping threads took: 0,0000164 seconds
2017-06-27T19:27:59.100+0200: 3334,092: Total time for which application threads were stopped: 0,0001002 seconds, Stopping threads took: 0,0000306 seconds
{Heap before GC invocations=25 (full 1):
 par new generation   total 109248K, used 109248K [0x00000000e0000000, 0x00000000e8000000, 0x00000000e8000000)
  eden space 87424K, 100% used [0x00000000e0000000, 0x00000000e5560000, 0x00000000e5560000)
  from space 21824K, 100% used [0x00000000e6ab0000, 0x00000000e8000000, 0x00000000e8000000)
  to   space 21824K,   0% used [0x00000000e5560000, 0x00000000e5560000, 0x00000000e6ab0000)
 concurrent mark-sweep generation total 393216K, used 143601K [0x00000000e8000000, 0x0000000100000000, 0x0000000100000000)
 Metaspace       used 31715K, capacity 32232K, committed 32408K, reserved 1077248K
  class space    used 3524K, capacity 3704K, committed 3736K, reserved 1048576K
2017-06-27T19:27:59.823+0200: 3334,815: [GC (Allocation Failure) 2017-06-27T19:27:59.823+0200: 3334,815: [ParNew
Desired survivor size 20112992 bytes, new threshold 4 (max 8)
- age   1:    8255344 bytes,    8255344 total
- age   2:    7882712 bytes,   16138056 total
- age   3:    2465520 bytes,   18603576 total
- age   4:    2684232 bytes,   21287808 total
- age   5:    1353016 bytes,   22640824 total
: 109248K->21824K(109248K), 0,0091083 secs] 252849K->179493K(502464K), 0,0091740 secs] [Times: user=0,03 sys=0,00, real=0,01 secs] 
Heap after GC invocations=26 (full 1):
 par new generation   total 109248K, used 21824K [0x00000000e0000000, 0x00000000e8000000, 0x00000000e8000000)
  eden space 87424K,   0% used [0x00000000e0000000, 0x00000000e0000000, 0x00000000e5560000)
  from space 21824K, 100% used [0x00000000e5560000, 0x00000000e6ab0000, 0x00000000e6ab0000)
  to   space 21824K,   0% used [0x00000000e6ab0000, 0x00000000e6ab0000, 0x00000000e8000000)
 concurrent mark-sweep generation total 393216K, used 157669K [0x00000000e8000000, 0x0000000100000000, 0x0000000100000000)
 Metaspace       used 31715K, capacity 32232K, committed 32408K, reserved 1077248K
  class space    used 3524K, capacity 3704K, committed 3736K, reserved 1048576K
}
2017-06-27T19:27:59.832+0200: 3334,825: Total time for which application threads were stopped: 0,0093129 seconds, Stopping threads took: 0,0000158 seconds
2017-06-27T19:28:00.337+0200: 3335,330: Total time for which application threads were stopped: 0,0000910 seconds, Stopping threads took: 0,0000208 seconds
{Heap before GC invocations=26 (full 1):
 par new generation   total 109248K, used 109248K [0x00000000e0000000, 0x00000000e8000000, 0x00000000e8000000)
  eden space 87424K, 100% used [0x00000000e0000000, 0x00000000e5560000, 0x00000000e5560000)
  from space 21824K, 100% used [0x00000000e5560000, 0x00000000e6ab0000, 0x00000000e6ab0000)
  to   space 21824K,   0% used [0x00000000e6ab0000, 0x00000000e6ab0000, 0x00000000e8000000)
 concurrent mark-sweep generation total 393216K, used 157669K [0x00000000e8000000, 0x0000000100000000, 0x0000000100000000)
 Metaspace       used 31729K, capacity 32232K, committed 32408K, reserved 1077248K
  class space    used 3524K, capacity 3704K, committed 3736K, reserved 1048576K
2017-06-27T19:28:00.988+0200: 3335,981: [GC (Allocation Failure) 2017-06-27T19:28:00.988+0200: 3335,981: [ParNew
Desired survivor size 20112992 bytes, new threshold 8 (max 8)
- age   1:    4110672 bytes,    4110672 total
- age   2:    5978984 bytes,   10089656 total
- age   3:    7819512 bytes,   17909168 total
- age   4:    1096664 bytes,   19005832 total
: 109248K->21824K(109248K), 0,0077312 secs] 266917K->186172K(502464K), 0,0077922 secs] [Times: user=0,03 sys=0,00, real=0,01 secs] 
Heap after GC invocations=27 (full 1):
 par new generation   total 109248K, used 21824K [0x00000000e0000000, 0x00000000e8000000, 0x00000000e8000000)
  eden space 87424K,   0% used [0x00000000e0000000, 0x00000000e0000000, 0x00000000e5560000)
  from space 21824K, 100% used [0x00000000e6ab0000, 0x00000000e8000000, 0x00000000e8000000)
  to   space 21824K,   0% used [0x00000000e5560000, 0x00000000e5560000, 0x00000000e6ab0000)
 concurrent mark-sweep generation total 393216K, used 164348K [0x00000000e8000000, 0x0000000100000000, 0x0000000100000000)
 Metaspace       used 31729K, capacity 32232K, committed 32408K, reserved 1077248K
  class space    used 3524K, capacity 3704K, committed 3736K, reserved 1048576K
}
2017-06-27T19:28:00.996+0200: 3335,989: Total time for which application threads were stopped: 0,0079776 seconds, Stopping threads took: 0,0000251 seconds
{Heap before GC invocations=27 (full 1):
 par new generation   total 109248K, used 109248K [0x00000000e0000000, 0x00000000e8000000, 0x00000000e8000000)
  eden space 87424K, 100% used [0x00000000e0000000, 0x00000000e5560000, 0x00000000e5560000)
  from space 21824K, 100% used [0x00000000e6ab0000, 0x00000000e8000000, 0x00000000e8000000)
  to   space 21824K,   0% used [0x00000000e5560000, 0x00000000e5560000, 0x00000000e6ab0000)
 concurrent mark-sweep generation total 393216K, used 164348K [0x00000000e8000000, 0x0000000100000000, 0x0000000100000000)
 Metaspace       used 31730K, capacity 32232K, committed 32408K, reserved 1077248K
  class space    used 3524K, capacity 3704K, committed 3736K, reserved 1048576K
2017-06-27T19:28:01.302+0200: 3336,294: [GC (Allocation Failure) 2017-06-27T19:28:01.302+0200: 3336,294: [ParNew
Desired survivor size 20112992 bytes, new threshold 8 (max 8)
- age   1:      49928 bytes,      49928 total
- age   2:    3408984 bytes,    3458912 total
- age   3:    5182536 bytes,    8641448 total
- age   4:    7818416 bytes,   16459864 total
- age   5:    1095576 bytes,   17555440 total
: 109248K->21824K(109248K), 0,0052173 secs] 273596K->187628K(502464K), 0,0052770 secs] [Times: user=0,03 sys=0,00, real=0,01 secs] 
Heap after GC invocations=28 (full 1):
 par new generation   total 109248K, used 21824K [0x00000000e0000000, 0x00000000e8000000, 0x00000000e8000000)
  eden space 87424K,   0% used [0x00000000e0000000, 0x00000000e0000000, 0x00000000e5560000)
  from space 21824K, 100% used [0x00000000e5560000, 0x00000000e6ab0000, 0x00000000e6ab0000)
  to   space 21824K,   0% used [0x00000000e6ab0000, 0x00000000e6ab0000, 0x00000000e8000000)
 concurrent mark-sweep generation total 393216K, used 165804K [0x00000000e8000000, 0x0000000100000000, 0x0000000100000000)
 Metaspace       used 31730K, capacity 32232K, committed 32408K, reserved 1077248K
  class space    used 3524K, capacity 3704K, committed 3736K, reserved 1048576K
}
2017-06-27T19:28:01.307+0200: 3336,300: Total time for which application threads were stopped: 0,0054227 seconds, Stopping threads took: 0,0000222 seconds
{Heap before GC invocations=28 (full 1):
 par new generation   total 109248K, used 109248K [0x00000000e0000000, 0x00000000e8000000, 0x00000000e8000000)
  eden space 87424K, 100% used [0x00000000e0000000, 0x00000000e5560000, 0x00000000e5560000)
  from space 21824K, 100% used [0x00000000e5560000, 0x00000000e6ab0000, 0x00000000e6ab0000)
  to   space 21824K,   0% used [0x00000000e6ab0000, 0x00000000e6ab0000, 0x00000000e8000000)
 concurrent mark-sweep generation total 393216K, used 165804K [0x00000000e8000000, 0x0000000100000000, 0x0000000100000000)
 Metaspace       used 31735K, capacity 32232K, committed 32408K, reserved 1077248K
  class space    used 3524K, capacity 3704K, committed 3736K, reserved 1048576K
2017-06-27T19:28:01.541+0200: 3336,534: [GC (Allocation Failure) 2017-06-27T19:28:01.542+0200: 3336,534: [ParNew
Desired survivor size 20112992 bytes, new threshold 8 (max 8)
- age   1:     105624 bytes,     105624 total
- age   2:        184 bytes,     105808 total
- age   3:    3376304 bytes,    3482112 total
- age   4:    5182536 bytes,    8664648 total
- age   5:    7818416 bytes,   16483064 total
- age   6:    1095576 bytes,   17578640 total
: 109248K->21665K(109248K), 0,0057979 secs] 275052K->187469K(502464K), 0,0058670 secs] [Times: user=0,02 sys=0,00, real=0,01 secs] 
Heap after GC invocations=29 (full 1):
 par new generation   total 109248K, used 21665K [0x00000000e0000000, 0x00000000e8000000, 0x00000000e8000000)
  eden space 87424K,   0% used [0x00000000e0000000, 0x00000000e0000000, 0x00000000e5560000)
  from space 21824K,  99% used [0x00000000e6ab0000, 0x00000000e7fd8460, 0x00000000e8000000)
  to   space 21824K,   0% used [0x00000000e5560000, 0x00000000e5560000, 0x00000000e6ab0000)
 concurrent mark-sweep generation total 393216K, used 165804K [0x00000000e8000000, 0x0000000100000000, 0x0000000100000000)
 Metaspace       used 31735K, capacity 32232K, committed 32408K, reserved 1077248K
  class space    used 3524K, capacity 3704K, committed 3736K, reserved 1048576K
}
2017-06-27T19:28:01.547+0200: 3336,540: Total time for which application threads were stopped: 0,0060112 seconds, Stopping threads took: 0,0000202 seconds
{Heap before GC invocations=29 (full 1):
 par new generation   total 109248K, used 109089K [0x00000000e0000000, 0x00000000e8000000, 0x00000000e8000000)
  eden space 87424K, 100% used [0x00000000e0000000, 0x00000000e5560000, 0x00000000e5560000)
  from space 21824K,  99% used [0x00000000e6ab0000, 0x00000000e7fd8460, 0x00000000e8000000)
  to   space 21824K,   0% used [0x00000000e5560000, 0x00000000e5560000, 0x00000000e6ab0000)
 concurrent mark-sweep generation total 393216K, used 165804K [0x00000000e8000000, 0x0000000100000000, 0x0000000100000000)
 Metaspace       used 31735K, capacity 32232K, committed 32408K, reserved 1077248K
  class space    used 3524K, capacity 3704K, committed 3736K, reserved 1048576K
2017-06-27T19:28:01.836+0200: 3336,829: [GC (Allocation Failure) 2017-06-27T19:28:01.836+0200: 3336,829: [ParNew
Desired survivor size 20112992 bytes, new threshold 8 (max 8)
- age   1:      64312 bytes,      64312 total
- age   2:      58184 bytes,     122496 total
- age   3:        184 bytes,     122680 total
- age   4:    3343520 bytes,    3466200 total
- age   5:    5182536 bytes,    8648736 total
- age   6:    7818416 bytes,   16467152 total
- age   7:    1095576 bytes,   17562728 total
: 109089K->21824K(109248K), 0,0065802 secs] 274893K->187628K(502464K), 0,0066491 secs] [Times: user=0,01 sys=0,00, real=0,00 secs] 
Heap after GC invocations=30 (full 1):
 par new generation   total 109248K, used 21824K [0x00000000e0000000, 0x00000000e8000000, 0x00000000e8000000)
  eden space 87424K,   0% used [0x00000000e0000000, 0x00000000e0000000, 0x00000000e5560000)
  from space 21824K, 100% used [0x00000000e5560000, 0x00000000e6ab0000, 0x00000000e6ab0000)
  to   space 21824K,   0% used [0x00000000e6ab0000, 0x00000000e6ab0000, 0x00000000e8000000)
 concurrent mark-sweep generation total 393216K, used 165804K [0x00000000e8000000, 0x0000000100000000, 0x0000000100000000)
 Metaspace       used 31735K, capacity 32232K, committed 32408K, reserved 1077248K
  class space    used 3524K, capacity 3704K, committed 3736K, reserved 1048576K
}
2017-06-27T19:28:01.843+0200: 3336,836: Total time for which application threads were stopped: 0,0068317 seconds, Stopping threads took: 0,0000205 seconds
2017-06-27T19:28:01.941+0200: 3336,934: Total time for which application threads were stopped: 0,0001123 seconds, Stopping threads took: 0,0000202 seconds
2017-06-27T19:28:01.941+0200: 3336,934: Total time for which application threads were stopped: 0,0000684 seconds, Stopping threads took: 0,0000102 seconds
2017-06-27T19:28:02.942+0200: 3337,934: Total time for which application threads were stopped: 0,0001670 seconds, Stopping threads took: 0,0000253 seconds
2017-06-27T19:28:04.576+0200: 3339,568: Total time for which application threads were stopped: 0,0001634 seconds, Stopping threads took: 0,0001057 seconds
2017-06-27T19:28:04.576+0200: 3339,569: Total time for which application threads were stopped: 0,0000598 seconds, Stopping threads took: 0,0000227 seconds
2017-06-27T19:28:04.576+0200: 3339,569: Total time for which application threads were stopped: 0,0000436 seconds, Stopping threads took: 0,0000109 seconds
2017-06-27T19:28:04.576+0200: 3339,569: Total time for which application threads were stopped: 0,0000543 seconds, Stopping threads took: 0,0000217 seconds
2017-06-27T19:28:04.576+0200: 3339,569: Total time for which application threads were stopped: 0,0000422 seconds, Stopping threads took: 0,0000095 seconds
2017-06-27T19:28:04.577+0200: 3339,569: Total time for which application threads were stopped: 0,0000482 seconds, Stopping threads took: 0,0000127 seconds
2017-06-27T19:28:04.577+0200: 3339,569: Total time for which application threads were stopped: 0,0000584 seconds, Stopping threads took: 0,0000256 seconds
2017-06-27T19:28:04.577+0200: 3339,569: Total time for which application threads were stopped: 0,0000535 seconds, Stopping threads took: 0,0000120 seconds
2017-06-27T19:28:04.577+0200: 3339,569: Total time for which application threads were stopped: 0,0000416 seconds, Stopping threads took: 0,0000160 seconds
2017-06-27T19:28:04.578+0200: 3339,571: Total time for which application threads were stopped: 0,0000533 seconds, Stopping threads took: 0,0000127 seconds
2017-06-27T19:28:04.834+0200: 3339,827: Total time for which application threads were stopped: 0,0000984 seconds, Stopping threads took: 0,0000196 seconds
2017-06-27T19:28:04.835+0200: 3339,827: Total time for which application threads were stopped: 0,0000509 seconds, Stopping threads took: 0,0000064 seconds
2017-06-27T19:28:04.835+0200: 3339,828: Total time for which application threads were stopped: 0,0000656 seconds, Stopping threads took: 0,0000130 seconds
2017-06-27T19:28:04.864+0200: 3339,856: Total time for which application threads were stopped: 0,0000877 seconds, Stopping threads took: 0,0000183 seconds
2017-06-27T19:28:04.864+0200: 3339,857: Total time for which application threads were stopped: 0,0000433 seconds, Stopping threads took: 0,0000069 seconds
2017-06-27T19:28:06.730+0200: 3341,722: Total time for which application threads were stopped: 0,0000659 seconds, Stopping threads took: 0,0000136 seconds
2017-06-27T19:28:06.730+0200: 3341,722: Total time for which application threads were stopped: 0,0000316 seconds, Stopping threads took: 0,0000059 seconds
2017-06-27T19:28:06.750+0200: 3341,743: Total time for which application threads were stopped: 0,0001711 seconds, Stopping threads took: 0,0000529 seconds
2017-06-27T19:28:06.772+0200: 3341,765: Total time for which application threads were stopped: 0,0001009 seconds, Stopping threads took: 0,0000151 seconds
2017-06-27T19:28:06.772+0200: 3341,765: Total time for which application threads were stopped: 0,0000284 seconds, Stopping threads took: 0,0000048 seconds
2017-06-27T19:28:06.773+0200: 3341,766: Total time for which application threads were stopped: 0,0000302 seconds, Stopping threads took: 0,0000047 seconds
2017-06-27T19:28:06.776+0200: 3341,768: Total time for which application threads were stopped: 0,0000602 seconds, Stopping threads took: 0,0000118 seconds
2017-06-27T19:28:06.776+0200: 3341,768: Total time for which application threads were stopped: 0,0000366 seconds, Stopping threads took: 0,0000100 seconds
2017-06-27T19:28:06.776+0200: 3341,769: Total time for which application threads were stopped: 0,0000409 seconds, Stopping threads took: 0,0000152 seconds
2017-06-27T19:28:06.776+0200: 3341,769: Total time for which application threads were stopped: 0,0000376 seconds, Stopping threads took: 0,0000100 seconds
2017-06-27T19:28:06.845+0200: 3341,837: Total time for which application threads were stopped: 0,0000884 seconds, Stopping threads took: 0,0000194 seconds
2017-06-27T19:28:07.013+0200: 3342,005: Total time for which application threads were stopped: 0,0001589 seconds, Stopping threads took: 0,0000566 seconds
2017-06-27T19:28:07.013+0200: 3342,006: Total time for which application threads were stopped: 0,0000699 seconds, Stopping threads took: 0,0000163 seconds
2017-06-27T19:28:07.014+0200: 3342,006: Total time for which application threads were stopped: 0,0000657 seconds, Stopping threads took: 0,0000156 seconds
2017-06-27T19:28:07.014+0200: 3342,006: Total time for which application threads were stopped: 0,0000917 seconds, Stopping threads took: 0,0000241 seconds
2017-06-27T19:28:07.014+0200: 3342,006: Total time for which application threads were stopped: 0,0000610 seconds, Stopping threads took: 0,0000144 seconds
2017-06-27T19:28:07.014+0200: 3342,006: Total time for which application threads were stopped: 0,0000624 seconds, Stopping threads took: 0,0000144 seconds
2017-06-27T19:28:07.014+0200: 3342,007: Total time for which application threads were stopped: 0,0001875 seconds, Stopping threads took: 0,0000163 seconds
2017-06-27T19:28:07.036+0200: 3342,029: Total time for which application threads were stopped: 0,0001494 seconds, Stopping threads took: 0,0000470 seconds
2017-06-27T19:28:24.989+0200: 3359,982: Total time for which application threads were stopped: 0,0000944 seconds, Stopping threads took: 0,0000298 seconds
2017-06-27T19:28:24.989+0200: 3359,982: Total time for which application threads were stopped: 0,0000471 seconds, Stopping threads took: 0,0000085 seconds
2017-06-27T19:28:24.989+0200: 3359,982: Total time for which application threads were stopped: 0,0000314 seconds, Stopping threads took: 0,0000084 seconds
2017-06-27T19:28:24.990+0200: 3359,982: Total time for which application threads were stopped: 0,0000393 seconds, Stopping threads took: 0,0000079 seconds
2017-06-27T19:28:25.230+0200: 3360,223: Total time for which application threads were stopped: 0,0001533 seconds, Stopping threads took: 0,0000184 seconds
2017-06-27T19:28:25.231+0200: 3360,223: Total time for which application threads were stopped: 0,0000772 seconds, Stopping threads took: 0,0000073 seconds
2017-06-27T19:28:25.232+0200: 3360,225: Total time for which application threads were stopped: 0,0001305 seconds, Stopping threads took: 0,0000781 seconds
2017-06-27T19:28:25.232+0200: 3360,225: Total time for which application threads were stopped: 0,0000430 seconds, Stopping threads took: 0,0000160 seconds
2017-06-27T19:28:25.299+0200: 3360,292: Total time for which application threads were stopped: 0,0001090 seconds, Stopping threads took: 0,0000169 seconds
2017-06-27T19:28:25.299+0200: 3360,292: Total time for which application threads were stopped: 0,0000329 seconds, Stopping threads took: 0,0000060 seconds
2017-06-27T19:28:25.303+0200: 3360,295: Total time for which application threads were stopped: 0,0001427 seconds, Stopping threads took: 0,0000311 seconds
2017-06-27T19:28:25.303+0200: 3360,295: Total time for which application threads were stopped: 0,0000539 seconds, Stopping threads took: 0,0000200 seconds
2017-06-27T19:28:25.303+0200: 3360,295: Total time for which application threads were stopped: 0,0000537 seconds, Stopping threads took: 0,0000211 seconds
2017-06-27T19:28:25.303+0200: 3360,296: Total time for which application threads were stopped: 0,0000518 seconds, Stopping threads took: 0,0000204 seconds
2017-06-27T19:28:25.303+0200: 3360,296: Total time for which application threads were stopped: 0,0000639 seconds, Stopping threads took: 0,0000243 seconds
2017-06-27T19:28:25.305+0200: 3360,297: Total time for which application threads were stopped: 0,0001625 seconds, Stopping threads took: 0,0000388 seconds
2017-06-27T19:28:25.305+0200: 3360,297: Total time for which application threads were stopped: 0,0000403 seconds, Stopping threads took: 0,0000073 seconds
2017-06-27T19:28:25.305+0200: 3360,297: Total time for which application threads were stopped: 0,0000507 seconds, Stopping threads took: 0,0000182 seconds
2017-06-27T19:28:25.305+0200: 3360,297: Total time for which application threads were stopped: 0,0000396 seconds, Stopping threads took: 0,0000138 seconds
2017-06-27T19:28:25.305+0200: 3360,298: Total time for which application threads were stopped: 0,0000396 seconds, Stopping threads took: 0,0000128 seconds
2017-06-27T19:28:25.305+0200: 3360,298: Total time for which application threads were stopped: 0,0000310 seconds, Stopping threads took: 0,0000065 seconds
2017-06-27T19:28:26.305+0200: 3361,298: Total time for which application threads were stopped: 0,0001105 seconds, Stopping threads took: 0,0000230 seconds
2017-06-27T19:28:30.866+0200: 3365,859: Total time for which application threads were stopped: 0,0001075 seconds, Stopping threads took: 0,0000200 seconds
2017-06-27T19:28:38.767+0200: 3373,760: Total time for which application threads were stopped: 0,0001213 seconds, Stopping threads took: 0,0000229 seconds
2017-06-27T19:28:38.768+0200: 3373,761: Total time for which application threads were stopped: 0,0000947 seconds, Stopping threads took: 0,0000389 seconds
2017-06-27T19:28:38.795+0200: 3373,788: Total time for which application threads were stopped: 0,0012313 seconds, Stopping threads took: 0,0000635 seconds
2017-06-27T19:28:38.798+0200: 3373,791: Total time for which application threads were stopped: 0,0001439 seconds, Stopping threads took: 0,0000374 seconds
2017-06-27T19:28:38.803+0200: 3373,796: Total time for which application threads were stopped: 0,0011817 seconds, Stopping threads took: 0,0010333 seconds
2017-06-27T19:28:38.803+0200: 3373,796: Total time for which application threads were stopped: 0,0000693 seconds, Stopping threads took: 0,0000229 seconds
2017-06-27T19:28:38.803+0200: 3373,796: Total time for which application threads were stopped: 0,0000824 seconds, Stopping threads took: 0,0000364 seconds
2017-06-27T19:28:38.805+0200: 3373,797: Total time for which application threads were stopped: 0,0001152 seconds, Stopping threads took: 0,0000601 seconds
2017-06-27T19:28:38.805+0200: 3373,798: Total time for which application threads were stopped: 0,0000907 seconds, Stopping threads took: 0,0000349 seconds
2017-06-27T19:28:38.806+0200: 3373,798: Total time for which application threads were stopped: 0,0002052 seconds, Stopping threads took: 0,0001594 seconds
2017-06-27T19:28:38.806+0200: 3373,799: Total time for which application threads were stopped: 0,0000628 seconds, Stopping threads took: 0,0000165 seconds
2017-06-27T19:28:38.806+0200: 3373,799: Total time for which application threads were stopped: 0,0000586 seconds, Stopping threads took: 0,0000114 seconds
2017-06-27T19:28:38.819+0200: 3373,811: Total time for which application threads were stopped: 0,0001027 seconds, Stopping threads took: 0,0000609 seconds
Heap
 par new generation   total 109248K, used 95832K [0x00000000e0000000, 0x00000000e8000000, 0x00000000e8000000)
  eden space 87424K,  84% used [0x00000000e0000000, 0x00000000e4846000, 0x00000000e5560000)
  from space 21824K, 100% used [0x00000000e5560000, 0x00000000e6ab0000, 0x00000000e6ab0000)
  to   space 21824K,   0% used [0x00000000e6ab0000, 0x00000000e6ab0000, 0x00000000e8000000)
 concurrent mark-sweep generation total 393216K, used 165804K [0x00000000e8000000, 0x0000000100000000, 0x0000000100000000)
 Metaspace       used 31890K, capacity 32298K, committed 32664K, reserved 1079296K
  class space    used 3533K, capacity 3705K, committed 3736K, reserved 1048576K
