OpenJDK 64-Bit Server VM (25.131-b11) for linux-amd64 JRE (1.8.0_131-8u131-b11-0ubuntu1.16.04.2-b11), built on May  6 2017 02:45:27 by "buildd" with gcc 5.4.0 20160609
Memory: 4k page, physical 16399084k(12779856k free), swap 31998972k(31998972k free)
CommandLine flags: -XX:CMSInitiatingOccupancyFraction=50 -XX:CMSMaxAbortablePrecleanTime=6000 -XX:+CMSParallelRemarkEnabled -XX:+CMSScavengeBeforeRemark -XX:ConcGCThreads=4 -XX:InitialHeapSize=536870912 -XX:MaxHeapSize=536870912 -XX:MaxTenuringThreshold=8 -XX:NewRatio=3 -XX:OldPLABSize=16 -XX:OnOutOfMemoryError=/home/froog/Studium/oxygen_crawl/Crawler/solr/solr-5.5.4/bin/oom_solr.sh 8983 /home/froog/Studium/oxygen_crawl/Crawler/solr/solr-5.5.4/server/logs -XX:ParallelGCThreads=4 -XX:+ParallelRefProcEnabled -XX:PretenureSizeThreshold=67108864 -XX:+PrintGC -XX:+PrintGCApplicationStoppedTime -XX:+PrintGCDateStamps -XX:+PrintGCDetails -XX:+PrintGCTimeStamps -XX:+PrintHeapAtGC -XX:+PrintTenuringDistribution -XX:SurvivorRatio=4 -XX:TargetSurvivorRatio=90 -XX:ThreadStackSize=256 -XX:+UseCMSInitiatingOccupancyOnly -XX:+UseCompressedClassPointers -XX:+UseCompressedOops -XX:+UseConcMarkSweepGC -XX:+UseParNewGC 
2017-07-28T12:16:44.191+0200: 0,832: Total time for which application threads were stopped: 0,0001016 seconds, Stopping threads took: 0,0000185 seconds
2017-07-28T12:16:44.958+0200: 1,598: Total time for which application threads were stopped: 0,0001725 seconds, Stopping threads took: 0,0000142 seconds
2017-07-28T12:16:45.409+0200: 2,049: Total time for which application threads were stopped: 0,0001394 seconds, Stopping threads took: 0,0000234 seconds
2017-07-28T12:16:45.672+0200: 2,312: Total time for which application threads were stopped: 0,0001616 seconds, Stopping threads took: 0,0000164 seconds
2017-07-28T12:16:45.810+0200: 2,450: Total time for which application threads were stopped: 0,0001634 seconds, Stopping threads took: 0,0000180 seconds
2017-07-28T12:16:45.868+0200: 2,509: Total time for which application threads were stopped: 0,0002017 seconds, Stopping threads took: 0,0000182 seconds
2017-07-28T12:16:45.920+0200: 2,560: Total time for which application threads were stopped: 0,0001096 seconds, Stopping threads took: 0,0000146 seconds
{Heap before GC invocations=0 (full 0):
 par new generation   total 109248K, used 87424K [0x00000000e0000000, 0x00000000e8000000, 0x00000000e8000000)
  eden space 87424K, 100% used [0x00000000e0000000, 0x00000000e5560000, 0x00000000e5560000)
  from space 21824K,   0% used [0x00000000e5560000, 0x00000000e5560000, 0x00000000e6ab0000)
  to   space 21824K,   0% used [0x00000000e6ab0000, 0x00000000e6ab0000, 0x00000000e8000000)
 concurrent mark-sweep generation total 393216K, used 0K [0x00000000e8000000, 0x0000000100000000, 0x0000000100000000)
 Metaspace       used 10091K, capacity 10236K, committed 10496K, reserved 1058816K
  class space    used 1124K, capacity 1176K, committed 1280K, reserved 1048576K
2017-07-28T12:16:46.555+0200: 3,195: [GC (Allocation Failure) 2017-07-28T12:16:46.555+0200: 3,195: [ParNew
Desired survivor size 20112992 bytes, new threshold 8 (max 8)
- age   1:    5745456 bytes,    5745456 total
: 87424K->5670K(109248K), 0,0082636 secs] 87424K->5670K(502464K), 0,0083852 secs] [Times: user=0,01 sys=0,02, real=0,01 secs] 
Heap after GC invocations=1 (full 0):
 par new generation   total 109248K, used 5670K [0x00000000e0000000, 0x00000000e8000000, 0x00000000e8000000)
  eden space 87424K,   0% used [0x00000000e0000000, 0x00000000e0000000, 0x00000000e5560000)
  from space 21824K,  25% used [0x00000000e6ab0000, 0x00000000e7039bd8, 0x00000000e8000000)
  to   space 21824K,   0% used [0x00000000e5560000, 0x00000000e5560000, 0x00000000e6ab0000)
 concurrent mark-sweep generation total 393216K, used 0K [0x00000000e8000000, 0x0000000100000000, 0x0000000100000000)
 Metaspace       used 10091K, capacity 10236K, committed 10496K, reserved 1058816K
  class space    used 1124K, capacity 1176K, committed 1280K, reserved 1048576K
}
2017-07-28T12:16:46.563+0200: 3,204: Total time for which application threads were stopped: 0,0085790 seconds, Stopping threads took: 0,0000207 seconds
2017-07-28T12:16:46.798+0200: 3,439: Total time for which application threads were stopped: 0,0001723 seconds, Stopping threads took: 0,0000200 seconds
2017-07-28T12:16:47.252+0200: 3,892: Total time for which application threads were stopped: 0,0002269 seconds, Stopping threads took: 0,0000187 seconds
2017-07-28T12:16:47.436+0200: 4,077: Total time for which application threads were stopped: 0,0001788 seconds, Stopping threads took: 0,0000184 seconds
2017-07-28T12:16:48.144+0200: 4,784: Total time for which application threads were stopped: 0,0002381 seconds, Stopping threads took: 0,0000200 seconds
2017-07-28T12:16:48.217+0200: 4,857: Total time for which application threads were stopped: 0,0002239 seconds, Stopping threads took: 0,0000298 seconds
2017-07-28T12:16:48.348+0200: 4,988: Total time for which application threads were stopped: 0,0002128 seconds, Stopping threads took: 0,0000149 seconds
2017-07-28T12:16:48.349+0200: 4,989: Total time for which application threads were stopped: 0,0001084 seconds, Stopping threads took: 0,0000108 seconds
2017-07-28T12:16:48.486+0200: 5,126: Total time for which application threads were stopped: 0,0002288 seconds, Stopping threads took: 0,0000184 seconds
2017-07-28T12:16:49.159+0200: 5,800: Total time for which application threads were stopped: 0,0001207 seconds, Stopping threads took: 0,0000202 seconds
2017-07-28T12:16:49.174+0200: 5,814: Total time for which application threads were stopped: 0,0001788 seconds, Stopping threads took: 0,0001014 seconds
2017-07-28T12:16:49.174+0200: 5,815: Total time for which application threads were stopped: 0,0001019 seconds, Stopping threads took: 0,0000479 seconds
2017-07-28T12:16:49.179+0200: 5,820: Total time for which application threads were stopped: 0,0000760 seconds, Stopping threads took: 0,0000145 seconds
2017-07-28T12:16:49.183+0200: 5,824: Total time for which application threads were stopped: 0,0001954 seconds, Stopping threads took: 0,0001345 seconds
2017-07-28T12:16:49.184+0200: 5,824: Total time for which application threads were stopped: 0,0001159 seconds, Stopping threads took: 0,0000371 seconds
2017-07-28T12:16:49.320+0200: 5,960: Total time for which application threads were stopped: 0,0003632 seconds, Stopping threads took: 0,0000517 seconds
2017-07-28T12:16:49.325+0200: 5,965: Total time for which application threads were stopped: 0,0002243 seconds, Stopping threads took: 0,0001338 seconds
2017-07-28T12:16:49.325+0200: 5,965: Total time for which application threads were stopped: 0,0000768 seconds, Stopping threads took: 0,0000182 seconds
2017-07-28T12:16:49.348+0200: 5,988: Total time for which application threads were stopped: 0,0001680 seconds, Stopping threads took: 0,0000742 seconds
2017-07-28T12:16:49.375+0200: 6,015: Total time for which application threads were stopped: 0,0000881 seconds, Stopping threads took: 0,0000169 seconds
2017-07-28T12:16:49.403+0200: 6,043: Total time for which application threads were stopped: 0,0000702 seconds, Stopping threads took: 0,0000173 seconds
2017-07-28T12:16:49.418+0200: 6,059: Total time for which application threads were stopped: 0,0002220 seconds, Stopping threads took: 0,0001611 seconds
2017-07-28T12:16:49.421+0200: 6,061: Total time for which application threads were stopped: 0,0001311 seconds, Stopping threads took: 0,0000434 seconds
2017-07-28T12:16:49.421+0200: 6,061: Total time for which application threads were stopped: 0,0001094 seconds, Stopping threads took: 0,0000288 seconds
2017-07-28T12:16:49.594+0200: 6,234: Total time for which application threads were stopped: 0,0001617 seconds, Stopping threads took: 0,0000222 seconds
2017-07-28T12:16:49.595+0200: 6,235: Total time for which application threads were stopped: 0,0002289 seconds, Stopping threads took: 0,0001456 seconds
2017-07-28T12:16:49.595+0200: 6,235: Total time for which application threads were stopped: 0,0001148 seconds, Stopping threads took: 0,0000474 seconds
2017-07-28T12:16:49.595+0200: 6,236: Total time for which application threads were stopped: 0,0001965 seconds, Stopping threads took: 0,0001291 seconds
2017-07-28T12:16:49.596+0200: 6,236: Total time for which application threads were stopped: 0,0000856 seconds, Stopping threads took: 0,0000278 seconds
2017-07-28T12:16:49.596+0200: 6,236: Total time for which application threads were stopped: 0,0000934 seconds, Stopping threads took: 0,0000422 seconds
2017-07-28T12:16:49.596+0200: 6,236: Total time for which application threads were stopped: 0,0000866 seconds, Stopping threads took: 0,0000227 seconds
2017-07-28T12:16:49.596+0200: 6,236: Total time for which application threads were stopped: 0,0000688 seconds, Stopping threads took: 0,0000281 seconds
2017-07-28T12:16:49.596+0200: 6,236: Total time for which application threads were stopped: 0,0000891 seconds, Stopping threads took: 0,0000320 seconds
2017-07-28T12:16:49.596+0200: 6,237: Total time for which application threads were stopped: 0,0000624 seconds, Stopping threads took: 0,0000307 seconds
2017-07-28T12:16:49.596+0200: 6,237: Total time for which application threads were stopped: 0,0000676 seconds, Stopping threads took: 0,0000275 seconds
2017-07-28T12:16:49.597+0200: 6,237: Total time for which application threads were stopped: 0,0000641 seconds, Stopping threads took: 0,0000225 seconds
2017-07-28T12:16:49.597+0200: 6,237: Total time for which application threads were stopped: 0,0000789 seconds, Stopping threads took: 0,0000236 seconds
2017-07-28T12:16:49.597+0200: 6,237: Total time for which application threads were stopped: 0,0000752 seconds, Stopping threads took: 0,0000140 seconds
2017-07-28T12:16:49.597+0200: 6,238: Total time for which application threads were stopped: 0,0000742 seconds, Stopping threads took: 0,0000263 seconds
2017-07-28T12:16:49.598+0200: 6,238: Total time for which application threads were stopped: 0,0000969 seconds, Stopping threads took: 0,0000316 seconds
2017-07-28T12:16:49.598+0200: 6,238: Total time for which application threads were stopped: 0,0000988 seconds, Stopping threads took: 0,0000424 seconds
2017-07-28T12:16:49.598+0200: 6,238: Total time for which application threads were stopped: 0,0001395 seconds, Stopping threads took: 0,0000829 seconds
2017-07-28T12:16:49.598+0200: 6,239: Total time for which application threads were stopped: 0,0001026 seconds, Stopping threads took: 0,0000552 seconds
2017-07-28T12:16:49.599+0200: 6,239: Total time for which application threads were stopped: 0,0000877 seconds, Stopping threads took: 0,0000390 seconds
2017-07-28T12:16:49.599+0200: 6,239: Total time for which application threads were stopped: 0,0000978 seconds, Stopping threads took: 0,0000381 seconds
2017-07-28T12:16:49.599+0200: 6,239: Total time for which application threads were stopped: 0,0000880 seconds, Stopping threads took: 0,0000329 seconds
2017-07-28T12:16:49.599+0200: 6,239: Total time for which application threads were stopped: 0,0000652 seconds, Stopping threads took: 0,0000124 seconds
2017-07-28T12:16:50.041+0200: 6,682: Total time for which application threads were stopped: 0,0001205 seconds, Stopping threads took: 0,0000197 seconds
2017-07-28T12:16:50.076+0200: 6,716: Total time for which application threads were stopped: 0,0000734 seconds, Stopping threads took: 0,0000142 seconds
2017-07-28T12:16:50.099+0200: 6,740: Total time for which application threads were stopped: 0,0000760 seconds, Stopping threads took: 0,0000152 seconds
2017-07-28T12:16:50.100+0200: 6,740: Total time for which application threads were stopped: 0,0001543 seconds, Stopping threads took: 0,0000815 seconds
2017-07-28T12:16:50.101+0200: 6,741: Total time for which application threads were stopped: 0,0002414 seconds, Stopping threads took: 0,0001586 seconds
2017-07-28T12:16:50.101+0200: 6,741: Total time for which application threads were stopped: 0,0002077 seconds, Stopping threads took: 0,0001301 seconds
2017-07-28T12:16:50.102+0200: 6,742: Total time for which application threads were stopped: 0,0002880 seconds, Stopping threads took: 0,0000901 seconds
2017-07-28T12:16:50.102+0200: 6,742: Total time for which application threads were stopped: 0,0002483 seconds, Stopping threads took: 0,0001558 seconds
2017-07-28T12:16:50.102+0200: 6,743: Total time for which application threads were stopped: 0,0001364 seconds, Stopping threads took: 0,0000543 seconds
2017-07-28T12:16:50.103+0200: 6,743: Total time for which application threads were stopped: 0,0001708 seconds, Stopping threads took: 0,0001023 seconds
2017-07-28T12:16:50.103+0200: 6,743: Total time for which application threads were stopped: 0,0001257 seconds, Stopping threads took: 0,0000484 seconds
2017-07-28T12:16:50.103+0200: 6,743: Total time for which application threads were stopped: 0,0001063 seconds, Stopping threads took: 0,0000428 seconds
2017-07-28T12:16:50.103+0200: 6,744: Total time for which application threads were stopped: 0,0001069 seconds, Stopping threads took: 0,0000371 seconds
2017-07-28T12:16:50.104+0200: 6,744: Total time for which application threads were stopped: 0,0001120 seconds, Stopping threads took: 0,0000442 seconds
2017-07-28T12:16:50.104+0200: 6,744: Total time for which application threads were stopped: 0,0000925 seconds, Stopping threads took: 0,0000167 seconds
2017-07-28T12:16:50.104+0200: 6,744: Total time for which application threads were stopped: 0,0001155 seconds, Stopping threads took: 0,0000470 seconds
2017-07-28T12:16:50.104+0200: 6,745: Total time for which application threads were stopped: 0,0000871 seconds, Stopping threads took: 0,0000407 seconds
2017-07-28T12:16:50.105+0200: 6,745: Total time for which application threads were stopped: 0,0000859 seconds, Stopping threads took: 0,0000366 seconds
2017-07-28T12:16:50.105+0200: 6,745: Total time for which application threads were stopped: 0,0000815 seconds, Stopping threads took: 0,0000300 seconds
2017-07-28T12:16:50.105+0200: 6,746: Total time for which application threads were stopped: 0,0001211 seconds, Stopping threads took: 0,0000531 seconds
2017-07-28T12:16:50.106+0200: 6,746: Total time for which application threads were stopped: 0,0001737 seconds, Stopping threads took: 0,0000476 seconds
2017-07-28T12:16:50.147+0200: 6,787: Total time for which application threads were stopped: 0,0002002 seconds, Stopping threads took: 0,0000894 seconds
2017-07-28T12:16:50.147+0200: 6,788: Total time for which application threads were stopped: 0,0001198 seconds, Stopping threads took: 0,0000565 seconds
2017-07-28T12:16:50.148+0200: 6,788: Total time for which application threads were stopped: 0,0001082 seconds, Stopping threads took: 0,0000553 seconds
2017-07-28T12:16:50.148+0200: 6,788: Total time for which application threads were stopped: 0,0000816 seconds, Stopping threads took: 0,0000276 seconds
2017-07-28T12:16:50.148+0200: 6,788: Total time for which application threads were stopped: 0,0001018 seconds, Stopping threads took: 0,0000520 seconds
2017-07-28T12:16:50.148+0200: 6,789: Total time for which application threads were stopped: 0,0001291 seconds, Stopping threads took: 0,0000731 seconds
2017-07-28T12:16:50.149+0200: 6,789: Total time for which application threads were stopped: 0,0000850 seconds, Stopping threads took: 0,0000214 seconds
2017-07-28T12:16:50.149+0200: 6,789: Total time for which application threads were stopped: 0,0001232 seconds, Stopping threads took: 0,0000547 seconds
2017-07-28T12:16:50.149+0200: 6,789: Total time for which application threads were stopped: 0,0001311 seconds, Stopping threads took: 0,0000475 seconds
2017-07-28T12:16:50.149+0200: 6,790: Total time for which application threads were stopped: 0,0000779 seconds, Stopping threads took: 0,0000426 seconds
2017-07-28T12:16:50.150+0200: 6,790: Total time for which application threads were stopped: 0,0001621 seconds, Stopping threads took: 0,0001171 seconds
2017-07-28T12:16:50.150+0200: 6,790: Total time for which application threads were stopped: 0,0000689 seconds, Stopping threads took: 0,0000274 seconds
2017-07-28T12:16:50.150+0200: 6,790: Total time for which application threads were stopped: 0,0000972 seconds, Stopping threads took: 0,0000574 seconds
2017-07-28T12:16:50.150+0200: 6,790: Total time for which application threads were stopped: 0,0000763 seconds, Stopping threads took: 0,0000348 seconds
2017-07-28T12:16:50.150+0200: 6,791: Total time for which application threads were stopped: 0,0001453 seconds, Stopping threads took: 0,0000190 seconds
2017-07-28T12:16:50.182+0200: 6,823: Total time for which application threads were stopped: 0,0001171 seconds, Stopping threads took: 0,0000692 seconds
{Heap before GC invocations=1 (full 0):
 par new generation   total 109248K, used 93094K [0x00000000e0000000, 0x00000000e8000000, 0x00000000e8000000)
  eden space 87424K, 100% used [0x00000000e0000000, 0x00000000e5560000, 0x00000000e5560000)
  from space 21824K,  25% used [0x00000000e6ab0000, 0x00000000e7039bd8, 0x00000000e8000000)
  to   space 21824K,   0% used [0x00000000e5560000, 0x00000000e5560000, 0x00000000e6ab0000)
 concurrent mark-sweep generation total 393216K, used 0K [0x00000000e8000000, 0x0000000100000000, 0x0000000100000000)
 Metaspace       used 18294K, capacity 18636K, committed 18816K, reserved 1067008K
  class space    used 2057K, capacity 2160K, committed 2176K, reserved 1048576K
2017-07-28T12:16:50.183+0200: 6,823: [GC (Allocation Failure) 2017-07-28T12:16:50.183+0200: 6,823: [ParNew
Desired survivor size 20112992 bytes, new threshold 8 (max 8)
- age   1:    9009648 bytes,    9009648 total
- age   2:    2548344 bytes,   11557992 total
: 93094K->13229K(109248K), 0,0084616 secs] 93094K->13229K(502464K), 0,0085225 secs] [Times: user=0,03 sys=0,00, real=0,01 secs] 
Heap after GC invocations=2 (full 0):
 par new generation   total 109248K, used 13229K [0x00000000e0000000, 0x00000000e8000000, 0x00000000e8000000)
  eden space 87424K,   0% used [0x00000000e0000000, 0x00000000e0000000, 0x00000000e5560000)
  from space 21824K,  60% used [0x00000000e5560000, 0x00000000e624b640, 0x00000000e6ab0000)
  to   space 21824K,   0% used [0x00000000e6ab0000, 0x00000000e6ab0000, 0x00000000e8000000)
 concurrent mark-sweep generation total 393216K, used 0K [0x00000000e8000000, 0x0000000100000000, 0x0000000100000000)
 Metaspace       used 18294K, capacity 18636K, committed 18816K, reserved 1067008K
  class space    used 2057K, capacity 2160K, committed 2176K, reserved 1048576K
}
2017-07-28T12:16:50.191+0200: 6,831: Total time for which application threads were stopped: 0,0086467 seconds, Stopping threads took: 0,0000129 seconds
2017-07-28T12:16:50.192+0200: 6,832: Total time for which application threads were stopped: 0,0001259 seconds, Stopping threads took: 0,0000764 seconds
2017-07-28T12:16:50.192+0200: 6,832: Total time for which application threads were stopped: 0,0001257 seconds, Stopping threads took: 0,0000755 seconds
2017-07-28T12:16:50.192+0200: 6,833: Total time for which application threads were stopped: 0,0001298 seconds, Stopping threads took: 0,0000804 seconds
2017-07-28T12:16:50.195+0200: 6,836: Total time for which application threads were stopped: 0,0023568 seconds, Stopping threads took: 0,0022960 seconds
2017-07-28T12:16:50.195+0200: 6,836: Total time for which application threads were stopped: 0,0000600 seconds, Stopping threads took: 0,0000304 seconds
2017-07-28T12:16:50.196+0200: 6,836: Total time for which application threads were stopped: 0,0001527 seconds, Stopping threads took: 0,0000324 seconds
2017-07-28T12:16:50.196+0200: 6,836: Total time for which application threads were stopped: 0,0000634 seconds, Stopping threads took: 0,0000323 seconds
2017-07-28T12:16:50.196+0200: 6,837: Total time for which application threads were stopped: 0,0000872 seconds, Stopping threads took: 0,0000177 seconds
2017-07-28T12:16:50.198+0200: 6,838: Total time for which application threads were stopped: 0,0002785 seconds, Stopping threads took: 0,0002400 seconds
2017-07-28T12:16:50.215+0200: 6,855: Total time for which application threads were stopped: 0,0000906 seconds, Stopping threads took: 0,0000233 seconds
2017-07-28T12:16:50.216+0200: 6,856: Total time for which application threads were stopped: 0,0001078 seconds, Stopping threads took: 0,0000712 seconds
2017-07-28T12:16:50.216+0200: 6,856: Total time for which application threads were stopped: 0,0000523 seconds, Stopping threads took: 0,0000233 seconds
2017-07-28T12:16:50.216+0200: 6,857: Total time for which application threads were stopped: 0,0000421 seconds, Stopping threads took: 0,0000074 seconds
2017-07-28T12:16:50.216+0200: 6,857: Total time for which application threads were stopped: 0,0000422 seconds, Stopping threads took: 0,0000073 seconds
2017-07-28T12:16:50.217+0200: 6,857: Total time for which application threads were stopped: 0,0000421 seconds, Stopping threads took: 0,0000073 seconds
2017-07-28T12:16:50.219+0200: 6,859: Total time for which application threads were stopped: 0,0000739 seconds, Stopping threads took: 0,0000159 seconds
2017-07-28T12:16:50.219+0200: 6,860: Total time for which application threads were stopped: 0,0000748 seconds, Stopping threads took: 0,0000308 seconds
2017-07-28T12:16:50.220+0200: 6,860: Total time for which application threads were stopped: 0,0000862 seconds, Stopping threads took: 0,0000293 seconds
2017-07-28T12:16:50.220+0200: 6,860: Total time for which application threads were stopped: 0,0000517 seconds, Stopping threads took: 0,0000103 seconds
2017-07-28T12:16:50.221+0200: 6,861: Total time for which application threads were stopped: 0,0000733 seconds, Stopping threads took: 0,0000257 seconds
2017-07-28T12:16:50.221+0200: 6,861: Total time for which application threads were stopped: 0,0000601 seconds, Stopping threads took: 0,0000200 seconds
2017-07-28T12:16:50.221+0200: 6,862: Total time for which application threads were stopped: 0,0000534 seconds, Stopping threads took: 0,0000098 seconds
2017-07-28T12:16:50.222+0200: 6,862: Total time for which application threads were stopped: 0,0001099 seconds, Stopping threads took: 0,0000224 seconds
2017-07-28T12:16:50.225+0200: 6,865: Total time for which application threads were stopped: 0,0001649 seconds, Stopping threads took: 0,0001215 seconds
2017-07-28T12:16:50.270+0200: 6,910: Total time for which application threads were stopped: 0,0001736 seconds, Stopping threads took: 0,0000615 seconds
2017-07-28T12:16:50.330+0200: 6,971: Total time for which application threads were stopped: 0,0002256 seconds, Stopping threads took: 0,0000193 seconds
2017-07-28T12:16:50.339+0200: 6,980: Total time for which application threads were stopped: 0,0011682 seconds, Stopping threads took: 0,0009592 seconds
{Heap before GC invocations=2 (full 0):
 par new generation   total 109248K, used 100652K [0x00000000e0000000, 0x00000000e8000000, 0x00000000e8000000)
  eden space 87424K,  99% used [0x00000000e0000000, 0x00000000e555fda0, 0x00000000e5560000)
  from space 21824K,  60% used [0x00000000e5560000, 0x00000000e624b640, 0x00000000e6ab0000)
  to   space 21824K,   0% used [0x00000000e6ab0000, 0x00000000e6ab0000, 0x00000000e8000000)
 concurrent mark-sweep generation total 393216K, used 0K [0x00000000e8000000, 0x0000000100000000, 0x0000000100000000)
 Metaspace       used 19130K, capacity 19404K, committed 19456K, reserved 1067008K
  class space    used 2183K, capacity 2288K, committed 2304K, reserved 1048576K
2017-07-28T12:16:50.346+0200: 6,987: [GC (Allocation Failure) 2017-07-28T12:16:50.346+0200: 6,987: [ParNew
Desired survivor size 20112992 bytes, new threshold 8 (max 8)
- age   1:    1174088 bytes,    1174088 total
- age   2:    3617504 bytes,    4791592 total
- age   3:    2541432 bytes,    7333024 total
: 100652K->11762K(109248K), 0,0052461 secs] 100652K->11762K(502464K), 0,0053265 secs] [Times: user=0,01 sys=0,00, real=0,01 secs] 
Heap after GC invocations=3 (full 0):
 par new generation   total 109248K, used 11762K [0x00000000e0000000, 0x00000000e8000000, 0x00000000e8000000)
  eden space 87424K,   0% used [0x00000000e0000000, 0x00000000e0000000, 0x00000000e5560000)
  from space 21824K,  53% used [0x00000000e6ab0000, 0x00000000e762cac8, 0x00000000e8000000)
  to   space 21824K,   0% used [0x00000000e5560000, 0x00000000e5560000, 0x00000000e6ab0000)
 concurrent mark-sweep generation total 393216K, used 0K [0x00000000e8000000, 0x0000000100000000, 0x0000000100000000)
 Metaspace       used 19130K, capacity 19404K, committed 19456K, reserved 1067008K
  class space    used 2183K, capacity 2288K, committed 2304K, reserved 1048576K
}
2017-07-28T12:16:50.352+0200: 6,992: Total time for which application threads were stopped: 0,0054763 seconds, Stopping threads took: 0,0000274 seconds
2017-07-28T12:16:50.352+0200: 6,992: Total time for which application threads were stopped: 0,0001058 seconds, Stopping threads took: 0,0000557 seconds
2017-07-28T12:16:50.353+0200: 6,993: Total time for which application threads were stopped: 0,0000658 seconds, Stopping threads took: 0,0000344 seconds
2017-07-28T12:16:50.361+0200: 7,002: Total time for which application threads were stopped: 0,0002093 seconds, Stopping threads took: 0,0000159 seconds
2017-07-28T12:16:50.512+0200: 7,152: Total time for which application threads were stopped: 0,0002206 seconds, Stopping threads took: 0,0001238 seconds
2017-07-28T12:16:50.611+0200: 7,252: Total time for which application threads were stopped: 0,0002437 seconds, Stopping threads took: 0,0000884 seconds
2017-07-28T12:16:50.616+0200: 7,256: Total time for which application threads were stopped: 0,0001399 seconds, Stopping threads took: 0,0000860 seconds
2017-07-28T12:16:50.617+0200: 7,257: Total time for which application threads were stopped: 0,0001000 seconds, Stopping threads took: 0,0000490 seconds
2017-07-28T12:16:50.620+0200: 7,260: Total time for which application threads were stopped: 0,0001238 seconds, Stopping threads took: 0,0000433 seconds
2017-07-28T12:16:50.621+0200: 7,261: Total time for which application threads were stopped: 0,0002285 seconds, Stopping threads took: 0,0000249 seconds
{Heap before GC invocations=3 (full 0):
 par new generation   total 109248K, used 99186K [0x00000000e0000000, 0x00000000e8000000, 0x00000000e8000000)
  eden space 87424K, 100% used [0x00000000e0000000, 0x00000000e5560000, 0x00000000e5560000)
  from space 21824K,  53% used [0x00000000e6ab0000, 0x00000000e762cac8, 0x00000000e8000000)
  to   space 21824K,   0% used [0x00000000e5560000, 0x00000000e5560000, 0x00000000e6ab0000)
 concurrent mark-sweep generation total 393216K, used 0K [0x00000000e8000000, 0x0000000100000000, 0x0000000100000000)
 Metaspace       used 20062K, capacity 20408K, committed 20608K, reserved 1067008K
  class space    used 2279K, capacity 2386K, committed 2432K, reserved 1048576K
2017-07-28T12:16:50.672+0200: 7,312: [GC (Allocation Failure) 2017-07-28T12:16:50.672+0200: 7,312: [ParNew
Desired survivor size 20112992 bytes, new threshold 8 (max 8)
- age   1:    2301992 bytes,    2301992 total
- age   2:     220760 bytes,    2522752 total
- age   3:    3595600 bytes,    6118352 total
- age   4:    2541336 bytes,    8659688 total
: 99186K->11392K(109248K), 0,0058382 secs] 99186K->11392K(502464K), 0,0059296 secs] [Times: user=0,04 sys=0,00, real=0,00 secs] 
Heap after GC invocations=4 (full 0):
 par new generation   total 109248K, used 11392K [0x00000000e0000000, 0x00000000e8000000, 0x00000000e8000000)
  eden space 87424K,   0% used [0x00000000e0000000, 0x00000000e0000000, 0x00000000e5560000)
  from space 21824K,  52% used [0x00000000e5560000, 0x00000000e60802f0, 0x00000000e6ab0000)
  to   space 21824K,   0% used [0x00000000e6ab0000, 0x00000000e6ab0000, 0x00000000e8000000)
 concurrent mark-sweep generation total 393216K, used 0K [0x00000000e8000000, 0x0000000100000000, 0x0000000100000000)
 Metaspace       used 20062K, capacity 20408K, committed 20608K, reserved 1067008K
  class space    used 2279K, capacity 2386K, committed 2432K, reserved 1048576K
}
2017-07-28T12:16:50.678+0200: 7,318: Total time for which application threads were stopped: 0,0061294 seconds, Stopping threads took: 0,0000471 seconds
2017-07-28T12:16:50.729+0200: 7,369: Total time for which application threads were stopped: 0,0000800 seconds, Stopping threads took: 0,0000162 seconds
2017-07-28T12:16:50.736+0200: 7,377: Total time for which application threads were stopped: 0,0001369 seconds, Stopping threads took: 0,0000902 seconds
2017-07-28T12:16:50.746+0200: 7,386: Total time for which application threads were stopped: 0,0000443 seconds, Stopping threads took: 0,0000101 seconds
2017-07-28T12:16:50.825+0200: 7,465: Total time for which application threads were stopped: 0,0002627 seconds, Stopping threads took: 0,0000150 seconds
2017-07-28T12:16:50.827+0200: 7,467: Total time for which application threads were stopped: 0,0000744 seconds, Stopping threads took: 0,0000179 seconds
2017-07-28T12:16:50.837+0200: 7,477: Total time for which application threads were stopped: 0,0001111 seconds, Stopping threads took: 0,0000429 seconds
2017-07-28T12:16:50.838+0200: 7,478: Total time for which application threads were stopped: 0,0001012 seconds, Stopping threads took: 0,0000264 seconds
2017-07-28T12:16:50.839+0200: 7,479: Total time for which application threads were stopped: 0,0000700 seconds, Stopping threads took: 0,0000131 seconds
2017-07-28T12:16:50.864+0200: 7,505: Total time for which application threads were stopped: 0,0001336 seconds, Stopping threads took: 0,0000723 seconds
2017-07-28T12:16:50.891+0200: 7,531: Total time for which application threads were stopped: 0,0000839 seconds, Stopping threads took: 0,0000209 seconds
2017-07-28T12:16:50.923+0200: 7,563: Total time for which application threads were stopped: 0,0000818 seconds, Stopping threads took: 0,0000203 seconds
2017-07-28T12:16:50.963+0200: 7,603: Total time for which application threads were stopped: 0,0001253 seconds, Stopping threads took: 0,0000455 seconds
2017-07-28T12:16:50.963+0200: 7,603: Total time for which application threads were stopped: 0,0000533 seconds, Stopping threads took: 0,0000138 seconds
2017-07-28T12:16:51.009+0200: 7,649: Total time for which application threads were stopped: 0,0001352 seconds, Stopping threads took: 0,0000768 seconds
2017-07-28T12:16:51.022+0200: 7,662: Total time for which application threads were stopped: 0,0000645 seconds, Stopping threads took: 0,0000158 seconds
2017-07-28T12:16:51.033+0200: 7,674: Total time for which application threads were stopped: 0,0000813 seconds, Stopping threads took: 0,0000345 seconds
2017-07-28T12:16:51.038+0200: 7,678: Total time for which application threads were stopped: 0,0002185 seconds, Stopping threads took: 0,0000116 seconds
2017-07-28T12:16:51.068+0200: 7,708: Total time for which application threads were stopped: 0,0000503 seconds, Stopping threads took: 0,0000183 seconds
2017-07-28T12:16:51.069+0200: 7,709: Total time for which application threads were stopped: 0,0000512 seconds, Stopping threads took: 0,0000129 seconds
2017-07-28T12:16:51.098+0200: 7,738: Total time for which application threads were stopped: 0,0000806 seconds, Stopping threads took: 0,0000187 seconds
2017-07-28T12:16:51.099+0200: 7,739: Total time for which application threads were stopped: 0,0001459 seconds, Stopping threads took: 0,0000970 seconds
2017-07-28T12:16:51.100+0200: 7,740: Total time for which application threads were stopped: 0,0000887 seconds, Stopping threads took: 0,0000319 seconds
2017-07-28T12:16:51.101+0200: 7,741: Total time for which application threads were stopped: 0,0000489 seconds, Stopping threads took: 0,0000121 seconds
2017-07-28T12:16:51.102+0200: 7,743: Total time for which application threads were stopped: 0,0000671 seconds, Stopping threads took: 0,0000120 seconds
2017-07-28T12:16:51.114+0200: 7,755: Total time for which application threads were stopped: 0,0000779 seconds, Stopping threads took: 0,0000198 seconds
2017-07-28T12:16:51.121+0200: 7,761: Total time for which application threads were stopped: 0,0002318 seconds, Stopping threads took: 0,0001379 seconds
2017-07-28T12:16:51.165+0200: 7,805: Total time for which application threads were stopped: 0,0000853 seconds, Stopping threads took: 0,0000174 seconds
2017-07-28T12:16:51.167+0200: 7,808: Total time for which application threads were stopped: 0,0000589 seconds, Stopping threads took: 0,0000110 seconds
2017-07-28T12:16:51.168+0200: 7,808: Total time for which application threads were stopped: 0,0000516 seconds, Stopping threads took: 0,0000087 seconds
2017-07-28T12:16:51.182+0200: 7,822: Total time for which application threads were stopped: 0,0000592 seconds, Stopping threads took: 0,0000166 seconds
2017-07-28T12:16:51.264+0200: 7,904: Total time for which application threads were stopped: 0,0001148 seconds, Stopping threads took: 0,0000191 seconds
2017-07-28T12:16:51.342+0200: 7,983: Total time for which application threads were stopped: 0,0001300 seconds, Stopping threads took: 0,0000279 seconds
2017-07-28T12:16:51.355+0200: 7,995: Total time for which application threads were stopped: 0,0000783 seconds, Stopping threads took: 0,0000150 seconds
2017-07-28T12:16:51.355+0200: 7,996: Total time for which application threads were stopped: 0,0000657 seconds, Stopping threads took: 0,0000175 seconds
2017-07-28T12:16:51.391+0200: 8,031: Total time for which application threads were stopped: 0,0000985 seconds, Stopping threads took: 0,0000197 seconds
{Heap before GC invocations=4 (full 0):
 par new generation   total 109248K, used 98816K [0x00000000e0000000, 0x00000000e8000000, 0x00000000e8000000)
  eden space 87424K, 100% used [0x00000000e0000000, 0x00000000e5560000, 0x00000000e5560000)
  from space 21824K,  52% used [0x00000000e5560000, 0x00000000e60802f0, 0x00000000e6ab0000)
  to   space 21824K,   0% used [0x00000000e6ab0000, 0x00000000e6ab0000, 0x00000000e8000000)
 concurrent mark-sweep generation total 393216K, used 0K [0x00000000e8000000, 0x0000000100000000, 0x0000000100000000)
 Metaspace       used 23519K, capacity 23922K, committed 24208K, reserved 1071104K
  class space    used 2728K, capacity 2889K, committed 2940K, reserved 1048576K
2017-07-28T12:16:51.395+0200: 8,035: [GC (Allocation Failure) 2017-07-28T12:16:51.395+0200: 8,035: [ParNew
Desired survivor size 20112992 bytes, new threshold 8 (max 8)
- age   1:    3466416 bytes,    3466416 total
- age   2:     255216 bytes,    3721632 total
- age   3:     215352 bytes,    3936984 total
- age   4:    3593752 bytes,    7530736 total
- age   5:    2541080 bytes,   10071816 total
: 98816K->11569K(109248K), 0,0066201 secs] 98816K->11569K(502464K), 0,0066988 secs] [Times: user=0,03 sys=0,00, real=0,01 secs] 
Heap after GC invocations=5 (full 0):
 par new generation   total 109248K, used 11569K [0x00000000e0000000, 0x00000000e8000000, 0x00000000e8000000)
  eden space 87424K,   0% used [0x00000000e0000000, 0x00000000e0000000, 0x00000000e5560000)
  from space 21824K,  53% used [0x00000000e6ab0000, 0x00000000e75fc4a8, 0x00000000e8000000)
  to   space 21824K,   0% used [0x00000000e5560000, 0x00000000e5560000, 0x00000000e6ab0000)
 concurrent mark-sweep generation total 393216K, used 0K [0x00000000e8000000, 0x0000000100000000, 0x0000000100000000)
 Metaspace       used 23519K, capacity 23922K, committed 24208K, reserved 1071104K
  class space    used 2728K, capacity 2889K, committed 2940K, reserved 1048576K
}
2017-07-28T12:16:51.402+0200: 8,042: Total time for which application threads were stopped: 0,0068446 seconds, Stopping threads took: 0,0000247 seconds
2017-07-28T12:16:51.402+0200: 8,042: [GC (CMS Initial Mark) [1 CMS-initial-mark: 0K(393216K)] 11586K(502464K), 0,0016314 secs] [Times: user=0,01 sys=0,00, real=0,00 secs] 
2017-07-28T12:16:51.403+0200: 8,044: Total time for which application threads were stopped: 0,0017479 seconds, Stopping threads took: 0,0000234 seconds
2017-07-28T12:16:51.403+0200: 8,044: [CMS-concurrent-mark-start]
2017-07-28T12:16:51.404+0200: 8,044: [CMS-concurrent-mark: 0,000/0,000 secs] [Times: user=0,00 sys=0,00, real=0,00 secs] 
2017-07-28T12:16:51.404+0200: 8,044: [CMS-concurrent-preclean-start]
2017-07-28T12:16:51.404+0200: 8,045: [CMS-concurrent-preclean: 0,001/0,001 secs] [Times: user=0,00 sys=0,00, real=0,00 secs] 
2017-07-28T12:16:51.405+0200: 8,045: [GC (CMS Final Remark) [YG occupancy: 13124 K (109248 K)]{Heap before GC invocations=5 (full 1):
 par new generation   total 109248K, used 13124K [0x00000000e0000000, 0x00000000e8000000, 0x00000000e8000000)
  eden space 87424K,   1% used [0x00000000e0000000, 0x00000000e0184df0, 0x00000000e5560000)
  from space 21824K,  53% used [0x00000000e6ab0000, 0x00000000e75fc4a8, 0x00000000e8000000)
  to   space 21824K,   0% used [0x00000000e5560000, 0x00000000e5560000, 0x00000000e6ab0000)
 concurrent mark-sweep generation total 393216K, used 0K [0x00000000e8000000, 0x0000000100000000, 0x0000000100000000)
 Metaspace       used 23559K, capacity 23922K, committed 24208K, reserved 1071104K
  class space    used 2730K, capacity 2889K, committed 2940K, reserved 1048576K
2017-07-28T12:16:51.405+0200: 8,045: [GC (CMS Final Remark) 2017-07-28T12:16:51.405+0200: 8,045: [ParNew
Desired survivor size 20112992 bytes, new threshold 8 (max 8)
- age   1:      67624 bytes,      67624 total
- age   2:    1162632 bytes,    1230256 total
- age   3:     255216 bytes,    1485472 total
- age   4:     215352 bytes,    1700824 total
- age   5:    3593752 bytes,    5294576 total
- age   6:    2541184 bytes,    7835760 total
: 13124K->10535K(109248K), 0,0052235 secs] 13124K->10535K(502464K), 0,0052851 secs] [Times: user=0,02 sys=0,00, real=0,01 secs] 
Heap after GC invocations=6 (full 1):
 par new generation   total 109248K, used 10535K [0x00000000e0000000, 0x00000000e8000000, 0x00000000e8000000)
  eden space 87424K,   0% used [0x00000000e0000000, 0x00000000e0000000, 0x00000000e5560000)
  from space 21824K,  48% used [0x00000000e5560000, 0x00000000e5fa9ef8, 0x00000000e6ab0000)
  to   space 21824K,   0% used [0x00000000e6ab0000, 0x00000000e6ab0000, 0x00000000e8000000)
 concurrent mark-sweep generation total 393216K, used 0K [0x00000000e8000000, 0x0000000100000000, 0x0000000100000000)
 Metaspace       used 23559K, capacity 23922K, committed 24208K, reserved 1071104K
  class space    used 2730K, capacity 2889K, committed 2940K, reserved 1048576K
}
2017-07-28T12:16:51.410+0200: 8,050: [Rescan (parallel) , 0,0019029 secs]2017-07-28T12:16:51.412+0200: 8,052: [weak refs processing, 0,0002761 secs]2017-07-28T12:16:51.412+0200: 8,053: [class unloading, 0,0025034 secs]2017-07-28T12:16:51.415+0200: 8,055: [scrub symbol table, 0,0023043 secs]2017-07-28T12:16:51.417+0200: 8,057: [scrub string table, 0,0003269 secs][1 CMS-remark: 0K(393216K)] 10535K(502464K), 0,0132618 secs] [Times: user=0,04 sys=0,00, real=0,01 secs] 
2017-07-28T12:16:51.418+0200: 8,058: Total time for which application threads were stopped: 0,0134427 seconds, Stopping threads took: 0,0001153 seconds
2017-07-28T12:16:51.418+0200: 8,058: [CMS-concurrent-sweep-start]
2017-07-28T12:16:51.418+0200: 8,058: [CMS-concurrent-sweep: 0,000/0,000 secs] [Times: user=0,00 sys=0,00, real=0,00 secs] 
2017-07-28T12:16:51.418+0200: 8,058: [CMS-concurrent-reset-start]
2017-07-28T12:16:51.419+0200: 8,059: [CMS-concurrent-reset: 0,001/0,001 secs] [Times: user=0,00 sys=0,00, real=0,00 secs] 
2017-07-28T12:16:51.455+0200: 8,095: Total time for which application threads were stopped: 0,0001045 seconds, Stopping threads took: 0,0000228 seconds
2017-07-28T12:16:51.511+0200: 8,151: Total time for which application threads were stopped: 0,0001162 seconds, Stopping threads took: 0,0000423 seconds
2017-07-28T12:16:51.514+0200: 8,154: Total time for which application threads were stopped: 0,0003284 seconds, Stopping threads took: 0,0002206 seconds
2017-07-28T12:16:51.514+0200: 8,155: Total time for which application threads were stopped: 0,0003701 seconds, Stopping threads took: 0,0001791 seconds
2017-07-28T12:16:51.525+0200: 8,165: Total time for which application threads were stopped: 0,0000990 seconds, Stopping threads took: 0,0000236 seconds
2017-07-28T12:16:51.535+0200: 8,175: Total time for which application threads were stopped: 0,0002009 seconds, Stopping threads took: 0,0000985 seconds
2017-07-28T12:16:51.535+0200: 8,176: Total time for which application threads were stopped: 0,0001729 seconds, Stopping threads took: 0,0001044 seconds
2017-07-28T12:16:51.537+0200: 8,178: Total time for which application threads were stopped: 0,0001756 seconds, Stopping threads took: 0,0000763 seconds
2017-07-28T12:16:51.539+0200: 8,179: Total time for which application threads were stopped: 0,0001781 seconds, Stopping threads took: 0,0001110 seconds
2017-07-28T12:16:51.539+0200: 8,179: Total time for which application threads were stopped: 0,0001014 seconds, Stopping threads took: 0,0000368 seconds
2017-07-28T12:16:51.555+0200: 8,196: Total time for which application threads were stopped: 0,0002664 seconds, Stopping threads took: 0,0001666 seconds
2017-07-28T12:16:51.556+0200: 8,196: Total time for which application threads were stopped: 0,0001892 seconds, Stopping threads took: 0,0000416 seconds
2017-07-28T12:16:51.808+0200: 8,448: Total time for which application threads were stopped: 0,0001689 seconds, Stopping threads took: 0,0000605 seconds
2017-07-28T12:16:51.809+0200: 8,449: Total time for which application threads were stopped: 0,0001380 seconds, Stopping threads took: 0,0000638 seconds
2017-07-28T12:16:51.827+0200: 8,467: Total time for which application threads were stopped: 0,0001561 seconds, Stopping threads took: 0,0000791 seconds
2017-07-28T12:16:51.954+0200: 8,594: Total time for which application threads were stopped: 0,0300108 seconds, Stopping threads took: 0,0299181 seconds
2017-07-28T12:16:52.122+0200: 8,763: Total time for which application threads were stopped: 0,0320236 seconds, Stopping threads took: 0,0316440 seconds
2017-07-28T12:16:52.155+0200: 8,795: Total time for which application threads were stopped: 0,0010314 seconds, Stopping threads took: 0,0005581 seconds
2017-07-28T12:16:52.402+0200: 9,043: Total time for which application threads were stopped: 0,0316911 seconds, Stopping threads took: 0,0315904 seconds
2017-07-28T12:16:52.436+0200: 9,076: Total time for which application threads were stopped: 0,0266340 seconds, Stopping threads took: 0,0265175 seconds
2017-07-28T12:16:52.442+0200: 9,082: Total time for which application threads were stopped: 0,0050347 seconds, Stopping threads took: 0,0049421 seconds
2017-07-28T12:16:52.443+0200: 9,083: Total time for which application threads were stopped: 0,0002678 seconds, Stopping threads took: 0,0001841 seconds
2017-07-28T12:16:52.456+0200: 9,097: Total time for which application threads were stopped: 0,0130227 seconds, Stopping threads took: 0,0129341 seconds
2017-07-28T12:16:52.459+0200: 9,099: Total time for which application threads were stopped: 0,0002125 seconds, Stopping threads took: 0,0000926 seconds
2017-07-28T12:16:52.476+0200: 9,117: Total time for which application threads were stopped: 0,0006817 seconds, Stopping threads took: 0,0005455 seconds
2017-07-28T12:16:52.496+0200: 9,136: Total time for which application threads were stopped: 0,0154323 seconds, Stopping threads took: 0,0153479 seconds
2017-07-28T12:16:52.515+0200: 9,155: Total time for which application threads were stopped: 0,0148674 seconds, Stopping threads took: 0,0147831 seconds
2017-07-28T12:16:52.545+0200: 9,186: Total time for which application threads were stopped: 0,0042507 seconds, Stopping threads took: 0,0041648 seconds
2017-07-28T12:16:52.718+0200: 9,358: Total time for which application threads were stopped: 0,0001253 seconds, Stopping threads took: 0,0000471 seconds
2017-07-28T12:16:52.753+0200: 9,394: Total time for which application threads were stopped: 0,0001010 seconds, Stopping threads took: 0,0000265 seconds
2017-07-28T12:16:52.769+0200: 9,409: Total time for which application threads were stopped: 0,0001248 seconds, Stopping threads took: 0,0000409 seconds
2017-07-28T12:16:52.769+0200: 9,409: Total time for which application threads were stopped: 0,0001083 seconds, Stopping threads took: 0,0000655 seconds
2017-07-28T12:16:52.770+0200: 9,411: Total time for which application threads were stopped: 0,0000861 seconds, Stopping threads took: 0,0000403 seconds
{Heap before GC invocations=6 (full 1):
 par new generation   total 109248K, used 97959K [0x00000000e0000000, 0x00000000e8000000, 0x00000000e8000000)
  eden space 87424K, 100% used [0x00000000e0000000, 0x00000000e5560000, 0x00000000e5560000)
  from space 21824K,  48% used [0x00000000e5560000, 0x00000000e5fa9ef8, 0x00000000e6ab0000)
  to   space 21824K,   0% used [0x00000000e6ab0000, 0x00000000e6ab0000, 0x00000000e8000000)
 concurrent mark-sweep generation total 393216K, used 0K [0x00000000e8000000, 0x0000000100000000, 0x0000000100000000)
 Metaspace       used 25617K, capacity 25986K, committed 26436K, reserved 1073152K
  class space    used 2941K, capacity 3085K, committed 3196K, reserved 1048576K
2017-07-28T12:16:52.793+0200: 9,433: [GC (Allocation Failure) 2017-07-28T12:16:52.793+0200: 9,433: [ParNew
Desired survivor size 20112992 bytes, new threshold 8 (max 8)
- age   1:   11610136 bytes,   11610136 total
- age   2:       2624 bytes,   11612760 total
- age   3:    1131392 bytes,   12744152 total
- age   4:     254648 bytes,   12998800 total
- age   5:     208464 bytes,   13207264 total
- age   6:    3583576 bytes,   16790840 total
- age   7:    2541008 bytes,   19331848 total
: 97959K->20108K(109248K), 0,0102743 secs] 97959K->20108K(502464K), 0,0103519 secs] [Times: user=0,03 sys=0,01, real=0,01 secs] 
Heap after GC invocations=7 (full 1):
 par new generation   total 109248K, used 20108K [0x00000000e0000000, 0x00000000e8000000, 0x00000000e8000000)
  eden space 87424K,   0% used [0x00000000e0000000, 0x00000000e0000000, 0x00000000e5560000)
  from space 21824K,  92% used [0x00000000e6ab0000, 0x00000000e7e532b0, 0x00000000e8000000)
  to   space 21824K,   0% used [0x00000000e5560000, 0x00000000e5560000, 0x00000000e6ab0000)
 concurrent mark-sweep generation total 393216K, used 0K [0x00000000e8000000, 0x0000000100000000, 0x0000000100000000)
 Metaspace       used 25617K, capacity 25986K, committed 26436K, reserved 1073152K
  class space    used 2941K, capacity 3085K, committed 3196K, reserved 1048576K
}
2017-07-28T12:16:52.803+0200: 9,443: Total time for which application threads were stopped: 0,0105506 seconds, Stopping threads took: 0,0000491 seconds
2017-07-28T12:16:52.804+0200: 9,444: Total time for which application threads were stopped: 0,0001277 seconds, Stopping threads took: 0,0000593 seconds
2017-07-28T12:16:52.804+0200: 9,444: Total time for which application threads were stopped: 0,0000819 seconds, Stopping threads took: 0,0000452 seconds
2017-07-28T12:16:52.804+0200: 9,444: Total time for which application threads were stopped: 0,0000725 seconds, Stopping threads took: 0,0000271 seconds
2017-07-28T12:16:52.804+0200: 9,445: Total time for which application threads were stopped: 0,0000814 seconds, Stopping threads took: 0,0000388 seconds
2017-07-28T12:16:52.804+0200: 9,445: Total time for which application threads were stopped: 0,0000653 seconds, Stopping threads took: 0,0000288 seconds
2017-07-28T12:16:52.805+0200: 9,445: Total time for which application threads were stopped: 0,0000598 seconds, Stopping threads took: 0,0000173 seconds
2017-07-28T12:16:52.821+0200: 9,461: Total time for which application threads were stopped: 0,0003352 seconds, Stopping threads took: 0,0000433 seconds
2017-07-28T12:16:52.864+0200: 9,504: Total time for which application threads were stopped: 0,0003464 seconds, Stopping threads took: 0,0000231 seconds
{Heap before GC invocations=7 (full 1):
 par new generation   total 109248K, used 107532K [0x00000000e0000000, 0x00000000e8000000, 0x00000000e8000000)
  eden space 87424K, 100% used [0x00000000e0000000, 0x00000000e5560000, 0x00000000e5560000)
  from space 21824K,  92% used [0x00000000e6ab0000, 0x00000000e7e532b0, 0x00000000e8000000)
  to   space 21824K,   0% used [0x00000000e5560000, 0x00000000e5560000, 0x00000000e6ab0000)
 concurrent mark-sweep generation total 393216K, used 0K [0x00000000e8000000, 0x0000000100000000, 0x0000000100000000)
 Metaspace       used 25758K, capacity 26114K, committed 26436K, reserved 1073152K
  class space    used 2947K, capacity 3085K, committed 3196K, reserved 1048576K
2017-07-28T12:16:52.874+0200: 9,514: [GC (Allocation Failure) 2017-07-28T12:16:52.874+0200: 9,514: [ParNew
Desired survivor size 20112992 bytes, new threshold 8 (max 8)
- age   1:    3499776 bytes,    3499776 total
- age   2:    8541952 bytes,   12041728 total
- age   3:       2624 bytes,   12044352 total
- age   4:    1131208 bytes,   13175560 total
- age   5:     254552 bytes,   13430112 total
- age   6:     208464 bytes,   13638576 total
- age   7:    3583464 bytes,   17222040 total
- age   8:    2540992 bytes,   19763032 total
: 107532K->21824K(109248K), 0,0118510 secs] 107532K->22506K(502464K), 0,0119233 secs] [Times: user=0,05 sys=0,00, real=0,01 secs] 
Heap after GC invocations=8 (full 1):
 par new generation   total 109248K, used 21824K [0x00000000e0000000, 0x00000000e8000000, 0x00000000e8000000)
  eden space 87424K,   0% used [0x00000000e0000000, 0x00000000e0000000, 0x00000000e5560000)
  from space 21824K, 100% used [0x00000000e5560000, 0x00000000e6ab0000, 0x00000000e6ab0000)
  to   space 21824K,   0% used [0x00000000e6ab0000, 0x00000000e6ab0000, 0x00000000e8000000)
 concurrent mark-sweep generation total 393216K, used 682K [0x00000000e8000000, 0x0000000100000000, 0x0000000100000000)
 Metaspace       used 25758K, capacity 26114K, committed 26436K, reserved 1073152K
  class space    used 2947K, capacity 3085K, committed 3196K, reserved 1048576K
}
2017-07-28T12:16:52.886+0200: 9,526: Total time for which application threads were stopped: 0,0122118 seconds, Stopping threads took: 0,0001307 seconds
2017-07-28T12:16:52.887+0200: 9,527: Total time for which application threads were stopped: 0,0001247 seconds, Stopping threads took: 0,0000536 seconds
2017-07-28T12:16:52.887+0200: 9,527: Total time for which application threads were stopped: 0,0001126 seconds, Stopping threads took: 0,0000653 seconds
2017-07-28T12:16:52.887+0200: 9,527: Total time for which application threads were stopped: 0,0000708 seconds, Stopping threads took: 0,0000285 seconds
{Heap before GC invocations=8 (full 1):
 par new generation   total 109248K, used 109248K [0x00000000e0000000, 0x00000000e8000000, 0x00000000e8000000)
  eden space 87424K, 100% used [0x00000000e0000000, 0x00000000e5560000, 0x00000000e5560000)
  from space 21824K, 100% used [0x00000000e5560000, 0x00000000e6ab0000, 0x00000000e6ab0000)
  to   space 21824K,   0% used [0x00000000e6ab0000, 0x00000000e6ab0000, 0x00000000e8000000)
 concurrent mark-sweep generation total 393216K, used 682K [0x00000000e8000000, 0x0000000100000000, 0x0000000100000000)
 Metaspace       used 25839K, capacity 26252K, committed 26436K, reserved 1073152K
  class space    used 2957K, capacity 3124K, committed 3196K, reserved 1048576K
2017-07-28T12:16:52.916+0200: 9,557: [GC (Allocation Failure) 2017-07-28T12:16:52.916+0200: 9,557: [ParNew
Desired survivor size 20112992 bytes, new threshold 8 (max 8)
- age   1:    1361512 bytes,    1361512 total
- age   2:    3185920 bytes,    4547432 total
- age   3:    8254840 bytes,   12802272 total
- age   4:       2624 bytes,   12804896 total
- age   5:    1131208 bytes,   13936104 total
- age   6:     254032 bytes,   14190136 total
- age   7:     208432 bytes,   14398568 total
- age   8:    3583400 bytes,   17981968 total
: 109248K->21824K(109248K), 0,0135479 secs] 109930K->25438K(502464K), 0,0136148 secs] [Times: user=0,06 sys=0,00, real=0,02 secs] 
Heap after GC invocations=9 (full 1):
 par new generation   total 109248K, used 21824K [0x00000000e0000000, 0x00000000e8000000, 0x00000000e8000000)
  eden space 87424K,   0% used [0x00000000e0000000, 0x00000000e0000000, 0x00000000e5560000)
  from space 21824K, 100% used [0x00000000e6ab0000, 0x00000000e8000000, 0x00000000e8000000)
  to   space 21824K,   0% used [0x00000000e5560000, 0x00000000e5560000, 0x00000000e6ab0000)
 concurrent mark-sweep generation total 393216K, used 3614K [0x00000000e8000000, 0x0000000100000000, 0x0000000100000000)
 Metaspace       used 25839K, capacity 26252K, committed 26436K, reserved 1073152K
  class space    used 2957K, capacity 3124K, committed 3196K, reserved 1048576K
}
2017-07-28T12:16:52.930+0200: 9,570: Total time for which application threads were stopped: 0,0138140 seconds, Stopping threads took: 0,0000596 seconds
2017-07-28T12:16:52.954+0200: 9,594: Total time for which application threads were stopped: 0,0001971 seconds, Stopping threads took: 0,0001108 seconds
{Heap before GC invocations=9 (full 1):
 par new generation   total 109248K, used 109248K [0x00000000e0000000, 0x00000000e8000000, 0x00000000e8000000)
  eden space 87424K, 100% used [0x00000000e0000000, 0x00000000e5560000, 0x00000000e5560000)
  from space 21824K, 100% used [0x00000000e6ab0000, 0x00000000e8000000, 0x00000000e8000000)
  to   space 21824K,   0% used [0x00000000e5560000, 0x00000000e5560000, 0x00000000e6ab0000)
 concurrent mark-sweep generation total 393216K, used 3614K [0x00000000e8000000, 0x0000000100000000, 0x0000000100000000)
 Metaspace       used 26410K, capacity 26828K, committed 26948K, reserved 1073152K
  class space    used 3035K, capacity 3188K, committed 3196K, reserved 1048576K
2017-07-28T12:16:53.071+0200: 9,712: [GC (Allocation Failure) 2017-07-28T12:16:53.071+0200: 9,712: [ParNew
Desired survivor size 20112992 bytes, new threshold 8 (max 8)
- age   1:     878680 bytes,     878680 total
- age   2:      99832 bytes,     978512 total
- age   3:    3185920 bytes,    4164432 total
- age   4:    8254808 bytes,   12419240 total
- age   5:       2624 bytes,   12421864 total
- age   6:    1130872 bytes,   13552736 total
- age   7:     253912 bytes,   13806648 total
- age   8:     208240 bytes,   14014888 total
: 109248K->17742K(109248K), 0,0127507 secs] 112862K->25049K(502464K), 0,0128375 secs] [Times: user=0,04 sys=0,00, real=0,01 secs] 
Heap after GC invocations=10 (full 1):
 par new generation   total 109248K, used 17742K [0x00000000e0000000, 0x00000000e8000000, 0x00000000e8000000)
  eden space 87424K,   0% used [0x00000000e0000000, 0x00000000e0000000, 0x00000000e5560000)
  from space 21824K,  81% used [0x00000000e5560000, 0x00000000e66b3980, 0x00000000e6ab0000)
  to   space 21824K,   0% used [0x00000000e6ab0000, 0x00000000e6ab0000, 0x00000000e8000000)
 concurrent mark-sweep generation total 393216K, used 7307K [0x00000000e8000000, 0x0000000100000000, 0x0000000100000000)
 Metaspace       used 26410K, capacity 26828K, committed 26948K, reserved 1073152K
  class space    used 3035K, capacity 3188K, committed 3196K, reserved 1048576K
}
2017-07-28T12:16:53.084+0200: 9,724: Total time for which application threads were stopped: 0,0130770 seconds, Stopping threads took: 0,0000804 seconds
{Heap before GC invocations=10 (full 1):
 par new generation   total 109248K, used 105166K [0x00000000e0000000, 0x00000000e8000000, 0x00000000e8000000)
  eden space 87424K, 100% used [0x00000000e0000000, 0x00000000e5560000, 0x00000000e5560000)
  from space 21824K,  81% used [0x00000000e5560000, 0x00000000e66b3980, 0x00000000e6ab0000)
  to   space 21824K,   0% used [0x00000000e6ab0000, 0x00000000e6ab0000, 0x00000000e8000000)
 concurrent mark-sweep generation total 393216K, used 7307K [0x00000000e8000000, 0x0000000100000000, 0x0000000100000000)
 Metaspace       used 26445K, capacity 26866K, committed 27076K, reserved 1073152K
  class space    used 3042K, capacity 3221K, committed 3324K, reserved 1048576K
2017-07-28T12:16:53.141+0200: 9,782: [GC (Allocation Failure) 2017-07-28T12:16:53.141+0200: 9,782: [ParNew
Desired survivor size 20112992 bytes, new threshold 8 (max 8)
- age   1:    1355040 bytes,    1355040 total
- age   2:     116480 bytes,    1471520 total
- age   3:      99832 bytes,    1571352 total
- age   4:    3187816 bytes,    4759168 total
- age   5:    8254808 bytes,   13013976 total
- age   6:       2624 bytes,   13016600 total
- age   7:    1130872 bytes,   14147472 total
- age   8:     253912 bytes,   14401384 total
: 105166K->19135K(109248K), 0,0085419 secs] 112473K->26651K(502464K), 0,0086242 secs] [Times: user=0,03 sys=0,00, real=0,01 secs] 
Heap after GC invocations=11 (full 1):
 par new generation   total 109248K, used 19135K [0x00000000e0000000, 0x00000000e8000000, 0x00000000e8000000)
  eden space 87424K,   0% used [0x00000000e0000000, 0x00000000e0000000, 0x00000000e5560000)
  from space 21824K,  87% used [0x00000000e6ab0000, 0x00000000e7d5ffc0, 0x00000000e8000000)
  to   space 21824K,   0% used [0x00000000e5560000, 0x00000000e5560000, 0x00000000e6ab0000)
 concurrent mark-sweep generation total 393216K, used 7516K [0x00000000e8000000, 0x0000000100000000, 0x0000000100000000)
 Metaspace       used 26445K, capacity 26866K, committed 27076K, reserved 1073152K
  class space    used 3042K, capacity 3221K, committed 3324K, reserved 1048576K
}
2017-07-28T12:16:53.150+0200: 9,790: Total time for which application threads were stopped: 0,0088240 seconds, Stopping threads took: 0,0000604 seconds
{Heap before GC invocations=11 (full 1):
 par new generation   total 109248K, used 106559K [0x00000000e0000000, 0x00000000e8000000, 0x00000000e8000000)
  eden space 87424K, 100% used [0x00000000e0000000, 0x00000000e5560000, 0x00000000e5560000)
  from space 21824K,  87% used [0x00000000e6ab0000, 0x00000000e7d5ffc0, 0x00000000e8000000)
  to   space 21824K,   0% used [0x00000000e5560000, 0x00000000e5560000, 0x00000000e6ab0000)
 concurrent mark-sweep generation total 393216K, used 7516K [0x00000000e8000000, 0x0000000100000000, 0x0000000100000000)
 Metaspace       used 26515K, capacity 26930K, committed 27332K, reserved 1073152K
  class space    used 3052K, capacity 3221K, committed 3324K, reserved 1048576K
2017-07-28T12:16:53.211+0200: 9,851: [GC (Allocation Failure) 2017-07-28T12:16:53.211+0200: 9,851: [ParNew
Desired survivor size 20112992 bytes, new threshold 8 (max 8)
- age   1:     382208 bytes,     382208 total
- age   2:      87056 bytes,     469264 total
- age   3:     115288 bytes,     584552 total
- age   4:      99776 bytes,     684328 total
- age   5:    3185792 bytes,    3870120 total
- age   6:    8254808 bytes,   12124928 total
- age   7:       2624 bytes,   12127552 total
- age   8:    1130872 bytes,   13258424 total
: 106559K->17246K(109248K), 0,0084883 secs] 114075K->25015K(502464K), 0,0085751 secs] [Times: user=0,03 sys=0,00, real=0,01 secs] 
Heap after GC invocations=12 (full 1):
 par new generation   total 109248K, used 17246K [0x00000000e0000000, 0x00000000e8000000, 0x00000000e8000000)
  eden space 87424K,   0% used [0x00000000e0000000, 0x00000000e0000000, 0x00000000e5560000)
  from space 21824K,  79% used [0x00000000e5560000, 0x00000000e6637b40, 0x00000000e6ab0000)
  to   space 21824K,   0% used [0x00000000e6ab0000, 0x00000000e6ab0000, 0x00000000e8000000)
 concurrent mark-sweep generation total 393216K, used 7769K [0x00000000e8000000, 0x0000000100000000, 0x0000000100000000)
 Metaspace       used 26515K, capacity 26930K, committed 27332K, reserved 1073152K
  class space    used 3052K, capacity 3221K, committed 3324K, reserved 1048576K
}
2017-07-28T12:16:53.219+0200: 9,860: Total time for which application threads were stopped: 0,0088198 seconds, Stopping threads took: 0,0001003 seconds
2017-07-28T12:16:53.293+0200: 9,933: Total time for which application threads were stopped: 0,0001778 seconds, Stopping threads took: 0,0000326 seconds
2017-07-28T12:16:53.300+0200: 9,940: Total time for which application threads were stopped: 0,0004022 seconds, Stopping threads took: 0,0000250 seconds
2017-07-28T12:16:53.389+0200: 10,029: Total time for which application threads were stopped: 0,0003886 seconds, Stopping threads took: 0,0002750 seconds
2017-07-28T12:16:53.445+0200: 10,086: Total time for which application threads were stopped: 0,0001579 seconds, Stopping threads took: 0,0000420 seconds
2017-07-28T12:16:53.510+0200: 10,150: Total time for which application threads were stopped: 0,0001404 seconds, Stopping threads took: 0,0000237 seconds
2017-07-28T12:16:53.567+0200: 10,207: Total time for which application threads were stopped: 0,0001071 seconds, Stopping threads took: 0,0000229 seconds
2017-07-28T12:16:53.620+0200: 10,260: Total time for which application threads were stopped: 0,0191725 seconds, Stopping threads took: 0,0190397 seconds
2017-07-28T12:16:53.678+0200: 10,318: Total time for which application threads were stopped: 0,0001690 seconds, Stopping threads took: 0,0000765 seconds
2017-07-28T12:16:53.678+0200: 10,319: Total time for which application threads were stopped: 0,0001048 seconds, Stopping threads took: 0,0000551 seconds
2017-07-28T12:16:53.679+0200: 10,319: Total time for which application threads were stopped: 0,0000973 seconds, Stopping threads took: 0,0000589 seconds
2017-07-28T12:16:53.681+0200: 10,321: Total time for which application threads were stopped: 0,0000989 seconds, Stopping threads took: 0,0000238 seconds
2017-07-28T12:16:53.681+0200: 10,321: Total time for which application threads were stopped: 0,0000800 seconds, Stopping threads took: 0,0000426 seconds
2017-07-28T12:16:53.756+0200: 10,396: Total time for which application threads were stopped: 0,0001530 seconds, Stopping threads took: 0,0000547 seconds
2017-07-28T12:16:53.761+0200: 10,402: Total time for which application threads were stopped: 0,0001140 seconds, Stopping threads took: 0,0000485 seconds
2017-07-28T12:16:53.772+0200: 10,413: Total time for which application threads were stopped: 0,0001153 seconds, Stopping threads took: 0,0000258 seconds
2017-07-28T12:16:53.833+0200: 10,474: Total time for which application threads were stopped: 0,0144589 seconds, Stopping threads took: 0,0143790 seconds
2017-07-28T12:16:53.835+0200: 10,475: Total time for which application threads were stopped: 0,0001118 seconds, Stopping threads took: 0,0000200 seconds
2017-07-28T12:16:53.855+0200: 10,495: Total time for which application threads were stopped: 0,0002845 seconds, Stopping threads took: 0,0002013 seconds
2017-07-28T12:16:53.856+0200: 10,496: Total time for which application threads were stopped: 0,0002949 seconds, Stopping threads took: 0,0002244 seconds
2017-07-28T12:16:53.856+0200: 10,496: Total time for which application threads were stopped: 0,0001728 seconds, Stopping threads took: 0,0001286 seconds
2017-07-28T12:16:53.868+0200: 10,509: Total time for which application threads were stopped: 0,0011892 seconds, Stopping threads took: 0,0011079 seconds
2017-07-28T12:16:53.869+0200: 10,509: Total time for which application threads were stopped: 0,0001584 seconds, Stopping threads took: 0,0000767 seconds
2017-07-28T12:16:53.931+0200: 10,572: Total time for which application threads were stopped: 0,0036476 seconds, Stopping threads took: 0,0035112 seconds
2017-07-28T12:16:53.955+0200: 10,596: Total time for which application threads were stopped: 0,0024777 seconds, Stopping threads took: 0,0022939 seconds
2017-07-28T12:16:53.957+0200: 10,598: Total time for which application threads were stopped: 0,0001841 seconds, Stopping threads took: 0,0000808 seconds
{Heap before GC invocations=12 (full 1):
 par new generation   total 109248K, used 104670K [0x00000000e0000000, 0x00000000e8000000, 0x00000000e8000000)
  eden space 87424K, 100% used [0x00000000e0000000, 0x00000000e5560000, 0x00000000e5560000)
  from space 21824K,  79% used [0x00000000e5560000, 0x00000000e6637b40, 0x00000000e6ab0000)
  to   space 21824K,   0% used [0x00000000e6ab0000, 0x00000000e6ab0000, 0x00000000e8000000)
 concurrent mark-sweep generation total 393216K, used 7769K [0x00000000e8000000, 0x0000000100000000, 0x0000000100000000)
 Metaspace       used 28162K, capacity 28612K, committed 28996K, reserved 1075200K
  class space    used 3197K, capacity 3382K, committed 3452K, reserved 1048576K
2017-07-28T12:16:53.971+0200: 10,611: [GC (Allocation Failure) 2017-07-28T12:16:53.971+0200: 10,611: [ParNew
Desired survivor size 20112992 bytes, new threshold 8 (max 8)
- age   1:    9869680 bytes,    9869680 total
- age   2:     104376 bytes,    9974056 total
- age   3:      86128 bytes,   10060184 total
- age   4:     113528 bytes,   10173712 total
- age   5:      98720 bytes,   10272432 total
- age   6:    1404520 bytes,   11676952 total
- age   7:    8238920 bytes,   19915872 total
- age   8:       2624 bytes,   19918496 total
: 104670K->21824K(109248K), 0,0302760 secs] 112439K->30834K(502464K), 0,0303563 secs] [Times: user=0,15 sys=0,00, real=0,03 secs] 
Heap after GC invocations=13 (full 1):
 par new generation   total 109248K, used 21824K [0x00000000e0000000, 0x00000000e8000000, 0x00000000e8000000)
  eden space 87424K,   0% used [0x00000000e0000000, 0x00000000e0000000, 0x00000000e5560000)
  from space 21824K, 100% used [0x00000000e6ab0000, 0x00000000e8000000, 0x00000000e8000000)
  to   space 21824K,   0% used [0x00000000e5560000, 0x00000000e5560000, 0x00000000e6ab0000)
 concurrent mark-sweep generation total 393216K, used 9010K [0x00000000e8000000, 0x0000000100000000, 0x0000000100000000)
 Metaspace       used 28162K, capacity 28612K, committed 28996K, reserved 1075200K
  class space    used 3197K, capacity 3382K, committed 3452K, reserved 1048576K
}
2017-07-28T12:16:54.001+0200: 10,641: Total time for which application threads were stopped: 0,0305943 seconds, Stopping threads took: 0,0000593 seconds
2017-07-28T12:16:54.001+0200: 10,642: Total time for which application threads were stopped: 0,0001241 seconds, Stopping threads took: 0,0000411 seconds
2017-07-28T12:16:54.002+0200: 10,642: Total time for which application threads were stopped: 0,0001080 seconds, Stopping threads took: 0,0000393 seconds
2017-07-28T12:16:54.009+0200: 10,649: Total time for which application threads were stopped: 0,0001992 seconds, Stopping threads took: 0,0000611 seconds
2017-07-28T12:16:54.009+0200: 10,649: Total time for which application threads were stopped: 0,0001435 seconds, Stopping threads took: 0,0000922 seconds
2017-07-28T12:16:54.063+0200: 10,704: Total time for which application threads were stopped: 0,0005567 seconds, Stopping threads took: 0,0000990 seconds
2017-07-28T12:16:54.064+0200: 10,705: Total time for which application threads were stopped: 0,0001465 seconds, Stopping threads took: 0,0000599 seconds
2017-07-28T12:16:54.089+0200: 10,730: Total time for which application threads were stopped: 0,0001198 seconds, Stopping threads took: 0,0000381 seconds
2017-07-28T12:16:54.097+0200: 10,738: Total time for which application threads were stopped: 0,0001101 seconds, Stopping threads took: 0,0000233 seconds
{Heap before GC invocations=13 (full 1):
 par new generation   total 109248K, used 109248K [0x00000000e0000000, 0x00000000e8000000, 0x00000000e8000000)
  eden space 87424K, 100% used [0x00000000e0000000, 0x00000000e5560000, 0x00000000e5560000)
  from space 21824K, 100% used [0x00000000e6ab0000, 0x00000000e8000000, 0x00000000e8000000)
  to   space 21824K,   0% used [0x00000000e5560000, 0x00000000e5560000, 0x00000000e6ab0000)
 concurrent mark-sweep generation total 393216K, used 9042K [0x00000000e8000000, 0x0000000100000000, 0x0000000100000000)
 Metaspace       used 28527K, capacity 28970K, committed 29252K, reserved 1075200K
  class space    used 3245K, capacity 3415K, committed 3452K, reserved 1048576K
2017-07-28T12:16:54.097+0200: 10,738: [GC (GCLocker Initiated GC) 2017-07-28T12:16:54.098+0200: 10,738: [ParNew
Desired survivor size 20112992 bytes, new threshold 8 (max 8)
- age   1:    1755800 bytes,    1755800 total
- age   2:    8347704 bytes,   10103504 total
- age   3:      97928 bytes,   10201432 total
- age   4:      85312 bytes,   10286744 total
- age   5:     113528 bytes,   10400272 total
- age   6:      98216 bytes,   10498488 total
- age   7:    1399224 bytes,   11897712 total
- age   8:    7630000 bytes,   19527712 total
: 109248K->21824K(109248K), 0,0145314 secs] 118290K->31730K(502464K), 0,0146040 secs] [Times: user=0,08 sys=0,00, real=0,02 secs] 
Heap after GC invocations=14 (full 1):
 par new generation   total 109248K, used 21824K [0x00000000e0000000, 0x00000000e8000000, 0x00000000e8000000)
  eden space 87424K,   0% used [0x00000000e0000000, 0x00000000e0000000, 0x00000000e5560000)
  from space 21824K, 100% used [0x00000000e5560000, 0x00000000e6ab0000, 0x00000000e6ab0000)
  to   space 21824K,   0% used [0x00000000e6ab0000, 0x00000000e6ab0000, 0x00000000e8000000)
 concurrent mark-sweep generation total 393216K, used 9906K [0x00000000e8000000, 0x0000000100000000, 0x0000000100000000)
 Metaspace       used 28527K, capacity 28970K, committed 29252K, reserved 1075200K
  class space    used 3245K, capacity 3415K, committed 3452K, reserved 1048576K
}
2017-07-28T12:16:54.112+0200: 10,752: Total time for which application threads were stopped: 0,0147206 seconds, Stopping threads took: 0,0000118 seconds
2017-07-28T12:16:54.112+0200: 10,753: Total time for which application threads were stopped: 0,0001279 seconds, Stopping threads took: 0,0000443 seconds
2017-07-28T12:16:54.112+0200: 10,753: Total time for which application threads were stopped: 0,0000773 seconds, Stopping threads took: 0,0000336 seconds
2017-07-28T12:16:54.115+0200: 10,755: Total time for which application threads were stopped: 0,0020819 seconds, Stopping threads took: 0,0019900 seconds
{Heap before GC invocations=14 (full 1):
 par new generation   total 109248K, used 109248K [0x00000000e0000000, 0x00000000e8000000, 0x00000000e8000000)
  eden space 87424K, 100% used [0x00000000e0000000, 0x00000000e5560000, 0x00000000e5560000)
  from space 21824K, 100% used [0x00000000e5560000, 0x00000000e6ab0000, 0x00000000e6ab0000)
  to   space 21824K,   0% used [0x00000000e6ab0000, 0x00000000e6ab0000, 0x00000000e8000000)
 concurrent mark-sweep generation total 393216K, used 9906K [0x00000000e8000000, 0x0000000100000000, 0x0000000100000000)
 Metaspace       used 28542K, capacity 28970K, committed 29252K, reserved 1075200K
  class space    used 3245K, capacity 3415K, committed 3452K, reserved 1048576K
2017-07-28T12:16:54.167+0200: 10,808: [GC (Allocation Failure) 2017-07-28T12:16:54.168+0200: 10,808: [ParNew
Desired survivor size 20112992 bytes, new threshold 8 (max 8)
- age   1:    1377560 bytes,    1377560 total
- age   2:    1394656 bytes,    2772216 total
- age   3:    8337240 bytes,   11109456 total
- age   4:      97928 bytes,   11207384 total
- age   5:      85312 bytes,   11292696 total
- age   6:     113528 bytes,   11406224 total
- age   7:      98216 bytes,   11504440 total
- age   8:    1399224 bytes,   12903664 total
: 109248K->21824K(109248K), 0,0210889 secs] 119154K->40314K(502464K), 0,0211790 secs] [Times: user=0,11 sys=0,01, real=0,02 secs] 
Heap after GC invocations=15 (full 1):
 par new generation   total 109248K, used 21824K [0x00000000e0000000, 0x00000000e8000000, 0x00000000e8000000)
  eden space 87424K,   0% used [0x00000000e0000000, 0x00000000e0000000, 0x00000000e5560000)
  from space 21824K, 100% used [0x00000000e6ab0000, 0x00000000e8000000, 0x00000000e8000000)
  to   space 21824K,   0% used [0x00000000e5560000, 0x00000000e5560000, 0x00000000e6ab0000)
 concurrent mark-sweep generation total 393216K, used 18490K [0x00000000e8000000, 0x0000000100000000, 0x0000000100000000)
 Metaspace       used 28542K, capacity 28970K, committed 29252K, reserved 1075200K
  class space    used 3245K, capacity 3415K, committed 3452K, reserved 1048576K
}
2017-07-28T12:16:54.189+0200: 10,829: Total time for which application threads were stopped: 0,0214336 seconds, Stopping threads took: 0,0000972 seconds
2017-07-28T12:16:54.189+0200: 10,829: Total time for which application threads were stopped: 0,0001351 seconds, Stopping threads took: 0,0000435 seconds
{Heap before GC invocations=15 (full 1):
 par new generation   total 109248K, used 109248K [0x00000000e0000000, 0x00000000e8000000, 0x00000000e8000000)
  eden space 87424K, 100% used [0x00000000e0000000, 0x00000000e5560000, 0x00000000e5560000)
  from space 21824K, 100% used [0x00000000e6ab0000, 0x00000000e8000000, 0x00000000e8000000)
  to   space 21824K,   0% used [0x00000000e5560000, 0x00000000e5560000, 0x00000000e6ab0000)
 concurrent mark-sweep generation total 393216K, used 18490K [0x00000000e8000000, 0x0000000100000000, 0x0000000100000000)
 Metaspace       used 28550K, capacity 28970K, committed 29252K, reserved 1075200K
  class space    used 3245K, capacity 3415K, committed 3452K, reserved 1048576K
2017-07-28T12:16:54.226+0200: 10,866: [GC (Allocation Failure) 2017-07-28T12:16:54.226+0200: 10,866: [ParNew
Desired survivor size 20112992 bytes, new threshold 8 (max 8)
- age   1:     398968 bytes,     398968 total
- age   2:     992728 bytes,    1391696 total
- age   3:    1384344 bytes,    2776040 total
- age   4:    8337240 bytes,   11113280 total
- age   5:      97928 bytes,   11211208 total
- age   6:      85312 bytes,   11296520 total
- age   7:     113528 bytes,   11410048 total
- age   8:      98216 bytes,   11508264 total
: 109248K->15548K(109248K), 0,0076709 secs] 127738K->35407K(502464K), 0,0077372 secs] [Times: user=0,04 sys=0,00, real=0,01 secs] 
Heap after GC invocations=16 (full 1):
 par new generation   total 109248K, used 15548K [0x00000000e0000000, 0x00000000e8000000, 0x00000000e8000000)
  eden space 87424K,   0% used [0x00000000e0000000, 0x00000000e0000000, 0x00000000e5560000)
  from space 21824K,  71% used [0x00000000e5560000, 0x00000000e648f2c8, 0x00000000e6ab0000)
  to   space 21824K,   0% used [0x00000000e6ab0000, 0x00000000e6ab0000, 0x00000000e8000000)
 concurrent mark-sweep generation total 393216K, used 19859K [0x00000000e8000000, 0x0000000100000000, 0x0000000100000000)
 Metaspace       used 28550K, capacity 28970K, committed 29252K, reserved 1075200K
  class space    used 3245K, capacity 3415K, committed 3452K, reserved 1048576K
}
2017-07-28T12:16:54.233+0200: 10,874: Total time for which application threads were stopped: 0,0079041 seconds, Stopping threads took: 0,0000243 seconds
2017-07-28T12:16:54.234+0200: 10,874: Total time for which application threads were stopped: 0,0001194 seconds, Stopping threads took: 0,0000449 seconds
2017-07-28T12:16:54.270+0200: 10,910: Total time for which application threads were stopped: 0,0001487 seconds, Stopping threads took: 0,0000487 seconds
2017-07-28T12:16:54.291+0200: 10,931: Total time for which application threads were stopped: 0,0034655 seconds, Stopping threads took: 0,0032810 seconds
{Heap before GC invocations=16 (full 1):
 par new generation   total 109248K, used 102972K [0x00000000e0000000, 0x00000000e8000000, 0x00000000e8000000)
  eden space 87424K, 100% used [0x00000000e0000000, 0x00000000e5560000, 0x00000000e5560000)
  from space 21824K,  71% used [0x00000000e5560000, 0x00000000e648f2c8, 0x00000000e6ab0000)
  to   space 21824K,   0% used [0x00000000e6ab0000, 0x00000000e6ab0000, 0x00000000e8000000)
 concurrent mark-sweep generation total 393216K, used 19859K [0x00000000e8000000, 0x0000000100000000, 0x0000000100000000)
 Metaspace       used 28676K, capacity 29118K, committed 29252K, reserved 1075200K
  class space    used 3250K, capacity 3421K, committed 3452K, reserved 1048576K
2017-07-28T12:16:54.317+0200: 10,957: [GC (Allocation Failure) 2017-07-28T12:16:54.317+0200: 10,957: [ParNew
Desired survivor size 20112992 bytes, new threshold 8 (max 8)
- age   1:    2750416 bytes,    2750416 total
- age   2:     100136 bytes,    2850552 total
- age   3:     982536 bytes,    3833088 total
- age   4:     722696 bytes,    4555784 total
- age   5:    8335280 bytes,   12891064 total
- age   6:      97928 bytes,   12988992 total
- age   7:      85312 bytes,   13074304 total
- age   8:     113528 bytes,   13187832 total
: 102972K->15448K(109248K), 0,0081235 secs] 122831K->35405K(502464K), 0,0082113 secs] [Times: user=0,04 sys=0,00, real=0,01 secs] 
Heap after GC invocations=17 (full 1):
 par new generation   total 109248K, used 15448K [0x00000000e0000000, 0x00000000e8000000, 0x00000000e8000000)
  eden space 87424K,   0% used [0x00000000e0000000, 0x00000000e0000000, 0x00000000e5560000)
  from space 21824K,  70% used [0x00000000e6ab0000, 0x00000000e79c6080, 0x00000000e8000000)
  to   space 21824K,   0% used [0x00000000e5560000, 0x00000000e5560000, 0x00000000e6ab0000)
 concurrent mark-sweep generation total 393216K, used 19957K [0x00000000e8000000, 0x0000000100000000, 0x0000000100000000)
 Metaspace       used 28676K, capacity 29118K, committed 29252K, reserved 1075200K
  class space    used 3250K, capacity 3421K, committed 3452K, reserved 1048576K
}
2017-07-28T12:16:54.325+0200: 10,965: Total time for which application threads were stopped: 0,0086733 seconds, Stopping threads took: 0,0002950 seconds
2017-07-28T12:16:54.326+0200: 10,966: Total time for which application threads were stopped: 0,0004150 seconds, Stopping threads took: 0,0003427 seconds
2017-07-28T12:16:54.391+0200: 11,031: Total time for which application threads were stopped: 0,0001475 seconds, Stopping threads took: 0,0000414 seconds
2017-07-28T12:16:54.405+0200: 11,046: Total time for which application threads were stopped: 0,0001747 seconds, Stopping threads took: 0,0000783 seconds
2017-07-28T12:16:54.443+0200: 11,083: Total time for which application threads were stopped: 0,0001132 seconds, Stopping threads took: 0,0000408 seconds
2017-07-28T12:17:24.445+0200: 41,086: Total time for which application threads were stopped: 0,0001311 seconds, Stopping threads took: 0,0000479 seconds
2017-07-28T12:17:44.447+0200: 61,088: Total time for which application threads were stopped: 0,0001442 seconds, Stopping threads took: 0,0000692 seconds
2017-07-28T12:19:31.012+0200: 167,652: Total time for which application threads were stopped: 0,0000820 seconds, Stopping threads took: 0,0000185 seconds
2017-07-28T12:19:31.013+0200: 167,653: Total time for which application threads were stopped: 0,0000969 seconds, Stopping threads took: 0,0000506 seconds
2017-07-28T12:19:31.104+0200: 167,744: Total time for which application threads were stopped: 0,0003849 seconds, Stopping threads took: 0,0000213 seconds
2017-07-28T12:19:31.116+0200: 167,756: Total time for which application threads were stopped: 0,0000806 seconds, Stopping threads took: 0,0000170 seconds
2017-07-28T12:19:31.123+0200: 167,763: Total time for which application threads were stopped: 0,0000842 seconds, Stopping threads took: 0,0000283 seconds
2017-07-28T12:19:31.260+0200: 167,900: Total time for which application threads were stopped: 0,0001482 seconds, Stopping threads took: 0,0000605 seconds
2017-07-28T12:19:31.263+0200: 167,904: Total time for which application threads were stopped: 0,0018651 seconds, Stopping threads took: 0,0018065 seconds
2017-07-28T12:19:31.264+0200: 167,904: Total time for which application threads were stopped: 0,0000962 seconds, Stopping threads took: 0,0000353 seconds
2017-07-28T12:19:31.265+0200: 167,905: Total time for which application threads were stopped: 0,0000810 seconds, Stopping threads took: 0,0000312 seconds
2017-07-28T12:19:31.265+0200: 167,906: Total time for which application threads were stopped: 0,0000740 seconds, Stopping threads took: 0,0000357 seconds
2017-07-28T12:19:31.269+0200: 167,910: Total time for which application threads were stopped: 0,0001092 seconds, Stopping threads took: 0,0000360 seconds
2017-07-28T12:19:31.580+0200: 168,220: Total time for which application threads were stopped: 0,0003558 seconds, Stopping threads took: 0,0000136 seconds
2017-07-28T12:19:31.580+0200: 168,220: Total time for which application threads were stopped: 0,0001049 seconds, Stopping threads took: 0,0000078 seconds
2017-07-28T12:19:31.581+0200: 168,222: Total time for which application threads were stopped: 0,0000669 seconds, Stopping threads took: 0,0000286 seconds
2017-07-28T12:19:31.581+0200: 168,222: Total time for which application threads were stopped: 0,0000525 seconds, Stopping threads took: 0,0000064 seconds
2017-07-28T12:19:31.613+0200: 168,253: Total time for which application threads were stopped: 0,0001363 seconds, Stopping threads took: 0,0000454 seconds
2017-07-28T12:19:31.613+0200: 168,253: Total time for which application threads were stopped: 0,0000624 seconds, Stopping threads took: 0,0000253 seconds
2017-07-28T12:19:32.613+0200: 169,253: Total time for which application threads were stopped: 0,0001227 seconds, Stopping threads took: 0,0000267 seconds
2017-07-28T12:19:38.614+0200: 175,254: Total time for which application threads were stopped: 0,0001198 seconds, Stopping threads took: 0,0000372 seconds
2017-07-28T12:19:39.806+0200: 176,446: Total time for which application threads were stopped: 0,0001170 seconds, Stopping threads took: 0,0000297 seconds
2017-07-28T12:19:39.807+0200: 176,447: Total time for which application threads were stopped: 0,0000643 seconds, Stopping threads took: 0,0000182 seconds
2017-07-28T12:19:39.808+0200: 176,449: Total time for which application threads were stopped: 0,0000672 seconds, Stopping threads took: 0,0000147 seconds
2017-07-28T12:19:39.809+0200: 176,449: Total time for which application threads were stopped: 0,0000500 seconds, Stopping threads took: 0,0000099 seconds
2017-07-28T12:19:39.809+0200: 176,449: Total time for which application threads were stopped: 0,0000535 seconds, Stopping threads took: 0,0000136 seconds
2017-07-28T12:19:39.809+0200: 176,449: Total time for which application threads were stopped: 0,0000594 seconds, Stopping threads took: 0,0000128 seconds
2017-07-28T12:19:39.809+0200: 176,450: Total time for which application threads were stopped: 0,0000573 seconds, Stopping threads took: 0,0000103 seconds
2017-07-28T12:19:39.809+0200: 176,450: Total time for which application threads were stopped: 0,0000586 seconds, Stopping threads took: 0,0000126 seconds
2017-07-28T12:19:39.810+0200: 176,450: Total time for which application threads were stopped: 0,0000596 seconds, Stopping threads took: 0,0000132 seconds
2017-07-28T12:19:39.810+0200: 176,450: Total time for which application threads were stopped: 0,0000590 seconds, Stopping threads took: 0,0000123 seconds
2017-07-28T12:19:39.810+0200: 176,450: Total time for which application threads were stopped: 0,0000535 seconds, Stopping threads took: 0,0000128 seconds
2017-07-28T12:19:39.810+0200: 176,451: Total time for which application threads were stopped: 0,0000448 seconds, Stopping threads took: 0,0000088 seconds
2017-07-28T12:19:39.811+0200: 176,451: Total time for which application threads were stopped: 0,0000477 seconds, Stopping threads took: 0,0000093 seconds
2017-07-28T12:19:39.811+0200: 176,451: Total time for which application threads were stopped: 0,0000485 seconds, Stopping threads took: 0,0000123 seconds
2017-07-28T12:19:39.811+0200: 176,451: Total time for which application threads were stopped: 0,0000483 seconds, Stopping threads took: 0,0000120 seconds
2017-07-28T12:19:39.811+0200: 176,451: Total time for which application threads were stopped: 0,0000717 seconds, Stopping threads took: 0,0000343 seconds
2017-07-28T12:19:39.847+0200: 176,488: Total time for which application threads were stopped: 0,0001620 seconds, Stopping threads took: 0,0000280 seconds
2017-07-28T12:19:40.848+0200: 177,488: Total time for which application threads were stopped: 0,0001196 seconds, Stopping threads took: 0,0000279 seconds
2017-07-28T12:19:43.848+0200: 180,488: Total time for which application threads were stopped: 0,0001414 seconds, Stopping threads took: 0,0000293 seconds
2017-07-28T12:19:44.848+0200: 181,489: Total time for which application threads were stopped: 0,0002662 seconds, Stopping threads took: 0,0001626 seconds
2017-07-28T12:19:45.849+0200: 182,489: Total time for which application threads were stopped: 0,0001163 seconds, Stopping threads took: 0,0000259 seconds
2017-07-28T12:19:46.849+0200: 183,489: Total time for which application threads were stopped: 0,0001169 seconds, Stopping threads took: 0,0000270 seconds
2017-07-28T12:19:48.849+0200: 185,489: Total time for which application threads were stopped: 0,0001252 seconds, Stopping threads took: 0,0000384 seconds
2017-07-28T12:19:50.849+0200: 187,490: Total time for which application threads were stopped: 0,0001154 seconds, Stopping threads took: 0,0000273 seconds
2017-07-28T12:19:51.850+0200: 188,490: Total time for which application threads were stopped: 0,0001138 seconds, Stopping threads took: 0,0000282 seconds
2017-07-28T12:19:52.850+0200: 189,490: Total time for which application threads were stopped: 0,0001192 seconds, Stopping threads took: 0,0000289 seconds
2017-07-28T12:20:04.851+0200: 201,491: Total time for which application threads were stopped: 0,0001184 seconds, Stopping threads took: 0,0000289 seconds
2017-07-28T12:20:06.851+0200: 203,492: Total time for which application threads were stopped: 0,0001456 seconds, Stopping threads took: 0,0000472 seconds
2017-07-28T12:20:07.852+0200: 204,492: Total time for which application threads were stopped: 0,0001212 seconds, Stopping threads took: 0,0000265 seconds
2017-07-28T12:20:21.627+0200: 218,268: Total time for which application threads were stopped: 0,0004335 seconds, Stopping threads took: 0,0000227 seconds
2017-07-28T12:20:21.628+0200: 218,268: Total time for which application threads were stopped: 0,0001508 seconds, Stopping threads took: 0,0000112 seconds
2017-07-28T12:20:21.640+0200: 218,280: Total time for which application threads were stopped: 0,0000840 seconds, Stopping threads took: 0,0000134 seconds
2017-07-28T12:20:21.640+0200: 218,280: Total time for which application threads were stopped: 0,0000466 seconds, Stopping threads took: 0,0000101 seconds
2017-07-28T12:20:21.641+0200: 218,281: Total time for which application threads were stopped: 0,0000418 seconds, Stopping threads took: 0,0000109 seconds
2017-07-28T12:20:21.641+0200: 218,281: Total time for which application threads were stopped: 0,0000466 seconds, Stopping threads took: 0,0000188 seconds
2017-07-28T12:20:21.641+0200: 218,281: Total time for which application threads were stopped: 0,0000870 seconds, Stopping threads took: 0,0000605 seconds
2017-07-28T12:20:21.642+0200: 218,282: Total time for which application threads were stopped: 0,0000444 seconds, Stopping threads took: 0,0000156 seconds
2017-07-28T12:20:21.642+0200: 218,283: Total time for which application threads were stopped: 0,0001271 seconds, Stopping threads took: 0,0000254 seconds
2017-07-28T12:20:21.649+0200: 218,289: Total time for which application threads were stopped: 0,0000790 seconds, Stopping threads took: 0,0000304 seconds
2017-07-28T12:20:21.649+0200: 218,289: Total time for which application threads were stopped: 0,0001133 seconds, Stopping threads took: 0,0000837 seconds
2017-07-28T12:20:21.649+0200: 218,290: Total time for which application threads were stopped: 0,0000540 seconds, Stopping threads took: 0,0000191 seconds
2017-07-28T12:20:21.650+0200: 218,290: Total time for which application threads were stopped: 0,0000772 seconds, Stopping threads took: 0,0000343 seconds
2017-07-28T12:20:21.650+0200: 218,290: Total time for which application threads were stopped: 0,0000540 seconds, Stopping threads took: 0,0000205 seconds
2017-07-28T12:20:21.650+0200: 218,290: Total time for which application threads were stopped: 0,0000640 seconds, Stopping threads took: 0,0000308 seconds
2017-07-28T12:20:21.650+0200: 218,290: Total time for which application threads were stopped: 0,0000504 seconds, Stopping threads took: 0,0000188 seconds
2017-07-28T12:20:21.650+0200: 218,290: Total time for which application threads were stopped: 0,0000669 seconds, Stopping threads took: 0,0000323 seconds
2017-07-28T12:20:21.650+0200: 218,291: Total time for which application threads were stopped: 0,0000582 seconds, Stopping threads took: 0,0000236 seconds
2017-07-28T12:20:21.650+0200: 218,291: Total time for which application threads were stopped: 0,0000399 seconds, Stopping threads took: 0,0000079 seconds
2017-07-28T12:20:21.651+0200: 218,291: Total time for which application threads were stopped: 0,0007922 seconds, Stopping threads took: 0,0007549 seconds
2017-07-28T12:20:21.651+0200: 218,292: Total time for which application threads were stopped: 0,0000831 seconds, Stopping threads took: 0,0000338 seconds
2017-07-28T12:20:21.651+0200: 218,292: Total time for which application threads were stopped: 0,0000880 seconds, Stopping threads took: 0,0000527 seconds
2017-07-28T12:20:21.652+0200: 218,292: Total time for which application threads were stopped: 0,0000510 seconds, Stopping threads took: 0,0000207 seconds
2017-07-28T12:20:21.652+0200: 218,292: Total time for which application threads were stopped: 0,0000544 seconds, Stopping threads took: 0,0000188 seconds
2017-07-28T12:20:21.652+0200: 218,292: Total time for which application threads were stopped: 0,0000693 seconds, Stopping threads took: 0,0000357 seconds
2017-07-28T12:20:21.652+0200: 218,292: Total time for which application threads were stopped: 0,0000870 seconds, Stopping threads took: 0,0000573 seconds
2017-07-28T12:20:21.652+0200: 218,292: Total time for which application threads were stopped: 0,0000421 seconds, Stopping threads took: 0,0000134 seconds
2017-07-28T12:20:21.652+0200: 218,292: Total time for which application threads were stopped: 0,0000598 seconds, Stopping threads took: 0,0000255 seconds
2017-07-28T12:20:21.652+0200: 218,292: Total time for which application threads were stopped: 0,0000450 seconds, Stopping threads took: 0,0000157 seconds
2017-07-28T12:20:21.652+0200: 218,293: Total time for which application threads were stopped: 0,0000605 seconds, Stopping threads took: 0,0000255 seconds
2017-07-28T12:20:21.652+0200: 218,293: Total time for which application threads were stopped: 0,0000586 seconds, Stopping threads took: 0,0000207 seconds
2017-07-28T12:20:21.653+0200: 218,293: Total time for which application threads were stopped: 0,0000491 seconds, Stopping threads took: 0,0000174 seconds
2017-07-28T12:20:21.653+0200: 218,293: Total time for which application threads were stopped: 0,0001742 seconds, Stopping threads took: 0,0001397 seconds
2017-07-28T12:20:21.653+0200: 218,293: Total time for which application threads were stopped: 0,0000524 seconds, Stopping threads took: 0,0000212 seconds
2017-07-28T12:20:21.653+0200: 218,293: Total time for which application threads were stopped: 0,0000589 seconds, Stopping threads took: 0,0000294 seconds
2017-07-28T12:20:21.653+0200: 218,293: Total time for which application threads were stopped: 0,0000541 seconds, Stopping threads took: 0,0000245 seconds
2017-07-28T12:20:21.653+0200: 218,293: Total time for which application threads were stopped: 0,0000448 seconds, Stopping threads took: 0,0000142 seconds
2017-07-28T12:20:21.653+0200: 218,293: Total time for which application threads were stopped: 0,0000564 seconds, Stopping threads took: 0,0000257 seconds
2017-07-28T12:20:21.653+0200: 218,293: Total time for which application threads were stopped: 0,0000571 seconds, Stopping threads took: 0,0000262 seconds
2017-07-28T12:20:21.653+0200: 218,294: Total time for which application threads were stopped: 0,0000527 seconds, Stopping threads took: 0,0000206 seconds
2017-07-28T12:20:21.653+0200: 218,294: Total time for which application threads were stopped: 0,0000487 seconds, Stopping threads took: 0,0000165 seconds
2017-07-28T12:20:21.653+0200: 218,294: Total time for which application threads were stopped: 0,0000527 seconds, Stopping threads took: 0,0000225 seconds
2017-07-28T12:20:21.653+0200: 218,294: Total time for which application threads were stopped: 0,0000537 seconds, Stopping threads took: 0,0000230 seconds
2017-07-28T12:20:21.654+0200: 218,294: Total time for which application threads were stopped: 0,0000463 seconds, Stopping threads took: 0,0000171 seconds
2017-07-28T12:20:21.654+0200: 218,294: Total time for which application threads were stopped: 0,0000717 seconds, Stopping threads took: 0,0000351 seconds
2017-07-28T12:20:21.654+0200: 218,294: Total time for which application threads were stopped: 0,0000972 seconds, Stopping threads took: 0,0000629 seconds
2017-07-28T12:20:21.654+0200: 218,294: Total time for which application threads were stopped: 0,0001282 seconds, Stopping threads took: 0,0000944 seconds
2017-07-28T12:20:21.654+0200: 218,294: Total time for which application threads were stopped: 0,0000605 seconds, Stopping threads took: 0,0000266 seconds
2017-07-28T12:20:21.654+0200: 218,294: Total time for which application threads were stopped: 0,0000581 seconds, Stopping threads took: 0,0000241 seconds
2017-07-28T12:20:21.654+0200: 218,294: Total time for which application threads were stopped: 0,0000498 seconds, Stopping threads took: 0,0000185 seconds
2017-07-28T12:20:21.654+0200: 218,294: Total time for which application threads were stopped: 0,0000484 seconds, Stopping threads took: 0,0000172 seconds
2017-07-28T12:20:21.654+0200: 218,295: Total time for which application threads were stopped: 0,0000782 seconds, Stopping threads took: 0,0000470 seconds
2017-07-28T12:20:21.654+0200: 218,295: Total time for which application threads were stopped: 0,0000530 seconds, Stopping threads took: 0,0000222 seconds
2017-07-28T12:20:21.654+0200: 218,295: Total time for which application threads were stopped: 0,0000564 seconds, Stopping threads took: 0,0000251 seconds
2017-07-28T12:20:21.654+0200: 218,295: Total time for which application threads were stopped: 0,0000329 seconds, Stopping threads took: 0,0000047 seconds
2017-07-28T12:20:21.655+0200: 218,295: Total time for which application threads were stopped: 0,0000449 seconds, Stopping threads took: 0,0000152 seconds
2017-07-28T12:20:21.655+0200: 218,295: Total time for which application threads were stopped: 0,0000602 seconds, Stopping threads took: 0,0000242 seconds
2017-07-28T12:20:21.655+0200: 218,295: Total time for which application threads were stopped: 0,0000585 seconds, Stopping threads took: 0,0000250 seconds
2017-07-28T12:20:21.655+0200: 218,295: Total time for which application threads were stopped: 0,0000500 seconds, Stopping threads took: 0,0000178 seconds
2017-07-28T12:20:21.655+0200: 218,295: Total time for which application threads were stopped: 0,0000323 seconds, Stopping threads took: 0,0000050 seconds
2017-07-28T12:20:21.655+0200: 218,295: Total time for which application threads were stopped: 0,0000317 seconds, Stopping threads took: 0,0000048 seconds
2017-07-28T12:20:21.655+0200: 218,295: Total time for which application threads were stopped: 0,0000313 seconds, Stopping threads took: 0,0000046 seconds
2017-07-28T12:20:21.655+0200: 218,295: Total time for which application threads were stopped: 0,0000359 seconds, Stopping threads took: 0,0000065 seconds
2017-07-28T12:20:21.655+0200: 218,295: Total time for which application threads were stopped: 0,0000321 seconds, Stopping threads took: 0,0000050 seconds
2017-07-28T12:20:21.657+0200: 218,298: Total time for which application threads were stopped: 0,0000803 seconds, Stopping threads took: 0,0000293 seconds
2017-07-28T12:20:21.658+0200: 218,298: Total time for which application threads were stopped: 0,0000746 seconds, Stopping threads took: 0,0000321 seconds
2017-07-28T12:20:21.658+0200: 218,298: Total time for which application threads were stopped: 0,0001225 seconds, Stopping threads took: 0,0000854 seconds
2017-07-28T12:20:21.658+0200: 218,298: Total time for which application threads were stopped: 0,0000477 seconds, Stopping threads took: 0,0000156 seconds
2017-07-28T12:20:21.658+0200: 218,298: Total time for which application threads were stopped: 0,0000387 seconds, Stopping threads took: 0,0000078 seconds
2017-07-28T12:20:21.658+0200: 218,298: Total time for which application threads were stopped: 0,0000504 seconds, Stopping threads took: 0,0000152 seconds
2017-07-28T12:20:21.658+0200: 218,298: Total time for which application threads were stopped: 0,0000499 seconds, Stopping threads took: 0,0000192 seconds
2017-07-28T12:20:21.659+0200: 218,299: Total time for which application threads were stopped: 0,0000794 seconds, Stopping threads took: 0,0000425 seconds
2017-07-28T12:20:21.659+0200: 218,300: Total time for which application threads were stopped: 0,0000723 seconds, Stopping threads took: 0,0000259 seconds
2017-07-28T12:20:21.660+0200: 218,300: Total time for which application threads were stopped: 0,0000734 seconds, Stopping threads took: 0,0000362 seconds
2017-07-28T12:20:21.660+0200: 218,300: Total time for which application threads were stopped: 0,0000559 seconds, Stopping threads took: 0,0000233 seconds
2017-07-28T12:20:21.663+0200: 218,303: Total time for which application threads were stopped: 0,0001055 seconds, Stopping threads took: 0,0000316 seconds
2017-07-28T12:20:21.663+0200: 218,303: Total time for which application threads were stopped: 0,0000883 seconds, Stopping threads took: 0,0000280 seconds
2017-07-28T12:20:21.664+0200: 218,304: Total time for which application threads were stopped: 0,0000806 seconds, Stopping threads took: 0,0000420 seconds
2017-07-28T12:20:21.664+0200: 218,304: Total time for which application threads were stopped: 0,0000789 seconds, Stopping threads took: 0,0000343 seconds
2017-07-28T12:20:21.664+0200: 218,304: Total time for which application threads were stopped: 0,0000512 seconds, Stopping threads took: 0,0000207 seconds
2017-07-28T12:20:21.664+0200: 218,305: Total time for which application threads were stopped: 0,0000816 seconds, Stopping threads took: 0,0000328 seconds
2017-07-28T12:20:21.665+0200: 218,305: Total time for which application threads were stopped: 0,0000645 seconds, Stopping threads took: 0,0000358 seconds
2017-07-28T12:20:21.665+0200: 218,305: Total time for which application threads were stopped: 0,0000422 seconds, Stopping threads took: 0,0000161 seconds
2017-07-28T12:20:21.665+0200: 218,305: Total time for which application threads were stopped: 0,0000459 seconds, Stopping threads took: 0,0000158 seconds
2017-07-28T12:20:21.665+0200: 218,305: Total time for which application threads were stopped: 0,0000502 seconds, Stopping threads took: 0,0000240 seconds
2017-07-28T12:20:21.665+0200: 218,305: Total time for which application threads were stopped: 0,0000442 seconds, Stopping threads took: 0,0000149 seconds
2017-07-28T12:20:21.665+0200: 218,305: Total time for which application threads were stopped: 0,0000573 seconds, Stopping threads took: 0,0000159 seconds
2017-07-28T12:20:21.665+0200: 218,305: Total time for which application threads were stopped: 0,0000575 seconds, Stopping threads took: 0,0000201 seconds
2017-07-28T12:20:21.665+0200: 218,306: Total time for which application threads were stopped: 0,0000656 seconds, Stopping threads took: 0,0000261 seconds
2017-07-28T12:20:21.665+0200: 218,306: Total time for which application threads were stopped: 0,0000609 seconds, Stopping threads took: 0,0000256 seconds
2017-07-28T12:20:21.666+0200: 218,306: Total time for which application threads were stopped: 0,0000353 seconds, Stopping threads took: 0,0000138 seconds
2017-07-28T12:20:21.666+0200: 218,306: Total time for which application threads were stopped: 0,0000269 seconds, Stopping threads took: 0,0000068 seconds
2017-07-28T12:20:21.666+0200: 218,306: Total time for which application threads were stopped: 0,0000290 seconds, Stopping threads took: 0,0000090 seconds
2017-07-28T12:20:21.666+0200: 218,306: Total time for which application threads were stopped: 0,0000354 seconds, Stopping threads took: 0,0000156 seconds
2017-07-28T12:20:21.666+0200: 218,306: Total time for which application threads were stopped: 0,0000399 seconds, Stopping threads took: 0,0000184 seconds
2017-07-28T12:20:21.666+0200: 218,306: Total time for which application threads were stopped: 0,0000352 seconds, Stopping threads took: 0,0000139 seconds
2017-07-28T12:20:21.666+0200: 218,306: Total time for which application threads were stopped: 0,0000419 seconds, Stopping threads took: 0,0000201 seconds
2017-07-28T12:20:21.666+0200: 218,306: Total time for which application threads were stopped: 0,0000343 seconds, Stopping threads took: 0,0000149 seconds
2017-07-28T12:20:21.666+0200: 218,306: Total time for which application threads were stopped: 0,0000338 seconds, Stopping threads took: 0,0000148 seconds
2017-07-28T12:20:21.666+0200: 218,307: Total time for which application threads were stopped: 0,0000585 seconds, Stopping threads took: 0,0000365 seconds
2017-07-28T12:20:21.666+0200: 218,307: Total time for which application threads were stopped: 0,0000469 seconds, Stopping threads took: 0,0000151 seconds
2017-07-28T12:20:21.667+0200: 218,307: Total time for which application threads were stopped: 0,0000324 seconds, Stopping threads took: 0,0000117 seconds
2017-07-28T12:20:21.667+0200: 218,307: Total time for which application threads were stopped: 0,0000874 seconds, Stopping threads took: 0,0000192 seconds
2017-07-28T12:20:21.667+0200: 218,307: Total time for which application threads were stopped: 0,0000379 seconds, Stopping threads took: 0,0000176 seconds
2017-07-28T12:20:21.667+0200: 218,308: Total time for which application threads were stopped: 0,0000353 seconds, Stopping threads took: 0,0000152 seconds
Heap
 par new generation   total 109248K, used 72559K [0x00000000e0000000, 0x00000000e8000000, 0x00000000e8000000)
  eden space 87424K,  65% used [0x00000000e0000000, 0x00000000e37c5bd8, 0x00000000e5560000)
  from space 21824K,  70% used [0x00000000e6ab0000, 0x00000000e79c6080, 0x00000000e8000000)
  to   space 21824K,   0% used [0x00000000e5560000, 0x00000000e5560000, 0x00000000e6ab0000)
 concurrent mark-sweep generation total 393216K, used 19957K [0x00000000e8000000, 0x0000000100000000, 0x0000000100000000)
 Metaspace       used 30405K, capacity 30904K, committed 31300K, reserved 1077248K
  class space    used 3438K, capacity 3616K, committed 3708K, reserved 1048576K
