OpenJDK 64-Bit Server VM (25.131-b11) for linux-amd64 JRE (1.8.0_131-8u131-b11-2ubuntu1.16.04.2-b11), built on Jul 22 2017 00:56:41 by "buildd" with gcc 5.4.0 20160609
Memory: 4k page, physical 16397712k(14574948k free), swap 31998972k(31998972k free)
CommandLine flags: -XX:CMSInitiatingOccupancyFraction=50 -XX:CMSMaxAbortablePrecleanTime=6000 -XX:+CMSParallelRemarkEnabled -XX:+CMSScavengeBeforeRemark -XX:ConcGCThreads=4 -XX:InitialHeapSize=536870912 -XX:MaxHeapSize=536870912 -XX:MaxTenuringThreshold=8 -XX:NewRatio=3 -XX:OldPLABSize=16 -XX:OnOutOfMemoryError=/home/froog/Studium/oxygen_crawl/Crawler/solr/solr-5.5.4/bin/oom_solr.sh 8983 /home/froog/Studium/oxygen_crawl/Crawler/solr/solr-5.5.4/server/logs -XX:ParallelGCThreads=4 -XX:+ParallelRefProcEnabled -XX:PretenureSizeThreshold=67108864 -XX:+PrintGC -XX:+PrintGCApplicationStoppedTime -XX:+PrintGCDateStamps -XX:+PrintGCDetails -XX:+PrintGCTimeStamps -XX:+PrintHeapAtGC -XX:+PrintTenuringDistribution -XX:SurvivorRatio=4 -XX:TargetSurvivorRatio=90 -XX:ThreadStackSize=256 -XX:+UseCMSInitiatingOccupancyOnly -XX:+UseCompressedClassPointers -XX:+UseCompressedOops -XX:+UseConcMarkSweepGC -XX:+UseParNewGC 
2017-07-31T11:44:10.523+0200: 0,928: Total time for which application threads were stopped: 0,0000818 seconds, Stopping threads took: 0,0000115 seconds
2017-07-31T11:44:11.203+0200: 1,607: Total time for which application threads were stopped: 0,0001673 seconds, Stopping threads took: 0,0000146 seconds
2017-07-31T11:44:11.707+0200: 2,111: Total time for which application threads were stopped: 0,0001232 seconds, Stopping threads took: 0,0000136 seconds
2017-07-31T11:44:11.918+0200: 2,322: Total time for which application threads were stopped: 0,0001566 seconds, Stopping threads took: 0,0000157 seconds
2017-07-31T11:44:12.042+0200: 2,447: Total time for which application threads were stopped: 0,0001622 seconds, Stopping threads took: 0,0000175 seconds
2017-07-31T11:44:12.062+0200: 2,466: Total time for which application threads were stopped: 0,0001462 seconds, Stopping threads took: 0,0000172 seconds
2017-07-31T11:44:12.092+0200: 2,497: Total time for which application threads were stopped: 0,0001675 seconds, Stopping threads took: 0,0000183 seconds
{Heap before GC invocations=0 (full 0):
 par new generation   total 109248K, used 87424K [0x00000000e0000000, 0x00000000e8000000, 0x00000000e8000000)
  eden space 87424K, 100% used [0x00000000e0000000, 0x00000000e5560000, 0x00000000e5560000)
  from space 21824K,   0% used [0x00000000e5560000, 0x00000000e5560000, 0x00000000e6ab0000)
  to   space 21824K,   0% used [0x00000000e6ab0000, 0x00000000e6ab0000, 0x00000000e8000000)
 concurrent mark-sweep generation total 393216K, used 0K [0x00000000e8000000, 0x0000000100000000, 0x0000000100000000)
 Metaspace       used 10073K, capacity 10236K, committed 10496K, reserved 1058816K
  class space    used 1125K, capacity 1176K, committed 1280K, reserved 1048576K
2017-07-31T11:44:12.925+0200: 3,329: [GC (Allocation Failure) 2017-07-31T11:44:12.925+0200: 3,329: [ParNew
Desired survivor size 20112992 bytes, new threshold 8 (max 8)
- age   1:    5742456 bytes,    5742456 total
: 87424K->5673K(109248K), 0,0091266 secs] 87424K->5673K(502464K), 0,0092415 secs] [Times: user=0,02 sys=0,01, real=0,01 secs] 
Heap after GC invocations=1 (full 0):
 par new generation   total 109248K, used 5673K [0x00000000e0000000, 0x00000000e8000000, 0x00000000e8000000)
  eden space 87424K,   0% used [0x00000000e0000000, 0x00000000e0000000, 0x00000000e5560000)
  from space 21824K,  25% used [0x00000000e6ab0000, 0x00000000e703a478, 0x00000000e8000000)
  to   space 21824K,   0% used [0x00000000e5560000, 0x00000000e5560000, 0x00000000e6ab0000)
 concurrent mark-sweep generation total 393216K, used 0K [0x00000000e8000000, 0x0000000100000000, 0x0000000100000000)
 Metaspace       used 10073K, capacity 10236K, committed 10496K, reserved 1058816K
  class space    used 1125K, capacity 1176K, committed 1280K, reserved 1048576K
}
2017-07-31T11:44:12.934+0200: 3,338: Total time for which application threads were stopped: 0,0094900 seconds, Stopping threads took: 0,0000161 seconds
2017-07-31T11:44:13.336+0200: 3,741: Total time for which application threads were stopped: 0,0001641 seconds, Stopping threads took: 0,0000137 seconds
2017-07-31T11:44:13.628+0200: 4,032: Total time for which application threads were stopped: 0,0001854 seconds, Stopping threads took: 0,0000227 seconds
2017-07-31T11:44:13.700+0200: 4,104: Total time for which application threads were stopped: 0,0001349 seconds, Stopping threads took: 0,0000158 seconds
2017-07-31T11:44:14.448+0200: 4,852: Total time for which application threads were stopped: 0,0002275 seconds, Stopping threads took: 0,0000708 seconds
2017-07-31T11:44:14.545+0200: 4,950: Total time for which application threads were stopped: 0,0001946 seconds, Stopping threads took: 0,0000159 seconds
2017-07-31T11:44:14.685+0200: 5,089: Total time for which application threads were stopped: 0,0001755 seconds, Stopping threads took: 0,0000126 seconds
2017-07-31T11:44:14.686+0200: 5,090: Total time for which application threads were stopped: 0,0000788 seconds, Stopping threads took: 0,0000083 seconds
2017-07-31T11:44:14.811+0200: 5,215: Total time for which application threads were stopped: 0,0002563 seconds, Stopping threads took: 0,0000205 seconds
2017-07-31T11:44:15.668+0200: 6,073: Total time for which application threads were stopped: 0,0001328 seconds, Stopping threads took: 0,0000494 seconds
2017-07-31T11:44:15.686+0200: 6,090: Total time for which application threads were stopped: 0,0001091 seconds, Stopping threads took: 0,0000234 seconds
2017-07-31T11:44:15.686+0200: 6,090: Total time for which application threads were stopped: 0,0000808 seconds, Stopping threads took: 0,0000174 seconds
2017-07-31T11:44:15.686+0200: 6,091: Total time for which application threads were stopped: 0,0001144 seconds, Stopping threads took: 0,0000266 seconds
2017-07-31T11:44:15.693+0200: 6,098: Total time for which application threads were stopped: 0,0000591 seconds, Stopping threads took: 0,0000102 seconds
2017-07-31T11:44:15.694+0200: 6,098: Total time for which application threads were stopped: 0,0000640 seconds, Stopping threads took: 0,0000109 seconds
2017-07-31T11:44:15.931+0200: 6,336: Total time for which application threads were stopped: 0,0002595 seconds, Stopping threads took: 0,0000244 seconds
2017-07-31T11:44:15.935+0200: 6,340: Total time for which application threads were stopped: 0,0001971 seconds, Stopping threads took: 0,0001221 seconds
2017-07-31T11:44:15.935+0200: 6,340: Total time for which application threads were stopped: 0,0000674 seconds, Stopping threads took: 0,0000318 seconds
2017-07-31T11:44:15.936+0200: 6,340: Total time for which application threads were stopped: 0,0001075 seconds, Stopping threads took: 0,0000427 seconds
2017-07-31T11:44:15.936+0200: 6,340: Total time for which application threads were stopped: 0,0000935 seconds, Stopping threads took: 0,0000354 seconds
2017-07-31T11:44:16.118+0200: 6,523: Total time for which application threads were stopped: 0,0001814 seconds, Stopping threads took: 0,0000892 seconds
2017-07-31T11:44:16.170+0200: 6,574: Total time for which application threads were stopped: 0,0001618 seconds, Stopping threads took: 0,0000635 seconds
2017-07-31T11:44:16.215+0200: 6,619: Total time for which application threads were stopped: 0,0001063 seconds, Stopping threads took: 0,0000243 seconds
2017-07-31T11:44:16.252+0200: 6,657: Total time for which application threads were stopped: 0,0001054 seconds, Stopping threads took: 0,0000342 seconds
2017-07-31T11:44:16.255+0200: 6,660: Total time for which application threads were stopped: 0,0001282 seconds, Stopping threads took: 0,0000535 seconds
2017-07-31T11:44:16.263+0200: 6,667: Total time for which application threads were stopped: 0,0000971 seconds, Stopping threads took: 0,0000212 seconds
2017-07-31T11:44:16.368+0200: 6,773: Total time for which application threads were stopped: 0,0004253 seconds, Stopping threads took: 0,0003230 seconds
2017-07-31T11:44:16.369+0200: 6,773: Total time for which application threads were stopped: 0,0000975 seconds, Stopping threads took: 0,0000503 seconds
2017-07-31T11:44:16.494+0200: 6,899: Total time for which application threads were stopped: 0,0001795 seconds, Stopping threads took: 0,0000936 seconds
2017-07-31T11:44:16.495+0200: 6,899: Total time for which application threads were stopped: 0,0001554 seconds, Stopping threads took: 0,0001005 seconds
2017-07-31T11:44:16.495+0200: 6,900: Total time for which application threads were stopped: 0,0001574 seconds, Stopping threads took: 0,0000459 seconds
2017-07-31T11:44:16.496+0200: 6,900: Total time for which application threads were stopped: 0,0001654 seconds, Stopping threads took: 0,0001106 seconds
2017-07-31T11:44:16.496+0200: 6,900: Total time for which application threads were stopped: 0,0001218 seconds, Stopping threads took: 0,0000554 seconds
2017-07-31T11:44:16.496+0200: 6,901: Total time for which application threads were stopped: 0,0001116 seconds, Stopping threads took: 0,0000436 seconds
2017-07-31T11:44:16.496+0200: 6,901: Total time for which application threads were stopped: 0,0000881 seconds, Stopping threads took: 0,0000443 seconds
2017-07-31T11:44:16.496+0200: 6,901: Total time for which application threads were stopped: 0,0000649 seconds, Stopping threads took: 0,0000129 seconds
2017-07-31T11:44:16.497+0200: 6,901: Total time for which application threads were stopped: 0,0000766 seconds, Stopping threads took: 0,0000265 seconds
2017-07-31T11:44:16.497+0200: 6,901: Total time for which application threads were stopped: 0,0000593 seconds, Stopping threads took: 0,0000144 seconds
2017-07-31T11:44:16.497+0200: 6,901: Total time for which application threads were stopped: 0,0000534 seconds, Stopping threads took: 0,0000107 seconds
2017-07-31T11:44:16.497+0200: 6,901: Total time for which application threads were stopped: 0,0000747 seconds, Stopping threads took: 0,0000316 seconds
2017-07-31T11:44:16.497+0200: 6,902: Total time for which application threads were stopped: 0,0000515 seconds, Stopping threads took: 0,0000107 seconds
2017-07-31T11:44:16.497+0200: 6,902: Total time for which application threads were stopped: 0,0000691 seconds, Stopping threads took: 0,0000252 seconds
2017-07-31T11:44:16.497+0200: 6,902: Total time for which application threads were stopped: 0,0000529 seconds, Stopping threads took: 0,0000113 seconds
2017-07-31T11:44:16.497+0200: 6,902: Total time for which application threads were stopped: 0,0000619 seconds, Stopping threads took: 0,0000168 seconds
2017-07-31T11:44:16.498+0200: 6,902: Total time for which application threads were stopped: 0,0000719 seconds, Stopping threads took: 0,0000334 seconds
2017-07-31T11:44:16.498+0200: 6,902: Total time for which application threads were stopped: 0,0000731 seconds, Stopping threads took: 0,0000244 seconds
2017-07-31T11:44:16.498+0200: 6,902: Total time for which application threads were stopped: 0,0000790 seconds, Stopping threads took: 0,0000366 seconds
2017-07-31T11:44:16.498+0200: 6,903: Total time for which application threads were stopped: 0,0000774 seconds, Stopping threads took: 0,0000304 seconds
2017-07-31T11:44:16.498+0200: 6,903: Total time for which application threads were stopped: 0,0000845 seconds, Stopping threads took: 0,0000253 seconds
2017-07-31T11:44:16.499+0200: 6,903: Total time for which application threads were stopped: 0,0000812 seconds, Stopping threads took: 0,0000364 seconds
2017-07-31T11:44:16.499+0200: 6,903: Total time for which application threads were stopped: 0,0000723 seconds, Stopping threads took: 0,0000250 seconds
2017-07-31T11:44:16.499+0200: 6,903: Total time for which application threads were stopped: 0,0000913 seconds, Stopping threads took: 0,0000352 seconds
2017-07-31T11:44:16.499+0200: 6,903: Total time for which application threads were stopped: 0,0000797 seconds, Stopping threads took: 0,0000332 seconds
2017-07-31T11:44:16.499+0200: 6,904: Total time for which application threads were stopped: 0,0000830 seconds, Stopping threads took: 0,0000189 seconds
2017-07-31T11:44:16.499+0200: 6,904: Total time for which application threads were stopped: 0,0000756 seconds, Stopping threads took: 0,0000264 seconds
2017-07-31T11:44:16.500+0200: 6,904: Total time for which application threads were stopped: 0,0000953 seconds, Stopping threads took: 0,0000346 seconds
2017-07-31T11:44:16.500+0200: 6,904: Total time for which application threads were stopped: 0,0000822 seconds, Stopping threads took: 0,0000258 seconds
2017-07-31T11:44:17.211+0200: 7,616: Total time for which application threads were stopped: 0,0001928 seconds, Stopping threads took: 0,0000662 seconds
2017-07-31T11:44:17.212+0200: 7,616: Total time for which application threads were stopped: 0,0003164 seconds, Stopping threads took: 0,0002266 seconds
2017-07-31T11:44:17.212+0200: 7,617: Total time for which application threads were stopped: 0,0001303 seconds, Stopping threads took: 0,0000361 seconds
2017-07-31T11:44:17.212+0200: 7,617: Total time for which application threads were stopped: 0,0001402 seconds, Stopping threads took: 0,0000655 seconds
2017-07-31T11:44:17.213+0200: 7,617: Total time for which application threads were stopped: 0,0001206 seconds, Stopping threads took: 0,0000219 seconds
2017-07-31T11:44:17.213+0200: 7,618: Total time for which application threads were stopped: 0,0001654 seconds, Stopping threads took: 0,0000576 seconds
2017-07-31T11:44:17.214+0200: 7,618: Total time for which application threads were stopped: 0,0002342 seconds, Stopping threads took: 0,0001629 seconds
2017-07-31T11:44:17.214+0200: 7,619: Total time for which application threads were stopped: 0,0002262 seconds, Stopping threads took: 0,0000348 seconds
2017-07-31T11:44:17.215+0200: 7,619: Total time for which application threads were stopped: 0,0001444 seconds, Stopping threads took: 0,0000755 seconds
2017-07-31T11:44:17.215+0200: 7,619: Total time for which application threads were stopped: 0,0001123 seconds, Stopping threads took: 0,0000478 seconds
2017-07-31T11:44:17.216+0200: 7,620: Total time for which application threads were stopped: 0,0001713 seconds, Stopping threads took: 0,0000994 seconds
2017-07-31T11:44:17.216+0200: 7,620: Total time for which application threads were stopped: 0,0000976 seconds, Stopping threads took: 0,0000260 seconds
2017-07-31T11:44:17.216+0200: 7,621: Total time for which application threads were stopped: 0,0000931 seconds, Stopping threads took: 0,0000321 seconds
2017-07-31T11:44:17.217+0200: 7,621: Total time for which application threads were stopped: 0,0002803 seconds, Stopping threads took: 0,0000900 seconds
2017-07-31T11:44:17.217+0200: 7,622: Total time for which application threads were stopped: 0,0001378 seconds, Stopping threads took: 0,0000697 seconds
2017-07-31T11:44:17.217+0200: 7,622: Total time for which application threads were stopped: 0,0001187 seconds, Stopping threads took: 0,0000380 seconds
2017-07-31T11:44:17.218+0200: 7,622: Total time for which application threads were stopped: 0,0001029 seconds, Stopping threads took: 0,0000407 seconds
2017-07-31T11:44:17.218+0200: 7,623: Total time for which application threads were stopped: 0,0001017 seconds, Stopping threads took: 0,0000517 seconds
2017-07-31T11:44:17.265+0200: 7,669: Total time for which application threads were stopped: 0,0001654 seconds, Stopping threads took: 0,0000452 seconds
2017-07-31T11:44:17.265+0200: 7,670: Total time for which application threads were stopped: 0,0002949 seconds, Stopping threads took: 0,0001748 seconds
2017-07-31T11:44:17.266+0200: 7,670: Total time for which application threads were stopped: 0,0002487 seconds, Stopping threads took: 0,0001626 seconds
2017-07-31T11:44:17.266+0200: 7,671: Total time for which application threads were stopped: 0,0002596 seconds, Stopping threads took: 0,0001554 seconds
2017-07-31T11:44:17.267+0200: 7,671: Total time for which application threads were stopped: 0,0001184 seconds, Stopping threads took: 0,0000157 seconds
2017-07-31T11:44:17.267+0200: 7,671: Total time for which application threads were stopped: 0,0001077 seconds, Stopping threads took: 0,0000342 seconds
2017-07-31T11:44:17.267+0200: 7,672: Total time for which application threads were stopped: 0,0001682 seconds, Stopping threads took: 0,0001095 seconds
2017-07-31T11:44:17.267+0200: 7,672: Total time for which application threads were stopped: 0,0001050 seconds, Stopping threads took: 0,0000294 seconds
2017-07-31T11:44:17.268+0200: 7,672: Total time for which application threads were stopped: 0,0001263 seconds, Stopping threads took: 0,0000548 seconds
2017-07-31T11:44:17.268+0200: 7,673: Total time for which application threads were stopped: 0,0001191 seconds, Stopping threads took: 0,0000617 seconds
2017-07-31T11:44:17.269+0200: 7,673: Total time for which application threads were stopped: 0,0001165 seconds, Stopping threads took: 0,0000413 seconds
2017-07-31T11:44:17.269+0200: 7,673: Total time for which application threads were stopped: 0,0002137 seconds, Stopping threads took: 0,0001544 seconds
2017-07-31T11:44:17.269+0200: 7,674: Total time for which application threads were stopped: 0,0001137 seconds, Stopping threads took: 0,0000507 seconds
2017-07-31T11:44:17.324+0200: 7,728: Total time for which application threads were stopped: 0,0002061 seconds, Stopping threads took: 0,0001003 seconds
2017-07-31T11:44:17.325+0200: 7,730: Total time for which application threads were stopped: 0,0001328 seconds, Stopping threads took: 0,0000503 seconds
{Heap before GC invocations=1 (full 0):
 par new generation   total 109248K, used 93097K [0x00000000e0000000, 0x00000000e8000000, 0x00000000e8000000)
  eden space 87424K, 100% used [0x00000000e0000000, 0x00000000e5560000, 0x00000000e5560000)
  from space 21824K,  25% used [0x00000000e6ab0000, 0x00000000e703a478, 0x00000000e8000000)
  to   space 21824K,   0% used [0x00000000e5560000, 0x00000000e5560000, 0x00000000e6ab0000)
 concurrent mark-sweep generation total 393216K, used 0K [0x00000000e8000000, 0x0000000100000000, 0x0000000100000000)
 Metaspace       used 18304K, capacity 18636K, committed 18816K, reserved 1067008K
  class space    used 2059K, capacity 2160K, committed 2176K, reserved 1048576K
2017-07-31T11:44:17.326+0200: 7,730: [GC (Allocation Failure) 2017-07-31T11:44:17.326+0200: 7,730: [ParNew
Desired survivor size 20112992 bytes, new threshold 8 (max 8)
- age   1:    9045544 bytes,    9045544 total
- age   2:    2545056 bytes,   11590600 total
: 93097K->13155K(109248K), 0,0120194 secs] 93097K->13155K(502464K), 0,0121321 secs] [Times: user=0,04 sys=0,00, real=0,01 secs] 
Heap after GC invocations=2 (full 0):
 par new generation   total 109248K, used 13155K [0x00000000e0000000, 0x00000000e8000000, 0x00000000e8000000)
  eden space 87424K,   0% used [0x00000000e0000000, 0x00000000e0000000, 0x00000000e5560000)
  from space 21824K,  60% used [0x00000000e5560000, 0x00000000e6238e10, 0x00000000e6ab0000)
  to   space 21824K,   0% used [0x00000000e6ab0000, 0x00000000e6ab0000, 0x00000000e8000000)
 concurrent mark-sweep generation total 393216K, used 0K [0x00000000e8000000, 0x0000000100000000, 0x0000000100000000)
 Metaspace       used 18304K, capacity 18636K, committed 18816K, reserved 1067008K
  class space    used 2059K, capacity 2160K, committed 2176K, reserved 1048576K
}
2017-07-31T11:44:17.338+0200: 7,742: Total time for which application threads were stopped: 0,0123281 seconds, Stopping threads took: 0,0000193 seconds
2017-07-31T11:44:17.339+0200: 7,743: Total time for which application threads were stopped: 0,0002743 seconds, Stopping threads took: 0,0000687 seconds
2017-07-31T11:44:17.339+0200: 7,743: Total time for which application threads were stopped: 0,0001090 seconds, Stopping threads took: 0,0000492 seconds
2017-07-31T11:44:17.339+0200: 7,744: Total time for which application threads were stopped: 0,0000894 seconds, Stopping threads took: 0,0000327 seconds
2017-07-31T11:44:17.340+0200: 7,745: Total time for which application threads were stopped: 0,0001512 seconds, Stopping threads took: 0,0000626 seconds
2017-07-31T11:44:17.341+0200: 7,745: Total time for which application threads were stopped: 0,0000959 seconds, Stopping threads took: 0,0000409 seconds
2017-07-31T11:44:17.341+0200: 7,746: Total time for which application threads were stopped: 0,0001152 seconds, Stopping threads took: 0,0000642 seconds
2017-07-31T11:44:17.342+0200: 7,746: Total time for which application threads were stopped: 0,0001321 seconds, Stopping threads took: 0,0000386 seconds
2017-07-31T11:44:17.342+0200: 7,746: Total time for which application threads were stopped: 0,0000959 seconds, Stopping threads took: 0,0000329 seconds
2017-07-31T11:44:17.343+0200: 7,747: Total time for which application threads were stopped: 0,0000826 seconds, Stopping threads took: 0,0000269 seconds
2017-07-31T11:44:17.373+0200: 7,778: Total time for which application threads were stopped: 0,0002910 seconds, Stopping threads took: 0,0002051 seconds
2017-07-31T11:44:17.374+0200: 7,779: Total time for which application threads were stopped: 0,0000640 seconds, Stopping threads took: 0,0000149 seconds
2017-07-31T11:44:17.374+0200: 7,779: Total time for which application threads were stopped: 0,0000688 seconds, Stopping threads took: 0,0000226 seconds
2017-07-31T11:44:17.377+0200: 7,781: Total time for which application threads were stopped: 0,0000939 seconds, Stopping threads took: 0,0000357 seconds
2017-07-31T11:44:17.378+0200: 7,782: Total time for which application threads were stopped: 0,0000854 seconds, Stopping threads took: 0,0000164 seconds
2017-07-31T11:44:17.378+0200: 7,782: Total time for which application threads were stopped: 0,0000895 seconds, Stopping threads took: 0,0000346 seconds
2017-07-31T11:44:17.378+0200: 7,783: Total time for which application threads were stopped: 0,0000914 seconds, Stopping threads took: 0,0000176 seconds
2017-07-31T11:44:17.379+0200: 7,783: Total time for which application threads were stopped: 0,0000790 seconds, Stopping threads took: 0,0000164 seconds
2017-07-31T11:44:17.379+0200: 7,784: Total time for which application threads were stopped: 0,0000982 seconds, Stopping threads took: 0,0000277 seconds
2017-07-31T11:44:17.380+0200: 7,784: Total time for which application threads were stopped: 0,0000617 seconds, Stopping threads took: 0,0000131 seconds
2017-07-31T11:44:17.380+0200: 7,785: Total time for which application threads were stopped: 0,0001455 seconds, Stopping threads took: 0,0000737 seconds
2017-07-31T11:44:17.381+0200: 7,785: Total time for which application threads were stopped: 0,0001771 seconds, Stopping threads took: 0,0000378 seconds
2017-07-31T11:44:17.385+0200: 7,789: Total time for which application threads were stopped: 0,0001269 seconds, Stopping threads took: 0,0000678 seconds
2017-07-31T11:44:17.438+0200: 7,842: Total time for which application threads were stopped: 0,0001709 seconds, Stopping threads took: 0,0000821 seconds
2017-07-31T11:44:17.503+0200: 7,907: Total time for which application threads were stopped: 0,0003213 seconds, Stopping threads took: 0,0000597 seconds
{Heap before GC invocations=2 (full 0):
 par new generation   total 109248K, used 100579K [0x00000000e0000000, 0x00000000e8000000, 0x00000000e8000000)
  eden space 87424K, 100% used [0x00000000e0000000, 0x00000000e5560000, 0x00000000e5560000)
  from space 21824K,  60% used [0x00000000e5560000, 0x00000000e6238e10, 0x00000000e6ab0000)
  to   space 21824K,   0% used [0x00000000e6ab0000, 0x00000000e6ab0000, 0x00000000e8000000)
 concurrent mark-sweep generation total 393216K, used 0K [0x00000000e8000000, 0x0000000100000000, 0x0000000100000000)
 Metaspace       used 19150K, capacity 19468K, committed 19712K, reserved 1067008K
  class space    used 2186K, capacity 2288K, committed 2304K, reserved 1048576K
2017-07-31T11:44:17.523+0200: 7,928: [GC (Allocation Failure) 2017-07-31T11:44:17.523+0200: 7,928: [ParNew
Desired survivor size 20112992 bytes, new threshold 8 (max 8)
- age   1:    1027672 bytes,    1027672 total
- age   2:    3622168 bytes,    4649840 total
- age   3:    2537008 bytes,    7186848 total
: 100579K->9428K(109248K), 0,0048307 secs] 100579K->9428K(502464K), 0,0048951 secs] [Times: user=0,02 sys=0,01, real=0,00 secs] 
Heap after GC invocations=3 (full 0):
 par new generation   total 109248K, used 9428K [0x00000000e0000000, 0x00000000e8000000, 0x00000000e8000000)
  eden space 87424K,   0% used [0x00000000e0000000, 0x00000000e0000000, 0x00000000e5560000)
  from space 21824K,  43% used [0x00000000e6ab0000, 0x00000000e73e53a0, 0x00000000e8000000)
  to   space 21824K,   0% used [0x00000000e5560000, 0x00000000e5560000, 0x00000000e6ab0000)
 concurrent mark-sweep generation total 393216K, used 0K [0x00000000e8000000, 0x0000000100000000, 0x0000000100000000)
 Metaspace       used 19150K, capacity 19468K, committed 19712K, reserved 1067008K
  class space    used 2186K, capacity 2288K, committed 2304K, reserved 1048576K
}
2017-07-31T11:44:17.528+0200: 7,933: Total time for which application threads were stopped: 0,0050674 seconds, Stopping threads took: 0,0000405 seconds
2017-07-31T11:44:17.529+0200: 7,933: Total time for which application threads were stopped: 0,0004037 seconds, Stopping threads took: 0,0003585 seconds
2017-07-31T11:44:17.529+0200: 7,933: Total time for which application threads were stopped: 0,0000624 seconds, Stopping threads took: 0,0000328 seconds
2017-07-31T11:44:17.531+0200: 7,935: Total time for which application threads were stopped: 0,0002139 seconds, Stopping threads took: 0,0000168 seconds
2017-07-31T11:44:17.651+0200: 8,056: Total time for which application threads were stopped: 0,0002919 seconds, Stopping threads took: 0,0001546 seconds
2017-07-31T11:44:17.652+0200: 8,056: Total time for which application threads were stopped: 0,0001386 seconds, Stopping threads took: 0,0001137 seconds
2017-07-31T11:44:17.667+0200: 8,072: Total time for which application threads were stopped: 0,0001171 seconds, Stopping threads took: 0,0000188 seconds
2017-07-31T11:44:17.757+0200: 8,162: Total time for which application threads were stopped: 0,0001527 seconds, Stopping threads took: 0,0000613 seconds
2017-07-31T11:44:17.762+0200: 8,166: Total time for which application threads were stopped: 0,0002023 seconds, Stopping threads took: 0,0001342 seconds
{Heap before GC invocations=3 (full 0):
 par new generation   total 109248K, used 96852K [0x00000000e0000000, 0x00000000e8000000, 0x00000000e8000000)
  eden space 87424K, 100% used [0x00000000e0000000, 0x00000000e5560000, 0x00000000e5560000)
  from space 21824K,  43% used [0x00000000e6ab0000, 0x00000000e73e53a0, 0x00000000e8000000)
  to   space 21824K,   0% used [0x00000000e5560000, 0x00000000e5560000, 0x00000000e6ab0000)
 concurrent mark-sweep generation total 393216K, used 0K [0x00000000e8000000, 0x0000000100000000, 0x0000000100000000)
 Metaspace       used 20091K, capacity 20420K, committed 20608K, reserved 1067008K
  class space    used 2283K, capacity 2388K, committed 2432K, reserved 1048576K
2017-07-31T11:44:17.802+0200: 8,207: [GC (Allocation Failure) 2017-07-31T11:44:17.802+0200: 8,207: [ParNew
Desired survivor size 20112992 bytes, new threshold 8 (max 8)
- age   1:    2258952 bytes,    2258952 total
- age   2:     239008 bytes,    2497960 total
- age   3:    3599032 bytes,    6096992 total
- age   4:    2536976 bytes,    8633968 total
: 96852K->11225K(109248K), 0,0059857 secs] 96852K->11225K(502464K), 0,0060787 secs] [Times: user=0,03 sys=0,00, real=0,00 secs] 
Heap after GC invocations=4 (full 0):
 par new generation   total 109248K, used 11225K [0x00000000e0000000, 0x00000000e8000000, 0x00000000e8000000)
  eden space 87424K,   0% used [0x00000000e0000000, 0x00000000e0000000, 0x00000000e5560000)
  from space 21824K,  51% used [0x00000000e5560000, 0x00000000e60565d8, 0x00000000e6ab0000)
  to   space 21824K,   0% used [0x00000000e6ab0000, 0x00000000e6ab0000, 0x00000000e8000000)
 concurrent mark-sweep generation total 393216K, used 0K [0x00000000e8000000, 0x0000000100000000, 0x0000000100000000)
 Metaspace       used 20091K, capacity 20420K, committed 20608K, reserved 1067008K
  class space    used 2283K, capacity 2388K, committed 2432K, reserved 1048576K
}
2017-07-31T11:44:17.808+0200: 8,213: Total time for which application threads were stopped: 0,0062854 seconds, Stopping threads took: 0,0000521 seconds
2017-07-31T11:44:17.856+0200: 8,260: Total time for which application threads were stopped: 0,0000812 seconds, Stopping threads took: 0,0000177 seconds
2017-07-31T11:44:17.856+0200: 8,260: Total time for which application threads were stopped: 0,0000415 seconds, Stopping threads took: 0,0000147 seconds
2017-07-31T11:44:17.862+0200: 8,267: Total time for which application threads were stopped: 0,0000718 seconds, Stopping threads took: 0,0000173 seconds
2017-07-31T11:44:17.914+0200: 8,318: Total time for which application threads were stopped: 0,0001656 seconds, Stopping threads took: 0,0000752 seconds
2017-07-31T11:44:17.941+0200: 8,345: Total time for which application threads were stopped: 0,0002488 seconds, Stopping threads took: 0,0000191 seconds
2017-07-31T11:44:17.964+0200: 8,368: Total time for which application threads were stopped: 0,0000582 seconds, Stopping threads took: 0,0000145 seconds
2017-07-31T11:44:17.972+0200: 8,376: Total time for which application threads were stopped: 0,0000846 seconds, Stopping threads took: 0,0000257 seconds
2017-07-31T11:44:17.985+0200: 8,389: Total time for which application threads were stopped: 0,0000651 seconds, Stopping threads took: 0,0000142 seconds
2017-07-31T11:44:18.017+0200: 8,422: Total time for which application threads were stopped: 0,0000964 seconds, Stopping threads took: 0,0000225 seconds
2017-07-31T11:44:18.052+0200: 8,456: Total time for which application threads were stopped: 0,0001840 seconds, Stopping threads took: 0,0000921 seconds
2017-07-31T11:44:18.052+0200: 8,456: Total time for which application threads were stopped: 0,0001432 seconds, Stopping threads took: 0,0000862 seconds
2017-07-31T11:44:18.063+0200: 8,468: Total time for which application threads were stopped: 0,0001020 seconds, Stopping threads took: 0,0000185 seconds
2017-07-31T11:44:18.117+0200: 8,521: Total time for which application threads were stopped: 0,0001597 seconds, Stopping threads took: 0,0000819 seconds
2017-07-31T11:44:18.126+0200: 8,530: Total time for which application threads were stopped: 0,0001046 seconds, Stopping threads took: 0,0000247 seconds
2017-07-31T11:44:18.128+0200: 8,532: Total time for which application threads were stopped: 0,0001708 seconds, Stopping threads took: 0,0000674 seconds
2017-07-31T11:44:18.134+0200: 8,538: Total time for which application threads were stopped: 0,0002252 seconds, Stopping threads took: 0,0000122 seconds
2017-07-31T11:44:18.156+0200: 8,560: Total time for which application threads were stopped: 0,0000759 seconds, Stopping threads took: 0,0000310 seconds
2017-07-31T11:44:18.156+0200: 8,561: Total time for which application threads were stopped: 0,0000578 seconds, Stopping threads took: 0,0000214 seconds
2017-07-31T11:44:18.188+0200: 8,593: Total time for which application threads were stopped: 0,0000609 seconds, Stopping threads took: 0,0000132 seconds
2017-07-31T11:44:18.189+0200: 8,594: Total time for which application threads were stopped: 0,0000477 seconds, Stopping threads took: 0,0000107 seconds
2017-07-31T11:44:18.190+0200: 8,594: Total time for which application threads were stopped: 0,0000388 seconds, Stopping threads took: 0,0000108 seconds
2017-07-31T11:44:18.190+0200: 8,595: Total time for which application threads were stopped: 0,0000625 seconds, Stopping threads took: 0,0000256 seconds
2017-07-31T11:44:18.191+0200: 8,596: Total time for which application threads were stopped: 0,0000365 seconds, Stopping threads took: 0,0000103 seconds
2017-07-31T11:44:18.194+0200: 8,598: Total time for which application threads were stopped: 0,0000743 seconds, Stopping threads took: 0,0000206 seconds
2017-07-31T11:44:18.201+0200: 8,605: Total time for which application threads were stopped: 0,0000478 seconds, Stopping threads took: 0,0000132 seconds
2017-07-31T11:44:18.206+0200: 8,610: Total time for which application threads were stopped: 0,0001313 seconds, Stopping threads took: 0,0000554 seconds
2017-07-31T11:44:18.271+0200: 8,675: Total time for which application threads were stopped: 0,0000855 seconds, Stopping threads took: 0,0000358 seconds
2017-07-31T11:44:18.314+0200: 8,719: Total time for which application threads were stopped: 0,0001726 seconds, Stopping threads took: 0,0000672 seconds
2017-07-31T11:44:18.317+0200: 8,722: Total time for which application threads were stopped: 0,0001367 seconds, Stopping threads took: 0,0000357 seconds
2017-07-31T11:44:18.434+0200: 8,839: Total time for which application threads were stopped: 0,0001615 seconds, Stopping threads took: 0,0000200 seconds
2017-07-31T11:44:18.493+0200: 8,898: Total time for which application threads were stopped: 0,0000965 seconds, Stopping threads took: 0,0000167 seconds
2017-07-31T11:44:18.506+0200: 8,911: Total time for which application threads were stopped: 0,0000823 seconds, Stopping threads took: 0,0000310 seconds
2017-07-31T11:44:18.507+0200: 8,911: Total time for which application threads were stopped: 0,0000630 seconds, Stopping threads took: 0,0000126 seconds
2017-07-31T11:44:18.543+0200: 8,947: Total time for which application threads were stopped: 0,0001114 seconds, Stopping threads took: 0,0000208 seconds
{Heap before GC invocations=4 (full 0):
 par new generation   total 109248K, used 98649K [0x00000000e0000000, 0x00000000e8000000, 0x00000000e8000000)
  eden space 87424K, 100% used [0x00000000e0000000, 0x00000000e5560000, 0x00000000e5560000)
  from space 21824K,  51% used [0x00000000e5560000, 0x00000000e60565d8, 0x00000000e6ab0000)
  to   space 21824K,   0% used [0x00000000e6ab0000, 0x00000000e6ab0000, 0x00000000e8000000)
 concurrent mark-sweep generation total 393216K, used 0K [0x00000000e8000000, 0x0000000100000000, 0x0000000100000000)
 Metaspace       used 23572K, capacity 23890K, committed 24208K, reserved 1071104K
  class space    used 2734K, capacity 2883K, committed 2940K, reserved 1048576K
2017-07-31T11:44:18.550+0200: 8,954: [GC (Allocation Failure) 2017-07-31T11:44:18.550+0200: 8,955: [ParNew
Desired survivor size 20112992 bytes, new threshold 8 (max 8)
- age   1:    3544680 bytes,    3544680 total
- age   2:     255992 bytes,    3800672 total
- age   3:     213848 bytes,    4014520 total
- age   4:    3597336 bytes,    7611856 total
- age   5:    2536840 bytes,   10148696 total
: 98649K->12125K(109248K), 0,0094155 secs] 98649K->12125K(502464K), 0,0095080 secs] [Times: user=0,04 sys=0,00, real=0,01 secs] 
Heap after GC invocations=5 (full 0):
 par new generation   total 109248K, used 12125K [0x00000000e0000000, 0x00000000e8000000, 0x00000000e8000000)
  eden space 87424K,   0% used [0x00000000e0000000, 0x00000000e0000000, 0x00000000e5560000)
  from space 21824K,  55% used [0x00000000e6ab0000, 0x00000000e7687460, 0x00000000e8000000)
  to   space 21824K,   0% used [0x00000000e5560000, 0x00000000e5560000, 0x00000000e6ab0000)
 concurrent mark-sweep generation total 393216K, used 0K [0x00000000e8000000, 0x0000000100000000, 0x0000000100000000)
 Metaspace       used 23572K, capacity 23890K, committed 24208K, reserved 1071104K
  class space    used 2734K, capacity 2883K, committed 2940K, reserved 1048576K
}
2017-07-31T11:44:18.560+0200: 8,964: Total time for which application threads were stopped: 0,0096872 seconds, Stopping threads took: 0,0000173 seconds
2017-07-31T11:44:18.560+0200: 8,964: [GC (CMS Initial Mark) [1 CMS-initial-mark: 0K(393216K)] 12601K(502464K), 0,0023703 secs] [Times: user=0,01 sys=0,00, real=0,01 secs] 
2017-07-31T11:44:18.562+0200: 8,967: Total time for which application threads were stopped: 0,0025218 seconds, Stopping threads took: 0,0000294 seconds
2017-07-31T11:44:18.562+0200: 8,967: [CMS-concurrent-mark-start]
2017-07-31T11:44:18.562+0200: 8,967: [CMS-concurrent-mark: 0,000/0,000 secs] [Times: user=0,00 sys=0,00, real=0,00 secs] 
2017-07-31T11:44:18.562+0200: 8,967: [CMS-concurrent-preclean-start]
2017-07-31T11:44:18.564+0200: 8,968: [CMS-concurrent-preclean: 0,001/0,001 secs] [Times: user=0,01 sys=0,00, real=0,00 secs] 
2017-07-31T11:44:18.564+0200: 8,969: [GC (CMS Final Remark) [YG occupancy: 13660 K (109248 K)]{Heap before GC invocations=5 (full 1):
 par new generation   total 109248K, used 13660K [0x00000000e0000000, 0x00000000e8000000, 0x00000000e8000000)
  eden space 87424K,   1% used [0x00000000e0000000, 0x00000000e017fe58, 0x00000000e5560000)
  from space 21824K,  55% used [0x00000000e6ab0000, 0x00000000e7687460, 0x00000000e8000000)
  to   space 21824K,   0% used [0x00000000e5560000, 0x00000000e5560000, 0x00000000e6ab0000)
 concurrent mark-sweep generation total 393216K, used 0K [0x00000000e8000000, 0x0000000100000000, 0x0000000100000000)
 Metaspace       used 23580K, capacity 23954K, committed 24208K, reserved 1071104K
  class space    used 2735K, capacity 2883K, committed 2940K, reserved 1048576K
2017-07-31T11:44:18.564+0200: 8,969: [GC (CMS Final Remark) 2017-07-31T11:44:18.564+0200: 8,969: [ParNew
Desired survivor size 20112992 bytes, new threshold 8 (max 8)
- age   1:      11584 bytes,      11584 total
- age   2:    1156080 bytes,    1167664 total
- age   3:     255992 bytes,    1423656 total
- age   4:     213848 bytes,    1637504 total
- age   5:    3597312 bytes,    5234816 total
- age   6:    2537032 bytes,    7771848 total
: 13660K->10669K(109248K), 0,0064385 secs] 13660K->10669K(502464K), 0,0065052 secs] [Times: user=0,02 sys=0,00, real=0,00 secs] 
Heap after GC invocations=6 (full 1):
 par new generation   total 109248K, used 10669K [0x00000000e0000000, 0x00000000e8000000, 0x00000000e8000000)
  eden space 87424K,   0% used [0x00000000e0000000, 0x00000000e0000000, 0x00000000e5560000)
  from space 21824K,  48% used [0x00000000e5560000, 0x00000000e5fcb530, 0x00000000e6ab0000)
  to   space 21824K,   0% used [0x00000000e6ab0000, 0x00000000e6ab0000, 0x00000000e8000000)
 concurrent mark-sweep generation total 393216K, used 0K [0x00000000e8000000, 0x0000000100000000, 0x0000000100000000)
 Metaspace       used 23580K, capacity 23954K, committed 24208K, reserved 1071104K
  class space    used 2735K, capacity 2883K, committed 2940K, reserved 1048576K
}
2017-07-31T11:44:18.571+0200: 8,975: [Rescan (parallel) , 0,0026965 secs]2017-07-31T11:44:18.573+0200: 8,978: [weak refs processing, 0,0003967 secs]2017-07-31T11:44:18.574+0200: 8,978: [class unloading, 0,0031907 secs]2017-07-31T11:44:18.577+0200: 8,981: [scrub symbol table, 0,0029282 secs]2017-07-31T11:44:18.580+0200: 8,984: [scrub string table, 0,0004413 secs][1 CMS-remark: 0K(393216K)] 10669K(502464K), 0,0170026 secs] [Times: user=0,04 sys=0,00, real=0,02 secs] 
2017-07-31T11:44:18.581+0200: 8,986: Total time for which application threads were stopped: 0,0172662 seconds, Stopping threads took: 0,0001684 seconds
2017-07-31T11:44:18.581+0200: 8,986: [CMS-concurrent-sweep-start]
2017-07-31T11:44:18.581+0200: 8,986: [CMS-concurrent-sweep: 0,000/0,000 secs] [Times: user=0,00 sys=0,00, real=0,00 secs] 
2017-07-31T11:44:18.581+0200: 8,986: [CMS-concurrent-reset-start]
2017-07-31T11:44:18.582+0200: 8,987: [CMS-concurrent-reset: 0,001/0,001 secs] [Times: user=0,00 sys=0,00, real=0,00 secs] 
2017-07-31T11:44:18.603+0200: 9,007: Total time for which application threads were stopped: 0,0002230 seconds, Stopping threads took: 0,0001546 seconds
2017-07-31T11:44:18.661+0200: 9,065: Total time for which application threads were stopped: 0,0001457 seconds, Stopping threads took: 0,0000636 seconds
2017-07-31T11:44:18.661+0200: 9,066: Total time for which application threads were stopped: 0,0000638 seconds, Stopping threads took: 0,0000149 seconds
2017-07-31T11:44:18.664+0200: 9,068: Total time for which application threads were stopped: 0,0001789 seconds, Stopping threads took: 0,0000822 seconds
2017-07-31T11:44:18.664+0200: 9,069: Total time for which application threads were stopped: 0,0003154 seconds, Stopping threads took: 0,0001170 seconds
2017-07-31T11:44:18.665+0200: 9,070: Total time for which application threads were stopped: 0,0001395 seconds, Stopping threads took: 0,0000546 seconds
2017-07-31T11:44:18.674+0200: 9,079: Total time for which application threads were stopped: 0,0001029 seconds, Stopping threads took: 0,0000309 seconds
2017-07-31T11:44:18.684+0200: 9,089: Total time for which application threads were stopped: 0,0001906 seconds, Stopping threads took: 0,0000818 seconds
2017-07-31T11:44:18.685+0200: 9,089: Total time for which application threads were stopped: 0,0001256 seconds, Stopping threads took: 0,0000525 seconds
2017-07-31T11:44:18.686+0200: 9,090: Total time for which application threads were stopped: 0,0001219 seconds, Stopping threads took: 0,0000665 seconds
2017-07-31T11:44:18.688+0200: 9,092: Total time for which application threads were stopped: 0,0001968 seconds, Stopping threads took: 0,0001013 seconds
2017-07-31T11:44:18.704+0200: 9,108: Total time for which application threads were stopped: 0,0001998 seconds, Stopping threads took: 0,0000690 seconds
2017-07-31T11:44:18.704+0200: 9,109: Total time for which application threads were stopped: 0,0001975 seconds, Stopping threads took: 0,0001286 seconds
2017-07-31T11:44:18.939+0200: 9,343: Total time for which application threads were stopped: 0,0001457 seconds, Stopping threads took: 0,0000322 seconds
2017-07-31T11:44:18.947+0200: 9,351: Total time for which application threads were stopped: 0,0008613 seconds, Stopping threads took: 0,0007896 seconds
2017-07-31T11:44:18.967+0200: 9,371: Total time for which application threads were stopped: 0,0001499 seconds, Stopping threads took: 0,0000645 seconds
2017-07-31T11:44:19.199+0200: 9,604: Total time for which application threads were stopped: 0,0173706 seconds, Stopping threads took: 0,0172490 seconds
2017-07-31T11:44:19.247+0200: 9,651: Total time for which application threads were stopped: 0,0329402 seconds, Stopping threads took: 0,0326674 seconds
2017-07-31T11:44:19.391+0200: 9,795: Total time for which application threads were stopped: 0,0386535 seconds, Stopping threads took: 0,0385573 seconds
2017-07-31T11:44:19.470+0200: 9,875: Total time for which application threads were stopped: 0,0348379 seconds, Stopping threads took: 0,0344909 seconds
2017-07-31T11:44:19.496+0200: 9,900: Total time for which application threads were stopped: 0,0085011 seconds, Stopping threads took: 0,0084239 seconds
2017-07-31T11:44:19.500+0200: 9,905: Total time for which application threads were stopped: 0,0006483 seconds, Stopping threads took: 0,0005324 seconds
2017-07-31T11:44:20.329+0200: 10,733: Total time for which application threads were stopped: 0,0168709 seconds, Stopping threads took: 0,0166970 seconds
2017-07-31T11:44:20.383+0200: 10,788: Total time for which application threads were stopped: 0,0537227 seconds, Stopping threads took: 0,0535678 seconds
2017-07-31T11:44:20.487+0200: 10,891: Total time for which application threads were stopped: 0,0021623 seconds, Stopping threads took: 0,0020664 seconds
2017-07-31T11:44:20.548+0200: 10,953: Total time for which application threads were stopped: 0,0219025 seconds, Stopping threads took: 0,0215125 seconds
2017-07-31T11:44:20.573+0200: 10,977: Total time for which application threads were stopped: 0,0236732 seconds, Stopping threads took: 0,0235867 seconds
2017-07-31T11:44:20.672+0200: 11,076: Total time for which application threads were stopped: 0,0232232 seconds, Stopping threads took: 0,0231107 seconds
{Heap before GC invocations=6 (full 1):
 par new generation   total 109248K, used 98093K [0x00000000e0000000, 0x00000000e8000000, 0x00000000e8000000)
  eden space 87424K, 100% used [0x00000000e0000000, 0x00000000e5560000, 0x00000000e5560000)
  from space 21824K,  48% used [0x00000000e5560000, 0x00000000e5fcb530, 0x00000000e6ab0000)
  to   space 21824K,   0% used [0x00000000e6ab0000, 0x00000000e6ab0000, 0x00000000e8000000)
 concurrent mark-sweep generation total 393216K, used 0K [0x00000000e8000000, 0x0000000100000000, 0x0000000100000000)
 Metaspace       used 25665K, capacity 26024K, committed 26436K, reserved 1073152K
  class space    used 2948K, capacity 3080K, committed 3196K, reserved 1048576K
2017-07-31T11:44:20.713+0200: 11,118: [GC (Allocation Failure) 2017-07-31T11:44:20.713+0200: 11,118: [ParNew
Desired survivor size 20112992 bytes, new threshold 8 (max 8)
- age   1:   10656496 bytes,   10656496 total
- age   2:       4800 bytes,   10661296 total
- age   3:    1140904 bytes,   11802200 total
- age   4:     255424 bytes,   12057624 total
- age   5:     207000 bytes,   12264624 total
- age   6:    3588968 bytes,   15853592 total
- age   7:    2536768 bytes,   18390360 total
: 98093K->19919K(109248K), 0,0114368 secs] 98093K->19919K(502464K), 0,0115615 secs] [Times: user=0,03 sys=0,01, real=0,01 secs] 
Heap after GC invocations=7 (full 1):
 par new generation   total 109248K, used 19919K [0x00000000e0000000, 0x00000000e8000000, 0x00000000e8000000)
  eden space 87424K,   0% used [0x00000000e0000000, 0x00000000e0000000, 0x00000000e5560000)
  from space 21824K,  91% used [0x00000000e6ab0000, 0x00000000e7e23f00, 0x00000000e8000000)
  to   space 21824K,   0% used [0x00000000e5560000, 0x00000000e5560000, 0x00000000e6ab0000)
 concurrent mark-sweep generation total 393216K, used 0K [0x00000000e8000000, 0x0000000100000000, 0x0000000100000000)
 Metaspace       used 25665K, capacity 26024K, committed 26436K, reserved 1073152K
  class space    used 2948K, capacity 3080K, committed 3196K, reserved 1048576K
}
2017-07-31T11:44:20.725+0200: 11,129: Total time for which application threads were stopped: 0,0265352 seconds, Stopping threads took: 0,0147732 seconds
2017-07-31T11:44:20.725+0200: 11,130: Total time for which application threads were stopped: 0,0001541 seconds, Stopping threads took: 0,0000870 seconds
2017-07-31T11:44:20.741+0200: 11,145: Total time for which application threads were stopped: 0,0150507 seconds, Stopping threads took: 0,0150120 seconds
2017-07-31T11:44:20.741+0200: 11,145: Total time for which application threads were stopped: 0,0001957 seconds, Stopping threads took: 0,0001584 seconds
2017-07-31T11:44:20.741+0200: 11,146: Total time for which application threads were stopped: 0,0000893 seconds, Stopping threads took: 0,0000454 seconds
2017-07-31T11:44:20.788+0200: 11,193: Total time for which application threads were stopped: 0,0002472 seconds, Stopping threads took: 0,0001206 seconds
2017-07-31T11:44:20.788+0200: 11,193: Total time for which application threads were stopped: 0,0000795 seconds, Stopping threads took: 0,0000323 seconds
2017-07-31T11:44:20.789+0200: 11,194: Total time for which application threads were stopped: 0,0001003 seconds, Stopping threads took: 0,0000484 seconds
2017-07-31T11:44:20.790+0200: 11,195: Total time for which application threads were stopped: 0,0001691 seconds, Stopping threads took: 0,0001007 seconds
2017-07-31T11:44:20.795+0200: 11,200: Total time for which application threads were stopped: 0,0001123 seconds, Stopping threads took: 0,0000393 seconds
2017-07-31T11:44:20.818+0200: 11,223: Total time for which application threads were stopped: 0,0004420 seconds, Stopping threads took: 0,0000703 seconds
2017-07-31T11:44:20.828+0200: 11,232: Total time for which application threads were stopped: 0,0001334 seconds, Stopping threads took: 0,0000563 seconds
{Heap before GC invocations=7 (full 1):
 par new generation   total 109248K, used 107343K [0x00000000e0000000, 0x00000000e8000000, 0x00000000e8000000)
  eden space 87424K, 100% used [0x00000000e0000000, 0x00000000e5560000, 0x00000000e5560000)
  from space 21824K,  91% used [0x00000000e6ab0000, 0x00000000e7e23f00, 0x00000000e8000000)
  to   space 21824K,   0% used [0x00000000e5560000, 0x00000000e5560000, 0x00000000e6ab0000)
 concurrent mark-sweep generation total 393216K, used 0K [0x00000000e8000000, 0x0000000100000000, 0x0000000100000000)
 Metaspace       used 25804K, capacity 26220K, committed 26692K, reserved 1073152K
  class space    used 2957K, capacity 3118K, committed 3196K, reserved 1048576K
2017-07-31T11:44:20.854+0200: 11,259: [GC (Allocation Failure) 2017-07-31T11:44:20.854+0200: 11,259: [ParNew
Desired survivor size 20112992 bytes, new threshold 8 (max 8)
- age   1:    3721056 bytes,    3721056 total
- age   2:    8287832 bytes,   12008888 total
- age   3:       4800 bytes,   12013688 total
- age   4:    1139352 bytes,   13153040 total
- age   5:     254928 bytes,   13407968 total
- age   6:     207000 bytes,   13614968 total
- age   7:    3587496 bytes,   17202464 total
- age   8:    2538160 bytes,   19740624 total
: 107343K->21824K(109248K), 0,0105702 secs] 107343K->22212K(502464K), 0,0106477 secs] [Times: user=0,03 sys=0,01, real=0,01 secs] 
Heap after GC invocations=8 (full 1):
 par new generation   total 109248K, used 21824K [0x00000000e0000000, 0x00000000e8000000, 0x00000000e8000000)
  eden space 87424K,   0% used [0x00000000e0000000, 0x00000000e0000000, 0x00000000e5560000)
  from space 21824K, 100% used [0x00000000e5560000, 0x00000000e6ab0000, 0x00000000e6ab0000)
  to   space 21824K,   0% used [0x00000000e6ab0000, 0x00000000e6ab0000, 0x00000000e8000000)
 concurrent mark-sweep generation total 393216K, used 388K [0x00000000e8000000, 0x0000000100000000, 0x0000000100000000)
 Metaspace       used 25804K, capacity 26220K, committed 26692K, reserved 1073152K
  class space    used 2957K, capacity 3118K, committed 3196K, reserved 1048576K
}
2017-07-31T11:44:20.865+0200: 11,269: Total time for which application threads were stopped: 0,0108695 seconds, Stopping threads took: 0,0000632 seconds
2017-07-31T11:44:20.865+0200: 11,270: Total time for which application threads were stopped: 0,0001606 seconds, Stopping threads took: 0,0000907 seconds
2017-07-31T11:44:20.868+0200: 11,272: Total time for which application threads were stopped: 0,0028368 seconds, Stopping threads took: 0,0027941 seconds
2017-07-31T11:44:20.868+0200: 11,273: Total time for which application threads were stopped: 0,0000654 seconds, Stopping threads took: 0,0000304 seconds
2017-07-31T11:44:20.868+0200: 11,273: Total time for which application threads were stopped: 0,0001924 seconds, Stopping threads took: 0,0001472 seconds
{Heap before GC invocations=8 (full 1):
 par new generation   total 109248K, used 109248K [0x00000000e0000000, 0x00000000e8000000, 0x00000000e8000000)
  eden space 87424K, 100% used [0x00000000e0000000, 0x00000000e5560000, 0x00000000e5560000)
  from space 21824K, 100% used [0x00000000e5560000, 0x00000000e6ab0000, 0x00000000e6ab0000)
  to   space 21824K,   0% used [0x00000000e6ab0000, 0x00000000e6ab0000, 0x00000000e8000000)
 concurrent mark-sweep generation total 393216K, used 388K [0x00000000e8000000, 0x0000000100000000, 0x0000000100000000)
 Metaspace       used 26041K, capacity 26444K, committed 26692K, reserved 1073152K
  class space    used 2983K, capacity 3150K, committed 3196K, reserved 1048576K
2017-07-31T11:44:20.940+0200: 11,344: [GC (Allocation Failure) 2017-07-31T11:44:20.940+0200: 11,344: [ParNew
Desired survivor size 20112992 bytes, new threshold 8 (max 8)
- age   1:     944816 bytes,     944816 total
- age   2:    3291496 bytes,    4236312 total
- age   3:    8277976 bytes,   12514288 total
- age   4:       4800 bytes,   12519088 total
- age   5:    1139352 bytes,   13658440 total
- age   6:     254848 bytes,   13913288 total
- age   7:     206968 bytes,   14120256 total
- age   8:    3586936 bytes,   17707192 total
: 109248K->21824K(109248K), 0,0135346 secs] 109636K->24842K(502464K), 0,0136122 secs] [Times: user=0,05 sys=0,01, real=0,02 secs] 
Heap after GC invocations=9 (full 1):
 par new generation   total 109248K, used 21824K [0x00000000e0000000, 0x00000000e8000000, 0x00000000e8000000)
  eden space 87424K,   0% used [0x00000000e0000000, 0x00000000e0000000, 0x00000000e5560000)
  from space 21824K, 100% used [0x00000000e6ab0000, 0x00000000e8000000, 0x00000000e8000000)
  to   space 21824K,   0% used [0x00000000e5560000, 0x00000000e5560000, 0x00000000e6ab0000)
 concurrent mark-sweep generation total 393216K, used 3018K [0x00000000e8000000, 0x0000000100000000, 0x0000000100000000)
 Metaspace       used 26041K, capacity 26444K, committed 26692K, reserved 1073152K
  class space    used 2983K, capacity 3150K, committed 3196K, reserved 1048576K
}
2017-07-31T11:44:20.953+0200: 11,358: Total time for which application threads were stopped: 0,0138423 seconds, Stopping threads took: 0,0000902 seconds
2017-07-31T11:44:20.954+0200: 11,358: Total time for which application threads were stopped: 0,0001036 seconds, Stopping threads took: 0,0000368 seconds
{Heap before GC invocations=9 (full 1):
 par new generation   total 109248K, used 109248K [0x00000000e0000000, 0x00000000e8000000, 0x00000000e8000000)
  eden space 87424K, 100% used [0x00000000e0000000, 0x00000000e5560000, 0x00000000e5560000)
  from space 21824K, 100% used [0x00000000e6ab0000, 0x00000000e8000000, 0x00000000e8000000)
  to   space 21824K,   0% used [0x00000000e5560000, 0x00000000e5560000, 0x00000000e6ab0000)
 concurrent mark-sweep generation total 393216K, used 3018K [0x00000000e8000000, 0x0000000100000000, 0x0000000100000000)
 Metaspace       used 26397K, capacity 26796K, committed 27204K, reserved 1073152K
  class space    used 3036K, capacity 3182K, committed 3196K, reserved 1048576K
2017-07-31T11:44:21.060+0200: 11,465: [GC (Allocation Failure) 2017-07-31T11:44:21.060+0200: 11,465: [ParNew
Desired survivor size 20112992 bytes, new threshold 8 (max 8)
- age   1:    1222128 bytes,    1222128 total
- age   2:     688936 bytes,    1911064 total
- age   3:    3281792 bytes,    5192856 total
- age   4:    8277944 bytes,   13470800 total
- age   5:       4800 bytes,   13475600 total
- age   6:    1139016 bytes,   14614616 total
- age   7:     254784 bytes,   14869400 total
- age   8:     206808 bytes,   15076208 total
: 109248K->17503K(109248K), 0,0149026 secs] 112266K->24195K(502464K), 0,0149871 secs] [Times: user=0,07 sys=0,00, real=0,01 secs] 
Heap after GC invocations=10 (full 1):
 par new generation   total 109248K, used 17503K [0x00000000e0000000, 0x00000000e8000000, 0x00000000e8000000)
  eden space 87424K,   0% used [0x00000000e0000000, 0x00000000e0000000, 0x00000000e5560000)
  from space 21824K,  80% used [0x00000000e5560000, 0x00000000e6677c40, 0x00000000e6ab0000)
  to   space 21824K,   0% used [0x00000000e6ab0000, 0x00000000e6ab0000, 0x00000000e8000000)
 concurrent mark-sweep generation total 393216K, used 6692K [0x00000000e8000000, 0x0000000100000000, 0x0000000100000000)
 Metaspace       used 26397K, capacity 26796K, committed 27204K, reserved 1073152K
  class space    used 3036K, capacity 3182K, committed 3196K, reserved 1048576K
}
2017-07-31T11:44:21.075+0200: 11,480: Total time for which application threads were stopped: 0,0152148 seconds, Stopping threads took: 0,0000922 seconds
{Heap before GC invocations=10 (full 1):
 par new generation   total 109248K, used 104927K [0x00000000e0000000, 0x00000000e8000000, 0x00000000e8000000)
  eden space 87424K, 100% used [0x00000000e0000000, 0x00000000e5560000, 0x00000000e5560000)
  from space 21824K,  80% used [0x00000000e5560000, 0x00000000e6677c40, 0x00000000e6ab0000)
  to   space 21824K,   0% used [0x00000000e6ab0000, 0x00000000e6ab0000, 0x00000000e8000000)
 concurrent mark-sweep generation total 393216K, used 6692K [0x00000000e8000000, 0x0000000100000000, 0x0000000100000000)
 Metaspace       used 26452K, capacity 26834K, committed 27332K, reserved 1073152K
  class space    used 3044K, capacity 3215K, committed 3324K, reserved 1048576K
2017-07-31T11:44:21.120+0200: 11,525: [GC (Allocation Failure) 2017-07-31T11:44:21.120+0200: 11,525: [ParNew
Desired survivor size 20112992 bytes, new threshold 8 (max 8)
- age   1:     854848 bytes,     854848 total
- age   2:     101304 bytes,     956152 total
- age   3:     688512 bytes,    1644664 total
- age   4:    3281752 bytes,    4926416 total
- age   5:    8277944 bytes,   13204360 total
- age   6:       4800 bytes,   13209160 total
- age   7:    1139016 bytes,   14348176 total
- age   8:     254784 bytes,   14602960 total
: 104927K->19272K(109248K), 0,0108752 secs] 111619K->26171K(502464K), 0,0109492 secs] [Times: user=0,05 sys=0,00, real=0,00 secs] 
Heap after GC invocations=11 (full 1):
 par new generation   total 109248K, used 19272K [0x00000000e0000000, 0x00000000e8000000, 0x00000000e8000000)
  eden space 87424K,   0% used [0x00000000e0000000, 0x00000000e0000000, 0x00000000e5560000)
  from space 21824K,  88% used [0x00000000e6ab0000, 0x00000000e7d82188, 0x00000000e8000000)
  to   space 21824K,   0% used [0x00000000e5560000, 0x00000000e5560000, 0x00000000e6ab0000)
 concurrent mark-sweep generation total 393216K, used 6899K [0x00000000e8000000, 0x0000000100000000, 0x0000000100000000)
 Metaspace       used 26452K, capacity 26834K, committed 27332K, reserved 1073152K
  class space    used 3044K, capacity 3215K, committed 3324K, reserved 1048576K
}
2017-07-31T11:44:21.131+0200: 11,536: Total time for which application threads were stopped: 0,0111398 seconds, Stopping threads took: 0,0000471 seconds
{Heap before GC invocations=11 (full 1):
 par new generation   total 109248K, used 106696K [0x00000000e0000000, 0x00000000e8000000, 0x00000000e8000000)
  eden space 87424K, 100% used [0x00000000e0000000, 0x00000000e5560000, 0x00000000e5560000)
  from space 21824K,  88% used [0x00000000e6ab0000, 0x00000000e7d82188, 0x00000000e8000000)
  to   space 21824K,   0% used [0x00000000e5560000, 0x00000000e5560000, 0x00000000e6ab0000)
 concurrent mark-sweep generation total 393216K, used 6899K [0x00000000e8000000, 0x0000000100000000, 0x0000000100000000)
 Metaspace       used 26519K, capacity 26898K, committed 27332K, reserved 1073152K
  class space    used 3053K, capacity 3215K, committed 3324K, reserved 1048576K
2017-07-31T11:44:21.189+0200: 11,594: [GC (Allocation Failure) 2017-07-31T11:44:21.189+0200: 11,594: [ParNew
Desired survivor size 20112992 bytes, new threshold 8 (max 8)
- age   1:     374208 bytes,     374208 total
- age   2:      90128 bytes,     464336 total
- age   3:     100328 bytes,     564664 total
- age   4:     688168 bytes,    1252832 total
- age   5:    3281752 bytes,    4534584 total
- age   6:    8277912 bytes,   12812496 total
- age   7:       4800 bytes,   12817296 total
- age   8:    1139016 bytes,   13956312 total
: 106696K->20705K(109248K), 0,0091519 secs] 113595K->27858K(502464K), 0,0092401 secs] [Times: user=0,06 sys=0,00, real=0,01 secs] 
Heap after GC invocations=12 (full 1):
 par new generation   total 109248K, used 20705K [0x00000000e0000000, 0x00000000e8000000, 0x00000000e8000000)
  eden space 87424K,   0% used [0x00000000e0000000, 0x00000000e0000000, 0x00000000e5560000)
  from space 21824K,  94% used [0x00000000e5560000, 0x00000000e6998440, 0x00000000e6ab0000)
  to   space 21824K,   0% used [0x00000000e6ab0000, 0x00000000e6ab0000, 0x00000000e8000000)
 concurrent mark-sweep generation total 393216K, used 7153K [0x00000000e8000000, 0x0000000100000000, 0x0000000100000000)
 Metaspace       used 26519K, capacity 26898K, committed 27332K, reserved 1073152K
  class space    used 3053K, capacity 3215K, committed 3324K, reserved 1048576K
}
2017-07-31T11:44:21.198+0200: 11,603: Total time for which application threads were stopped: 0,0094581 seconds, Stopping threads took: 0,0000315 seconds
2017-07-31T11:44:21.263+0200: 11,668: Total time for which application threads were stopped: 0,0001334 seconds, Stopping threads took: 0,0000291 seconds
2017-07-31T11:44:21.270+0200: 11,675: Total time for which application threads were stopped: 0,0003274 seconds, Stopping threads took: 0,0000174 seconds
2017-07-31T11:44:21.351+0200: 11,755: Total time for which application threads were stopped: 0,0001362 seconds, Stopping threads took: 0,0000502 seconds
2017-07-31T11:44:21.353+0200: 11,758: Total time for which application threads were stopped: 0,0000692 seconds, Stopping threads took: 0,0000136 seconds
2017-07-31T11:44:21.392+0200: 11,797: Total time for which application threads were stopped: 0,0001899 seconds, Stopping threads took: 0,0000525 seconds
2017-07-31T11:44:21.395+0200: 11,799: Total time for which application threads were stopped: 0,0001107 seconds, Stopping threads took: 0,0000363 seconds
2017-07-31T11:44:21.408+0200: 11,813: Total time for which application threads were stopped: 0,0001223 seconds, Stopping threads took: 0,0000373 seconds
2017-07-31T11:44:21.474+0200: 11,878: Total time for which application threads were stopped: 0,0000978 seconds, Stopping threads took: 0,0000307 seconds
2017-07-31T11:44:21.554+0200: 11,959: Total time for which application threads were stopped: 0,0001029 seconds, Stopping threads took: 0,0000197 seconds
2017-07-31T11:44:21.555+0200: 11,959: Total time for which application threads were stopped: 0,0000471 seconds, Stopping threads took: 0,0000095 seconds
2017-07-31T11:44:21.555+0200: 11,959: Total time for which application threads were stopped: 0,0000477 seconds, Stopping threads took: 0,0000104 seconds
2017-07-31T11:44:21.584+0200: 11,988: Total time for which application threads were stopped: 0,0000920 seconds, Stopping threads took: 0,0000223 seconds
2017-07-31T11:44:21.593+0200: 11,998: Total time for which application threads were stopped: 0,0001248 seconds, Stopping threads took: 0,0000333 seconds
2017-07-31T11:44:21.612+0200: 12,016: Total time for which application threads were stopped: 0,0001062 seconds, Stopping threads took: 0,0000355 seconds
2017-07-31T11:44:21.612+0200: 12,016: Total time for which application threads were stopped: 0,0000494 seconds, Stopping threads took: 0,0000169 seconds
2017-07-31T11:44:21.612+0200: 12,017: Total time for which application threads were stopped: 0,0000483 seconds, Stopping threads took: 0,0000181 seconds
2017-07-31T11:44:21.614+0200: 12,018: Total time for which application threads were stopped: 0,0001140 seconds, Stopping threads took: 0,0000230 seconds
2017-07-31T11:44:21.614+0200: 12,018: Total time for which application threads were stopped: 0,0000893 seconds, Stopping threads took: 0,0000315 seconds
{Heap before GC invocations=12 (full 1):
 par new generation   total 109248K, used 108129K [0x00000000e0000000, 0x00000000e8000000, 0x00000000e8000000)
  eden space 87424K, 100% used [0x00000000e0000000, 0x00000000e5560000, 0x00000000e5560000)
  from space 21824K,  94% used [0x00000000e5560000, 0x00000000e6998440, 0x00000000e6ab0000)
  to   space 21824K,   0% used [0x00000000e6ab0000, 0x00000000e6ab0000, 0x00000000e8000000)
 concurrent mark-sweep generation total 393216K, used 7153K [0x00000000e8000000, 0x0000000100000000, 0x0000000100000000)
 Metaspace       used 28344K, capacity 28832K, committed 29252K, reserved 1075200K
  class space    used 3226K, capacity 3391K, committed 3452K, reserved 1048576K
2017-07-31T11:44:21.634+0200: 12,039: [GC (Allocation Failure) 2017-07-31T11:44:21.634+0200: 12,039: [ParNew
Desired survivor size 20112992 bytes, new threshold 8 (max 8)
- age   1:    6338944 bytes,    6338944 total
- age   2:      86760 bytes,    6425704 total
- age   3:      89152 bytes,    6514856 total
- age   4:      98656 bytes,    6613512 total
- age   5:     134168 bytes,    6747680 total
- age   6:    1871728 bytes,    8619408 total
- age   7:    8272288 bytes,   16891696 total
- age   8:       4696 bytes,   16896392 total
: 108129K->17872K(109248K), 0,0096373 secs] 115282K->26149K(502464K), 0,0096937 secs] [Times: user=0,06 sys=0,00, real=0,01 secs] 
Heap after GC invocations=13 (full 1):
 par new generation   total 109248K, used 17872K [0x00000000e0000000, 0x00000000e8000000, 0x00000000e8000000)
  eden space 87424K,   0% used [0x00000000e0000000, 0x00000000e0000000, 0x00000000e5560000)
  from space 21824K,  81% used [0x00000000e6ab0000, 0x00000000e7c24258, 0x00000000e8000000)
  to   space 21824K,   0% used [0x00000000e5560000, 0x00000000e5560000, 0x00000000e6ab0000)
 concurrent mark-sweep generation total 393216K, used 8277K [0x00000000e8000000, 0x0000000100000000, 0x0000000100000000)
 Metaspace       used 28344K, capacity 28832K, committed 29252K, reserved 1075200K
  class space    used 3226K, capacity 3391K, committed 3452K, reserved 1048576K
}
2017-07-31T11:44:21.644+0200: 12,049: Total time for which application threads were stopped: 0,0099210 seconds, Stopping threads took: 0,0000520 seconds
2017-07-31T11:44:21.644+0200: 12,049: Total time for which application threads were stopped: 0,0001132 seconds, Stopping threads took: 0,0000394 seconds
2017-07-31T11:44:21.645+0200: 12,049: Total time for which application threads were stopped: 0,0001118 seconds, Stopping threads took: 0,0000460 seconds
2017-07-31T11:44:21.646+0200: 12,051: Total time for which application threads were stopped: 0,0001452 seconds, Stopping threads took: 0,0000581 seconds
2017-07-31T11:44:21.676+0200: 12,080: Total time for which application threads were stopped: 0,0001257 seconds, Stopping threads took: 0,0000414 seconds
2017-07-31T11:44:21.676+0200: 12,081: Total time for which application threads were stopped: 0,0001118 seconds, Stopping threads took: 0,0000430 seconds
2017-07-31T11:44:21.691+0200: 12,096: Total time for which application threads were stopped: 0,0001357 seconds, Stopping threads took: 0,0000362 seconds
2017-07-31T11:44:21.693+0200: 12,098: Total time for which application threads were stopped: 0,0003370 seconds, Stopping threads took: 0,0000635 seconds
2017-07-31T11:44:21.696+0200: 12,100: Total time for which application threads were stopped: 0,0001258 seconds, Stopping threads took: 0,0000348 seconds
2017-07-31T11:44:21.696+0200: 12,101: Total time for which application threads were stopped: 0,0000874 seconds, Stopping threads took: 0,0000365 seconds
2017-07-31T11:44:21.700+0200: 12,105: Total time for which application threads were stopped: 0,0001696 seconds, Stopping threads took: 0,0000581 seconds
{Heap before GC invocations=13 (full 1):
 par new generation   total 109248K, used 105296K [0x00000000e0000000, 0x00000000e8000000, 0x00000000e8000000)
  eden space 87424K, 100% used [0x00000000e0000000, 0x00000000e5560000, 0x00000000e5560000)
  from space 21824K,  81% used [0x00000000e6ab0000, 0x00000000e7c24258, 0x00000000e8000000)
  to   space 21824K,   0% used [0x00000000e5560000, 0x00000000e5560000, 0x00000000e6ab0000)
 concurrent mark-sweep generation total 393216K, used 8277K [0x00000000e8000000, 0x0000000100000000, 0x0000000100000000)
 Metaspace       used 28470K, capacity 28920K, committed 29252K, reserved 1075200K
  class space    used 3240K, capacity 3401K, committed 3452K, reserved 1048576K
2017-07-31T11:44:21.737+0200: 12,141: [GC (Allocation Failure) 2017-07-31T11:44:21.737+0200: 12,141: [ParNew
Desired survivor size 20112992 bytes, new threshold 8 (max 8)
- age   1:    4831968 bytes,    4831968 total
- age   2:    4417376 bytes,    9249344 total
- age   3:      86552 bytes,    9335896 total
- age   4:      86304 bytes,    9422200 total
- age   5:      95488 bytes,    9517688 total
- age   6:     131856 bytes,    9649544 total
- age   7:    1858968 bytes,   11508512 total
- age   8:    8272152 bytes,   19780664 total
: 105296K->21824K(109248K), 0,0113238 secs] 113573K->30453K(502464K), 0,0114032 secs] [Times: user=0,05 sys=0,00, real=0,01 secs] 
Heap after GC invocations=14 (full 1):
 par new generation   total 109248K, used 21824K [0x00000000e0000000, 0x00000000e8000000, 0x00000000e8000000)
  eden space 87424K,   0% used [0x00000000e0000000, 0x00000000e0000000, 0x00000000e5560000)
  from space 21824K, 100% used [0x00000000e5560000, 0x00000000e6ab0000, 0x00000000e6ab0000)
  to   space 21824K,   0% used [0x00000000e6ab0000, 0x00000000e6ab0000, 0x00000000e8000000)
 concurrent mark-sweep generation total 393216K, used 8629K [0x00000000e8000000, 0x0000000100000000, 0x0000000100000000)
 Metaspace       used 28470K, capacity 28920K, committed 29252K, reserved 1075200K
  class space    used 3240K, capacity 3401K, committed 3452K, reserved 1048576K
}
2017-07-31T11:44:21.748+0200: 12,153: Total time for which application threads were stopped: 0,0129610 seconds, Stopping threads took: 0,0014056 seconds
2017-07-31T11:44:21.749+0200: 12,153: Total time for which application threads were stopped: 0,0002104 seconds, Stopping threads took: 0,0001315 seconds
2017-07-31T11:44:21.751+0200: 12,155: Total time for which application threads were stopped: 0,0001400 seconds, Stopping threads took: 0,0000278 seconds
{Heap before GC invocations=14 (full 1):
 par new generation   total 109248K, used 109248K [0x00000000e0000000, 0x00000000e8000000, 0x00000000e8000000)
  eden space 87424K, 100% used [0x00000000e0000000, 0x00000000e5560000, 0x00000000e5560000)
  from space 21824K, 100% used [0x00000000e5560000, 0x00000000e6ab0000, 0x00000000e6ab0000)
  to   space 21824K,   0% used [0x00000000e6ab0000, 0x00000000e6ab0000, 0x00000000e8000000)
 concurrent mark-sweep generation total 393216K, used 8629K [0x00000000e8000000, 0x0000000100000000, 0x0000000100000000)
 Metaspace       used 28547K, capacity 28926K, committed 29252K, reserved 1075200K
  class space    used 3244K, capacity 3407K, committed 3452K, reserved 1048576K
2017-07-31T11:44:21.824+0200: 12,228: [GC (Allocation Failure) 2017-07-31T11:44:21.824+0200: 12,228: [ParNew
Desired survivor size 20112992 bytes, new threshold 8 (max 8)
- age   1:    1415312 bytes,    1415312 total
- age   2:    4493360 bytes,    5908672 total
- age   3:    4409208 bytes,   10317880 total
- age   4:      86552 bytes,   10404432 total
- age   5:      86304 bytes,   10490736 total
- age   6:      95488 bytes,   10586224 total
- age   7:     131856 bytes,   10718080 total
- age   8:    1858912 bytes,   12576992 total
: 109248K->21824K(109248K), 0,0210809 secs] 117877K->39902K(502464K), 0,0211641 secs] [Times: user=0,12 sys=0,00, real=0,02 secs] 
Heap after GC invocations=15 (full 1):
 par new generation   total 109248K, used 21824K [0x00000000e0000000, 0x00000000e8000000, 0x00000000e8000000)
  eden space 87424K,   0% used [0x00000000e0000000, 0x00000000e0000000, 0x00000000e5560000)
  from space 21824K, 100% used [0x00000000e6ab0000, 0x00000000e8000000, 0x00000000e8000000)
  to   space 21824K,   0% used [0x00000000e5560000, 0x00000000e5560000, 0x00000000e6ab0000)
 concurrent mark-sweep generation total 393216K, used 18078K [0x00000000e8000000, 0x0000000100000000, 0x0000000100000000)
 Metaspace       used 28547K, capacity 28926K, committed 29252K, reserved 1075200K
  class space    used 3244K, capacity 3407K, committed 3452K, reserved 1048576K
}
2017-07-31T11:44:21.845+0200: 12,250: Total time for which application threads were stopped: 0,0214348 seconds, Stopping threads took: 0,0000852 seconds
2017-07-31T11:44:21.845+0200: 12,250: Total time for which application threads were stopped: 0,0001142 seconds, Stopping threads took: 0,0000411 seconds
2017-07-31T11:44:21.845+0200: 12,250: Total time for which application threads were stopped: 0,0000985 seconds, Stopping threads took: 0,0000587 seconds
2017-07-31T11:44:21.845+0200: 12,250: Total time for which application threads were stopped: 0,0000512 seconds, Stopping threads took: 0,0000238 seconds
2017-07-31T11:44:21.846+0200: 12,250: Total time for which application threads were stopped: 0,0002687 seconds, Stopping threads took: 0,0002266 seconds
2017-07-31T11:44:21.873+0200: 12,278: Total time for which application threads were stopped: 0,0001212 seconds, Stopping threads took: 0,0000346 seconds
2017-07-31T11:44:21.874+0200: 12,279: Total time for which application threads were stopped: 0,0000730 seconds, Stopping threads took: 0,0000245 seconds
2017-07-31T11:44:21.922+0200: 12,326: Total time for which application threads were stopped: 0,0004341 seconds, Stopping threads took: 0,0000570 seconds
2017-07-31T11:44:21.937+0200: 12,341: Total time for which application threads were stopped: 0,0002151 seconds, Stopping threads took: 0,0001362 seconds
{Heap before GC invocations=15 (full 1):
 par new generation   total 109248K, used 109248K [0x00000000e0000000, 0x00000000e8000000, 0x00000000e8000000)
  eden space 87424K, 100% used [0x00000000e0000000, 0x00000000e5560000, 0x00000000e5560000)
  from space 21824K, 100% used [0x00000000e6ab0000, 0x00000000e8000000, 0x00000000e8000000)
  to   space 21824K,   0% used [0x00000000e5560000, 0x00000000e5560000, 0x00000000e6ab0000)
 concurrent mark-sweep generation total 393216K, used 18078K [0x00000000e8000000, 0x0000000100000000, 0x0000000100000000)
 Metaspace       used 29244K, capacity 29688K, committed 30148K, reserved 1075200K
  class space    used 3334K, capacity 3514K, committed 3580K, reserved 1048576K
2017-07-31T11:44:21.953+0200: 12,357: [GC (Allocation Failure) 2017-07-31T11:44:21.953+0200: 12,357: [ParNew
Desired survivor size 20112992 bytes, new threshold 8 (max 8)
- age   1:    2050744 bytes,    2050744 total
- age   2:     788520 bytes,    2839264 total
- age   3:    3831088 bytes,    6670352 total
- age   4:    4409208 bytes,   11079560 total
- age   5:      86552 bytes,   11166112 total
- age   6:      86304 bytes,   11252416 total
- age   7:      95488 bytes,   11347904 total
- age   8:     131856 bytes,   11479760 total
: 109248K->15219K(109248K), 0,0085918 secs] 127326K->35118K(502464K), 0,0086577 secs] [Times: user=0,04 sys=0,00, real=0,01 secs] 
Heap after GC invocations=16 (full 1):
 par new generation   total 109248K, used 15219K [0x00000000e0000000, 0x00000000e8000000, 0x00000000e8000000)
  eden space 87424K,   0% used [0x00000000e0000000, 0x00000000e0000000, 0x00000000e5560000)
  from space 21824K,  69% used [0x00000000e5560000, 0x00000000e643cc28, 0x00000000e6ab0000)
  to   space 21824K,   0% used [0x00000000e6ab0000, 0x00000000e6ab0000, 0x00000000e8000000)
 concurrent mark-sweep generation total 393216K, used 19899K [0x00000000e8000000, 0x0000000100000000, 0x0000000100000000)
 Metaspace       used 29244K, capacity 29688K, committed 30148K, reserved 1075200K
  class space    used 3334K, capacity 3514K, committed 3580K, reserved 1048576K
}
2017-07-31T11:44:21.961+0200: 12,366: Total time for which application threads were stopped: 0,0088466 seconds, Stopping threads took: 0,0000582 seconds
2017-07-31T11:44:21.962+0200: 12,366: Total time for which application threads were stopped: 0,0001344 seconds, Stopping threads took: 0,0000646 seconds
2017-07-31T11:44:21.968+0200: 12,373: Total time for which application threads were stopped: 0,0001458 seconds, Stopping threads took: 0,0000761 seconds
2017-07-31T11:44:21.997+0200: 12,402: Total time for which application threads were stopped: 0,0001423 seconds, Stopping threads took: 0,0000272 seconds
2017-07-31T11:44:22.028+0200: 12,433: Total time for which application threads were stopped: 0,0001428 seconds, Stopping threads took: 0,0000454 seconds
{Heap before GC invocations=16 (full 1):
 par new generation   total 109248K, used 102643K [0x00000000e0000000, 0x00000000e8000000, 0x00000000e8000000)
  eden space 87424K, 100% used [0x00000000e0000000, 0x00000000e5560000, 0x00000000e5560000)
  from space 21824K,  69% used [0x00000000e5560000, 0x00000000e643cc28, 0x00000000e6ab0000)
  to   space 21824K,   0% used [0x00000000e6ab0000, 0x00000000e6ab0000, 0x00000000e8000000)
 concurrent mark-sweep generation total 393216K, used 19899K [0x00000000e8000000, 0x0000000100000000, 0x0000000100000000)
 Metaspace       used 29463K, capacity 29950K, committed 30404K, reserved 1077248K
  class space    used 3366K, capacity 3516K, committed 3580K, reserved 1048576K
2017-07-31T11:44:22.035+0200: 12,440: [GC (Allocation Failure) 2017-07-31T11:44:22.035+0200: 12,440: [ParNew
Desired survivor size 20112992 bytes, new threshold 8 (max 8)
- age   1:    2404488 bytes,    2404488 total
- age   2:    1478080 bytes,    3882568 total
- age   3:     778752 bytes,    4661320 total
- age   4:    3830304 bytes,    8491624 total
- age   5:    4407272 bytes,   12898896 total
- age   6:      86496 bytes,   12985392 total
- age   7:      86304 bytes,   13071696 total
- age   8:      95488 bytes,   13167184 total
: 102643K->15304K(109248K), 0,0084106 secs] 122542K->35335K(502464K), 0,0084832 secs] [Times: user=0,04 sys=0,00, real=0,01 secs] 
Heap after GC invocations=17 (full 1):
 par new generation   total 109248K, used 15304K [0x00000000e0000000, 0x00000000e8000000, 0x00000000e8000000)
  eden space 87424K,   0% used [0x00000000e0000000, 0x00000000e0000000, 0x00000000e5560000)
  from space 21824K,  70% used [0x00000000e6ab0000, 0x00000000e79a2130, 0x00000000e8000000)
  to   space 21824K,   0% used [0x00000000e5560000, 0x00000000e5560000, 0x00000000e6ab0000)
 concurrent mark-sweep generation total 393216K, used 20030K [0x00000000e8000000, 0x0000000100000000, 0x0000000100000000)
 Metaspace       used 29463K, capacity 29950K, committed 30404K, reserved 1077248K
  class space    used 3366K, capacity 3516K, committed 3580K, reserved 1048576K
}
2017-07-31T11:44:22.044+0200: 12,448: Total time for which application threads were stopped: 0,0086517 seconds, Stopping threads took: 0,0000304 seconds
2017-07-31T11:44:22.532+0200: 12,937: Total time for which application threads were stopped: 0,0001270 seconds, Stopping threads took: 0,0000284 seconds
2017-07-31T11:44:22.544+0200: 12,948: Total time for which application threads were stopped: 0,0001175 seconds, Stopping threads took: 0,0000535 seconds
2017-07-31T11:44:22.738+0200: 13,143: Total time for which application threads were stopped: 0,0001317 seconds, Stopping threads took: 0,0000715 seconds
2017-07-31T11:44:22.842+0200: 13,246: Total time for which application threads were stopped: 0,0004299 seconds, Stopping threads took: 0,0000143 seconds
2017-07-31T11:44:22.842+0200: 13,246: Total time for which application threads were stopped: 0,0001173 seconds, Stopping threads took: 0,0000107 seconds
2017-07-31T11:44:22.843+0200: 13,248: Total time for which application threads were stopped: 0,0000772 seconds, Stopping threads took: 0,0000269 seconds
2017-07-31T11:44:22.843+0200: 13,248: Total time for which application threads were stopped: 0,0000500 seconds, Stopping threads took: 0,0000084 seconds
2017-07-31T11:44:22.882+0200: 13,287: Total time for which application threads were stopped: 0,0000786 seconds, Stopping threads took: 0,0000237 seconds
2017-07-31T11:44:22.882+0200: 13,287: Total time for which application threads were stopped: 0,0000763 seconds, Stopping threads took: 0,0000229 seconds
2017-07-31T11:44:22.883+0200: 13,287: Total time for which application threads were stopped: 0,0000599 seconds, Stopping threads took: 0,0000229 seconds
2017-07-31T11:44:23.883+0200: 14,287: Total time for which application threads were stopped: 0,0001257 seconds, Stopping threads took: 0,0000325 seconds
2017-07-31T11:44:24.432+0200: 14,837: Total time for which application threads were stopped: 0,0002931 seconds, Stopping threads took: 0,0002038 seconds
2017-07-31T11:44:24.433+0200: 14,837: Total time for which application threads were stopped: 0,0001308 seconds, Stopping threads took: 0,0000514 seconds
2017-07-31T11:44:24.433+0200: 14,838: Total time for which application threads were stopped: 0,0001169 seconds, Stopping threads took: 0,0000549 seconds
2017-07-31T11:44:24.434+0200: 14,838: Total time for which application threads were stopped: 0,0002242 seconds, Stopping threads took: 0,0001238 seconds
2017-07-31T11:44:24.434+0200: 14,839: Total time for which application threads were stopped: 0,0001136 seconds, Stopping threads took: 0,0000405 seconds
2017-07-31T11:44:24.496+0200: 14,900: Total time for which application threads were stopped: 0,0001065 seconds, Stopping threads took: 0,0000255 seconds
2017-07-31T11:44:24.497+0200: 14,902: Total time for which application threads were stopped: 0,0001274 seconds, Stopping threads took: 0,0000749 seconds
2017-07-31T11:44:24.498+0200: 14,902: Total time for which application threads were stopped: 0,0001039 seconds, Stopping threads took: 0,0000584 seconds
2017-07-31T11:44:24.501+0200: 14,906: Total time for which application threads were stopped: 0,0012555 seconds, Stopping threads took: 0,0011765 seconds
2017-07-31T11:44:24.501+0200: 14,906: Total time for which application threads were stopped: 0,0001434 seconds, Stopping threads took: 0,0000991 seconds
2017-07-31T11:44:24.502+0200: 14,906: Total time for which application threads were stopped: 0,0001274 seconds, Stopping threads took: 0,0000567 seconds
2017-07-31T11:44:24.502+0200: 14,906: Total time for which application threads were stopped: 0,0001013 seconds, Stopping threads took: 0,0000622 seconds
2017-07-31T11:44:24.502+0200: 14,906: Total time for which application threads were stopped: 0,0000998 seconds, Stopping threads took: 0,0000507 seconds
2017-07-31T11:44:24.502+0200: 14,907: Total time for which application threads were stopped: 0,0000747 seconds, Stopping threads took: 0,0000357 seconds
2017-07-31T11:44:24.503+0200: 14,907: Total time for which application threads were stopped: 0,0000931 seconds, Stopping threads took: 0,0000350 seconds
2017-07-31T11:44:24.503+0200: 14,908: Total time for which application threads were stopped: 0,0001696 seconds, Stopping threads took: 0,0001271 seconds
2017-07-31T11:44:24.503+0200: 14,908: Total time for which application threads were stopped: 0,0001362 seconds, Stopping threads took: 0,0000981 seconds
2017-07-31T11:44:24.503+0200: 14,908: Total time for which application threads were stopped: 0,0000725 seconds, Stopping threads took: 0,0000334 seconds
2017-07-31T11:44:24.504+0200: 14,908: Total time for which application threads were stopped: 0,0000838 seconds, Stopping threads took: 0,0000439 seconds
2017-07-31T11:44:24.504+0200: 14,908: Total time for which application threads were stopped: 0,0000792 seconds, Stopping threads took: 0,0000401 seconds
2017-07-31T11:44:24.504+0200: 14,908: Total time for which application threads were stopped: 0,0000763 seconds, Stopping threads took: 0,0000375 seconds
2017-07-31T11:44:24.504+0200: 14,908: Total time for which application threads were stopped: 0,0000793 seconds, Stopping threads took: 0,0000348 seconds
2017-07-31T11:44:24.504+0200: 14,909: Total time for which application threads were stopped: 0,0000713 seconds, Stopping threads took: 0,0000284 seconds
2017-07-31T11:44:24.505+0200: 14,910: Total time for which application threads were stopped: 0,0001148 seconds, Stopping threads took: 0,0000409 seconds
2017-07-31T11:44:24.506+0200: 14,911: Total time for which application threads were stopped: 0,0000893 seconds, Stopping threads took: 0,0000225 seconds
2017-07-31T11:44:24.508+0200: 14,913: Total time for which application threads were stopped: 0,0001385 seconds, Stopping threads took: 0,0000343 seconds
2017-07-31T11:44:24.508+0200: 14,913: Total time for which application threads were stopped: 0,0001998 seconds, Stopping threads took: 0,0001274 seconds
2017-07-31T11:44:24.511+0200: 14,915: Total time for which application threads were stopped: 0,0001932 seconds, Stopping threads took: 0,0000840 seconds
2017-07-31T11:44:24.511+0200: 14,915: Total time for which application threads were stopped: 0,0001134 seconds, Stopping threads took: 0,0000403 seconds
2017-07-31T11:44:53.536+0200: 43,941: Total time for which application threads were stopped: 0,0229912 seconds, Stopping threads took: 0,0229070 seconds
2017-07-31T11:44:54.537+0200: 44,941: Total time for which application threads were stopped: 0,0001206 seconds, Stopping threads took: 0,0000290 seconds
2017-07-31T11:45:24.511+0200: 74,916: Total time for which application threads were stopped: 0,0001054 seconds, Stopping threads took: 0,0000259 seconds
2017-07-31T11:45:46.247+0200: 96,652: Total time for which application threads were stopped: 0,0002759 seconds, Stopping threads took: 0,0001341 seconds
2017-07-31T11:45:46.248+0200: 96,652: Total time for which application threads were stopped: 0,0001525 seconds, Stopping threads took: 0,0000876 seconds
2017-07-31T11:45:46.248+0200: 96,652: Total time for which application threads were stopped: 0,0001387 seconds, Stopping threads took: 0,0000827 seconds
2017-07-31T11:45:46.248+0200: 96,653: Total time for which application threads were stopped: 0,0000940 seconds, Stopping threads took: 0,0000416 seconds
2017-07-31T11:45:46.249+0200: 96,653: Total time for which application threads were stopped: 0,0000910 seconds, Stopping threads took: 0,0000391 seconds
2017-07-31T11:45:46.250+0200: 96,654: Total time for which application threads were stopped: 0,0000870 seconds, Stopping threads took: 0,0000253 seconds
2017-07-31T11:45:46.251+0200: 96,655: Total time for which application threads were stopped: 0,0000713 seconds, Stopping threads took: 0,0000185 seconds
2017-07-31T11:45:46.324+0200: 96,729: Total time for which application threads were stopped: 0,0000900 seconds, Stopping threads took: 0,0000179 seconds
2017-07-31T11:45:46.324+0200: 96,729: Total time for which application threads were stopped: 0,0000639 seconds, Stopping threads took: 0,0000195 seconds
2017-07-31T11:45:46.358+0200: 96,762: Total time for which application threads were stopped: 0,0000927 seconds, Stopping threads took: 0,0000370 seconds
2017-07-31T11:45:46.358+0200: 96,762: Total time for which application threads were stopped: 0,0000787 seconds, Stopping threads took: 0,0000223 seconds
2017-07-31T11:45:47.358+0200: 97,762: Total time for which application threads were stopped: 0,0000887 seconds, Stopping threads took: 0,0000219 seconds
2017-07-31T11:46:21.361+0200: 131,766: Total time for which application threads were stopped: 0,0001133 seconds, Stopping threads took: 0,0000383 seconds
2017-07-31T11:47:20.365+0200: 190,770: Total time for which application threads were stopped: 0,0000893 seconds, Stopping threads took: 0,0000318 seconds
2017-07-31T12:12:06.476+0200: 1676,881: Total time for which application threads were stopped: 0,0000675 seconds, Stopping threads took: 0,0000229 seconds
2017-07-31T12:17:40.498+0200: 2010,903: Total time for which application threads were stopped: 0,0000780 seconds, Stopping threads took: 0,0000281 seconds
2017-07-31T12:19:56.507+0200: 2146,911: Total time for which application threads were stopped: 0,0000780 seconds, Stopping threads took: 0,0000291 seconds
2017-07-31T12:20:06.508+0200: 2156,912: Total time for which application threads were stopped: 0,0000663 seconds, Stopping threads took: 0,0000165 seconds
2017-07-31T12:26:05.531+0200: 2515,935: Total time for which application threads were stopped: 0,0000993 seconds, Stopping threads took: 0,0000457 seconds
2017-07-31T12:26:40.533+0200: 2550,937: Total time for which application threads were stopped: 0,0000770 seconds, Stopping threads took: 0,0000286 seconds
2017-07-31T12:28:01.538+0200: 2631,943: Total time for which application threads were stopped: 0,0000822 seconds, Stopping threads took: 0,0000319 seconds
2017-07-31T12:28:05.539+0200: 2635,943: Total time for which application threads were stopped: 0,0000689 seconds, Stopping threads took: 0,0000169 seconds
2017-07-31T12:28:53.240+0200: 2683,645: Total time for which application threads were stopped: 0,0000589 seconds, Stopping threads took: 0,0000117 seconds
2017-07-31T12:28:53.242+0200: 2683,647: Total time for which application threads were stopped: 0,0002855 seconds, Stopping threads took: 0,0000057 seconds
2017-07-31T12:28:53.256+0200: 2683,660: Total time for which application threads were stopped: 0,0000598 seconds, Stopping threads took: 0,0000062 seconds
2017-07-31T12:28:53.258+0200: 2683,663: Total time for which application threads were stopped: 0,0000537 seconds, Stopping threads took: 0,0000122 seconds
2017-07-31T12:28:53.258+0200: 2683,663: Total time for which application threads were stopped: 0,0000364 seconds, Stopping threads took: 0,0000078 seconds
2017-07-31T12:28:53.258+0200: 2683,663: Total time for which application threads were stopped: 0,0000387 seconds, Stopping threads took: 0,0000170 seconds
2017-07-31T12:28:53.269+0200: 2683,673: Total time for which application threads were stopped: 0,0000531 seconds, Stopping threads took: 0,0000124 seconds
2017-07-31T12:28:53.269+0200: 2683,673: Total time for which application threads were stopped: 0,0000443 seconds, Stopping threads took: 0,0000078 seconds
2017-07-31T12:28:53.274+0200: 2683,678: Total time for which application threads were stopped: 0,0000342 seconds, Stopping threads took: 0,0000089 seconds
2017-07-31T12:28:53.275+0200: 2683,679: Total time for which application threads were stopped: 0,0000367 seconds, Stopping threads took: 0,0000058 seconds
2017-07-31T12:28:53.279+0200: 2683,684: Total time for which application threads were stopped: 0,0002344 seconds, Stopping threads took: 0,0000077 seconds
2017-07-31T12:28:53.281+0200: 2683,686: Total time for which application threads were stopped: 0,0001614 seconds, Stopping threads took: 0,0000102 seconds
2017-07-31T12:28:53.288+0200: 2683,693: Total time for which application threads were stopped: 0,0000916 seconds, Stopping threads took: 0,0000285 seconds
2017-07-31T12:28:53.293+0200: 2683,697: Total time for which application threads were stopped: 0,0000514 seconds, Stopping threads took: 0,0000126 seconds
2017-07-31T12:28:53.295+0200: 2683,700: Total time for which application threads were stopped: 0,0000664 seconds, Stopping threads took: 0,0000149 seconds
2017-07-31T12:28:53.299+0200: 2683,703: Total time for which application threads were stopped: 0,0000559 seconds, Stopping threads took: 0,0000153 seconds
2017-07-31T12:28:53.301+0200: 2683,705: Total time for which application threads were stopped: 0,0000456 seconds, Stopping threads took: 0,0000124 seconds
2017-07-31T12:28:53.301+0200: 2683,706: Total time for which application threads were stopped: 0,0000530 seconds, Stopping threads took: 0,0000253 seconds
2017-07-31T12:28:53.302+0200: 2683,707: Total time for which application threads were stopped: 0,0000389 seconds, Stopping threads took: 0,0000111 seconds
2017-07-31T12:28:53.303+0200: 2683,708: Total time for which application threads were stopped: 0,0000369 seconds, Stopping threads took: 0,0000107 seconds
2017-07-31T12:28:53.304+0200: 2683,708: Total time for which application threads were stopped: 0,0000496 seconds, Stopping threads took: 0,0000211 seconds
2017-07-31T12:28:53.305+0200: 2683,709: Total time for which application threads were stopped: 0,0000526 seconds, Stopping threads took: 0,0000256 seconds
2017-07-31T12:28:53.305+0200: 2683,710: Total time for which application threads were stopped: 0,0000461 seconds, Stopping threads took: 0,0000209 seconds
2017-07-31T12:28:53.306+0200: 2683,711: Total time for which application threads were stopped: 0,0000932 seconds, Stopping threads took: 0,0000680 seconds
2017-07-31T12:28:53.314+0200: 2683,718: Total time for which application threads were stopped: 0,0000738 seconds, Stopping threads took: 0,0000201 seconds
2017-07-31T12:28:53.315+0200: 2683,720: Total time for which application threads were stopped: 0,0000545 seconds, Stopping threads took: 0,0000131 seconds
2017-07-31T12:28:53.316+0200: 2683,721: Total time for which application threads were stopped: 0,0000588 seconds, Stopping threads took: 0,0000242 seconds
2017-07-31T12:28:53.319+0200: 2683,723: Total time for which application threads were stopped: 0,0000562 seconds, Stopping threads took: 0,0000156 seconds
2017-07-31T12:28:53.322+0200: 2683,727: Total time for which application threads were stopped: 0,0000762 seconds, Stopping threads took: 0,0000291 seconds
2017-07-31T12:28:53.323+0200: 2683,728: Total time for which application threads were stopped: 0,0000594 seconds, Stopping threads took: 0,0000282 seconds
2017-07-31T12:28:53.343+0200: 2683,747: Total time for which application threads were stopped: 0,0001904 seconds, Stopping threads took: 0,0000335 seconds
2017-07-31T12:28:53.850+0200: 2684,254: Total time for which application threads were stopped: 0,0001897 seconds, Stopping threads took: 0,0000217 seconds
2017-07-31T12:28:53.851+0200: 2684,255: Total time for which application threads were stopped: 0,0001065 seconds, Stopping threads took: 0,0000255 seconds
2017-07-31T12:28:53.851+0200: 2684,256: Total time for which application threads were stopped: 0,0000521 seconds, Stopping threads took: 0,0000105 seconds
2017-07-31T12:28:53.853+0200: 2684,257: Total time for which application threads were stopped: 0,0000886 seconds, Stopping threads took: 0,0000262 seconds
2017-07-31T12:28:53.853+0200: 2684,257: Total time for which application threads were stopped: 0,0000458 seconds, Stopping threads took: 0,0000085 seconds
2017-07-31T12:28:53.855+0200: 2684,259: Total time for which application threads were stopped: 0,0000913 seconds, Stopping threads took: 0,0000214 seconds
2017-07-31T12:28:53.875+0200: 2684,280: Total time for which application threads were stopped: 0,0001028 seconds, Stopping threads took: 0,0000251 seconds
2017-07-31T12:28:53.875+0200: 2684,280: Total time for which application threads were stopped: 0,0000376 seconds, Stopping threads took: 0,0000088 seconds
2017-07-31T12:28:53.895+0200: 2684,299: Total time for which application threads were stopped: 0,0000885 seconds, Stopping threads took: 0,0000208 seconds
{Heap before GC invocations=17 (full 1):
 par new generation   total 109248K, used 102728K [0x00000000e0000000, 0x00000000e8000000, 0x00000000e8000000)
  eden space 87424K, 100% used [0x00000000e0000000, 0x00000000e5560000, 0x00000000e5560000)
  from space 21824K,  70% used [0x00000000e6ab0000, 0x00000000e79a2130, 0x00000000e8000000)
  to   space 21824K,   0% used [0x00000000e5560000, 0x00000000e5560000, 0x00000000e6ab0000)
 concurrent mark-sweep generation total 393216K, used 20030K [0x00000000e8000000, 0x0000000100000000, 0x0000000100000000)
 Metaspace       used 31360K, capacity 31852K, committed 32068K, reserved 1077248K
  class space    used 3533K, capacity 3704K, committed 3708K, reserved 1048576K
2017-07-31T12:28:54.104+0200: 2684,508: [GC (Allocation Failure) 2017-07-31T12:28:54.104+0200: 2684,508: [ParNew
Desired survivor size 20112992 bytes, new threshold 6 (max 8)
- age   1:   11516464 bytes,   11516464 total
- age   2:    1552128 bytes,   13068592 total
- age   3:     756416 bytes,   13825008 total
- age   4:     772104 bytes,   14597112 total
- age   5:    2849088 bytes,   17446200 total
- age   6:    4340632 bytes,   21786832 total
- age   7:      78024 bytes,   21864856 total
- age   8:      82144 bytes,   21947000 total
: 102728K->21824K(109248K), 0,0123967 secs] 122759K->44321K(502464K), 0,0125190 secs] [Times: user=0,07 sys=0,00, real=0,01 secs] 
Heap after GC invocations=18 (full 1):
 par new generation   total 109248K, used 21824K [0x00000000e0000000, 0x00000000e8000000, 0x00000000e8000000)
  eden space 87424K,   0% used [0x00000000e0000000, 0x00000000e0000000, 0x00000000e5560000)
  from space 21824K, 100% used [0x00000000e5560000, 0x00000000e6ab0000, 0x00000000e6ab0000)
  to   space 21824K,   0% used [0x00000000e6ab0000, 0x00000000e6ab0000, 0x00000000e8000000)
 concurrent mark-sweep generation total 393216K, used 22497K [0x00000000e8000000, 0x0000000100000000, 0x0000000100000000)
 Metaspace       used 31360K, capacity 31852K, committed 32068K, reserved 1077248K
  class space    used 3533K, capacity 3704K, committed 3708K, reserved 1048576K
}
2017-07-31T12:28:54.116+0200: 2684,521: Total time for which application threads were stopped: 0,0127248 seconds, Stopping threads took: 0,0000259 seconds
2017-07-31T12:28:54.117+0200: 2684,521: Total time for which application threads were stopped: 0,0000978 seconds, Stopping threads took: 0,0000327 seconds
2017-07-31T12:28:54.117+0200: 2684,521: Total time for which application threads were stopped: 0,0000586 seconds, Stopping threads took: 0,0000211 seconds
2017-07-31T12:28:54.122+0200: 2684,527: Total time for which application threads were stopped: 0,0000930 seconds, Stopping threads took: 0,0000258 seconds
2017-07-31T12:28:54.251+0200: 2684,656: Total time for which application threads were stopped: 0,0001064 seconds, Stopping threads took: 0,0000260 seconds
2017-07-31T12:28:54.334+0200: 2684,739: Total time for which application threads were stopped: 0,0001074 seconds, Stopping threads took: 0,0000148 seconds
2017-07-31T12:28:55.015+0200: 2685,419: Total time for which application threads were stopped: 0,0001413 seconds, Stopping threads took: 0,0000179 seconds
2017-07-31T12:28:55.015+0200: 2685,420: Total time for which application threads were stopped: 0,0000417 seconds, Stopping threads took: 0,0000060 seconds
2017-07-31T12:28:55.107+0200: 2685,512: Total time for which application threads were stopped: 0,0000786 seconds, Stopping threads took: 0,0000159 seconds
2017-07-31T12:28:55.132+0200: 2685,536: Total time for which application threads were stopped: 0,0000888 seconds, Stopping threads took: 0,0000189 seconds
2017-07-31T12:28:55.213+0200: 2685,618: Total time for which application threads were stopped: 0,0000799 seconds, Stopping threads took: 0,0000185 seconds
2017-07-31T12:28:55.224+0200: 2685,629: Total time for which application threads were stopped: 0,0000819 seconds, Stopping threads took: 0,0000177 seconds
2017-07-31T12:28:55.341+0200: 2685,746: Total time for which application threads were stopped: 0,0000913 seconds, Stopping threads took: 0,0000156 seconds
2017-07-31T12:28:55.367+0200: 2685,771: Total time for which application threads were stopped: 0,0000884 seconds, Stopping threads took: 0,0000268 seconds
{Heap before GC invocations=18 (full 1):
 par new generation   total 109248K, used 109129K [0x00000000e0000000, 0x00000000e8000000, 0x00000000e8000000)
  eden space 87424K,  99% used [0x00000000e0000000, 0x00000000e5542728, 0x00000000e5560000)
  from space 21824K, 100% used [0x00000000e5560000, 0x00000000e6ab0000, 0x00000000e6ab0000)
  to   space 21824K,   0% used [0x00000000e6ab0000, 0x00000000e6ab0000, 0x00000000e8000000)
 concurrent mark-sweep generation total 393216K, used 22497K [0x00000000e8000000, 0x0000000100000000, 0x0000000100000000)
 Metaspace       used 31472K, capacity 31980K, committed 32324K, reserved 1077248K
  class space    used 3533K, capacity 3704K, committed 3708K, reserved 1048576K
2017-07-31T12:28:55.479+0200: 2685,884: [GC (Allocation Failure) 2017-07-31T12:28:55.479+0200: 2685,884: [ParNew
Desired survivor size 20112992 bytes, new threshold 8 (max 8)
- age   1:    5666464 bytes,    5666464 total
- age   2:    6150760 bytes,   11817224 total
- age   3:    1495800 bytes,   13313024 total
- age   4:     687760 bytes,   14000784 total
- age   5:     735992 bytes,   14736776 total
- age   6:    2572368 bytes,   17309144 total
: 109129K->21824K(109248K), 0,0153255 secs] 131626K->65624K(502464K), 0,0154562 secs] [Times: user=0,04 sys=0,00, real=0,02 secs] 
Heap after GC invocations=19 (full 1):
 par new generation   total 109248K, used 21824K [0x00000000e0000000, 0x00000000e8000000, 0x00000000e8000000)
  eden space 87424K,   0% used [0x00000000e0000000, 0x00000000e0000000, 0x00000000e5560000)
  from space 21824K, 100% used [0x00000000e6ab0000, 0x00000000e8000000, 0x00000000e8000000)
  to   space 21824K,   0% used [0x00000000e5560000, 0x00000000e5560000, 0x00000000e6ab0000)
 concurrent mark-sweep generation total 393216K, used 43800K [0x00000000e8000000, 0x0000000100000000, 0x0000000100000000)
 Metaspace       used 31472K, capacity 31980K, committed 32324K, reserved 1077248K
  class space    used 3533K, capacity 3704K, committed 3708K, reserved 1048576K
}
2017-07-31T12:28:55.495+0200: 2685,899: Total time for which application threads were stopped: 0,0157124 seconds, Stopping threads took: 0,0000257 seconds
2017-07-31T12:28:55.561+0200: 2685,965: Total time for which application threads were stopped: 0,0001265 seconds, Stopping threads took: 0,0000272 seconds
2017-07-31T12:28:55.574+0200: 2685,978: Total time for which application threads were stopped: 0,0001399 seconds, Stopping threads took: 0,0000356 seconds
2017-07-31T12:28:55.914+0200: 2686,319: Total time for which application threads were stopped: 0,0000931 seconds, Stopping threads took: 0,0000244 seconds
2017-07-31T12:28:55.962+0200: 2686,366: Total time for which application threads were stopped: 0,0000872 seconds, Stopping threads took: 0,0000180 seconds
2017-07-31T12:28:55.980+0200: 2686,385: Total time for which application threads were stopped: 0,0000962 seconds, Stopping threads took: 0,0000267 seconds
2017-07-31T12:28:56.005+0200: 2686,410: Total time for which application threads were stopped: 0,0000984 seconds, Stopping threads took: 0,0000268 seconds
2017-07-31T12:28:56.015+0200: 2686,419: Total time for which application threads were stopped: 0,0000944 seconds, Stopping threads took: 0,0000259 seconds
2017-07-31T12:28:56.048+0200: 2686,453: Total time for which application threads were stopped: 0,0000942 seconds, Stopping threads took: 0,0000196 seconds
2017-07-31T12:28:56.212+0200: 2686,616: Total time for which application threads were stopped: 0,0000772 seconds, Stopping threads took: 0,0000157 seconds
2017-07-31T12:28:56.377+0200: 2686,782: Total time for which application threads were stopped: 0,0001614 seconds, Stopping threads took: 0,0000208 seconds
{Heap before GC invocations=19 (full 1):
 par new generation   total 109248K, used 109248K [0x00000000e0000000, 0x00000000e8000000, 0x00000000e8000000)
  eden space 87424K, 100% used [0x00000000e0000000, 0x00000000e5560000, 0x00000000e5560000)
  from space 21824K, 100% used [0x00000000e6ab0000, 0x00000000e8000000, 0x00000000e8000000)
  to   space 21824K,   0% used [0x00000000e5560000, 0x00000000e5560000, 0x00000000e6ab0000)
 concurrent mark-sweep generation total 393216K, used 43800K [0x00000000e8000000, 0x0000000100000000, 0x0000000100000000)
 Metaspace       used 31483K, capacity 31980K, committed 32324K, reserved 1077248K
  class space    used 3533K, capacity 3704K, committed 3708K, reserved 1048576K
2017-07-31T12:28:56.796+0200: 2687,200: [GC (Allocation Failure) 2017-07-31T12:28:56.796+0200: 2687,200: [ParNew
Desired survivor size 20112992 bytes, new threshold 6 (max 8)
- age   1:    8538144 bytes,    8538144 total
- age   2:    3565504 bytes,   12103648 total
- age   3:    6073504 bytes,   18177152 total
- age   4:    1213904 bytes,   19391056 total
- age   5:     499280 bytes,   19890336 total
- age   6:     402640 bytes,   20292976 total
- age   7:    1185936 bytes,   21478912 total
: 109248K->21824K(109248K), 0,0145923 secs] 153048K->79459K(502464K), 0,0146897 secs] [Times: user=0,05 sys=0,00, real=0,01 secs] 
Heap after GC invocations=20 (full 1):
 par new generation   total 109248K, used 21824K [0x00000000e0000000, 0x00000000e8000000, 0x00000000e8000000)
  eden space 87424K,   0% used [0x00000000e0000000, 0x00000000e0000000, 0x00000000e5560000)
  from space 21824K, 100% used [0x00000000e5560000, 0x00000000e6ab0000, 0x00000000e6ab0000)
  to   space 21824K,   0% used [0x00000000e6ab0000, 0x00000000e6ab0000, 0x00000000e8000000)
 concurrent mark-sweep generation total 393216K, used 57635K [0x00000000e8000000, 0x0000000100000000, 0x0000000100000000)
 Metaspace       used 31483K, capacity 31980K, committed 32324K, reserved 1077248K
  class space    used 3533K, capacity 3704K, committed 3708K, reserved 1048576K
}
2017-07-31T12:28:56.810+0200: 2687,215: Total time for which application threads were stopped: 0,0148792 seconds, Stopping threads took: 0,0000146 seconds
2017-07-31T12:28:57.811+0200: 2688,215: Total time for which application threads were stopped: 0,0001006 seconds, Stopping threads took: 0,0000306 seconds
{Heap before GC invocations=20 (full 1):
 par new generation   total 109248K, used 107479K [0x00000000e0000000, 0x00000000e8000000, 0x00000000e8000000)
  eden space 87424K,  97% used [0x00000000e0000000, 0x00000000e53a5d20, 0x00000000e5560000)
  from space 21824K, 100% used [0x00000000e5560000, 0x00000000e6ab0000, 0x00000000e6ab0000)
  to   space 21824K,   0% used [0x00000000e6ab0000, 0x00000000e6ab0000, 0x00000000e8000000)
 concurrent mark-sweep generation total 393216K, used 57635K [0x00000000e8000000, 0x0000000100000000, 0x0000000100000000)
 Metaspace       used 31498K, capacity 31986K, committed 32324K, reserved 1077248K
  class space    used 3534K, capacity 3705K, committed 3708K, reserved 1048576K
2017-07-31T12:28:58.263+0200: 2688,667: [GC (Allocation Failure) 2017-07-31T12:28:58.263+0200: 2688,667: [ParNew
Desired survivor size 20112992 bytes, new threshold 4 (max 8)
- age   1:   10178104 bytes,   10178104 total
- age   2:     816136 bytes,   10994240 total
- age   3:    3539536 bytes,   14533776 total
- age   4:    5908656 bytes,   20442432 total
- age   5:    1187320 bytes,   21629752 total
- age   6:     456600 bytes,   22086352 total
: 107479K->21824K(109248K), 0,0169392 secs] 165114K->93195K(502464K), 0,0170340 secs] [Times: user=0,04 sys=0,00, real=0,01 secs] 
Heap after GC invocations=21 (full 1):
 par new generation   total 109248K, used 21824K [0x00000000e0000000, 0x00000000e8000000, 0x00000000e8000000)
  eden space 87424K,   0% used [0x00000000e0000000, 0x00000000e0000000, 0x00000000e5560000)
  from space 21824K, 100% used [0x00000000e6ab0000, 0x00000000e8000000, 0x00000000e8000000)
  to   space 21824K,   0% used [0x00000000e5560000, 0x00000000e5560000, 0x00000000e6ab0000)
 concurrent mark-sweep generation total 393216K, used 71371K [0x00000000e8000000, 0x0000000100000000, 0x0000000100000000)
 Metaspace       used 31498K, capacity 31986K, committed 32324K, reserved 1077248K
  class space    used 3534K, capacity 3705K, committed 3708K, reserved 1048576K
}
2017-07-31T12:28:58.280+0200: 2688,684: Total time for which application threads were stopped: 0,0172541 seconds, Stopping threads took: 0,0000230 seconds
2017-07-31T12:28:58.710+0200: 2689,114: Total time for which application threads were stopped: 0,0002793 seconds, Stopping threads took: 0,0001615 seconds
{Heap before GC invocations=21 (full 1):
 par new generation   total 109248K, used 109248K [0x00000000e0000000, 0x00000000e8000000, 0x00000000e8000000)
  eden space 87424K, 100% used [0x00000000e0000000, 0x00000000e5560000, 0x00000000e5560000)
  from space 21824K, 100% used [0x00000000e6ab0000, 0x00000000e8000000, 0x00000000e8000000)
  to   space 21824K,   0% used [0x00000000e5560000, 0x00000000e5560000, 0x00000000e6ab0000)
 concurrent mark-sweep generation total 393216K, used 71371K [0x00000000e8000000, 0x0000000100000000, 0x0000000100000000)
 Metaspace       used 31502K, capacity 31986K, committed 32324K, reserved 1077248K
  class space    used 3534K, capacity 3705K, committed 3708K, reserved 1048576K
2017-07-31T12:28:59.698+0200: 2690,103: [GC (Allocation Failure) 2017-07-31T12:28:59.698+0200: 2690,103: [ParNew
Desired survivor size 20112992 bytes, new threshold 4 (max 8)
- age   1:   12530224 bytes,   12530224 total
- age   2:    5491608 bytes,   18021832 total
- age   3:     813944 bytes,   18835776 total
- age   4:    1867512 bytes,   20703288 total
: 109248K->21824K(109248K), 0,0159993 secs] 180619K->114321K(502464K), 0,0161135 secs] [Times: user=0,04 sys=0,00, real=0,02 secs] 
Heap after GC invocations=22 (full 1):
 par new generation   total 109248K, used 21824K [0x00000000e0000000, 0x00000000e8000000, 0x00000000e8000000)
  eden space 87424K,   0% used [0x00000000e0000000, 0x00000000e0000000, 0x00000000e5560000)
  from space 21824K, 100% used [0x00000000e5560000, 0x00000000e6ab0000, 0x00000000e6ab0000)
  to   space 21824K,   0% used [0x00000000e6ab0000, 0x00000000e6ab0000, 0x00000000e8000000)
 concurrent mark-sweep generation total 393216K, used 92497K [0x00000000e8000000, 0x0000000100000000, 0x0000000100000000)
 Metaspace       used 31502K, capacity 31986K, committed 32324K, reserved 1077248K
  class space    used 3534K, capacity 3705K, committed 3708K, reserved 1048576K
}
2017-07-31T12:28:59.714+0200: 2690,119: Total time for which application threads were stopped: 0,0163383 seconds, Stopping threads took: 0,0000249 seconds
{Heap before GC invocations=22 (full 1):
 par new generation   total 109248K, used 109248K [0x00000000e0000000, 0x00000000e8000000, 0x00000000e8000000)
  eden space 87424K, 100% used [0x00000000e0000000, 0x00000000e5560000, 0x00000000e5560000)
  from space 21824K, 100% used [0x00000000e5560000, 0x00000000e6ab0000, 0x00000000e6ab0000)
  to   space 21824K,   0% used [0x00000000e6ab0000, 0x00000000e6ab0000, 0x00000000e8000000)
 concurrent mark-sweep generation total 393216K, used 92497K [0x00000000e8000000, 0x0000000100000000, 0x0000000100000000)
 Metaspace       used 31506K, capacity 31986K, committed 32324K, reserved 1077248K
  class space    used 3534K, capacity 3705K, committed 3708K, reserved 1048576K
2017-07-31T12:29:01.438+0200: 2691,842: [GC (Allocation Failure) 2017-07-31T12:29:01.438+0200: 2691,843: [ParNew
Desired survivor size 20112992 bytes, new threshold 3 (max 8)
- age   1:   13075464 bytes,   13075464 total
- age   2:    4598744 bytes,   17674208 total
- age   3:    5630224 bytes,   23304432 total
- age   4:     803848 bytes,   24108280 total
: 109248K->21824K(109248K), 0,0126749 secs] 201745K->128151K(502464K), 0,0127630 secs] [Times: user=0,04 sys=0,00, real=0,01 secs] 
Heap after GC invocations=23 (full 1):
 par new generation   total 109248K, used 21824K [0x00000000e0000000, 0x00000000e8000000, 0x00000000e8000000)
  eden space 87424K,   0% used [0x00000000e0000000, 0x00000000e0000000, 0x00000000e5560000)
  from space 21824K, 100% used [0x00000000e6ab0000, 0x00000000e8000000, 0x00000000e8000000)
  to   space 21824K,   0% used [0x00000000e5560000, 0x00000000e5560000, 0x00000000e6ab0000)
 concurrent mark-sweep generation total 393216K, used 106327K [0x00000000e8000000, 0x0000000100000000, 0x0000000100000000)
 Metaspace       used 31506K, capacity 31986K, committed 32324K, reserved 1077248K
  class space    used 3534K, capacity 3705K, committed 3708K, reserved 1048576K
}
2017-07-31T12:29:01.451+0200: 2691,855: Total time for which application threads were stopped: 0,0129866 seconds, Stopping threads took: 0,0000254 seconds
2017-07-31T12:29:02.451+0200: 2692,855: Total time for which application threads were stopped: 0,0001034 seconds, Stopping threads took: 0,0000247 seconds
{Heap before GC invocations=23 (full 1):
 par new generation   total 109248K, used 109248K [0x00000000e0000000, 0x00000000e8000000, 0x00000000e8000000)
  eden space 87424K, 100% used [0x00000000e0000000, 0x00000000e5560000, 0x00000000e5560000)
  from space 21824K, 100% used [0x00000000e6ab0000, 0x00000000e8000000, 0x00000000e8000000)
  to   space 21824K,   0% used [0x00000000e5560000, 0x00000000e5560000, 0x00000000e6ab0000)
 concurrent mark-sweep generation total 393216K, used 106327K [0x00000000e8000000, 0x0000000100000000, 0x0000000100000000)
 Metaspace       used 31508K, capacity 31986K, committed 32324K, reserved 1077248K
  class space    used 3534K, capacity 3705K, committed 3708K, reserved 1048576K
2017-07-31T12:29:02.817+0200: 2693,222: [GC (Allocation Failure) 2017-07-31T12:29:02.818+0200: 2693,222: [ParNew
Desired survivor size 20112992 bytes, new threshold 3 (max 8)
- age   1:   14037592 bytes,   14037592 total
- age   2:    3906096 bytes,   17943688 total
- age   3:    4365176 bytes,   22308864 total
: 109248K->21824K(109248K), 0,0123398 secs] 215575K->145203K(502464K), 0,0124399 secs] [Times: user=0,03 sys=0,00, real=0,01 secs] 
Heap after GC invocations=24 (full 1):
 par new generation   total 109248K, used 21824K [0x00000000e0000000, 0x00000000e8000000, 0x00000000e8000000)
  eden space 87424K,   0% used [0x00000000e0000000, 0x00000000e0000000, 0x00000000e5560000)
  from space 21824K, 100% used [0x00000000e5560000, 0x00000000e6ab0000, 0x00000000e6ab0000)
  to   space 21824K,   0% used [0x00000000e6ab0000, 0x00000000e6ab0000, 0x00000000e8000000)
 concurrent mark-sweep generation total 393216K, used 123379K [0x00000000e8000000, 0x0000000100000000, 0x0000000100000000)
 Metaspace       used 31508K, capacity 31986K, committed 32324K, reserved 1077248K
  class space    used 3534K, capacity 3705K, committed 3708K, reserved 1048576K
}
2017-07-31T12:29:02.830+0200: 2693,234: Total time for which application threads were stopped: 0,0126563 seconds, Stopping threads took: 0,0000270 seconds
2017-07-31T12:29:03.412+0200: 2693,816: Total time for which application threads were stopped: 0,0001088 seconds, Stopping threads took: 0,0000284 seconds
2017-07-31T12:29:03.412+0200: 2693,816: Total time for which application threads were stopped: 0,0000418 seconds, Stopping threads took: 0,0000083 seconds
2017-07-31T12:29:03.452+0200: 2693,856: Total time for which application threads were stopped: 0,0000920 seconds, Stopping threads took: 0,0000202 seconds
2017-07-31T12:29:03.865+0200: 2694,270: Total time for which application threads were stopped: 0,0004447 seconds, Stopping threads took: 0,0000200 seconds
{Heap before GC invocations=24 (full 1):
 par new generation   total 109248K, used 109248K [0x00000000e0000000, 0x00000000e8000000, 0x00000000e8000000)
  eden space 87424K, 100% used [0x00000000e0000000, 0x00000000e5560000, 0x00000000e5560000)
  from space 21824K, 100% used [0x00000000e5560000, 0x00000000e6ab0000, 0x00000000e6ab0000)
  to   space 21824K,   0% used [0x00000000e6ab0000, 0x00000000e6ab0000, 0x00000000e8000000)
 concurrent mark-sweep generation total 393216K, used 123379K [0x00000000e8000000, 0x0000000100000000, 0x0000000100000000)
 Metaspace       used 31798K, capacity 32274K, committed 32708K, reserved 1079296K
  class space    used 3556K, capacity 3737K, committed 3836K, reserved 1048576K
2017-07-31T12:29:04.162+0200: 2694,567: [GC (Allocation Failure) 2017-07-31T12:29:04.162+0200: 2694,567: [ParNew
Desired survivor size 20112992 bytes, new threshold 8 (max 8)
- age   1:    3298808 bytes,    3298808 total
- age   2:   11401808 bytes,   14700616 total
- age   3:    3273824 bytes,   17974440 total
: 109248K->21824K(109248K), 0,0078112 secs] 232627K->153275K(502464K), 0,0078929 secs] [Times: user=0,05 sys=0,00, real=0,00 secs] 
Heap after GC invocations=25 (full 1):
 par new generation   total 109248K, used 21824K [0x00000000e0000000, 0x00000000e8000000, 0x00000000e8000000)
  eden space 87424K,   0% used [0x00000000e0000000, 0x00000000e0000000, 0x00000000e5560000)
  from space 21824K, 100% used [0x00000000e6ab0000, 0x00000000e8000000, 0x00000000e8000000)
  to   space 21824K,   0% used [0x00000000e5560000, 0x00000000e5560000, 0x00000000e6ab0000)
 concurrent mark-sweep generation total 393216K, used 131451K [0x00000000e8000000, 0x0000000100000000, 0x0000000100000000)
 Metaspace       used 31798K, capacity 32274K, committed 32708K, reserved 1079296K
  class space    used 3556K, capacity 3737K, committed 3836K, reserved 1048576K
}
2017-07-31T12:29:04.170+0200: 2694,575: Total time for which application threads were stopped: 0,0081123 seconds, Stopping threads took: 0,0000267 seconds
{Heap before GC invocations=25 (full 1):
 par new generation   total 109248K, used 109248K [0x00000000e0000000, 0x00000000e8000000, 0x00000000e8000000)
  eden space 87424K, 100% used [0x00000000e0000000, 0x00000000e5560000, 0x00000000e5560000)
  from space 21824K, 100% used [0x00000000e6ab0000, 0x00000000e8000000, 0x00000000e8000000)
  to   space 21824K,   0% used [0x00000000e5560000, 0x00000000e5560000, 0x00000000e6ab0000)
 concurrent mark-sweep generation total 393216K, used 131451K [0x00000000e8000000, 0x0000000100000000, 0x0000000100000000)
 Metaspace       used 31798K, capacity 32274K, committed 32708K, reserved 1079296K
  class space    used 3556K, capacity 3737K, committed 3836K, reserved 1048576K
2017-07-31T12:29:04.448+0200: 2694,853: [GC (Allocation Failure) 2017-07-31T12:29:04.448+0200: 2694,853: [ParNew
Desired survivor size 20112992 bytes, new threshold 8 (max 8)
- age   1:      95568 bytes,      95568 total
- age   2:    2968200 bytes,    3063768 total
- age   3:    9419824 bytes,   12483592 total
- age   4:    3273824 bytes,   15757416 total
: 109248K->21824K(109248K), 0,0051994 secs] 240699K->155435K(502464K), 0,0052699 secs] [Times: user=0,03 sys=0,00, real=0,01 secs] 
Heap after GC invocations=26 (full 1):
 par new generation   total 109248K, used 21824K [0x00000000e0000000, 0x00000000e8000000, 0x00000000e8000000)
  eden space 87424K,   0% used [0x00000000e0000000, 0x00000000e0000000, 0x00000000e5560000)
  from space 21824K, 100% used [0x00000000e5560000, 0x00000000e6ab0000, 0x00000000e6ab0000)
  to   space 21824K,   0% used [0x00000000e6ab0000, 0x00000000e6ab0000, 0x00000000e8000000)
 concurrent mark-sweep generation total 393216K, used 133611K [0x00000000e8000000, 0x0000000100000000, 0x0000000100000000)
 Metaspace       used 31798K, capacity 32274K, committed 32708K, reserved 1079296K
  class space    used 3556K, capacity 3737K, committed 3836K, reserved 1048576K
}
2017-07-31T12:29:04.454+0200: 2694,858: Total time for which application threads were stopped: 0,0054322 seconds, Stopping threads took: 0,0000253 seconds
2017-07-31T12:29:04.508+0200: 2694,913: Total time for which application threads were stopped: 0,0001109 seconds, Stopping threads took: 0,0000344 seconds
{Heap before GC invocations=26 (full 1):
 par new generation   total 109248K, used 109248K [0x00000000e0000000, 0x00000000e8000000, 0x00000000e8000000)
  eden space 87424K, 100% used [0x00000000e0000000, 0x00000000e5560000, 0x00000000e5560000)
  from space 21824K, 100% used [0x00000000e5560000, 0x00000000e6ab0000, 0x00000000e6ab0000)
  to   space 21824K,   0% used [0x00000000e6ab0000, 0x00000000e6ab0000, 0x00000000e8000000)
 concurrent mark-sweep generation total 393216K, used 133611K [0x00000000e8000000, 0x0000000100000000, 0x0000000100000000)
 Metaspace       used 31804K, capacity 32274K, committed 32708K, reserved 1079296K
  class space    used 3556K, capacity 3737K, committed 3836K, reserved 1048576K
2017-07-31T12:29:04.725+0200: 2695,129: [GC (Allocation Failure) 2017-07-31T12:29:04.725+0200: 2695,129: [ParNew
Desired survivor size 20112992 bytes, new threshold 8 (max 8)
- age   1:      96816 bytes,      96816 total
- age   2:       3848 bytes,     100664 total
- age   3:    2934192 bytes,    3034856 total
- age   4:    9419824 bytes,   12454680 total
- age   5:    3273824 bytes,   15728504 total
: 109248K->19932K(109248K), 0,0051174 secs] 242859K->153543K(502464K), 0,0051831 secs] [Times: user=0,02 sys=0,00, real=0,00 secs] 
Heap after GC invocations=27 (full 1):
 par new generation   total 109248K, used 19932K [0x00000000e0000000, 0x00000000e8000000, 0x00000000e8000000)
  eden space 87424K,   0% used [0x00000000e0000000, 0x00000000e0000000, 0x00000000e5560000)
  from space 21824K,  91% used [0x00000000e6ab0000, 0x00000000e7e27168, 0x00000000e8000000)
  to   space 21824K,   0% used [0x00000000e5560000, 0x00000000e5560000, 0x00000000e6ab0000)
 concurrent mark-sweep generation total 393216K, used 133611K [0x00000000e8000000, 0x0000000100000000, 0x0000000100000000)
 Metaspace       used 31804K, capacity 32274K, committed 32708K, reserved 1079296K
  class space    used 3556K, capacity 3737K, committed 3836K, reserved 1048576K
}
2017-07-31T12:29:04.730+0200: 2695,134: Total time for which application threads were stopped: 0,0053928 seconds, Stopping threads took: 0,0000223 seconds
{Heap before GC invocations=27 (full 1):
 par new generation   total 109248K, used 107356K [0x00000000e0000000, 0x00000000e8000000, 0x00000000e8000000)
  eden space 87424K, 100% used [0x00000000e0000000, 0x00000000e5560000, 0x00000000e5560000)
  from space 21824K,  91% used [0x00000000e6ab0000, 0x00000000e7e27168, 0x00000000e8000000)
  to   space 21824K,   0% used [0x00000000e5560000, 0x00000000e5560000, 0x00000000e6ab0000)
 concurrent mark-sweep generation total 393216K, used 133611K [0x00000000e8000000, 0x0000000100000000, 0x0000000100000000)
 Metaspace       used 31804K, capacity 32274K, committed 32708K, reserved 1079296K
  class space    used 3556K, capacity 3737K, committed 3836K, reserved 1048576K
2017-07-31T12:29:04.983+0200: 2695,387: [GC (Allocation Failure) 2017-07-31T12:29:04.983+0200: 2695,387: [ParNew
Desired survivor size 20112992 bytes, new threshold 8 (max 8)
- age   1:     107768 bytes,     107768 total
- age   2:      58864 bytes,     166632 total
- age   3:       3848 bytes,     170480 total
- age   4:    2934192 bytes,    3104672 total
- age   5:    9419824 bytes,   12524496 total
- age   6:    3273824 bytes,   15798320 total
: 107356K->18774K(109248K), 0,0049882 secs] 240967K->152385K(502464K), 0,0050597 secs] [Times: user=0,02 sys=0,00, real=0,00 secs] 
Heap after GC invocations=28 (full 1):
 par new generation   total 109248K, used 18774K [0x00000000e0000000, 0x00000000e8000000, 0x00000000e8000000)
  eden space 87424K,   0% used [0x00000000e0000000, 0x00000000e0000000, 0x00000000e5560000)
  from space 21824K,  86% used [0x00000000e5560000, 0x00000000e67b5920, 0x00000000e6ab0000)
  to   space 21824K,   0% used [0x00000000e6ab0000, 0x00000000e6ab0000, 0x00000000e8000000)
 concurrent mark-sweep generation total 393216K, used 133611K [0x00000000e8000000, 0x0000000100000000, 0x0000000100000000)
 Metaspace       used 31804K, capacity 32274K, committed 32708K, reserved 1079296K
  class space    used 3556K, capacity 3737K, committed 3836K, reserved 1048576K
}
2017-07-31T12:29:04.988+0200: 2695,392: Total time for which application threads were stopped: 0,0052458 seconds, Stopping threads took: 0,0000218 seconds
2017-07-31T12:29:05.071+0200: 2695,476: Total time for which application threads were stopped: 0,0000860 seconds, Stopping threads took: 0,0000215 seconds
2017-07-31T12:29:05.073+0200: 2695,477: Total time for which application threads were stopped: 0,0000522 seconds, Stopping threads took: 0,0000135 seconds
2017-07-31T12:29:05.073+0200: 2695,477: Total time for which application threads were stopped: 0,0000428 seconds, Stopping threads took: 0,0000094 seconds
2017-07-31T12:29:05.073+0200: 2695,477: Total time for which application threads were stopped: 0,0000340 seconds, Stopping threads took: 0,0000092 seconds
2017-07-31T12:29:05.073+0200: 2695,477: Total time for which application threads were stopped: 0,0000284 seconds, Stopping threads took: 0,0000078 seconds
2017-07-31T12:29:05.073+0200: 2695,477: Total time for which application threads were stopped: 0,0000310 seconds, Stopping threads took: 0,0000088 seconds
2017-07-31T12:29:06.073+0200: 2696,478: Total time for which application threads were stopped: 0,0001396 seconds, Stopping threads took: 0,0000342 seconds
2017-07-31T12:29:06.847+0200: 2697,251: Total time for which application threads were stopped: 0,0001116 seconds, Stopping threads took: 0,0000313 seconds
2017-07-31T12:29:06.854+0200: 2697,258: Total time for which application threads were stopped: 0,0001089 seconds, Stopping threads took: 0,0000455 seconds
2017-07-31T12:29:06.855+0200: 2697,260: Total time for which application threads were stopped: 0,0000825 seconds, Stopping threads took: 0,0000245 seconds
2017-07-31T12:29:06.859+0200: 2697,264: Total time for which application threads were stopped: 0,0002188 seconds, Stopping threads took: 0,0001375 seconds
2017-07-31T12:29:06.860+0200: 2697,264: Total time for which application threads were stopped: 0,0000714 seconds, Stopping threads took: 0,0000203 seconds
2017-07-31T12:29:06.860+0200: 2697,264: Total time for which application threads were stopped: 0,0000774 seconds, Stopping threads took: 0,0000164 seconds
2017-07-31T12:29:06.861+0200: 2697,265: Total time for which application threads were stopped: 0,0001931 seconds, Stopping threads took: 0,0001327 seconds
2017-07-31T12:29:06.861+0200: 2697,266: Total time for which application threads were stopped: 0,0000679 seconds, Stopping threads took: 0,0000165 seconds
2017-07-31T12:29:06.861+0200: 2697,266: Total time for which application threads were stopped: 0,0000531 seconds, Stopping threads took: 0,0000113 seconds
2017-07-31T12:29:06.861+0200: 2697,266: Total time for which application threads were stopped: 0,0000758 seconds, Stopping threads took: 0,0000319 seconds
2017-07-31T12:29:06.862+0200: 2697,266: Total time for which application threads were stopped: 0,0000523 seconds, Stopping threads took: 0,0000134 seconds
2017-07-31T12:29:06.862+0200: 2697,266: Total time for which application threads were stopped: 0,0000471 seconds, Stopping threads took: 0,0000120 seconds
2017-07-31T12:29:06.862+0200: 2697,266: Total time for which application threads were stopped: 0,0000474 seconds, Stopping threads took: 0,0000116 seconds
2017-07-31T12:29:06.862+0200: 2697,266: Total time for which application threads were stopped: 0,0000533 seconds, Stopping threads took: 0,0000178 seconds
2017-07-31T12:29:06.862+0200: 2697,266: Total time for which application threads were stopped: 0,0000618 seconds, Stopping threads took: 0,0000236 seconds
2017-07-31T12:29:06.862+0200: 2697,266: Total time for which application threads were stopped: 0,0000608 seconds, Stopping threads took: 0,0000234 seconds
2017-07-31T12:29:07.741+0200: 2698,146: Total time for which application threads were stopped: 0,0001350 seconds, Stopping threads took: 0,0000475 seconds
2017-07-31T12:29:07.742+0200: 2698,146: Total time for which application threads were stopped: 0,0001083 seconds, Stopping threads took: 0,0000514 seconds
2017-07-31T12:29:07.742+0200: 2698,147: Total time for which application threads were stopped: 0,0000663 seconds, Stopping threads took: 0,0000162 seconds
2017-07-31T12:29:08.742+0200: 2699,147: Total time for which application threads were stopped: 0,0000860 seconds, Stopping threads took: 0,0000186 seconds
2017-07-31T12:29:09.752+0200: 2700,156: Total time for which application threads were stopped: 0,0001174 seconds, Stopping threads took: 0,0000164 seconds
2017-07-31T12:29:09.778+0200: 2700,183: Total time for which application threads were stopped: 0,0001041 seconds, Stopping threads took: 0,0000232 seconds
2017-07-31T12:29:09.779+0200: 2700,184: Total time for which application threads were stopped: 0,0001008 seconds, Stopping threads took: 0,0000679 seconds
2017-07-31T12:29:09.784+0200: 2700,188: Total time for which application threads were stopped: 0,0001306 seconds, Stopping threads took: 0,0000705 seconds
2017-07-31T12:29:09.784+0200: 2700,188: Total time for which application threads were stopped: 0,0000840 seconds, Stopping threads took: 0,0000528 seconds
2017-07-31T12:29:09.919+0200: 2700,323: Total time for which application threads were stopped: 0,0001324 seconds, Stopping threads took: 0,0000306 seconds
2017-07-31T12:29:10.099+0200: 2700,503: Total time for which application threads were stopped: 0,0001186 seconds, Stopping threads took: 0,0000286 seconds
2017-07-31T12:29:10.099+0200: 2700,504: Total time for which application threads were stopped: 0,0000901 seconds, Stopping threads took: 0,0000191 seconds
2017-07-31T12:29:10.100+0200: 2700,504: Total time for which application threads were stopped: 0,0000823 seconds, Stopping threads took: 0,0000171 seconds
2017-07-31T12:29:10.100+0200: 2700,504: Total time for which application threads were stopped: 0,0000833 seconds, Stopping threads took: 0,0000179 seconds
2017-07-31T12:29:10.100+0200: 2700,505: Total time for which application threads were stopped: 0,0001312 seconds, Stopping threads took: 0,0000182 seconds
2017-07-31T12:29:10.100+0200: 2700,505: Total time for which application threads were stopped: 0,0000678 seconds, Stopping threads took: 0,0000161 seconds
2017-07-31T12:29:10.100+0200: 2700,505: Total time for which application threads were stopped: 0,0001680 seconds, Stopping threads took: 0,0000148 seconds
2017-07-31T12:29:11.101+0200: 2701,505: Total time for which application threads were stopped: 0,0001033 seconds, Stopping threads took: 0,0000307 seconds
2017-07-31T12:31:45.113+0200: 2855,517: Total time for which application threads were stopped: 0,0001403 seconds, Stopping threads took: 0,0000544 seconds
2017-07-31T12:37:30.141+0200: 3200,546: Total time for which application threads were stopped: 0,0001387 seconds, Stopping threads took: 0,0000527 seconds
2017-07-31T13:09:55.302+0200: 5145,707: Total time for which application threads were stopped: 0,0000832 seconds, Stopping threads took: 0,0000279 seconds
2017-07-31T13:21:14.351+0200: 5824,756: Total time for which application threads were stopped: 0,0000810 seconds, Stopping threads took: 0,0000291 seconds
2017-07-31T13:24:44.365+0200: 6034,769: Total time for which application threads were stopped: 0,0000805 seconds, Stopping threads took: 0,0000285 seconds
2017-07-31T13:43:43.440+0200: 7173,844: Total time for which application threads were stopped: 0,0000948 seconds, Stopping threads took: 0,0000248 seconds
2017-07-31T13:44:43.444+0200: 7233,848: Total time for which application threads were stopped: 0,0000839 seconds, Stopping threads took: 0,0000212 seconds
2017-07-31T13:45:43.448+0200: 7293,852: Total time for which application threads were stopped: 0,0000767 seconds, Stopping threads took: 0,0000266 seconds
2017-07-31T13:52:43.475+0200: 7713,880: Total time for which application threads were stopped: 0,0001150 seconds, Stopping threads took: 0,0000295 seconds
2017-07-31T15:33:40.870+0200: 13771,275: Total time for which application threads were stopped: 0,0000718 seconds, Stopping threads took: 0,0000177 seconds
2017-07-31T15:40:10.896+0200: 14161,300: Total time for which application threads were stopped: 0,0000825 seconds, Stopping threads took: 0,0000325 seconds
2017-07-31T15:58:04.958+0200: 15235,363: Total time for which application threads were stopped: 0,0001870 seconds, Stopping threads took: 0,0000897 seconds
2017-07-31T15:58:04.992+0200: 15235,396: Total time for which application threads were stopped: 0,0004854 seconds, Stopping threads took: 0,0000208 seconds
2017-07-31T15:58:04.993+0200: 15235,397: Total time for which application threads were stopped: 0,0001982 seconds, Stopping threads took: 0,0000124 seconds
2017-07-31T15:58:05.993+0200: 15236,397: Total time for which application threads were stopped: 0,0001449 seconds, Stopping threads took: 0,0000452 seconds
2017-07-31T15:58:06.235+0200: 15236,640: Total time for which application threads were stopped: 0,0001016 seconds, Stopping threads took: 0,0000199 seconds
2017-07-31T15:58:06.237+0200: 15236,642: Total time for which application threads were stopped: 0,0001161 seconds, Stopping threads took: 0,0000209 seconds
2017-07-31T15:58:06.240+0200: 15236,644: Total time for which application threads were stopped: 0,0001213 seconds, Stopping threads took: 0,0000337 seconds
2017-07-31T15:58:06.246+0200: 15236,650: Total time for which application threads were stopped: 0,0000937 seconds, Stopping threads took: 0,0000261 seconds
2017-07-31T15:58:06.246+0200: 15236,650: Total time for which application threads were stopped: 0,0001248 seconds, Stopping threads took: 0,0000734 seconds
{Heap before GC invocations=28 (full 1):
 par new generation   total 109248K, used 106198K [0x00000000e0000000, 0x00000000e8000000, 0x00000000e8000000)
  eden space 87424K, 100% used [0x00000000e0000000, 0x00000000e5560000, 0x00000000e5560000)
  from space 21824K,  86% used [0x00000000e5560000, 0x00000000e67b5920, 0x00000000e6ab0000)
  to   space 21824K,   0% used [0x00000000e6ab0000, 0x00000000e6ab0000, 0x00000000e8000000)
 concurrent mark-sweep generation total 393216K, used 133611K [0x00000000e8000000, 0x0000000100000000, 0x0000000100000000)
 Metaspace       used 32139K, capacity 32530K, committed 32964K, reserved 1079296K
  class space    used 3582K, capacity 3737K, committed 3836K, reserved 1048576K
2017-07-31T15:58:06.611+0200: 15237,016: [GC (Allocation Failure) 2017-07-31T15:58:06.611+0200: 15237,016: [ParNew
Desired survivor size 20112992 bytes, new threshold 7 (max 8)
- age   1:    7087576 bytes,    7087576 total
- age   2:        480 bytes,    7088056 total
- age   3:        360 bytes,    7088416 total
- age   4:       3824 bytes,    7092240 total
- age   5:    2601680 bytes,    9693920 total
- age   6:    8898720 bytes,   18592640 total
- age   7:    3367088 bytes,   21959728 total
: 106198K->21824K(109248K), 0,0063927 secs] 239809K->156801K(502464K), 0,0064898 secs] [Times: user=0,03 sys=0,00, real=0,01 secs] 
Heap after GC invocations=29 (full 1):
 par new generation   total 109248K, used 21824K [0x00000000e0000000, 0x00000000e8000000, 0x00000000e8000000)
  eden space 87424K,   0% used [0x00000000e0000000, 0x00000000e0000000, 0x00000000e5560000)
  from space 21824K, 100% used [0x00000000e6ab0000, 0x00000000e8000000, 0x00000000e8000000)
  to   space 21824K,   0% used [0x00000000e5560000, 0x00000000e5560000, 0x00000000e6ab0000)
 concurrent mark-sweep generation total 393216K, used 134977K [0x00000000e8000000, 0x0000000100000000, 0x0000000100000000)
 Metaspace       used 32139K, capacity 32530K, committed 32964K, reserved 1079296K
  class space    used 3582K, capacity 3737K, committed 3836K, reserved 1048576K
}
2017-07-31T15:58:06.618+0200: 15237,022: Total time for which application threads were stopped: 0,0066853 seconds, Stopping threads took: 0,0000205 seconds
2017-07-31T15:58:06.618+0200: 15237,023: Total time for which application threads were stopped: 0,0002162 seconds, Stopping threads took: 0,0000663 seconds
2017-07-31T15:58:07.618+0200: 15238,023: Total time for which application threads were stopped: 0,0001030 seconds, Stopping threads took: 0,0000272 seconds
{Heap before GC invocations=29 (full 1):
 par new generation   total 109248K, used 108920K [0x00000000e0000000, 0x00000000e8000000, 0x00000000e8000000)
  eden space 87424K,  99% used [0x00000000e0000000, 0x00000000e550e198, 0x00000000e5560000)
  from space 21824K, 100% used [0x00000000e6ab0000, 0x00000000e8000000, 0x00000000e8000000)
  to   space 21824K,   0% used [0x00000000e5560000, 0x00000000e5560000, 0x00000000e6ab0000)
 concurrent mark-sweep generation total 393216K, used 134977K [0x00000000e8000000, 0x0000000100000000, 0x0000000100000000)
 Metaspace       used 32143K, capacity 32594K, committed 32964K, reserved 1079296K
  class space    used 3582K, capacity 3737K, committed 3836K, reserved 1048576K
2017-07-31T15:58:07.778+0200: 15238,182: [GC (Allocation Failure) 2017-07-31T15:58:07.778+0200: 15238,182: [ParNew
Desired survivor size 20112992 bytes, new threshold 7 (max 8)
- age   1:    7796520 bytes,    7796520 total
- age   2:    4252648 bytes,   12049168 total
- age   3:        480 bytes,   12049648 total
- age   4:        360 bytes,   12050008 total
- age   5:       3824 bytes,   12053832 total
- age   6:    2075984 bytes,   14129816 total
- age   7:    8124712 bytes,   22254528 total
: 108920K->21824K(109248K), 0,0094676 secs] 243897K->173249K(502464K), 0,0095414 secs] [Times: user=0,03 sys=0,00, real=0,01 secs] 
Heap after GC invocations=30 (full 1):
 par new generation   total 109248K, used 21824K [0x00000000e0000000, 0x00000000e8000000, 0x00000000e8000000)
  eden space 87424K,   0% used [0x00000000e0000000, 0x00000000e0000000, 0x00000000e5560000)
  from space 21824K, 100% used [0x00000000e5560000, 0x00000000e6ab0000, 0x00000000e6ab0000)
  to   space 21824K,   0% used [0x00000000e6ab0000, 0x00000000e6ab0000, 0x00000000e8000000)
 concurrent mark-sweep generation total 393216K, used 151425K [0x00000000e8000000, 0x0000000100000000, 0x0000000100000000)
 Metaspace       used 32143K, capacity 32594K, committed 32964K, reserved 1079296K
  class space    used 3582K, capacity 3737K, committed 3836K, reserved 1048576K
}
2017-07-31T15:58:07.787+0200: 15238,192: Total time for which application threads were stopped: 0,0096911 seconds, Stopping threads took: 0,0000168 seconds
2017-07-31T15:58:08.788+0200: 15239,192: Total time for which application threads were stopped: 0,0001362 seconds, Stopping threads took: 0,0000391 seconds
{Heap before GC invocations=30 (full 1):
 par new generation   total 109248K, used 109248K [0x00000000e0000000, 0x00000000e8000000, 0x00000000e8000000)
  eden space 87424K, 100% used [0x00000000e0000000, 0x00000000e5560000, 0x00000000e5560000)
  from space 21824K, 100% used [0x00000000e5560000, 0x00000000e6ab0000, 0x00000000e6ab0000)
  to   space 21824K,   0% used [0x00000000e6ab0000, 0x00000000e6ab0000, 0x00000000e8000000)
 concurrent mark-sweep generation total 393216K, used 151425K [0x00000000e8000000, 0x0000000100000000, 0x0000000100000000)
 Metaspace       used 32150K, capacity 32594K, committed 32964K, reserved 1079296K
  class space    used 3582K, capacity 3737K, committed 3836K, reserved 1048576K
2017-07-31T15:58:09.108+0200: 15239,512: [GC (Allocation Failure) 2017-07-31T15:58:09.108+0200: 15239,512: [ParNew
Desired survivor size 20112992 bytes, new threshold 3 (max 8)
- age   1:   11656656 bytes,   11656656 total
- age   2:    4353560 bytes,   16010216 total
- age   3:    4249848 bytes,   20260064 total
- age   4:        480 bytes,   20260544 total
- age   5:        360 bytes,   20260904 total
- age   6:       3824 bytes,   20264728 total
- age   7:    2032080 bytes,   22296808 total
: 109248K->21824K(109248K), 0,0113591 secs] 260673K->190639K(502464K), 0,0114497 secs] [Times: user=0,03 sys=0,00, real=0,01 secs] 
Heap after GC invocations=31 (full 1):
 par new generation   total 109248K, used 21824K [0x00000000e0000000, 0x00000000e8000000, 0x00000000e8000000)
  eden space 87424K,   0% used [0x00000000e0000000, 0x00000000e0000000, 0x00000000e5560000)
  from space 21824K, 100% used [0x00000000e6ab0000, 0x00000000e8000000, 0x00000000e8000000)
  to   space 21824K,   0% used [0x00000000e5560000, 0x00000000e5560000, 0x00000000e6ab0000)
 concurrent mark-sweep generation total 393216K, used 168815K [0x00000000e8000000, 0x0000000100000000, 0x0000000100000000)
 Metaspace       used 32150K, capacity 32594K, committed 32964K, reserved 1079296K
  class space    used 3582K, capacity 3737K, committed 3836K, reserved 1048576K
}
2017-07-31T15:58:09.119+0200: 15239,524: Total time for which application threads were stopped: 0,0116712 seconds, Stopping threads took: 0,0000259 seconds
{Heap before GC invocations=31 (full 1):
 par new generation   total 109248K, used 109248K [0x00000000e0000000, 0x00000000e8000000, 0x00000000e8000000)
  eden space 87424K, 100% used [0x00000000e0000000, 0x00000000e5560000, 0x00000000e5560000)
  from space 21824K, 100% used [0x00000000e6ab0000, 0x00000000e8000000, 0x00000000e8000000)
  to   space 21824K,   0% used [0x00000000e5560000, 0x00000000e5560000, 0x00000000e6ab0000)
 concurrent mark-sweep generation total 393216K, used 168815K [0x00000000e8000000, 0x0000000100000000, 0x0000000100000000)
 Metaspace       used 32164K, capacity 32594K, committed 32964K, reserved 1079296K
  class space    used 3582K, capacity 3737K, committed 3836K, reserved 1048576K
2017-07-31T15:58:10.648+0200: 15241,052: [GC (Allocation Failure) 2017-07-31T15:58:10.648+0200: 15241,052: [ParNew
Desired survivor size 20112992 bytes, new threshold 3 (max 8)
- age   1:   12907672 bytes,   12907672 total
- age   2:    4763968 bytes,   17671640 total
- age   3:    4270504 bytes,   21942144 total
: 109248K->21824K(109248K), 0,0143105 secs] 278063K->211996K(502464K), 0,0144686 secs] [Times: user=0,04 sys=0,01, real=0,02 secs] 
Heap after GC invocations=32 (full 1):
 par new generation   total 109248K, used 21824K [0x00000000e0000000, 0x00000000e8000000, 0x00000000e8000000)
  eden space 87424K,   0% used [0x00000000e0000000, 0x00000000e0000000, 0x00000000e5560000)
  from space 21824K, 100% used [0x00000000e5560000, 0x00000000e6ab0000, 0x00000000e6ab0000)
  to   space 21824K,   0% used [0x00000000e6ab0000, 0x00000000e6ab0000, 0x00000000e8000000)
 concurrent mark-sweep generation total 393216K, used 190172K [0x00000000e8000000, 0x0000000100000000, 0x0000000100000000)
 Metaspace       used 32164K, capacity 32594K, committed 32964K, reserved 1079296K
  class space    used 3582K, capacity 3737K, committed 3836K, reserved 1048576K
}
2017-07-31T15:58:10.662+0200: 15241,067: Total time for which application threads were stopped: 0,0147123 seconds, Stopping threads took: 0,0000243 seconds
2017-07-31T15:58:11.663+0200: 15242,067: Total time for which application threads were stopped: 0,0001512 seconds, Stopping threads took: 0,0000467 seconds
{Heap before GC invocations=32 (full 1):
 par new generation   total 109248K, used 109020K [0x00000000e0000000, 0x00000000e8000000, 0x00000000e8000000)
  eden space 87424K,  99% used [0x00000000e0000000, 0x00000000e5527160, 0x00000000e5560000)
  from space 21824K, 100% used [0x00000000e5560000, 0x00000000e6ab0000, 0x00000000e6ab0000)
  to   space 21824K,   0% used [0x00000000e6ab0000, 0x00000000e6ab0000, 0x00000000e8000000)
 concurrent mark-sweep generation total 393216K, used 190172K [0x00000000e8000000, 0x0000000100000000, 0x0000000100000000)
 Metaspace       used 32167K, capacity 32594K, committed 32964K, reserved 1079296K
  class space    used 3582K, capacity 3737K, committed 3836K, reserved 1048576K
2017-07-31T15:58:12.178+0200: 15242,583: [GC (Allocation Failure) 2017-07-31T15:58:12.178+0200: 15242,583: [ParNew
Desired survivor size 20112992 bytes, new threshold 8 (max 8)
- age   1:    8381128 bytes,    8381128 total
- age   2:    6350312 bytes,   14731440 total
- age   3:    4333384 bytes,   19064824 total
: 109020K->21824K(109248K), 0,0126573 secs] 299192K->237487K(502464K), 0,0127680 secs] [Times: user=0,04 sys=0,00, real=0,01 secs] 
Heap after GC invocations=33 (full 1):
 par new generation   total 109248K, used 21824K [0x00000000e0000000, 0x00000000e8000000, 0x00000000e8000000)
  eden space 87424K,   0% used [0x00000000e0000000, 0x00000000e0000000, 0x00000000e5560000)
  from space 21824K, 100% used [0x00000000e6ab0000, 0x00000000e8000000, 0x00000000e8000000)
  to   space 21824K,   0% used [0x00000000e5560000, 0x00000000e5560000, 0x00000000e6ab0000)
 concurrent mark-sweep generation total 393216K, used 215663K [0x00000000e8000000, 0x0000000100000000, 0x0000000100000000)
 Metaspace       used 32167K, capacity 32594K, committed 32964K, reserved 1079296K
  class space    used 3582K, capacity 3737K, committed 3836K, reserved 1048576K
}
2017-07-31T15:58:12.191+0200: 15242,596: Total time for which application threads were stopped: 0,0129607 seconds, Stopping threads took: 0,0000210 seconds
2017-07-31T15:58:12.191+0200: 15242,596: [GC (CMS Initial Mark) [1 CMS-initial-mark: 215663K(393216K)] 238327K(502464K), 0,0012788 secs] [Times: user=0,00 sys=0,00, real=0,01 secs] 
2017-07-31T15:58:12.193+0200: 15242,597: Total time for which application threads were stopped: 0,0014496 seconds, Stopping threads took: 0,0000704 seconds
2017-07-31T15:58:12.193+0200: 15242,597: [CMS-concurrent-mark-start]
2017-07-31T15:58:12.213+0200: 15242,617: [CMS-concurrent-mark: 0,020/0,020 secs] [Times: user=0,10 sys=0,00, real=0,02 secs] 
2017-07-31T15:58:12.213+0200: 15242,617: [CMS-concurrent-preclean-start]
2017-07-31T15:58:12.214+0200: 15242,618: [CMS-concurrent-preclean: 0,001/0,001 secs] [Times: user=0,00 sys=0,00, real=0,00 secs] 
2017-07-31T15:58:12.214+0200: 15242,618: [CMS-concurrent-abortable-preclean-start]
2017-07-31T15:58:12.546+0200: 15242,951: Total time for which application threads were stopped: 0,0002683 seconds, Stopping threads took: 0,0001512 seconds
2017-07-31T15:58:14.547+0200: 15244,951: Total time for which application threads were stopped: 0,0001407 seconds, Stopping threads took: 0,0000377 seconds
2017-07-31T15:58:14.785+0200: 15245,190: [CMS-concurrent-abortable-preclean: 0,367/2,572 secs] [Times: user=1,08 sys=0,01, real=2,57 secs] 
2017-07-31T15:58:14.786+0200: 15245,190: [GC (CMS Final Remark) [YG occupancy: 66602 K (109248 K)]{Heap before GC invocations=33 (full 2):
 par new generation   total 109248K, used 66602K [0x00000000e0000000, 0x00000000e8000000, 0x00000000e8000000)
  eden space 87424K,  51% used [0x00000000e0000000, 0x00000000e2bbaaa8, 0x00000000e5560000)
  from space 21824K, 100% used [0x00000000e6ab0000, 0x00000000e8000000, 0x00000000e8000000)
  to   space 21824K,   0% used [0x00000000e5560000, 0x00000000e5560000, 0x00000000e6ab0000)
 concurrent mark-sweep generation total 393216K, used 215663K [0x00000000e8000000, 0x0000000100000000, 0x0000000100000000)
 Metaspace       used 32169K, capacity 32594K, committed 32964K, reserved 1079296K
  class space    used 3582K, capacity 3737K, committed 3836K, reserved 1048576K
2017-07-31T15:58:14.786+0200: 15245,190: [GC (CMS Final Remark) 2017-07-31T15:58:14.786+0200: 15245,190: [ParNew
Desired survivor size 20112992 bytes, new threshold 4 (max 8)
- age   1:    5494680 bytes,    5494680 total
- age   2:    6324928 bytes,   11819608 total
- age   3:    6271936 bytes,   18091544 total
- age   4:    4210296 bytes,   22301840 total
: 66602K->21824K(109248K), 0,0077244 secs] 282266K->242600K(502464K), 0,0077712 secs] [Times: user=0,02 sys=0,00, real=0,01 secs] 
Heap after GC invocations=34 (full 2):
 par new generation   total 109248K, used 21824K [0x00000000e0000000, 0x00000000e8000000, 0x00000000e8000000)
  eden space 87424K,   0% used [0x00000000e0000000, 0x00000000e0000000, 0x00000000e5560000)
  from space 21824K, 100% used [0x00000000e5560000, 0x00000000e6ab0000, 0x00000000e6ab0000)
  to   space 21824K,   0% used [0x00000000e6ab0000, 0x00000000e6ab0000, 0x00000000e8000000)
 concurrent mark-sweep generation total 393216K, used 220776K [0x00000000e8000000, 0x0000000100000000, 0x0000000100000000)
 Metaspace       used 32169K, capacity 32594K, committed 32964K, reserved 1079296K
  class space    used 3582K, capacity 3737K, committed 3836K, reserved 1048576K
}
2017-07-31T15:58:14.794+0200: 15245,198: [Rescan (parallel) , 0,0010274 secs]2017-07-31T15:58:14.795+0200: 15245,199: [weak refs processing, 0,0002947 secs]2017-07-31T15:58:14.795+0200: 15245,199: [class unloading, 0,0063950 secs]2017-07-31T15:58:14.801+0200: 15245,206: [scrub symbol table, 0,0029884 secs]2017-07-31T15:58:14.804+0200: 15245,209: [scrub string table, 0,0004967 secs][1 CMS-remark: 220776K(393216K)] 242600K(502464K), 0,0197703 secs] [Times: user=0,04 sys=0,00, real=0,02 secs] 
2017-07-31T15:58:14.806+0200: 15245,210: Total time for which application threads were stopped: 0,0198985 seconds, Stopping threads took: 0,0000319 seconds
2017-07-31T15:58:14.806+0200: 15245,210: [CMS-concurrent-sweep-start]
2017-07-31T15:58:14.823+0200: 15245,227: [CMS-concurrent-sweep: 0,017/0,017 secs] [Times: user=0,01 sys=0,00, real=0,02 secs] 
2017-07-31T15:58:14.823+0200: 15245,227: [CMS-concurrent-reset-start]
2017-07-31T15:58:14.823+0200: 15245,228: [CMS-concurrent-reset: 0,000/0,000 secs] [Times: user=0,00 sys=0,00, real=0,00 secs] 
2017-07-31T15:58:15.806+0200: 15246,210: Total time for which application threads were stopped: 0,0002539 seconds, Stopping threads took: 0,0000362 seconds
{Heap before GC invocations=34 (full 2):
 par new generation   total 109248K, used 108241K [0x00000000e0000000, 0x00000000e8000000, 0x00000000e8000000)
  eden space 87424K,  98% used [0x00000000e0000000, 0x00000000e5464430, 0x00000000e5560000)
  from space 21824K, 100% used [0x00000000e5560000, 0x00000000e6ab0000, 0x00000000e6ab0000)
  to   space 21824K,   0% used [0x00000000e6ab0000, 0x00000000e6ab0000, 0x00000000e8000000)
 concurrent mark-sweep generation total 393216K, used 116228K [0x00000000e8000000, 0x0000000100000000, 0x0000000100000000)
 Metaspace       used 32063K, capacity 32424K, committed 32964K, reserved 1079296K
  class space    used 3564K, capacity 3704K, committed 3836K, reserved 1048576K
2017-07-31T15:58:16.068+0200: 15246,472: [GC (Allocation Failure) 2017-07-31T15:58:16.068+0200: 15246,472: [ParNew
Desired survivor size 20112992 bytes, new threshold 8 (max 8)
- age   1:   13121968 bytes,   13121968 total
- age   2:    2080424 bytes,   15202392 total
- age   3:     854400 bytes,   16056792 total
- age   4:    3400856 bytes,   19457648 total
: 108241K->21824K(109248K), 0,0087279 secs] 224469K->160809K(502464K), 0,0088065 secs] [Times: user=0,04 sys=0,00, real=0,01 secs] 
Heap after GC invocations=35 (full 2):
 par new generation   total 109248K, used 21824K [0x00000000e0000000, 0x00000000e8000000, 0x00000000e8000000)
  eden space 87424K,   0% used [0x00000000e0000000, 0x00000000e0000000, 0x00000000e5560000)
  from space 21824K, 100% used [0x00000000e6ab0000, 0x00000000e8000000, 0x00000000e8000000)
  to   space 21824K,   0% used [0x00000000e5560000, 0x00000000e5560000, 0x00000000e6ab0000)
 concurrent mark-sweep generation total 393216K, used 138985K [0x00000000e8000000, 0x0000000100000000, 0x0000000100000000)
 Metaspace       used 32063K, capacity 32424K, committed 32964K, reserved 1079296K
  class space    used 3564K, capacity 3704K, committed 3836K, reserved 1048576K
}
2017-07-31T15:58:16.076+0200: 15246,481: Total time for which application threads were stopped: 0,0089623 seconds, Stopping threads took: 0,0000277 seconds
{Heap before GC invocations=35 (full 2):
 par new generation   total 109248K, used 109248K [0x00000000e0000000, 0x00000000e8000000, 0x00000000e8000000)
  eden space 87424K, 100% used [0x00000000e0000000, 0x00000000e5560000, 0x00000000e5560000)
  from space 21824K, 100% used [0x00000000e6ab0000, 0x00000000e8000000, 0x00000000e8000000)
  to   space 21824K,   0% used [0x00000000e5560000, 0x00000000e5560000, 0x00000000e6ab0000)
 concurrent mark-sweep generation total 393216K, used 138985K [0x00000000e8000000, 0x0000000100000000, 0x0000000100000000)
 Metaspace       used 32077K, capacity 32424K, committed 32964K, reserved 1079296K
  class space    used 3564K, capacity 3704K, committed 3836K, reserved 1048576K
2017-07-31T15:58:17.577+0200: 15247,981: [GC (Allocation Failure) 2017-07-31T15:58:17.577+0200: 15247,981: [ParNew
Desired survivor size 20112992 bytes, new threshold 5 (max 8)
- age   1:   11333576 bytes,   11333576 total
- age   2:    6296312 bytes,   17629888 total
- age   3:    1669592 bytes,   19299480 total
- age   4:     694120 bytes,   19993600 total
- age   5:    1259576 bytes,   21253176 total
: 109248K->21824K(109248K), 0,0102263 secs] 248233K->180012K(502464K), 0,0103032 secs] [Times: user=0,03 sys=0,00, real=0,01 secs] 
Heap after GC invocations=36 (full 2):
 par new generation   total 109248K, used 21824K [0x00000000e0000000, 0x00000000e8000000, 0x00000000e8000000)
  eden space 87424K,   0% used [0x00000000e0000000, 0x00000000e0000000, 0x00000000e5560000)
  from space 21824K, 100% used [0x00000000e5560000, 0x00000000e6ab0000, 0x00000000e6ab0000)
  to   space 21824K,   0% used [0x00000000e6ab0000, 0x00000000e6ab0000, 0x00000000e8000000)
 concurrent mark-sweep generation total 393216K, used 158188K [0x00000000e8000000, 0x0000000100000000, 0x0000000100000000)
 Metaspace       used 32077K, capacity 32424K, committed 32964K, reserved 1079296K
  class space    used 3564K, capacity 3704K, committed 3836K, reserved 1048576K
}
2017-07-31T15:58:17.587+0200: 15247,992: Total time for which application threads were stopped: 0,0104878 seconds, Stopping threads took: 0,0000200 seconds
{Heap before GC invocations=36 (full 2):
 par new generation   total 109248K, used 109248K [0x00000000e0000000, 0x00000000e8000000, 0x00000000e8000000)
  eden space 87424K, 100% used [0x00000000e0000000, 0x00000000e5560000, 0x00000000e5560000)
  from space 21824K, 100% used [0x00000000e5560000, 0x00000000e6ab0000, 0x00000000e6ab0000)
  to   space 21824K,   0% used [0x00000000e6ab0000, 0x00000000e6ab0000, 0x00000000e8000000)
 concurrent mark-sweep generation total 393216K, used 158188K [0x00000000e8000000, 0x0000000100000000, 0x0000000100000000)
 Metaspace       used 32079K, capacity 32424K, committed 32964K, reserved 1079296K
  class space    used 3564K, capacity 3704K, committed 3836K, reserved 1048576K
2017-07-31T15:58:19.508+0200: 15249,913: [GC (Allocation Failure) 2017-07-31T15:58:19.508+0200: 15249,913: [ParNew
Desired survivor size 20112992 bytes, new threshold 4 (max 8)
- age   1:   12675136 bytes,   12675136 total
- age   2:    6010584 bytes,   18685720 total
- age   3:    1277128 bytes,   19962848 total
- age   4:    1527584 bytes,   21490432 total
- age   5:     574600 bytes,   22065032 total
: 109248K->21824K(109248K), 0,0116324 secs] 267436K->205373K(502464K), 0,0117084 secs] [Times: user=0,03 sys=0,00, real=0,01 secs] 
Heap after GC invocations=37 (full 2):
 par new generation   total 109248K, used 21824K [0x00000000e0000000, 0x00000000e8000000, 0x00000000e8000000)
  eden space 87424K,   0% used [0x00000000e0000000, 0x00000000e0000000, 0x00000000e5560000)
  from space 21824K, 100% used [0x00000000e6ab0000, 0x00000000e8000000, 0x00000000e8000000)
  to   space 21824K,   0% used [0x00000000e5560000, 0x00000000e5560000, 0x00000000e6ab0000)
 concurrent mark-sweep generation total 393216K, used 183549K [0x00000000e8000000, 0x0000000100000000, 0x0000000100000000)
 Metaspace       used 32079K, capacity 32424K, committed 32964K, reserved 1079296K
  class space    used 3564K, capacity 3704K, committed 3836K, reserved 1048576K
}
2017-07-31T15:58:19.520+0200: 15249,924: Total time for which application threads were stopped: 0,0119100 seconds, Stopping threads took: 0,0000289 seconds
2017-07-31T15:58:19.966+0200: 15250,371: Total time for which application threads were stopped: 0,0001865 seconds, Stopping threads took: 0,0000578 seconds
2017-07-31T15:58:19.983+0200: 15250,387: Total time for which application threads were stopped: 0,0001549 seconds, Stopping threads took: 0,0000488 seconds
{Heap before GC invocations=37 (full 2):
 par new generation   total 109248K, used 109248K [0x00000000e0000000, 0x00000000e8000000, 0x00000000e8000000)
  eden space 87424K, 100% used [0x00000000e0000000, 0x00000000e5560000, 0x00000000e5560000)
  from space 21824K, 100% used [0x00000000e6ab0000, 0x00000000e8000000, 0x00000000e8000000)
  to   space 21824K,   0% used [0x00000000e5560000, 0x00000000e5560000, 0x00000000e6ab0000)
 concurrent mark-sweep generation total 393216K, used 183549K [0x00000000e8000000, 0x0000000100000000, 0x0000000100000000)
 Metaspace       used 32100K, capacity 32552K, committed 33220K, reserved 1079296K
  class space    used 3565K, capacity 3704K, committed 3836K, reserved 1048576K
2017-07-31T15:58:20.635+0200: 15251,040: [GC (Allocation Failure) 2017-07-31T15:58:20.635+0200: 15251,040: [ParNew
Desired survivor size 20112992 bytes, new threshold 3 (max 8)
- age   1:   11451528 bytes,   11451528 total
- age   2:    4803376 bytes,   16254904 total
- age   3:    4658528 bytes,   20913432 total
- age   4:    1093192 bytes,   22006624 total
: 109248K->21824K(109248K), 0,0094873 secs] 292797K->224018K(502464K), 0,0095402 secs] [Times: user=0,03 sys=0,00, real=0,01 secs] 
Heap after GC invocations=38 (full 2):
 par new generation   total 109248K, used 21824K [0x00000000e0000000, 0x00000000e8000000, 0x00000000e8000000)
  eden space 87424K,   0% used [0x00000000e0000000, 0x00000000e0000000, 0x00000000e5560000)
  from space 21824K, 100% used [0x00000000e5560000, 0x00000000e6ab0000, 0x00000000e6ab0000)
  to   space 21824K,   0% used [0x00000000e6ab0000, 0x00000000e6ab0000, 0x00000000e8000000)
 concurrent mark-sweep generation total 393216K, used 202194K [0x00000000e8000000, 0x0000000100000000, 0x0000000100000000)
 Metaspace       used 32100K, capacity 32552K, committed 33220K, reserved 1079296K
  class space    used 3565K, capacity 3704K, committed 3836K, reserved 1048576K
}
2017-07-31T15:58:20.645+0200: 15251,049: Total time for which application threads were stopped: 0,0097364 seconds, Stopping threads took: 0,0000223 seconds
2017-07-31T15:58:20.645+0200: 15251,049: [GC (CMS Initial Mark) [1 CMS-initial-mark: 202194K(393216K)] 224256K(502464K), 0,0008291 secs] [Times: user=0,01 sys=0,00, real=0,00 secs] 
2017-07-31T15:58:20.646+0200: 15251,050: Total time for which application threads were stopped: 0,0009357 seconds, Stopping threads took: 0,0000294 seconds
2017-07-31T15:58:20.646+0200: 15251,050: [CMS-concurrent-mark-start]
2017-07-31T15:58:20.665+0200: 15251,069: [CMS-concurrent-mark: 0,019/0,019 secs] [Times: user=0,11 sys=0,00, real=0,02 secs] 
2017-07-31T15:58:20.665+0200: 15251,069: [CMS-concurrent-preclean-start]
2017-07-31T15:58:20.666+0200: 15251,070: [CMS-concurrent-preclean: 0,001/0,001 secs] [Times: user=0,00 sys=0,01, real=0,00 secs] 
2017-07-31T15:58:20.666+0200: 15251,070: [CMS-concurrent-abortable-preclean-start]
2017-07-31T15:58:20.745+0200: 15251,149: Total time for which application threads were stopped: 0,0002274 seconds, Stopping threads took: 0,0000366 seconds
2017-07-31T15:58:20.745+0200: 15251,150: Total time for which application threads were stopped: 0,0000793 seconds, Stopping threads took: 0,0000228 seconds
2017-07-31T15:58:20.751+0200: 15251,156: Total time for which application threads were stopped: 0,0001454 seconds, Stopping threads took: 0,0000357 seconds
2017-07-31T15:58:20.751+0200: 15251,156: [CMS-concurrent-abortable-preclean: 0,007/0,085 secs] [Times: user=0,13 sys=0,00, real=0,08 secs] 
2017-07-31T15:58:20.751+0200: 15251,156: Total time for which application threads were stopped: 0,0000869 seconds, Stopping threads took: 0,0000139 seconds
2017-07-31T15:58:20.752+0200: 15251,156: [GC (CMS Final Remark) [YG occupancy: 77015 K (109248 K)]{Heap before GC invocations=38 (full 3):
 par new generation   total 109248K, used 77015K [0x00000000e0000000, 0x00000000e8000000, 0x00000000e8000000)
  eden space 87424K,  63% used [0x00000000e0000000, 0x00000000e35e5d10, 0x00000000e5560000)
  from space 21824K, 100% used [0x00000000e5560000, 0x00000000e6ab0000, 0x00000000e6ab0000)
  to   space 21824K,   0% used [0x00000000e6ab0000, 0x00000000e6ab0000, 0x00000000e8000000)
 concurrent mark-sweep generation total 393216K, used 202194K [0x00000000e8000000, 0x0000000100000000, 0x0000000100000000)
 Metaspace       used 32100K, capacity 32552K, committed 33220K, reserved 1079296K
  class space    used 3565K, capacity 3704K, committed 3836K, reserved 1048576K
2017-07-31T15:58:20.752+0200: 15251,156: [GC (CMS Final Remark) 2017-07-31T15:58:20.752+0200: 15251,156: [ParNew
Desired survivor size 20112992 bytes, new threshold 8 (max 8)
- age   1:     884664 bytes,     884664 total
- age   2:   11100176 bytes,   11984840 total
- age   3:    6026120 bytes,   18010960 total
: 77015K->21824K(109248K), 0,0057043 secs] 279209K->230043K(502464K), 0,0057603 secs] [Times: user=0,02 sys=0,00, real=0,01 secs] 
Heap after GC invocations=39 (full 3):
 par new generation   total 109248K, used 21824K [0x00000000e0000000, 0x00000000e8000000, 0x00000000e8000000)
  eden space 87424K,   0% used [0x00000000e0000000, 0x00000000e0000000, 0x00000000e5560000)
  from space 21824K, 100% used [0x00000000e6ab0000, 0x00000000e8000000, 0x00000000e8000000)
  to   space 21824K,   0% used [0x00000000e5560000, 0x00000000e5560000, 0x00000000e6ab0000)
 concurrent mark-sweep generation total 393216K, used 208219K [0x00000000e8000000, 0x0000000100000000, 0x0000000100000000)
 Metaspace       used 32100K, capacity 32552K, committed 33220K, reserved 1079296K
  class space    used 3565K, capacity 3704K, committed 3836K, reserved 1048576K
}
2017-07-31T15:58:20.758+0200: 15251,162: [Rescan (parallel) , 0,0009463 secs]2017-07-31T15:58:20.759+0200: 15251,163: [weak refs processing, 0,0003038 secs]2017-07-31T15:58:20.759+0200: 15251,163: [class unloading, 0,0046625 secs]2017-07-31T15:58:20.763+0200: 15251,168: [scrub symbol table, 0,0026215 secs]2017-07-31T15:58:20.766+0200: 15251,171: [scrub string table, 0,0004472 secs][1 CMS-remark: 208219K(393216K)] 230043K(502464K), 0,0149850 secs] [Times: user=0,03 sys=0,00, real=0,02 secs] 
2017-07-31T15:58:20.767+0200: 15251,171: Total time for which application threads were stopped: 0,0151189 seconds, Stopping threads took: 0,0000457 seconds
2017-07-31T15:58:20.767+0200: 15251,171: [CMS-concurrent-sweep-start]
2017-07-31T15:58:20.782+0200: 15251,187: [CMS-concurrent-sweep: 0,016/0,016 secs] [Times: user=0,05 sys=0,00, real=0,02 secs] 
2017-07-31T15:58:20.782+0200: 15251,187: [CMS-concurrent-reset-start]
2017-07-31T15:58:20.783+0200: 15251,187: [CMS-concurrent-reset: 0,000/0,000 secs] [Times: user=0,00 sys=0,00, real=0,00 secs] 
{Heap before GC invocations=39 (full 3):
 par new generation   total 109248K, used 109248K [0x00000000e0000000, 0x00000000e8000000, 0x00000000e8000000)
  eden space 87424K, 100% used [0x00000000e0000000, 0x00000000e5560000, 0x00000000e5560000)
  from space 21824K, 100% used [0x00000000e6ab0000, 0x00000000e8000000, 0x00000000e8000000)
  to   space 21824K,   0% used [0x00000000e5560000, 0x00000000e5560000, 0x00000000e6ab0000)
 concurrent mark-sweep generation total 393216K, used 176975K [0x00000000e8000000, 0x0000000100000000, 0x0000000100000000)
 Metaspace       used 32100K, capacity 32552K, committed 33220K, reserved 1079296K
  class space    used 3565K, capacity 3704K, committed 3836K, reserved 1048576K
2017-07-31T15:58:20.952+0200: 15251,357: [GC (Allocation Failure) 2017-07-31T15:58:20.952+0200: 15251,357: [ParNew
Desired survivor size 20112992 bytes, new threshold 4 (max 8)
- age   1:    4424016 bytes,    4424016 total
- age   2:     179232 bytes,    4603248 total
- age   3:   11030008 bytes,   15633256 total
- age   4:    6003128 bytes,   21636384 total
: 109248K->21824K(109248K), 0,0044399 secs] 286223K->198809K(502464K), 0,0045120 secs] [Times: user=0,03 sys=0,00, real=0,00 secs] 
Heap after GC invocations=40 (full 3):
 par new generation   total 109248K, used 21824K [0x00000000e0000000, 0x00000000e8000000, 0x00000000e8000000)
  eden space 87424K,   0% used [0x00000000e0000000, 0x00000000e0000000, 0x00000000e5560000)
  from space 21824K, 100% used [0x00000000e5560000, 0x00000000e6ab0000, 0x00000000e6ab0000)
  to   space 21824K,   0% used [0x00000000e6ab0000, 0x00000000e6ab0000, 0x00000000e8000000)
 concurrent mark-sweep generation total 393216K, used 176985K [0x00000000e8000000, 0x0000000100000000, 0x0000000100000000)
 Metaspace       used 32100K, capacity 32552K, committed 33220K, reserved 1079296K
  class space    used 3565K, capacity 3704K, committed 3836K, reserved 1048576K
}
2017-07-31T15:58:20.957+0200: 15251,361: Total time for which application threads were stopped: 0,0047810 seconds, Stopping threads took: 0,0000457 seconds
{Heap before GC invocations=40 (full 3):
 par new generation   total 109248K, used 109248K [0x00000000e0000000, 0x00000000e8000000, 0x00000000e8000000)
  eden space 87424K, 100% used [0x00000000e0000000, 0x00000000e5560000, 0x00000000e5560000)
  from space 21824K, 100% used [0x00000000e5560000, 0x00000000e6ab0000, 0x00000000e6ab0000)
  to   space 21824K,   0% used [0x00000000e6ab0000, 0x00000000e6ab0000, 0x00000000e8000000)
 concurrent mark-sweep generation total 393216K, used 176985K [0x00000000e8000000, 0x0000000100000000, 0x0000000100000000)
 Metaspace       used 32100K, capacity 32552K, committed 33220K, reserved 1079296K
  class space    used 3565K, capacity 3704K, committed 3836K, reserved 1048576K
2017-07-31T15:58:21.131+0200: 15251,536: [GC (Allocation Failure) 2017-07-31T15:58:21.131+0200: 15251,536: [ParNew
Desired survivor size 20112992 bytes, new threshold 8 (max 8)
- age   1:    5933344 bytes,    5933344 total
- age   2:    2465816 bytes,    8399160 total
- age   3:     178744 bytes,    8577904 total
- age   4:   11007144 bytes,   19585048 total
: 109248K->21824K(109248K), 0,0051213 secs] 286233K->203913K(502464K), 0,0051764 secs] [Times: user=0,01 sys=0,00, real=0,01 secs] 
Heap after GC invocations=41 (full 3):
 par new generation   total 109248K, used 21824K [0x00000000e0000000, 0x00000000e8000000, 0x00000000e8000000)
  eden space 87424K,   0% used [0x00000000e0000000, 0x00000000e0000000, 0x00000000e5560000)
  from space 21824K, 100% used [0x00000000e6ab0000, 0x00000000e8000000, 0x00000000e8000000)
  to   space 21824K,   0% used [0x00000000e5560000, 0x00000000e5560000, 0x00000000e6ab0000)
 concurrent mark-sweep generation total 393216K, used 182089K [0x00000000e8000000, 0x0000000100000000, 0x0000000100000000)
 Metaspace       used 32100K, capacity 32552K, committed 33220K, reserved 1079296K
  class space    used 3565K, capacity 3704K, committed 3836K, reserved 1048576K
}
2017-07-31T15:58:21.137+0200: 15251,541: Total time for which application threads were stopped: 0,0053512 seconds, Stopping threads took: 0,0000379 seconds
{Heap before GC invocations=41 (full 3):
 par new generation   total 109248K, used 109248K [0x00000000e0000000, 0x00000000e8000000, 0x00000000e8000000)
  eden space 87424K, 100% used [0x00000000e0000000, 0x00000000e5560000, 0x00000000e5560000)
  from space 21824K, 100% used [0x00000000e6ab0000, 0x00000000e8000000, 0x00000000e8000000)
  to   space 21824K,   0% used [0x00000000e5560000, 0x00000000e5560000, 0x00000000e6ab0000)
 concurrent mark-sweep generation total 393216K, used 182089K [0x00000000e8000000, 0x0000000100000000, 0x0000000100000000)
 Metaspace       used 32101K, capacity 32552K, committed 33220K, reserved 1079296K
  class space    used 3565K, capacity 3704K, committed 3836K, reserved 1048576K
2017-07-31T15:58:21.290+0200: 15251,694: [GC (Allocation Failure) 2017-07-31T15:58:21.290+0200: 15251,694: [ParNew
Desired survivor size 20112992 bytes, new threshold 5 (max 8)
- age   1:    4092544 bytes,    4092544 total
- age   2:    2419472 bytes,    6512016 total
- age   3:    2422432 bytes,    8934448 total
- age   4:     144536 bytes,    9078984 total
- age   5:   12384048 bytes,   21463032 total
: 109248K->21824K(109248K), 0,0046291 secs] 291337K->204620K(502464K), 0,0046894 secs] [Times: user=0,02 sys=0,01, real=0,01 secs] 
Heap after GC invocations=42 (full 3):
 par new generation   total 109248K, used 21824K [0x00000000e0000000, 0x00000000e8000000, 0x00000000e8000000)
  eden space 87424K,   0% used [0x00000000e0000000, 0x00000000e0000000, 0x00000000e5560000)
  from space 21824K, 100% used [0x00000000e5560000, 0x00000000e6ab0000, 0x00000000e6ab0000)
  to   space 21824K,   0% used [0x00000000e6ab0000, 0x00000000e6ab0000, 0x00000000e8000000)
 concurrent mark-sweep generation total 393216K, used 182796K [0x00000000e8000000, 0x0000000100000000, 0x0000000100000000)
 Metaspace       used 32101K, capacity 32552K, committed 33220K, reserved 1079296K
  class space    used 3565K, capacity 3704K, committed 3836K, reserved 1048576K
}
2017-07-31T15:58:21.294+0200: 15251,699: Total time for which application threads were stopped: 0,0048755 seconds, Stopping threads took: 0,0000499 seconds
{Heap before GC invocations=42 (full 3):
 par new generation   total 109248K, used 109248K [0x00000000e0000000, 0x00000000e8000000, 0x00000000e8000000)
  eden space 87424K, 100% used [0x00000000e0000000, 0x00000000e5560000, 0x00000000e5560000)
  from space 21824K, 100% used [0x00000000e5560000, 0x00000000e6ab0000, 0x00000000e6ab0000)
  to   space 21824K,   0% used [0x00000000e6ab0000, 0x00000000e6ab0000, 0x00000000e8000000)
 concurrent mark-sweep generation total 393216K, used 182796K [0x00000000e8000000, 0x0000000100000000, 0x0000000100000000)
 Metaspace       used 32101K, capacity 32552K, committed 33220K, reserved 1079296K
  class space    used 3565K, capacity 3704K, committed 3836K, reserved 1048576K
2017-07-31T15:58:21.446+0200: 15251,850: [GC (Allocation Failure) 2017-07-31T15:58:21.446+0200: 15251,850: [ParNew
Desired survivor size 20112992 bytes, new threshold 8 (max 8)
- age   1:    1936672 bytes,    1936672 total
- age   2:    3937720 bytes,    5874392 total
- age   3:    2419368 bytes,    8293760 total
- age   4:    2406032 bytes,   10699792 total
- age   5:     144536 bytes,   10844328 total
: 109248K->18975K(109248K), 0,0056750 secs] 292044K->212524K(502464K), 0,0057311 secs] [Times: user=0,02 sys=0,00, real=0,00 secs] 
Heap after GC invocations=43 (full 3):
 par new generation   total 109248K, used 18975K [0x00000000e0000000, 0x00000000e8000000, 0x00000000e8000000)
  eden space 87424K,   0% used [0x00000000e0000000, 0x00000000e0000000, 0x00000000e5560000)
  from space 21824K,  86% used [0x00000000e6ab0000, 0x00000000e7d37f80, 0x00000000e8000000)
  to   space 21824K,   0% used [0x00000000e5560000, 0x00000000e5560000, 0x00000000e6ab0000)
 concurrent mark-sweep generation total 393216K, used 193548K [0x00000000e8000000, 0x0000000100000000, 0x0000000100000000)
 Metaspace       used 32101K, capacity 32552K, committed 33220K, reserved 1079296K
  class space    used 3565K, capacity 3704K, committed 3836K, reserved 1048576K
}
2017-07-31T15:58:21.451+0200: 15251,856: Total time for which application threads were stopped: 0,0059051 seconds, Stopping threads took: 0,0000398 seconds
{Heap before GC invocations=43 (full 3):
 par new generation   total 109248K, used 106399K [0x00000000e0000000, 0x00000000e8000000, 0x00000000e8000000)
  eden space 87424K, 100% used [0x00000000e0000000, 0x00000000e5560000, 0x00000000e5560000)
  from space 21824K,  86% used [0x00000000e6ab0000, 0x00000000e7d37f80, 0x00000000e8000000)
  to   space 21824K,   0% used [0x00000000e5560000, 0x00000000e5560000, 0x00000000e6ab0000)
 concurrent mark-sweep generation total 393216K, used 193548K [0x00000000e8000000, 0x0000000100000000, 0x0000000100000000)
 Metaspace       used 32103K, capacity 32552K, committed 33220K, reserved 1079296K
  class space    used 3565K, capacity 3704K, committed 3836K, reserved 1048576K
2017-07-31T15:58:21.647+0200: 15252,052: [GC (Allocation Failure) 2017-07-31T15:58:21.647+0200: 15252,052: [ParNew
Desired survivor size 20112992 bytes, new threshold 8 (max 8)
- age   1:    4264968 bytes,    4264968 total
- age   2:    1759552 bytes,    6024520 total
- age   3:    1111352 bytes,    7135872 total
- age   4:    2419368 bytes,    9555240 total
- age   5:    2406032 bytes,   11961272 total
- age   6:     144536 bytes,   12105808 total
: 106399K->15499K(109248K), 0,0037073 secs] 299948K->209047K(502464K), 0,0037665 secs] [Times: user=0,01 sys=0,00, real=0,00 secs] 
Heap after GC invocations=44 (full 3):
 par new generation   total 109248K, used 15499K [0x00000000e0000000, 0x00000000e8000000, 0x00000000e8000000)
  eden space 87424K,   0% used [0x00000000e0000000, 0x00000000e0000000, 0x00000000e5560000)
  from space 21824K,  71% used [0x00000000e5560000, 0x00000000e6482d50, 0x00000000e6ab0000)
  to   space 21824K,   0% used [0x00000000e6ab0000, 0x00000000e6ab0000, 0x00000000e8000000)
 concurrent mark-sweep generation total 393216K, used 193548K [0x00000000e8000000, 0x0000000100000000, 0x0000000100000000)
 Metaspace       used 32103K, capacity 32552K, committed 33220K, reserved 1079296K
  class space    used 3565K, capacity 3704K, committed 3836K, reserved 1048576K
}
2017-07-31T15:58:21.651+0200: 15252,055: Total time for which application threads were stopped: 0,0039528 seconds, Stopping threads took: 0,0000383 seconds
{Heap before GC invocations=44 (full 3):
 par new generation   total 109248K, used 102923K [0x00000000e0000000, 0x00000000e8000000, 0x00000000e8000000)
  eden space 87424K, 100% used [0x00000000e0000000, 0x00000000e5560000, 0x00000000e5560000)
  from space 21824K,  71% used [0x00000000e5560000, 0x00000000e6482d50, 0x00000000e6ab0000)
  to   space 21824K,   0% used [0x00000000e6ab0000, 0x00000000e6ab0000, 0x00000000e8000000)
 concurrent mark-sweep generation total 393216K, used 193548K [0x00000000e8000000, 0x0000000100000000, 0x0000000100000000)
 Metaspace       used 32103K, capacity 32552K, committed 33220K, reserved 1079296K
  class space    used 3565K, capacity 3704K, committed 3836K, reserved 1048576K
2017-07-31T15:58:21.846+0200: 15252,250: [GC (Allocation Failure) 2017-07-31T15:58:21.846+0200: 15252,250: [ParNew
Desired survivor size 20112992 bytes, new threshold 8 (max 8)
- age   1:    2513816 bytes,    2513816 total
- age   2:    3890920 bytes,    6404736 total
- age   3:    1725352 bytes,    8130088 total
- age   4:    1084792 bytes,    9214880 total
- age   5:    2388496 bytes,   11603376 total
- age   6:    2389896 bytes,   13993272 total
- age   7:     144608 bytes,   14137880 total
: 102923K->16738K(109248K), 0,0038795 secs] 296471K->210287K(502464K), 0,0039462 secs] [Times: user=0,01 sys=0,00, real=0,00 secs] 
Heap after GC invocations=45 (full 3):
 par new generation   total 109248K, used 16738K [0x00000000e0000000, 0x00000000e8000000, 0x00000000e8000000)
  eden space 87424K,   0% used [0x00000000e0000000, 0x00000000e0000000, 0x00000000e5560000)
  from space 21824K,  76% used [0x00000000e6ab0000, 0x00000000e7b08b18, 0x00000000e8000000)
  to   space 21824K,   0% used [0x00000000e5560000, 0x00000000e5560000, 0x00000000e6ab0000)
 concurrent mark-sweep generation total 393216K, used 193548K [0x00000000e8000000, 0x0000000100000000, 0x0000000100000000)
 Metaspace       used 32103K, capacity 32552K, committed 33220K, reserved 1079296K
  class space    used 3565K, capacity 3704K, committed 3836K, reserved 1048576K
}
2017-07-31T15:58:21.850+0200: 15252,254: Total time for which application threads were stopped: 0,0041218 seconds, Stopping threads took: 0,0000341 seconds
2017-07-31T15:58:22.850+0200: 15253,255: Total time for which application threads were stopped: 0,0001745 seconds, Stopping threads took: 0,0000392 seconds
{Heap before GC invocations=45 (full 3):
 par new generation   total 109248K, used 104120K [0x00000000e0000000, 0x00000000e8000000, 0x00000000e8000000)
  eden space 87424K,  99% used [0x00000000e0000000, 0x00000000e5555748, 0x00000000e5560000)
  from space 21824K,  76% used [0x00000000e6ab0000, 0x00000000e7b08b18, 0x00000000e8000000)
  to   space 21824K,   0% used [0x00000000e5560000, 0x00000000e5560000, 0x00000000e6ab0000)
 concurrent mark-sweep generation total 393216K, used 193548K [0x00000000e8000000, 0x0000000100000000, 0x0000000100000000)
 Metaspace       used 32117K, capacity 32552K, committed 33220K, reserved 1079296K
  class space    used 3565K, capacity 3704K, committed 3836K, reserved 1048576K
2017-07-31T15:58:22.995+0200: 15253,400: [GC (Allocation Failure) 2017-07-31T15:58:22.995+0200: 15253,400: [ParNew
Desired survivor size 20112992 bytes, new threshold 7 (max 8)
- age   1:   13680592 bytes,   13680592 total
- age   2:    1223168 bytes,   14903760 total
- age   3:     826112 bytes,   15729872 total
- age   4:    1659200 bytes,   17389072 total
- age   5:    1035208 bytes,   18424280 total
- age   6:    1298248 bytes,   19722528 total
- age   7:    2389632 bytes,   22112160 total
- age   8:     144536 bytes,   22256696 total
: 104120K->21824K(109248K), 0,0075857 secs] 297669K->222419K(502464K), 0,0076909 secs] [Times: user=0,02 sys=0,00, real=0,01 secs] 
Heap after GC invocations=46 (full 3):
 par new generation   total 109248K, used 21824K [0x00000000e0000000, 0x00000000e8000000, 0x00000000e8000000)
  eden space 87424K,   0% used [0x00000000e0000000, 0x00000000e0000000, 0x00000000e5560000)
  from space 21824K, 100% used [0x00000000e5560000, 0x00000000e6ab0000, 0x00000000e6ab0000)
  to   space 21824K,   0% used [0x00000000e6ab0000, 0x00000000e6ab0000, 0x00000000e8000000)
 concurrent mark-sweep generation total 393216K, used 200595K [0x00000000e8000000, 0x0000000100000000, 0x0000000100000000)
 Metaspace       used 32117K, capacity 32552K, committed 33220K, reserved 1079296K
  class space    used 3565K, capacity 3704K, committed 3836K, reserved 1048576K
}
2017-07-31T15:58:23.003+0200: 15253,408: Total time for which application threads were stopped: 0,0079457 seconds, Stopping threads took: 0,0000305 seconds
2017-07-31T15:58:23.003+0200: 15253,408: [GC (CMS Initial Mark) [1 CMS-initial-mark: 200595K(393216K)] 223326K(502464K), 0,0010107 secs] [Times: user=0,00 sys=0,00, real=0,00 secs] 
2017-07-31T15:58:23.005+0200: 15253,409: Total time for which application threads were stopped: 0,0013179 seconds, Stopping threads took: 0,0001743 seconds
2017-07-31T15:58:23.005+0200: 15253,409: [CMS-concurrent-mark-start]
2017-07-31T15:58:23.019+0200: 15253,424: [CMS-concurrent-mark: 0,015/0,015 secs] [Times: user=0,07 sys=0,00, real=0,01 secs] 
2017-07-31T15:58:23.019+0200: 15253,424: [CMS-concurrent-preclean-start]
2017-07-31T15:58:23.020+0200: 15253,425: [CMS-concurrent-preclean: 0,001/0,001 secs] [Times: user=0,01 sys=0,00, real=0,01 secs] 
2017-07-31T15:58:23.020+0200: 15253,425: [CMS-concurrent-abortable-preclean-start]
2017-07-31T15:58:23.232+0200: 15253,636: [CMS-concurrent-abortable-preclean: 0,011/0,211 secs] [Times: user=0,22 sys=0,00, real=0,20 secs] 
2017-07-31T15:58:23.232+0200: 15253,636: [GC (CMS Final Remark) [YG occupancy: 107057 K (109248 K)]{Heap before GC invocations=46 (full 4):
 par new generation   total 109248K, used 107057K [0x00000000e0000000, 0x00000000e8000000, 0x00000000e8000000)
  eden space 87424K,  97% used [0x00000000e0000000, 0x00000000e533c530, 0x00000000e5560000)
  from space 21824K, 100% used [0x00000000e5560000, 0x00000000e6ab0000, 0x00000000e6ab0000)
  to   space 21824K,   0% used [0x00000000e6ab0000, 0x00000000e6ab0000, 0x00000000e8000000)
 concurrent mark-sweep generation total 393216K, used 200595K [0x00000000e8000000, 0x0000000100000000, 0x0000000100000000)
 Metaspace       used 32117K, capacity 32552K, committed 33220K, reserved 1079296K
  class space    used 3565K, capacity 3704K, committed 3836K, reserved 1048576K
2017-07-31T15:58:23.232+0200: 15253,636: [GC (CMS Final Remark) 2017-07-31T15:58:23.232+0200: 15253,636: [ParNew
Desired survivor size 20112992 bytes, new threshold 5 (max 8)
- age   1:   15632656 bytes,   15632656 total
- age   2:    1520000 bytes,   17152656 total
- age   3:     645048 bytes,   17797704 total
- age   4:     696048 bytes,   18493752 total
- age   5:    1659248 bytes,   20153000 total
- age   6:     983376 bytes,   21136376 total
- age   7:    1103816 bytes,   22240192 total
: 107057K->21824K(109248K), 0,0094621 secs] 307652K->240678K(502464K), 0,0095305 secs] [Times: user=0,03 sys=0,00, real=0,02 secs] 
Heap after GC invocations=47 (full 4):
 par new generation   total 109248K, used 21824K [0x00000000e0000000, 0x00000000e8000000, 0x00000000e8000000)
  eden space 87424K,   0% used [0x00000000e0000000, 0x00000000e0000000, 0x00000000e5560000)
  from space 21824K, 100% used [0x00000000e6ab0000, 0x00000000e8000000, 0x00000000e8000000)
  to   space 21824K,   0% used [0x00000000e5560000, 0x00000000e5560000, 0x00000000e6ab0000)
 concurrent mark-sweep generation total 393216K, used 218854K [0x00000000e8000000, 0x0000000100000000, 0x0000000100000000)
 Metaspace       used 32117K, capacity 32552K, committed 33220K, reserved 1079296K
  class space    used 3565K, capacity 3704K, committed 3836K, reserved 1048576K
}
2017-07-31T15:58:23.241+0200: 15253,646: [Rescan (parallel) , 0,0008179 secs]2017-07-31T15:58:23.242+0200: 15253,647: [weak refs processing, 0,0006584 secs]2017-07-31T15:58:23.243+0200: 15253,647: [class unloading, 0,0046850 secs]2017-07-31T15:58:23.248+0200: 15253,652: [scrub symbol table, 0,0026066 secs]2017-07-31T15:58:23.250+0200: 15253,655: [scrub string table, 0,0004484 secs][1 CMS-remark: 218854K(393216K)] 240678K(502464K), 0,0189468 secs] [Times: user=0,04 sys=0,00, real=0,02 secs] 
2017-07-31T15:58:23.251+0200: 15253,655: Total time for which application threads were stopped: 0,0190811 seconds, Stopping threads took: 0,0000299 seconds
2017-07-31T15:58:23.251+0200: 15253,655: [CMS-concurrent-sweep-start]
2017-07-31T15:58:23.268+0200: 15253,673: [CMS-concurrent-sweep: 0,017/0,017 secs] [Times: user=0,04 sys=0,00, real=0,02 secs] 
2017-07-31T15:58:23.268+0200: 15253,673: [CMS-concurrent-reset-start]
2017-07-31T15:58:23.269+0200: 15253,673: [CMS-concurrent-reset: 0,000/0,000 secs] [Times: user=0,00 sys=0,00, real=0,00 secs] 
{Heap before GC invocations=47 (full 4):
 par new generation   total 109248K, used 109248K [0x00000000e0000000, 0x00000000e8000000, 0x00000000e8000000)
  eden space 87424K, 100% used [0x00000000e0000000, 0x00000000e5560000, 0x00000000e5560000)
  from space 21824K, 100% used [0x00000000e6ab0000, 0x00000000e8000000, 0x00000000e8000000)
  to   space 21824K,   0% used [0x00000000e5560000, 0x00000000e5560000, 0x00000000e6ab0000)
 concurrent mark-sweep generation total 393216K, used 215353K [0x00000000e8000000, 0x0000000100000000, 0x0000000100000000)
 Metaspace       used 32118K, capacity 32552K, committed 33220K, reserved 1079296K
  class space    used 3565K, capacity 3704K, committed 3836K, reserved 1048576K
2017-07-31T15:58:23.995+0200: 15254,400: [GC (Allocation Failure) 2017-07-31T15:58:23.995+0200: 15254,400: [ParNew
Desired survivor size 20112992 bytes, new threshold 3 (max 8)
- age   1:   19306768 bytes,   19306768 total
- age   2:     346704 bytes,   19653472 total
- age   3:     986784 bytes,   20640256 total
- age   4:     572320 bytes,   21212576 total
- age   5:     689400 bytes,   21901976 total
: 109248K->21824K(109248K), 0,0128553 secs] 324601K->258503K(502464K), 0,0129688 secs] [Times: user=0,04 sys=0,00, real=0,01 secs] 
Heap after GC invocations=48 (full 4):
 par new generation   total 109248K, used 21824K [0x00000000e0000000, 0x00000000e8000000, 0x00000000e8000000)
  eden space 87424K,   0% used [0x00000000e0000000, 0x00000000e0000000, 0x00000000e5560000)
  from space 21824K, 100% used [0x00000000e5560000, 0x00000000e6ab0000, 0x00000000e6ab0000)
  to   space 21824K,   0% used [0x00000000e6ab0000, 0x00000000e6ab0000, 0x00000000e8000000)
 concurrent mark-sweep generation total 393216K, used 236679K [0x00000000e8000000, 0x0000000100000000, 0x0000000100000000)
 Metaspace       used 32118K, capacity 32552K, committed 33220K, reserved 1079296K
  class space    used 3565K, capacity 3704K, committed 3836K, reserved 1048576K
}
2017-07-31T15:58:24.008+0200: 15254,413: Total time for which application threads were stopped: 0,0132159 seconds, Stopping threads took: 0,0000245 seconds
2017-07-31T15:58:24.008+0200: 15254,413: [GC (CMS Initial Mark) [1 CMS-initial-mark: 236679K(393216K)] 259015K(502464K), 0,0010796 secs] [Times: user=0,01 sys=0,00, real=0,00 secs] 
2017-07-31T15:58:24.010+0200: 15254,414: Total time for which application threads were stopped: 0,0012264 seconds, Stopping threads took: 0,0000347 seconds
2017-07-31T15:58:24.010+0200: 15254,414: [CMS-concurrent-mark-start]
2017-07-31T15:58:24.024+0200: 15254,429: [CMS-concurrent-mark: 0,015/0,015 secs] [Times: user=0,07 sys=0,00, real=0,02 secs] 
2017-07-31T15:58:24.024+0200: 15254,429: [CMS-concurrent-preclean-start]
2017-07-31T15:58:24.025+0200: 15254,430: [CMS-concurrent-preclean: 0,001/0,001 secs] [Times: user=0,00 sys=0,00, real=0,00 secs] 
2017-07-31T15:58:24.025+0200: 15254,430: [GC (CMS Final Remark) [YG occupancy: 22744 K (109248 K)]{Heap before GC invocations=48 (full 5):
 par new generation   total 109248K, used 22744K [0x00000000e0000000, 0x00000000e8000000, 0x00000000e8000000)
  eden space 87424K,   1% used [0x00000000e0000000, 0x00000000e00e6168, 0x00000000e5560000)
  from space 21824K, 100% used [0x00000000e5560000, 0x00000000e6ab0000, 0x00000000e6ab0000)
  to   space 21824K,   0% used [0x00000000e6ab0000, 0x00000000e6ab0000, 0x00000000e8000000)
 concurrent mark-sweep generation total 393216K, used 236679K [0x00000000e8000000, 0x0000000100000000, 0x0000000100000000)
 Metaspace       used 32118K, capacity 32552K, committed 33220K, reserved 1079296K
  class space    used 3565K, capacity 3704K, committed 3836K, reserved 1048576K
2017-07-31T15:58:24.026+0200: 15254,430: [GC (CMS Final Remark) 2017-07-31T15:58:24.026+0200: 15254,430: [ParNew
Desired survivor size 20112992 bytes, new threshold 8 (max 8)
- age   1:     509208 bytes,     509208 total
- age   2:   17375288 bytes,   17884496 total
- age   3:     346752 bytes,   18231248 total
: 22744K->21824K(109248K), 0,0045788 secs] 259423K->261286K(502464K), 0,0046246 secs] [Times: user=0,02 sys=0,00, real=0,00 secs] 
Heap after GC invocations=49 (full 5):
 par new generation   total 109248K, used 21824K [0x00000000e0000000, 0x00000000e8000000, 0x00000000e8000000)
  eden space 87424K,   0% used [0x00000000e0000000, 0x00000000e0000000, 0x00000000e5560000)
  from space 21824K, 100% used [0x00000000e6ab0000, 0x00000000e8000000, 0x00000000e8000000)
  to   space 21824K,   0% used [0x00000000e5560000, 0x00000000e5560000, 0x00000000e6ab0000)
 concurrent mark-sweep generation total 393216K, used 239462K [0x00000000e8000000, 0x0000000100000000, 0x0000000100000000)
 Metaspace       used 32118K, capacity 32552K, committed 33220K, reserved 1079296K
  class space    used 3565K, capacity 3704K, committed 3836K, reserved 1048576K
}
2017-07-31T15:58:24.030+0200: 15254,435: [Rescan (parallel) , 0,0007812 secs]2017-07-31T15:58:24.031+0200: 15254,435: [weak refs processing, 0,0002552 secs]2017-07-31T15:58:24.031+0200: 15254,436: [class unloading, 0,0046847 secs]2017-07-31T15:58:24.036+0200: 15254,440: [scrub symbol table, 0,0025992 secs]2017-07-31T15:58:24.039+0200: 15254,443: [scrub string table, 0,0004481 secs][1 CMS-remark: 239462K(393216K)] 261286K(502464K), 0,0135759 secs] [Times: user=0,03 sys=0,00, real=0,01 secs] 
2017-07-31T15:58:24.039+0200: 15254,444: Total time for which application threads were stopped: 0,0137063 seconds, Stopping threads took: 0,0000380 seconds
2017-07-31T15:58:24.039+0200: 15254,444: [CMS-concurrent-sweep-start]
2017-07-31T15:58:24.055+0200: 15254,460: [CMS-concurrent-sweep: 0,016/0,016 secs] [Times: user=0,03 sys=0,00, real=0,02 secs] 
2017-07-31T15:58:24.055+0200: 15254,460: [CMS-concurrent-reset-start]
2017-07-31T15:58:24.056+0200: 15254,460: [CMS-concurrent-reset: 0,000/0,000 secs] [Times: user=0,00 sys=0,00, real=0,00 secs] 
2017-07-31T15:58:25.039+0200: 15255,444: Total time for which application threads were stopped: 0,0000973 seconds, Stopping threads took: 0,0000197 seconds
{Heap before GC invocations=49 (full 5):
 par new generation   total 109248K, used 107622K [0x00000000e0000000, 0x00000000e8000000, 0x00000000e8000000)
  eden space 87424K,  98% used [0x00000000e0000000, 0x00000000e53c9b48, 0x00000000e5560000)
  from space 21824K, 100% used [0x00000000e6ab0000, 0x00000000e8000000, 0x00000000e8000000)
  to   space 21824K,   0% used [0x00000000e5560000, 0x00000000e5560000, 0x00000000e6ab0000)
 concurrent mark-sweep generation total 393216K, used 146855K [0x00000000e8000000, 0x0000000100000000, 0x0000000100000000)
 Metaspace       used 32121K, capacity 32552K, committed 33220K, reserved 1079296K
  class space    used 3565K, capacity 3704K, committed 3836K, reserved 1048576K
2017-07-31T15:58:25.560+0200: 15255,964: [GC (Allocation Failure) 2017-07-31T15:58:25.560+0200: 15255,964: [ParNew
Desired survivor size 20112992 bytes, new threshold 3 (max 8)
- age   1:   19470576 bytes,   19470576 total
- age   2:      67856 bytes,   19538432 total
- age   3:    3872128 bytes,   23410560 total
- age   4:     290376 bytes,   23700936 total
: 107622K->21824K(109248K), 0,0104536 secs] 254478K->187666K(502464K), 0,0105480 secs] [Times: user=0,03 sys=0,00, real=0,01 secs] 
Heap after GC invocations=50 (full 5):
 par new generation   total 109248K, used 21824K [0x00000000e0000000, 0x00000000e8000000, 0x00000000e8000000)
  eden space 87424K,   0% used [0x00000000e0000000, 0x00000000e0000000, 0x00000000e5560000)
  from space 21824K, 100% used [0x00000000e5560000, 0x00000000e6ab0000, 0x00000000e6ab0000)
  to   space 21824K,   0% used [0x00000000e6ab0000, 0x00000000e6ab0000, 0x00000000e8000000)
 concurrent mark-sweep generation total 393216K, used 165842K [0x00000000e8000000, 0x0000000100000000, 0x0000000100000000)
 Metaspace       used 32121K, capacity 32552K, committed 33220K, reserved 1079296K
  class space    used 3565K, capacity 3704K, committed 3836K, reserved 1048576K
}
2017-07-31T15:58:25.570+0200: 15255,975: Total time for which application threads were stopped: 0,0107963 seconds, Stopping threads took: 0,0000233 seconds
{Heap before GC invocations=50 (full 5):
 par new generation   total 109248K, used 109248K [0x00000000e0000000, 0x00000000e8000000, 0x00000000e8000000)
  eden space 87424K, 100% used [0x00000000e0000000, 0x00000000e5560000, 0x00000000e5560000)
  from space 21824K, 100% used [0x00000000e5560000, 0x00000000e6ab0000, 0x00000000e6ab0000)
  to   space 21824K,   0% used [0x00000000e6ab0000, 0x00000000e6ab0000, 0x00000000e8000000)
 concurrent mark-sweep generation total 393216K, used 165842K [0x00000000e8000000, 0x0000000100000000, 0x0000000100000000)
 Metaspace       used 32121K, capacity 32552K, committed 33220K, reserved 1079296K
  class space    used 3565K, capacity 3704K, committed 3836K, reserved 1048576K
2017-07-31T15:58:27.023+0200: 15257,427: [GC (Allocation Failure) 2017-07-31T15:58:27.023+0200: 15257,428: [ParNew
Desired survivor size 20112992 bytes, new threshold 1 (max 8)
- age   1:   21293664 bytes,   21293664 total
- age   2:    2063920 bytes,   23357584 total
- age   3:      67856 bytes,   23425440 total
: 109248K->21824K(109248K), 0,0113974 secs] 275090K->208007K(502464K), 0,0115130 secs] [Times: user=0,04 sys=0,00, real=0,01 secs] 
Heap after GC invocations=51 (full 5):
 par new generation   total 109248K, used 21824K [0x00000000e0000000, 0x00000000e8000000, 0x00000000e8000000)
  eden space 87424K,   0% used [0x00000000e0000000, 0x00000000e0000000, 0x00000000e5560000)
  from space 21824K, 100% used [0x00000000e6ab0000, 0x00000000e8000000, 0x00000000e8000000)
  to   space 21824K,   0% used [0x00000000e5560000, 0x00000000e5560000, 0x00000000e6ab0000)
 concurrent mark-sweep generation total 393216K, used 186183K [0x00000000e8000000, 0x0000000100000000, 0x0000000100000000)
 Metaspace       used 32121K, capacity 32552K, committed 33220K, reserved 1079296K
  class space    used 3565K, capacity 3704K, committed 3836K, reserved 1048576K
}
2017-07-31T15:58:27.035+0200: 15257,439: Total time for which application threads were stopped: 0,0117203 seconds, Stopping threads took: 0,0000240 seconds
2017-07-31T15:58:28.035+0200: 15258,439: Total time for which application threads were stopped: 0,0000988 seconds, Stopping threads took: 0,0000224 seconds
2017-07-31T15:58:29.035+0200: 15259,439: Total time for which application threads were stopped: 0,0001181 seconds, Stopping threads took: 0,0000346 seconds
{Heap before GC invocations=51 (full 5):
 par new generation   total 109248K, used 109248K [0x00000000e0000000, 0x00000000e8000000, 0x00000000e8000000)
  eden space 87424K, 100% used [0x00000000e0000000, 0x00000000e5560000, 0x00000000e5560000)
  from space 21824K, 100% used [0x00000000e6ab0000, 0x00000000e8000000, 0x00000000e8000000)
  to   space 21824K,   0% used [0x00000000e5560000, 0x00000000e5560000, 0x00000000e6ab0000)
 concurrent mark-sweep generation total 393216K, used 186183K [0x00000000e8000000, 0x0000000100000000, 0x0000000100000000)
 Metaspace       used 32142K, capacity 32552K, committed 33220K, reserved 1079296K
  class space    used 3565K, capacity 3704K, committed 3836K, reserved 1048576K
2017-07-31T15:58:29.347+0200: 15259,751: [GC (Allocation Failure) 2017-07-31T15:58:29.347+0200: 15259,751: [ParNew
Desired survivor size 20112992 bytes, new threshold 8 (max 8)
- age   1:   15533960 bytes,   15533960 total
: 109248K->21824K(109248K), 0,0102808 secs] 295431K->226936K(502464K), 0,0103599 secs] [Times: user=0,03 sys=0,00, real=0,01 secs] 
Heap after GC invocations=52 (full 5):
 par new generation   total 109248K, used 21824K [0x00000000e0000000, 0x00000000e8000000, 0x00000000e8000000)
  eden space 87424K,   0% used [0x00000000e0000000, 0x00000000e0000000, 0x00000000e5560000)
  from space 21824K, 100% used [0x00000000e5560000, 0x00000000e6ab0000, 0x00000000e6ab0000)
  to   space 21824K,   0% used [0x00000000e6ab0000, 0x00000000e6ab0000, 0x00000000e8000000)
 concurrent mark-sweep generation total 393216K, used 205112K [0x00000000e8000000, 0x0000000100000000, 0x0000000100000000)
 Metaspace       used 32142K, capacity 32552K, committed 33220K, reserved 1079296K
  class space    used 3565K, capacity 3704K, committed 3836K, reserved 1048576K
}
2017-07-31T15:58:29.357+0200: 15259,762: Total time for which application threads were stopped: 0,0105464 seconds, Stopping threads took: 0,0000301 seconds
2017-07-31T15:58:29.357+0200: 15259,762: [GC (CMS Initial Mark) [1 CMS-initial-mark: 205112K(393216K)] 227302K(502464K), 0,0009255 secs] [Times: user=0,01 sys=0,00, real=0,00 secs] 
2017-07-31T15:58:29.358+0200: 15259,763: Total time for which application threads were stopped: 0,0010648 seconds, Stopping threads took: 0,0000408 seconds
2017-07-31T15:58:29.358+0200: 15259,763: [CMS-concurrent-mark-start]
2017-07-31T15:58:29.383+0200: 15259,788: [CMS-concurrent-mark: 0,025/0,025 secs] [Times: user=0,12 sys=0,00, real=0,03 secs] 
2017-07-31T15:58:29.383+0200: 15259,788: [CMS-concurrent-preclean-start]
2017-07-31T15:58:29.384+0200: 15259,789: [CMS-concurrent-preclean: 0,001/0,001 secs] [Times: user=0,00 sys=0,00, real=0,00 secs] 
2017-07-31T15:58:29.384+0200: 15259,789: [GC (CMS Final Remark) [YG occupancy: 22767 K (109248 K)]{Heap before GC invocations=52 (full 6):
 par new generation   total 109248K, used 22767K [0x00000000e0000000, 0x00000000e8000000, 0x00000000e8000000)
  eden space 87424K,   1% used [0x00000000e0000000, 0x00000000e00ebc60, 0x00000000e5560000)
  from space 21824K, 100% used [0x00000000e5560000, 0x00000000e6ab0000, 0x00000000e6ab0000)
  to   space 21824K,   0% used [0x00000000e6ab0000, 0x00000000e6ab0000, 0x00000000e8000000)
 concurrent mark-sweep generation total 393216K, used 205112K [0x00000000e8000000, 0x0000000100000000, 0x0000000100000000)
 Metaspace       used 32142K, capacity 32552K, committed 33220K, reserved 1079296K
  class space    used 3565K, capacity 3704K, committed 3836K, reserved 1048576K
2017-07-31T15:58:29.384+0200: 15259,789: [GC (CMS Final Remark) 2017-07-31T15:58:29.384+0200: 15259,789: [ParNew
Desired survivor size 20112992 bytes, new threshold 8 (max 8)
- age   1:     755616 bytes,     755616 total
- age   2:   15475496 bytes,   16231112 total
: 22767K->19853K(109248K), 0,0040251 secs] 227879K->224965K(502464K), 0,0040727 secs] [Times: user=0,01 sys=0,00, real=0,00 secs] 
Heap after GC invocations=53 (full 6):
 par new generation   total 109248K, used 19853K [0x00000000e0000000, 0x00000000e8000000, 0x00000000e8000000)
  eden space 87424K,   0% used [0x00000000e0000000, 0x00000000e0000000, 0x00000000e5560000)
  from space 21824K,  90% used [0x00000000e6ab0000, 0x00000000e7e13640, 0x00000000e8000000)
  to   space 21824K,   0% used [0x00000000e5560000, 0x00000000e5560000, 0x00000000e6ab0000)
 concurrent mark-sweep generation total 393216K, used 205112K [0x00000000e8000000, 0x0000000100000000, 0x0000000100000000)
 Metaspace       used 32142K, capacity 32552K, committed 33220K, reserved 1079296K
  class space    used 3565K, capacity 3704K, committed 3836K, reserved 1048576K
}
2017-07-31T15:58:29.388+0200: 15259,793: [Rescan (parallel) , 0,0009430 secs]2017-07-31T15:58:29.389+0200: 15259,794: [weak refs processing, 0,0002797 secs]2017-07-31T15:58:29.390+0200: 15259,794: [class unloading, 0,0047767 secs]2017-07-31T15:58:29.394+0200: 15259,799: [scrub symbol table, 0,0026221 secs]2017-07-31T15:58:29.397+0200: 15259,802: [scrub string table, 0,0004543 secs][1 CMS-remark: 205112K(393216K)] 224965K(502464K), 0,0133367 secs] [Times: user=0,03 sys=0,00, real=0,01 secs] 
2017-07-31T15:58:29.398+0200: 15259,802: Total time for which application threads were stopped: 0,0134578 seconds, Stopping threads took: 0,0000346 seconds
2017-07-31T15:58:29.398+0200: 15259,802: [CMS-concurrent-sweep-start]
2017-07-31T15:58:29.414+0200: 15259,818: [CMS-concurrent-sweep: 0,016/0,016 secs] [Times: user=0,02 sys=0,00, real=0,02 secs] 
2017-07-31T15:58:29.414+0200: 15259,819: [CMS-concurrent-reset-start]
2017-07-31T15:58:29.414+0200: 15259,819: [CMS-concurrent-reset: 0,000/0,000 secs] [Times: user=0,01 sys=0,00, real=0,00 secs] 
2017-07-31T15:58:30.277+0200: 15260,682: Total time for which application threads were stopped: 0,0001497 seconds, Stopping threads took: 0,0000303 seconds
2017-07-31T15:58:30.291+0200: 15260,696: Total time for which application threads were stopped: 0,0001415 seconds, Stopping threads took: 0,0000384 seconds
2017-07-31T15:58:30.296+0200: 15260,700: Total time for which application threads were stopped: 0,0001216 seconds, Stopping threads took: 0,0000470 seconds
{Heap before GC invocations=53 (full 6):
 par new generation   total 109248K, used 107230K [0x00000000e0000000, 0x00000000e8000000, 0x00000000e8000000)
  eden space 87424K,  99% used [0x00000000e0000000, 0x00000000e55545a8, 0x00000000e5560000)
  from space 21824K,  90% used [0x00000000e6ab0000, 0x00000000e7e13640, 0x00000000e8000000)
  to   space 21824K,   0% used [0x00000000e5560000, 0x00000000e5560000, 0x00000000e6ab0000)
 concurrent mark-sweep generation total 393216K, used 189771K [0x00000000e8000000, 0x0000000100000000, 0x0000000100000000)
 Metaspace       used 32148K, capacity 32552K, committed 33220K, reserved 1079296K
  class space    used 3565K, capacity 3704K, committed 3836K, reserved 1048576K
2017-07-31T15:58:30.538+0200: 15260,942: [GC (Allocation Failure) 2017-07-31T15:58:30.538+0200: 15260,942: [ParNew
Desired survivor size 20112992 bytes, new threshold 3 (max 8)
- age   1:   16074840 bytes,   16074840 total
- age   2:        616 bytes,   16075456 total
- age   3:    6081832 bytes,   22157288 total
: 107230K->21824K(109248K), 0,0106204 secs] 297002K->244338K(502464K), 0,0107050 secs] [Times: user=0,05 sys=0,00, real=0,01 secs] 
Heap after GC invocations=54 (full 6):
 par new generation   total 109248K, used 21824K [0x00000000e0000000, 0x00000000e8000000, 0x00000000e8000000)
  eden space 87424K,   0% used [0x00000000e0000000, 0x00000000e0000000, 0x00000000e5560000)
  from space 21824K, 100% used [0x00000000e5560000, 0x00000000e6ab0000, 0x00000000e6ab0000)
  to   space 21824K,   0% used [0x00000000e6ab0000, 0x00000000e6ab0000, 0x00000000e8000000)
 concurrent mark-sweep generation total 393216K, used 222514K [0x00000000e8000000, 0x0000000100000000, 0x0000000100000000)
 Metaspace       used 32148K, capacity 32552K, committed 33220K, reserved 1079296K
  class space    used 3565K, capacity 3704K, committed 3836K, reserved 1048576K
}
2017-07-31T15:58:30.549+0200: 15260,953: Total time for which application threads were stopped: 0,0109033 seconds, Stopping threads took: 0,0000424 seconds
2017-07-31T15:58:30.549+0200: 15260,953: [GC (CMS Initial Mark) [1 CMS-initial-mark: 222514K(393216K)] 244854K(502464K), 0,0007425 secs] [Times: user=0,00 sys=0,00, real=0,00 secs] 
2017-07-31T15:58:30.550+0200: 15260,954: Total time for which application threads were stopped: 0,0009088 seconds, Stopping threads took: 0,0000791 seconds
2017-07-31T15:58:30.550+0200: 15260,954: [CMS-concurrent-mark-start]
2017-07-31T15:58:30.577+0200: 15260,982: [CMS-concurrent-mark: 0,028/0,028 secs] [Times: user=0,16 sys=0,00, real=0,03 secs] 
2017-07-31T15:58:30.577+0200: 15260,982: [CMS-concurrent-preclean-start]
2017-07-31T15:58:30.579+0200: 15260,983: [CMS-concurrent-preclean: 0,001/0,001 secs] [Times: user=0,00 sys=0,00, real=0,00 secs] 
2017-07-31T15:58:30.579+0200: 15260,983: [GC (CMS Final Remark) [YG occupancy: 23079 K (109248 K)]{Heap before GC invocations=54 (full 7):
 par new generation   total 109248K, used 23079K [0x00000000e0000000, 0x00000000e8000000, 0x00000000e8000000)
  eden space 87424K,   1% used [0x00000000e0000000, 0x00000000e0139d48, 0x00000000e5560000)
  from space 21824K, 100% used [0x00000000e5560000, 0x00000000e6ab0000, 0x00000000e6ab0000)
  to   space 21824K,   0% used [0x00000000e6ab0000, 0x00000000e6ab0000, 0x00000000e8000000)
 concurrent mark-sweep generation total 393216K, used 222514K [0x00000000e8000000, 0x0000000100000000, 0x0000000100000000)
 Metaspace       used 32148K, capacity 32552K, committed 33220K, reserved 1079296K
  class space    used 3565K, capacity 3704K, committed 3836K, reserved 1048576K
2017-07-31T15:58:30.579+0200: 15260,983: [GC (CMS Final Remark) 2017-07-31T15:58:30.579+0200: 15260,983: [ParNew
Desired survivor size 20112992 bytes, new threshold 8 (max 8)
- age   1:     413600 bytes,     413600 total
- age   2:   14767416 bytes,   15181016 total
- age   3:        616 bytes,   15181632 total
: 23079K->21824K(109248K), 0,0057043 secs] 245593K->251223K(502464K), 0,0057521 secs] [Times: user=0,02 sys=0,00, real=0,01 secs] 
Heap after GC invocations=55 (full 7):
 par new generation   total 109248K, used 21824K [0x00000000e0000000, 0x00000000e8000000, 0x00000000e8000000)
  eden space 87424K,   0% used [0x00000000e0000000, 0x00000000e0000000, 0x00000000e5560000)
  from space 21824K, 100% used [0x00000000e6ab0000, 0x00000000e8000000, 0x00000000e8000000)
  to   space 21824K,   0% used [0x00000000e5560000, 0x00000000e5560000, 0x00000000e6ab0000)
 concurrent mark-sweep generation total 393216K, used 229399K [0x00000000e8000000, 0x0000000100000000, 0x0000000100000000)
 Metaspace       used 32148K, capacity 32552K, committed 33220K, reserved 1079296K
  class space    used 3565K, capacity 3704K, committed 3836K, reserved 1048576K
}
2017-07-31T15:58:30.585+0200: 15260,989: [Rescan (parallel) , 0,0012040 secs]2017-07-31T15:58:30.586+0200: 15260,990: [weak refs processing, 0,0003759 secs]2017-07-31T15:58:30.586+0200: 15260,991: [class unloading, 0,0048707 secs]2017-07-31T15:58:30.591+0200: 15260,996: [scrub symbol table, 0,0027180 secs]2017-07-31T15:58:30.594+0200: 15260,998: [scrub string table, 0,0004560 secs][1 CMS-remark: 229399K(393216K)] 251223K(502464K), 0,0155701 secs] [Times: user=0,04 sys=0,00, real=0,02 secs] 
2017-07-31T15:58:30.594+0200: 15260,999: Total time for which application threads were stopped: 0,0157287 seconds, Stopping threads took: 0,0000616 seconds
2017-07-31T15:58:30.594+0200: 15260,999: [CMS-concurrent-sweep-start]
2017-07-31T15:58:30.620+0200: 15261,025: [CMS-concurrent-sweep: 0,026/0,026 secs] [Times: user=0,10 sys=0,00, real=0,03 secs] 
2017-07-31T15:58:30.620+0200: 15261,025: [CMS-concurrent-reset-start]
2017-07-31T15:58:30.621+0200: 15261,025: [CMS-concurrent-reset: 0,001/0,001 secs] [Times: user=0,01 sys=0,00, real=0,00 secs] 
{Heap before GC invocations=55 (full 7):
 par new generation   total 109248K, used 109248K [0x00000000e0000000, 0x00000000e8000000, 0x00000000e8000000)
  eden space 87424K, 100% used [0x00000000e0000000, 0x00000000e5560000, 0x00000000e5560000)
  from space 21824K, 100% used [0x00000000e6ab0000, 0x00000000e8000000, 0x00000000e8000000)
  to   space 21824K,   0% used [0x00000000e5560000, 0x00000000e5560000, 0x00000000e6ab0000)
 concurrent mark-sweep generation total 393216K, used 207880K [0x00000000e8000000, 0x0000000100000000, 0x0000000100000000)
 Metaspace       used 32151K, capacity 32552K, committed 33220K, reserved 1079296K
  class space    used 3565K, capacity 3704K, committed 3836K, reserved 1048576K
2017-07-31T15:58:31.056+0200: 15261,461: [GC (Allocation Failure) 2017-07-31T15:58:31.056+0200: 15261,461: [ParNew
Desired survivor size 20112992 bytes, new threshold 8 (max 8)
- age   1:    8893312 bytes,    8893312 total
- age   2:     225800 bytes,    9119112 total
- age   3:    9258792 bytes,   18377904 total
- age   4:        616 bytes,   18378520 total
: 109248K->21824K(109248K), 0,0051451 secs] 317128K->235783K(502464K), 0,0052016 secs] [Times: user=0,02 sys=0,00, real=0,01 secs] 
Heap after GC invocations=56 (full 7):
 par new generation   total 109248K, used 21824K [0x00000000e0000000, 0x00000000e8000000, 0x00000000e8000000)
  eden space 87424K,   0% used [0x00000000e0000000, 0x00000000e0000000, 0x00000000e5560000)
  from space 21824K, 100% used [0x00000000e5560000, 0x00000000e6ab0000, 0x00000000e6ab0000)
  to   space 21824K,   0% used [0x00000000e6ab0000, 0x00000000e6ab0000, 0x00000000e8000000)
 concurrent mark-sweep generation total 393216K, used 213959K [0x00000000e8000000, 0x0000000100000000, 0x0000000100000000)
 Metaspace       used 32151K, capacity 32552K, committed 33220K, reserved 1079296K
  class space    used 3565K, capacity 3704K, committed 3836K, reserved 1048576K
}
2017-07-31T15:58:31.061+0200: 15261,466: Total time for which application threads were stopped: 0,0053534 seconds, Stopping threads took: 0,0000190 seconds
2017-07-31T15:58:31.062+0200: 15261,466: [GC (CMS Initial Mark) [1 CMS-initial-mark: 213959K(393216K)] 236470K(502464K), 0,0006720 secs] [Times: user=0,01 sys=0,00, real=0,00 secs] 
2017-07-31T15:58:31.062+0200: 15261,467: Total time for which application threads were stopped: 0,0007594 seconds, Stopping threads took: 0,0000277 seconds
2017-07-31T15:58:31.062+0200: 15261,467: [CMS-concurrent-mark-start]
2017-07-31T15:58:31.086+0200: 15261,491: [CMS-concurrent-mark: 0,024/0,024 secs] [Times: user=0,11 sys=0,00, real=0,02 secs] 
2017-07-31T15:58:31.087+0200: 15261,491: [CMS-concurrent-preclean-start]
2017-07-31T15:58:31.087+0200: 15261,492: [CMS-concurrent-preclean: 0,001/0,001 secs] [Times: user=0,00 sys=0,00, real=0,00 secs] 
2017-07-31T15:58:31.087+0200: 15261,492: [CMS-concurrent-abortable-preclean-start]
2017-07-31T15:58:31.123+0200: 15261,527: Total time for which application threads were stopped: 0,0001159 seconds, Stopping threads took: 0,0000411 seconds
{Heap before GC invocations=56 (full 8):
 par new generation   total 109248K, used 109248K [0x00000000e0000000, 0x00000000e8000000, 0x00000000e8000000)
  eden space 87424K, 100% used [0x00000000e0000000, 0x00000000e5560000, 0x00000000e5560000)
  from space 21824K, 100% used [0x00000000e5560000, 0x00000000e6ab0000, 0x00000000e6ab0000)
  to   space 21824K,   0% used [0x00000000e6ab0000, 0x00000000e6ab0000, 0x00000000e8000000)
 concurrent mark-sweep generation total 393216K, used 213959K [0x00000000e8000000, 0x0000000100000000, 0x0000000100000000)
 Metaspace       used 32151K, capacity 32552K, committed 33220K, reserved 1079296K
  class space    used 3565K, capacity 3704K, committed 3836K, reserved 1048576K
2017-07-31T15:58:31.195+0200: 15261,600: [GC (Allocation Failure) 2017-07-31T15:58:31.195+0200: 15261,600: [ParNew
Desired survivor size 20112992 bytes, new threshold 4 (max 8)
- age   1:    1121088 bytes,    1121088 total
- age   2:    8779696 bytes,    9900784 total
- age   3:     225272 bytes,   10126056 total
- age   4:   11001952 bytes,   21128008 total
- age   5:        616 bytes,   21128624 total
: 109248K->21721K(109248K), 0,0066194 secs] 323207K->235680K(502464K), 0,0067156 secs] [Times: user=0,02 sys=0,00, real=0,01 secs] 
Heap after GC invocations=57 (full 8):
 par new generation   total 109248K, used 21721K [0x00000000e0000000, 0x00000000e8000000, 0x00000000e8000000)
  eden space 87424K,   0% used [0x00000000e0000000, 0x00000000e0000000, 0x00000000e5560000)
  from space 21824K,  99% used [0x00000000e6ab0000, 0x00000000e7fe6490, 0x00000000e8000000)
  to   space 21824K,   0% used [0x00000000e5560000, 0x00000000e5560000, 0x00000000e6ab0000)
 concurrent mark-sweep generation total 393216K, used 213959K [0x00000000e8000000, 0x0000000100000000, 0x0000000100000000)
 Metaspace       used 32151K, capacity 32552K, committed 33220K, reserved 1079296K
  class space    used 3565K, capacity 3704K, committed 3836K, reserved 1048576K
}
2017-07-31T15:58:31.202+0200: 15261,607: Total time for which application threads were stopped: 0,0069434 seconds, Stopping threads took: 0,0000216 seconds
{Heap before GC invocations=57 (full 8):
 par new generation   total 109248K, used 109145K [0x00000000e0000000, 0x00000000e8000000, 0x00000000e8000000)
  eden space 87424K, 100% used [0x00000000e0000000, 0x00000000e5560000, 0x00000000e5560000)
  from space 21824K,  99% used [0x00000000e6ab0000, 0x00000000e7fe6490, 0x00000000e8000000)
  to   space 21824K,   0% used [0x00000000e5560000, 0x00000000e5560000, 0x00000000e6ab0000)
 concurrent mark-sweep generation total 393216K, used 213959K [0x00000000e8000000, 0x0000000100000000, 0x0000000100000000)
 Metaspace       used 32151K, capacity 32552K, committed 33220K, reserved 1079296K
  class space    used 3565K, capacity 3704K, committed 3836K, reserved 1048576K
2017-07-31T15:58:31.315+0200: 15261,719: [GC (Allocation Failure) 2017-07-31T15:58:31.315+0200: 15261,719: [ParNew
Desired survivor size 20112992 bytes, new threshold 8 (max 8)
- age   1:    5364824 bytes,    5364824 total
- age   2:     913288 bytes,    6278112 total
- age   3:    5840312 bytes,   12118424 total
- age   4:     225272 bytes,   12343696 total
: 109145K->16582K(109248K), 0,0077996 secs] 323104K->239587K(502464K), 0,0078834 secs] [Times: user=0,02 sys=0,00, real=0,01 secs] 
Heap after GC invocations=58 (full 8):
 par new generation   total 109248K, used 16582K [0x00000000e0000000, 0x00000000e8000000, 0x00000000e8000000)
  eden space 87424K,   0% used [0x00000000e0000000, 0x00000000e0000000, 0x00000000e5560000)
  from space 21824K,  75% used [0x00000000e5560000, 0x00000000e65919e0, 0x00000000e6ab0000)
  to   space 21824K,   0% used [0x00000000e6ab0000, 0x00000000e6ab0000, 0x00000000e8000000)
 concurrent mark-sweep generation total 393216K, used 223005K [0x00000000e8000000, 0x0000000100000000, 0x0000000100000000)
 Metaspace       used 32151K, capacity 32552K, committed 33220K, reserved 1079296K
  class space    used 3565K, capacity 3704K, committed 3836K, reserved 1048576K
}
2017-07-31T15:58:31.322+0200: 15261,727: Total time for which application threads were stopped: 0,0080942 seconds, Stopping threads took: 0,0000372 seconds
2017-07-31T15:58:31.326+0200: 15261,730: [CMS-concurrent-abortable-preclean: 0,023/0,238 secs] [Times: user=0,47 sys=0,02, real=0,24 secs] 
2017-07-31T15:58:31.326+0200: 15261,731: [GC (CMS Final Remark) [YG occupancy: 18054 K (109248 K)]{Heap before GC invocations=58 (full 8):
 par new generation   total 109248K, used 18054K [0x00000000e0000000, 0x00000000e8000000, 0x00000000e8000000)
  eden space 87424K,   1% used [0x00000000e0000000, 0x00000000e01701f8, 0x00000000e5560000)
  from space 21824K,  75% used [0x00000000e5560000, 0x00000000e65919e0, 0x00000000e6ab0000)
  to   space 21824K,   0% used [0x00000000e6ab0000, 0x00000000e6ab0000, 0x00000000e8000000)
 concurrent mark-sweep generation total 393216K, used 223005K [0x00000000e8000000, 0x0000000100000000, 0x0000000100000000)
 Metaspace       used 32151K, capacity 32552K, committed 33220K, reserved 1079296K
  class space    used 3565K, capacity 3704K, committed 3836K, reserved 1048576K
2017-07-31T15:58:31.326+0200: 15261,731: [GC (CMS Final Remark) 2017-07-31T15:58:31.326+0200: 15261,731: [ParNew
Desired survivor size 20112992 bytes, new threshold 8 (max 8)
- age   1:      23264 bytes,      23264 total
- age   2:    5347560 bytes,    5370824 total
- age   3:     913288 bytes,    6284112 total
- age   4:    5873096 bytes,   12157208 total
- age   5:     225272 bytes,   12382480 total
: 18054K->15430K(109248K), 0,0032418 secs] 241060K->238435K(502464K), 0,0032979 secs] [Times: user=0,01 sys=0,00, real=0,00 secs] 
Heap after GC invocations=59 (full 8):
 par new generation   total 109248K, used 15430K [0x00000000e0000000, 0x00000000e8000000, 0x00000000e8000000)
  eden space 87424K,   0% used [0x00000000e0000000, 0x00000000e0000000, 0x00000000e5560000)
  from space 21824K,  70% used [0x00000000e6ab0000, 0x00000000e79c1a80, 0x00000000e8000000)
  to   space 21824K,   0% used [0x00000000e5560000, 0x00000000e5560000, 0x00000000e6ab0000)
 concurrent mark-sweep generation total 393216K, used 223005K [0x00000000e8000000, 0x0000000100000000, 0x0000000100000000)
 Metaspace       used 32151K, capacity 32552K, committed 33220K, reserved 1079296K
  class space    used 3565K, capacity 3704K, committed 3836K, reserved 1048576K
}
2017-07-31T15:58:31.329+0200: 15261,734: [Rescan (parallel) , 0,0008021 secs]2017-07-31T15:58:31.330+0200: 15261,735: [weak refs processing, 0,0002369 secs]2017-07-31T15:58:31.331+0200: 15261,735: [class unloading, 0,0047231 secs]2017-07-31T15:58:31.335+0200: 15261,740: [scrub symbol table, 0,0026004 secs]2017-07-31T15:58:31.338+0200: 15261,742: [scrub string table, 0,0004491 secs][1 CMS-remark: 223005K(393216K)] 238435K(502464K), 0,0123256 secs] [Times: user=0,02 sys=0,00, real=0,01 secs] 
2017-07-31T15:58:31.338+0200: 15261,743: Total time for which application threads were stopped: 0,0125271 seconds, Stopping threads took: 0,0000832 seconds
2017-07-31T15:58:31.338+0200: 15261,743: [CMS-concurrent-sweep-start]
2017-07-31T15:58:31.362+0200: 15261,766: [CMS-concurrent-sweep: 0,023/0,023 secs] [Times: user=0,07 sys=0,00, real=0,03 secs] 
2017-07-31T15:58:31.362+0200: 15261,766: [CMS-concurrent-reset-start]
2017-07-31T15:58:31.362+0200: 15261,767: [CMS-concurrent-reset: 0,000/0,000 secs] [Times: user=0,00 sys=0,00, real=0,00 secs] 
{Heap before GC invocations=59 (full 8):
 par new generation   total 109248K, used 102854K [0x00000000e0000000, 0x00000000e8000000, 0x00000000e8000000)
  eden space 87424K, 100% used [0x00000000e0000000, 0x00000000e5560000, 0x00000000e5560000)
  from space 21824K,  70% used [0x00000000e6ab0000, 0x00000000e79c1a80, 0x00000000e8000000)
  to   space 21824K,   0% used [0x00000000e5560000, 0x00000000e5560000, 0x00000000e6ab0000)
 concurrent mark-sweep generation total 393216K, used 219828K [0x00000000e8000000, 0x0000000100000000, 0x0000000100000000)
 Metaspace       used 32151K, capacity 32552K, committed 33220K, reserved 1079296K
  class space    used 3565K, capacity 3704K, committed 3836K, reserved 1048576K
2017-07-31T15:58:31.482+0200: 15261,886: [GC (Allocation Failure) 2017-07-31T15:58:31.482+0200: 15261,886: [ParNew
Desired survivor size 20112992 bytes, new threshold 8 (max 8)
- age   1:    5955320 bytes,    5955320 total
- age   2:      20800 bytes,    5976120 total
- age   3:    1672856 bytes,    7648976 total
- age   4:     881832 bytes,    8530808 total
- age   5:    5819608 bytes,   14350416 total
- age   6:     225272 bytes,   14575688 total
: 102854K->16910K(109248K), 0,0037586 secs] 322682K->236738K(502464K), 0,0038265 secs] [Times: user=0,01 sys=0,00, real=0,00 secs] 
Heap after GC invocations=60 (full 8):
 par new generation   total 109248K, used 16910K [0x00000000e0000000, 0x00000000e8000000, 0x00000000e8000000)
  eden space 87424K,   0% used [0x00000000e0000000, 0x00000000e0000000, 0x00000000e5560000)
  from space 21824K,  77% used [0x00000000e5560000, 0x00000000e65e3ae8, 0x00000000e6ab0000)
  to   space 21824K,   0% used [0x00000000e6ab0000, 0x00000000e6ab0000, 0x00000000e8000000)
 concurrent mark-sweep generation total 393216K, used 219828K [0x00000000e8000000, 0x0000000100000000, 0x0000000100000000)
 Metaspace       used 32151K, capacity 32552K, committed 33220K, reserved 1079296K
  class space    used 3565K, capacity 3704K, committed 3836K, reserved 1048576K
}
2017-07-31T15:58:31.485+0200: 15261,890: Total time for which application threads were stopped: 0,0040131 seconds, Stopping threads took: 0,0000413 seconds
2017-07-31T15:58:31.486+0200: 15261,890: [GC (CMS Initial Mark) [1 CMS-initial-mark: 219828K(393216K)] 238091K(502464K), 0,0006398 secs] [Times: user=0,00 sys=0,00, real=0,00 secs] 
2017-07-31T15:58:31.486+0200: 15261,891: Total time for which application threads were stopped: 0,0007400 seconds, Stopping threads took: 0,0000312 seconds
2017-07-31T15:58:31.486+0200: 15261,891: [CMS-concurrent-mark-start]
2017-07-31T15:58:31.506+0200: 15261,911: [CMS-concurrent-mark: 0,020/0,020 secs] [Times: user=0,11 sys=0,00, real=0,02 secs] 
2017-07-31T15:58:31.506+0200: 15261,911: [CMS-concurrent-preclean-start]
2017-07-31T15:58:31.507+0200: 15261,912: [CMS-concurrent-preclean: 0,001/0,001 secs] [Times: user=0,00 sys=0,00, real=0,00 secs] 
2017-07-31T15:58:31.507+0200: 15261,912: [CMS-concurrent-abortable-preclean-start]
{Heap before GC invocations=60 (full 9):
 par new generation   total 109248K, used 104334K [0x00000000e0000000, 0x00000000e8000000, 0x00000000e8000000)
  eden space 87424K, 100% used [0x00000000e0000000, 0x00000000e5560000, 0x00000000e5560000)
  from space 21824K,  77% used [0x00000000e5560000, 0x00000000e65e3ae8, 0x00000000e6ab0000)
  to   space 21824K,   0% used [0x00000000e6ab0000, 0x00000000e6ab0000, 0x00000000e8000000)
 concurrent mark-sweep generation total 393216K, used 219828K [0x00000000e8000000, 0x0000000100000000, 0x0000000100000000)
 Metaspace       used 32152K, capacity 32552K, committed 33220K, reserved 1079296K
  class space    used 3565K, capacity 3704K, committed 3836K, reserved 1048576K
2017-07-31T15:58:31.613+0200: 15262,018: [GC (Allocation Failure) 2017-07-31T15:58:31.613+0200: 15262,018: [ParNew
Desired survivor size 20112992 bytes, new threshold 8 (max 8)
- age   1:    2098208 bytes,    2098208 total
- age   2:    5966296 bytes,    8064504 total
- age   3:      20800 bytes,    8085304 total
- age   4:    1623368 bytes,    9708672 total
- age   5:     834064 bytes,   10542736 total
- age   6:    5785360 bytes,   16328096 total
- age   7:     225272 bytes,   16553368 total
: 104334K->21381K(109248K), 0,0051365 secs] 324162K->241209K(502464K), 0,0051992 secs] [Times: user=0,01 sys=0,00, real=0,00 secs] 
Heap after GC invocations=61 (full 9):
 par new generation   total 109248K, used 21381K [0x00000000e0000000, 0x00000000e8000000, 0x00000000e8000000)
  eden space 87424K,   0% used [0x00000000e0000000, 0x00000000e0000000, 0x00000000e5560000)
  from space 21824K,  97% used [0x00000000e6ab0000, 0x00000000e7f91680, 0x00000000e8000000)
  to   space 21824K,   0% used [0x00000000e5560000, 0x00000000e5560000, 0x00000000e6ab0000)
 concurrent mark-sweep generation total 393216K, used 219828K [0x00000000e8000000, 0x0000000100000000, 0x0000000100000000)
 Metaspace       used 32152K, capacity 32552K, committed 33220K, reserved 1079296K
  class space    used 3565K, capacity 3704K, committed 3836K, reserved 1048576K
}
2017-07-31T15:58:31.618+0200: 15262,023: Total time for which application threads were stopped: 0,0053832 seconds, Stopping threads took: 0,0000373 seconds
2017-07-31T15:58:31.722+0200: 15262,127: [CMS-concurrent-abortable-preclean: 0,009/0,215 secs] [Times: user=0,44 sys=0,02, real=0,22 secs] 
2017-07-31T15:58:31.722+0200: 15262,127: [GC (CMS Final Remark) [YG occupancy: 90691 K (109248 K)]{Heap before GC invocations=61 (full 9):
 par new generation   total 109248K, used 90691K [0x00000000e0000000, 0x00000000e8000000, 0x00000000e8000000)
  eden space 87424K,  79% used [0x00000000e0000000, 0x00000000e43af6d0, 0x00000000e5560000)
  from space 21824K,  97% used [0x00000000e6ab0000, 0x00000000e7f91680, 0x00000000e8000000)
  to   space 21824K,   0% used [0x00000000e5560000, 0x00000000e5560000, 0x00000000e6ab0000)
 concurrent mark-sweep generation total 393216K, used 219828K [0x00000000e8000000, 0x0000000100000000, 0x0000000100000000)
 Metaspace       used 32152K, capacity 32552K, committed 33220K, reserved 1079296K
  class space    used 3565K, capacity 3704K, committed 3836K, reserved 1048576K
2017-07-31T15:58:31.723+0200: 15262,127: [GC (CMS Final Remark) 2017-07-31T15:58:31.723+0200: 15262,127: [ParNew
Desired survivor size 20112992 bytes, new threshold 8 (max 8)
- age   1:    7862832 bytes,    7862832 total
- age   2:    1791328 bytes,    9654160 total
- age   3:    1959064 bytes,   11613224 total
- age   4:      20800 bytes,   11634024 total
- age   5:    1623368 bytes,   13257392 total
- age   6:     834064 bytes,   14091456 total
- age   7:    4736600 bytes,   18828056 total
- age   8:     225272 bytes,   19053328 total
: 90691K->21824K(109248K), 0,0042638 secs] 310519K->241652K(502464K), 0,0043116 secs] [Times: user=0,01 sys=0,00, real=0,00 secs] 
Heap after GC invocations=62 (full 9):
 par new generation   total 109248K, used 21824K [0x00000000e0000000, 0x00000000e8000000, 0x00000000e8000000)
  eden space 87424K,   0% used [0x00000000e0000000, 0x00000000e0000000, 0x00000000e5560000)
  from space 21824K, 100% used [0x00000000e5560000, 0x00000000e6ab0000, 0x00000000e6ab0000)
  to   space 21824K,   0% used [0x00000000e6ab0000, 0x00000000e6ab0000, 0x00000000e8000000)
 concurrent mark-sweep generation total 393216K, used 219828K [0x00000000e8000000, 0x0000000100000000, 0x0000000100000000)
 Metaspace       used 32152K, capacity 32552K, committed 33220K, reserved 1079296K
  class space    used 3565K, capacity 3704K, committed 3836K, reserved 1048576K
}
2017-07-31T15:58:31.727+0200: 15262,131: [Rescan (parallel) , 0,0006835 secs]2017-07-31T15:58:31.728+0200: 15262,132: [weak refs processing, 0,0002368 secs]2017-07-31T15:58:31.728+0200: 15262,132: [class unloading, 0,0047625 secs]2017-07-31T15:58:31.733+0200: 15262,137: [scrub symbol table, 0,0031878 secs]2017-07-31T15:58:31.736+0200: 15262,140: [scrub string table, 0,0004735 secs][1 CMS-remark: 219828K(393216K)] 241652K(502464K), 0,0138829 secs] [Times: user=0,02 sys=0,00, real=0,01 secs] 
2017-07-31T15:58:31.736+0200: 15262,141: Total time for which application threads were stopped: 0,0140597 seconds, Stopping threads took: 0,0000918 seconds
2017-07-31T15:58:31.736+0200: 15262,141: [CMS-concurrent-sweep-start]
2017-07-31T15:58:31.753+0200: 15262,158: [CMS-concurrent-sweep: 0,017/0,017 secs] [Times: user=0,05 sys=0,00, real=0,02 secs] 
2017-07-31T15:58:31.753+0200: 15262,158: [CMS-concurrent-reset-start]
2017-07-31T15:58:31.754+0200: 15262,158: [CMS-concurrent-reset: 0,000/0,000 secs] [Times: user=0,00 sys=0,00, real=0,00 secs] 
{Heap before GC invocations=62 (full 9):
 par new generation   total 109248K, used 109248K [0x00000000e0000000, 0x00000000e8000000, 0x00000000e8000000)
  eden space 87424K, 100% used [0x00000000e0000000, 0x00000000e5560000, 0x00000000e5560000)
  from space 21824K, 100% used [0x00000000e5560000, 0x00000000e6ab0000, 0x00000000e6ab0000)
  to   space 21824K,   0% used [0x00000000e6ab0000, 0x00000000e6ab0000, 0x00000000e8000000)
 concurrent mark-sweep generation total 393216K, used 219704K [0x00000000e8000000, 0x0000000100000000, 0x0000000100000000)
 Metaspace       used 32152K, capacity 32552K, committed 33220K, reserved 1079296K
  class space    used 3565K, capacity 3704K, committed 3836K, reserved 1048576K
2017-07-31T15:58:31.850+0200: 15262,254: [GC (Allocation Failure) 2017-07-31T15:58:31.850+0200: 15262,254: [ParNew
Desired survivor size 20112992 bytes, new threshold 8 (max 8)
- age   1:    1717056 bytes,    1717056 total
- age   2:    7448712 bytes,    9165768 total
- age   3:    1774528 bytes,   10940296 total
- age   4:    1823080 bytes,   12763376 total
- age   5:      20800 bytes,   12784176 total
- age   6:    1386928 bytes,   14171104 total
- age   7:     834064 bytes,   15005168 total
- age   8:    4736600 bytes,   19741768 total
: 109248K->21824K(109248K), 0,0061812 secs] 328952K->242548K(502464K), 0,0062625 secs] [Times: user=0,01 sys=0,00, real=0,01 secs] 
Heap after GC invocations=63 (full 9):
 par new generation   total 109248K, used 21824K [0x00000000e0000000, 0x00000000e8000000, 0x00000000e8000000)
  eden space 87424K,   0% used [0x00000000e0000000, 0x00000000e0000000, 0x00000000e5560000)
  from space 21824K, 100% used [0x00000000e6ab0000, 0x00000000e8000000, 0x00000000e8000000)
  to   space 21824K,   0% used [0x00000000e5560000, 0x00000000e5560000, 0x00000000e6ab0000)
 concurrent mark-sweep generation total 393216K, used 220724K [0x00000000e8000000, 0x0000000100000000, 0x0000000100000000)
 Metaspace       used 32152K, capacity 32552K, committed 33220K, reserved 1079296K
  class space    used 3565K, capacity 3704K, committed 3836K, reserved 1048576K
}
2017-07-31T15:58:31.856+0200: 15262,261: Total time for which application threads were stopped: 0,0065026 seconds, Stopping threads took: 0,0000342 seconds
2017-07-31T15:58:31.856+0200: 15262,261: [GC (CMS Initial Mark) [1 CMS-initial-mark: 220724K(393216K)] 244228K(502464K), 0,0007719 secs] [Times: user=0,01 sys=0,00, real=0,00 secs] 
2017-07-31T15:58:31.857+0200: 15262,262: Total time for which application threads were stopped: 0,0009089 seconds, Stopping threads took: 0,0000306 seconds
2017-07-31T15:58:31.857+0200: 15262,262: [CMS-concurrent-mark-start]
2017-07-31T15:58:31.880+0200: 15262,284: [CMS-concurrent-mark: 0,022/0,022 secs] [Times: user=0,12 sys=0,01, real=0,02 secs] 
2017-07-31T15:58:31.880+0200: 15262,284: [CMS-concurrent-preclean-start]
2017-07-31T15:58:31.881+0200: 15262,285: [CMS-concurrent-preclean: 0,001/0,001 secs] [Times: user=0,01 sys=0,00, real=0,01 secs] 
2017-07-31T15:58:31.881+0200: 15262,285: [CMS-concurrent-abortable-preclean-start]
{Heap before GC invocations=63 (full 10):
 par new generation   total 109248K, used 109248K [0x00000000e0000000, 0x00000000e8000000, 0x00000000e8000000)
  eden space 87424K, 100% used [0x00000000e0000000, 0x00000000e5560000, 0x00000000e5560000)
  from space 21824K, 100% used [0x00000000e6ab0000, 0x00000000e8000000, 0x00000000e8000000)
  to   space 21824K,   0% used [0x00000000e5560000, 0x00000000e5560000, 0x00000000e6ab0000)
 concurrent mark-sweep generation total 393216K, used 220724K [0x00000000e8000000, 0x0000000100000000, 0x0000000100000000)
 Metaspace       used 32154K, capacity 32552K, committed 33220K, reserved 1079296K
  class space    used 3565K, capacity 3704K, committed 3836K, reserved 1048576K
2017-07-31T15:58:31.996+0200: 15262,401: [GC (Allocation Failure) 2017-07-31T15:58:31.996+0200: 15262,401: [ParNew
Desired survivor size 20112992 bytes, new threshold 8 (max 8)
- age   1:    6209168 bytes,    6209168 total
- age   2:     778680 bytes,    6987848 total
- age   3:    3238384 bytes,   10226232 total
- age   4:    1755712 bytes,   11981944 total
- age   5:    1823080 bytes,   13805024 total
- age   6:      20800 bytes,   13825824 total
- age   7:    1386864 bytes,   15212688 total
- age   8:     817984 bytes,   16030672 total
: 109248K->21824K(109248K), 0,0049154 secs] 329972K->247175K(502464K), 0,0049883 secs] [Times: user=0,02 sys=0,00, real=0,01 secs] 
Heap after GC invocations=64 (full 10):
 par new generation   total 109248K, used 21824K [0x00000000e0000000, 0x00000000e8000000, 0x00000000e8000000)
  eden space 87424K,   0% used [0x00000000e0000000, 0x00000000e0000000, 0x00000000e5560000)
  from space 21824K, 100% used [0x00000000e5560000, 0x00000000e6ab0000, 0x00000000e6ab0000)
  to   space 21824K,   0% used [0x00000000e6ab0000, 0x00000000e6ab0000, 0x00000000e8000000)
 concurrent mark-sweep generation total 393216K, used 225351K [0x00000000e8000000, 0x0000000100000000, 0x0000000100000000)
 Metaspace       used 32154K, capacity 32552K, committed 33220K, reserved 1079296K
  class space    used 3565K, capacity 3704K, committed 3836K, reserved 1048576K
}
2017-07-31T15:58:32.001+0200: 15262,406: Total time for which application threads were stopped: 0,0052083 seconds, Stopping threads took: 0,0000761 seconds
2017-07-31T15:58:32.141+0200: 15262,546: Total time for which application threads were stopped: 0,0000989 seconds, Stopping threads took: 0,0000227 seconds
2017-07-31T15:58:32.141+0200: 15262,546: [CMS-concurrent-abortable-preclean: 0,017/0,261 secs] [Times: user=0,37 sys=0,01, real=0,26 secs] 
2017-07-31T15:58:32.142+0200: 15262,546: [GC (CMS Final Remark) [YG occupancy: 88802 K (109248 K)]{Heap before GC invocations=64 (full 10):
 par new generation   total 109248K, used 88802K [0x00000000e0000000, 0x00000000e8000000, 0x00000000e8000000)
  eden space 87424K,  76% used [0x00000000e0000000, 0x00000000e4168900, 0x00000000e5560000)
  from space 21824K, 100% used [0x00000000e5560000, 0x00000000e6ab0000, 0x00000000e6ab0000)
  to   space 21824K,   0% used [0x00000000e6ab0000, 0x00000000e6ab0000, 0x00000000e8000000)
 concurrent mark-sweep generation total 393216K, used 225351K [0x00000000e8000000, 0x0000000100000000, 0x0000000100000000)
 Metaspace       used 32158K, capacity 32552K, committed 33220K, reserved 1079296K
  class space    used 3565K, capacity 3704K, committed 3836K, reserved 1048576K
2017-07-31T15:58:32.142+0200: 15262,546: [GC (CMS Final Remark) 2017-07-31T15:58:32.142+0200: 15262,546: [ParNew
Desired survivor size 20112992 bytes, new threshold 8 (max 8)
- age   1:     324848 bytes,     324848 total
- age   2:    5806960 bytes,    6131808 total
- age   3:     750328 bytes,    6882136 total
- age   4:    3215304 bytes,   10097440 total
- age   5:    1717320 bytes,   11814760 total
- age   6:    1823080 bytes,   13637840 total
- age   7:      20800 bytes,   13658640 total
- age   8:    1386864 bytes,   15045504 total
: 88802K->19205K(109248K), 0,0062468 secs] 314153K->245356K(502464K), 0,0063001 secs] [Times: user=0,03 sys=0,00, real=0,00 secs] 
Heap after GC invocations=65 (full 10):
 par new generation   total 109248K, used 19205K [0x00000000e0000000, 0x00000000e8000000, 0x00000000e8000000)
  eden space 87424K,   0% used [0x00000000e0000000, 0x00000000e0000000, 0x00000000e5560000)
  from space 21824K,  88% used [0x00000000e6ab0000, 0x00000000e7d71550, 0x00000000e8000000)
  to   space 21824K,   0% used [0x00000000e5560000, 0x00000000e5560000, 0x00000000e6ab0000)
 concurrent mark-sweep generation total 393216K, used 226151K [0x00000000e8000000, 0x0000000100000000, 0x0000000100000000)
 Metaspace       used 32158K, capacity 32552K, committed 33220K, reserved 1079296K
  class space    used 3565K, capacity 3704K, committed 3836K, reserved 1048576K
}
2017-07-31T15:58:32.148+0200: 15262,552: [Rescan (parallel) , 0,0007110 secs]2017-07-31T15:58:32.149+0200: 15262,553: [weak refs processing, 0,0002952 secs]2017-07-31T15:58:32.149+0200: 15262,553: [class unloading, 0,0047919 secs]2017-07-31T15:58:32.154+0200: 15262,558: [scrub symbol table, 0,0029720 secs]2017-07-31T15:58:32.157+0200: 15262,561: [scrub string table, 0,0004666 secs][1 CMS-remark: 226151K(393216K)] 245356K(502464K), 0,0157439 secs] [Times: user=0,04 sys=0,00, real=0,01 secs] 
2017-07-31T15:58:32.157+0200: 15262,562: Total time for which application threads were stopped: 0,0158218 seconds, Stopping threads took: 0,0000099 seconds
2017-07-31T15:58:32.157+0200: 15262,562: [CMS-concurrent-sweep-start]
2017-07-31T15:58:32.175+0200: 15262,579: [CMS-concurrent-sweep: 0,017/0,017 secs] [Times: user=0,04 sys=0,00, real=0,02 secs] 
2017-07-31T15:58:32.175+0200: 15262,579: [CMS-concurrent-reset-start]
2017-07-31T15:58:32.175+0200: 15262,580: [CMS-concurrent-reset: 0,000/0,000 secs] [Times: user=0,00 sys=0,00, real=0,00 secs] 
2017-07-31T15:58:33.158+0200: 15263,562: Total time for which application threads were stopped: 0,0001380 seconds, Stopping threads took: 0,0000389 seconds
{Heap before GC invocations=65 (full 10):
 par new generation   total 109248K, used 106629K [0x00000000e0000000, 0x00000000e8000000, 0x00000000e8000000)
  eden space 87424K, 100% used [0x00000000e0000000, 0x00000000e5560000, 0x00000000e5560000)
  from space 21824K,  88% used [0x00000000e6ab0000, 0x00000000e7d71550, 0x00000000e8000000)
  to   space 21824K,   0% used [0x00000000e5560000, 0x00000000e5560000, 0x00000000e6ab0000)
 concurrent mark-sweep generation total 393216K, used 226151K [0x00000000e8000000, 0x0000000100000000, 0x0000000100000000)
 Metaspace       used 32168K, capacity 32552K, committed 33220K, reserved 1079296K
  class space    used 3565K, capacity 3704K, committed 3836K, reserved 1048576K
2017-07-31T15:58:33.561+0200: 15263,965: [GC (Allocation Failure) 2017-07-31T15:58:33.561+0200: 15263,965: [ParNew
Desired survivor size 20112992 bytes, new threshold 6 (max 8)
- age   1:   14598768 bytes,   14598768 total
- age   2:     324584 bytes,   14923352 total
- age   3:     665304 bytes,   15588656 total
- age   4:     224088 bytes,   15812744 total
- age   5:    2931168 bytes,   18743912 total
- age   6:    1692320 bytes,   20436232 total
- age   7:    1814856 bytes,   22251088 total
- age   8:      20800 bytes,   22271888 total
: 106629K->21824K(109248K), 0,0105350 secs] 332780K->260750K(502464K), 0,0106396 secs] [Times: user=0,04 sys=0,00, real=0,00 secs] 
Heap after GC invocations=66 (full 10):
 par new generation   total 109248K, used 21824K [0x00000000e0000000, 0x00000000e8000000, 0x00000000e8000000)
  eden space 87424K,   0% used [0x00000000e0000000, 0x00000000e0000000, 0x00000000e5560000)
  from space 21824K, 100% used [0x00000000e5560000, 0x00000000e6ab0000, 0x00000000e6ab0000)
  to   space 21824K,   0% used [0x00000000e6ab0000, 0x00000000e6ab0000, 0x00000000e8000000)
 concurrent mark-sweep generation total 393216K, used 238926K [0x00000000e8000000, 0x0000000100000000, 0x0000000100000000)
 Metaspace       used 32168K, capacity 32552K, committed 33220K, reserved 1079296K
  class space    used 3565K, capacity 3704K, committed 3836K, reserved 1048576K
}
2017-07-31T15:58:33.571+0200: 15263,976: Total time for which application threads were stopped: 0,0108935 seconds, Stopping threads took: 0,0000238 seconds
2017-07-31T15:58:33.572+0200: 15263,976: [GC (CMS Initial Mark) [1 CMS-initial-mark: 238926K(393216K)] 260782K(502464K), 0,0009235 secs] [Times: user=0,00 sys=0,00, real=0,01 secs] 
2017-07-31T15:58:33.573+0200: 15263,977: Total time for which application threads were stopped: 0,0010851 seconds, Stopping threads took: 0,0000482 seconds
2017-07-31T15:58:33.573+0200: 15263,977: [CMS-concurrent-mark-start]
2017-07-31T15:58:33.588+0200: 15263,993: [CMS-concurrent-mark: 0,016/0,016 secs] [Times: user=0,08 sys=0,00, real=0,01 secs] 
2017-07-31T15:58:33.588+0200: 15263,993: [CMS-concurrent-preclean-start]
2017-07-31T15:58:33.590+0200: 15263,994: [CMS-concurrent-preclean: 0,001/0,001 secs] [Times: user=0,00 sys=0,00, real=0,00 secs] 
2017-07-31T15:58:33.590+0200: 15263,994: [GC (CMS Final Remark) [YG occupancy: 22379 K (109248 K)]{Heap before GC invocations=66 (full 11):
 par new generation   total 109248K, used 22379K [0x00000000e0000000, 0x00000000e8000000, 0x00000000e8000000)
  eden space 87424K,   0% used [0x00000000e0000000, 0x00000000e008ae60, 0x00000000e5560000)
  from space 21824K, 100% used [0x00000000e5560000, 0x00000000e6ab0000, 0x00000000e6ab0000)
  to   space 21824K,   0% used [0x00000000e6ab0000, 0x00000000e6ab0000, 0x00000000e8000000)
 concurrent mark-sweep generation total 393216K, used 238926K [0x00000000e8000000, 0x0000000100000000, 0x0000000100000000)
 Metaspace       used 32168K, capacity 32552K, committed 33220K, reserved 1079296K
  class space    used 3565K, capacity 3704K, committed 3836K, reserved 1048576K
2017-07-31T15:58:33.590+0200: 15263,994: [GC (CMS Final Remark) 2017-07-31T15:58:33.590+0200: 15263,994: [ParNew
Desired survivor size 20112992 bytes, new threshold 8 (max 8)
- age   1:     391072 bytes,     391072 total
- age   2:   13969896 bytes,   14360968 total
- age   3:     324584 bytes,   14685552 total
- age   4:     665304 bytes,   15350856 total
- age   5:     224088 bytes,   15574944 total
- age   6:    2931168 bytes,   18506112 total
: 22379K->21824K(109248K), 0,0047474 secs] 261305K->264516K(502464K), 0,0048121 secs] [Times: user=0,02 sys=0,00, real=0,01 secs] 
Heap after GC invocations=67 (full 11):
 par new generation   total 109248K, used 21824K [0x00000000e0000000, 0x00000000e8000000, 0x00000000e8000000)
  eden space 87424K,   0% used [0x00000000e0000000, 0x00000000e0000000, 0x00000000e5560000)
  from space 21824K, 100% used [0x00000000e6ab0000, 0x00000000e8000000, 0x00000000e8000000)
  to   space 21824K,   0% used [0x00000000e5560000, 0x00000000e5560000, 0x00000000e6ab0000)
 concurrent mark-sweep generation total 393216K, used 242692K [0x00000000e8000000, 0x0000000100000000, 0x0000000100000000)
 Metaspace       used 32168K, capacity 32552K, committed 33220K, reserved 1079296K
  class space    used 3565K, capacity 3704K, committed 3836K, reserved 1048576K
}
2017-07-31T15:58:33.595+0200: 15263,999: [Rescan (parallel) , 0,0006999 secs]2017-07-31T15:58:33.595+0200: 15264,000: [weak refs processing, 0,0002437 secs]2017-07-31T15:58:33.596+0200: 15264,000: [class unloading, 0,0047383 secs]2017-07-31T15:58:33.600+0200: 15264,005: [scrub symbol table, 0,0025923 secs]2017-07-31T15:58:33.603+0200: 15264,007: [scrub string table, 0,0004508 secs][1 CMS-remark: 242692K(393216K)] 264516K(502464K), 0,0137809 secs] [Times: user=0,03 sys=0,00, real=0,02 secs] 
2017-07-31T15:58:33.604+0200: 15264,008: Total time for which application threads were stopped: 0,0139259 seconds, Stopping threads took: 0,0000383 seconds
2017-07-31T15:58:33.604+0200: 15264,008: [CMS-concurrent-sweep-start]
2017-07-31T15:58:33.625+0200: 15264,030: [CMS-concurrent-sweep: 0,022/0,022 secs] [Times: user=0,04 sys=0,00, real=0,02 secs] 
2017-07-31T15:58:33.626+0200: 15264,030: [CMS-concurrent-reset-start]
2017-07-31T15:58:33.626+0200: 15264,030: [CMS-concurrent-reset: 0,000/0,000 secs] [Times: user=0,00 sys=0,00, real=0,00 secs] 
2017-07-31T15:58:34.604+0200: 15265,008: Total time for which application threads were stopped: 0,0001622 seconds, Stopping threads took: 0,0000371 seconds
2017-07-31T15:58:34.970+0200: 15265,375: Total time for which application threads were stopped: 0,0001327 seconds, Stopping threads took: 0,0000223 seconds
2017-07-31T15:58:34.973+0200: 15265,377: Total time for which application threads were stopped: 0,0001207 seconds, Stopping threads took: 0,0000547 seconds
{Heap before GC invocations=67 (full 11):
 par new generation   total 109248K, used 109248K [0x00000000e0000000, 0x00000000e8000000, 0x00000000e8000000)
  eden space 87424K, 100% used [0x00000000e0000000, 0x00000000e5560000, 0x00000000e5560000)
  from space 21824K, 100% used [0x00000000e6ab0000, 0x00000000e8000000, 0x00000000e8000000)
  to   space 21824K,   0% used [0x00000000e5560000, 0x00000000e5560000, 0x00000000e6ab0000)
 concurrent mark-sweep generation total 393216K, used 239135K [0x00000000e8000000, 0x0000000100000000, 0x0000000100000000)
 Metaspace       used 32173K, capacity 32552K, committed 33220K, reserved 1079296K
  class space    used 3565K, capacity 3704K, committed 3836K, reserved 1048576K
2017-07-31T15:58:35.226+0200: 15265,630: [GC (Allocation Failure) 2017-07-31T15:58:35.226+0200: 15265,631: [ParNew
Desired survivor size 20112992 bytes, new threshold 3 (max 8)
- age   1:   15977208 bytes,   15977208 total
- age   2:     234680 bytes,   16211888 total
- age   3:    4489216 bytes,   20701104 total
- age   4:      98424 bytes,   20799528 total
- age   5:     598280 bytes,   21397808 total
- age   6:     125160 bytes,   21522968 total
- age   7:     800672 bytes,   22323640 total
: 109248K->21824K(109248K), 0,0075635 secs] 348383K->273156K(502464K), 0,0076475 secs] [Times: user=0,04 sys=0,00, real=0,01 secs] 
Heap after GC invocations=68 (full 11):
 par new generation   total 109248K, used 21824K [0x00000000e0000000, 0x00000000e8000000, 0x00000000e8000000)
  eden space 87424K,   0% used [0x00000000e0000000, 0x00000000e0000000, 0x00000000e5560000)
  from space 21824K, 100% used [0x00000000e5560000, 0x00000000e6ab0000, 0x00000000e6ab0000)
  to   space 21824K,   0% used [0x00000000e6ab0000, 0x00000000e6ab0000, 0x00000000e8000000)
 concurrent mark-sweep generation total 393216K, used 251332K [0x00000000e8000000, 0x0000000100000000, 0x0000000100000000)
 Metaspace       used 32173K, capacity 32552K, committed 33220K, reserved 1079296K
  class space    used 3565K, capacity 3704K, committed 3836K, reserved 1048576K
}
2017-07-31T15:58:35.234+0200: 15265,638: Total time for which application threads were stopped: 0,0078646 seconds, Stopping threads took: 0,0000496 seconds
2017-07-31T15:58:35.234+0200: 15265,638: [GC (CMS Initial Mark) [1 CMS-initial-mark: 251332K(393216K)] 273882K(502464K), 0,0007726 secs] [Times: user=0,00 sys=0,00, real=0,00 secs] 
2017-07-31T15:58:35.235+0200: 15265,639: Total time for which application threads were stopped: 0,0008947 seconds, Stopping threads took: 0,0000335 seconds
2017-07-31T15:58:35.235+0200: 15265,639: [CMS-concurrent-mark-start]
2017-07-31T15:58:35.261+0200: 15265,665: [CMS-concurrent-mark: 0,026/0,026 secs] [Times: user=0,18 sys=0,00, real=0,03 secs] 
2017-07-31T15:58:35.261+0200: 15265,665: [CMS-concurrent-preclean-start]
2017-07-31T15:58:35.262+0200: 15265,667: [CMS-concurrent-preclean: 0,001/0,001 secs] [Times: user=0,00 sys=0,00, real=0,00 secs] 
2017-07-31T15:58:35.262+0200: 15265,667: [CMS-concurrent-abortable-preclean-start]
{Heap before GC invocations=68 (full 12):
 par new generation   total 109248K, used 109234K [0x00000000e0000000, 0x00000000e8000000, 0x00000000e8000000)
  eden space 87424K,  99% used [0x00000000e0000000, 0x00000000e555cb98, 0x00000000e5560000)
  from space 21824K, 100% used [0x00000000e5560000, 0x00000000e6ab0000, 0x00000000e6ab0000)
  to   space 21824K,   0% used [0x00000000e6ab0000, 0x00000000e6ab0000, 0x00000000e8000000)
 concurrent mark-sweep generation total 393216K, used 251332K [0x00000000e8000000, 0x0000000100000000, 0x0000000100000000)
 Metaspace       used 32173K, capacity 32552K, committed 33220K, reserved 1079296K
  class space    used 3565K, capacity 3704K, committed 3836K, reserved 1048576K
2017-07-31T15:58:35.386+0200: 15265,790: [GC (Allocation Failure) 2017-07-31T15:58:35.386+0200: 15265,791: [ParNew
Desired survivor size 20112992 bytes, new threshold 8 (max 8)
- age   1:    4796312 bytes,    4796312 total
- age   2:   14801656 bytes,   19597968 total
- age   3:     234680 bytes,   19832648 total
: 109234K->21824K(109248K), 0,0072889 secs] 360567K->280129K(502464K), 0,0073709 secs] [Times: user=0,02 sys=0,00, real=0,01 secs] 
Heap after GC invocations=69 (full 12):
 par new generation   total 109248K, used 21824K [0x00000000e0000000, 0x00000000e8000000, 0x00000000e8000000)
  eden space 87424K,   0% used [0x00000000e0000000, 0x00000000e0000000, 0x00000000e5560000)
  from space 21824K, 100% used [0x00000000e6ab0000, 0x00000000e8000000, 0x00000000e8000000)
  to   space 21824K,   0% used [0x00000000e5560000, 0x00000000e5560000, 0x00000000e6ab0000)
 concurrent mark-sweep generation total 393216K, used 258305K [0x00000000e8000000, 0x0000000100000000, 0x0000000100000000)
 Metaspace       used 32173K, capacity 32552K, committed 33220K, reserved 1079296K
  class space    used 3565K, capacity 3704K, committed 3836K, reserved 1048576K
}
2017-07-31T15:58:35.393+0200: 15265,798: Total time for which application threads were stopped: 0,0076109 seconds, Stopping threads took: 0,0000417 seconds
{Heap before GC invocations=69 (full 12):
 par new generation   total 109248K, used 109248K [0x00000000e0000000, 0x00000000e8000000, 0x00000000e8000000)
  eden space 87424K, 100% used [0x00000000e0000000, 0x00000000e5560000, 0x00000000e5560000)
  from space 21824K, 100% used [0x00000000e6ab0000, 0x00000000e8000000, 0x00000000e8000000)
  to   space 21824K,   0% used [0x00000000e5560000, 0x00000000e5560000, 0x00000000e6ab0000)
 concurrent mark-sweep generation total 393216K, used 258305K [0x00000000e8000000, 0x0000000100000000, 0x0000000100000000)
 Metaspace       used 32173K, capacity 32552K, committed 33220K, reserved 1079296K
  class space    used 3565K, capacity 3704K, committed 3836K, reserved 1048576K
2017-07-31T15:58:35.547+0200: 15265,952: [GC (Allocation Failure) 2017-07-31T15:58:35.547+0200: 15265,952: [ParNew
Desired survivor size 20112992 bytes, new threshold 3 (max 8)
- age   1:    4855072 bytes,    4855072 total
- age   2:    2982256 bytes,    7837328 total
- age   3:   13602512 bytes,   21439840 total
- age   4:     234680 bytes,   21674520 total
: 109248K->21824K(109248K), 0,0058075 secs] 367553K->281294K(502464K), 0,0059021 secs] [Times: user=0,02 sys=0,00, real=0,01 secs] 
Heap after GC invocations=70 (full 12):
 par new generation   total 109248K, used 21824K [0x00000000e0000000, 0x00000000e8000000, 0x00000000e8000000)
  eden space 87424K,   0% used [0x00000000e0000000, 0x00000000e0000000, 0x00000000e5560000)
  from space 21824K, 100% used [0x00000000e5560000, 0x00000000e6ab0000, 0x00000000e6ab0000)
  to   space 21824K,   0% used [0x00000000e6ab0000, 0x00000000e6ab0000, 0x00000000e8000000)
 concurrent mark-sweep generation total 393216K, used 259470K [0x00000000e8000000, 0x0000000100000000, 0x0000000100000000)
 Metaspace       used 32173K, capacity 32552K, committed 33220K, reserved 1079296K
  class space    used 3565K, capacity 3704K, committed 3836K, reserved 1048576K
}
2017-07-31T15:58:35.553+0200: 15265,958: Total time for which application threads were stopped: 0,0061325 seconds, Stopping threads took: 0,0000346 seconds
2017-07-31T15:58:35.553+0200: 15265,958: [CMS-concurrent-abortable-preclean: 0,037/0,291 secs] [Times: user=0,65 sys=0,02, real=0,29 secs] 
2017-07-31T15:58:35.553+0200: 15265,958: [GC (CMS Final Remark) [YG occupancy: 22978 K (109248 K)]{Heap before GC invocations=70 (full 12):
 par new generation   total 109248K, used 22978K [0x00000000e0000000, 0x00000000e8000000, 0x00000000e8000000)
  eden space 87424K,   1% used [0x00000000e0000000, 0x00000000e0120bd0, 0x00000000e5560000)
  from space 21824K, 100% used [0x00000000e5560000, 0x00000000e6ab0000, 0x00000000e6ab0000)
  to   space 21824K,   0% used [0x00000000e6ab0000, 0x00000000e6ab0000, 0x00000000e8000000)
 concurrent mark-sweep generation total 393216K, used 259470K [0x00000000e8000000, 0x0000000100000000, 0x0000000100000000)
 Metaspace       used 32173K, capacity 32552K, committed 33220K, reserved 1079296K
  class space    used 3565K, capacity 3704K, committed 3836K, reserved 1048576K
2017-07-31T15:58:35.553+0200: 15265,958: [GC (CMS Final Remark) 2017-07-31T15:58:35.553+0200: 15265,958: [ParNew
Desired survivor size 20112992 bytes, new threshold 8 (max 8)
- age   1:      33408 bytes,      33408 total
- age   2:    4854976 bytes,    4888384 total
- age   3:    2982256 bytes,    7870640 total
: 22978K->21824K(109248K), 0,0052083 secs] 282449K->294815K(502464K), 0,0052531 secs] [Times: user=0,02 sys=0,00, real=0,00 secs] 
Heap after GC invocations=71 (full 12):
 par new generation   total 109248K, used 21824K [0x00000000e0000000, 0x00000000e8000000, 0x00000000e8000000)
  eden space 87424K,   0% used [0x00000000e0000000, 0x00000000e0000000, 0x00000000e5560000)
  from space 21824K, 100% used [0x00000000e6ab0000, 0x00000000e8000000, 0x00000000e8000000)
  to   space 21824K,   0% used [0x00000000e5560000, 0x00000000e5560000, 0x00000000e6ab0000)
 concurrent mark-sweep generation total 393216K, used 272991K [0x00000000e8000000, 0x0000000100000000, 0x0000000100000000)
 Metaspace       used 32173K, capacity 32552K, committed 33220K, reserved 1079296K
  class space    used 3565K, capacity 3704K, committed 3836K, reserved 1048576K
}
2017-07-31T15:58:35.559+0200: 15265,963: [Rescan (parallel) , 0,0011102 secs]2017-07-31T15:58:35.560+0200: 15265,964: [weak refs processing, 0,0002993 secs]2017-07-31T15:58:35.560+0200: 15265,965: [class unloading, 0,0047085 secs]2017-07-31T15:58:35.565+0200: 15265,969: [scrub symbol table, 0,0026128 secs]2017-07-31T15:58:35.567+0200: 15265,972: [scrub string table, 0,0004671 secs][1 CMS-remark: 272991K(393216K)] 294815K(502464K), 0,0146330 secs] [Times: user=0,03 sys=0,00, real=0,01 secs] 
2017-07-31T15:58:35.568+0200: 15265,973: Total time for which application threads were stopped: 0,0147470 seconds, Stopping threads took: 0,0000279 seconds
2017-07-31T15:58:35.568+0200: 15265,973: [CMS-concurrent-sweep-start]
2017-07-31T15:58:35.585+0200: 15265,990: [CMS-concurrent-sweep: 0,017/0,017 secs] [Times: user=0,04 sys=0,01, real=0,02 secs] 
2017-07-31T15:58:35.585+0200: 15265,990: [CMS-concurrent-reset-start]
2017-07-31T15:58:35.586+0200: 15265,990: [CMS-concurrent-reset: 0,000/0,000 secs] [Times: user=0,00 sys=0,00, real=0,00 secs] 
{Heap before GC invocations=71 (full 12):
 par new generation   total 109248K, used 109248K [0x00000000e0000000, 0x00000000e8000000, 0x00000000e8000000)
  eden space 87424K, 100% used [0x00000000e0000000, 0x00000000e5560000, 0x00000000e5560000)
  from space 21824K, 100% used [0x00000000e6ab0000, 0x00000000e8000000, 0x00000000e8000000)
  to   space 21824K,   0% used [0x00000000e5560000, 0x00000000e5560000, 0x00000000e6ab0000)
 concurrent mark-sweep generation total 393216K, used 175710K [0x00000000e8000000, 0x0000000100000000, 0x0000000100000000)
 Metaspace       used 32173K, capacity 32552K, committed 33220K, reserved 1079296K
  class space    used 3565K, capacity 3704K, committed 3836K, reserved 1048576K
2017-07-31T15:58:35.749+0200: 15266,154: [GC (Allocation Failure) 2017-07-31T15:58:35.749+0200: 15266,154: [ParNew
Desired survivor size 20112992 bytes, new threshold 8 (max 8)
- age   1:    5453120 bytes,    5453120 total
- age   2:      32784 bytes,    5485904 total
- age   3:    2348000 bytes,    7833904 total
- age   4:    2597584 bytes,   10431488 total
: 109248K->13414K(109248K), 0,0030949 secs] 284958K->189125K(502464K), 0,0031463 secs] [Times: user=0,02 sys=0,00, real=0,01 secs] 
Heap after GC invocations=72 (full 12):
 par new generation   total 109248K, used 13414K [0x00000000e0000000, 0x00000000e8000000, 0x00000000e8000000)
  eden space 87424K,   0% used [0x00000000e0000000, 0x00000000e0000000, 0x00000000e5560000)
  from space 21824K,  61% used [0x00000000e5560000, 0x00000000e62798f8, 0x00000000e6ab0000)
  to   space 21824K,   0% used [0x00000000e6ab0000, 0x00000000e6ab0000, 0x00000000e8000000)
 concurrent mark-sweep generation total 393216K, used 175710K [0x00000000e8000000, 0x0000000100000000, 0x0000000100000000)
 Metaspace       used 32173K, capacity 32552K, committed 33220K, reserved 1079296K
  class space    used 3565K, capacity 3704K, committed 3836K, reserved 1048576K
}
2017-07-31T15:58:35.753+0200: 15266,157: Total time for which application threads were stopped: 0,0033015 seconds, Stopping threads took: 0,0000195 seconds
2017-07-31T15:58:35.862+0200: 15266,266: Total time for which application threads were stopped: 0,0000940 seconds, Stopping threads took: 0,0000181 seconds
2017-07-31T15:58:35.864+0200: 15266,268: Total time for which application threads were stopped: 0,0000970 seconds, Stopping threads took: 0,0000179 seconds
2017-07-31T15:58:35.874+0200: 15266,278: Total time for which application threads were stopped: 0,0000805 seconds, Stopping threads took: 0,0000131 seconds
2017-07-31T15:58:35.874+0200: 15266,278: Total time for which application threads were stopped: 0,0000473 seconds, Stopping threads took: 0,0000068 seconds
{Heap before GC invocations=72 (full 12):
 par new generation   total 109248K, used 100838K [0x00000000e0000000, 0x00000000e8000000, 0x00000000e8000000)
  eden space 87424K, 100% used [0x00000000e0000000, 0x00000000e5560000, 0x00000000e5560000)
  from space 21824K,  61% used [0x00000000e5560000, 0x00000000e62798f8, 0x00000000e6ab0000)
  to   space 21824K,   0% used [0x00000000e6ab0000, 0x00000000e6ab0000, 0x00000000e8000000)
 concurrent mark-sweep generation total 393216K, used 175710K [0x00000000e8000000, 0x0000000100000000, 0x0000000100000000)
 Metaspace       used 32181K, capacity 32552K, committed 33220K, reserved 1079296K
  class space    used 3565K, capacity 3704K, committed 3836K, reserved 1048576K
2017-07-31T15:58:37.312+0200: 15267,717: [GC (Allocation Failure) 2017-07-31T15:58:37.312+0200: 15267,717: [ParNew
Desired survivor size 20112992 bytes, new threshold 5 (max 8)
- age   1:   14848824 bytes,   14848824 total
- age   2:    2490528 bytes,   17339352 total
- age   3:      32784 bytes,   17372136 total
- age   4:    2262784 bytes,   19634920 total
- age   5:    2552464 bytes,   22187384 total
: 100838K->21824K(109248K), 0,0055960 secs] 276549K->198605K(502464K), 0,0056725 secs] [Times: user=0,02 sys=0,00, real=0,00 secs] 
Heap after GC invocations=73 (full 12):
 par new generation   total 109248K, used 21824K [0x00000000e0000000, 0x00000000e8000000, 0x00000000e8000000)
  eden space 87424K,   0% used [0x00000000e0000000, 0x00000000e0000000, 0x00000000e5560000)
  from space 21824K, 100% used [0x00000000e6ab0000, 0x00000000e8000000, 0x00000000e8000000)
  to   space 21824K,   0% used [0x00000000e5560000, 0x00000000e5560000, 0x00000000e6ab0000)
 concurrent mark-sweep generation total 393216K, used 176781K [0x00000000e8000000, 0x0000000100000000, 0x0000000100000000)
 Metaspace       used 32181K, capacity 32552K, committed 33220K, reserved 1079296K
  class space    used 3565K, capacity 3704K, committed 3836K, reserved 1048576K
}
2017-07-31T15:58:37.318+0200: 15267,723: Total time for which application threads were stopped: 0,0058626 seconds, Stopping threads took: 0,0000399 seconds
2017-07-31T15:58:38.318+0200: 15268,723: Total time for which application threads were stopped: 0,0001225 seconds, Stopping threads took: 0,0000266 seconds
2017-07-31T15:58:39.319+0200: 15269,723: Total time for which application threads were stopped: 0,0001182 seconds, Stopping threads took: 0,0000261 seconds
{Heap before GC invocations=73 (full 12):
 par new generation   total 109248K, used 109097K [0x00000000e0000000, 0x00000000e8000000, 0x00000000e8000000)
  eden space 87424K,  99% used [0x00000000e0000000, 0x00000000e553a6a0, 0x00000000e5560000)
  from space 21824K, 100% used [0x00000000e6ab0000, 0x00000000e8000000, 0x00000000e8000000)
  to   space 21824K,   0% used [0x00000000e5560000, 0x00000000e5560000, 0x00000000e6ab0000)
 concurrent mark-sweep generation total 393216K, used 176781K [0x00000000e8000000, 0x0000000100000000, 0x0000000100000000)
 Metaspace       used 32191K, capacity 32552K, committed 33220K, reserved 1079296K
  class space    used 3565K, capacity 3704K, committed 3836K, reserved 1048576K
2017-07-31T15:58:39.379+0200: 15269,784: [GC (Allocation Failure) 2017-07-31T15:58:39.379+0200: 15269,784: [ParNew
Desired survivor size 20112992 bytes, new threshold 5 (max 8)
- age   1:    9671920 bytes,    9671920 total
- age   2:    8289976 bytes,   17961896 total
- age   3:    1965800 bytes,   19927696 total
- age   4:      32784 bytes,   19960480 total
- age   5:    2262768 bytes,   22223248 total
: 109097K->21824K(109248K), 0,0076549 secs] 285879K->213631K(502464K), 0,0077213 secs] [Times: user=0,03 sys=0,00, real=0,01 secs] 
Heap after GC invocations=74 (full 12):
 par new generation   total 109248K, used 21824K [0x00000000e0000000, 0x00000000e8000000, 0x00000000e8000000)
  eden space 87424K,   0% used [0x00000000e0000000, 0x00000000e0000000, 0x00000000e5560000)
  from space 21824K, 100% used [0x00000000e5560000, 0x00000000e6ab0000, 0x00000000e6ab0000)
  to   space 21824K,   0% used [0x00000000e6ab0000, 0x00000000e6ab0000, 0x00000000e8000000)
 concurrent mark-sweep generation total 393216K, used 191807K [0x00000000e8000000, 0x0000000100000000, 0x0000000100000000)
 Metaspace       used 32191K, capacity 32552K, committed 33220K, reserved 1079296K
  class space    used 3565K, capacity 3704K, committed 3836K, reserved 1048576K
}
2017-07-31T15:58:39.387+0200: 15269,791: Total time for which application threads were stopped: 0,0078821 seconds, Stopping threads took: 0,0000158 seconds
2017-07-31T15:58:39.835+0200: 15270,239: Total time for which application threads were stopped: 0,0001487 seconds, Stopping threads took: 0,0000500 seconds
2017-07-31T15:58:39.836+0200: 15270,241: Total time for which application threads were stopped: 0,0000945 seconds, Stopping threads took: 0,0000299 seconds
{Heap before GC invocations=74 (full 12):
 par new generation   total 109248K, used 109248K [0x00000000e0000000, 0x00000000e8000000, 0x00000000e8000000)
  eden space 87424K, 100% used [0x00000000e0000000, 0x00000000e5560000, 0x00000000e5560000)
  from space 21824K, 100% used [0x00000000e5560000, 0x00000000e6ab0000, 0x00000000e6ab0000)
  to   space 21824K,   0% used [0x00000000e6ab0000, 0x00000000e6ab0000, 0x00000000e8000000)
 concurrent mark-sweep generation total 393216K, used 191807K [0x00000000e8000000, 0x0000000100000000, 0x0000000100000000)
 Metaspace       used 32202K, capacity 32552K, committed 33220K, reserved 1079296K
  class space    used 3565K, capacity 3704K, committed 3836K, reserved 1048576K
2017-07-31T15:58:40.045+0200: 15270,450: [GC (Allocation Failure) 2017-07-31T15:58:40.045+0200: 15270,450: [ParNew
Desired survivor size 20112992 bytes, new threshold 4 (max 8)
- age   1:    9592184 bytes,    9592184 total
- age   2:    3730032 bytes,   13322216 total
- age   3:    5943608 bytes,   19265824 total
- age   4:    1657336 bytes,   20923160 total
- age   5:      32784 bytes,   20955944 total
: 109248K->21824K(109248K), 0,0063684 secs] 301055K->222572K(502464K), 0,0064349 secs] [Times: user=0,02 sys=0,00, real=0,00 secs] 
Heap after GC invocations=75 (full 12):
 par new generation   total 109248K, used 21824K [0x00000000e0000000, 0x00000000e8000000, 0x00000000e8000000)
  eden space 87424K,   0% used [0x00000000e0000000, 0x00000000e0000000, 0x00000000e5560000)
  from space 21824K, 100% used [0x00000000e6ab0000, 0x00000000e8000000, 0x00000000e8000000)
  to   space 21824K,   0% used [0x00000000e5560000, 0x00000000e5560000, 0x00000000e6ab0000)
 concurrent mark-sweep generation total 393216K, used 200748K [0x00000000e8000000, 0x0000000100000000, 0x0000000100000000)
 Metaspace       used 32202K, capacity 32552K, committed 33220K, reserved 1079296K
  class space    used 3565K, capacity 3704K, committed 3836K, reserved 1048576K
}
2017-07-31T15:58:40.052+0200: 15270,456: Total time for which application threads were stopped: 0,0066152 seconds, Stopping threads took: 0,0000450 seconds
2017-07-31T15:58:40.052+0200: 15270,457: [GC (CMS Initial Mark) [1 CMS-initial-mark: 200748K(393216K)] 223330K(502464K), 0,0008632 secs] [Times: user=0,00 sys=0,00, real=0,00 secs] 
2017-07-31T15:58:40.053+0200: 15270,457: Total time for which application threads were stopped: 0,0010127 seconds, Stopping threads took: 0,0000669 seconds
2017-07-31T15:58:40.053+0200: 15270,457: [CMS-concurrent-mark-start]
2017-07-31T15:58:40.072+0200: 15270,476: [CMS-concurrent-mark: 0,019/0,019 secs] [Times: user=0,11 sys=0,00, real=0,01 secs] 
2017-07-31T15:58:40.072+0200: 15270,476: [CMS-concurrent-preclean-start]
2017-07-31T15:58:40.073+0200: 15270,477: [CMS-concurrent-preclean: 0,001/0,001 secs] [Times: user=0,00 sys=0,00, real=0,01 secs] 
2017-07-31T15:58:40.073+0200: 15270,477: [CMS-concurrent-abortable-preclean-start]
{Heap before GC invocations=75 (full 13):
 par new generation   total 109248K, used 109248K [0x00000000e0000000, 0x00000000e8000000, 0x00000000e8000000)
  eden space 87424K, 100% used [0x00000000e0000000, 0x00000000e5560000, 0x00000000e5560000)
  from space 21824K, 100% used [0x00000000e6ab0000, 0x00000000e8000000, 0x00000000e8000000)
  to   space 21824K,   0% used [0x00000000e5560000, 0x00000000e5560000, 0x00000000e6ab0000)
 concurrent mark-sweep generation total 393216K, used 200748K [0x00000000e8000000, 0x0000000100000000, 0x0000000100000000)
 Metaspace       used 32202K, capacity 32552K, committed 33220K, reserved 1079296K
  class space    used 3565K, capacity 3704K, committed 3836K, reserved 1048576K
2017-07-31T15:58:40.246+0200: 15270,650: [GC (Allocation Failure) 2017-07-31T15:58:40.246+0200: 15270,650: [ParNew
Desired survivor size 20112992 bytes, new threshold 8 (max 8)
- age   1:    4109656 bytes,    4109656 total
- age   2:    5680856 bytes,    9790512 total
- age   3:    4483520 bytes,   14274032 total
- age   4:    4892752 bytes,   19166784 total
: 109248K->21824K(109248K), 0,0056730 secs] 309996K->229710K(502464K), 0,0057359 secs] [Times: user=0,02 sys=0,00, real=0,00 secs] 
Heap after GC invocations=76 (full 13):
 par new generation   total 109248K, used 21824K [0x00000000e0000000, 0x00000000e8000000, 0x00000000e8000000)
  eden space 87424K,   0% used [0x00000000e0000000, 0x00000000e0000000, 0x00000000e5560000)
  from space 21824K, 100% used [0x00000000e5560000, 0x00000000e6ab0000, 0x00000000e6ab0000)
  to   space 21824K,   0% used [0x00000000e6ab0000, 0x00000000e6ab0000, 0x00000000e8000000)
 concurrent mark-sweep generation total 393216K, used 207886K [0x00000000e8000000, 0x0000000100000000, 0x0000000100000000)
 Metaspace       used 32202K, capacity 32552K, committed 33220K, reserved 1079296K
  class space    used 3565K, capacity 3704K, committed 3836K, reserved 1048576K
}
2017-07-31T15:58:40.251+0200: 15270,656: Total time for which application threads were stopped: 0,0059260 seconds, Stopping threads took: 0,0000371 seconds
2017-07-31T15:58:40.252+0200: 15270,656: [CMS-concurrent-abortable-preclean: 0,012/0,179 secs] [Times: user=0,37 sys=0,02, real=0,17 secs] 
2017-07-31T15:58:40.252+0200: 15270,656: [GC (CMS Final Remark) [YG occupancy: 22798 K (109248 K)]{Heap before GC invocations=76 (full 13):
 par new generation   total 109248K, used 22798K [0x00000000e0000000, 0x00000000e8000000, 0x00000000e8000000)
  eden space 87424K,   1% used [0x00000000e0000000, 0x00000000e00f3a20, 0x00000000e5560000)
  from space 21824K, 100% used [0x00000000e5560000, 0x00000000e6ab0000, 0x00000000e6ab0000)
  to   space 21824K,   0% used [0x00000000e6ab0000, 0x00000000e6ab0000, 0x00000000e8000000)
 concurrent mark-sweep generation total 393216K, used 207886K [0x00000000e8000000, 0x0000000100000000, 0x0000000100000000)
 Metaspace       used 32202K, capacity 32552K, committed 33220K, reserved 1079296K
  class space    used 3565K, capacity 3704K, committed 3836K, reserved 1048576K
2017-07-31T15:58:40.252+0200: 15270,656: [GC (CMS Final Remark) 2017-07-31T15:58:40.252+0200: 15270,656: [ParNew
Desired survivor size 20112992 bytes, new threshold 8 (max 8)
- age   1:      32808 bytes,      32808 total
- age   2:    3302392 bytes,    3335200 total
- age   3:    5575680 bytes,    8910880 total
- age   4:    3416688 bytes,   12327568 total
- age   5:    4885784 bytes,   17213352 total
: 22798K->21824K(109248K), 0,0039487 secs] 230685K->230626K(502464K), 0,0039892 secs] [Times: user=0,02 sys=0,00, real=0,01 secs] 
Heap after GC invocations=77 (full 13):
 par new generation   total 109248K, used 21824K [0x00000000e0000000, 0x00000000e8000000, 0x00000000e8000000)
  eden space 87424K,   0% used [0x00000000e0000000, 0x00000000e0000000, 0x00000000e5560000)
  from space 21824K, 100% used [0x00000000e6ab0000, 0x00000000e8000000, 0x00000000e8000000)
  to   space 21824K,   0% used [0x00000000e5560000, 0x00000000e5560000, 0x00000000e6ab0000)
 concurrent mark-sweep generation total 393216K, used 208802K [0x00000000e8000000, 0x0000000100000000, 0x0000000100000000)
 Metaspace       used 32202K, capacity 32552K, committed 33220K, reserved 1079296K
  class space    used 3565K, capacity 3704K, committed 3836K, reserved 1048576K
}
2017-07-31T15:58:40.256+0200: 15270,660: [Rescan (parallel) , 0,0008938 secs]2017-07-31T15:58:40.257+0200: 15270,661: [weak refs processing, 0,0002613 secs]2017-07-31T15:58:40.257+0200: 15270,661: [class unloading, 0,0048617 secs]2017-07-31T15:58:40.262+0200: 15270,666: [scrub symbol table, 0,0026215 secs]2017-07-31T15:58:40.264+0200: 15270,669: [scrub string table, 0,0004418 secs][1 CMS-remark: 208802K(393216K)] 230626K(502464K), 0,0133215 secs] [Times: user=0,03 sys=0,00, real=0,02 secs] 
2017-07-31T15:58:40.265+0200: 15270,669: Total time for which application threads were stopped: 0,0134722 seconds, Stopping threads took: 0,0000726 seconds
2017-07-31T15:58:40.265+0200: 15270,670: [CMS-concurrent-sweep-start]
2017-07-31T15:58:40.282+0200: 15270,687: [CMS-concurrent-sweep: 0,017/0,017 secs] [Times: user=0,05 sys=0,00, real=0,02 secs] 
2017-07-31T15:58:40.282+0200: 15270,687: [CMS-concurrent-reset-start]
2017-07-31T15:58:40.283+0200: 15270,687: [CMS-concurrent-reset: 0,000/0,000 secs] [Times: user=0,00 sys=0,00, real=0,00 secs] 
2017-07-31T15:58:40.321+0200: 15270,726: Total time for which application threads were stopped: 0,0001004 seconds, Stopping threads took: 0,0000264 seconds
2017-07-31T15:58:40.485+0200: 15270,890: Total time for which application threads were stopped: 0,0001076 seconds, Stopping threads took: 0,0000244 seconds
{Heap before GC invocations=77 (full 13):
 par new generation   total 109248K, used 109248K [0x00000000e0000000, 0x00000000e8000000, 0x00000000e8000000)
  eden space 87424K, 100% used [0x00000000e0000000, 0x00000000e5560000, 0x00000000e5560000)
  from space 21824K, 100% used [0x00000000e6ab0000, 0x00000000e8000000, 0x00000000e8000000)
  to   space 21824K,   0% used [0x00000000e5560000, 0x00000000e5560000, 0x00000000e6ab0000)
 concurrent mark-sweep generation total 393216K, used 206836K [0x00000000e8000000, 0x0000000100000000, 0x0000000100000000)
 Metaspace       used 32207K, capacity 32552K, committed 33220K, reserved 1079296K
  class space    used 3565K, capacity 3704K, committed 3836K, reserved 1048576K
2017-07-31T15:58:41.169+0200: 15271,574: [GC (Allocation Failure) 2017-07-31T15:58:41.169+0200: 15271,574: [ParNew
Desired survivor size 20112992 bytes, new threshold 6 (max 8)
- age   1:    9423944 bytes,    9423944 total
- age   2:      32784 bytes,    9456728 total
- age   3:    1402296 bytes,   10859024 total
- age   4:    3387712 bytes,   14246736 total
- age   5:    3256128 bytes,   17502864 total
- age   6:    4815688 bytes,   22318552 total
: 109248K->21824K(109248K), 0,0069087 secs] 316084K->240322K(502464K), 0,0069751 secs] [Times: user=0,02 sys=0,00, real=0,01 secs] 
Heap after GC invocations=78 (full 13):
 par new generation   total 109248K, used 21824K [0x00000000e0000000, 0x00000000e8000000, 0x00000000e8000000)
  eden space 87424K,   0% used [0x00000000e0000000, 0x00000000e0000000, 0x00000000e5560000)
  from space 21824K, 100% used [0x00000000e5560000, 0x00000000e6ab0000, 0x00000000e6ab0000)
  to   space 21824K,   0% used [0x00000000e6ab0000, 0x00000000e6ab0000, 0x00000000e8000000)
 concurrent mark-sweep generation total 393216K, used 218498K [0x00000000e8000000, 0x0000000100000000, 0x0000000100000000)
 Metaspace       used 32207K, capacity 32552K, committed 33220K, reserved 1079296K
  class space    used 3565K, capacity 3704K, committed 3836K, reserved 1048576K
}
2017-07-31T15:58:41.176+0200: 15271,581: Total time for which application threads were stopped: 0,0071209 seconds, Stopping threads took: 0,0000163 seconds
2017-07-31T15:58:41.176+0200: 15271,581: [GC (CMS Initial Mark) [1 CMS-initial-mark: 218498K(393216K)] 241029K(502464K), 0,0008041 secs] [Times: user=0,00 sys=0,00, real=0,00 secs] 
2017-07-31T15:58:41.177+0200: 15271,582: Total time for which application threads were stopped: 0,0008921 seconds, Stopping threads took: 0,0000195 seconds
2017-07-31T15:58:41.177+0200: 15271,582: [CMS-concurrent-mark-start]
2017-07-31T15:58:41.196+0200: 15271,600: [CMS-concurrent-mark: 0,019/0,019 secs] [Times: user=0,09 sys=0,00, real=0,02 secs] 
2017-07-31T15:58:41.196+0200: 15271,600: [CMS-concurrent-preclean-start]
2017-07-31T15:58:41.197+0200: 15271,602: [CMS-concurrent-preclean: 0,001/0,001 secs] [Times: user=0,00 sys=0,00, real=0,00 secs] 
2017-07-31T15:58:41.197+0200: 15271,602: [GC (CMS Final Remark) [YG occupancy: 23198 K (109248 K)]{Heap before GC invocations=78 (full 14):
 par new generation   total 109248K, used 23198K [0x00000000e0000000, 0x00000000e8000000, 0x00000000e8000000)
  eden space 87424K,   1% used [0x00000000e0000000, 0x00000000e0157978, 0x00000000e5560000)
  from space 21824K, 100% used [0x00000000e5560000, 0x00000000e6ab0000, 0x00000000e6ab0000)
  to   space 21824K,   0% used [0x00000000e6ab0000, 0x00000000e6ab0000, 0x00000000e8000000)
 concurrent mark-sweep generation total 393216K, used 218498K [0x00000000e8000000, 0x0000000100000000, 0x0000000100000000)
 Metaspace       used 32208K, capacity 32552K, committed 33220K, reserved 1079296K
  class space    used 3565K, capacity 3704K, committed 3836K, reserved 1048576K
2017-07-31T15:58:41.197+0200: 15271,602: [GC (CMS Final Remark) 2017-07-31T15:58:41.197+0200: 15271,602: [ParNew
Desired survivor size 20112992 bytes, new threshold 8 (max 8)
- age   1:     121456 bytes,     121456 total
- age   2:    8428032 bytes,    8549488 total
- age   3:      32784 bytes,    8582272 total
- age   4:    1362280 bytes,    9944552 total
- age   5:    3308648 bytes,   13253200 total
- age   6:    3225880 bytes,   16479080 total
: 23198K->21824K(109248K), 0,0069911 secs] 241696K->245519K(502464K), 0,0070592 secs] [Times: user=0,01 sys=0,01, real=0,01 secs] 
Heap after GC invocations=79 (full 14):
 par new generation   total 109248K, used 21824K [0x00000000e0000000, 0x00000000e8000000, 0x00000000e8000000)
  eden space 87424K,   0% used [0x00000000e0000000, 0x00000000e0000000, 0x00000000e5560000)
  from space 21824K, 100% used [0x00000000e6ab0000, 0x00000000e8000000, 0x00000000e8000000)
  to   space 21824K,   0% used [0x00000000e5560000, 0x00000000e5560000, 0x00000000e6ab0000)
 concurrent mark-sweep generation total 393216K, used 223695K [0x00000000e8000000, 0x0000000100000000, 0x0000000100000000)
 Metaspace       used 32208K, capacity 32552K, committed 33220K, reserved 1079296K
  class space    used 3565K, capacity 3704K, committed 3836K, reserved 1048576K
}
2017-07-31T15:58:41.204+0200: 15271,609: [Rescan (parallel) , 0,0010451 secs]2017-07-31T15:58:41.206+0200: 15271,610: [weak refs processing, 0,0002719 secs]2017-07-31T15:58:41.206+0200: 15271,610: [class unloading, 0,0049293 secs]2017-07-31T15:58:41.211+0200: 15271,615: [scrub symbol table, 0,0028812 secs]2017-07-31T15:58:41.214+0200: 15271,618: [scrub string table, 0,0004640 secs][1 CMS-remark: 223695K(393216K)] 245519K(502464K), 0,0168501 secs] [Times: user=0,03 sys=0,01, real=0,02 secs] 
2017-07-31T15:58:41.214+0200: 15271,619: Total time for which application threads were stopped: 0,0169499 seconds, Stopping threads took: 0,0000146 seconds
2017-07-31T15:58:41.214+0200: 15271,619: [CMS-concurrent-sweep-start]
2017-07-31T15:58:41.233+0200: 15271,638: [CMS-concurrent-sweep: 0,019/0,019 secs] [Times: user=0,02 sys=0,00, real=0,02 secs] 
2017-07-31T15:58:41.233+0200: 15271,638: [CMS-concurrent-reset-start]
2017-07-31T15:58:41.234+0200: 15271,638: [CMS-concurrent-reset: 0,001/0,001 secs] [Times: user=0,00 sys=0,00, real=0,00 secs] 
2017-07-31T15:58:42.214+0200: 15272,619: Total time for which application threads were stopped: 0,0001451 seconds, Stopping threads took: 0,0000385 seconds
{Heap before GC invocations=79 (full 14):
 par new generation   total 109248K, used 107539K [0x00000000e0000000, 0x00000000e8000000, 0x00000000e8000000)
  eden space 87424K,  98% used [0x00000000e0000000, 0x00000000e53b4c80, 0x00000000e5560000)
  from space 21824K, 100% used [0x00000000e6ab0000, 0x00000000e8000000, 0x00000000e8000000)
  to   space 21824K,   0% used [0x00000000e5560000, 0x00000000e5560000, 0x00000000e6ab0000)
 concurrent mark-sweep generation total 393216K, used 176912K [0x00000000e8000000, 0x0000000100000000, 0x0000000100000000)
 Metaspace       used 32211K, capacity 32552K, committed 33220K, reserved 1079296K
  class space    used 3565K, capacity 3704K, committed 3836K, reserved 1048576K
2017-07-31T15:58:42.731+0200: 15273,136: [GC (Allocation Failure) 2017-07-31T15:58:42.731+0200: 15273,136: [ParNew
Desired survivor size 20112992 bytes, new threshold 7 (max 8)
- age   1:   11280104 bytes,   11280104 total
- age   2:      91192 bytes,   11371296 total
- age   3:    3558136 bytes,   14929432 total
- age   4:      32784 bytes,   14962216 total
- age   5:    1362280 bytes,   16324496 total
- age   6:    3071952 bytes,   19396448 total
- age   7:    3899568 bytes,   23296016 total
: 107539K->21824K(109248K), 0,0078954 secs] 284451K->211957K(502464K), 0,0079728 secs] [Times: user=0,03 sys=0,00, real=0,01 secs] 
Heap after GC invocations=80 (full 14):
 par new generation   total 109248K, used 21824K [0x00000000e0000000, 0x00000000e8000000, 0x00000000e8000000)
  eden space 87424K,   0% used [0x00000000e0000000, 0x00000000e0000000, 0x00000000e5560000)
  from space 21824K, 100% used [0x00000000e5560000, 0x00000000e6ab0000, 0x00000000e6ab0000)
  to   space 21824K,   0% used [0x00000000e6ab0000, 0x00000000e6ab0000, 0x00000000e8000000)
 concurrent mark-sweep generation total 393216K, used 190133K [0x00000000e8000000, 0x0000000100000000, 0x0000000100000000)
 Metaspace       used 32211K, capacity 32552K, committed 33220K, reserved 1079296K
  class space    used 3565K, capacity 3704K, committed 3836K, reserved 1048576K
}
2017-07-31T15:58:42.739+0200: 15273,144: Total time for which application threads were stopped: 0,0081566 seconds, Stopping threads took: 0,0000275 seconds
2017-07-31T15:58:43.739+0200: 15274,144: Total time for which application threads were stopped: 0,0001396 seconds, Stopping threads took: 0,0000368 seconds
{Heap before GC invocations=80 (full 14):
 par new generation   total 109248K, used 109248K [0x00000000e0000000, 0x00000000e8000000, 0x00000000e8000000)
  eden space 87424K, 100% used [0x00000000e0000000, 0x00000000e5560000, 0x00000000e5560000)
  from space 21824K, 100% used [0x00000000e5560000, 0x00000000e6ab0000, 0x00000000e6ab0000)
  to   space 21824K,   0% used [0x00000000e6ab0000, 0x00000000e6ab0000, 0x00000000e8000000)
 concurrent mark-sweep generation total 393216K, used 190133K [0x00000000e8000000, 0x0000000100000000, 0x0000000100000000)
 Metaspace       used 32218K, capacity 32616K, committed 33220K, reserved 1079296K
  class space    used 3565K, capacity 3704K, committed 3836K, reserved 1048576K
2017-07-31T15:58:44.315+0200: 15274,719: [GC (Allocation Failure) 2017-07-31T15:58:44.315+0200: 15274,720: [ParNew
Desired survivor size 20112992 bytes, new threshold 7 (max 8)
- age   1:   13143008 bytes,   13143008 total
- age   2:    5443552 bytes,   18586560 total
- age   3:      34984 bytes,   18621544 total
- age   4:     900056 bytes,   19521600 total
- age   5:      32784 bytes,   19554384 total
- age   6:     471928 bytes,   20026312 total
- age   7:    2247920 bytes,   22274232 total
: 109248K->21824K(109248K), 0,0095274 secs] 299381K->233080K(502464K), 0,0096020 secs] [Times: user=0,03 sys=0,00, real=0,01 secs] 
Heap after GC invocations=81 (full 14):
 par new generation   total 109248K, used 21824K [0x00000000e0000000, 0x00000000e8000000, 0x00000000e8000000)
  eden space 87424K,   0% used [0x00000000e0000000, 0x00000000e0000000, 0x00000000e5560000)
  from space 21824K, 100% used [0x00000000e6ab0000, 0x00000000e8000000, 0x00000000e8000000)
  to   space 21824K,   0% used [0x00000000e5560000, 0x00000000e5560000, 0x00000000e6ab0000)
 concurrent mark-sweep generation total 393216K, used 211256K [0x00000000e8000000, 0x0000000100000000, 0x0000000100000000)
 Metaspace       used 32218K, capacity 32616K, committed 33220K, reserved 1079296K
  class space    used 3565K, capacity 3704K, committed 3836K, reserved 1048576K
}
2017-07-31T15:58:44.325+0200: 15274,729: Total time for which application threads were stopped: 0,0097858 seconds, Stopping threads took: 0,0000283 seconds
2017-07-31T15:58:44.325+0200: 15274,729: [GC (CMS Initial Mark) [1 CMS-initial-mark: 211256K(393216K)] 233529K(502464K), 0,0008624 secs] [Times: user=0,01 sys=0,00, real=0,00 secs] 
2017-07-31T15:58:44.326+0200: 15274,730: Total time for which application threads were stopped: 0,0009706 seconds, Stopping threads took: 0,0000306 seconds
2017-07-31T15:58:44.326+0200: 15274,730: [CMS-concurrent-mark-start]
2017-07-31T15:58:44.346+0200: 15274,750: [CMS-concurrent-mark: 0,020/0,020 secs] [Times: user=0,09 sys=0,00, real=0,02 secs] 
2017-07-31T15:58:44.346+0200: 15274,750: [CMS-concurrent-preclean-start]
2017-07-31T15:58:44.347+0200: 15274,751: [CMS-concurrent-preclean: 0,001/0,001 secs] [Times: user=0,00 sys=0,00, real=0,00 secs] 
2017-07-31T15:58:44.347+0200: 15274,751: [GC (CMS Final Remark) [YG occupancy: 23665 K (109248 K)]{Heap before GC invocations=81 (full 15):
 par new generation   total 109248K, used 23665K [0x00000000e0000000, 0x00000000e8000000, 0x00000000e8000000)
  eden space 87424K,   2% used [0x00000000e0000000, 0x00000000e01cc610, 0x00000000e5560000)
  from space 21824K, 100% used [0x00000000e6ab0000, 0x00000000e8000000, 0x00000000e8000000)
  to   space 21824K,   0% used [0x00000000e5560000, 0x00000000e5560000, 0x00000000e6ab0000)
 concurrent mark-sweep generation total 393216K, used 211256K [0x00000000e8000000, 0x0000000100000000, 0x0000000100000000)
 Metaspace       used 32218K, capacity 32616K, committed 33220K, reserved 1079296K
  class space    used 3565K, capacity 3704K, committed 3836K, reserved 1048576K
2017-07-31T15:58:44.347+0200: 15274,751: [GC (CMS Final Remark) 2017-07-31T15:58:44.347+0200: 15274,751: [ParNew
Desired survivor size 20112992 bytes, new threshold 8 (max 8)
- age   1:     325360 bytes,     325360 total
- age   2:   12841072 bytes,   13166432 total
- age   3:    4196216 bytes,   17362648 total
- age   4:      34984 bytes,   17397632 total
- age   5:     899600 bytes,   18297232 total
- age   6:      32784 bytes,   18330016 total
- age   7:     471880 bytes,   18801896 total
: 23665K->21824K(109248K), 0,0055675 secs] 234921K->236623K(502464K), 0,0056165 secs] [Times: user=0,01 sys=0,01, real=0,01 secs] 
Heap after GC invocations=82 (full 15):
 par new generation   total 109248K, used 21824K [0x00000000e0000000, 0x00000000e8000000, 0x00000000e8000000)
  eden space 87424K,   0% used [0x00000000e0000000, 0x00000000e0000000, 0x00000000e5560000)
  from space 21824K, 100% used [0x00000000e5560000, 0x00000000e6ab0000, 0x00000000e6ab0000)
  to   space 21824K,   0% used [0x00000000e6ab0000, 0x00000000e6ab0000, 0x00000000e8000000)
 concurrent mark-sweep generation total 393216K, used 214799K [0x00000000e8000000, 0x0000000100000000, 0x0000000100000000)
 Metaspace       used 32218K, capacity 32616K, committed 33220K, reserved 1079296K
  class space    used 3565K, capacity 3704K, committed 3836K, reserved 1048576K
}
2017-07-31T15:58:44.352+0200: 15274,757: [Rescan (parallel) , 0,0009351 secs]2017-07-31T15:58:44.353+0200: 15274,758: [weak refs processing, 0,0002503 secs]2017-07-31T15:58:44.354+0200: 15274,758: [class unloading, 0,0047401 secs]2017-07-31T15:58:44.358+0200: 15274,763: [scrub symbol table, 0,0026000 secs]2017-07-31T15:58:44.361+0200: 15274,765: [scrub string table, 0,0004510 secs][1 CMS-remark: 214799K(393216K)] 236623K(502464K), 0,0147794 secs] [Times: user=0,02 sys=0,01, real=0,02 secs] 
2017-07-31T15:58:44.362+0200: 15274,766: Total time for which application threads were stopped: 0,0149122 seconds, Stopping threads took: 0,0000388 seconds
2017-07-31T15:58:44.362+0200: 15274,766: [CMS-concurrent-sweep-start]
2017-07-31T15:58:44.379+0200: 15274,784: [CMS-concurrent-sweep: 0,018/0,018 secs] [Times: user=0,04 sys=0,00, real=0,01 secs] 
2017-07-31T15:58:44.380+0200: 15274,784: [CMS-concurrent-reset-start]
2017-07-31T15:58:44.380+0200: 15274,784: [CMS-concurrent-reset: 0,000/0,000 secs] [Times: user=0,00 sys=0,00, real=0,01 secs] 
2017-07-31T15:58:45.362+0200: 15275,766: Total time for which application threads were stopped: 0,0000836 seconds, Stopping threads took: 0,0000173 seconds
{Heap before GC invocations=82 (full 15):
 par new generation   total 109248K, used 109248K [0x00000000e0000000, 0x00000000e8000000, 0x00000000e8000000)
  eden space 87424K, 100% used [0x00000000e0000000, 0x00000000e5560000, 0x00000000e5560000)
  from space 21824K, 100% used [0x00000000e5560000, 0x00000000e6ab0000, 0x00000000e6ab0000)
  to   space 21824K,   0% used [0x00000000e6ab0000, 0x00000000e6ab0000, 0x00000000e8000000)
 concurrent mark-sweep generation total 393216K, used 205836K [0x00000000e8000000, 0x0000000100000000, 0x0000000100000000)
 Metaspace       used 32225K, capacity 32616K, committed 33220K, reserved 1079296K
  class space    used 3565K, capacity 3704K, committed 3836K, reserved 1048576K
2017-07-31T15:58:46.036+0200: 15276,441: [GC (Allocation Failure) 2017-07-31T15:58:46.036+0200: 15276,441: [ParNew
Desired survivor size 20112992 bytes, new threshold 6 (max 8)
- age   1:   11394664 bytes,   11394664 total
- age   2:     234344 bytes,   11629008 total
- age   3:    4683784 bytes,   16312792 total
- age   4:    3739872 bytes,   20052664 total
- age   5:       1880 bytes,   20054544 total
- age   6:     178080 bytes,   20232624 total
- age   7:      32784 bytes,   20265408 total
- age   8:     264400 bytes,   20529808 total
: 109248K->21824K(109248K), 0,0075818 secs] 315084K->242213K(502464K), 0,0076506 secs] [Times: user=0,02 sys=0,00, real=0,01 secs] 
Heap after GC invocations=83 (full 15):
 par new generation   total 109248K, used 21824K [0x00000000e0000000, 0x00000000e8000000, 0x00000000e8000000)
  eden space 87424K,   0% used [0x00000000e0000000, 0x00000000e0000000, 0x00000000e5560000)
  from space 21824K, 100% used [0x00000000e6ab0000, 0x00000000e8000000, 0x00000000e8000000)
  to   space 21824K,   0% used [0x00000000e5560000, 0x00000000e5560000, 0x00000000e6ab0000)
 concurrent mark-sweep generation total 393216K, used 220389K [0x00000000e8000000, 0x0000000100000000, 0x0000000100000000)
 Metaspace       used 32225K, capacity 32616K, committed 33220K, reserved 1079296K
  class space    used 3565K, capacity 3704K, committed 3836K, reserved 1048576K
}
2017-07-31T15:58:46.044+0200: 15276,448: Total time for which application threads were stopped: 0,0078154 seconds, Stopping threads took: 0,0000232 seconds
2017-07-31T15:58:46.044+0200: 15276,448: [GC (CMS Initial Mark) [1 CMS-initial-mark: 220389K(393216K)] 242563K(502464K), 0,0009153 secs] [Times: user=0,00 sys=0,00, real=0,00 secs] 
2017-07-31T15:58:46.045+0200: 15276,449: Total time for which application threads were stopped: 0,0010397 seconds, Stopping threads took: 0,0000353 seconds
2017-07-31T15:58:46.045+0200: 15276,449: [CMS-concurrent-mark-start]
2017-07-31T15:58:46.068+0200: 15276,473: [CMS-concurrent-mark: 0,023/0,023 secs] [Times: user=0,12 sys=0,00, real=0,02 secs] 
2017-07-31T15:58:46.068+0200: 15276,473: [CMS-concurrent-preclean-start]
2017-07-31T15:58:46.069+0200: 15276,474: [CMS-concurrent-preclean: 0,001/0,001 secs] [Times: user=0,00 sys=0,00, real=0,00 secs] 
2017-07-31T15:58:46.069+0200: 15276,474: [GC (CMS Final Remark) [YG occupancy: 23556 K (109248 K)]{Heap before GC invocations=83 (full 16):
 par new generation   total 109248K, used 23556K [0x00000000e0000000, 0x00000000e8000000, 0x00000000e8000000)
  eden space 87424K,   1% used [0x00000000e0000000, 0x00000000e01b11a8, 0x00000000e5560000)
  from space 21824K, 100% used [0x00000000e6ab0000, 0x00000000e8000000, 0x00000000e8000000)
  to   space 21824K,   0% used [0x00000000e5560000, 0x00000000e5560000, 0x00000000e6ab0000)
 concurrent mark-sweep generation total 393216K, used 220389K [0x00000000e8000000, 0x0000000100000000, 0x0000000100000000)
 Metaspace       used 32225K, capacity 32616K, committed 33220K, reserved 1079296K
  class space    used 3565K, capacity 3704K, committed 3836K, reserved 1048576K
2017-07-31T15:58:46.069+0200: 15276,474: [GC (CMS Final Remark) 2017-07-31T15:58:46.069+0200: 15276,474: [ParNew
Desired survivor size 20112992 bytes, new threshold 5 (max 8)
- age   1:     301320 bytes,     301320 total
- age   2:   11371744 bytes,   11673064 total
- age   3:     234344 bytes,   11907408 total
- age   4:    4683784 bytes,   16591192 total
- age   5:    3739872 bytes,   20331064 total
- age   6:       1880 bytes,   20332944 total
: 23556K->21824K(109248K), 0,0046987 secs] 243945K->243429K(502464K), 0,0047448 secs] [Times: user=0,02 sys=0,00, real=0,01 secs] 
Heap after GC invocations=84 (full 16):
 par new generation   total 109248K, used 21824K [0x00000000e0000000, 0x00000000e8000000, 0x00000000e8000000)
  eden space 87424K,   0% used [0x00000000e0000000, 0x00000000e0000000, 0x00000000e5560000)
  from space 21824K, 100% used [0x00000000e5560000, 0x00000000e6ab0000, 0x00000000e6ab0000)
  to   space 21824K,   0% used [0x00000000e6ab0000, 0x00000000e6ab0000, 0x00000000e8000000)
 concurrent mark-sweep generation total 393216K, used 221605K [0x00000000e8000000, 0x0000000100000000, 0x0000000100000000)
 Metaspace       used 32225K, capacity 32616K, committed 33220K, reserved 1079296K
  class space    used 3565K, capacity 3704K, committed 3836K, reserved 1048576K
}
2017-07-31T15:58:46.074+0200: 15276,479: [Rescan (parallel) , 0,0011246 secs]2017-07-31T15:58:46.075+0200: 15276,480: [weak refs processing, 0,0002564 secs]2017-07-31T15:58:46.076+0200: 15276,480: [class unloading, 0,0046734 secs]2017-07-31T15:58:46.080+0200: 15276,485: [scrub symbol table, 0,0025455 secs]2017-07-31T15:58:46.083+0200: 15276,487: [scrub string table, 0,0004435 secs][1 CMS-remark: 221605K(393216K)] 243429K(502464K), 0,0139751 secs] [Times: user=0,03 sys=0,00, real=0,02 secs] 
2017-07-31T15:58:46.083+0200: 15276,488: Total time for which application threads were stopped: 0,0141032 seconds, Stopping threads took: 0,0000356 seconds
2017-07-31T15:58:46.083+0200: 15276,488: [CMS-concurrent-sweep-start]
2017-07-31T15:58:46.101+0200: 15276,506: [CMS-concurrent-sweep: 0,018/0,018 secs] [Times: user=0,03 sys=0,00, real=0,02 secs] 
2017-07-31T15:58:46.101+0200: 15276,506: [CMS-concurrent-reset-start]
2017-07-31T15:58:46.102+0200: 15276,506: [CMS-concurrent-reset: 0,000/0,000 secs] [Times: user=0,00 sys=0,00, real=0,00 secs] 
{Heap before GC invocations=84 (full 16):
 par new generation   total 109248K, used 109248K [0x00000000e0000000, 0x00000000e8000000, 0x00000000e8000000)
  eden space 87424K, 100% used [0x00000000e0000000, 0x00000000e5560000, 0x00000000e5560000)
  from space 21824K, 100% used [0x00000000e5560000, 0x00000000e6ab0000, 0x00000000e6ab0000)
  to   space 21824K,   0% used [0x00000000e6ab0000, 0x00000000e6ab0000, 0x00000000e8000000)
 concurrent mark-sweep generation total 393216K, used 196667K [0x00000000e8000000, 0x0000000100000000, 0x0000000100000000)
 Metaspace       used 32225K, capacity 32616K, committed 33220K, reserved 1079296K
  class space    used 3565K, capacity 3704K, committed 3836K, reserved 1048576K
2017-07-31T15:58:47.757+0200: 15278,161: [GC (Allocation Failure) 2017-07-31T15:58:47.757+0200: 15278,161: [ParNew
Desired survivor size 20112992 bytes, new threshold 5 (max 8)
- age   1:   10358680 bytes,   10358680 total
- age   2:     152256 bytes,   10510936 total
- age   3:    6900248 bytes,   17411184 total
- age   4:     231792 bytes,   17642976 total
- age   5:    4447056 bytes,   22090032 total
: 109248K->21824K(109248K), 0,0085661 secs] 305915K->237912K(502464K), 0,0086261 secs] [Times: user=0,03 sys=0,00, real=0,01 secs] 
Heap after GC invocations=85 (full 16):
 par new generation   total 109248K, used 21824K [0x00000000e0000000, 0x00000000e8000000, 0x00000000e8000000)
  eden space 87424K,   0% used [0x00000000e0000000, 0x00000000e0000000, 0x00000000e5560000)
  from space 21824K, 100% used [0x00000000e6ab0000, 0x00000000e8000000, 0x00000000e8000000)
  to   space 21824K,   0% used [0x00000000e5560000, 0x00000000e5560000, 0x00000000e6ab0000)
 concurrent mark-sweep generation total 393216K, used 216088K [0x00000000e8000000, 0x0000000100000000, 0x0000000100000000)
 Metaspace       used 32225K, capacity 32616K, committed 33220K, reserved 1079296K
  class space    used 3565K, capacity 3704K, committed 3836K, reserved 1048576K
}
2017-07-31T15:58:47.765+0200: 15278,170: Total time for which application threads were stopped: 0,0087707 seconds, Stopping threads took: 0,0000165 seconds
2017-07-31T15:58:47.765+0200: 15278,170: [GC (CMS Initial Mark) [1 CMS-initial-mark: 216088K(393216K)] 238270K(502464K), 0,0008146 secs] [Times: user=0,00 sys=0,00, real=0,00 secs] 
2017-07-31T15:58:47.766+0200: 15278,171: Total time for which application threads were stopped: 0,0009081 seconds, Stopping threads took: 0,0000260 seconds
2017-07-31T15:58:47.766+0200: 15278,171: [CMS-concurrent-mark-start]
2017-07-31T15:58:47.783+0200: 15278,187: [CMS-concurrent-mark: 0,017/0,017 secs] [Times: user=0,08 sys=0,00, real=0,02 secs] 
2017-07-31T15:58:47.783+0200: 15278,187: [CMS-concurrent-preclean-start]
2017-07-31T15:58:47.784+0200: 15278,188: [CMS-concurrent-preclean: 0,001/0,001 secs] [Times: user=0,00 sys=0,00, real=0,00 secs] 
2017-07-31T15:58:47.784+0200: 15278,189: [GC (CMS Final Remark) [YG occupancy: 22747 K (109248 K)]{Heap before GC invocations=85 (full 17):
 par new generation   total 109248K, used 22747K [0x00000000e0000000, 0x00000000e8000000, 0x00000000e8000000)
  eden space 87424K,   1% used [0x00000000e0000000, 0x00000000e00e6f90, 0x00000000e5560000)
  from space 21824K, 100% used [0x00000000e6ab0000, 0x00000000e8000000, 0x00000000e8000000)
  to   space 21824K,   0% used [0x00000000e5560000, 0x00000000e5560000, 0x00000000e6ab0000)
 concurrent mark-sweep generation total 393216K, used 216088K [0x00000000e8000000, 0x0000000100000000, 0x0000000100000000)
 Metaspace       used 32225K, capacity 32616K, committed 33220K, reserved 1079296K
  class space    used 3565K, capacity 3704K, committed 3836K, reserved 1048576K
2017-07-31T15:58:47.784+0200: 15278,189: [GC (CMS Final Remark) 2017-07-31T15:58:47.784+0200: 15278,189: [ParNew
Desired survivor size 20112992 bytes, new threshold 8 (max 8)
- age   1:     369336 bytes,     369336 total
- age   2:   10225040 bytes,   10594376 total
- age   3:     152256 bytes,   10746632 total
- age   4:    6900392 bytes,   17647024 total
- age   5:     231792 bytes,   17878816 total
: 22747K->20924K(109248K), 0,0048416 secs] 238836K->241365K(502464K), 0,0048874 secs] [Times: user=0,02 sys=0,00, real=0,00 secs] 
Heap after GC invocations=86 (full 17):
 par new generation   total 109248K, used 20924K [0x00000000e0000000, 0x00000000e8000000, 0x00000000e8000000)
  eden space 87424K,   0% used [0x00000000e0000000, 0x00000000e0000000, 0x00000000e5560000)
  from space 21824K,  95% used [0x00000000e5560000, 0x00000000e69cf340, 0x00000000e6ab0000)
  to   space 21824K,   0% used [0x00000000e6ab0000, 0x00000000e6ab0000, 0x00000000e8000000)
 concurrent mark-sweep generation total 393216K, used 220440K [0x00000000e8000000, 0x0000000100000000, 0x0000000100000000)
 Metaspace       used 32225K, capacity 32616K, committed 33220K, reserved 1079296K
  class space    used 3565K, capacity 3704K, committed 3836K, reserved 1048576K
}
2017-07-31T15:58:47.789+0200: 15278,193: [Rescan (parallel) , 0,0011674 secs]2017-07-31T15:58:47.790+0200: 15278,195: [weak refs processing, 0,0002734 secs]2017-07-31T15:58:47.790+0200: 15278,195: [class unloading, 0,0046860 secs]2017-07-31T15:58:47.795+0200: 15278,200: [scrub symbol table, 0,0025674 secs]2017-07-31T15:58:47.798+0200: 15278,202: [scrub string table, 0,0004441 secs][1 CMS-remark: 220440K(393216K)] 241365K(502464K), 0,0142098 secs] [Times: user=0,03 sys=0,00, real=0,01 secs] 
2017-07-31T15:58:47.798+0200: 15278,203: Total time for which application threads were stopped: 0,0143788 seconds, Stopping threads took: 0,0000695 seconds
2017-07-31T15:58:47.798+0200: 15278,203: [CMS-concurrent-sweep-start]
2017-07-31T15:58:47.816+0200: 15278,220: [CMS-concurrent-sweep: 0,017/0,017 secs] [Times: user=0,02 sys=0,00, real=0,02 secs] 
2017-07-31T15:58:47.816+0200: 15278,220: [CMS-concurrent-reset-start]
2017-07-31T15:58:47.816+0200: 15278,221: [CMS-concurrent-reset: 0,000/0,000 secs] [Times: user=0,01 sys=0,00, real=0,00 secs] 
{Heap before GC invocations=86 (full 17):
 par new generation   total 109248K, used 108348K [0x00000000e0000000, 0x00000000e8000000, 0x00000000e8000000)
  eden space 87424K, 100% used [0x00000000e0000000, 0x00000000e5560000, 0x00000000e5560000)
  from space 21824K,  95% used [0x00000000e5560000, 0x00000000e69cf340, 0x00000000e6ab0000)
  to   space 21824K,   0% used [0x00000000e6ab0000, 0x00000000e6ab0000, 0x00000000e8000000)
 concurrent mark-sweep generation total 393216K, used 213457K [0x00000000e8000000, 0x0000000100000000, 0x0000000100000000)
 Metaspace       used 32226K, capacity 32616K, committed 33220K, reserved 1079296K
  class space    used 3565K, capacity 3704K, committed 3836K, reserved 1048576K
2017-07-31T15:58:49.389+0200: 15279,794: [GC (Allocation Failure) 2017-07-31T15:58:49.389+0200: 15279,794: [ParNew
Desired survivor size 20112992 bytes, new threshold 5 (max 8)
- age   1:   13133400 bytes,   13133400 total
- age   2:       1848 bytes,   13135248 total
- age   3:    2739864 bytes,   15875112 total
- age   4:      53904 bytes,   15929016 total
- age   5:    5707816 bytes,   21636832 total
- age   6:     231744 bytes,   21868576 total
: 108348K->21824K(109248K), 0,0101571 secs] 321806K->253785K(502464K), 0,0102706 secs] [Times: user=0,03 sys=0,00, real=0,01 secs] 
Heap after GC invocations=87 (full 17):
 par new generation   total 109248K, used 21824K [0x00000000e0000000, 0x00000000e8000000, 0x00000000e8000000)
  eden space 87424K,   0% used [0x00000000e0000000, 0x00000000e0000000, 0x00000000e5560000)
  from space 21824K, 100% used [0x00000000e6ab0000, 0x00000000e8000000, 0x00000000e8000000)
  to   space 21824K,   0% used [0x00000000e5560000, 0x00000000e5560000, 0x00000000e6ab0000)
 concurrent mark-sweep generation total 393216K, used 231961K [0x00000000e8000000, 0x0000000100000000, 0x0000000100000000)
 Metaspace       used 32226K, capacity 32616K, committed 33220K, reserved 1079296K
  class space    used 3565K, capacity 3704K, committed 3836K, reserved 1048576K
}
2017-07-31T15:58:49.400+0200: 15279,804: Total time for which application threads were stopped: 0,0105272 seconds, Stopping threads took: 0,0000270 seconds
2017-07-31T15:58:49.400+0200: 15279,804: [GC (CMS Initial Mark) [1 CMS-initial-mark: 231961K(393216K)] 253817K(502464K), 0,0013277 secs] [Times: user=0,00 sys=0,00, real=0,01 secs] 
2017-07-31T15:58:49.401+0200: 15279,806: Total time for which application threads were stopped: 0,0015088 seconds, Stopping threads took: 0,0000430 seconds
2017-07-31T15:58:49.401+0200: 15279,806: [CMS-concurrent-mark-start]
2017-07-31T15:58:49.421+0200: 15279,825: [CMS-concurrent-mark: 0,019/0,019 secs] [Times: user=0,10 sys=0,00, real=0,02 secs] 
2017-07-31T15:58:49.421+0200: 15279,825: [CMS-concurrent-preclean-start]
2017-07-31T15:58:49.422+0200: 15279,826: [CMS-concurrent-preclean: 0,001/0,001 secs] [Times: user=0,00 sys=0,00, real=0,00 secs] 
2017-07-31T15:58:49.422+0200: 15279,826: [GC (CMS Final Remark) [YG occupancy: 22767 K (109248 K)]{Heap before GC invocations=87 (full 18):
 par new generation   total 109248K, used 22767K [0x00000000e0000000, 0x00000000e8000000, 0x00000000e8000000)
  eden space 87424K,   1% used [0x00000000e0000000, 0x00000000e00ebc48, 0x00000000e5560000)
  from space 21824K, 100% used [0x00000000e6ab0000, 0x00000000e8000000, 0x00000000e8000000)
  to   space 21824K,   0% used [0x00000000e5560000, 0x00000000e5560000, 0x00000000e6ab0000)
 concurrent mark-sweep generation total 393216K, used 231961K [0x00000000e8000000, 0x0000000100000000, 0x0000000100000000)
 Metaspace       used 32226K, capacity 32616K, committed 33220K, reserved 1079296K
  class space    used 3565K, capacity 3704K, committed 3836K, reserved 1048576K
2017-07-31T15:58:49.422+0200: 15279,826: [GC (CMS Final Remark) 2017-07-31T15:58:49.422+0200: 15279,826: [ParNew
Desired survivor size 20112992 bytes, new threshold 8 (max 8)
- age   1:     307656 bytes,     307656 total
- age   2:   13133448 bytes,   13441104 total
- age   3:       1848 bytes,   13442952 total
- age   4:    2740776 bytes,   16183728 total
- age   5:      53976 bytes,   16237704 total
: 22767K->21306K(109248K), 0,0053939 secs] 254728K->259086K(502464K), 0,0054396 secs] [Times: user=0,02 sys=0,00, real=0,00 secs] 
Heap after GC invocations=88 (full 18):
 par new generation   total 109248K, used 21306K [0x00000000e0000000, 0x00000000e8000000, 0x00000000e8000000)
  eden space 87424K,   0% used [0x00000000e0000000, 0x00000000e0000000, 0x00000000e5560000)
  from space 21824K,  97% used [0x00000000e5560000, 0x00000000e6a2ebf0, 0x00000000e6ab0000)
  to   space 21824K,   0% used [0x00000000e6ab0000, 0x00000000e6ab0000, 0x00000000e8000000)
 concurrent mark-sweep generation total 393216K, used 237779K [0x00000000e8000000, 0x0000000100000000, 0x0000000100000000)
 Metaspace       used 32226K, capacity 32616K, committed 33220K, reserved 1079296K
  class space    used 3565K, capacity 3704K, committed 3836K, reserved 1048576K
}
2017-07-31T15:58:49.427+0200: 15279,832: [Rescan (parallel) , 0,0013293 secs]2017-07-31T15:58:49.429+0200: 15279,833: [weak refs processing, 0,0002577 secs]2017-07-31T15:58:49.429+0200: 15279,833: [class unloading, 0,0046775 secs]2017-07-31T15:58:49.434+0200: 15279,838: [scrub symbol table, 0,0025780 secs]2017-07-31T15:58:49.436+0200: 15279,841: [scrub string table, 0,0004422 secs][1 CMS-remark: 237779K(393216K)] 259086K(502464K), 0,0149063 secs] [Times: user=0,03 sys=0,00, real=0,01 secs] 
2017-07-31T15:58:49.437+0200: 15279,841: Total time for which application threads were stopped: 0,0150408 seconds, Stopping threads took: 0,0000418 seconds
2017-07-31T15:58:49.437+0200: 15279,841: [CMS-concurrent-sweep-start]
2017-07-31T15:58:49.455+0200: 15279,859: [CMS-concurrent-sweep: 0,018/0,018 secs] [Times: user=0,04 sys=0,00, real=0,02 secs] 
2017-07-31T15:58:49.455+0200: 15279,859: [CMS-concurrent-reset-start]
2017-07-31T15:58:49.455+0200: 15279,859: [CMS-concurrent-reset: 0,000/0,000 secs] [Times: user=0,00 sys=0,00, real=0,00 secs] 
2017-07-31T15:58:50.180+0200: 15280,584: Total time for which application threads were stopped: 0,0001754 seconds, Stopping threads took: 0,0000763 seconds
2017-07-31T15:58:50.181+0200: 15280,586: Total time for which application threads were stopped: 0,0000762 seconds, Stopping threads took: 0,0000087 seconds
2017-07-31T15:58:50.262+0200: 15280,666: Total time for which application threads were stopped: 0,0001356 seconds, Stopping threads took: 0,0000457 seconds
2017-07-31T15:58:50.264+0200: 15280,668: Total time for which application threads were stopped: 0,0000833 seconds, Stopping threads took: 0,0000230 seconds
2017-07-31T15:58:50.271+0200: 15280,675: Total time for which application threads were stopped: 0,0000994 seconds, Stopping threads took: 0,0000290 seconds
2017-07-31T15:58:50.271+0200: 15280,675: Total time for which application threads were stopped: 0,0000691 seconds, Stopping threads took: 0,0000216 seconds
{Heap before GC invocations=88 (full 18):
 par new generation   total 109248K, used 108730K [0x00000000e0000000, 0x00000000e8000000, 0x00000000e8000000)
  eden space 87424K, 100% used [0x00000000e0000000, 0x00000000e5560000, 0x00000000e5560000)
  from space 21824K,  97% used [0x00000000e5560000, 0x00000000e6a2ebf0, 0x00000000e6ab0000)
  to   space 21824K,   0% used [0x00000000e6ab0000, 0x00000000e6ab0000, 0x00000000e8000000)
 concurrent mark-sweep generation total 393216K, used 229018K [0x00000000e8000000, 0x0000000100000000, 0x0000000100000000)
 Metaspace       used 32228K, capacity 32680K, committed 33220K, reserved 1079296K
  class space    used 3565K, capacity 3704K, committed 3836K, reserved 1048576K
2017-07-31T15:58:50.562+0200: 15280,966: [GC (Allocation Failure) 2017-07-31T15:58:50.562+0200: 15280,966: [ParNew
Desired survivor size 20112992 bytes, new threshold 3 (max 8)
- age   1:    8751712 bytes,    8751712 total
- age   2:     208896 bytes,    8960608 total
- age   3:   11448384 bytes,   20408992 total
- age   4:       1752 bytes,   20410744 total
- age   5:    1693640 bytes,   22104384 total
- age   6:      52608 bytes,   22156992 total
: 108730K->21824K(109248K), 0,0066058 secs] 337749K->257236K(502464K), 0,0066613 secs] [Times: user=0,03 sys=0,00, real=0,00 secs] 
Heap after GC invocations=89 (full 18):
 par new generation   total 109248K, used 21824K [0x00000000e0000000, 0x00000000e8000000, 0x00000000e8000000)
  eden space 87424K,   0% used [0x00000000e0000000, 0x00000000e0000000, 0x00000000e5560000)
  from space 21824K, 100% used [0x00000000e6ab0000, 0x00000000e8000000, 0x00000000e8000000)
  to   space 21824K,   0% used [0x00000000e5560000, 0x00000000e5560000, 0x00000000e6ab0000)
 concurrent mark-sweep generation total 393216K, used 235412K [0x00000000e8000000, 0x0000000100000000, 0x0000000100000000)
 Metaspace       used 32228K, capacity 32680K, committed 33220K, reserved 1079296K
  class space    used 3565K, capacity 3704K, committed 3836K, reserved 1048576K
}
2017-07-31T15:58:50.568+0200: 15280,973: Total time for which application threads were stopped: 0,0068145 seconds, Stopping threads took: 0,0000265 seconds
2017-07-31T15:58:50.568+0200: 15280,973: [GC (CMS Initial Mark) [1 CMS-initial-mark: 235412K(393216K)] 257826K(502464K), 0,0009941 secs] [Times: user=0,00 sys=0,00, real=0,00 secs] 
2017-07-31T15:58:50.569+0200: 15280,974: Total time for which application threads were stopped: 0,0011147 seconds, Stopping threads took: 0,0000323 seconds
2017-07-31T15:58:50.569+0200: 15280,974: [CMS-concurrent-mark-start]
2017-07-31T15:58:50.591+0200: 15280,996: [CMS-concurrent-mark: 0,022/0,022 secs] [Times: user=0,11 sys=0,00, real=0,02 secs] 
2017-07-31T15:58:50.591+0200: 15280,996: [CMS-concurrent-preclean-start]
2017-07-31T15:58:50.592+0200: 15280,997: [CMS-concurrent-preclean: 0,001/0,001 secs] [Times: user=0,01 sys=0,00, real=0,01 secs] 
2017-07-31T15:58:50.592+0200: 15280,997: [CMS-concurrent-abortable-preclean-start]
{Heap before GC invocations=89 (full 19):
 par new generation   total 109248K, used 109248K [0x00000000e0000000, 0x00000000e8000000, 0x00000000e8000000)
  eden space 87424K, 100% used [0x00000000e0000000, 0x00000000e5560000, 0x00000000e5560000)
  from space 21824K, 100% used [0x00000000e6ab0000, 0x00000000e8000000, 0x00000000e8000000)
  to   space 21824K,   0% used [0x00000000e5560000, 0x00000000e5560000, 0x00000000e6ab0000)
 concurrent mark-sweep generation total 393216K, used 235412K [0x00000000e8000000, 0x0000000100000000, 0x0000000100000000)
 Metaspace       used 32228K, capacity 32680K, committed 33220K, reserved 1079296K
  class space    used 3565K, capacity 3704K, committed 3836K, reserved 1048576K
2017-07-31T15:58:50.757+0200: 15281,161: [GC (Allocation Failure) 2017-07-31T15:58:50.757+0200: 15281,161: [ParNew
Desired survivor size 20112992 bytes, new threshold 8 (max 8)
- age   1:    5690064 bytes,    5690064 total
- age   2:    8518688 bytes,   14208752 total
- age   3:     208896 bytes,   14417648 total
: 109248K->18826K(109248K), 0,0064153 secs] 344660K->267143K(502464K), 0,0064916 secs] [Times: user=0,02 sys=0,00, real=0,01 secs] 
Heap after GC invocations=90 (full 19):
 par new generation   total 109248K, used 18826K [0x00000000e0000000, 0x00000000e8000000, 0x00000000e8000000)
  eden space 87424K,   0% used [0x00000000e0000000, 0x00000000e0000000, 0x00000000e5560000)
  from space 21824K,  86% used [0x00000000e5560000, 0x00000000e67c28b0, 0x00000000e6ab0000)
  to   space 21824K,   0% used [0x00000000e6ab0000, 0x00000000e6ab0000, 0x00000000e8000000)
 concurrent mark-sweep generation total 393216K, used 248317K [0x00000000e8000000, 0x0000000100000000, 0x0000000100000000)
 Metaspace       used 32228K, capacity 32680K, committed 33220K, reserved 1079296K
  class space    used 3565K, capacity 3704K, committed 3836K, reserved 1048576K
}
2017-07-31T15:58:50.763+0200: 15281,168: Total time for which application threads were stopped: 0,0067179 seconds, Stopping threads took: 0,0000366 seconds
{Heap before GC invocations=90 (full 19):
 par new generation   total 109248K, used 106250K [0x00000000e0000000, 0x00000000e8000000, 0x00000000e8000000)
  eden space 87424K, 100% used [0x00000000e0000000, 0x00000000e5560000, 0x00000000e5560000)
  from space 21824K,  86% used [0x00000000e5560000, 0x00000000e67c28b0, 0x00000000e6ab0000)
  to   space 21824K,   0% used [0x00000000e6ab0000, 0x00000000e6ab0000, 0x00000000e8000000)
 concurrent mark-sweep generation total 393216K, used 248317K [0x00000000e8000000, 0x0000000100000000, 0x0000000100000000)
 Metaspace       used 32228K, capacity 32680K, committed 33220K, reserved 1079296K
  class space    used 3565K, capacity 3704K, committed 3836K, reserved 1048576K
2017-07-31T15:58:50.951+0200: 15281,355: [GC (Allocation Failure) 2017-07-31T15:58:50.951+0200: 15281,355: [ParNew
Desired survivor size 20112992 bytes, new threshold 8 (max 8)
- age   1:    6167056 bytes,    6167056 total
- age   2:    3068448 bytes,    9235504 total
- age   3:    8441144 bytes,   17676648 total
- age   4:     208896 bytes,   17885544 total
: 106250K->21824K(109248K), 0,0056991 secs] 354567K->270141K(502464K), 0,0057701 secs] [Times: user=0,01 sys=0,00, real=0,01 secs] 
Heap after GC invocations=91 (full 19):
 par new generation   total 109248K, used 21824K [0x00000000e0000000, 0x00000000e8000000, 0x00000000e8000000)
  eden space 87424K,   0% used [0x00000000e0000000, 0x00000000e0000000, 0x00000000e5560000)
  from space 21824K, 100% used [0x00000000e6ab0000, 0x00000000e8000000, 0x00000000e8000000)
  to   space 21824K,   0% used [0x00000000e5560000, 0x00000000e5560000, 0x00000000e6ab0000)
 concurrent mark-sweep generation total 393216K, used 248317K [0x00000000e8000000, 0x0000000100000000, 0x0000000100000000)
 Metaspace       used 32228K, capacity 32680K, committed 33220K, reserved 1079296K
  class space    used 3565K, capacity 3704K, committed 3836K, reserved 1048576K
}
2017-07-31T15:58:50.956+0200: 15281,361: Total time for which application threads were stopped: 0,0059443 seconds, Stopping threads took: 0,0000389 seconds
2017-07-31T15:58:50.956+0200: 15281,361: [CMS-concurrent-abortable-preclean: 0,032/0,364 secs] [Times: user=0,73 sys=0,02, real=0,36 secs] 
2017-07-31T15:58:50.956+0200: 15281,361: [GC (CMS Final Remark) [YG occupancy: 22910 K (109248 K)]{Heap before GC invocations=91 (full 19):
 par new generation   total 109248K, used 22910K [0x00000000e0000000, 0x00000000e8000000, 0x00000000e8000000)
  eden space 87424K,   1% used [0x00000000e0000000, 0x00000000e010fa18, 0x00000000e5560000)
  from space 21824K, 100% used [0x00000000e6ab0000, 0x00000000e8000000, 0x00000000e8000000)
  to   space 21824K,   0% used [0x00000000e5560000, 0x00000000e5560000, 0x00000000e6ab0000)
 concurrent mark-sweep generation total 393216K, used 248317K [0x00000000e8000000, 0x0000000100000000, 0x0000000100000000)
 Metaspace       used 32228K, capacity 32680K, committed 33220K, reserved 1079296K
  class space    used 3565K, capacity 3704K, committed 3836K, reserved 1048576K
2017-07-31T15:58:50.956+0200: 15281,361: [GC (CMS Final Remark) 2017-07-31T15:58:50.956+0200: 15281,361: [ParNew
Desired survivor size 20112992 bytes, new threshold 8 (max 8)
- age   1:       1216 bytes,       1216 total
- age   2:    6162248 bytes,    6163464 total
- age   3:    3068448 bytes,    9231912 total
- age   4:    8441144 bytes,   17673056 total
- age   5:     208896 bytes,   17881952 total
: 22910K->21824K(109248K), 0,0036045 secs] 271228K->270141K(502464K), 0,0036437 secs] [Times: user=0,02 sys=0,00, real=0,01 secs] 
Heap after GC invocations=92 (full 19):
 par new generation   total 109248K, used 21824K [0x00000000e0000000, 0x00000000e8000000, 0x00000000e8000000)
  eden space 87424K,   0% used [0x00000000e0000000, 0x00000000e0000000, 0x00000000e5560000)
  from space 21824K, 100% used [0x00000000e5560000, 0x00000000e6ab0000, 0x00000000e6ab0000)
  to   space 21824K,   0% used [0x00000000e6ab0000, 0x00000000e6ab0000, 0x00000000e8000000)
 concurrent mark-sweep generation total 393216K, used 248317K [0x00000000e8000000, 0x0000000100000000, 0x0000000100000000)
 Metaspace       used 32228K, capacity 32680K, committed 33220K, reserved 1079296K
  class space    used 3565K, capacity 3704K, committed 3836K, reserved 1048576K
}
2017-07-31T15:58:50.960+0200: 15281,365: [Rescan (parallel) , 0,0008517 secs]2017-07-31T15:58:50.961+0200: 15281,365: [weak refs processing, 0,0002555 secs]2017-07-31T15:58:50.961+0200: 15281,366: [class unloading, 0,0046850 secs]2017-07-31T15:58:50.966+0200: 15281,370: [scrub symbol table, 0,0025717 secs]2017-07-31T15:58:50.969+0200: 15281,373: [scrub string table, 0,0004432 secs][1 CMS-remark: 248317K(393216K)] 270141K(502464K), 0,0126146 secs] [Times: user=0,03 sys=0,00, real=0,01 secs] 
2017-07-31T15:58:50.969+0200: 15281,374: Total time for which application threads were stopped: 0,0127296 seconds, Stopping threads took: 0,0000342 seconds
2017-07-31T15:58:50.969+0200: 15281,374: [CMS-concurrent-sweep-start]
2017-07-31T15:58:50.987+0200: 15281,392: [CMS-concurrent-sweep: 0,018/0,018 secs] [Times: user=0,05 sys=0,00, real=0,02 secs] 
2017-07-31T15:58:50.988+0200: 15281,392: [CMS-concurrent-reset-start]
2017-07-31T15:58:50.988+0200: 15281,392: [CMS-concurrent-reset: 0,000/0,000 secs] [Times: user=0,01 sys=0,00, real=0,00 secs] 
{Heap before GC invocations=92 (full 19):
 par new generation   total 109248K, used 109248K [0x00000000e0000000, 0x00000000e8000000, 0x00000000e8000000)
  eden space 87424K, 100% used [0x00000000e0000000, 0x00000000e5560000, 0x00000000e5560000)
  from space 21824K, 100% used [0x00000000e5560000, 0x00000000e6ab0000, 0x00000000e6ab0000)
  to   space 21824K,   0% used [0x00000000e6ab0000, 0x00000000e6ab0000, 0x00000000e8000000)
 concurrent mark-sweep generation total 393216K, used 247751K [0x00000000e8000000, 0x0000000100000000, 0x0000000100000000)
 Metaspace       used 32228K, capacity 32680K, committed 33220K, reserved 1079296K
  class space    used 3565K, capacity 3704K, committed 3836K, reserved 1048576K
2017-07-31T15:58:51.134+0200: 15281,538: [GC (Allocation Failure) 2017-07-31T15:58:51.134+0200: 15281,538: [ParNew
Desired survivor size 20112992 bytes, new threshold 8 (max 8)
- age   1:    1206760 bytes,    1206760 total
- age   3:    5039584 bytes,    6246344 total
- age   4:    3033864 bytes,    9280208 total
- age   5:    8410016 bytes,   17690224 total
- age   6:     208896 bytes,   17899120 total
: 109248K->21824K(109248K), 0,0044330 secs] 356999K->271464K(502464K), 0,0044921 secs] [Times: user=0,01 sys=0,00, real=0,00 secs] 
Heap after GC invocations=93 (full 19):
 par new generation   total 109248K, used 21824K [0x00000000e0000000, 0x00000000e8000000, 0x00000000e8000000)
  eden space 87424K,   0% used [0x00000000e0000000, 0x00000000e0000000, 0x00000000e5560000)
  from space 21824K, 100% used [0x00000000e6ab0000, 0x00000000e8000000, 0x00000000e8000000)
  to   space 21824K,   0% used [0x00000000e5560000, 0x00000000e5560000, 0x00000000e6ab0000)
 concurrent mark-sweep generation total 393216K, used 249640K [0x00000000e8000000, 0x0000000100000000, 0x0000000100000000)
 Metaspace       used 32228K, capacity 32680K, committed 33220K, reserved 1079296K
  class space    used 3565K, capacity 3704K, committed 3836K, reserved 1048576K
}
2017-07-31T15:58:51.138+0200: 15281,543: Total time for which application threads were stopped: 0,0046725 seconds, Stopping threads took: 0,0000411 seconds
2017-07-31T15:58:51.138+0200: 15281,543: [GC (CMS Initial Mark) [1 CMS-initial-mark: 249640K(393216K)] 273090K(502464K), 0,0007208 secs] [Times: user=0,00 sys=0,00, real=0,00 secs] 
2017-07-31T15:58:51.139+0200: 15281,544: Total time for which application threads were stopped: 0,0008351 seconds, Stopping threads took: 0,0000345 seconds
2017-07-31T15:58:51.139+0200: 15281,544: [CMS-concurrent-mark-start]
2017-07-31T15:58:51.162+0200: 15281,566: [CMS-concurrent-mark: 0,023/0,023 secs] [Times: user=0,14 sys=0,00, real=0,03 secs] 
2017-07-31T15:58:51.162+0200: 15281,566: [CMS-concurrent-preclean-start]
2017-07-31T15:58:51.163+0200: 15281,567: [CMS-concurrent-preclean: 0,001/0,001 secs] [Times: user=0,00 sys=0,00, real=0,00 secs] 
2017-07-31T15:58:51.163+0200: 15281,567: [CMS-concurrent-abortable-preclean-start]
{Heap before GC invocations=93 (full 20):
 par new generation   total 109248K, used 109248K [0x00000000e0000000, 0x00000000e8000000, 0x00000000e8000000)
  eden space 87424K, 100% used [0x00000000e0000000, 0x00000000e5560000, 0x00000000e5560000)
  from space 21824K, 100% used [0x00000000e6ab0000, 0x00000000e8000000, 0x00000000e8000000)
  to   space 21824K,   0% used [0x00000000e5560000, 0x00000000e5560000, 0x00000000e6ab0000)
 concurrent mark-sweep generation total 393216K, used 249640K [0x00000000e8000000, 0x0000000100000000, 0x0000000100000000)
 Metaspace       used 32228K, capacity 32680K, committed 33220K, reserved 1079296K
  class space    used 3565K, capacity 3704K, committed 3836K, reserved 1048576K
2017-07-31T15:58:51.365+0200: 15281,769: [GC (Allocation Failure) 2017-07-31T15:58:51.365+0200: 15281,769: [ParNew
Desired survivor size 20112992 bytes, new threshold 8 (max 8)
- age   1:     915784 bytes,     915784 total
- age   2:     989504 bytes,    1905288 total
- age   4:    4637824 bytes,    6543112 total
- age   5:    3013880 bytes,    9556992 total
- age   6:    8297032 bytes,   17854024 total
- age   7:     208896 bytes,   18062920 total
: 109248K->21824K(109248K), 0,0046253 secs] 358888K->272450K(502464K), 0,0047094 secs] [Times: user=0,01 sys=0,00, real=0,00 secs] 
Heap after GC invocations=94 (full 20):
 par new generation   total 109248K, used 21824K [0x00000000e0000000, 0x00000000e8000000, 0x00000000e8000000)
  eden space 87424K,   0% used [0x00000000e0000000, 0x00000000e0000000, 0x00000000e5560000)
  from space 21824K, 100% used [0x00000000e5560000, 0x00000000e6ab0000, 0x00000000e6ab0000)
  to   space 21824K,   0% used [0x00000000e6ab0000, 0x00000000e6ab0000, 0x00000000e8000000)
 concurrent mark-sweep generation total 393216K, used 250626K [0x00000000e8000000, 0x0000000100000000, 0x0000000100000000)
 Metaspace       used 32228K, capacity 32680K, committed 33220K, reserved 1079296K
  class space    used 3565K, capacity 3704K, committed 3836K, reserved 1048576K
}
2017-07-31T15:58:51.369+0200: 15281,774: Total time for which application threads were stopped: 0,0049298 seconds, Stopping threads took: 0,0000359 seconds
2017-07-31T15:58:51.369+0200: 15281,774: [CMS-concurrent-abortable-preclean: 0,010/0,207 secs] [Times: user=0,30 sys=0,02, real=0,20 secs] 
2017-07-31T15:58:51.370+0200: 15281,774: [GC (CMS Final Remark) [YG occupancy: 23231 K (109248 K)]{Heap before GC invocations=94 (full 20):
 par new generation   total 109248K, used 23231K [0x00000000e0000000, 0x00000000e8000000, 0x00000000e8000000)
  eden space 87424K,   1% used [0x00000000e0000000, 0x00000000e015fc88, 0x00000000e5560000)
  from space 21824K, 100% used [0x00000000e5560000, 0x00000000e6ab0000, 0x00000000e6ab0000)
  to   space 21824K,   0% used [0x00000000e6ab0000, 0x00000000e6ab0000, 0x00000000e8000000)
 concurrent mark-sweep generation total 393216K, used 250626K [0x00000000e8000000, 0x0000000100000000, 0x0000000100000000)
 Metaspace       used 32228K, capacity 32680K, committed 33220K, reserved 1079296K
  class space    used 3565K, capacity 3704K, committed 3836K, reserved 1048576K
2017-07-31T15:58:51.370+0200: 15281,774: [GC (CMS Final Remark) 2017-07-31T15:58:51.370+0200: 15281,774: [ParNew
Desired survivor size 20112992 bytes, new threshold 8 (max 8)
- age   1:       1328 bytes,       1328 total
- age   2:     859112 bytes,     860440 total
- age   3:     885456 bytes,    1745896 total
- age   5:    4637728 bytes,    6383624 total
- age   6:    2358368 bytes,    8741992 total
- age   7:    8296864 bytes,   17038856 total
- age   8:     208896 bytes,   17247752 total
: 23231K->21824K(109248K), 0,0036941 secs] 273857K->273243K(502464K), 0,0037340 secs] [Times: user=0,02 sys=0,00, real=0,01 secs] 
Heap after GC invocations=95 (full 20):
 par new generation   total 109248K, used 21824K [0x00000000e0000000, 0x00000000e8000000, 0x00000000e8000000)
  eden space 87424K,   0% used [0x00000000e0000000, 0x00000000e0000000, 0x00000000e5560000)
  from space 21824K, 100% used [0x00000000e6ab0000, 0x00000000e8000000, 0x00000000e8000000)
  to   space 21824K,   0% used [0x00000000e5560000, 0x00000000e5560000, 0x00000000e6ab0000)
 concurrent mark-sweep generation total 393216K, used 251419K [0x00000000e8000000, 0x0000000100000000, 0x0000000100000000)
 Metaspace       used 32228K, capacity 32680K, committed 33220K, reserved 1079296K
  class space    used 3565K, capacity 3704K, committed 3836K, reserved 1048576K
}
2017-07-31T15:58:51.373+0200: 15281,778: [Rescan (parallel) , 0,0009129 secs]2017-07-31T15:58:51.374+0200: 15281,779: [weak refs processing, 0,0002499 secs]2017-07-31T15:58:51.375+0200: 15281,779: [class unloading, 0,0046971 secs]2017-07-31T15:58:51.379+0200: 15281,784: [scrub symbol table, 0,0027242 secs]2017-07-31T15:58:51.382+0200: 15281,786: [scrub string table, 0,0004608 secs][1 CMS-remark: 251419K(393216K)] 273243K(502464K), 0,0129658 secs] [Times: user=0,03 sys=0,00, real=0,02 secs] 
2017-07-31T15:58:51.383+0200: 15281,787: Total time for which application threads were stopped: 0,0130827 seconds, Stopping threads took: 0,0000331 seconds
2017-07-31T15:58:51.383+0200: 15281,787: [CMS-concurrent-sweep-start]
2017-07-31T15:58:51.401+0200: 15281,806: [CMS-concurrent-sweep: 0,019/0,019 secs] [Times: user=0,05 sys=0,00, real=0,02 secs] 
2017-07-31T15:58:51.402+0200: 15281,806: [CMS-concurrent-reset-start]
2017-07-31T15:58:51.402+0200: 15281,806: [CMS-concurrent-reset: 0,000/0,000 secs] [Times: user=0,00 sys=0,00, real=0,00 secs] 
{Heap before GC invocations=95 (full 20):
 par new generation   total 109248K, used 109248K [0x00000000e0000000, 0x00000000e8000000, 0x00000000e8000000)
  eden space 87424K, 100% used [0x00000000e0000000, 0x00000000e5560000, 0x00000000e5560000)
  from space 21824K, 100% used [0x00000000e6ab0000, 0x00000000e8000000, 0x00000000e8000000)
  to   space 21824K,   0% used [0x00000000e5560000, 0x00000000e5560000, 0x00000000e6ab0000)
 concurrent mark-sweep generation total 393216K, used 249146K [0x00000000e8000000, 0x0000000100000000, 0x0000000100000000)
 Metaspace       used 32228K, capacity 32680K, committed 33220K, reserved 1079296K
  class space    used 3565K, capacity 3704K, committed 3836K, reserved 1048576K
2017-07-31T15:58:51.585+0200: 15281,989: [GC (Allocation Failure) 2017-07-31T15:58:51.585+0200: 15281,989: [ParNew
Desired survivor size 20112992 bytes, new threshold 8 (max 8)
- age   1:    4444072 bytes,    4444072 total
- age   3:     752472 bytes,    5196544 total
- age   4:     830712 bytes,    6027256 total
- age   6:    3123952 bytes,    9151208 total
- age   7:    2358272 bytes,   11509480 total
- age   8:    8294984 bytes,   19804464 total
: 109248K->21824K(109248K), 0,0053186 secs] 358394K->271174K(502464K), 0,0053774 secs] [Times: user=0,02 sys=0,00, real=0,00 secs] 
Heap after GC invocations=96 (full 20):
 par new generation   total 109248K, used 21824K [0x00000000e0000000, 0x00000000e8000000, 0x00000000e8000000)
  eden space 87424K,   0% used [0x00000000e0000000, 0x00000000e0000000, 0x00000000e5560000)
  from space 21824K, 100% used [0x00000000e5560000, 0x00000000e6ab0000, 0x00000000e6ab0000)
  to   space 21824K,   0% used [0x00000000e6ab0000, 0x00000000e6ab0000, 0x00000000e8000000)
 concurrent mark-sweep generation total 393216K, used 249350K [0x00000000e8000000, 0x0000000100000000, 0x0000000100000000)
 Metaspace       used 32228K, capacity 32680K, committed 33220K, reserved 1079296K
  class space    used 3565K, capacity 3704K, committed 3836K, reserved 1048576K
}
2017-07-31T15:58:51.590+0200: 15281,995: Total time for which application threads were stopped: 0,0055378 seconds, Stopping threads took: 0,0000253 seconds
2017-07-31T15:58:51.590+0200: 15281,995: [GC (CMS Initial Mark) [1 CMS-initial-mark: 249350K(393216K)] 271213K(502464K), 0,0007018 secs] [Times: user=0,00 sys=0,00, real=0,00 secs] 
2017-07-31T15:58:51.591+0200: 15281,995: Total time for which application threads were stopped: 0,0007998 seconds, Stopping threads took: 0,0000285 seconds
2017-07-31T15:58:51.591+0200: 15281,995: [CMS-concurrent-mark-start]
2017-07-31T15:58:51.610+0200: 15282,014: [CMS-concurrent-mark: 0,019/0,019 secs] [Times: user=0,11 sys=0,00, real=0,02 secs] 
2017-07-31T15:58:51.610+0200: 15282,014: [CMS-concurrent-preclean-start]
2017-07-31T15:58:51.611+0200: 15282,015: [CMS-concurrent-preclean: 0,001/0,001 secs] [Times: user=0,00 sys=0,00, real=0,00 secs] 
2017-07-31T15:58:51.611+0200: 15282,015: [CMS-concurrent-abortable-preclean-start]
2017-07-31T15:58:52.150+0200: 15282,554: [CMS-concurrent-abortable-preclean: 0,038/0,539 secs] [Times: user=0,51 sys=0,01, real=0,54 secs] 
2017-07-31T15:58:52.150+0200: 15282,554: [GC (CMS Final Remark) [YG occupancy: 77063 K (109248 K)]{Heap before GC invocations=96 (full 21):
 par new generation   total 109248K, used 77063K [0x00000000e0000000, 0x00000000e8000000, 0x00000000e8000000)
  eden space 87424K,  63% used [0x00000000e0000000, 0x00000000e35f1cf0, 0x00000000e5560000)
  from space 21824K, 100% used [0x00000000e5560000, 0x00000000e6ab0000, 0x00000000e6ab0000)
  to   space 21824K,   0% used [0x00000000e6ab0000, 0x00000000e6ab0000, 0x00000000e8000000)
 concurrent mark-sweep generation total 393216K, used 249350K [0x00000000e8000000, 0x0000000100000000, 0x0000000100000000)
 Metaspace       used 32238K, capacity 32680K, committed 33220K, reserved 1079296K
  class space    used 3565K, capacity 3704K, committed 3836K, reserved 1048576K
2017-07-31T15:58:52.150+0200: 15282,554: [GC (CMS Final Remark) 2017-07-31T15:58:52.150+0200: 15282,554: [ParNew
Desired survivor size 20112992 bytes, new threshold 8 (max 8)
- age   1:    8352016 bytes,    8352016 total
- age   2:    2482192 bytes,   10834208 total
- age   4:     696480 bytes,   11530688 total
- age   5:     779928 bytes,   12310616 total
- age   7:    1627416 bytes,   13938032 total
- age   8:    2358272 bytes,   16296304 total
: 77063K->21824K(109248K), 0,0078589 secs] 326413K->279057K(502464K), 0,0079156 secs] [Times: user=0,02 sys=0,00, real=0,01 secs] 
Heap after GC invocations=97 (full 21):
 par new generation   total 109248K, used 21824K [0x00000000e0000000, 0x00000000e8000000, 0x00000000e8000000)
  eden space 87424K,   0% used [0x00000000e0000000, 0x00000000e0000000, 0x00000000e5560000)
  from space 21824K, 100% used [0x00000000e6ab0000, 0x00000000e8000000, 0x00000000e8000000)
  to   space 21824K,   0% used [0x00000000e5560000, 0x00000000e5560000, 0x00000000e6ab0000)
 concurrent mark-sweep generation total 393216K, used 257233K [0x00000000e8000000, 0x0000000100000000, 0x0000000100000000)
 Metaspace       used 32238K, capacity 32680K, committed 33220K, reserved 1079296K
  class space    used 3565K, capacity 3704K, committed 3836K, reserved 1048576K
}
2017-07-31T15:58:52.158+0200: 15282,562: [Rescan (parallel) , 0,0015132 secs]2017-07-31T15:58:52.159+0200: 15282,564: [weak refs processing, 0,0003771 secs]2017-07-31T15:58:52.160+0200: 15282,564: [class unloading, 0,0060881 secs]2017-07-31T15:58:52.166+0200: 15282,570: [scrub symbol table, 0,0031770 secs]2017-07-31T15:58:52.169+0200: 15282,573: [scrub string table, 0,0005254 secs][1 CMS-remark: 257233K(393216K)] 279057K(502464K), 0,0198222 secs] [Times: user=0,04 sys=0,00, real=0,02 secs] 
2017-07-31T15:58:52.170+0200: 15282,574: Total time for which application threads were stopped: 0,0199606 seconds, Stopping threads took: 0,0000228 seconds
2017-07-31T15:58:52.170+0200: 15282,574: [CMS-concurrent-sweep-start]
2017-07-31T15:58:52.192+0200: 15282,596: [CMS-concurrent-sweep: 0,022/0,022 secs] [Times: user=0,02 sys=0,00, real=0,02 secs] 
2017-07-31T15:58:52.192+0200: 15282,596: [CMS-concurrent-reset-start]
2017-07-31T15:58:52.192+0200: 15282,597: [CMS-concurrent-reset: 0,001/0,001 secs] [Times: user=0,00 sys=0,00, real=0,01 secs] 
{Heap before GC invocations=97 (full 21):
 par new generation   total 109248K, used 109248K [0x00000000e0000000, 0x00000000e8000000, 0x00000000e8000000)
  eden space 87424K, 100% used [0x00000000e0000000, 0x00000000e5560000, 0x00000000e5560000)
  from space 21824K, 100% used [0x00000000e6ab0000, 0x00000000e8000000, 0x00000000e8000000)
  to   space 21824K,   0% used [0x00000000e5560000, 0x00000000e5560000, 0x00000000e6ab0000)
 concurrent mark-sweep generation total 393216K, used 257133K [0x00000000e8000000, 0x0000000100000000, 0x0000000100000000)
 Metaspace       used 32238K, capacity 32680K, committed 33220K, reserved 1079296K
  class space    used 3565K, capacity 3704K, committed 3836K, reserved 1048576K
2017-07-31T15:58:53.973+0200: 15284,377: [GC (Allocation Failure) 2017-07-31T15:58:53.973+0200: 15284,377: [ParNew
Desired survivor size 20112992 bytes, new threshold 6 (max 8)
- age   1:   14499136 bytes,   14499136 total
- age   2:    3142280 bytes,   17641416 total
- age   3:    1651840 bytes,   19293256 total
- age   5:     594768 bytes,   19888024 total
- age   6:     780000 bytes,   20668024 total
- age   8:    1610616 bytes,   22278640 total
: 109248K->21824K(109248K), 0,0094611 secs] 366381K->289232K(502464K), 0,0095362 secs] [Times: user=0,02 sys=0,01, real=0,01 secs] 
Heap after GC invocations=98 (full 21):
 par new generation   total 109248K, used 21824K [0x00000000e0000000, 0x00000000e8000000, 0x00000000e8000000)
  eden space 87424K,   0% used [0x00000000e0000000, 0x00000000e0000000, 0x00000000e5560000)
  from space 21824K, 100% used [0x00000000e5560000, 0x00000000e6ab0000, 0x00000000e6ab0000)
  to   space 21824K,   0% used [0x00000000e6ab0000, 0x00000000e6ab0000, 0x00000000e8000000)
 concurrent mark-sweep generation total 393216K, used 267408K [0x00000000e8000000, 0x0000000100000000, 0x0000000100000000)
 Metaspace       used 32238K, capacity 32680K, committed 33220K, reserved 1079296K
  class space    used 3565K, capacity 3704K, committed 3836K, reserved 1048576K
}
2017-07-31T15:58:53.983+0200: 15284,387: Total time for which application threads were stopped: 0,0097327 seconds, Stopping threads took: 0,0000325 seconds
2017-07-31T15:58:53.983+0200: 15284,387: [GC (CMS Initial Mark) [1 CMS-initial-mark: 267408K(393216K)] 289241K(502464K), 0,0009887 secs] [Times: user=0,01 sys=0,00, real=0,00 secs] 
2017-07-31T15:58:53.984+0200: 15284,388: Total time for which application threads were stopped: 0,0011214 seconds, Stopping threads took: 0,0000378 seconds
2017-07-31T15:58:53.984+0200: 15284,388: [CMS-concurrent-mark-start]
2017-07-31T15:58:54.004+0200: 15284,409: [CMS-concurrent-mark: 0,020/0,020 secs] [Times: user=0,10 sys=0,00, real=0,02 secs] 
2017-07-31T15:58:54.004+0200: 15284,409: [CMS-concurrent-preclean-start]
2017-07-31T15:58:54.005+0200: 15284,410: [CMS-concurrent-preclean: 0,001/0,001 secs] [Times: user=0,00 sys=0,00, real=0,00 secs] 
2017-07-31T15:58:54.005+0200: 15284,410: [GC (CMS Final Remark) [YG occupancy: 22682 K (109248 K)]{Heap before GC invocations=98 (full 22):
 par new generation   total 109248K, used 22682K [0x00000000e0000000, 0x00000000e8000000, 0x00000000e8000000)
  eden space 87424K,   0% used [0x00000000e0000000, 0x00000000e00d69b0, 0x00000000e5560000)
  from space 21824K, 100% used [0x00000000e5560000, 0x00000000e6ab0000, 0x00000000e6ab0000)
  to   space 21824K,   0% used [0x00000000e6ab0000, 0x00000000e6ab0000, 0x00000000e8000000)
 concurrent mark-sweep generation total 393216K, used 267408K [0x00000000e8000000, 0x0000000100000000, 0x0000000100000000)
 Metaspace       used 32238K, capacity 32680K, committed 33220K, reserved 1079296K
  class space    used 3565K, capacity 3704K, committed 3836K, reserved 1048576K
2017-07-31T15:58:54.005+0200: 15284,410: [GC (CMS Final Remark) 2017-07-31T15:58:54.006+0200: 15284,410: [ParNew
Desired survivor size 20112992 bytes, new threshold 6 (max 8)
- age   1:     129424 bytes,     129424 total
- age   2:   14768592 bytes,   14898016 total
- age   3:    3141872 bytes,   18039888 total
- age   4:    1651744 bytes,   19691632 total
- age   6:     594672 bytes,   20286304 total
: 22682K->21824K(109248K), 0,0061888 secs] 290090K->291664K(502464K), 0,0062421 secs] [Times: user=0,02 sys=0,00, real=0,00 secs] 
Heap after GC invocations=99 (full 22):
 par new generation   total 109248K, used 21824K [0x00000000e0000000, 0x00000000e8000000, 0x00000000e8000000)
  eden space 87424K,   0% used [0x00000000e0000000, 0x00000000e0000000, 0x00000000e5560000)
  from space 21824K, 100% used [0x00000000e6ab0000, 0x00000000e8000000, 0x00000000e8000000)
  to   space 21824K,   0% used [0x00000000e5560000, 0x00000000e5560000, 0x00000000e6ab0000)
 concurrent mark-sweep generation total 393216K, used 269840K [0x00000000e8000000, 0x0000000100000000, 0x0000000100000000)
 Metaspace       used 32238K, capacity 32680K, committed 33220K, reserved 1079296K
  class space    used 3565K, capacity 3704K, committed 3836K, reserved 1048576K
}
2017-07-31T15:58:54.012+0200: 15284,416: [Rescan (parallel) , 0,0010613 secs]2017-07-31T15:58:54.013+0200: 15284,417: [weak refs processing, 0,0004865 secs]2017-07-31T15:58:54.013+0200: 15284,418: [class unloading, 0,0056107 secs]2017-07-31T15:58:54.019+0200: 15284,423: [scrub symbol table, 0,0029587 secs]2017-07-31T15:58:54.022+0200: 15284,426: [scrub string table, 0,0005279 secs][1 CMS-remark: 269840K(393216K)] 291664K(502464K), 0,0171091 secs] [Times: user=0,04 sys=0,00, real=0,02 secs] 
2017-07-31T15:58:54.023+0200: 15284,427: Total time for which application threads were stopped: 0,0172587 seconds, Stopping threads took: 0,0000496 seconds
2017-07-31T15:58:54.023+0200: 15284,427: [CMS-concurrent-sweep-start]
2017-07-31T15:58:54.046+0200: 15284,450: [CMS-concurrent-sweep: 0,023/0,023 secs] [Times: user=0,04 sys=0,00, real=0,02 secs] 
2017-07-31T15:58:54.046+0200: 15284,450: [CMS-concurrent-reset-start]
2017-07-31T15:58:54.046+0200: 15284,451: [CMS-concurrent-reset: 0,000/0,000 secs] [Times: user=0,00 sys=0,00, real=0,00 secs] 
2017-07-31T15:58:55.023+0200: 15285,427: Total time for which application threads were stopped: 0,0001601 seconds, Stopping threads took: 0,0000475 seconds
2017-07-31T15:58:55.301+0200: 15285,705: Total time for which application threads were stopped: 0,0001239 seconds, Stopping threads took: 0,0000219 seconds
2017-07-31T15:58:55.431+0200: 15285,835: Total time for which application threads were stopped: 0,0001890 seconds, Stopping threads took: 0,0000546 seconds
{Heap before GC invocations=99 (full 22):
 par new generation   total 109248K, used 109226K [0x00000000e0000000, 0x00000000e8000000, 0x00000000e8000000)
  eden space 87424K,  99% used [0x00000000e0000000, 0x00000000e555a880, 0x00000000e5560000)
  from space 21824K, 100% used [0x00000000e6ab0000, 0x00000000e8000000, 0x00000000e8000000)
  to   space 21824K,   0% used [0x00000000e5560000, 0x00000000e5560000, 0x00000000e6ab0000)
 concurrent mark-sweep generation total 393216K, used 192875K [0x00000000e8000000, 0x0000000100000000, 0x0000000100000000)
 Metaspace       used 32243K, capacity 32680K, committed 33220K, reserved 1079296K
  class space    used 3565K, capacity 3704K, committed 3836K, reserved 1048576K
2017-07-31T15:58:55.537+0200: 15285,941: [GC (Allocation Failure) 2017-07-31T15:58:55.537+0200: 15285,941: [ParNew
Desired survivor size 20112992 bytes, new threshold 3 (max 8)
- age   1:   12667384 bytes,   12667384 total
- age   2:      71928 bytes,   12739312 total
- age   3:    7600952 bytes,   20340264 total
- age   4:     466352 bytes,   20806616 total
- age   5:    1056080 bytes,   21862696 total
: 109226K->21824K(109248K), 0,0095253 secs] 302101K->227579K(502464K), 0,0096312 secs] [Times: user=0,03 sys=0,00, real=0,01 secs] 
Heap after GC invocations=100 (full 22):
 par new generation   total 109248K, used 21824K [0x00000000e0000000, 0x00000000e8000000, 0x00000000e8000000)
  eden space 87424K,   0% used [0x00000000e0000000, 0x00000000e0000000, 0x00000000e5560000)
  from space 21824K, 100% used [0x00000000e5560000, 0x00000000e6ab0000, 0x00000000e6ab0000)
  to   space 21824K,   0% used [0x00000000e6ab0000, 0x00000000e6ab0000, 0x00000000e8000000)
 concurrent mark-sweep generation total 393216K, used 205755K [0x00000000e8000000, 0x0000000100000000, 0x0000000100000000)
 Metaspace       used 32243K, capacity 32680K, committed 33220K, reserved 1079296K
  class space    used 3565K, capacity 3704K, committed 3836K, reserved 1048576K
}
2017-07-31T15:58:55.547+0200: 15285,951: Total time for which application threads were stopped: 0,0098884 seconds, Stopping threads took: 0,0000383 seconds
2017-07-31T15:58:55.547+0200: 15285,951: [GC (CMS Initial Mark) [1 CMS-initial-mark: 205755K(393216K)] 227975K(502464K), 0,0011173 secs] [Times: user=0,00 sys=0,00, real=0,00 secs] 
2017-07-31T15:58:55.548+0200: 15285,952: Total time for which application threads were stopped: 0,0012780 seconds, Stopping threads took: 0,0000525 seconds
2017-07-31T15:58:55.548+0200: 15285,953: [CMS-concurrent-mark-start]
2017-07-31T15:58:55.567+0200: 15285,971: [CMS-concurrent-mark: 0,019/0,019 secs] [Times: user=0,11 sys=0,00, real=0,02 secs] 
2017-07-31T15:58:55.567+0200: 15285,971: [CMS-concurrent-preclean-start]
2017-07-31T15:58:55.568+0200: 15285,972: [CMS-concurrent-preclean: 0,001/0,001 secs] [Times: user=0,00 sys=0,00, real=0,00 secs] 
2017-07-31T15:58:55.568+0200: 15285,972: [GC (CMS Final Remark) [YG occupancy: 22987 K (109248 K)]{Heap before GC invocations=100 (full 23):
 par new generation   total 109248K, used 22987K [0x00000000e0000000, 0x00000000e8000000, 0x00000000e8000000)
  eden space 87424K,   1% used [0x00000000e0000000, 0x00000000e0122d48, 0x00000000e5560000)
  from space 21824K, 100% used [0x00000000e5560000, 0x00000000e6ab0000, 0x00000000e6ab0000)
  to   space 21824K,   0% used [0x00000000e6ab0000, 0x00000000e6ab0000, 0x00000000e8000000)
 concurrent mark-sweep generation total 393216K, used 205755K [0x00000000e8000000, 0x0000000100000000, 0x0000000100000000)
 Metaspace       used 32243K, capacity 32680K, committed 33220K, reserved 1079296K
  class space    used 3565K, capacity 3704K, committed 3836K, reserved 1048576K
2017-07-31T15:58:55.568+0200: 15285,972: [GC (CMS Final Remark) 2017-07-31T15:58:55.568+0200: 15285,972: [ParNew
Desired survivor size 20112992 bytes, new threshold 8 (max 8)
- age   1:     359368 bytes,     359368 total
- age   2:   12390984 bytes,   12750352 total
- age   3:      71928 bytes,   12822280 total
: 22987K->21824K(109248K), 0,0052807 secs] 228742K->235476K(502464K), 0,0053493 secs] [Times: user=0,02 sys=0,00, real=0,01 secs] 
Heap after GC invocations=101 (full 23):
 par new generation   total 109248K, used 21824K [0x00000000e0000000, 0x00000000e8000000, 0x00000000e8000000)
  eden space 87424K,   0% used [0x00000000e0000000, 0x00000000e0000000, 0x00000000e5560000)
  from space 21824K, 100% used [0x00000000e6ab0000, 0x00000000e8000000, 0x00000000e8000000)
  to   space 21824K,   0% used [0x00000000e5560000, 0x00000000e5560000, 0x00000000e6ab0000)
 concurrent mark-sweep generation total 393216K, used 213652K [0x00000000e8000000, 0x0000000100000000, 0x0000000100000000)
 Metaspace       used 32243K, capacity 32680K, committed 33220K, reserved 1079296K
  class space    used 3565K, capacity 3704K, committed 3836K, reserved 1048576K
}
2017-07-31T15:58:55.573+0200: 15285,978: [Rescan (parallel) , 0,0012109 secs]2017-07-31T15:58:55.574+0200: 15285,979: [weak refs processing, 0,0003552 secs]2017-07-31T15:58:55.575+0200: 15285,979: [class unloading, 0,0047855 secs]2017-07-31T15:58:55.580+0200: 15285,984: [scrub symbol table, 0,0025941 secs]2017-07-31T15:58:55.582+0200: 15285,987: [scrub string table, 0,0004525 secs][1 CMS-remark: 213652K(393216K)] 235476K(502464K), 0,0149344 secs] [Times: user=0,04 sys=0,00, real=0,02 secs] 
2017-07-31T15:58:55.583+0200: 15285,987: Total time for which application threads were stopped: 0,0150740 seconds, Stopping threads took: 0,0000433 seconds
2017-07-31T15:58:55.583+0200: 15285,987: [CMS-concurrent-sweep-start]
2017-07-31T15:58:55.602+0200: 15286,006: [CMS-concurrent-sweep: 0,019/0,019 secs] [Times: user=0,05 sys=0,00, real=0,02 secs] 
2017-07-31T15:58:55.602+0200: 15286,006: [CMS-concurrent-reset-start]
2017-07-31T15:58:55.602+0200: 15286,007: [CMS-concurrent-reset: 0,001/0,001 secs] [Times: user=0,00 sys=0,00, real=0,00 secs] 
2017-07-31T15:58:55.734+0200: 15286,139: Total time for which application threads were stopped: 0,0001134 seconds, Stopping threads took: 0,0000377 seconds
{Heap before GC invocations=101 (full 23):
 par new generation   total 109248K, used 109248K [0x00000000e0000000, 0x00000000e8000000, 0x00000000e8000000)
  eden space 87424K, 100% used [0x00000000e0000000, 0x00000000e5560000, 0x00000000e5560000)
  from space 21824K, 100% used [0x00000000e6ab0000, 0x00000000e8000000, 0x00000000e8000000)
  to   space 21824K,   0% used [0x00000000e5560000, 0x00000000e5560000, 0x00000000e6ab0000)
 concurrent mark-sweep generation total 393216K, used 212802K [0x00000000e8000000, 0x0000000100000000, 0x0000000100000000)
 Metaspace       used 32243K, capacity 32680K, committed 33220K, reserved 1079296K
  class space    used 3565K, capacity 3704K, committed 3836K, reserved 1048576K
2017-07-31T15:58:55.794+0200: 15286,199: [GC (Allocation Failure) 2017-07-31T15:58:55.794+0200: 15286,199: [ParNew
Desired survivor size 20112992 bytes, new threshold 8 (max 8)
- age   1:    2988288 bytes,    2988288 total
- age   2:     182840 bytes,    3171128 total
- age   3:   12354808 bytes,   15525936 total
- age   4:      71848 bytes,   15597784 total
: 109248K->18967K(109248K), 0,0062056 secs] 322050K->231769K(502464K), 0,0062898 secs] [Times: user=0,02 sys=0,00, real=0,01 secs] 
Heap after GC invocations=102 (full 23):
 par new generation   total 109248K, used 18967K [0x00000000e0000000, 0x00000000e8000000, 0x00000000e8000000)
  eden space 87424K,   0% used [0x00000000e0000000, 0x00000000e0000000, 0x00000000e5560000)
  from space 21824K,  86% used [0x00000000e5560000, 0x00000000e67e5c38, 0x00000000e6ab0000)
  to   space 21824K,   0% used [0x00000000e6ab0000, 0x00000000e6ab0000, 0x00000000e8000000)
 concurrent mark-sweep generation total 393216K, used 212802K [0x00000000e8000000, 0x0000000100000000, 0x0000000100000000)
 Metaspace       used 32243K, capacity 32680K, committed 33220K, reserved 1079296K
  class space    used 3565K, capacity 3704K, committed 3836K, reserved 1048576K
}
2017-07-31T15:58:55.801+0200: 15286,205: Total time for which application threads were stopped: 0,0065333 seconds, Stopping threads took: 0,0000381 seconds
2017-07-31T15:58:55.801+0200: 15286,205: [GC (CMS Initial Mark) [1 CMS-initial-mark: 212802K(393216K)] 232622K(502464K), 0,0008313 secs] [Times: user=0,00 sys=0,00, real=0,00 secs] 
2017-07-31T15:58:55.802+0200: 15286,206: Total time for which application threads were stopped: 0,0009412 seconds, Stopping threads took: 0,0000328 seconds
2017-07-31T15:58:55.802+0200: 15286,206: [CMS-concurrent-mark-start]
2017-07-31T15:58:55.825+0200: 15286,229: [CMS-concurrent-mark: 0,023/0,023 secs] [Times: user=0,14 sys=0,00, real=0,02 secs] 
2017-07-31T15:58:55.825+0200: 15286,230: [CMS-concurrent-preclean-start]
2017-07-31T15:58:55.826+0200: 15286,230: [CMS-concurrent-preclean: 0,001/0,001 secs] [Times: user=0,00 sys=0,00, real=0,00 secs] 
2017-07-31T15:58:55.826+0200: 15286,230: [CMS-concurrent-abortable-preclean-start]
{Heap before GC invocations=102 (full 24):
 par new generation   total 109248K, used 106391K [0x00000000e0000000, 0x00000000e8000000, 0x00000000e8000000)
  eden space 87424K, 100% used [0x00000000e0000000, 0x00000000e5560000, 0x00000000e5560000)
  from space 21824K,  86% used [0x00000000e5560000, 0x00000000e67e5c38, 0x00000000e6ab0000)
  to   space 21824K,   0% used [0x00000000e6ab0000, 0x00000000e6ab0000, 0x00000000e8000000)
 concurrent mark-sweep generation total 393216K, used 212802K [0x00000000e8000000, 0x0000000100000000, 0x0000000100000000)
 Metaspace       used 32243K, capacity 32680K, committed 33220K, reserved 1079296K
  class space    used 3565K, capacity 3704K, committed 3836K, reserved 1048576K
2017-07-31T15:58:55.970+0200: 15286,375: [GC (Allocation Failure) 2017-07-31T15:58:55.970+0200: 15286,375: [ParNew
Desired survivor size 20112992 bytes, new threshold 8 (max 8)
- age   1:    3078472 bytes,    3078472 total
- age   2:    2045480 bytes,    5123952 total
- age   3:     182840 bytes,    5306792 total
- age   4:   11930568 bytes,   17237360 total
- age   5:      71848 bytes,   17309208 total
: 106391K->18893K(109248K), 0,0044959 secs] 319193K->231695K(502464K), 0,0045511 secs] [Times: user=0,01 sys=0,00, real=0,01 secs] 
Heap after GC invocations=103 (full 24):
 par new generation   total 109248K, used 18893K [0x00000000e0000000, 0x00000000e8000000, 0x00000000e8000000)
  eden space 87424K,   0% used [0x00000000e0000000, 0x00000000e0000000, 0x00000000e5560000)
  from space 21824K,  86% used [0x00000000e6ab0000, 0x00000000e7d23400, 0x00000000e8000000)
  to   space 21824K,   0% used [0x00000000e5560000, 0x00000000e5560000, 0x00000000e6ab0000)
 concurrent mark-sweep generation total 393216K, used 212802K [0x00000000e8000000, 0x0000000100000000, 0x0000000100000000)
 Metaspace       used 32243K, capacity 32680K, committed 33220K, reserved 1079296K
  class space    used 3565K, capacity 3704K, committed 3836K, reserved 1048576K
}
2017-07-31T15:58:55.975+0200: 15286,379: Total time for which application threads were stopped: 0,0047024 seconds, Stopping threads took: 0,0000176 seconds
2017-07-31T15:58:56.060+0200: 15286,465: Total time for which application threads were stopped: 0,0001186 seconds, Stopping threads took: 0,0000203 seconds
2017-07-31T15:58:56.282+0200: 15286,686: [CMS-concurrent-abortable-preclean: 0,044/0,456 secs] [Times: user=0,62 sys=0,01, real=0,46 secs] 
2017-07-31T15:58:56.282+0200: 15286,686: [GC (CMS Final Remark) [YG occupancy: 72373 K (109248 K)]{Heap before GC invocations=103 (full 24):
 par new generation   total 109248K, used 72373K [0x00000000e0000000, 0x00000000e8000000, 0x00000000e8000000)
  eden space 87424K,  61% used [0x00000000e0000000, 0x00000000e343a170, 0x00000000e5560000)
  from space 21824K,  86% used [0x00000000e6ab0000, 0x00000000e7d23400, 0x00000000e8000000)
  to   space 21824K,   0% used [0x00000000e5560000, 0x00000000e5560000, 0x00000000e6ab0000)
 concurrent mark-sweep generation total 393216K, used 212802K [0x00000000e8000000, 0x0000000100000000, 0x0000000100000000)
 Metaspace       used 32246K, capacity 32680K, committed 33220K, reserved 1079296K
  class space    used 3565K, capacity 3704K, committed 3836K, reserved 1048576K
2017-07-31T15:58:56.282+0200: 15286,686: [GC (CMS Final Remark) 2017-07-31T15:58:56.282+0200: 15286,686: [ParNew
Desired survivor size 20112992 bytes, new threshold 8 (max 8)
- age   1:    3795976 bytes,    3795976 total
- age   2:    1983824 bytes,    5779800 total
- age   3:    1924080 bytes,    7703880 total
- age   4:     182840 bytes,    7886720 total
- age   5:   11218496 bytes,   19105216 total
- age   6:      69928 bytes,   19175144 total
: 72373K->21824K(109248K), 0,0052568 secs] 285175K->236014K(502464K), 0,0053052 secs] [Times: user=0,02 sys=0,00, real=0,00 secs] 
Heap after GC invocations=104 (full 24):
 par new generation   total 109248K, used 21824K [0x00000000e0000000, 0x00000000e8000000, 0x00000000e8000000)
  eden space 87424K,   0% used [0x00000000e0000000, 0x00000000e0000000, 0x00000000e5560000)
  from space 21824K, 100% used [0x00000000e5560000, 0x00000000e6ab0000, 0x00000000e6ab0000)
  to   space 21824K,   0% used [0x00000000e6ab0000, 0x00000000e6ab0000, 0x00000000e8000000)
 concurrent mark-sweep generation total 393216K, used 214190K [0x00000000e8000000, 0x0000000100000000, 0x0000000100000000)
 Metaspace       used 32246K, capacity 32680K, committed 33220K, reserved 1079296K
  class space    used 3565K, capacity 3704K, committed 3836K, reserved 1048576K
}
2017-07-31T15:58:56.287+0200: 15286,692: [Rescan (parallel) , 0,0009574 secs]2017-07-31T15:58:56.288+0200: 15286,693: [weak refs processing, 0,0002981 secs]2017-07-31T15:58:56.289+0200: 15286,693: [class unloading, 0,0050803 secs]2017-07-31T15:58:56.294+0200: 15286,698: [scrub symbol table, 0,0027905 secs]2017-07-31T15:58:56.296+0200: 15286,701: [scrub string table, 0,0004628 secs][1 CMS-remark: 214190K(393216K)] 236014K(502464K), 0,0150964 secs] [Times: user=0,03 sys=0,00, real=0,01 secs] 
2017-07-31T15:58:56.297+0200: 15286,701: Total time for which application threads were stopped: 0,0152187 seconds, Stopping threads took: 0,0000229 seconds
2017-07-31T15:58:56.297+0200: 15286,702: [CMS-concurrent-sweep-start]
2017-07-31T15:58:56.316+0200: 15286,720: [CMS-concurrent-sweep: 0,019/0,019 secs] [Times: user=0,02 sys=0,00, real=0,02 secs] 
2017-07-31T15:58:56.316+0200: 15286,720: [CMS-concurrent-reset-start]
2017-07-31T15:58:56.316+0200: 15286,721: [CMS-concurrent-reset: 0,000/0,000 secs] [Times: user=0,00 sys=0,00, real=0,00 secs] 
2017-07-31T15:58:57.297+0200: 15287,702: Total time for which application threads were stopped: 0,0001468 seconds, Stopping threads took: 0,0000406 seconds
{Heap before GC invocations=104 (full 24):
 par new generation   total 109248K, used 109248K [0x00000000e0000000, 0x00000000e8000000, 0x00000000e8000000)
  eden space 87424K, 100% used [0x00000000e0000000, 0x00000000e5560000, 0x00000000e5560000)
  from space 21824K, 100% used [0x00000000e5560000, 0x00000000e6ab0000, 0x00000000e6ab0000)
  to   space 21824K,   0% used [0x00000000e6ab0000, 0x00000000e6ab0000, 0x00000000e8000000)
 concurrent mark-sweep generation total 393216K, used 214116K [0x00000000e8000000, 0x0000000100000000, 0x0000000100000000)
 Metaspace       used 32246K, capacity 32680K, committed 33220K, reserved 1079296K
  class space    used 3565K, capacity 3704K, committed 3836K, reserved 1048576K
2017-07-31T15:58:57.909+0200: 15288,313: [GC (Allocation Failure) 2017-07-31T15:58:57.909+0200: 15288,313: [ParNew
Desired survivor size 20112992 bytes, new threshold 6 (max 8)
- age   1:    8096576 bytes,    8096576 total
- age   2:    1466128 bytes,    9562704 total
- age   3:    1367224 bytes,   10929928 total
- age   4:     611040 bytes,   11540968 total
- age   5:      51752 bytes,   11592720 total
- age   6:   10485928 bytes,   22078648 total
- age   7:      69384 bytes,   22148032 total
: 109248K->21824K(109248K), 0,0098526 secs] 323364K->248398K(502464K), 0,0099558 secs] [Times: user=0,03 sys=0,00, real=0,01 secs] 
Heap after GC invocations=105 (full 24):
 par new generation   total 109248K, used 21824K [0x00000000e0000000, 0x00000000e8000000, 0x00000000e8000000)
  eden space 87424K,   0% used [0x00000000e0000000, 0x00000000e0000000, 0x00000000e5560000)
  from space 21824K, 100% used [0x00000000e6ab0000, 0x00000000e8000000, 0x00000000e8000000)
  to   space 21824K,   0% used [0x00000000e5560000, 0x00000000e5560000, 0x00000000e6ab0000)
 concurrent mark-sweep generation total 393216K, used 226574K [0x00000000e8000000, 0x0000000100000000, 0x0000000100000000)
 Metaspace       used 32246K, capacity 32680K, committed 33220K, reserved 1079296K
  class space    used 3565K, capacity 3704K, committed 3836K, reserved 1048576K
}
2017-07-31T15:58:57.919+0200: 15288,323: Total time for which application threads were stopped: 0,0101812 seconds, Stopping threads took: 0,0000251 seconds
2017-07-31T15:58:57.919+0200: 15288,323: [GC (CMS Initial Mark) [1 CMS-initial-mark: 226574K(393216K)] 248430K(502464K), 0,0011817 secs] [Times: user=0,00 sys=0,00, real=0,01 secs] 
2017-07-31T15:58:57.920+0200: 15288,325: Total time for which application threads were stopped: 0,0013143 seconds, Stopping threads took: 0,0000340 seconds
2017-07-31T15:58:57.920+0200: 15288,325: [CMS-concurrent-mark-start]
2017-07-31T15:58:57.946+0200: 15288,351: [CMS-concurrent-mark: 0,026/0,026 secs] [Times: user=0,13 sys=0,00, real=0,02 secs] 
2017-07-31T15:58:57.946+0200: 15288,351: [CMS-concurrent-preclean-start]
2017-07-31T15:58:57.948+0200: 15288,352: [CMS-concurrent-preclean: 0,001/0,001 secs] [Times: user=0,00 sys=0,00, real=0,00 secs] 
2017-07-31T15:58:57.948+0200: 15288,352: [GC (CMS Final Remark) [YG occupancy: 23093 K (109248 K)]{Heap before GC invocations=105 (full 25):
 par new generation   total 109248K, used 23093K [0x00000000e0000000, 0x00000000e8000000, 0x00000000e8000000)
  eden space 87424K,   1% used [0x00000000e0000000, 0x00000000e013d6e8, 0x00000000e5560000)
  from space 21824K, 100% used [0x00000000e6ab0000, 0x00000000e8000000, 0x00000000e8000000)
  to   space 21824K,   0% used [0x00000000e5560000, 0x00000000e5560000, 0x00000000e6ab0000)
 concurrent mark-sweep generation total 393216K, used 226574K [0x00000000e8000000, 0x0000000100000000, 0x0000000100000000)
 Metaspace       used 32246K, capacity 32680K, committed 33220K, reserved 1079296K
  class space    used 3565K, capacity 3704K, committed 3836K, reserved 1048576K
2017-07-31T15:58:57.948+0200: 15288,352: [GC (CMS Final Remark) 2017-07-31T15:58:57.948+0200: 15288,352: [ParNew
Desired survivor size 20112992 bytes, new threshold 8 (max 8)
- age   1:     335752 bytes,     335752 total
- age   2:    8037984 bytes,    8373736 total
- age   3:    1465792 bytes,    9839528 total
- age   4:    1366984 bytes,   11206512 total
- age   5:     610776 bytes,   11817288 total
- age   6:      51704 bytes,   11868992 total
: 23093K->21824K(109248K), 0,0062758 secs] 249668K->258710K(502464K), 0,0063291 secs] [Times: user=0,02 sys=0,00, real=0,01 secs] 
Heap after GC invocations=106 (full 25):
 par new generation   total 109248K, used 21824K [0x00000000e0000000, 0x00000000e8000000, 0x00000000e8000000)
  eden space 87424K,   0% used [0x00000000e0000000, 0x00000000e0000000, 0x00000000e5560000)
  from space 21824K, 100% used [0x00000000e5560000, 0x00000000e6ab0000, 0x00000000e6ab0000)
  to   space 21824K,   0% used [0x00000000e6ab0000, 0x00000000e6ab0000, 0x00000000e8000000)
 concurrent mark-sweep generation total 393216K, used 236886K [0x00000000e8000000, 0x0000000100000000, 0x0000000100000000)
 Metaspace       used 32246K, capacity 32680K, committed 33220K, reserved 1079296K
  class space    used 3565K, capacity 3704K, committed 3836K, reserved 1048576K
}
2017-07-31T15:58:57.954+0200: 15288,359: [Rescan (parallel) , 0,0014588 secs]2017-07-31T15:58:57.956+0200: 15288,360: [weak refs processing, 0,0004686 secs]2017-07-31T15:58:57.956+0200: 15288,361: [class unloading, 0,0055228 secs]2017-07-31T15:58:57.962+0200: 15288,366: [scrub symbol table, 0,0028990 secs]2017-07-31T15:58:57.965+0200: 15288,369: [scrub string table, 0,0005174 secs][1 CMS-remark: 236886K(393216K)] 258710K(502464K), 0,0174113 secs] [Times: user=0,03 sys=0,00, real=0,02 secs] 
2017-07-31T15:58:57.965+0200: 15288,370: Total time for which application threads were stopped: 0,0175557 seconds, Stopping threads took: 0,0000492 seconds
2017-07-31T15:58:57.965+0200: 15288,370: [CMS-concurrent-sweep-start]
2017-07-31T15:58:57.988+0200: 15288,393: [CMS-concurrent-sweep: 0,023/0,023 secs] [Times: user=0,05 sys=0,00, real=0,02 secs] 
2017-07-31T15:58:57.988+0200: 15288,393: [CMS-concurrent-reset-start]
2017-07-31T15:58:57.989+0200: 15288,393: [CMS-concurrent-reset: 0,000/0,000 secs] [Times: user=0,00 sys=0,00, real=0,00 secs] 
{Heap before GC invocations=106 (full 25):
 par new generation   total 109248K, used 109248K [0x00000000e0000000, 0x00000000e8000000, 0x00000000e8000000)
  eden space 87424K, 100% used [0x00000000e0000000, 0x00000000e5560000, 0x00000000e5560000)
  from space 21824K, 100% used [0x00000000e5560000, 0x00000000e6ab0000, 0x00000000e6ab0000)
  to   space 21824K,   0% used [0x00000000e6ab0000, 0x00000000e6ab0000, 0x00000000e8000000)
 concurrent mark-sweep generation total 393216K, used 227657K [0x00000000e8000000, 0x0000000100000000, 0x0000000100000000)
 Metaspace       used 32247K, capacity 32680K, committed 33220K, reserved 1079296K
  class space    used 3565K, capacity 3704K, committed 3836K, reserved 1048576K
2017-07-31T15:58:59.443+0200: 15289,848: [GC (Allocation Failure) 2017-07-31T15:58:59.443+0200: 15289,848: [ParNew
Desired survivor size 20112992 bytes, new threshold 5 (max 8)
- age   1:   11927176 bytes,   11927176 total
- age   2:     223944 bytes,   12151120 total
- age   3:    5668408 bytes,   17819528 total
- age   4:    1411096 bytes,   19230624 total
- age   5:    1363544 bytes,   20594168 total
- age   6:     606960 bytes,   21201128 total
- age   7:      50920 bytes,   21252048 total
: 109248K->21824K(109248K), 0,0073095 secs] 336905K->254826K(502464K), 0,0073933 secs] [Times: user=0,02 sys=0,00, real=0,00 secs] 
Heap after GC invocations=107 (full 25):
 par new generation   total 109248K, used 21824K [0x00000000e0000000, 0x00000000e8000000, 0x00000000e8000000)
  eden space 87424K,   0% used [0x00000000e0000000, 0x00000000e0000000, 0x00000000e5560000)
  from space 21824K, 100% used [0x00000000e6ab0000, 0x00000000e8000000, 0x00000000e8000000)
  to   space 21824K,   0% used [0x00000000e5560000, 0x00000000e5560000, 0x00000000e6ab0000)
 concurrent mark-sweep generation total 393216K, used 233002K [0x00000000e8000000, 0x0000000100000000, 0x0000000100000000)
 Metaspace       used 32247K, capacity 32680K, committed 33220K, reserved 1079296K
  class space    used 3565K, capacity 3704K, committed 3836K, reserved 1048576K
}
2017-07-31T15:58:59.451+0200: 15289,855: Total time for which application threads were stopped: 0,0076094 seconds, Stopping threads took: 0,0000329 seconds
2017-07-31T15:58:59.451+0200: 15289,855: [GC (CMS Initial Mark) [1 CMS-initial-mark: 233002K(393216K)] 254827K(502464K), 0,0010465 secs] [Times: user=0,00 sys=0,01, real=0,01 secs] 
2017-07-31T15:58:59.452+0200: 15289,857: Total time for which application threads were stopped: 0,0012170 seconds, Stopping threads took: 0,0000235 seconds
2017-07-31T15:58:59.452+0200: 15289,857: [CMS-concurrent-mark-start]
2017-07-31T15:58:59.472+0200: 15289,876: [CMS-concurrent-mark: 0,020/0,020 secs] [Times: user=0,10 sys=0,00, real=0,02 secs] 
2017-07-31T15:58:59.472+0200: 15289,876: [CMS-concurrent-preclean-start]
2017-07-31T15:58:59.473+0200: 15289,877: [CMS-concurrent-preclean: 0,001/0,001 secs] [Times: user=0,00 sys=0,00, real=0,00 secs] 
2017-07-31T15:58:59.473+0200: 15289,878: [GC (CMS Final Remark) [YG occupancy: 23236 K (109248 K)]{Heap before GC invocations=107 (full 26):
 par new generation   total 109248K, used 23236K [0x00000000e0000000, 0x00000000e8000000, 0x00000000e8000000)
  eden space 87424K,   1% used [0x00000000e0000000, 0x00000000e0161378, 0x00000000e5560000)
  from space 21824K, 100% used [0x00000000e6ab0000, 0x00000000e8000000, 0x00000000e8000000)
  to   space 21824K,   0% used [0x00000000e5560000, 0x00000000e5560000, 0x00000000e6ab0000)
 concurrent mark-sweep generation total 393216K, used 233002K [0x00000000e8000000, 0x0000000100000000, 0x0000000100000000)
 Metaspace       used 32247K, capacity 32680K, committed 33220K, reserved 1079296K
  class space    used 3565K, capacity 3704K, committed 3836K, reserved 1048576K
2017-07-31T15:58:59.473+0200: 15289,878: [GC (CMS Final Remark) 2017-07-31T15:58:59.473+0200: 15289,878: [ParNew
Desired survivor size 20112992 bytes, new threshold 8 (max 8)
- age   1:     249112 bytes,     249112 total
- age   2:   11899664 bytes,   12148776 total
- age   3:     223920 bytes,   12372696 total
- age   4:    5667208 bytes,   18039904 total
- age   5:    1410880 bytes,   19450784 total
: 23236K->21824K(109248K), 0,0049809 secs] 256239K->256805K(502464K), 0,0050254 secs] [Times: user=0,02 sys=0,00, real=0,00 secs] 
Heap after GC invocations=108 (full 26):
 par new generation   total 109248K, used 21824K [0x00000000e0000000, 0x00000000e8000000, 0x00000000e8000000)
  eden space 87424K,   0% used [0x00000000e0000000, 0x00000000e0000000, 0x00000000e5560000)
  from space 21824K, 100% used [0x00000000e5560000, 0x00000000e6ab0000, 0x00000000e6ab0000)
  to   space 21824K,   0% used [0x00000000e6ab0000, 0x00000000e6ab0000, 0x00000000e8000000)
 concurrent mark-sweep generation total 393216K, used 234981K [0x00000000e8000000, 0x0000000100000000, 0x0000000100000000)
 Metaspace       used 32247K, capacity 32680K, committed 33220K, reserved 1079296K
  class space    used 3565K, capacity 3704K, committed 3836K, reserved 1048576K
}
2017-07-31T15:58:59.478+0200: 15289,883: [Rescan (parallel) , 0,0010868 secs]2017-07-31T15:58:59.479+0200: 15289,884: [weak refs processing, 0,0002638 secs]2017-07-31T15:58:59.480+0200: 15289,884: [class unloading, 0,0047338 secs]2017-07-31T15:58:59.484+0200: 15289,889: [scrub symbol table, 0,0025576 secs]2017-07-31T15:58:59.487+0200: 15289,891: [scrub string table, 0,0004461 secs][1 CMS-remark: 234981K(393216K)] 256805K(502464K), 0,0143036 secs] [Times: user=0,03 sys=0,00, real=0,01 secs] 
2017-07-31T15:58:59.487+0200: 15289,892: Total time for which application threads were stopped: 0,0144403 seconds, Stopping threads took: 0,0000439 seconds
2017-07-31T15:58:59.487+0200: 15289,892: [CMS-concurrent-sweep-start]
2017-07-31T15:58:59.506+0200: 15289,911: [CMS-concurrent-sweep: 0,019/0,019 secs] [Times: user=0,04 sys=0,00, real=0,02 secs] 
2017-07-31T15:58:59.506+0200: 15289,911: [CMS-concurrent-reset-start]
2017-07-31T15:58:59.507+0200: 15289,911: [CMS-concurrent-reset: 0,000/0,000 secs] [Times: user=0,00 sys=0,00, real=0,00 secs] 
2017-07-31T15:58:59.775+0200: 15290,179: Total time for which application threads were stopped: 0,0002734 seconds, Stopping threads took: 0,0001547 seconds
2017-07-31T15:59:00.775+0200: 15291,180: Total time for which application threads were stopped: 0,0001314 seconds, Stopping threads took: 0,0000354 seconds
{Heap before GC invocations=108 (full 26):
 par new generation   total 109248K, used 109248K [0x00000000e0000000, 0x00000000e8000000, 0x00000000e8000000)
  eden space 87424K, 100% used [0x00000000e0000000, 0x00000000e5560000, 0x00000000e5560000)
  from space 21824K, 100% used [0x00000000e5560000, 0x00000000e6ab0000, 0x00000000e6ab0000)
  to   space 21824K,   0% used [0x00000000e6ab0000, 0x00000000e6ab0000, 0x00000000e8000000)
 concurrent mark-sweep generation total 393216K, used 205043K [0x00000000e8000000, 0x0000000100000000, 0x0000000100000000)
 Metaspace       used 32247K, capacity 32680K, committed 33220K, reserved 1079296K
  class space    used 3565K, capacity 3704K, committed 3836K, reserved 1048576K
2017-07-31T15:59:01.292+0200: 15291,697: [GC (Allocation Failure) 2017-07-31T15:59:01.292+0200: 15291,697: [ParNew
Desired survivor size 20112992 bytes, new threshold 5 (max 8)
- age   1:    8791672 bytes,    8791672 total
- age   2:     205232 bytes,    8996904 total
- age   3:    8000488 bytes,   16997392 total
- age   4:     222856 bytes,   17220248 total
- age   5:    3782912 bytes,   21003160 total
- age   6:    1297048 bytes,   22300208 total
: 109248K->21824K(109248K), 0,0077075 secs] 314291K->237764K(502464K), 0,0077792 secs] [Times: user=0,03 sys=0,00, real=0,00 secs] 
Heap after GC invocations=109 (full 26):
 par new generation   total 109248K, used 21824K [0x00000000e0000000, 0x00000000e8000000, 0x00000000e8000000)
  eden space 87424K,   0% used [0x00000000e0000000, 0x00000000e0000000, 0x00000000e5560000)
  from space 21824K, 100% used [0x00000000e6ab0000, 0x00000000e8000000, 0x00000000e8000000)
  to   space 21824K,   0% used [0x00000000e5560000, 0x00000000e5560000, 0x00000000e6ab0000)
 concurrent mark-sweep generation total 393216K, used 215940K [0x00000000e8000000, 0x0000000100000000, 0x0000000100000000)
 Metaspace       used 32247K, capacity 32680K, committed 33220K, reserved 1079296K
  class space    used 3565K, capacity 3704K, committed 3836K, reserved 1048576K
}
2017-07-31T15:59:01.300+0200: 15291,704: Total time for which application threads were stopped: 0,0079352 seconds, Stopping threads took: 0,0000276 seconds
2017-07-31T15:59:01.300+0200: 15291,704: [GC (CMS Initial Mark) [1 CMS-initial-mark: 215940K(393216K)] 238200K(502464K), 0,0008768 secs] [Times: user=0,00 sys=0,00, real=0,00 secs] 
2017-07-31T15:59:01.301+0200: 15291,705: Total time for which application threads were stopped: 0,0009948 seconds, Stopping threads took: 0,0000213 seconds
2017-07-31T15:59:01.301+0200: 15291,705: [CMS-concurrent-mark-start]
2017-07-31T15:59:01.322+0200: 15291,727: [CMS-concurrent-mark: 0,021/0,021 secs] [Times: user=0,10 sys=0,00, real=0,02 secs] 
2017-07-31T15:59:01.322+0200: 15291,727: [CMS-concurrent-preclean-start]
2017-07-31T15:59:01.323+0200: 15291,728: [CMS-concurrent-preclean: 0,001/0,001 secs] [Times: user=0,00 sys=0,00, real=0,00 secs] 
2017-07-31T15:59:01.323+0200: 15291,728: [GC (CMS Final Remark) [YG occupancy: 23548 K (109248 K)]{Heap before GC invocations=109 (full 27):
 par new generation   total 109248K, used 23548K [0x00000000e0000000, 0x00000000e8000000, 0x00000000e8000000)
  eden space 87424K,   1% used [0x00000000e0000000, 0x00000000e01af0e8, 0x00000000e5560000)
  from space 21824K, 100% used [0x00000000e6ab0000, 0x00000000e8000000, 0x00000000e8000000)
  to   space 21824K,   0% used [0x00000000e5560000, 0x00000000e5560000, 0x00000000e6ab0000)
 concurrent mark-sweep generation total 393216K, used 215940K [0x00000000e8000000, 0x0000000100000000, 0x0000000100000000)
 Metaspace       used 32247K, capacity 32680K, committed 33220K, reserved 1079296K
  class space    used 3565K, capacity 3704K, committed 3836K, reserved 1048576K
2017-07-31T15:59:01.323+0200: 15291,728: [GC (CMS Final Remark) 2017-07-31T15:59:01.323+0200: 15291,728: [ParNew
Desired survivor size 20112992 bytes, new threshold 8 (max 8)
- age   1:     299568 bytes,     299568 total
- age   2:    8786208 bytes,    9085776 total
- age   3:     205208 bytes,    9290984 total
- age   4:    7999816 bytes,   17290800 total
- age   5:     222832 bytes,   17513632 total
: 23548K->20886K(109248K), 0,0058678 secs] 239489K->241804K(502464K), 0,0059151 secs] [Times: user=0,02 sys=0,00, real=0,00 secs] 
Heap after GC invocations=110 (full 27):
 par new generation   total 109248K, used 20886K [0x00000000e0000000, 0x00000000e8000000, 0x00000000e8000000)
  eden space 87424K,   0% used [0x00000000e0000000, 0x00000000e0000000, 0x00000000e5560000)
  from space 21824K,  95% used [0x00000000e5560000, 0x00000000e69c5860, 0x00000000e6ab0000)
  to   space 21824K,   0% used [0x00000000e6ab0000, 0x00000000e6ab0000, 0x00000000e8000000)
 concurrent mark-sweep generation total 393216K, used 220918K [0x00000000e8000000, 0x0000000100000000, 0x0000000100000000)
 Metaspace       used 32247K, capacity 32680K, committed 33220K, reserved 1079296K
  class space    used 3565K, capacity 3704K, committed 3836K, reserved 1048576K
}
2017-07-31T15:59:01.329+0200: 15291,734: [Rescan (parallel) , 0,0011791 secs]2017-07-31T15:59:01.330+0200: 15291,735: [weak refs processing, 0,0003717 secs]2017-07-31T15:59:01.331+0200: 15291,735: [class unloading, 0,0048089 secs]2017-07-31T15:59:01.336+0200: 15291,740: [scrub symbol table, 0,0026359 secs]2017-07-31T15:59:01.338+0200: 15291,743: [scrub string table, 0,0004548 secs][1 CMS-remark: 220918K(393216K)] 241804K(502464K), 0,0155537 secs] [Times: user=0,03 sys=0,00, real=0,01 secs] 
2017-07-31T15:59:01.339+0200: 15291,743: Total time for which application threads were stopped: 0,0156802 seconds, Stopping threads took: 0,0000404 seconds
2017-07-31T15:59:01.339+0200: 15291,743: [CMS-concurrent-sweep-start]
2017-07-31T15:59:01.358+0200: 15291,762: [CMS-concurrent-sweep: 0,019/0,019 secs] [Times: user=0,04 sys=0,00, real=0,02 secs] 
2017-07-31T15:59:01.358+0200: 15291,762: [CMS-concurrent-reset-start]
2017-07-31T15:59:01.358+0200: 15291,763: [CMS-concurrent-reset: 0,000/0,000 secs] [Times: user=0,00 sys=0,00, real=0,00 secs] 
{Heap before GC invocations=110 (full 27):
 par new generation   total 109248K, used 108310K [0x00000000e0000000, 0x00000000e8000000, 0x00000000e8000000)
  eden space 87424K, 100% used [0x00000000e0000000, 0x00000000e5560000, 0x00000000e5560000)
  from space 21824K,  95% used [0x00000000e5560000, 0x00000000e69c5860, 0x00000000e6ab0000)
  to   space 21824K,   0% used [0x00000000e6ab0000, 0x00000000e6ab0000, 0x00000000e8000000)
 concurrent mark-sweep generation total 393216K, used 220702K [0x00000000e8000000, 0x0000000100000000, 0x0000000100000000)
 Metaspace       used 32249K, capacity 32680K, committed 33220K, reserved 1079296K
  class space    used 3565K, capacity 3704K, committed 3836K, reserved 1048576K
2017-07-31T15:59:02.931+0200: 15293,336: [GC (Allocation Failure) 2017-07-31T15:59:02.931+0200: 15293,336: [ParNew
Desired survivor size 20112992 bytes, new threshold 5 (max 8)
- age   1:   10646696 bytes,   10646696 total
- age   2:     237760 bytes,   10884456 total
- age   3:    3158280 bytes,   14042736 total
- age   4:     203008 bytes,   14245744 total
- age   5:    7760320 bytes,   22006064 total
- age   6:     220440 bytes,   22226504 total
: 108310K->21824K(109248K), 0,0084236 secs] 329012K->251221K(502464K), 0,0085112 secs] [Times: user=0,03 sys=0,00, real=0,01 secs] 
Heap after GC invocations=111 (full 27):
 par new generation   total 109248K, used 21824K [0x00000000e0000000, 0x00000000e8000000, 0x00000000e8000000)
  eden space 87424K,   0% used [0x00000000e0000000, 0x00000000e0000000, 0x00000000e5560000)
  from space 21824K, 100% used [0x00000000e6ab0000, 0x00000000e8000000, 0x00000000e8000000)
  to   space 21824K,   0% used [0x00000000e5560000, 0x00000000e5560000, 0x00000000e6ab0000)
 concurrent mark-sweep generation total 393216K, used 229397K [0x00000000e8000000, 0x0000000100000000, 0x0000000100000000)
 Metaspace       used 32249K, capacity 32680K, committed 33220K, reserved 1079296K
  class space    used 3565K, capacity 3704K, committed 3836K, reserved 1048576K
}
2017-07-31T15:59:02.940+0200: 15293,344: Total time for which application threads were stopped: 0,0087075 seconds, Stopping threads took: 0,0000255 seconds
2017-07-31T15:59:02.940+0200: 15293,344: [GC (CMS Initial Mark) [1 CMS-initial-mark: 229397K(393216K)] 251518K(502464K), 0,0008115 secs] [Times: user=0,00 sys=0,00, real=0,01 secs] 
2017-07-31T15:59:02.941+0200: 15293,345: Total time for which application threads were stopped: 0,0009157 seconds, Stopping threads took: 0,0000261 seconds
2017-07-31T15:59:02.941+0200: 15293,345: [CMS-concurrent-mark-start]
2017-07-31T15:59:02.959+0200: 15293,363: [CMS-concurrent-mark: 0,018/0,018 secs] [Times: user=0,09 sys=0,00, real=0,01 secs] 
2017-07-31T15:59:02.959+0200: 15293,364: [CMS-concurrent-preclean-start]
2017-07-31T15:59:02.960+0200: 15293,365: [CMS-concurrent-preclean: 0,001/0,001 secs] [Times: user=0,00 sys=0,00, real=0,01 secs] 
2017-07-31T15:59:02.960+0200: 15293,365: [GC (CMS Final Remark) [YG occupancy: 23168 K (109248 K)]{Heap before GC invocations=111 (full 28):
 par new generation   total 109248K, used 23168K [0x00000000e0000000, 0x00000000e8000000, 0x00000000e8000000)
  eden space 87424K,   1% used [0x00000000e0000000, 0x00000000e0150168, 0x00000000e5560000)
  from space 21824K, 100% used [0x00000000e6ab0000, 0x00000000e8000000, 0x00000000e8000000)
  to   space 21824K,   0% used [0x00000000e5560000, 0x00000000e5560000, 0x00000000e6ab0000)
 concurrent mark-sweep generation total 393216K, used 229397K [0x00000000e8000000, 0x0000000100000000, 0x0000000100000000)
 Metaspace       used 32249K, capacity 32680K, committed 33220K, reserved 1079296K
  class space    used 3565K, capacity 3704K, committed 3836K, reserved 1048576K
2017-07-31T15:59:02.960+0200: 15293,365: [GC (CMS Final Remark) 2017-07-31T15:59:02.960+0200: 15293,365: [ParNew
Desired survivor size 20112992 bytes, new threshold 8 (max 8)
- age   1:     245104 bytes,     245104 total
- age   2:    8949424 bytes,    9194528 total
- age   3:     237760 bytes,    9432288 total
- age   4:    3158280 bytes,   12590568 total
- age   5:     203008 bytes,   12793576 total
: 23168K->21824K(109248K), 0,0065301 secs] 252566K->260679K(502464K), 0,0065827 secs] [Times: user=0,02 sys=0,00, real=0,00 secs] 
Heap after GC invocations=112 (full 28):
 par new generation   total 109248K, used 21824K [0x00000000e0000000, 0x00000000e8000000, 0x00000000e8000000)
  eden space 87424K,   0% used [0x00000000e0000000, 0x00000000e0000000, 0x00000000e5560000)
  from space 21824K, 100% used [0x00000000e5560000, 0x00000000e6ab0000, 0x00000000e6ab0000)
  to   space 21824K,   0% used [0x00000000e6ab0000, 0x00000000e6ab0000, 0x00000000e8000000)
 concurrent mark-sweep generation total 393216K, used 238855K [0x00000000e8000000, 0x0000000100000000, 0x0000000100000000)
 Metaspace       used 32249K, capacity 32680K, committed 33220K, reserved 1079296K
  class space    used 3565K, capacity 3704K, committed 3836K, reserved 1048576K
}
2017-07-31T15:59:02.967+0200: 15293,371: [Rescan (parallel) , 0,0009619 secs]2017-07-31T15:59:02.968+0200: 15293,372: [weak refs processing, 0,0004090 secs]2017-07-31T15:59:02.968+0200: 15293,373: [class unloading, 0,0048341 secs]2017-07-31T15:59:02.973+0200: 15293,378: [scrub symbol table, 0,0026188 secs]2017-07-31T15:59:02.976+0200: 15293,380: [scrub string table, 0,0004687 secs][1 CMS-remark: 238855K(393216K)] 260679K(502464K), 0,0160751 secs] [Times: user=0,03 sys=0,00, real=0,01 secs] 
2017-07-31T15:59:02.976+0200: 15293,381: Total time for which application threads were stopped: 0,0162151 seconds, Stopping threads took: 0,0000416 seconds
2017-07-31T15:59:02.976+0200: 15293,381: [CMS-concurrent-sweep-start]
2017-07-31T15:59:02.996+0200: 15293,400: [CMS-concurrent-sweep: 0,019/0,019 secs] [Times: user=0,04 sys=0,00, real=0,02 secs] 
2017-07-31T15:59:02.996+0200: 15293,400: [CMS-concurrent-reset-start]
2017-07-31T15:59:02.996+0200: 15293,401: [CMS-concurrent-reset: 0,000/0,000 secs] [Times: user=0,00 sys=0,00, real=0,00 secs] 
{Heap before GC invocations=112 (full 28):
 par new generation   total 109248K, used 108736K [0x00000000e0000000, 0x00000000e8000000, 0x00000000e8000000)
  eden space 87424K,  99% used [0x00000000e0000000, 0x00000000e54e0150, 0x00000000e5560000)
  from space 21824K, 100% used [0x00000000e5560000, 0x00000000e6ab0000, 0x00000000e6ab0000)
  to   space 21824K,   0% used [0x00000000e6ab0000, 0x00000000e6ab0000, 0x00000000e8000000)
 concurrent mark-sweep generation total 393216K, used 238139K [0x00000000e8000000, 0x0000000100000000, 0x0000000100000000)
 Metaspace       used 32251K, capacity 32680K, committed 33220K, reserved 1079296K
  class space    used 3565K, capacity 3704K, committed 3836K, reserved 1048576K
2017-07-31T15:59:04.165+0200: 15294,569: [GC (Allocation Failure) 2017-07-31T15:59:04.165+0200: 15294,569: [ParNew
Desired survivor size 20112992 bytes, new threshold 5 (max 8)
- age   1:   14533560 bytes,   14533560 total
- age   2:     162872 bytes,   14696432 total
- age   3:    4673792 bytes,   19370224 total
- age   4:     237424 bytes,   19607648 total
- age   5:    1918400 bytes,   21526048 total
- age   6:     202912 bytes,   21728960 total
: 108736K->21824K(109248K), 0,0093255 secs] 346875K->272109K(502464K), 0,0094395 secs] [Times: user=0,02 sys=0,01, real=0,01 secs] 
Heap after GC invocations=113 (full 28):
 par new generation   total 109248K, used 21824K [0x00000000e0000000, 0x00000000e8000000, 0x00000000e8000000)
  eden space 87424K,   0% used [0x00000000e0000000, 0x00000000e0000000, 0x00000000e5560000)
  from space 21824K, 100% used [0x00000000e6ab0000, 0x00000000e8000000, 0x00000000e8000000)
  to   space 21824K,   0% used [0x00000000e5560000, 0x00000000e5560000, 0x00000000e6ab0000)
 concurrent mark-sweep generation total 393216K, used 250285K [0x00000000e8000000, 0x0000000100000000, 0x0000000100000000)
 Metaspace       used 32251K, capacity 32680K, committed 33220K, reserved 1079296K
  class space    used 3565K, capacity 3704K, committed 3836K, reserved 1048576K
}
2017-07-31T15:59:04.174+0200: 15294,579: Total time for which application threads were stopped: 0,0096913 seconds, Stopping threads took: 0,0000286 seconds
2017-07-31T15:59:04.174+0200: 15294,579: [GC (CMS Initial Mark) [1 CMS-initial-mark: 250285K(393216K)] 272772K(502464K), 0,0010890 secs] [Times: user=0,01 sys=0,00, real=0,00 secs] 
2017-07-31T15:59:04.176+0200: 15294,580: Total time for which application threads were stopped: 0,0012839 seconds, Stopping threads took: 0,0000710 seconds
2017-07-31T15:59:04.176+0200: 15294,580: [CMS-concurrent-mark-start]
2017-07-31T15:59:04.196+0200: 15294,600: [CMS-concurrent-mark: 0,020/0,020 secs] [Times: user=0,09 sys=0,00, real=0,02 secs] 
2017-07-31T15:59:04.196+0200: 15294,600: [CMS-concurrent-preclean-start]
2017-07-31T15:59:04.197+0200: 15294,601: [CMS-concurrent-preclean: 0,001/0,001 secs] [Times: user=0,01 sys=0,00, real=0,00 secs] 
2017-07-31T15:59:04.197+0200: 15294,601: [CMS-concurrent-abortable-preclean-start]
2017-07-31T15:59:04.640+0200: 15295,045: [CMS-concurrent-abortable-preclean: 0,043/0,443 secs] [Times: user=0,24 sys=0,00, real=0,45 secs] 
2017-07-31T15:59:04.640+0200: 15295,045: [GC (CMS Final Remark) [YG occupancy: 72663 K (109248 K)]{Heap before GC invocations=113 (full 29):
 par new generation   total 109248K, used 72663K [0x00000000e0000000, 0x00000000e8000000, 0x00000000e8000000)
  eden space 87424K,  58% used [0x00000000e0000000, 0x00000000e31a5e38, 0x00000000e5560000)
  from space 21824K, 100% used [0x00000000e6ab0000, 0x00000000e8000000, 0x00000000e8000000)
  to   space 21824K,   0% used [0x00000000e5560000, 0x00000000e5560000, 0x00000000e6ab0000)
 concurrent mark-sweep generation total 393216K, used 250285K [0x00000000e8000000, 0x0000000100000000, 0x0000000100000000)
 Metaspace       used 32269K, capacity 32680K, committed 33220K, reserved 1079296K
  class space    used 3565K, capacity 3704K, committed 3836K, reserved 1048576K
2017-07-31T15:59:04.640+0200: 15295,045: [GC (CMS Final Remark) 2017-07-31T15:59:04.640+0200: 15295,045: [ParNew
Desired survivor size 20112992 bytes, new threshold 4 (max 8)
- age   1:   10777552 bytes,   10777552 total
- age   2:    6261048 bytes,   17038600 total
- age   3:     162640 bytes,   17201240 total
- age   4:    4615992 bytes,   21817232 total
- age   5:     236552 bytes,   22053784 total
: 72663K->21824K(109248K), 0,0080406 secs] 322948K->285177K(502464K), 0,0080902 secs] [Times: user=0,04 sys=0,00, real=0,00 secs] 
Heap after GC invocations=114 (full 29):
 par new generation   total 109248K, used 21824K [0x00000000e0000000, 0x00000000e8000000, 0x00000000e8000000)
  eden space 87424K,   0% used [0x00000000e0000000, 0x00000000e0000000, 0x00000000e5560000)
  from space 21824K, 100% used [0x00000000e5560000, 0x00000000e6ab0000, 0x00000000e6ab0000)
  to   space 21824K,   0% used [0x00000000e6ab0000, 0x00000000e6ab0000, 0x00000000e8000000)
 concurrent mark-sweep generation total 393216K, used 263353K [0x00000000e8000000, 0x0000000100000000, 0x0000000100000000)
 Metaspace       used 32269K, capacity 32680K, committed 33220K, reserved 1079296K
  class space    used 3565K, capacity 3704K, committed 3836K, reserved 1048576K
}
2017-07-31T15:59:04.648+0200: 15295,053: [Rescan (parallel) , 0,0013691 secs]2017-07-31T15:59:04.650+0200: 15295,054: [weak refs processing, 0,0002928 secs]2017-07-31T15:59:04.650+0200: 15295,055: [class unloading, 0,0048939 secs]2017-07-31T15:59:04.655+0200: 15295,059: [scrub symbol table, 0,0041954 secs]2017-07-31T15:59:04.659+0200: 15295,064: [scrub string table, 0,0004598 secs][1 CMS-remark: 263353K(393216K)] 285177K(502464K), 0,0195095 secs] [Times: user=0,05 sys=0,00, real=0,01 secs] 
2017-07-31T15:59:04.660+0200: 15295,064: Total time for which application threads were stopped: 0,0196420 seconds, Stopping threads took: 0,0000376 seconds
2017-07-31T15:59:04.660+0200: 15295,064: [CMS-concurrent-sweep-start]
2017-07-31T15:59:04.680+0200: 15295,085: [CMS-concurrent-sweep: 0,021/0,021 secs] [Times: user=0,04 sys=0,00, real=0,03 secs] 
2017-07-31T15:59:04.681+0200: 15295,085: [CMS-concurrent-reset-start]
2017-07-31T15:59:04.681+0200: 15295,085: [CMS-concurrent-reset: 0,000/0,000 secs] [Times: user=0,00 sys=0,00, real=0,00 secs] 
2017-07-31T15:59:05.185+0200: 15295,589: Total time for which application threads were stopped: 0,0000990 seconds, Stopping threads took: 0,0000283 seconds
{Heap before GC invocations=114 (full 29):
 par new generation   total 109248K, used 109233K [0x00000000e0000000, 0x00000000e8000000, 0x00000000e8000000)
  eden space 87424K,  99% used [0x00000000e0000000, 0x00000000e555c498, 0x00000000e5560000)
  from space 21824K, 100% used [0x00000000e5560000, 0x00000000e6ab0000, 0x00000000e6ab0000)
  to   space 21824K,   0% used [0x00000000e6ab0000, 0x00000000e6ab0000, 0x00000000e8000000)
 concurrent mark-sweep generation total 393216K, used 260554K [0x00000000e8000000, 0x0000000100000000, 0x0000000100000000)
 Metaspace       used 32272K, capacity 32680K, committed 33220K, reserved 1079296K
  class space    used 3565K, capacity 3704K, committed 3836K, reserved 1048576K
2017-07-31T15:59:05.203+0200: 15295,607: [GC (Allocation Failure) 2017-07-31T15:59:05.203+0200: 15295,607: [ParNew
Desired survivor size 20112992 bytes, new threshold 3 (max 8)
- age   1:   18317448 bytes,   18317448 total
- age   2:      38640 bytes,   18356088 total
- age   3:    3203048 bytes,   21559136 total
- age   4:     161816 bytes,   21720952 total
: 109233K->21824K(109248K), 0,0112335 secs] 369787K->311217K(502464K), 0,0113131 secs] [Times: user=0,04 sys=0,01, real=0,01 secs] 
Heap after GC invocations=115 (full 29):
 par new generation   total 109248K, used 21824K [0x00000000e0000000, 0x00000000e8000000, 0x00000000e8000000)
  eden space 87424K,   0% used [0x00000000e0000000, 0x00000000e0000000, 0x00000000e5560000)
  from space 21824K, 100% used [0x00000000e6ab0000, 0x00000000e8000000, 0x00000000e8000000)
  to   space 21824K,   0% used [0x00000000e5560000, 0x00000000e5560000, 0x00000000e6ab0000)
 concurrent mark-sweep generation total 393216K, used 289393K [0x00000000e8000000, 0x0000000100000000, 0x0000000100000000)
 Metaspace       used 32272K, capacity 32680K, committed 33220K, reserved 1079296K
  class space    used 3565K, capacity 3704K, committed 3836K, reserved 1048576K
}
2017-07-31T15:59:05.214+0200: 15295,619: Total time for which application threads were stopped: 0,0115261 seconds, Stopping threads took: 0,0000450 seconds
2017-07-31T15:59:05.214+0200: 15295,619: [GC (CMS Initial Mark) [1 CMS-initial-mark: 289393K(393216K)] 312113K(502464K), 0,0006707 secs] [Times: user=0,00 sys=0,00, real=0,00 secs] 
2017-07-31T15:59:05.215+0200: 15295,619: Total time for which application threads were stopped: 0,0008364 seconds, Stopping threads took: 0,0000541 seconds
2017-07-31T15:59:05.215+0200: 15295,619: [CMS-concurrent-mark-start]
2017-07-31T15:59:05.237+0200: 15295,641: [CMS-concurrent-mark: 0,022/0,022 secs] [Times: user=0,12 sys=0,00, real=0,02 secs] 
2017-07-31T15:59:05.237+0200: 15295,641: [CMS-concurrent-preclean-start]
2017-07-31T15:59:05.238+0200: 15295,643: [CMS-concurrent-preclean: 0,001/0,001 secs] [Times: user=0,00 sys=0,00, real=0,00 secs] 
2017-07-31T15:59:05.238+0200: 15295,643: [CMS-concurrent-abortable-preclean-start]
2017-07-31T15:59:05.647+0200: 15296,051: [CMS-concurrent-abortable-preclean: 0,008/0,409 secs] [Times: user=0,83 sys=0,00, real=0,41 secs] 
2017-07-31T15:59:05.647+0200: 15296,052: [GC (CMS Final Remark) [YG occupancy: 106106 K (109248 K)]{Heap before GC invocations=115 (full 30):
 par new generation   total 109248K, used 106106K [0x00000000e0000000, 0x00000000e8000000, 0x00000000e8000000)
  eden space 87424K,  96% used [0x00000000e0000000, 0x00000000e524e830, 0x00000000e5560000)
  from space 21824K, 100% used [0x00000000e6ab0000, 0x00000000e8000000, 0x00000000e8000000)
  to   space 21824K,   0% used [0x00000000e5560000, 0x00000000e5560000, 0x00000000e6ab0000)
 concurrent mark-sweep generation total 393216K, used 289393K [0x00000000e8000000, 0x0000000100000000, 0x0000000100000000)
 Metaspace       used 32272K, capacity 32680K, committed 33220K, reserved 1079296K
  class space    used 3565K, capacity 3704K, committed 3836K, reserved 1048576K
2017-07-31T15:59:05.647+0200: 15296,052: [GC (CMS Final Remark) 2017-07-31T15:59:05.647+0200: 15296,052: [ParNew
Desired survivor size 20112992 bytes, new threshold 2 (max 8)
- age   1:    8409552 bytes,    8409552 total
- age   2:   13802008 bytes,   22211560 total
- age   3:      38640 bytes,   22250200 total
: 106106K->21824K(109248K), 0,0103716 secs] 395499K->323987K(502464K), 0,0104469 secs] [Times: user=0,03 sys=0,01, real=0,01 secs] 
Heap after GC invocations=116 (full 30):
 par new generation   total 109248K, used 21824K [0x00000000e0000000, 0x00000000e8000000, 0x00000000e8000000)
  eden space 87424K,   0% used [0x00000000e0000000, 0x00000000e0000000, 0x00000000e5560000)
  from space 21824K, 100% used [0x00000000e5560000, 0x00000000e6ab0000, 0x00000000e6ab0000)
  to   space 21824K,   0% used [0x00000000e6ab0000, 0x00000000e6ab0000, 0x00000000e8000000)
 concurrent mark-sweep generation total 393216K, used 302163K [0x00000000e8000000, 0x0000000100000000, 0x0000000100000000)
 Metaspace       used 32272K, capacity 32680K, committed 33220K, reserved 1079296K
  class space    used 3565K, capacity 3704K, committed 3836K, reserved 1048576K
}
2017-07-31T15:59:05.658+0200: 15296,062: [Rescan (parallel) , 0,0008916 secs]2017-07-31T15:59:05.658+0200: 15296,063: [weak refs processing, 0,0004799 secs]2017-07-31T15:59:05.659+0200: 15296,063: [class unloading, 0,0048195 secs]2017-07-31T15:59:05.664+0200: 15296,068: [scrub symbol table, 0,0025841 secs]2017-07-31T15:59:05.666+0200: 15296,071: [scrub string table, 0,0004535 secs][1 CMS-remark: 302163K(393216K)] 323987K(502464K), 0,0198960 secs] [Times: user=0,04 sys=0,01, real=0,02 secs] 
2017-07-31T15:59:05.667+0200: 15296,071: Total time for which application threads were stopped: 0,0200666 seconds, Stopping threads took: 0,0000515 seconds
2017-07-31T15:59:05.667+0200: 15296,071: [CMS-concurrent-sweep-start]
2017-07-31T15:59:05.688+0200: 15296,092: [CMS-concurrent-sweep: 0,021/0,021 secs] [Times: user=0,06 sys=0,00, real=0,02 secs] 
2017-07-31T15:59:05.688+0200: 15296,092: [CMS-concurrent-reset-start]
2017-07-31T15:59:05.688+0200: 15296,093: [CMS-concurrent-reset: 0,001/0,001 secs] [Times: user=0,01 sys=0,00, real=0,00 secs] 
{Heap before GC invocations=116 (full 30):
 par new generation   total 109248K, used 109248K [0x00000000e0000000, 0x00000000e8000000, 0x00000000e8000000)
  eden space 87424K, 100% used [0x00000000e0000000, 0x00000000e5560000, 0x00000000e5560000)
  from space 21824K, 100% used [0x00000000e5560000, 0x00000000e6ab0000, 0x00000000e6ab0000)
  to   space 21824K,   0% used [0x00000000e6ab0000, 0x00000000e6ab0000, 0x00000000e8000000)
 concurrent mark-sweep generation total 393216K, used 290181K [0x00000000e8000000, 0x0000000100000000, 0x0000000100000000)
 Metaspace       used 32272K, capacity 32680K, committed 33220K, reserved 1079296K
  class space    used 3565K, capacity 3704K, committed 3836K, reserved 1048576K
2017-07-31T15:59:05.760+0200: 15296,165: [GC (Allocation Failure) 2017-07-31T15:59:05.760+0200: 15296,165: [ParNew
Desired survivor size 20112992 bytes, new threshold 8 (max 8)
- age   1:   11412912 bytes,   11412912 total
- age   2:    3321992 bytes,   14734904 total
: 109248K->21280K(109248K), 0,0057931 secs] 399429K->327614K(502464K), 0,0058563 secs] [Times: user=0,02 sys=0,00, real=0,00 secs] 
Heap after GC invocations=117 (full 30):
 par new generation   total 109248K, used 21280K [0x00000000e0000000, 0x00000000e8000000, 0x00000000e8000000)
  eden space 87424K,   0% used [0x00000000e0000000, 0x00000000e0000000, 0x00000000e5560000)
  from space 21824K,  97% used [0x00000000e6ab0000, 0x00000000e7f78050, 0x00000000e8000000)
  to   space 21824K,   0% used [0x00000000e5560000, 0x00000000e5560000, 0x00000000e6ab0000)
 concurrent mark-sweep generation total 393216K, used 306334K [0x00000000e8000000, 0x0000000100000000, 0x0000000100000000)
 Metaspace       used 32272K, capacity 32680K, committed 33220K, reserved 1079296K
  class space    used 3565K, capacity 3704K, committed 3836K, reserved 1048576K
}
2017-07-31T15:59:05.766+0200: 15296,170: Total time for which application threads were stopped: 0,0060276 seconds, Stopping threads took: 0,0000384 seconds
2017-07-31T15:59:05.766+0200: 15296,171: [GC (CMS Initial Mark) [1 CMS-initial-mark: 306334K(393216K)] 328414K(502464K), 0,0005551 secs] [Times: user=0,00 sys=0,00, real=0,00 secs] 
2017-07-31T15:59:05.767+0200: 15296,171: Total time for which application threads were stopped: 0,0006492 seconds, Stopping threads took: 0,0000324 seconds
2017-07-31T15:59:05.767+0200: 15296,171: [CMS-concurrent-mark-start]
2017-07-31T15:59:05.788+0200: 15296,192: [CMS-concurrent-mark: 0,021/0,021 secs] [Times: user=0,12 sys=0,00, real=0,02 secs] 
2017-07-31T15:59:05.788+0200: 15296,192: [CMS-concurrent-preclean-start]
2017-07-31T15:59:05.789+0200: 15296,193: [CMS-concurrent-preclean: 0,001/0,001 secs] [Times: user=0,00 sys=0,00, real=0,00 secs] 
2017-07-31T15:59:05.789+0200: 15296,193: [CMS-concurrent-abortable-preclean-start]
{Heap before GC invocations=117 (full 31):
 par new generation   total 109248K, used 108704K [0x00000000e0000000, 0x00000000e8000000, 0x00000000e8000000)
  eden space 87424K, 100% used [0x00000000e0000000, 0x00000000e5560000, 0x00000000e5560000)
  from space 21824K,  97% used [0x00000000e6ab0000, 0x00000000e7f78050, 0x00000000e8000000)
  to   space 21824K,   0% used [0x00000000e5560000, 0x00000000e5560000, 0x00000000e6ab0000)
 concurrent mark-sweep generation total 393216K, used 306334K [0x00000000e8000000, 0x0000000100000000, 0x0000000100000000)
 Metaspace       used 32272K, capacity 32680K, committed 33220K, reserved 1079296K
  class space    used 3565K, capacity 3704K, committed 3836K, reserved 1048576K
2017-07-31T15:59:05.895+0200: 15296,299: [GC (Allocation Failure) 2017-07-31T15:59:05.895+0200: 15296,299: [ParNew
Desired survivor size 20112992 bytes, new threshold 8 (max 8)
- age   1:   12367176 bytes,   12367176 total
- age   2:    3500688 bytes,   15867864 total
- age   3:    3315144 bytes,   19183008 total
: 108704K->20880K(109248K), 0,0040900 secs] 415038K->327214K(502464K), 0,0041463 secs] [Times: user=0,01 sys=0,01, real=0,00 secs] 
Heap after GC invocations=118 (full 31):
 par new generation   total 109248K, used 20880K [0x00000000e0000000, 0x00000000e8000000, 0x00000000e8000000)
  eden space 87424K,   0% used [0x00000000e0000000, 0x00000000e0000000, 0x00000000e5560000)
  from space 21824K,  95% used [0x00000000e5560000, 0x00000000e69c40f0, 0x00000000e6ab0000)
  to   space 21824K,   0% used [0x00000000e6ab0000, 0x00000000e6ab0000, 0x00000000e8000000)
 concurrent mark-sweep generation total 393216K, used 306334K [0x00000000e8000000, 0x0000000100000000, 0x0000000100000000)
 Metaspace       used 32272K, capacity 32680K, committed 33220K, reserved 1079296K
  class space    used 3565K, capacity 3704K, committed 3836K, reserved 1048576K
}
2017-07-31T15:59:05.899+0200: 15296,303: Total time for which application threads were stopped: 0,0043173 seconds, Stopping threads took: 0,0000375 seconds
2017-07-31T15:59:06.103+0200: 15296,507: [CMS-concurrent-abortable-preclean: 0,007/0,314 secs] [Times: user=0,54 sys=0,01, real=0,32 secs] 
2017-07-31T15:59:06.103+0200: 15296,508: [GC (CMS Final Remark) [YG occupancy: 105867 K (109248 K)]{Heap before GC invocations=118 (full 31):
 par new generation   total 109248K, used 105867K [0x00000000e0000000, 0x00000000e8000000, 0x00000000e8000000)
  eden space 87424K,  97% used [0x00000000e0000000, 0x00000000e52fee98, 0x00000000e5560000)
  from space 21824K,  95% used [0x00000000e5560000, 0x00000000e69c40f0, 0x00000000e6ab0000)
  to   space 21824K,   0% used [0x00000000e6ab0000, 0x00000000e6ab0000, 0x00000000e8000000)
 concurrent mark-sweep generation total 393216K, used 306334K [0x00000000e8000000, 0x0000000100000000, 0x0000000100000000)
 Metaspace       used 32274K, capacity 32680K, committed 33220K, reserved 1079296K
  class space    used 3565K, capacity 3704K, committed 3836K, reserved 1048576K
2017-07-31T15:59:06.103+0200: 15296,508: [GC (CMS Final Remark) 2017-07-31T15:59:06.103+0200: 15296,508: [ParNew
Desired survivor size 20112992 bytes, new threshold 4 (max 8)
- age   1:   12278336 bytes,   12278336 total
- age   2:    2301112 bytes,   14579448 total
- age   3:    3499104 bytes,   18078552 total
- age   4:    3315144 bytes,   21393696 total
: 105867K->21824K(109248K), 0,0049326 secs] 412202K->328487K(502464K), 0,0049715 secs] [Times: user=0,02 sys=0,00, real=0,00 secs] 
Heap after GC invocations=119 (full 31):
 par new generation   total 109248K, used 21824K [0x00000000e0000000, 0x00000000e8000000, 0x00000000e8000000)
  eden space 87424K,   0% used [0x00000000e0000000, 0x00000000e0000000, 0x00000000e5560000)
  from space 21824K, 100% used [0x00000000e6ab0000, 0x00000000e8000000, 0x00000000e8000000)
  to   space 21824K,   0% used [0x00000000e5560000, 0x00000000e5560000, 0x00000000e6ab0000)
 concurrent mark-sweep generation total 393216K, used 306663K [0x00000000e8000000, 0x0000000100000000, 0x0000000100000000)
 Metaspace       used 32274K, capacity 32680K, committed 33220K, reserved 1079296K
  class space    used 3565K, capacity 3704K, committed 3836K, reserved 1048576K
}
2017-07-31T15:59:06.108+0200: 15296,513: [Rescan (parallel) , 0,0005589 secs]2017-07-31T15:59:06.109+0200: 15296,513: [weak refs processing, 0,0002803 secs]2017-07-31T15:59:06.109+0200: 15296,514: [class unloading, 0,0049525 secs]2017-07-31T15:59:06.114+0200: 15296,519: [scrub symbol table, 0,0028166 secs]2017-07-31T15:59:06.117+0200: 15296,521: [scrub string table, 0,0004633 secs][1 CMS-remark: 306663K(393216K)] 328487K(502464K), 0,0142276 secs] [Times: user=0,03 sys=0,00, real=0,01 secs] 
2017-07-31T15:59:06.117+0200: 15296,522: Total time for which application threads were stopped: 0,0143694 seconds, Stopping threads took: 0,0000486 seconds
2017-07-31T15:59:06.118+0200: 15296,522: [CMS-concurrent-sweep-start]
2017-07-31T15:59:06.131+0200: 15296,535: Total time for which application threads were stopped: 0,0001310 seconds, Stopping threads took: 0,0000519 seconds
2017-07-31T15:59:06.131+0200: 15296,535: Total time for which application threads were stopped: 0,0000608 seconds, Stopping threads took: 0,0000287 seconds
2017-07-31T15:59:06.140+0200: 15296,544: [CMS-concurrent-sweep: 0,022/0,022 secs] [Times: user=0,05 sys=0,00, real=0,02 secs] 
2017-07-31T15:59:06.140+0200: 15296,544: [CMS-concurrent-reset-start]
2017-07-31T15:59:06.140+0200: 15296,545: Total time for which application threads were stopped: 0,0001119 seconds, Stopping threads took: 0,0000373 seconds
2017-07-31T15:59:06.141+0200: 15296,545: Total time for which application threads were stopped: 0,0000587 seconds, Stopping threads took: 0,0000211 seconds
2017-07-31T15:59:06.141+0200: 15296,545: [CMS-concurrent-reset: 0,001/0,001 secs] [Times: user=0,01 sys=0,00, real=0,01 secs] 
{Heap before GC invocations=119 (full 31):
 par new generation   total 109248K, used 109248K [0x00000000e0000000, 0x00000000e8000000, 0x00000000e8000000)
  eden space 87424K, 100% used [0x00000000e0000000, 0x00000000e5560000, 0x00000000e5560000)
  from space 21824K, 100% used [0x00000000e6ab0000, 0x00000000e8000000, 0x00000000e8000000)
  to   space 21824K,   0% used [0x00000000e5560000, 0x00000000e5560000, 0x00000000e6ab0000)
 concurrent mark-sweep generation total 393216K, used 300448K [0x00000000e8000000, 0x0000000100000000, 0x0000000100000000)
 Metaspace       used 32276K, capacity 32680K, committed 33220K, reserved 1079296K
  class space    used 3565K, capacity 3704K, committed 3836K, reserved 1048576K
2017-07-31T15:59:06.240+0200: 15296,644: [GC (Allocation Failure) 2017-07-31T15:59:06.240+0200: 15296,644: [ParNew
Desired survivor size 20112992 bytes, new threshold 8 (max 8)
- age   1:    2287296 bytes,    2287296 total
- age   2:   11353600 bytes,   13640896 total
- age   3:    2261448 bytes,   15902344 total
- age   4:    3475504 bytes,   19377848 total
: 109248K->21824K(109248K), 0,0050126 secs] 409696K->327003K(502464K), 0,0050730 secs] [Times: user=0,02 sys=0,00, real=0,00 secs] 
Heap after GC invocations=120 (full 31):
 par new generation   total 109248K, used 21824K [0x00000000e0000000, 0x00000000e8000000, 0x00000000e8000000)
  eden space 87424K,   0% used [0x00000000e0000000, 0x00000000e0000000, 0x00000000e5560000)
  from space 21824K, 100% used [0x00000000e5560000, 0x00000000e6ab0000, 0x00000000e6ab0000)
  to   space 21824K,   0% used [0x00000000e6ab0000, 0x00000000e6ab0000, 0x00000000e8000000)
 concurrent mark-sweep generation total 393216K, used 305179K [0x00000000e8000000, 0x0000000100000000, 0x0000000100000000)
 Metaspace       used 32276K, capacity 32680K, committed 33220K, reserved 1079296K
  class space    used 3565K, capacity 3704K, committed 3836K, reserved 1048576K
}
2017-07-31T15:59:06.245+0200: 15296,650: Total time for which application threads were stopped: 0,0052705 seconds, Stopping threads took: 0,0000385 seconds
2017-07-31T15:59:06.245+0200: 15296,650: [GC (CMS Initial Mark) [1 CMS-initial-mark: 305179K(393216K)] 328304K(502464K), 0,0005889 secs] [Times: user=0,00 sys=0,00, real=0,00 secs] 
2017-07-31T15:59:06.246+0200: 15296,650: Total time for which application threads were stopped: 0,0006876 seconds, Stopping threads took: 0,0000303 seconds
2017-07-31T15:59:06.246+0200: 15296,650: [CMS-concurrent-mark-start]
2017-07-31T15:59:06.265+0200: 15296,670: [CMS-concurrent-mark: 0,020/0,020 secs] [Times: user=0,11 sys=0,00, real=0,02 secs] 
2017-07-31T15:59:06.265+0200: 15296,670: [CMS-concurrent-preclean-start]
2017-07-31T15:59:06.266+0200: 15296,671: [CMS-concurrent-preclean: 0,001/0,001 secs] [Times: user=0,01 sys=0,00, real=0,00 secs] 
2017-07-31T15:59:06.266+0200: 15296,671: [CMS-concurrent-abortable-preclean-start]
{Heap before GC invocations=120 (full 32):
 par new generation   total 109248K, used 109248K [0x00000000e0000000, 0x00000000e8000000, 0x00000000e8000000)
  eden space 87424K, 100% used [0x00000000e0000000, 0x00000000e5560000, 0x00000000e5560000)
  from space 21824K, 100% used [0x00000000e5560000, 0x00000000e6ab0000, 0x00000000e6ab0000)
  to   space 21824K,   0% used [0x00000000e6ab0000, 0x00000000e6ab0000, 0x00000000e8000000)
 concurrent mark-sweep generation total 393216K, used 305179K [0x00000000e8000000, 0x0000000100000000, 0x0000000100000000)
 Metaspace       used 32276K, capacity 32680K, committed 33220K, reserved 1079296K
  class space    used 3565K, capacity 3704K, committed 3836K, reserved 1048576K
2017-07-31T15:59:06.367+0200: 15296,772: [GC (Allocation Failure) 2017-07-31T15:59:06.367+0200: 15296,772: [ParNew2017-07-31T15:59:06.369+0200: 15296,773: [CMS-concurrent-abortable-preclean: 0,002/0,102 secs] [Times: user=0,21 sys=0,00, real=0,10 secs] 

Desired survivor size 20112992 bytes, new threshold 5 (max 8)
- age   1:    1482208 bytes,    1482208 total
- age   2:    2010600 bytes,    3492808 total
- age   3:   11345240 bytes,   14838048 total
- age   4:    2261448 bytes,   17099496 total
- age   5:    3475504 bytes,   20575000 total
: 109248K->21824K(109248K), 0,0054739 secs] 414427K->327003K(502464K), 0,0055499 secs] [Times: user=0,01 sys=0,00, real=0,01 secs] 
Heap after GC invocations=121 (full 32):
 par new generation   total 109248K, used 21824K [0x00000000e0000000, 0x00000000e8000000, 0x00000000e8000000)
  eden space 87424K,   0% used [0x00000000e0000000, 0x00000000e0000000, 0x00000000e5560000)
  from space 21824K, 100% used [0x00000000e6ab0000, 0x00000000e8000000, 0x00000000e8000000)
  to   space 21824K,   0% used [0x00000000e5560000, 0x00000000e5560000, 0x00000000e6ab0000)
 concurrent mark-sweep generation total 393216K, used 305179K [0x00000000e8000000, 0x0000000100000000, 0x0000000100000000)
 Metaspace       used 32276K, capacity 32680K, committed 33220K, reserved 1079296K
  class space    used 3565K, capacity 3704K, committed 3836K, reserved 1048576K
}
2017-07-31T15:59:06.373+0200: 15296,777: Total time for which application threads were stopped: 0,0057870 seconds, Stopping threads took: 0,0000446 seconds
2017-07-31T15:59:06.373+0200: 15296,777: [GC (CMS Final Remark) [YG occupancy: 23442 K (109248 K)]{Heap before GC invocations=121 (full 32):
 par new generation   total 109248K, used 23442K [0x00000000e0000000, 0x00000000e8000000, 0x00000000e8000000)
  eden space 87424K,   1% used [0x00000000e0000000, 0x00000000e0194b50, 0x00000000e5560000)
  from space 21824K, 100% used [0x00000000e6ab0000, 0x00000000e8000000, 0x00000000e8000000)
  to   space 21824K,   0% used [0x00000000e5560000, 0x00000000e5560000, 0x00000000e6ab0000)
 concurrent mark-sweep generation total 393216K, used 305179K [0x00000000e8000000, 0x0000000100000000, 0x0000000100000000)
 Metaspace       used 32276K, capacity 32680K, committed 33220K, reserved 1079296K
  class space    used 3565K, capacity 3704K, committed 3836K, reserved 1048576K
2017-07-31T15:59:06.373+0200: 15296,777: [GC (CMS Final Remark) 2017-07-31T15:59:06.373+0200: 15296,777: [ParNew
Desired survivor size 20112992 bytes, new threshold 8 (max 8)
- age   1:       5336 bytes,       5336 total
- age   2:    1344192 bytes,    1349528 total
- age   3:    1905656 bytes,    3255184 total
- age   4:   11203424 bytes,   14458608 total
- age   5:    2110600 bytes,   16569208 total
: 23442K->21824K(109248K), 0,0040580 secs] 328621K->330922K(502464K), 0,0040968 secs] [Times: user=0,02 sys=0,00, real=0,00 secs] 
Heap after GC invocations=122 (full 32):
 par new generation   total 109248K, used 21824K [0x00000000e0000000, 0x00000000e8000000, 0x00000000e8000000)
  eden space 87424K,   0% used [0x00000000e0000000, 0x00000000e0000000, 0x00000000e5560000)
  from space 21824K, 100% used [0x00000000e5560000, 0x00000000e6ab0000, 0x00000000e6ab0000)
  to   space 21824K,   0% used [0x00000000e6ab0000, 0x00000000e6ab0000, 0x00000000e8000000)
 concurrent mark-sweep generation total 393216K, used 309098K [0x00000000e8000000, 0x0000000100000000, 0x0000000100000000)
 Metaspace       used 32276K, capacity 32680K, committed 33220K, reserved 1079296K
  class space    used 3565K, capacity 3704K, committed 3836K, reserved 1048576K
}
2017-07-31T15:59:06.377+0200: 15296,781: [Rescan (parallel) , 0,0007992 secs]2017-07-31T15:59:06.378+0200: 15296,782: [weak refs processing, 0,0002632 secs]2017-07-31T15:59:06.378+0200: 15296,782: [class unloading, 0,0048266 secs]2017-07-31T15:59:06.383+0200: 15296,787: [scrub symbol table, 0,0026049 secs]2017-07-31T15:59:06.385+0200: 15296,790: [scrub string table, 0,0004527 secs][1 CMS-remark: 309098K(393216K)] 330922K(502464K), 0,0132218 secs] [Times: user=0,03 sys=0,00, real=0,01 secs] 
2017-07-31T15:59:06.386+0200: 15296,790: Total time for which application threads were stopped: 0,0133421 seconds, Stopping threads took: 0,0000365 seconds
2017-07-31T15:59:06.386+0200: 15296,791: [CMS-concurrent-sweep-start]
2017-07-31T15:59:06.407+0200: 15296,811: [CMS-concurrent-sweep: 0,020/0,020 secs] [Times: user=0,05 sys=0,00, real=0,02 secs] 
2017-07-31T15:59:06.407+0200: 15296,811: [CMS-concurrent-reset-start]
2017-07-31T15:59:06.407+0200: 15296,812: [CMS-concurrent-reset: 0,000/0,000 secs] [Times: user=0,00 sys=0,00, real=0,00 secs] 
{Heap before GC invocations=122 (full 32):
 par new generation   total 109248K, used 109248K [0x00000000e0000000, 0x00000000e8000000, 0x00000000e8000000)
  eden space 87424K, 100% used [0x00000000e0000000, 0x00000000e5560000, 0x00000000e5560000)
  from space 21824K, 100% used [0x00000000e5560000, 0x00000000e6ab0000, 0x00000000e6ab0000)
  to   space 21824K,   0% used [0x00000000e6ab0000, 0x00000000e6ab0000, 0x00000000e8000000)
 concurrent mark-sweep generation total 393216K, used 308151K [0x00000000e8000000, 0x0000000100000000, 0x0000000100000000)
 Metaspace       used 32279K, capacity 32680K, committed 33220K, reserved 1079296K
  class space    used 3565K, capacity 3704K, committed 3836K, reserved 1048576K
2017-07-31T15:59:06.579+0200: 15296,983: [GC (Allocation Failure) 2017-07-31T15:59:06.579+0200: 15296,983: [ParNew
Desired survivor size 20112992 bytes, new threshold 8 (max 8)
- age   1:    9987600 bytes,    9987600 total
- age   2:        384 bytes,    9987984 total
- age   3:    1206152 bytes,   11194136 total
- age   4:    1613320 bytes,   12807456 total
- age   5:    1266472 bytes,   14073928 total
- age   6:    2110600 bytes,   16184528 total
: 109248K->20998K(109248K), 0,0056298 secs] 417399K->332508K(502464K), 0,0056969 secs] [Times: user=0,01 sys=0,00, real=0,01 secs] 
Heap after GC invocations=123 (full 32):
 par new generation   total 109248K, used 20998K [0x00000000e0000000, 0x00000000e8000000, 0x00000000e8000000)
  eden space 87424K,   0% used [0x00000000e0000000, 0x00000000e0000000, 0x00000000e5560000)
  from space 21824K,  96% used [0x00000000e6ab0000, 0x00000000e7f31a28, 0x00000000e8000000)
  to   space 21824K,   0% used [0x00000000e5560000, 0x00000000e5560000, 0x00000000e6ab0000)
 concurrent mark-sweep generation total 393216K, used 311510K [0x00000000e8000000, 0x0000000100000000, 0x0000000100000000)
 Metaspace       used 32279K, capacity 32680K, committed 33220K, reserved 1079296K
  class space    used 3565K, capacity 3704K, committed 3836K, reserved 1048576K
}
2017-07-31T15:59:06.585+0200: 15296,989: Total time for which application threads were stopped: 0,0058749 seconds, Stopping threads took: 0,0000332 seconds
2017-07-31T15:59:06.585+0200: 15296,989: [GC (CMS Initial Mark) [1 CMS-initial-mark: 311510K(393216K)] 333877K(502464K), 0,0006508 secs] [Times: user=0,00 sys=0,00, real=0,00 secs] 
2017-07-31T15:59:06.585+0200: 15296,990: Total time for which application threads were stopped: 0,0007521 seconds, Stopping threads took: 0,0000337 seconds
2017-07-31T15:59:06.585+0200: 15296,990: [CMS-concurrent-mark-start]
2017-07-31T15:59:06.606+0200: 15297,010: [CMS-concurrent-mark: 0,020/0,020 secs] [Times: user=0,12 sys=0,00, real=0,02 secs] 
2017-07-31T15:59:06.606+0200: 15297,010: [CMS-concurrent-preclean-start]
2017-07-31T15:59:06.607+0200: 15297,011: [CMS-concurrent-preclean: 0,001/0,001 secs] [Times: user=0,00 sys=0,00, real=0,00 secs] 
2017-07-31T15:59:06.607+0200: 15297,011: [CMS-concurrent-abortable-preclean-start]
2017-07-31T15:59:06.713+0200: 15297,117: [CMS-concurrent-abortable-preclean: 0,006/0,106 secs] [Times: user=0,21 sys=0,00, real=0,11 secs] 
2017-07-31T15:59:06.713+0200: 15297,117: [GC (CMS Final Remark) [YG occupancy: 66154 K (109248 K)]{Heap before GC invocations=123 (full 33):
 par new generation   total 109248K, used 66154K [0x00000000e0000000, 0x00000000e8000000, 0x00000000e8000000)
  eden space 87424K,  51% used [0x00000000e0000000, 0x00000000e2c18e98, 0x00000000e5560000)
  from space 21824K,  96% used [0x00000000e6ab0000, 0x00000000e7f31a28, 0x00000000e8000000)
  to   space 21824K,   0% used [0x00000000e5560000, 0x00000000e5560000, 0x00000000e6ab0000)
 concurrent mark-sweep generation total 393216K, used 311510K [0x00000000e8000000, 0x0000000100000000, 0x0000000100000000)
 Metaspace       used 32281K, capacity 32680K, committed 33220K, reserved 1079296K
  class space    used 3565K, capacity 3704K, committed 3836K, reserved 1048576K
2017-07-31T15:59:06.713+0200: 15297,117: [GC (CMS Final Remark) 2017-07-31T15:59:06.713+0200: 15297,117: [ParNew
Desired survivor size 20112992 bytes, new threshold 8 (max 8)
- age   1:    2284376 bytes,    2284376 total
- age   2:    9725440 bytes,   12009816 total
- age   3:        408 bytes,   12010224 total
- age   4:    1177880 bytes,   13188104 total
- age   5:    1580096 bytes,   14768200 total
- age   6:    1266880 bytes,   16035080 total
- age   7:    2110648 bytes,   18145728 total
: 66154K->21824K(109248K), 0,0044816 secs] 377664K->333334K(502464K), 0,0045412 secs] [Times: user=0,01 sys=0,00, real=0,00 secs] 
Heap after GC invocations=124 (full 33):
 par new generation   total 109248K, used 21824K [0x00000000e0000000, 0x00000000e8000000, 0x00000000e8000000)
  eden space 87424K,   0% used [0x00000000e0000000, 0x00000000e0000000, 0x00000000e5560000)
  from space 21824K, 100% used [0x00000000e5560000, 0x00000000e6ab0000, 0x00000000e6ab0000)
  to   space 21824K,   0% used [0x00000000e6ab0000, 0x00000000e6ab0000, 0x00000000e8000000)
 concurrent mark-sweep generation total 393216K, used 311510K [0x00000000e8000000, 0x0000000100000000, 0x0000000100000000)
 Metaspace       used 32281K, capacity 32680K, committed 33220K, reserved 1079296K
  class space    used 3565K, capacity 3704K, committed 3836K, reserved 1048576K
}
2017-07-31T15:59:06.717+0200: 15297,122: [Rescan (parallel) , 0,0006694 secs]2017-07-31T15:59:06.718+0200: 15297,123: [weak refs processing, 0,0002405 secs]2017-07-31T15:59:06.718+0200: 15297,123: [class unloading, 0,0048112 secs]2017-07-31T15:59:06.723+0200: 15297,128: [scrub symbol table, 0,0026004 secs]2017-07-31T15:59:06.726+0200: 15297,130: [scrub string table, 0,0004526 secs][1 CMS-remark: 311510K(393216K)] 333334K(502464K), 0,0134849 secs] [Times: user=0,03 sys=0,00, real=0,01 secs] 
2017-07-31T15:59:06.726+0200: 15297,131: Total time for which application threads were stopped: 0,0136305 seconds, Stopping threads took: 0,0000449 seconds
2017-07-31T15:59:06.726+0200: 15297,131: [CMS-concurrent-sweep-start]
2017-07-31T15:59:06.757+0200: 15297,162: [CMS-concurrent-sweep: 0,031/0,031 secs] [Times: user=0,06 sys=0,02, real=0,03 secs] 
2017-07-31T15:59:06.757+0200: 15297,162: [CMS-concurrent-reset-start]
2017-07-31T15:59:06.758+0200: 15297,162: [CMS-concurrent-reset: 0,001/0,001 secs] [Times: user=0,00 sys=0,00, real=0,00 secs] 
2017-07-31T15:59:07.727+0200: 15298,131: Total time for which application threads were stopped: 0,0001268 seconds, Stopping threads took: 0,0000471 seconds
{Heap before GC invocations=124 (full 33):
 par new generation   total 109248K, used 109248K [0x00000000e0000000, 0x00000000e8000000, 0x00000000e8000000)
  eden space 87424K, 100% used [0x00000000e0000000, 0x00000000e5560000, 0x00000000e5560000)
  from space 21824K, 100% used [0x00000000e5560000, 0x00000000e6ab0000, 0x00000000e6ab0000)
  to   space 21824K,   0% used [0x00000000e6ab0000, 0x00000000e6ab0000, 0x00000000e8000000)
 concurrent mark-sweep generation total 393216K, used 309899K [0x00000000e8000000, 0x0000000100000000, 0x0000000100000000)
 Metaspace       used 32286K, capacity 32744K, committed 33220K, reserved 1079296K
  class space    used 3565K, capacity 3704K, committed 3836K, reserved 1048576K
2017-07-31T15:59:08.220+0200: 15298,625: [GC (Allocation Failure) 2017-07-31T15:59:08.220+0200: 15298,625: [ParNew
Desired survivor size 20112992 bytes, new threshold 7 (max 8)
- age   1:   14979944 bytes,   14979944 total
- age   2:    1106096 bytes,   16086040 total
- age   3:     838984 bytes,   16925024 total
- age   4:        384 bytes,   16925408 total
- age   5:     847984 bytes,   17773392 total
- age   6:    1250200 bytes,   19023592 total
- age   7:    1192880 bytes,   20216472 total
- age   8:    2005056 bytes,   22221528 total
: 109248K->21824K(109248K), 0,0084111 secs] 419147K->345890K(502464K), 0,0084955 secs] [Times: user=0,02 sys=0,00, real=0,00 secs] 
Heap after GC invocations=125 (full 33):
 par new generation   total 109248K, used 21824K [0x00000000e0000000, 0x00000000e8000000, 0x00000000e8000000)
  eden space 87424K,   0% used [0x00000000e0000000, 0x00000000e0000000, 0x00000000e5560000)
  from space 21824K, 100% used [0x00000000e6ab0000, 0x00000000e8000000, 0x00000000e8000000)
  to   space 21824K,   0% used [0x00000000e5560000, 0x00000000e5560000, 0x00000000e6ab0000)
 concurrent mark-sweep generation total 393216K, used 324066K [0x00000000e8000000, 0x0000000100000000, 0x0000000100000000)
 Metaspace       used 32286K, capacity 32744K, committed 33220K, reserved 1079296K
  class space    used 3565K, capacity 3704K, committed 3836K, reserved 1048576K
}
2017-07-31T15:59:08.229+0200: 15298,633: Total time for which application threads were stopped: 0,0087064 seconds, Stopping threads took: 0,0000258 seconds
2017-07-31T15:59:08.229+0200: 15298,633: [GC (CMS Initial Mark) [1 CMS-initial-mark: 324066K(393216K)] 345912K(502464K), 0,0008574 secs] [Times: user=0,00 sys=0,00, real=0,00 secs] 
2017-07-31T15:59:08.230+0200: 15298,634: Total time for which application threads were stopped: 0,0009650 seconds, Stopping threads took: 0,0000250 seconds
2017-07-31T15:59:08.230+0200: 15298,634: [CMS-concurrent-mark-start]
2017-07-31T15:59:08.250+0200: 15298,654: [CMS-concurrent-mark: 0,020/0,020 secs] [Times: user=0,10 sys=0,00, real=0,02 secs] 
2017-07-31T15:59:08.250+0200: 15298,654: [CMS-concurrent-preclean-start]
2017-07-31T15:59:08.251+0200: 15298,655: [CMS-concurrent-preclean: 0,001/0,001 secs] [Times: user=0,00 sys=0,00, real=0,00 secs] 
2017-07-31T15:59:08.251+0200: 15298,655: [CMS-concurrent-abortable-preclean-start]
2017-07-31T15:59:08.889+0200: 15299,293: [CMS-concurrent-abortable-preclean: 0,038/0,638 secs] [Times: user=0,54 sys=0,01, real=0,64 secs] 
2017-07-31T15:59:08.889+0200: 15299,293: [GC (CMS Final Remark) [YG occupancy: 73013 K (109248 K)]{Heap before GC invocations=125 (full 34):
 par new generation   total 109248K, used 73013K [0x00000000e0000000, 0x00000000e8000000, 0x00000000e8000000)
  eden space 87424K,  58% used [0x00000000e0000000, 0x00000000e31fd4f0, 0x00000000e5560000)
  from space 21824K, 100% used [0x00000000e6ab0000, 0x00000000e8000000, 0x00000000e8000000)
  to   space 21824K,   0% used [0x00000000e5560000, 0x00000000e5560000, 0x00000000e6ab0000)
 concurrent mark-sweep generation total 393216K, used 324066K [0x00000000e8000000, 0x0000000100000000, 0x0000000100000000)
 Metaspace       used 32286K, capacity 32744K, committed 33220K, reserved 1079296K
  class space    used 3565K, capacity 3704K, committed 3836K, reserved 1048576K
2017-07-31T15:59:08.889+0200: 15299,294: [GC (CMS Final Remark) 2017-07-31T15:59:08.889+0200: 15299,294: [ParNew
Desired survivor size 20112992 bytes, new threshold 2 (max 8)
- age   1:   17412736 bytes,   17412736 total
- age   2:    2829816 bytes,   20242552 total
- age   3:     426328 bytes,   20668880 total
- age   4:     149832 bytes,   20818712 total
- age   5:        384 bytes,   20819096 total
- age   6:     322056 bytes,   21141152 total
- age   7:     854976 bytes,   21996128 total
: 73013K->21824K(109248K), 0,0073743 secs] 397079K->355152K(502464K), 0,0074324 secs] [Times: user=0,02 sys=0,00, real=0,01 secs] 
Heap after GC invocations=126 (full 34):
 par new generation   total 109248K, used 21824K [0x00000000e0000000, 0x00000000e8000000, 0x00000000e8000000)
  eden space 87424K,   0% used [0x00000000e0000000, 0x00000000e0000000, 0x00000000e5560000)
  from space 21824K, 100% used [0x00000000e5560000, 0x00000000e6ab0000, 0x00000000e6ab0000)
  to   space 21824K,   0% used [0x00000000e6ab0000, 0x00000000e6ab0000, 0x00000000e8000000)
 concurrent mark-sweep generation total 393216K, used 333328K [0x00000000e8000000, 0x0000000100000000, 0x0000000100000000)
 Metaspace       used 32286K, capacity 32744K, committed 33220K, reserved 1079296K
  class space    used 3565K, capacity 3704K, committed 3836K, reserved 1048576K
}
2017-07-31T15:59:08.897+0200: 15299,301: [Rescan (parallel) , 0,0009650 secs]2017-07-31T15:59:08.898+0200: 15299,302: [weak refs processing, 0,0002469 secs]2017-07-31T15:59:08.898+0200: 15299,302: [class unloading, 0,0048166 secs]2017-07-31T15:59:08.903+0200: 15299,307: [scrub symbol table, 0,0025984 secs]2017-07-31T15:59:08.905+0200: 15299,310: [scrub string table, 0,0004532 secs][1 CMS-remark: 333328K(393216K)] 355152K(502464K), 0,0167309 secs] [Times: user=0,03 sys=0,00, real=0,02 secs] 
2017-07-31T15:59:08.906+0200: 15299,310: Total time for which application threads were stopped: 0,0169120 seconds, Stopping threads took: 0,0000384 seconds
2017-07-31T15:59:08.906+0200: 15299,310: [CMS-concurrent-sweep-start]
2017-07-31T15:59:08.926+0200: 15299,331: [CMS-concurrent-sweep: 0,021/0,021 secs] [Times: user=0,04 sys=0,00, real=0,02 secs] 
2017-07-31T15:59:08.926+0200: 15299,331: [CMS-concurrent-reset-start]
2017-07-31T15:59:08.927+0200: 15299,331: [CMS-concurrent-reset: 0,000/0,000 secs] [Times: user=0,00 sys=0,00, real=0,00 secs] 
2017-07-31T15:59:10.504+0200: 15300,908: Total time for which application threads were stopped: 0,0001476 seconds, Stopping threads took: 0,0000278 seconds
2017-07-31T15:59:10.506+0200: 15300,910: Total time for which application threads were stopped: 0,0001020 seconds, Stopping threads took: 0,0000241 seconds
2017-07-31T15:59:10.597+0200: 15301,001: Total time for which application threads were stopped: 0,0001052 seconds, Stopping threads took: 0,0000327 seconds
{Heap before GC invocations=126 (full 34):
 par new generation   total 109248K, used 109248K [0x00000000e0000000, 0x00000000e8000000, 0x00000000e8000000)
  eden space 87424K, 100% used [0x00000000e0000000, 0x00000000e5560000, 0x00000000e5560000)
  from space 21824K, 100% used [0x00000000e5560000, 0x00000000e6ab0000, 0x00000000e6ab0000)
  to   space 21824K,   0% used [0x00000000e6ab0000, 0x00000000e6ab0000, 0x00000000e8000000)
 concurrent mark-sweep generation total 393216K, used 328609K [0x00000000e8000000, 0x0000000100000000, 0x0000000100000000)
 Metaspace       used 32304K, capacity 32744K, committed 33220K, reserved 1079296K
  class space    used 3565K, capacity 3704K, committed 3836K, reserved 1048576K
2017-07-31T15:59:10.643+0200: 15301,048: [GC (Allocation Failure) 2017-07-31T15:59:10.643+0200: 15301,048: [ParNew
Desired survivor size 20112992 bytes, new threshold 2 (max 8)
- age   1:   14487456 bytes,   14487456 total
- age   2:    7372096 bytes,   21859552 total
: 109248K->21824K(109248K), 0,0090557 secs] 437857K->372756K(502464K), 0,0091221 secs] [Times: user=0,03 sys=0,00, real=0,01 secs] 
Heap after GC invocations=127 (full 34):
 par new generation   total 109248K, used 21824K [0x00000000e0000000, 0x00000000e8000000, 0x00000000e8000000)
  eden space 87424K,   0% used [0x00000000e0000000, 0x00000000e0000000, 0x00000000e5560000)
  from space 21824K, 100% used [0x00000000e6ab0000, 0x00000000e8000000, 0x00000000e8000000)
  to   space 21824K,   0% used [0x00000000e5560000, 0x00000000e5560000, 0x00000000e6ab0000)
 concurrent mark-sweep generation total 393216K, used 350932K [0x00000000e8000000, 0x0000000100000000, 0x0000000100000000)
 Metaspace       used 32304K, capacity 32744K, committed 33220K, reserved 1079296K
  class space    used 3565K, capacity 3704K, committed 3836K, reserved 1048576K
}
2017-07-31T15:59:10.652+0200: 15301,057: Total time for which application threads were stopped: 0,0093132 seconds, Stopping threads took: 0,0000441 seconds
2017-07-31T15:59:10.652+0200: 15301,057: [GC (CMS Initial Mark) [1 CMS-initial-mark: 350932K(393216K)] 373162K(502464K), 0,0007532 secs] [Times: user=0,00 sys=0,00, real=0,00 secs] 
2017-07-31T15:59:10.653+0200: 15301,058: Total time for which application threads were stopped: 0,0008560 seconds, Stopping threads took: 0,0000340 seconds
2017-07-31T15:59:10.653+0200: 15301,058: [CMS-concurrent-mark-start]
2017-07-31T15:59:10.674+0200: 15301,078: [CMS-concurrent-mark: 0,021/0,021 secs] [Times: user=0,12 sys=0,00, real=0,02 secs] 
2017-07-31T15:59:10.674+0200: 15301,078: [CMS-concurrent-preclean-start]
2017-07-31T15:59:10.675+0200: 15301,079: [CMS-concurrent-preclean: 0,001/0,001 secs] [Times: user=0,00 sys=0,00, real=0,00 secs] 
2017-07-31T15:59:10.675+0200: 15301,080: [GC (CMS Final Remark) [YG occupancy: 23389 K (109248 K)]{Heap before GC invocations=127 (full 35):
 par new generation   total 109248K, used 23389K [0x00000000e0000000, 0x00000000e8000000, 0x00000000e8000000)
  eden space 87424K,   1% used [0x00000000e0000000, 0x00000000e01875f0, 0x00000000e5560000)
  from space 21824K, 100% used [0x00000000e6ab0000, 0x00000000e8000000, 0x00000000e8000000)
  to   space 21824K,   0% used [0x00000000e5560000, 0x00000000e5560000, 0x00000000e6ab0000)
 concurrent mark-sweep generation total 393216K, used 350932K [0x00000000e8000000, 0x0000000100000000, 0x0000000100000000)
 Metaspace       used 32304K, capacity 32744K, committed 33220K, reserved 1079296K
  class space    used 3565K, capacity 3704K, committed 3836K, reserved 1048576K
2017-07-31T15:59:10.675+0200: 15301,080: [GC (CMS Final Remark) 2017-07-31T15:59:10.675+0200: 15301,080: [ParNew
Desired survivor size 20112992 bytes, new threshold 8 (max 8)
- age   1:     721632 bytes,     721632 total
- age   2:   14473344 bytes,   15194976 total
: 23389K->21053K(109248K), 0,0052034 secs] 374321K->379187K(502464K), 0,0052684 secs] [Times: user=0,01 sys=0,00, real=0,01 secs] 
Heap after GC invocations=128 (full 35):
 par new generation   total 109248K, used 21053K [0x00000000e0000000, 0x00000000e8000000, 0x00000000e8000000)
  eden space 87424K,   0% used [0x00000000e0000000, 0x00000000e0000000, 0x00000000e5560000)
  from space 21824K,  96% used [0x00000000e5560000, 0x00000000e69ef400, 0x00000000e6ab0000)
  to   space 21824K,   0% used [0x00000000e6ab0000, 0x00000000e6ab0000, 0x00000000e8000000)
 concurrent mark-sweep generation total 393216K, used 358134K [0x00000000e8000000, 0x0000000100000000, 0x0000000100000000)
 Metaspace       used 32304K, capacity 32744K, committed 33220K, reserved 1079296K
  class space    used 3565K, capacity 3704K, committed 3836K, reserved 1048576K
}
2017-07-31T15:59:10.680+0200: 15301,085: [Rescan (parallel) , 0,0009502 secs]2017-07-31T15:59:10.681+0200: 15301,086: [weak refs processing, 0,0002519 secs]2017-07-31T15:59:10.682+0200: 15301,086: [class unloading, 0,0048361 secs]2017-07-31T15:59:10.687+0200: 15301,091: [scrub symbol table, 0,0026136 secs]2017-07-31T15:59:10.689+0200: 15301,094: [scrub string table, 0,0004519 secs][1 CMS-remark: 358134K(393216K)] 379187K(502464K), 0,0145687 secs] [Times: user=0,03 sys=0,00, real=0,01 secs] 
2017-07-31T15:59:10.690+0200: 15301,094: Total time for which application threads were stopped: 0,0147394 seconds, Stopping threads took: 0,0000702 seconds
2017-07-31T15:59:10.690+0200: 15301,094: [CMS-concurrent-sweep-start]
2017-07-31T15:59:10.711+0200: 15301,115: [CMS-concurrent-sweep: 0,021/0,021 secs] [Times: user=0,05 sys=0,00, real=0,02 secs] 
2017-07-31T15:59:10.711+0200: 15301,115: [CMS-concurrent-reset-start]
2017-07-31T15:59:10.711+0200: 15301,116: [CMS-concurrent-reset: 0,000/0,000 secs] [Times: user=0,00 sys=0,00, real=0,00 secs] 
{Heap before GC invocations=128 (full 35):
 par new generation   total 109248K, used 108477K [0x00000000e0000000, 0x00000000e8000000, 0x00000000e8000000)
  eden space 87424K, 100% used [0x00000000e0000000, 0x00000000e5560000, 0x00000000e5560000)
  from space 21824K,  96% used [0x00000000e5560000, 0x00000000e69ef400, 0x00000000e6ab0000)
  to   space 21824K,   0% used [0x00000000e6ab0000, 0x00000000e6ab0000, 0x00000000e8000000)
 concurrent mark-sweep generation total 393216K, used 268467K [0x00000000e8000000, 0x0000000100000000, 0x0000000100000000)
 Metaspace       used 32306K, capacity 32744K, committed 33220K, reserved 1079296K
  class space    used 3565K, capacity 3704K, committed 3836K, reserved 1048576K
2017-07-31T15:59:10.960+0200: 15301,364: [GC (Allocation Failure) 2017-07-31T15:59:10.960+0200: 15301,364: [ParNew
Desired survivor size 20112992 bytes, new threshold 3 (max 8)
- age   1:    2914944 bytes,    2914944 total
- age   2:     186832 bytes,    3101776 total
- age   3:   18370424 bytes,   21472200 total
: 108477K->21824K(109248K), 0,0068905 secs] 376944K->291409K(502464K), 0,0069795 secs] [Times: user=0,02 sys=0,00, real=0,01 secs] 
Heap after GC invocations=129 (full 35):
 par new generation   total 109248K, used 21824K [0x00000000e0000000, 0x00000000e8000000, 0x00000000e8000000)
  eden space 87424K,   0% used [0x00000000e0000000, 0x00000000e0000000, 0x00000000e5560000)
  from space 21824K, 100% used [0x00000000e6ab0000, 0x00000000e8000000, 0x00000000e8000000)
  to   space 21824K,   0% used [0x00000000e5560000, 0x00000000e5560000, 0x00000000e6ab0000)
 concurrent mark-sweep generation total 393216K, used 269585K [0x00000000e8000000, 0x0000000100000000, 0x0000000100000000)
 Metaspace       used 32306K, capacity 32744K, committed 33220K, reserved 1079296K
  class space    used 3565K, capacity 3704K, committed 3836K, reserved 1048576K
}
2017-07-31T15:59:10.967+0200: 15301,371: Total time for which application threads were stopped: 0,0071734 seconds, Stopping threads took: 0,0000427 seconds
2017-07-31T15:59:10.967+0200: 15301,371: [GC (CMS Initial Mark) [1 CMS-initial-mark: 269585K(393216K)] 292150K(502464K), 0,0010060 secs] [Times: user=0,01 sys=0,00, real=0,00 secs] 
2017-07-31T15:59:10.968+0200: 15301,372: Total time for which application threads were stopped: 0,0011697 seconds, Stopping threads took: 0,0000695 seconds
2017-07-31T15:59:10.968+0200: 15301,372: [CMS-concurrent-mark-start]
2017-07-31T15:59:10.989+0200: 15301,393: [CMS-concurrent-mark: 0,021/0,021 secs] [Times: user=0,11 sys=0,01, real=0,02 secs] 
2017-07-31T15:59:10.989+0200: 15301,393: [CMS-concurrent-preclean-start]
2017-07-31T15:59:10.990+0200: 15301,395: [CMS-concurrent-preclean: 0,001/0,001 secs] [Times: user=0,00 sys=0,00, real=0,00 secs] 
2017-07-31T15:59:10.990+0200: 15301,395: [CMS-concurrent-abortable-preclean-start]
{Heap before GC invocations=129 (full 36):
 par new generation   total 109248K, used 109248K [0x00000000e0000000, 0x00000000e8000000, 0x00000000e8000000)
  eden space 87424K, 100% used [0x00000000e0000000, 0x00000000e5560000, 0x00000000e5560000)
  from space 21824K, 100% used [0x00000000e6ab0000, 0x00000000e8000000, 0x00000000e8000000)
  to   space 21824K,   0% used [0x00000000e5560000, 0x00000000e5560000, 0x00000000e6ab0000)
 concurrent mark-sweep generation total 393216K, used 269585K [0x00000000e8000000, 0x0000000100000000, 0x0000000100000000)
 Metaspace       used 32306K, capacity 32744K, committed 33220K, reserved 1079296K
  class space    used 3565K, capacity 3704K, committed 3836K, reserved 1048576K
2017-07-31T15:59:11.096+0200: 15301,501: [GC (Allocation Failure) 2017-07-31T15:59:11.096+0200: 15301,501: [ParNew2017-07-31T15:59:11.098+0200: 15301,502: [CMS-concurrent-abortable-preclean: 0,007/0,107 secs] [Times: user=0,22 sys=0,00, real=0,11 secs] 

Desired survivor size 20112992 bytes, new threshold 8 (max 8)
- age   1:    3653552 bytes,    3653552 total
- age   2:    1552424 bytes,    5205976 total
- age   3:     186832 bytes,    5392808 total
: 109248K->9532K(109248K), 0,0059357 secs] 378833K->292969K(502464K), 0,0059982 secs] [Times: user=0,02 sys=0,00, real=0,01 secs] 
Heap after GC invocations=130 (full 36):
 par new generation   total 109248K, used 9532K [0x00000000e0000000, 0x00000000e8000000, 0x00000000e8000000)
  eden space 87424K,   0% used [0x00000000e0000000, 0x00000000e0000000, 0x00000000e5560000)
  from space 21824K,  43% used [0x00000000e5560000, 0x00000000e5eaf250, 0x00000000e6ab0000)
  to   space 21824K,   0% used [0x00000000e6ab0000, 0x00000000e6ab0000, 0x00000000e8000000)
 concurrent mark-sweep generation total 393216K, used 283436K [0x00000000e8000000, 0x0000000100000000, 0x0000000100000000)
 Metaspace       used 32306K, capacity 32744K, committed 33220K, reserved 1079296K
  class space    used 3565K, capacity 3704K, committed 3836K, reserved 1048576K
}
2017-07-31T15:59:11.102+0200: 15301,507: Total time for which application threads were stopped: 0,0061824 seconds, Stopping threads took: 0,0000369 seconds
2017-07-31T15:59:11.102+0200: 15301,507: [GC (CMS Final Remark) [YG occupancy: 9784 K (109248 K)]{Heap before GC invocations=130 (full 36):
 par new generation   total 109248K, used 9784K [0x00000000e0000000, 0x00000000e8000000, 0x00000000e8000000)
  eden space 87424K,   0% used [0x00000000e0000000, 0x00000000e003ee10, 0x00000000e5560000)
  from space 21824K,  43% used [0x00000000e5560000, 0x00000000e5eaf250, 0x00000000e6ab0000)
  to   space 21824K,   0% used [0x00000000e6ab0000, 0x00000000e6ab0000, 0x00000000e8000000)
 concurrent mark-sweep generation total 393216K, used 283436K [0x00000000e8000000, 0x0000000100000000, 0x0000000100000000)
 Metaspace       used 32306K, capacity 32744K, committed 33220K, reserved 1079296K
  class space    used 3565K, capacity 3704K, committed 3836K, reserved 1048576K
2017-07-31T15:59:11.102+0200: 15301,507: [GC (CMS Final Remark) 2017-07-31T15:59:11.102+0200: 15301,507: [ParNew
Desired survivor size 20112992 bytes, new threshold 8 (max 8)
- age   1:      39040 bytes,      39040 total
- age   2:    3653472 bytes,    3692512 total
- age   3:    1552424 bytes,    5244936 total
- age   4:     186832 bytes,    5431768 total
: 9784K->7712K(109248K), 0,0023872 secs] 293220K->291149K(502464K), 0,0024432 secs] [Times: user=0,01 sys=0,00, real=0,00 secs] 
Heap after GC invocations=131 (full 36):
 par new generation   total 109248K, used 7712K [0x00000000e0000000, 0x00000000e8000000, 0x00000000e8000000)
  eden space 87424K,   0% used [0x00000000e0000000, 0x00000000e0000000, 0x00000000e5560000)
  from space 21824K,  35% used [0x00000000e6ab0000, 0x00000000e7238260, 0x00000000e8000000)
  to   space 21824K,   0% used [0x00000000e5560000, 0x00000000e5560000, 0x00000000e6ab0000)
 concurrent mark-sweep generation total 393216K, used 283436K [0x00000000e8000000, 0x0000000100000000, 0x0000000100000000)
 Metaspace       used 32306K, capacity 32744K, committed 33220K, reserved 1079296K
  class space    used 3565K, capacity 3704K, committed 3836K, reserved 1048576K
}
2017-07-31T15:59:11.105+0200: 15301,509: [Rescan (parallel) , 0,0011668 secs]2017-07-31T15:59:11.106+0200: 15301,511: [weak refs processing, 0,0002464 secs]2017-07-31T15:59:11.106+0200: 15301,511: [class unloading, 0,0048376 secs]2017-07-31T15:59:11.111+0200: 15301,516: [scrub symbol table, 0,0025958 secs]2017-07-31T15:59:11.114+0200: 15301,518: [scrub string table, 0,0004519 secs][1 CMS-remark: 283436K(393216K)] 291149K(502464K), 0,0119152 secs] [Times: user=0,02 sys=0,00, real=0,01 secs] 
2017-07-31T15:59:11.114+0200: 15301,519: Total time for which application threads were stopped: 0,0120254 seconds, Stopping threads took: 0,0000290 seconds
2017-07-31T15:59:11.114+0200: 15301,519: [CMS-concurrent-sweep-start]
2017-07-31T15:59:11.135+0200: 15301,539: [CMS-concurrent-sweep: 0,021/0,021 secs] [Times: user=0,06 sys=0,00, real=0,02 secs] 
2017-07-31T15:59:11.135+0200: 15301,539: [CMS-concurrent-reset-start]
2017-07-31T15:59:11.135+0200: 15301,540: [CMS-concurrent-reset: 0,000/0,000 secs] [Times: user=0,00 sys=0,00, real=0,00 secs] 
{Heap before GC invocations=131 (full 36):
 par new generation   total 109248K, used 95136K [0x00000000e0000000, 0x00000000e8000000, 0x00000000e8000000)
  eden space 87424K, 100% used [0x00000000e0000000, 0x00000000e5560000, 0x00000000e5560000)
  from space 21824K,  35% used [0x00000000e6ab0000, 0x00000000e7238260, 0x00000000e8000000)
  to   space 21824K,   0% used [0x00000000e5560000, 0x00000000e5560000, 0x00000000e6ab0000)
 concurrent mark-sweep generation total 393216K, used 283299K [0x00000000e8000000, 0x0000000100000000, 0x0000000100000000)
 Metaspace       used 32306K, capacity 32744K, committed 33220K, reserved 1079296K
  class space    used 3565K, capacity 3704K, committed 3836K, reserved 1048576K
2017-07-31T15:59:11.256+0200: 15301,661: [GC (Allocation Failure) 2017-07-31T15:59:11.256+0200: 15301,661: [ParNew
Desired survivor size 20112992 bytes, new threshold 8 (max 8)
- age   1:    3112832 bytes,    3112832 total
- age   2:        288 bytes,    3113120 total
- age   3:    2251448 bytes,    5364568 total
- age   4:    1527016 bytes,    6891584 total
- age   5:     186832 bytes,    7078416 total
: 95136K->8111K(109248K), 0,0032439 secs] 378435K->291410K(502464K), 0,0033041 secs] [Times: user=0,01 sys=0,00, real=0,00 secs] 
Heap after GC invocations=132 (full 36):
 par new generation   total 109248K, used 8111K [0x00000000e0000000, 0x00000000e8000000, 0x00000000e8000000)
  eden space 87424K,   0% used [0x00000000e0000000, 0x00000000e0000000, 0x00000000e5560000)
  from space 21824K,  37% used [0x00000000e5560000, 0x00000000e5d4bda0, 0x00000000e6ab0000)
  to   space 21824K,   0% used [0x00000000e6ab0000, 0x00000000e6ab0000, 0x00000000e8000000)
 concurrent mark-sweep generation total 393216K, used 283299K [0x00000000e8000000, 0x0000000100000000, 0x0000000100000000)
 Metaspace       used 32306K, capacity 32744K, committed 33220K, reserved 1079296K
  class space    used 3565K, capacity 3704K, committed 3836K, reserved 1048576K
}
2017-07-31T15:59:11.260+0200: 15301,664: Total time for which application threads were stopped: 0,0034998 seconds, Stopping threads took: 0,0000419 seconds
2017-07-31T15:59:11.260+0200: 15301,664: [GC (CMS Initial Mark) [1 CMS-initial-mark: 283299K(393216K)] 292583K(502464K), 0,0007748 secs] [Times: user=0,00 sys=0,00, real=0,01 secs] 
2017-07-31T15:59:11.261+0200: 15301,665: Total time for which application threads were stopped: 0,0009135 seconds, Stopping threads took: 0,0000389 seconds
2017-07-31T15:59:11.261+0200: 15301,665: [CMS-concurrent-mark-start]
2017-07-31T15:59:11.283+0200: 15301,688: [CMS-concurrent-mark: 0,023/0,023 secs] [Times: user=0,13 sys=0,00, real=0,02 secs] 
2017-07-31T15:59:11.283+0200: 15301,688: [CMS-concurrent-preclean-start]
2017-07-31T15:59:11.285+0200: 15301,689: [CMS-concurrent-preclean: 0,001/0,001 secs] [Times: user=0,01 sys=0,00, real=0,00 secs] 
2017-07-31T15:59:11.285+0200: 15301,689: [CMS-concurrent-abortable-preclean-start]
{Heap before GC invocations=132 (full 37):
 par new generation   total 109248K, used 95535K [0x00000000e0000000, 0x00000000e8000000, 0x00000000e8000000)
  eden space 87424K, 100% used [0x00000000e0000000, 0x00000000e5560000, 0x00000000e5560000)
  from space 21824K,  37% used [0x00000000e5560000, 0x00000000e5d4bda0, 0x00000000e6ab0000)
  to   space 21824K,   0% used [0x00000000e6ab0000, 0x00000000e6ab0000, 0x00000000e8000000)
 concurrent mark-sweep generation total 393216K, used 283299K [0x00000000e8000000, 0x0000000100000000, 0x0000000100000000)
 Metaspace       used 32306K, capacity 32744K, committed 33220K, reserved 1079296K
  class space    used 3565K, capacity 3704K, committed 3836K, reserved 1048576K
2017-07-31T15:59:11.374+0200: 15301,779: [GC (Allocation Failure) 2017-07-31T15:59:11.374+0200: 15301,779: [ParNew
Desired survivor size 20112992 bytes, new threshold 8 (max 8)
- age   1:     472616 bytes,     472616 total
- age   2:    2976512 bytes,    3449128 total
- age   3:        288 bytes,    3449416 total
- age   4:    2249632 bytes,    5699048 total
- age   5:    1434536 bytes,    7133584 total
- age   6:     186832 bytes,    7320416 total
: 95535K->10869K(109248K), 0,0036352 secs] 378834K->294168K(502464K), 0,0037031 secs] [Times: user=0,01 sys=0,00, real=0,00 secs] 
Heap after GC invocations=133 (full 37):
 par new generation   total 109248K, used 10869K [0x00000000e0000000, 0x00000000e8000000, 0x00000000e8000000)
  eden space 87424K,   0% used [0x00000000e0000000, 0x00000000e0000000, 0x00000000e5560000)
  from space 21824K,  49% used [0x00000000e6ab0000, 0x00000000e754d4c0, 0x00000000e8000000)
  to   space 21824K,   0% used [0x00000000e5560000, 0x00000000e5560000, 0x00000000e6ab0000)
 concurrent mark-sweep generation total 393216K, used 283299K [0x00000000e8000000, 0x0000000100000000, 0x0000000100000000)
 Metaspace       used 32306K, capacity 32744K, committed 33220K, reserved 1079296K
  class space    used 3565K, capacity 3704K, committed 3836K, reserved 1048576K
}
2017-07-31T15:59:11.378+0200: 15301,782: Total time for which application threads were stopped: 0,0038926 seconds, Stopping threads took: 0,0000288 seconds
2017-07-31T15:59:11.487+0200: 15301,892: [CMS-concurrent-abortable-preclean: 0,013/0,202 secs] [Times: user=0,31 sys=0,02, real=0,20 secs] 
2017-07-31T15:59:11.487+0200: 15301,892: [GC (CMS Final Remark) [YG occupancy: 77904 K (109248 K)]{Heap before GC invocations=133 (full 37):
 par new generation   total 109248K, used 77904K [0x00000000e0000000, 0x00000000e8000000, 0x00000000e8000000)
  eden space 87424K,  76% used [0x00000000e0000000, 0x00000000e4176d40, 0x00000000e5560000)
  from space 21824K,  49% used [0x00000000e6ab0000, 0x00000000e754d4c0, 0x00000000e8000000)
  to   space 21824K,   0% used [0x00000000e5560000, 0x00000000e5560000, 0x00000000e6ab0000)
 concurrent mark-sweep generation total 393216K, used 283299K [0x00000000e8000000, 0x0000000100000000, 0x0000000100000000)
 Metaspace       used 32306K, capacity 32744K, committed 33220K, reserved 1079296K
  class space    used 3565K, capacity 3704K, committed 3836K, reserved 1048576K
2017-07-31T15:59:11.487+0200: 15301,892: [GC (CMS Final Remark) 2017-07-31T15:59:11.487+0200: 15301,892: [ParNew
Desired survivor size 20112992 bytes, new threshold 8 (max 8)
- age   1:    2695632 bytes,    2695632 total
- age   2:     398944 bytes,    3094576 total
- age   3:    1594440 bytes,    4689016 total
- age   4:        288 bytes,    4689304 total
- age   5:    2249632 bytes,    6938936 total
- age   6:    1426288 bytes,    8365224 total
- age   7:     186832 bytes,    8552056 total
: 77904K->10143K(109248K), 0,0025146 secs] 361203K->293442K(502464K), 0,0025692 secs] [Times: user=0,01 sys=0,00, real=0,00 secs] 
Heap after GC invocations=134 (full 37):
 par new generation   total 109248K, used 10143K [0x00000000e0000000, 0x00000000e8000000, 0x00000000e8000000)
  eden space 87424K,   0% used [0x00000000e0000000, 0x00000000e0000000, 0x00000000e5560000)
  from space 21824K,  46% used [0x00000000e5560000, 0x00000000e5f47c28, 0x00000000e6ab0000)
  to   space 21824K,   0% used [0x00000000e6ab0000, 0x00000000e6ab0000, 0x00000000e8000000)
 concurrent mark-sweep generation total 393216K, used 283299K [0x00000000e8000000, 0x0000000100000000, 0x0000000100000000)
 Metaspace       used 32306K, capacity 32744K, committed 33220K, reserved 1079296K
  class space    used 3565K, capacity 3704K, committed 3836K, reserved 1048576K
}
2017-07-31T15:59:11.490+0200: 15301,895: [Rescan (parallel) , 0,0007227 secs]2017-07-31T15:59:11.491+0200: 15301,895: [weak refs processing, 0,0003337 secs]2017-07-31T15:59:11.491+0200: 15301,896: [class unloading, 0,0053069 secs]2017-07-31T15:59:11.496+0200: 15301,901: [scrub symbol table, 0,0025844 secs]2017-07-31T15:59:11.499+0200: 15301,904: [scrub string table, 0,0004439 secs][1 CMS-remark: 283299K(393216K)] 293442K(502464K), 0,0121963 secs] [Times: user=0,02 sys=0,00, real=0,01 secs] 
2017-07-31T15:59:11.500+0200: 15301,904: Total time for which application threads were stopped: 0,0123650 seconds, Stopping threads took: 0,0000654 seconds
2017-07-31T15:59:11.500+0200: 15301,904: [CMS-concurrent-sweep-start]
2017-07-31T15:59:11.521+0200: 15301,926: [CMS-concurrent-sweep: 0,021/0,021 secs] [Times: user=0,06 sys=0,00, real=0,03 secs] 
2017-07-31T15:59:11.521+0200: 15301,926: [CMS-concurrent-reset-start]
2017-07-31T15:59:11.522+0200: 15301,926: [CMS-concurrent-reset: 0,001/0,001 secs] [Times: user=0,01 sys=0,00, real=0,00 secs] 
2017-07-31T15:59:11.601+0200: 15302,005: Total time for which application threads were stopped: 0,0001226 seconds, Stopping threads took: 0,0000418 seconds
{Heap before GC invocations=134 (full 37):
 par new generation   total 109248K, used 97567K [0x00000000e0000000, 0x00000000e8000000, 0x00000000e8000000)
  eden space 87424K, 100% used [0x00000000e0000000, 0x00000000e5560000, 0x00000000e5560000)
  from space 21824K,  46% used [0x00000000e5560000, 0x00000000e5f47c28, 0x00000000e6ab0000)
  to   space 21824K,   0% used [0x00000000e6ab0000, 0x00000000e6ab0000, 0x00000000e8000000)
 concurrent mark-sweep generation total 393216K, used 283277K [0x00000000e8000000, 0x0000000100000000, 0x0000000100000000)
 Metaspace       used 32317K, capacity 32744K, committed 33220K, reserved 1079296K
  class space    used 3565K, capacity 3704K, committed 3836K, reserved 1048576K
2017-07-31T15:59:12.233+0200: 15302,638: [GC (Allocation Failure) 2017-07-31T15:59:12.233+0200: 15302,638: [ParNew
Desired survivor size 20112992 bytes, new threshold 8 (max 8)
- age   1:    7325728 bytes,    7325728 total
- age   2:     878856 bytes,    8204584 total
- age   3:     362088 bytes,    8566672 total
- age   4:    1541920 bytes,   10108592 total
- age   5:        288 bytes,   10108880 total
- age   6:    2208680 bytes,   12317560 total
- age   7:    1378576 bytes,   13696136 total
- age   8:     186832 bytes,   13882968 total
: 97567K->17933K(109248K), 0,0053147 secs] 380844K->301210K(502464K), 0,0054019 secs] [Times: user=0,02 sys=0,00, real=0,00 secs] 
Heap after GC invocations=135 (full 37):
 par new generation   total 109248K, used 17933K [0x00000000e0000000, 0x00000000e8000000, 0x00000000e8000000)
  eden space 87424K,   0% used [0x00000000e0000000, 0x00000000e0000000, 0x00000000e5560000)
  from space 21824K,  82% used [0x00000000e6ab0000, 0x00000000e7c334b8, 0x00000000e8000000)
  to   space 21824K,   0% used [0x00000000e5560000, 0x00000000e5560000, 0x00000000e6ab0000)
 concurrent mark-sweep generation total 393216K, used 283277K [0x00000000e8000000, 0x0000000100000000, 0x0000000100000000)
 Metaspace       used 32317K, capacity 32744K, committed 33220K, reserved 1079296K
  class space    used 3565K, capacity 3704K, committed 3836K, reserved 1048576K
}
2017-07-31T15:59:12.239+0200: 15302,643: Total time for which application threads were stopped: 0,0056411 seconds, Stopping threads took: 0,0000257 seconds
2017-07-31T15:59:12.239+0200: 15302,643: [GC (CMS Initial Mark) [1 CMS-initial-mark: 283277K(393216K)] 301242K(502464K), 0,0007803 secs] [Times: user=0,00 sys=0,00, real=0,00 secs] 
2017-07-31T15:59:12.239+0200: 15302,644: Total time for which application threads were stopped: 0,0008904 seconds, Stopping threads took: 0,0000330 seconds
2017-07-31T15:59:12.239+0200: 15302,644: [CMS-concurrent-mark-start]
2017-07-31T15:59:12.271+0200: 15302,675: [CMS-concurrent-mark: 0,031/0,031 secs] [Times: user=0,15 sys=0,00, real=0,03 secs] 
2017-07-31T15:59:12.271+0200: 15302,675: [CMS-concurrent-preclean-start]
2017-07-31T15:59:12.272+0200: 15302,676: [CMS-concurrent-preclean: 0,001/0,001 secs] [Times: user=0,01 sys=0,00, real=0,01 secs] 
2017-07-31T15:59:12.272+0200: 15302,676: [CMS-concurrent-abortable-preclean-start]
2017-07-31T15:59:13.261+0200: 15303,666: [CMS-concurrent-abortable-preclean: 0,088/0,989 secs] [Times: user=0,75 sys=0,00, real=0,99 secs] 
2017-07-31T15:59:13.261+0200: 15303,666: [GC (CMS Final Remark) [YG occupancy: 71679 K (109248 K)]{Heap before GC invocations=135 (full 38):
 par new generation   total 109248K, used 71679K [0x00000000e0000000, 0x00000000e8000000, 0x00000000e8000000)
  eden space 87424K,  61% used [0x00000000e0000000, 0x00000000e347cb08, 0x00000000e5560000)
  from space 21824K,  82% used [0x00000000e6ab0000, 0x00000000e7c334b8, 0x00000000e8000000)
  to   space 21824K,   0% used [0x00000000e5560000, 0x00000000e5560000, 0x00000000e6ab0000)
 concurrent mark-sweep generation total 393216K, used 283277K [0x00000000e8000000, 0x0000000100000000, 0x0000000100000000)
 Metaspace       used 32317K, capacity 32744K, committed 33220K, reserved 1079296K
  class space    used 3565K, capacity 3704K, committed 3836K, reserved 1048576K
2017-07-31T15:59:13.261+0200: 15303,666: [GC (CMS Final Remark) 2017-07-31T15:59:13.261+0200: 15303,666: [ParNew
Desired survivor size 20112992 bytes, new threshold 7 (max 8)
- age   1:   10962128 bytes,   10962128 total
- age   2:    5091920 bytes,   16054048 total
- age   3:     878032 bytes,   16932080 total
- age   4:     361184 bytes,   17293264 total
- age   5:    1541256 bytes,   18834520 total
- age   6:        288 bytes,   18834808 total
- age   7:    1667088 bytes,   20501896 total
- age   8:    1377216 bytes,   21879112 total
: 71679K->21824K(109248K), 0,0055960 secs] 354957K->307093K(502464K), 0,0056411 secs] [Times: user=0,02 sys=0,00, real=0,00 secs] 
Heap after GC invocations=136 (full 38):
 par new generation   total 109248K, used 21824K [0x00000000e0000000, 0x00000000e8000000, 0x00000000e8000000)
  eden space 87424K,   0% used [0x00000000e0000000, 0x00000000e0000000, 0x00000000e5560000)
  from space 21824K, 100% used [0x00000000e5560000, 0x00000000e6ab0000, 0x00000000e6ab0000)
  to   space 21824K,   0% used [0x00000000e6ab0000, 0x00000000e6ab0000, 0x00000000e8000000)
 concurrent mark-sweep generation total 393216K, used 285269K [0x00000000e8000000, 0x0000000100000000, 0x0000000100000000)
 Metaspace       used 32317K, capacity 32744K, committed 33220K, reserved 1079296K
  class space    used 3565K, capacity 3704K, committed 3836K, reserved 1048576K
}
2017-07-31T15:59:13.267+0200: 15303,671: [Rescan (parallel) , 0,0011610 secs]2017-07-31T15:59:13.268+0200: 15303,673: [weak refs processing, 0,0004949 secs]2017-07-31T15:59:13.269+0200: 15303,673: [class unloading, 0,0050794 secs]2017-07-31T15:59:13.274+0200: 15303,678: [scrub symbol table, 0,0026108 secs]2017-07-31T15:59:13.276+0200: 15303,681: [scrub string table, 0,0004465 secs][1 CMS-remark: 285269K(393216K)] 307093K(502464K), 0,0157334 secs] [Times: user=0,04 sys=0,00, real=0,01 secs] 
2017-07-31T15:59:13.277+0200: 15303,682: Total time for which application threads were stopped: 0,0158549 seconds, Stopping threads took: 0,0000327 seconds
2017-07-31T15:59:13.277+0200: 15303,682: [CMS-concurrent-sweep-start]
2017-07-31T15:59:13.300+0200: 15303,704: [CMS-concurrent-sweep: 0,023/0,023 secs] [Times: user=0,04 sys=0,00, real=0,02 secs] 
2017-07-31T15:59:13.300+0200: 15303,704: [CMS-concurrent-reset-start]
2017-07-31T15:59:13.300+0200: 15303,705: [CMS-concurrent-reset: 0,001/0,001 secs] [Times: user=0,00 sys=0,00, real=0,01 secs] 
2017-07-31T15:59:14.277+0200: 15304,682: Total time for which application threads were stopped: 0,0000887 seconds, Stopping threads took: 0,0000206 seconds
{Heap before GC invocations=136 (full 38):
 par new generation   total 109248K, used 109143K [0x00000000e0000000, 0x00000000e8000000, 0x00000000e8000000)
  eden space 87424K,  99% used [0x00000000e0000000, 0x00000000e5545ff0, 0x00000000e5560000)
  from space 21824K, 100% used [0x00000000e5560000, 0x00000000e6ab0000, 0x00000000e6ab0000)
  to   space 21824K,   0% used [0x00000000e6ab0000, 0x00000000e6ab0000, 0x00000000e8000000)
 concurrent mark-sweep generation total 393216K, used 281656K [0x00000000e8000000, 0x0000000100000000, 0x0000000100000000)
 Metaspace       used 32321K, capacity 32744K, committed 33220K, reserved 1079296K
  class space    used 3565K, capacity 3704K, committed 3836K, reserved 1048576K
2017-07-31T15:59:14.629+0200: 15305,033: [GC (Allocation Failure) 2017-07-31T15:59:14.629+0200: 15305,033: [ParNew
Desired survivor size 20112992 bytes, new threshold 4 (max 8)
- age   1:    9962336 bytes,    9962336 total
- age   2:    5305352 bytes,   15267688 total
- age   3:    4230808 bytes,   19498496 total
- age   4:     878032 bytes,   20376528 total
- age   5:     361184 bytes,   20737712 total
- age   6:    1541256 bytes,   22278968 total
- age   7:        288 bytes,   22279256 total
: 109143K->21824K(109248K), 0,0078329 secs] 390800K->317361K(502464K), 0,0079028 secs] [Times: user=0,02 sys=0,01, real=0,01 secs] 
Heap after GC invocations=137 (full 38):
 par new generation   total 109248K, used 21824K [0x00000000e0000000, 0x00000000e8000000, 0x00000000e8000000)
  eden space 87424K,   0% used [0x00000000e0000000, 0x00000000e0000000, 0x00000000e5560000)
  from space 21824K, 100% used [0x00000000e6ab0000, 0x00000000e8000000, 0x00000000e8000000)
  to   space 21824K,   0% used [0x00000000e5560000, 0x00000000e5560000, 0x00000000e6ab0000)
 concurrent mark-sweep generation total 393216K, used 295537K [0x00000000e8000000, 0x0000000100000000, 0x0000000100000000)
 Metaspace       used 32321K, capacity 32744K, committed 33220K, reserved 1079296K
  class space    used 3565K, capacity 3704K, committed 3836K, reserved 1048576K
}
2017-07-31T15:59:14.636+0200: 15305,041: Total time for which application threads were stopped: 0,0080877 seconds, Stopping threads took: 0,0000289 seconds
2017-07-31T15:59:14.637+0200: 15305,041: [GC (CMS Initial Mark) [1 CMS-initial-mark: 295537K(393216K)] 317688K(502464K), 0,0008452 secs] [Times: user=0,01 sys=0,00, real=0,00 secs] 
2017-07-31T15:59:14.637+0200: 15305,042: Total time for which application threads were stopped: 0,0009430 seconds, Stopping threads took: 0,0000248 seconds
2017-07-31T15:59:14.637+0200: 15305,042: [CMS-concurrent-mark-start]
2017-07-31T15:59:14.660+0200: 15305,064: [CMS-concurrent-mark: 0,022/0,022 secs] [Times: user=0,10 sys=0,00, real=0,02 secs] 
2017-07-31T15:59:14.660+0200: 15305,064: [CMS-concurrent-preclean-start]
2017-07-31T15:59:14.661+0200: 15305,065: [CMS-concurrent-preclean: 0,001/0,001 secs] [Times: user=0,01 sys=0,00, real=0,01 secs] 
2017-07-31T15:59:14.661+0200: 15305,065: [CMS-concurrent-abortable-preclean-start]
2017-07-31T15:59:15.211+0200: 15305,615: Total time for which application threads were stopped: 0,0002041 seconds, Stopping threads took: 0,0000159 seconds
2017-07-31T15:59:15.336+0200: 15305,741: [CMS-concurrent-abortable-preclean: 0,101/0,675 secs] [Times: user=0,60 sys=0,00, real=0,67 secs] 
2017-07-31T15:59:15.336+0200: 15305,741: [GC (CMS Final Remark) [YG occupancy: 66336 K (109248 K)]{Heap before GC invocations=137 (full 39):
 par new generation   total 109248K, used 66336K [0x00000000e0000000, 0x00000000e8000000, 0x00000000e8000000)
  eden space 87424K,  50% used [0x00000000e0000000, 0x00000000e2b78088, 0x00000000e5560000)
  from space 21824K, 100% used [0x00000000e6ab0000, 0x00000000e8000000, 0x00000000e8000000)
  to   space 21824K,   0% used [0x00000000e5560000, 0x00000000e5560000, 0x00000000e6ab0000)
 concurrent mark-sweep generation total 393216K, used 295537K [0x00000000e8000000, 0x0000000100000000, 0x0000000100000000)
 Metaspace       used 32323K, capacity 32744K, committed 33220K, reserved 1079296K
  class space    used 3565K, capacity 3704K, committed 3836K, reserved 1048576K
2017-07-31T15:59:15.336+0200: 15305,741: [GC (CMS Final Remark) 2017-07-31T15:59:15.336+0200: 15305,741: [ParNew
Desired survivor size 20112992 bytes, new threshold 4 (max 8)
- age   1:    9769296 bytes,    9769296 total
- age   2:    3953384 bytes,   13722680 total
- age   3:    3019240 bytes,   16741920 total
- age   4:    4167936 bytes,   20909856 total
: 66336K->21824K(109248K), 0,0068383 secs] 361873K->326085K(502464K), 0,0068814 secs] [Times: user=0,02 sys=0,00, real=0,01 secs] 
Heap after GC invocations=138 (full 39):
 par new generation   total 109248K, used 21824K [0x00000000e0000000, 0x00000000e8000000, 0x00000000e8000000)
  eden space 87424K,   0% used [0x00000000e0000000, 0x00000000e0000000, 0x00000000e5560000)
  from space 21824K, 100% used [0x00000000e5560000, 0x00000000e6ab0000, 0x00000000e6ab0000)
  to   space 21824K,   0% used [0x00000000e6ab0000, 0x00000000e6ab0000, 0x00000000e8000000)
 concurrent mark-sweep generation total 393216K, used 304261K [0x00000000e8000000, 0x0000000100000000, 0x0000000100000000)
 Metaspace       used 32323K, capacity 32744K, committed 33220K, reserved 1079296K
  class space    used 3565K, capacity 3704K, committed 3836K, reserved 1048576K
}
2017-07-31T15:59:15.343+0200: 15305,748: [Rescan (parallel) , 0,0012231 secs]2017-07-31T15:59:15.345+0200: 15305,749: [weak refs processing, 0,0004165 secs]2017-07-31T15:59:15.345+0200: 15305,750: [class unloading, 0,0048559 secs]2017-07-31T15:59:15.350+0200: 15305,754: [scrub symbol table, 0,0026138 secs]2017-07-31T15:59:15.353+0200: 15305,757: [scrub string table, 0,0004529 secs][1 CMS-remark: 304261K(393216K)] 326085K(502464K), 0,0166379 secs] [Times: user=0,04 sys=0,00, real=0,02 secs] 
2017-07-31T15:59:15.353+0200: 15305,758: Total time for which application threads were stopped: 0,0167719 seconds, Stopping threads took: 0,0000359 seconds
2017-07-31T15:59:15.353+0200: 15305,758: [CMS-concurrent-sweep-start]
2017-07-31T15:59:15.374+0200: 15305,778: [CMS-concurrent-sweep: 0,021/0,021 secs] [Times: user=0,04 sys=0,00, real=0,02 secs] 
2017-07-31T15:59:15.374+0200: 15305,778: [CMS-concurrent-reset-start]
2017-07-31T15:59:15.374+0200: 15305,779: [CMS-concurrent-reset: 0,000/0,000 secs] [Times: user=0,00 sys=0,00, real=0,00 secs] 
{Heap before GC invocations=138 (full 39):
 par new generation   total 109248K, used 109248K [0x00000000e0000000, 0x00000000e8000000, 0x00000000e8000000)
  eden space 87424K, 100% used [0x00000000e0000000, 0x00000000e5560000, 0x00000000e5560000)
  from space 21824K, 100% used [0x00000000e5560000, 0x00000000e6ab0000, 0x00000000e6ab0000)
  to   space 21824K,   0% used [0x00000000e6ab0000, 0x00000000e6ab0000, 0x00000000e8000000)
 concurrent mark-sweep generation total 393216K, used 245807K [0x00000000e8000000, 0x0000000100000000, 0x0000000100000000)
 Metaspace       used 32328K, capacity 32744K, committed 33220K, reserved 1079296K
  class space    used 3565K, capacity 3704K, committed 3836K, reserved 1048576K
2017-07-31T15:59:17.109+0200: 15307,514: [GC (Allocation Failure) 2017-07-31T15:59:17.109+0200: 15307,514: [ParNew
Desired survivor size 20112992 bytes, new threshold 4 (max 8)
- age   1:   10561656 bytes,   10561656 total
- age   2:    3679640 bytes,   14241296 total
- age   3:    3802816 bytes,   18044112 total
- age   4:    2949784 bytes,   20993896 total
: 109248K->21824K(109248K), 0,0109498 secs] 355055K->280004K(502464K), 0,0110494 secs] [Times: user=0,03 sys=0,00, real=0,02 secs] 
Heap after GC invocations=139 (full 39):
 par new generation   total 109248K, used 21824K [0x00000000e0000000, 0x00000000e8000000, 0x00000000e8000000)
  eden space 87424K,   0% used [0x00000000e0000000, 0x00000000e0000000, 0x00000000e5560000)
  from space 21824K, 100% used [0x00000000e6ab0000, 0x00000000e8000000, 0x00000000e8000000)
  to   space 21824K,   0% used [0x00000000e5560000, 0x00000000e5560000, 0x00000000e6ab0000)
 concurrent mark-sweep generation total 393216K, used 258180K [0x00000000e8000000, 0x0000000100000000, 0x0000000100000000)
 Metaspace       used 32328K, capacity 32744K, committed 33220K, reserved 1079296K
  class space    used 3565K, capacity 3704K, committed 3836K, reserved 1048576K
}
2017-07-31T15:59:17.120+0200: 15307,525: Total time for which application threads were stopped: 0,0112899 seconds, Stopping threads took: 0,0000303 seconds
2017-07-31T15:59:17.121+0200: 15307,525: [GC (CMS Initial Mark) [1 CMS-initial-mark: 258180K(393216K)] 280034K(502464K), 0,0011249 secs] [Times: user=0,01 sys=0,00, real=0,00 secs] 
2017-07-31T15:59:17.122+0200: 15307,526: Total time for which application threads were stopped: 0,0012954 seconds, Stopping threads took: 0,0000414 seconds
2017-07-31T15:59:17.122+0200: 15307,526: [CMS-concurrent-mark-start]
2017-07-31T15:59:17.143+0200: 15307,548: [CMS-concurrent-mark: 0,021/0,021 secs] [Times: user=0,09 sys=0,00, real=0,02 secs] 
2017-07-31T15:59:17.143+0200: 15307,548: [CMS-concurrent-preclean-start]
2017-07-31T15:59:17.144+0200: 15307,549: [CMS-concurrent-preclean: 0,001/0,001 secs] [Times: user=0,00 sys=0,00, real=0,00 secs] 
2017-07-31T15:59:17.144+0200: 15307,549: [GC (CMS Final Remark) [YG occupancy: 22631 K (109248 K)]{Heap before GC invocations=139 (full 40):
 par new generation   total 109248K, used 22631K [0x00000000e0000000, 0x00000000e8000000, 0x00000000e8000000)
  eden space 87424K,   0% used [0x00000000e0000000, 0x00000000e00c9f00, 0x00000000e5560000)
  from space 21824K, 100% used [0x00000000e6ab0000, 0x00000000e8000000, 0x00000000e8000000)
  to   space 21824K,   0% used [0x00000000e5560000, 0x00000000e5560000, 0x00000000e6ab0000)
 concurrent mark-sweep generation total 393216K, used 258180K [0x00000000e8000000, 0x0000000100000000, 0x0000000100000000)
 Metaspace       used 32328K, capacity 32744K, committed 33220K, reserved 1079296K
  class space    used 3565K, capacity 3704K, committed 3836K, reserved 1048576K
2017-07-31T15:59:17.144+0200: 15307,549: [GC (CMS Final Remark) 2017-07-31T15:59:17.144+0200: 15307,549: [ParNew
Desired survivor size 20112992 bytes, new threshold 8 (max 8)
- age   1:     210008 bytes,     210008 total
- age   2:    9156488 bytes,    9366496 total
- age   3:    3476840 bytes,   12843336 total
- age   4:    3802512 bytes,   16645848 total
: 22631K->21824K(109248K), 0,0051535 secs] 280812K->284433K(502464K), 0,0051970 secs] [Times: user=0,02 sys=0,00, real=0,00 secs] 
Heap after GC invocations=140 (full 40):
 par new generation   total 109248K, used 21824K [0x00000000e0000000, 0x00000000e8000000, 0x00000000e8000000)
  eden space 87424K,   0% used [0x00000000e0000000, 0x00000000e0000000, 0x00000000e5560000)
  from space 21824K, 100% used [0x00000000e5560000, 0x00000000e6ab0000, 0x00000000e6ab0000)
  to   space 21824K,   0% used [0x00000000e6ab0000, 0x00000000e6ab0000, 0x00000000e8000000)
 concurrent mark-sweep generation total 393216K, used 262609K [0x00000000e8000000, 0x0000000100000000, 0x0000000100000000)
 Metaspace       used 32328K, capacity 32744K, committed 33220K, reserved 1079296K
  class space    used 3565K, capacity 3704K, committed 3836K, reserved 1048576K
}
2017-07-31T15:59:17.150+0200: 15307,554: [Rescan (parallel) , 0,0011534 secs]2017-07-31T15:59:17.151+0200: 15307,555: [weak refs processing, 0,0004987 secs]2017-07-31T15:59:17.151+0200: 15307,556: [class unloading, 0,0048689 secs]2017-07-31T15:59:17.156+0200: 15307,561: [scrub symbol table, 0,0025953 secs]2017-07-31T15:59:17.159+0200: 15307,563: [scrub string table, 0,0004518 secs][1 CMS-remark: 262609K(393216K)] 284433K(502464K), 0,0149568 secs] [Times: user=0,03 sys=0,00, real=0,01 secs] 
2017-07-31T15:59:17.159+0200: 15307,564: Total time for which application threads were stopped: 0,0150782 seconds, Stopping threads took: 0,0000329 seconds
2017-07-31T15:59:17.159+0200: 15307,564: [CMS-concurrent-sweep-start]
2017-07-31T15:59:17.180+0200: 15307,584: [CMS-concurrent-sweep: 0,020/0,020 secs] [Times: user=0,04 sys=0,00, real=0,02 secs] 
2017-07-31T15:59:17.180+0200: 15307,584: [CMS-concurrent-reset-start]
2017-07-31T15:59:17.180+0200: 15307,585: [CMS-concurrent-reset: 0,000/0,000 secs] [Times: user=0,00 sys=0,00, real=0,01 secs] 
{Heap before GC invocations=140 (full 40):
 par new generation   total 109248K, used 109248K [0x00000000e0000000, 0x00000000e8000000, 0x00000000e8000000)
  eden space 87424K, 100% used [0x00000000e0000000, 0x00000000e5560000, 0x00000000e5560000)
  from space 21824K, 100% used [0x00000000e5560000, 0x00000000e6ab0000, 0x00000000e6ab0000)
  to   space 21824K,   0% used [0x00000000e6ab0000, 0x00000000e6ab0000, 0x00000000e8000000)
 concurrent mark-sweep generation total 393216K, used 262509K [0x00000000e8000000, 0x0000000100000000, 0x0000000100000000)
 Metaspace       used 32328K, capacity 32744K, committed 33220K, reserved 1079296K
  class space    used 3565K, capacity 3704K, committed 3836K, reserved 1048576K
2017-07-31T15:59:18.897+0200: 15309,301: [GC (Allocation Failure) 2017-07-31T15:59:18.897+0200: 15309,301: [ParNew
Desired survivor size 20112992 bytes, new threshold 4 (max 8)
- age   1:   15119368 bytes,   15119368 total
- age   2:     101760 bytes,   15221128 total
- age   3:    3251432 bytes,   18472560 total
- age   4:    2046408 bytes,   20518968 total
- age   5:    1692840 bytes,   22211808 total
: 109248K->21824K(109248K), 0,0070177 secs] 371757K->295538K(502464K), 0,0070909 secs] [Times: user=0,02 sys=0,00, real=0,01 secs] 
Heap after GC invocations=141 (full 40):
 par new generation   total 109248K, used 21824K [0x00000000e0000000, 0x00000000e8000000, 0x00000000e8000000)
  eden space 87424K,   0% used [0x00000000e0000000, 0x00000000e0000000, 0x00000000e5560000)
  from space 21824K, 100% used [0x00000000e6ab0000, 0x00000000e8000000, 0x00000000e8000000)
  to   space 21824K,   0% used [0x00000000e5560000, 0x00000000e5560000, 0x00000000e6ab0000)
 concurrent mark-sweep generation total 393216K, used 273714K [0x00000000e8000000, 0x0000000100000000, 0x0000000100000000)
 Metaspace       used 32328K, capacity 32744K, committed 33220K, reserved 1079296K
  class space    used 3565K, capacity 3704K, committed 3836K, reserved 1048576K
}
2017-07-31T15:59:18.904+0200: 15309,309: Total time for which application threads were stopped: 0,0072524 seconds, Stopping threads took: 0,0000183 seconds
2017-07-31T15:59:18.904+0200: 15309,309: [GC (CMS Initial Mark) [1 CMS-initial-mark: 273714K(393216K)] 295895K(502464K), 0,0008595 secs] [Times: user=0,00 sys=0,00, real=0,00 secs] 
2017-07-31T15:59:18.905+0200: 15309,310: Total time for which application threads were stopped: 0,0009563 seconds, Stopping threads took: 0,0000178 seconds
2017-07-31T15:59:18.905+0200: 15309,310: [CMS-concurrent-mark-start]
2017-07-31T15:59:18.926+0200: 15309,330: [CMS-concurrent-mark: 0,021/0,021 secs] [Times: user=0,11 sys=0,00, real=0,02 secs] 
2017-07-31T15:59:18.926+0200: 15309,331: [CMS-concurrent-preclean-start]
2017-07-31T15:59:18.927+0200: 15309,331: [CMS-concurrent-preclean: 0,001/0,001 secs] [Times: user=0,00 sys=0,00, real=0,00 secs] 
2017-07-31T15:59:18.927+0200: 15309,332: [GC (CMS Final Remark) [YG occupancy: 22939 K (109248 K)]{Heap before GC invocations=141 (full 41):
 par new generation   total 109248K, used 22939K [0x00000000e0000000, 0x00000000e8000000, 0x00000000e8000000)
  eden space 87424K,   1% used [0x00000000e0000000, 0x00000000e0116ed8, 0x00000000e5560000)
  from space 21824K, 100% used [0x00000000e6ab0000, 0x00000000e8000000, 0x00000000e8000000)
  to   space 21824K,   0% used [0x00000000e5560000, 0x00000000e5560000, 0x00000000e6ab0000)
 concurrent mark-sweep generation total 393216K, used 273714K [0x00000000e8000000, 0x0000000100000000, 0x0000000100000000)
 Metaspace       used 32328K, capacity 32744K, committed 33220K, reserved 1079296K
  class space    used 3565K, capacity 3704K, committed 3836K, reserved 1048576K
2017-07-31T15:59:18.927+0200: 15309,332: [GC (CMS Final Remark) 2017-07-31T15:59:18.927+0200: 15309,332: [ParNew
Desired survivor size 20112992 bytes, new threshold 8 (max 8)
- age   1:      44976 bytes,      44976 total
- age   2:   12122320 bytes,   12167296 total
- age   3:     101760 bytes,   12269056 total
- age   4:    3221136 bytes,   15490192 total
: 22939K->21824K(109248K), 0,0054035 secs] 296654K->302340K(502464K), 0,0054480 secs] [Times: user=0,02 sys=0,00, real=0,01 secs] 
Heap after GC invocations=142 (full 41):
 par new generation   total 109248K, used 21824K [0x00000000e0000000, 0x00000000e8000000, 0x00000000e8000000)
  eden space 87424K,   0% used [0x00000000e0000000, 0x00000000e0000000, 0x00000000e5560000)
  from space 21824K, 100% used [0x00000000e5560000, 0x00000000e6ab0000, 0x00000000e6ab0000)
  to   space 21824K,   0% used [0x00000000e6ab0000, 0x00000000e6ab0000, 0x00000000e8000000)
 concurrent mark-sweep generation total 393216K, used 280516K [0x00000000e8000000, 0x0000000100000000, 0x0000000100000000)
 Metaspace       used 32328K, capacity 32744K, committed 33220K, reserved 1079296K
  class space    used 3565K, capacity 3704K, committed 3836K, reserved 1048576K
}
2017-07-31T15:59:18.933+0200: 15309,337: [Rescan (parallel) , 0,0012969 secs]2017-07-31T15:59:18.934+0200: 15309,338: [weak refs processing, 0,0002999 secs]2017-07-31T15:59:18.934+0200: 15309,339: [class unloading, 0,0048938 secs]2017-07-31T15:59:18.939+0200: 15309,344: [scrub symbol table, 0,0025976 secs]2017-07-31T15:59:18.942+0200: 15309,346: [scrub string table, 0,0004462 secs][1 CMS-remark: 280516K(393216K)] 302340K(502464K), 0,0152328 secs] [Times: user=0,03 sys=0,00, real=0,02 secs] 
2017-07-31T15:59:18.942+0200: 15309,347: Total time for which application threads were stopped: 0,0153526 seconds, Stopping threads took: 0,0000365 seconds
2017-07-31T15:59:18.943+0200: 15309,347: [CMS-concurrent-sweep-start]
2017-07-31T15:59:18.964+0200: 15309,368: [CMS-concurrent-sweep: 0,021/0,021 secs] [Times: user=0,04 sys=0,00, real=0,02 secs] 
2017-07-31T15:59:18.964+0200: 15309,368: [CMS-concurrent-reset-start]
2017-07-31T15:59:18.964+0200: 15309,369: [CMS-concurrent-reset: 0,000/0,000 secs] [Times: user=0,01 sys=0,00, real=0,00 secs] 
2017-07-31T15:59:19.473+0200: 15309,878: Total time for which application threads were stopped: 0,0001381 seconds, Stopping threads took: 0,0000154 seconds
2017-07-31T15:59:19.475+0200: 15309,879: Total time for which application threads were stopped: 0,0000604 seconds, Stopping threads took: 0,0000087 seconds
{Heap before GC invocations=142 (full 41):
 par new generation   total 109248K, used 109248K [0x00000000e0000000, 0x00000000e8000000, 0x00000000e8000000)
  eden space 87424K, 100% used [0x00000000e0000000, 0x00000000e5560000, 0x00000000e5560000)
  from space 21824K, 100% used [0x00000000e5560000, 0x00000000e6ab0000, 0x00000000e6ab0000)
  to   space 21824K,   0% used [0x00000000e6ab0000, 0x00000000e6ab0000, 0x00000000e8000000)
 concurrent mark-sweep generation total 393216K, used 277974K [0x00000000e8000000, 0x0000000100000000, 0x0000000100000000)
 Metaspace       used 32330K, capacity 32744K, committed 33220K, reserved 1079296K
  class space    used 3565K, capacity 3704K, committed 3836K, reserved 1048576K
2017-07-31T15:59:19.898+0200: 15310,303: [GC (Allocation Failure) 2017-07-31T15:59:19.898+0200: 15310,303: [ParNew
Desired survivor size 20112992 bytes, new threshold 5 (max 8)
- age   1:   10362184 bytes,   10362184 total
- age   2:      42272 bytes,   10404456 total
- age   3:    7750344 bytes,   18154800 total
- age   4:     101616 bytes,   18256416 total
- age   5:    2951648 bytes,   21208064 total
: 109248K->21824K(109248K), 0,0068888 secs] 387222K->304521K(502464K), 0,0069852 secs] [Times: user=0,02 sys=0,00, real=0,01 secs] 
Heap after GC invocations=143 (full 41):
 par new generation   total 109248K, used 21824K [0x00000000e0000000, 0x00000000e8000000, 0x00000000e8000000)
  eden space 87424K,   0% used [0x00000000e0000000, 0x00000000e0000000, 0x00000000e5560000)
  from space 21824K, 100% used [0x00000000e6ab0000, 0x00000000e8000000, 0x00000000e8000000)
  to   space 21824K,   0% used [0x00000000e5560000, 0x00000000e5560000, 0x00000000e6ab0000)
 concurrent mark-sweep generation total 393216K, used 282697K [0x00000000e8000000, 0x0000000100000000, 0x0000000100000000)
 Metaspace       used 32330K, capacity 32744K, committed 33220K, reserved 1079296K
  class space    used 3565K, capacity 3704K, committed 3836K, reserved 1048576K
}
2017-07-31T15:59:19.905+0200: 15310,310: Total time for which application threads were stopped: 0,0071883 seconds, Stopping threads took: 0,0000254 seconds
2017-07-31T15:59:19.905+0200: 15310,310: [GC (CMS Initial Mark) [1 CMS-initial-mark: 282697K(393216K)] 305248K(502464K), 0,0008116 secs] [Times: user=0,00 sys=0,00, real=0,00 secs] 
2017-07-31T15:59:19.906+0200: 15310,311: Total time for which application threads were stopped: 0,0009059 seconds, Stopping threads took: 0,0000278 seconds
2017-07-31T15:59:19.906+0200: 15310,311: [CMS-concurrent-mark-start]
2017-07-31T15:59:19.925+0200: 15310,329: [CMS-concurrent-mark: 0,018/0,018 secs] [Times: user=0,10 sys=0,00, real=0,02 secs] 
2017-07-31T15:59:19.925+0200: 15310,329: [CMS-concurrent-preclean-start]
2017-07-31T15:59:19.926+0200: 15310,330: [CMS-concurrent-preclean: 0,001/0,001 secs] [Times: user=0,00 sys=0,00, real=0,00 secs] 
2017-07-31T15:59:19.926+0200: 15310,330: [CMS-concurrent-abortable-preclean-start]
{Heap before GC invocations=143 (full 42):
 par new generation   total 109248K, used 109248K [0x00000000e0000000, 0x00000000e8000000, 0x00000000e8000000)
  eden space 87424K, 100% used [0x00000000e0000000, 0x00000000e5560000, 0x00000000e5560000)
  from space 21824K, 100% used [0x00000000e6ab0000, 0x00000000e8000000, 0x00000000e8000000)
  to   space 21824K,   0% used [0x00000000e5560000, 0x00000000e5560000, 0x00000000e6ab0000)
 concurrent mark-sweep generation total 393216K, used 282697K [0x00000000e8000000, 0x0000000100000000, 0x0000000100000000)
 Metaspace       used 32330K, capacity 32744K, committed 33220K, reserved 1079296K
  class space    used 3565K, capacity 3704K, committed 3836K, reserved 1048576K
2017-07-31T15:59:20.120+0200: 15310,525: [GC (Allocation Failure) 2017-07-31T15:59:20.121+0200: 15310,525: [ParNew
Desired survivor size 20112992 bytes, new threshold 8 (max 8)
- age   1:      36048 bytes,      36048 total
- age   2:   10266320 bytes,   10302368 total
- age   3:      42272 bytes,   10344640 total
- age   4:    7750344 bytes,   18094984 total
- age   5:     101616 bytes,   18196600 total
: 109248K->21824K(109248K), 0,0058016 secs] 391945K->307415K(502464K), 0,0058861 secs] [Times: user=0,02 sys=0,00, real=0,00 secs] 
Heap after GC invocations=144 (full 42):
 par new generation   total 109248K, used 21824K [0x00000000e0000000, 0x00000000e8000000, 0x00000000e8000000)
  eden space 87424K,   0% used [0x00000000e0000000, 0x00000000e0000000, 0x00000000e5560000)
  from space 21824K, 100% used [0x00000000e5560000, 0x00000000e6ab0000, 0x00000000e6ab0000)
  to   space 21824K,   0% used [0x00000000e6ab0000, 0x00000000e6ab0000, 0x00000000e8000000)
 concurrent mark-sweep generation total 393216K, used 285591K [0x00000000e8000000, 0x0000000100000000, 0x0000000100000000)
 Metaspace       used 32330K, capacity 32744K, committed 33220K, reserved 1079296K
  class space    used 3565K, capacity 3704K, committed 3836K, reserved 1048576K
}
2017-07-31T15:59:20.126+0200: 15310,531: Total time for which application threads were stopped: 0,0060939 seconds, Stopping threads took: 0,0000267 seconds
2017-07-31T15:59:20.126+0200: 15310,531: [CMS-concurrent-abortable-preclean: 0,016/0,201 secs] [Times: user=0,23 sys=0,00, real=0,20 secs] 
2017-07-31T15:59:20.127+0200: 15310,531: [GC (CMS Final Remark) [YG occupancy: 22918 K (109248 K)]{Heap before GC invocations=144 (full 42):
 par new generation   total 109248K, used 22918K [0x00000000e0000000, 0x00000000e8000000, 0x00000000e8000000)
  eden space 87424K,   1% used [0x00000000e0000000, 0x00000000e0111aa0, 0x00000000e5560000)
  from space 21824K, 100% used [0x00000000e5560000, 0x00000000e6ab0000, 0x00000000e6ab0000)
  to   space 21824K,   0% used [0x00000000e6ab0000, 0x00000000e6ab0000, 0x00000000e8000000)
 concurrent mark-sweep generation total 393216K, used 285591K [0x00000000e8000000, 0x0000000100000000, 0x0000000100000000)
 Metaspace       used 32330K, capacity 32744K, committed 33220K, reserved 1079296K
  class space    used 3565K, capacity 3704K, committed 3836K, reserved 1048576K
2017-07-31T15:59:20.127+0200: 15310,531: [GC (CMS Final Remark) 2017-07-31T15:59:20.127+0200: 15310,531: [ParNew
Desired survivor size 20112992 bytes, new threshold 8 (max 8)
- age   1:       1480 bytes,       1480 total
- age   2:      18000 bytes,      19480 total
- age   3:   10266320 bytes,   10285800 total
- age   4:      42272 bytes,   10328072 total
- age   5:    7750344 bytes,   18078416 total
- age   6:     101616 bytes,   18180032 total
: 22918K->21824K(109248K), 0,0041978 secs] 308509K->309463K(502464K), 0,0042375 secs] [Times: user=0,01 sys=0,00, real=0,00 secs] 
Heap after GC invocations=145 (full 42):
 par new generation   total 109248K, used 21824K [0x00000000e0000000, 0x00000000e8000000, 0x00000000e8000000)
  eden space 87424K,   0% used [0x00000000e0000000, 0x00000000e0000000, 0x00000000e5560000)
  from space 21824K, 100% used [0x00000000e6ab0000, 0x00000000e8000000, 0x00000000e8000000)
  to   space 21824K,   0% used [0x00000000e5560000, 0x00000000e5560000, 0x00000000e6ab0000)
 concurrent mark-sweep generation total 393216K, used 287639K [0x00000000e8000000, 0x0000000100000000, 0x0000000100000000)
 Metaspace       used 32330K, capacity 32744K, committed 33220K, reserved 1079296K
  class space    used 3565K, capacity 3704K, committed 3836K, reserved 1048576K
}
2017-07-31T15:59:20.131+0200: 15310,535: [Rescan (parallel) , 0,0011965 secs]2017-07-31T15:59:20.132+0200: 15310,537: [weak refs processing, 0,0002479 secs]2017-07-31T15:59:20.132+0200: 15310,537: [class unloading, 0,0047795 secs]2017-07-31T15:59:20.137+0200: 15310,542: [scrub symbol table, 0,0025463 secs]2017-07-31T15:59:20.140+0200: 15310,544: [scrub string table, 0,0004567 secs][1 CMS-remark: 287639K(393216K)] 309463K(502464K), 0,0136341 secs] [Times: user=0,03 sys=0,00, real=0,02 secs] 
2017-07-31T15:59:20.140+0200: 15310,545: Total time for which application threads were stopped: 0,0137459 seconds, Stopping threads took: 0,0000369 seconds
2017-07-31T15:59:20.140+0200: 15310,545: [CMS-concurrent-sweep-start]
2017-07-31T15:59:20.161+0200: 15310,566: [CMS-concurrent-sweep: 0,021/0,021 secs] [Times: user=0,03 sys=0,01, real=0,02 secs] 
2017-07-31T15:59:20.161+0200: 15310,566: [CMS-concurrent-reset-start]
2017-07-31T15:59:20.162+0200: 15310,566: [CMS-concurrent-reset: 0,000/0,000 secs] [Times: user=0,00 sys=0,00, real=0,00 secs] 
{Heap before GC invocations=145 (full 42):
 par new generation   total 109248K, used 109248K [0x00000000e0000000, 0x00000000e8000000, 0x00000000e8000000)
  eden space 87424K, 100% used [0x00000000e0000000, 0x00000000e5560000, 0x00000000e5560000)
  from space 21824K, 100% used [0x00000000e6ab0000, 0x00000000e8000000, 0x00000000e8000000)
  to   space 21824K,   0% used [0x00000000e5560000, 0x00000000e5560000, 0x00000000e6ab0000)
 concurrent mark-sweep generation total 393216K, used 283103K [0x00000000e8000000, 0x0000000100000000, 0x0000000100000000)
 Metaspace       used 32330K, capacity 32744K, committed 33220K, reserved 1079296K
  class space    used 3565K, capacity 3704K, committed 3836K, reserved 1048576K
2017-07-31T15:59:20.393+0200: 15310,797: [GC (Allocation Failure) 2017-07-31T15:59:20.393+0200: 15310,797: [ParNew
Desired survivor size 20112992 bytes, new threshold 8 (max 8)
- age   1:      77816 bytes,      77816 total
- age   3:      12776 bytes,      90592 total
- age   4:    7861632 bytes,    7952224 total
- age   5:      41800 bytes,    7994024 total
- age   6:    7738672 bytes,   15732696 total
- age   7:     101568 bytes,   15834264 total
: 109248K->21824K(109248K), 0,0039840 secs] 392351K->304979K(502464K), 0,0040536 secs] [Times: user=0,02 sys=0,00, real=0,00 secs] 
Heap after GC invocations=146 (full 42):
 par new generation   total 109248K, used 21824K [0x00000000e0000000, 0x00000000e8000000, 0x00000000e8000000)
  eden space 87424K,   0% used [0x00000000e0000000, 0x00000000e0000000, 0x00000000e5560000)
  from space 21824K, 100% used [0x00000000e5560000, 0x00000000e6ab0000, 0x00000000e6ab0000)
  to   space 21824K,   0% used [0x00000000e6ab0000, 0x00000000e6ab0000, 0x00000000e8000000)
 concurrent mark-sweep generation total 393216K, used 283155K [0x00000000e8000000, 0x0000000100000000, 0x0000000100000000)
 Metaspace       used 32330K, capacity 32744K, committed 33220K, reserved 1079296K
  class space    used 3565K, capacity 3704K, committed 3836K, reserved 1048576K
}
2017-07-31T15:59:20.397+0200: 15310,801: Total time for which application threads were stopped: 0,0042044 seconds, Stopping threads took: 0,0000216 seconds
2017-07-31T15:59:20.397+0200: 15310,801: [GC (CMS Initial Mark) [1 CMS-initial-mark: 283155K(393216K)] 306302K(502464K), 0,0005719 secs] [Times: user=0,00 sys=0,00, real=0,00 secs] 
2017-07-31T15:59:20.398+0200: 15310,802: Total time for which application threads were stopped: 0,0006606 seconds, Stopping threads took: 0,0000286 seconds
2017-07-31T15:59:20.398+0200: 15310,802: [CMS-concurrent-mark-start]
2017-07-31T15:59:20.416+0200: 15310,820: [CMS-concurrent-mark: 0,018/0,018 secs] [Times: user=0,09 sys=0,00, real=0,02 secs] 
2017-07-31T15:59:20.416+0200: 15310,820: [CMS-concurrent-preclean-start]
2017-07-31T15:59:20.417+0200: 15310,821: [CMS-concurrent-preclean: 0,001/0,001 secs] [Times: user=0,00 sys=0,00, real=0,00 secs] 
2017-07-31T15:59:20.417+0200: 15310,821: [CMS-concurrent-abortable-preclean-start]
2017-07-31T15:59:20.471+0200: 15310,876: Total time for which application threads were stopped: 0,0000885 seconds, Stopping threads took: 0,0000185 seconds
2017-07-31T15:59:20.471+0200: 15310,876: Total time for which application threads were stopped: 0,0000407 seconds, Stopping threads took: 0,0000113 seconds
2017-07-31T15:59:20.472+0200: 15310,876: Total time for which application threads were stopped: 0,0000932 seconds, Stopping threads took: 0,0000591 seconds
2017-07-31T15:59:20.472+0200: 15310,876: Total time for which application threads were stopped: 0,0000303 seconds, Stopping threads took: 0,0000058 seconds
2017-07-31T15:59:20.472+0200: 15310,876: Total time for which application threads were stopped: 0,0000655 seconds, Stopping threads took: 0,0000217 seconds
2017-07-31T15:59:20.472+0200: 15310,876: Total time for which application threads were stopped: 0,0000625 seconds, Stopping threads took: 0,0000159 seconds
2017-07-31T15:59:20.472+0200: 15310,876: Total time for which application threads were stopped: 0,0000280 seconds, Stopping threads took: 0,0000060 seconds
2017-07-31T15:59:20.472+0200: 15310,876: Total time for which application threads were stopped: 0,0000276 seconds, Stopping threads took: 0,0000054 seconds
2017-07-31T15:59:21.472+0200: 15311,877: Total time for which application threads were stopped: 0,0000944 seconds, Stopping threads took: 0,0000207 seconds
2017-07-31T15:59:24.351+0200: 15314,755: Total time for which application threads were stopped: 0,0001399 seconds, Stopping threads took: 0,0000209 seconds
2017-07-31T15:59:24.351+0200: 15314,755: Total time for which application threads were stopped: 0,0000692 seconds, Stopping threads took: 0,0000171 seconds
2017-07-31T15:59:24.351+0200: 15314,755: Total time for which application threads were stopped: 0,0000770 seconds, Stopping threads took: 0,0000128 seconds
2017-07-31T15:59:24.351+0200: 15314,756: Total time for which application threads were stopped: 0,0000664 seconds, Stopping threads took: 0,0000189 seconds
2017-07-31T15:59:24.351+0200: 15314,756: Total time for which application threads were stopped: 0,0000653 seconds, Stopping threads took: 0,0000094 seconds
2017-07-31T15:59:24.352+0200: 15314,756: Total time for which application threads were stopped: 0,0000834 seconds, Stopping threads took: 0,0000154 seconds
2017-07-31T15:59:24.352+0200: 15314,756: Total time for which application threads were stopped: 0,0000853 seconds, Stopping threads took: 0,0000176 seconds
2017-07-31T15:59:24.352+0200: 15314,756: Total time for which application threads were stopped: 0,0000599 seconds, Stopping threads took: 0,0000111 seconds
2017-07-31T15:59:24.352+0200: 15314,756: Total time for which application threads were stopped: 0,0000851 seconds, Stopping threads took: 0,0000406 seconds
2017-07-31T15:59:24.352+0200: 15314,757: Total time for which application threads were stopped: 0,0000498 seconds, Stopping threads took: 0,0000084 seconds
2017-07-31T15:59:24.352+0200: 15314,757: Total time for which application threads were stopped: 0,0000502 seconds, Stopping threads took: 0,0000085 seconds
2017-07-31T15:59:24.352+0200: 15314,757: Total time for which application threads were stopped: 0,0000528 seconds, Stopping threads took: 0,0000085 seconds
2017-07-31T15:59:24.352+0200: 15314,757: Total time for which application threads were stopped: 0,0000515 seconds, Stopping threads took: 0,0000095 seconds
2017-07-31T15:59:24.354+0200: 15314,759: Total time for which application threads were stopped: 0,0000983 seconds, Stopping threads took: 0,0000288 seconds
2017-07-31T15:59:24.355+0200: 15314,759: Total time for which application threads were stopped: 0,0000662 seconds, Stopping threads took: 0,0000169 seconds
2017-07-31T15:59:24.355+0200: 15314,759: Total time for which application threads were stopped: 0,0001902 seconds, Stopping threads took: 0,0000293 seconds
2017-07-31T15:59:24.356+0200: 15314,760: Total time for which application threads were stopped: 0,0000904 seconds, Stopping threads took: 0,0000248 seconds
2017-07-31T15:59:25.356+0200: 15315,760: Total time for which application threads were stopped: 0,0001207 seconds, Stopping threads took: 0,0000256 seconds
2017-07-31T15:59:25.434+0200: 15315,838: Total time for which application threads were stopped: 0,0001071 seconds, Stopping threads took: 0,0000231 seconds
 CMS: abort preclean due to time 2017-07-31T15:59:26.496+0200: 15316,901: [CMS-concurrent-abortable-preclean: 0,434/6,079 secs] [Times: user=0,58 sys=0,06, real=6,08 secs] 
2017-07-31T15:59:26.496+0200: 15316,901: [GC (CMS Final Remark) [YG occupancy: 58009 K (109248 K)]{Heap before GC invocations=146 (full 43):
 par new generation   total 109248K, used 58009K [0x00000000e0000000, 0x00000000e8000000, 0x00000000e8000000)
  eden space 87424K,  41% used [0x00000000e0000000, 0x00000000e2356450, 0x00000000e5560000)
  from space 21824K, 100% used [0x00000000e5560000, 0x00000000e6ab0000, 0x00000000e6ab0000)
  to   space 21824K,   0% used [0x00000000e6ab0000, 0x00000000e6ab0000, 0x00000000e8000000)
 concurrent mark-sweep generation total 393216K, used 283155K [0x00000000e8000000, 0x0000000100000000, 0x0000000100000000)
 Metaspace       used 32335K, capacity 32744K, committed 33220K, reserved 1079296K
  class space    used 3565K, capacity 3704K, committed 3836K, reserved 1048576K
2017-07-31T15:59:26.496+0200: 15316,901: [GC (CMS Final Remark) 2017-07-31T15:59:26.496+0200: 15316,901: [ParNew
Desired survivor size 20112992 bytes, new threshold 8 (max 8)
- age   1:     236688 bytes,     236688 total
- age   2:         32 bytes,     236720 total
- age   5:    7636336 bytes,    7873056 total
- age   6:      40064 bytes,    7913120 total
- age   7:    7631904 bytes,   15545024 total
- age   8:     100976 bytes,   15646000 total
: 58009K->19726K(109248K), 0,0085431 secs] 341164K->302881K(502464K), 0,0086124 secs] [Times: user=0,03 sys=0,00, real=0,01 secs] 
Heap after GC invocations=147 (full 43):
 par new generation   total 109248K, used 19726K [0x00000000e0000000, 0x00000000e8000000, 0x00000000e8000000)
  eden space 87424K,   0% used [0x00000000e0000000, 0x00000000e0000000, 0x00000000e5560000)
  from space 21824K,  90% used [0x00000000e6ab0000, 0x00000000e7df3898, 0x00000000e8000000)
  to   space 21824K,   0% used [0x00000000e5560000, 0x00000000e5560000, 0x00000000e6ab0000)
 concurrent mark-sweep generation total 393216K, used 283155K [0x00000000e8000000, 0x0000000100000000, 0x0000000100000000)
 Metaspace       used 32335K, capacity 32744K, committed 33220K, reserved 1079296K
  class space    used 3565K, capacity 3704K, committed 3836K, reserved 1048576K
}
2017-07-31T15:59:26.505+0200: 15316,909: [Rescan (parallel) , 0,0010327 secs]2017-07-31T15:59:26.506+0200: 15316,910: [weak refs processing, 0,0003374 secs]2017-07-31T15:59:26.506+0200: 15316,911: [class unloading, 0,0056176 secs]2017-07-31T15:59:26.512+0200: 15316,916: [scrub symbol table, 0,0036338 secs]2017-07-31T15:59:26.516+0200: 15316,920: [scrub string table, 0,0005002 secs][1 CMS-remark: 283155K(393216K)] 302881K(502464K), 0,0199519 secs] [Times: user=0,05 sys=0,00, real=0,02 secs] 
2017-07-31T15:59:26.516+0200: 15316,921: Total time for which application threads were stopped: 0,0200665 seconds, Stopping threads took: 0,0000178 seconds
2017-07-31T15:59:26.516+0200: 15316,921: [CMS-concurrent-sweep-start]
2017-07-31T15:59:26.541+0200: 15316,945: [CMS-concurrent-sweep: 0,025/0,025 secs] [Times: user=0,02 sys=0,00, real=0,03 secs] 
2017-07-31T15:59:26.541+0200: 15316,946: [CMS-concurrent-reset-start]
2017-07-31T15:59:26.542+0200: 15316,946: [CMS-concurrent-reset: 0,001/0,001 secs] [Times: user=0,00 sys=0,00, real=0,00 secs] 
2017-07-31T15:59:28.541+0200: 15318,945: [GC (CMS Initial Mark) [1 CMS-initial-mark: 283079K(393216K)] 302805K(502464K), 0,0007575 secs] [Times: user=0,00 sys=0,00, real=0,00 secs] 
2017-07-31T15:59:28.542+0200: 15318,946: Total time for which application threads were stopped: 0,0008751 seconds, Stopping threads took: 0,0000163 seconds
2017-07-31T15:59:28.542+0200: 15318,946: [CMS-concurrent-mark-start]
2017-07-31T15:59:28.561+0200: 15318,966: [CMS-concurrent-mark: 0,020/0,020 secs] [Times: user=0,08 sys=0,00, real=0,02 secs] 
2017-07-31T15:59:28.562+0200: 15318,966: [CMS-concurrent-preclean-start]
2017-07-31T15:59:28.562+0200: 15318,967: [CMS-concurrent-preclean: 0,001/0,001 secs] [Times: user=0,00 sys=0,00, real=0,00 secs] 
2017-07-31T15:59:28.562+0200: 15318,967: [GC (CMS Final Remark) [YG occupancy: 20409 K (109248 K)]{Heap before GC invocations=147 (full 44):
 par new generation   total 109248K, used 20409K [0x00000000e0000000, 0x00000000e8000000, 0x00000000e8000000)
  eden space 87424K,   0% used [0x00000000e0000000, 0x00000000e00aada0, 0x00000000e5560000)
  from space 21824K,  90% used [0x00000000e6ab0000, 0x00000000e7df3898, 0x00000000e8000000)
  to   space 21824K,   0% used [0x00000000e5560000, 0x00000000e5560000, 0x00000000e6ab0000)
 concurrent mark-sweep generation total 393216K, used 283079K [0x00000000e8000000, 0x0000000100000000, 0x0000000100000000)
 Metaspace       used 32335K, capacity 32744K, committed 33220K, reserved 1079296K
  class space    used 3565K, capacity 3704K, committed 3836K, reserved 1048576K
2017-07-31T15:59:28.563+0200: 15318,967: [GC (CMS Final Remark) 2017-07-31T15:59:28.563+0200: 15318,967: [ParNew
Desired survivor size 20112992 bytes, new threshold 8 (max 8)
- age   1:       3264 bytes,       3264 total
- age   2:     236664 bytes,     239928 total
- age   3:         32 bytes,     239960 total
- age   6:    7635904 bytes,    7875864 total
- age   7:      40064 bytes,    7915928 total
- age   8:    7630320 bytes,   15546248 total
: 20409K->17303K(109248K), 0,0035551 secs] 303489K->300482K(502464K), 0,0036072 secs] [Times: user=0,02 sys=0,00, real=0,00 secs] 
Heap after GC invocations=148 (full 44):
 par new generation   total 109248K, used 17303K [0x00000000e0000000, 0x00000000e8000000, 0x00000000e8000000)
  eden space 87424K,   0% used [0x00000000e0000000, 0x00000000e0000000, 0x00000000e5560000)
  from space 21824K,  79% used [0x00000000e5560000, 0x00000000e6645ed0, 0x00000000e6ab0000)
  to   space 21824K,   0% used [0x00000000e6ab0000, 0x00000000e6ab0000, 0x00000000e8000000)
 concurrent mark-sweep generation total 393216K, used 283178K [0x00000000e8000000, 0x0000000100000000, 0x0000000100000000)
 Metaspace       used 32335K, capacity 32744K, committed 33220K, reserved 1079296K
  class space    used 3565K, capacity 3704K, committed 3836K, reserved 1048576K
}
2017-07-31T15:59:28.566+0200: 15318,971: [Rescan (parallel) , 0,0007651 secs]2017-07-31T15:59:28.567+0200: 15318,971: [weak refs processing, 0,0002800 secs]2017-07-31T15:59:28.567+0200: 15318,972: [class unloading, 0,0048875 secs]2017-07-31T15:59:28.572+0200: 15318,977: [scrub symbol table, 0,0029203 secs]2017-07-31T15:59:28.575+0200: 15318,980: [scrub string table, 0,0004536 secs][1 CMS-remark: 283178K(393216K)] 300482K(502464K), 0,0131010 secs] [Times: user=0,03 sys=0,00, real=0,01 secs] 
2017-07-31T15:59:28.576+0200: 15318,980: Total time for which application threads were stopped: 0,0131887 seconds, Stopping threads took: 0,0000145 seconds
2017-07-31T15:59:28.576+0200: 15318,980: [CMS-concurrent-sweep-start]
2017-07-31T15:59:28.584+0200: 15318,988: Total time for which application threads were stopped: 0,0000892 seconds, Stopping threads took: 0,0000176 seconds
2017-07-31T15:59:28.603+0200: 15319,007: [CMS-concurrent-sweep: 0,027/0,027 secs] [Times: user=0,03 sys=0,00, real=0,03 secs] 
2017-07-31T15:59:28.603+0200: 15319,007: [CMS-concurrent-reset-start]
2017-07-31T15:59:28.604+0200: 15319,008: [CMS-concurrent-reset: 0,001/0,001 secs] [Times: user=0,00 sys=0,00, real=0,00 secs] 
2017-07-31T15:59:28.604+0200: 15319,009: Total time for which application threads were stopped: 0,0001006 seconds, Stopping threads took: 0,0000209 seconds
2017-07-31T15:59:28.605+0200: 15319,009: Total time for which application threads were stopped: 0,0000510 seconds, Stopping threads took: 0,0000065 seconds
2017-07-31T15:59:28.606+0200: 15319,010: Total time for which application threads were stopped: 0,0000490 seconds, Stopping threads took: 0,0000073 seconds
2017-07-31T15:59:28.606+0200: 15319,011: Total time for which application threads were stopped: 0,0000436 seconds, Stopping threads took: 0,0000060 seconds
2017-07-31T15:59:28.969+0200: 15319,374: Total time for which application threads were stopped: 0,0001601 seconds, Stopping threads took: 0,0000475 seconds
2017-07-31T15:59:29.970+0200: 15320,374: Total time for which application threads were stopped: 0,0001231 seconds, Stopping threads took: 0,0000257 seconds
2017-07-31T15:59:30.603+0200: 15321,007: [GC (CMS Initial Mark) [1 CMS-initial-mark: 276842K(393216K)] 319488K(502464K), 0,0060762 secs] [Times: user=0,02 sys=0,00, real=0,00 secs] 
2017-07-31T15:59:30.609+0200: 15321,014: Total time for which application threads were stopped: 0,0062669 seconds, Stopping threads took: 0,0000243 seconds
2017-07-31T15:59:30.609+0200: 15321,014: [CMS-concurrent-mark-start]
2017-07-31T15:59:30.645+0200: 15321,049: [CMS-concurrent-mark: 0,036/0,036 secs] [Times: user=0,15 sys=0,00, real=0,04 secs] 
2017-07-31T15:59:30.645+0200: 15321,049: [CMS-concurrent-preclean-start]
2017-07-31T15:59:30.646+0200: 15321,051: [CMS-concurrent-preclean: 0,002/0,002 secs] [Times: user=0,00 sys=0,00, real=0,00 secs] 
2017-07-31T15:59:30.646+0200: 15321,051: [CMS-concurrent-abortable-preclean-start]
 CMS: abort preclean due to time 2017-07-31T15:59:36.747+0200: 15327,152: [CMS-concurrent-abortable-preclean: 0,295/6,101 secs] [Times: user=0,30 sys=0,00, real=6,10 secs] 
2017-07-31T15:59:36.747+0200: 15327,152: [GC (CMS Final Remark) [YG occupancy: 42645 K (109248 K)]{Heap before GC invocations=148 (full 45):
 par new generation   total 109248K, used 42645K [0x00000000e0000000, 0x00000000e8000000, 0x00000000e8000000)
  eden space 87424K,  28% used [0x00000000e0000000, 0x00000000e18bf8f8, 0x00000000e5560000)
  from space 21824K,  79% used [0x00000000e5560000, 0x00000000e6645ed0, 0x00000000e6ab0000)
  to   space 21824K,   0% used [0x00000000e6ab0000, 0x00000000e6ab0000, 0x00000000e8000000)
 concurrent mark-sweep generation total 393216K, used 276842K [0x00000000e8000000, 0x0000000100000000, 0x0000000100000000)
 Metaspace       used 32423K, capacity 32872K, committed 33476K, reserved 1079296K
  class space    used 3565K, capacity 3704K, committed 3836K, reserved 1048576K
2017-07-31T15:59:36.747+0200: 15327,152: [GC (CMS Final Remark) 2017-07-31T15:59:36.747+0200: 15327,152: [ParNew
Desired survivor size 20112992 bytes, new threshold 8 (max 8)
- age   1:     715792 bytes,     715792 total
- age   2:       3064 bytes,     718856 total
- age   3:     146664 bytes,     865520 total
- age   4:         32 bytes,     865552 total
- age   7:    1338656 bytes,    2204208 total
- age   8:      34320 bytes,    2238528 total
: 42645K->9006K(109248K), 0,0021161 secs] 319488K->285850K(502464K), 0,0021723 secs] [Times: user=0,01 sys=0,00, real=0,00 secs] 
Heap after GC invocations=149 (full 45):
 par new generation   total 109248K, used 9006K [0x00000000e0000000, 0x00000000e8000000, 0x00000000e8000000)
  eden space 87424K,   0% used [0x00000000e0000000, 0x00000000e0000000, 0x00000000e5560000)
  from space 21824K,  41% used [0x00000000e6ab0000, 0x00000000e737b920, 0x00000000e8000000)
  to   space 21824K,   0% used [0x00000000e5560000, 0x00000000e5560000, 0x00000000e6ab0000)
 concurrent mark-sweep generation total 393216K, used 276844K [0x00000000e8000000, 0x0000000100000000, 0x0000000100000000)
 Metaspace       used 32423K, capacity 32872K, committed 33476K, reserved 1079296K
  class space    used 3565K, capacity 3704K, committed 3836K, reserved 1048576K
}
2017-07-31T15:59:36.750+0200: 15327,154: [Rescan (parallel) , 0,0007846 secs]2017-07-31T15:59:36.750+0200: 15327,155: [weak refs processing, 0,0002534 secs]2017-07-31T15:59:36.751+0200: 15327,155: [class unloading, 0,0049907 secs]2017-07-31T15:59:36.756+0200: 15327,160: [scrub symbol table, 0,0026637 secs]2017-07-31T15:59:36.758+0200: 15327,163: [scrub string table, 0,0004562 secs][1 CMS-remark: 276844K(393216K)] 285850K(502464K), 0,0115535 secs] [Times: user=0,02 sys=0,00, real=0,01 secs] 
2017-07-31T15:59:36.759+0200: 15327,163: Total time for which application threads were stopped: 0,0116794 seconds, Stopping threads took: 0,0000261 seconds
2017-07-31T15:59:36.759+0200: 15327,163: [CMS-concurrent-sweep-start]
2017-07-31T15:59:36.779+0200: 15327,184: [CMS-concurrent-sweep: 0,021/0,021 secs] [Times: user=0,02 sys=0,00, real=0,02 secs] 
2017-07-31T15:59:36.780+0200: 15327,184: [CMS-concurrent-reset-start]
2017-07-31T15:59:36.780+0200: 15327,184: [CMS-concurrent-reset: 0,000/0,000 secs] [Times: user=0,00 sys=0,00, real=0,01 secs] 
2017-07-31T15:59:38.779+0200: 15329,184: [GC (CMS Initial Mark) [1 CMS-initial-mark: 276267K(393216K)] 285273K(502464K), 0,0007938 secs] [Times: user=0,00 sys=0,00, real=0,01 secs] 
2017-07-31T15:59:38.780+0200: 15329,184: Total time for which application threads were stopped: 0,0009199 seconds, Stopping threads took: 0,0000371 seconds
2017-07-31T15:59:38.780+0200: 15329,185: [CMS-concurrent-mark-start]
2017-07-31T15:59:38.802+0200: 15329,206: [CMS-concurrent-mark: 0,021/0,021 secs] [Times: user=0,09 sys=0,00, real=0,02 secs] 
2017-07-31T15:59:38.802+0200: 15329,206: [CMS-concurrent-preclean-start]
2017-07-31T15:59:38.802+0200: 15329,207: [CMS-concurrent-preclean: 0,001/0,001 secs] [Times: user=0,00 sys=0,00, real=0,00 secs] 
2017-07-31T15:59:38.803+0200: 15329,207: [GC (CMS Final Remark) [YG occupancy: 9006 K (109248 K)]{Heap before GC invocations=149 (full 46):
 par new generation   total 109248K, used 9006K [0x00000000e0000000, 0x00000000e8000000, 0x00000000e8000000)
  eden space 87424K,   0% used [0x00000000e0000000, 0x00000000e0000000, 0x00000000e5560000)
  from space 21824K,  41% used [0x00000000e6ab0000, 0x00000000e737b920, 0x00000000e8000000)
  to   space 21824K,   0% used [0x00000000e5560000, 0x00000000e5560000, 0x00000000e6ab0000)
 concurrent mark-sweep generation total 393216K, used 276267K [0x00000000e8000000, 0x0000000100000000, 0x0000000100000000)
 Metaspace       used 32423K, capacity 32872K, committed 33476K, reserved 1079296K
  class space    used 3565K, capacity 3704K, committed 3836K, reserved 1048576K
2017-07-31T15:59:38.803+0200: 15329,207: [GC (CMS Final Remark) 2017-07-31T15:59:38.803+0200: 15329,207: [ParNew
Desired survivor size 20112992 bytes, new threshold 8 (max 8)
- age   2:     582592 bytes,     582592 total
- age   3:       3064 bytes,     585656 total
- age   4:     145896 bytes,     731552 total
- age   5:         32 bytes,     731584 total
- age   8:    1338656 bytes,    2070240 total
: 9006K->3787K(109248K), 0,0019911 secs] 285273K->280087K(502464K), 0,0020421 secs] [Times: user=0,00 sys=0,00, real=0,00 secs] 
Heap after GC invocations=150 (full 46):
 par new generation   total 109248K, used 3787K [0x00000000e0000000, 0x00000000e8000000, 0x00000000e8000000)
  eden space 87424K,   0% used [0x00000000e0000000, 0x00000000e0000000, 0x00000000e5560000)
  from space 21824K,  17% used [0x00000000e5560000, 0x00000000e5912ce0, 0x00000000e6ab0000)
  to   space 21824K,   0% used [0x00000000e6ab0000, 0x00000000e6ab0000, 0x00000000e8000000)
 concurrent mark-sweep generation total 393216K, used 276300K [0x00000000e8000000, 0x0000000100000000, 0x0000000100000000)
 Metaspace       used 32423K, capacity 32872K, committed 33476K, reserved 1079296K
  class space    used 3565K, capacity 3704K, committed 3836K, reserved 1048576K
}
2017-07-31T15:59:38.805+0200: 15329,209: [Rescan (parallel) , 0,0007129 secs]2017-07-31T15:59:38.805+0200: 15329,210: [weak refs processing, 0,0002473 secs]2017-07-31T15:59:38.806+0200: 15329,210: [class unloading, 0,0050669 secs]2017-07-31T15:59:38.811+0200: 15329,215: [scrub symbol table, 0,0027001 secs]2017-07-31T15:59:38.813+0200: 15329,218: [scrub string table, 0,0004572 secs][1 CMS-remark: 276300K(393216K)] 280087K(502464K), 0,0114304 secs] [Times: user=0,02 sys=0,00, real=0,01 secs] 
2017-07-31T15:59:38.814+0200: 15329,218: Total time for which application threads were stopped: 0,0115279 seconds, Stopping threads took: 0,0000163 seconds
2017-07-31T15:59:38.814+0200: 15329,218: [CMS-concurrent-sweep-start]
2017-07-31T15:59:38.836+0200: 15329,240: [CMS-concurrent-sweep: 0,021/0,021 secs] [Times: user=0,02 sys=0,00, real=0,02 secs] 
2017-07-31T15:59:38.836+0200: 15329,240: [CMS-concurrent-reset-start]
2017-07-31T15:59:38.836+0200: 15329,241: [CMS-concurrent-reset: 0,001/0,001 secs] [Times: user=0,00 sys=0,00, real=0,00 secs] 
2017-07-31T15:59:40.835+0200: 15331,240: [GC (CMS Initial Mark) [1 CMS-initial-mark: 237268K(393216K)] 243803K(502464K), 0,0008495 secs] [Times: user=0,00 sys=0,00, real=0,00 secs] 
2017-07-31T15:59:40.836+0200: 15331,241: Total time for which application threads were stopped: 0,0009777 seconds, Stopping threads took: 0,0000269 seconds
2017-07-31T15:59:40.836+0200: 15331,241: [CMS-concurrent-mark-start]
2017-07-31T15:59:40.862+0200: 15331,267: [CMS-concurrent-mark: 0,026/0,026 secs] [Times: user=0,11 sys=0,00, real=0,03 secs] 
2017-07-31T15:59:40.862+0200: 15331,267: [CMS-concurrent-preclean-start]
2017-07-31T15:59:40.863+0200: 15331,268: [CMS-concurrent-preclean: 0,001/0,001 secs] [Times: user=0,00 sys=0,00, real=0,00 secs] 
2017-07-31T15:59:40.863+0200: 15331,268: [CMS-concurrent-abortable-preclean-start]
 CMS: abort preclean due to time 2017-07-31T15:59:46.865+0200: 15337,270: [CMS-concurrent-abortable-preclean: 0,198/6,002 secs] [Times: user=0,20 sys=0,00, real=6,00 secs] 
2017-07-31T15:59:46.866+0200: 15337,270: [GC (CMS Final Remark) [YG occupancy: 7386 K (109248 K)]{Heap before GC invocations=150 (full 47):
 par new generation   total 109248K, used 7386K [0x00000000e0000000, 0x00000000e8000000, 0x00000000e8000000)
  eden space 87424K,   4% used [0x00000000e0000000, 0x00000000e0383df0, 0x00000000e5560000)
  from space 21824K,  17% used [0x00000000e5560000, 0x00000000e5912ce0, 0x00000000e6ab0000)
  to   space 21824K,   0% used [0x00000000e6ab0000, 0x00000000e6ab0000, 0x00000000e8000000)
 concurrent mark-sweep generation total 393216K, used 237268K [0x00000000e8000000, 0x0000000100000000, 0x0000000100000000)
 Metaspace       used 32423K, capacity 32872K, committed 33476K, reserved 1079296K
  class space    used 3565K, capacity 3704K, committed 3836K, reserved 1048576K
2017-07-31T15:59:46.866+0200: 15337,270: [GC (CMS Final Remark) 2017-07-31T15:59:46.866+0200: 15337,270: [ParNew
Desired survivor size 20112992 bytes, new threshold 8 (max 8)
- age   1:        376 bytes,        376 total
- age   3:     582328 bytes,     582704 total
- age   4:       3064 bytes,     585768 total
- age   5:     145896 bytes,     731664 total
: 7386K->1262K(109248K), 0,0022180 secs] 244654K->239838K(502464K), 0,0022662 secs] [Times: user=0,01 sys=0,00, real=0,00 secs] 
Heap after GC invocations=151 (full 47):
 par new generation   total 109248K, used 1262K [0x00000000e0000000, 0x00000000e8000000, 0x00000000e8000000)
  eden space 87424K,   0% used [0x00000000e0000000, 0x00000000e0000000, 0x00000000e5560000)
  from space 21824K,   5% used [0x00000000e6ab0000, 0x00000000e6bebb68, 0x00000000e8000000)
  to   space 21824K,   0% used [0x00000000e5560000, 0x00000000e5560000, 0x00000000e6ab0000)
 concurrent mark-sweep generation total 393216K, used 238575K [0x00000000e8000000, 0x0000000100000000, 0x0000000100000000)
 Metaspace       used 32423K, capacity 32872K, committed 33476K, reserved 1079296K
  class space    used 3565K, capacity 3704K, committed 3836K, reserved 1048576K
}
2017-07-31T15:59:46.868+0200: 15337,272: [Rescan (parallel) , 0,0006847 secs]2017-07-31T15:59:46.869+0200: 15337,273: [weak refs processing, 0,0002759 secs]2017-07-31T15:59:46.869+0200: 15337,273: [class unloading, 0,0053947 secs]2017-07-31T15:59:46.874+0200: 15337,279: [scrub symbol table, 0,0029154 secs]2017-07-31T15:59:46.877+0200: 15337,282: [scrub string table, 0,0004552 secs][1 CMS-remark: 238575K(393216K)] 239838K(502464K), 0,0122683 secs] [Times: user=0,02 sys=0,00, real=0,01 secs] 
2017-07-31T15:59:46.878+0200: 15337,282: Total time for which application threads were stopped: 0,0123741 seconds, Stopping threads took: 0,0000205 seconds
2017-07-31T15:59:46.878+0200: 15337,282: [CMS-concurrent-sweep-start]
2017-07-31T15:59:46.899+0200: 15337,303: [CMS-concurrent-sweep: 0,021/0,021 secs] [Times: user=0,02 sys=0,00, real=0,02 secs] 
2017-07-31T15:59:46.899+0200: 15337,303: [CMS-concurrent-reset-start]
2017-07-31T15:59:46.899+0200: 15337,304: [CMS-concurrent-reset: 0,000/0,000 secs] [Times: user=0,00 sys=0,00, real=0,00 secs] 
2017-07-31T15:59:48.898+0200: 15339,303: [GC (CMS Initial Mark) [1 CMS-initial-mark: 238575K(393216K)] 239838K(502464K), 0,0008790 secs] [Times: user=0,00 sys=0,00, real=0,00 secs] 
2017-07-31T15:59:48.899+0200: 15339,304: Total time for which application threads were stopped: 0,0009919 seconds, Stopping threads took: 0,0000224 seconds
2017-07-31T15:59:48.899+0200: 15339,304: [CMS-concurrent-mark-start]
2017-07-31T15:59:48.918+0200: 15339,323: [CMS-concurrent-mark: 0,019/0,019 secs] [Times: user=0,08 sys=0,00, real=0,02 secs] 
2017-07-31T15:59:48.918+0200: 15339,323: [CMS-concurrent-preclean-start]
2017-07-31T15:59:48.919+0200: 15339,324: [CMS-concurrent-preclean: 0,001/0,001 secs] [Times: user=0,00 sys=0,00, real=0,00 secs] 
2017-07-31T15:59:48.919+0200: 15339,324: [GC (CMS Final Remark) [YG occupancy: 1262 K (109248 K)]{Heap before GC invocations=151 (full 48):
 par new generation   total 109248K, used 1262K [0x00000000e0000000, 0x00000000e8000000, 0x00000000e8000000)
  eden space 87424K,   0% used [0x00000000e0000000, 0x00000000e0000000, 0x00000000e5560000)
  from space 21824K,   5% used [0x00000000e6ab0000, 0x00000000e6bebb68, 0x00000000e8000000)
  to   space 21824K,   0% used [0x00000000e5560000, 0x00000000e5560000, 0x00000000e6ab0000)
 concurrent mark-sweep generation total 393216K, used 238575K [0x00000000e8000000, 0x0000000100000000, 0x0000000100000000)
 Metaspace       used 32423K, capacity 32872K, committed 33476K, reserved 1079296K
  class space    used 3565K, capacity 3704K, committed 3836K, reserved 1048576K
2017-07-31T15:59:48.919+0200: 15339,324: [GC (CMS Final Remark) 2017-07-31T15:59:48.919+0200: 15339,324: [ParNew
Desired survivor size 20112992 bytes, new threshold 8 (max 8)
- age   2:        376 bytes,        376 total
- age   4:     582328 bytes,     582704 total
- age   5:       3064 bytes,     585768 total
- age   6:     145896 bytes,     731664 total
: 1262K->900K(109248K), 0,0014926 secs] 239838K->239476K(502464K), 0,0015289 secs] [Times: user=0,01 sys=0,00, real=0,01 secs] 
Heap after GC invocations=152 (full 48):
 par new generation   total 109248K, used 900K [0x00000000e0000000, 0x00000000e8000000, 0x00000000e8000000)
  eden space 87424K,   0% used [0x00000000e0000000, 0x00000000e0000000, 0x00000000e5560000)
  from space 21824K,   4% used [0x00000000e5560000, 0x00000000e5641310, 0x00000000e6ab0000)
  to   space 21824K,   0% used [0x00000000e6ab0000, 0x00000000e6ab0000, 0x00000000e8000000)
 concurrent mark-sweep generation total 393216K, used 238575K [0x00000000e8000000, 0x0000000100000000, 0x0000000100000000)
 Metaspace       used 32423K, capacity 32872K, committed 33476K, reserved 1079296K
  class space    used 3565K, capacity 3704K, committed 3836K, reserved 1048576K
}
2017-07-31T15:59:48.921+0200: 15339,325: [Rescan (parallel) , 0,0005435 secs]2017-07-31T15:59:48.921+0200: 15339,326: [weak refs processing, 0,0003007 secs]2017-07-31T15:59:48.922+0200: 15339,326: [class unloading, 0,0050846 secs]2017-07-31T15:59:48.927+0200: 15339,331: [scrub symbol table, 0,0027357 secs]2017-07-31T15:59:48.930+0200: 15339,334: [scrub string table, 0,0004514 secs][1 CMS-remark: 238575K(393216K)] 239476K(502464K), 0,0108659 secs] [Times: user=0,01 sys=0,00, real=0,01 secs] 
2017-07-31T15:59:48.930+0200: 15339,335: Total time for which application threads were stopped: 0,0109678 seconds, Stopping threads took: 0,0000155 seconds
2017-07-31T15:59:48.930+0200: 15339,335: [CMS-concurrent-sweep-start]
2017-07-31T15:59:48.951+0200: 15339,356: [CMS-concurrent-sweep: 0,021/0,021 secs] [Times: user=0,03 sys=0,00, real=0,02 secs] 
2017-07-31T15:59:48.951+0200: 15339,356: [CMS-concurrent-reset-start]
2017-07-31T15:59:48.952+0200: 15339,356: [CMS-concurrent-reset: 0,000/0,000 secs] [Times: user=0,00 sys=0,00, real=0,00 secs] 
2017-07-31T15:59:50.951+0200: 15341,355: [GC (CMS Initial Mark) [1 CMS-initial-mark: 238497K(393216K)] 242145K(502464K), 0,0007102 secs] [Times: user=0,00 sys=0,00, real=0,00 secs] 
2017-07-31T15:59:50.952+0200: 15341,356: Total time for which application threads were stopped: 0,0008298 seconds, Stopping threads took: 0,0000184 seconds
2017-07-31T15:59:50.952+0200: 15341,356: [CMS-concurrent-mark-start]
2017-07-31T15:59:50.971+0200: 15341,376: [CMS-concurrent-mark: 0,020/0,020 secs] [Times: user=0,08 sys=0,00, real=0,02 secs] 
2017-07-31T15:59:50.971+0200: 15341,376: [CMS-concurrent-preclean-start]
2017-07-31T15:59:50.972+0200: 15341,377: [CMS-concurrent-preclean: 0,001/0,001 secs] [Times: user=0,00 sys=0,00, real=0,01 secs] 
2017-07-31T15:59:50.972+0200: 15341,377: [CMS-concurrent-abortable-preclean-start]
 CMS: abort preclean due to time 2017-07-31T15:59:56.995+0200: 15347,400: [CMS-concurrent-abortable-preclean: 0,219/6,023 secs] [Times: user=0,22 sys=0,00, real=6,02 secs] 
2017-07-31T15:59:56.995+0200: 15347,400: [GC (CMS Final Remark) [YG occupancy: 3648 K (109248 K)]{Heap before GC invocations=152 (full 49):
 par new generation   total 109248K, used 3648K [0x00000000e0000000, 0x00000000e8000000, 0x00000000e8000000)
  eden space 87424K,   3% used [0x00000000e0000000, 0x00000000e02aee70, 0x00000000e5560000)
  from space 21824K,   4% used [0x00000000e5560000, 0x00000000e5641310, 0x00000000e6ab0000)
  to   space 21824K,   0% used [0x00000000e6ab0000, 0x00000000e6ab0000, 0x00000000e8000000)
 concurrent mark-sweep generation total 393216K, used 238497K [0x00000000e8000000, 0x0000000100000000, 0x0000000100000000)
 Metaspace       used 32423K, capacity 32872K, committed 33476K, reserved 1079296K
  class space    used 3565K, capacity 3704K, committed 3836K, reserved 1048576K
2017-07-31T15:59:56.995+0200: 15347,400: [GC (CMS Final Remark) 2017-07-31T15:59:56.995+0200: 15347,400: [ParNew
Desired survivor size 20112992 bytes, new threshold 8 (max 8)
- age   1:        192 bytes,        192 total
- age   3:        184 bytes,        376 total
- age   5:     582416 bytes,     582792 total
- age   6:       3064 bytes,     585856 total
- age   7:     145896 bytes,     731752 total
: 3648K->1076K(109248K), 0,0014982 secs] 242145K->239573K(502464K), 0,0015413 secs] [Times: user=0,01 sys=0,00, real=0,00 secs] 
Heap after GC invocations=153 (full 49):
 par new generation   total 109248K, used 1076K [0x00000000e0000000, 0x00000000e8000000, 0x00000000e8000000)
  eden space 87424K,   0% used [0x00000000e0000000, 0x00000000e0000000, 0x00000000e5560000)
  from space 21824K,   4% used [0x00000000e6ab0000, 0x00000000e6bbd090, 0x00000000e8000000)
  to   space 21824K,   0% used [0x00000000e5560000, 0x00000000e5560000, 0x00000000e6ab0000)
 concurrent mark-sweep generation total 393216K, used 238497K [0x00000000e8000000, 0x0000000100000000, 0x0000000100000000)
 Metaspace       used 32423K, capacity 32872K, committed 33476K, reserved 1079296K
  class space    used 3565K, capacity 3704K, committed 3836K, reserved 1048576K
}
2017-07-31T15:59:56.997+0200: 15347,401: [Rescan (parallel) , 0,0004926 secs]2017-07-31T15:59:56.997+0200: 15347,402: [weak refs processing, 0,0002641 secs]2017-07-31T15:59:56.998+0200: 15347,402: [class unloading, 0,0057197 secs]2017-07-31T15:59:57.003+0200: 15347,408: [scrub symbol table, 0,0047406 secs]2017-07-31T15:59:57.008+0200: 15347,413: [scrub string table, 0,0006758 secs][1 CMS-remark: 238497K(393216K)] 239573K(502464K), 0,0144303 secs] [Times: user=0,02 sys=0,00, real=0,01 secs] 
2017-07-31T15:59:57.010+0200: 15347,414: Total time for which application threads were stopped: 0,0145389 seconds, Stopping threads took: 0,0000159 seconds
2017-07-31T15:59:57.010+0200: 15347,414: [CMS-concurrent-sweep-start]
2017-07-31T15:59:57.039+0200: 15347,443: [CMS-concurrent-sweep: 0,029/0,029 secs] [Times: user=0,03 sys=0,00, real=0,03 secs] 
2017-07-31T15:59:57.039+0200: 15347,443: [CMS-concurrent-reset-start]
2017-07-31T15:59:57.039+0200: 15347,444: [CMS-concurrent-reset: 0,000/0,000 secs] [Times: user=0,00 sys=0,00, real=0,00 secs] 
2017-07-31T15:59:59.038+0200: 15349,443: [GC (CMS Initial Mark) [1 CMS-initial-mark: 238497K(393216K)] 241118K(502464K), 0,0007419 secs] [Times: user=0,00 sys=0,00, real=0,00 secs] 
2017-07-31T15:59:59.039+0200: 15349,444: Total time for which application threads were stopped: 0,0008380 seconds, Stopping threads took: 0,0000169 seconds
2017-07-31T15:59:59.039+0200: 15349,444: [CMS-concurrent-mark-start]
2017-07-31T15:59:59.059+0200: 15349,463: [CMS-concurrent-mark: 0,019/0,019 secs] [Times: user=0,08 sys=0,00, real=0,02 secs] 
2017-07-31T15:59:59.059+0200: 15349,463: [CMS-concurrent-preclean-start]
2017-07-31T15:59:59.059+0200: 15349,464: [CMS-concurrent-preclean: 0,001/0,001 secs] [Times: user=0,00 sys=0,00, real=0,00 secs] 
2017-07-31T15:59:59.060+0200: 15349,464: [GC (CMS Final Remark) [YG occupancy: 2621 K (109248 K)]{Heap before GC invocations=153 (full 50):
 par new generation   total 109248K, used 2621K [0x00000000e0000000, 0x00000000e8000000, 0x00000000e8000000)
  eden space 87424K,   1% used [0x00000000e0000000, 0x00000000e01823f8, 0x00000000e5560000)
  from space 21824K,   4% used [0x00000000e6ab0000, 0x00000000e6bbd090, 0x00000000e8000000)
  to   space 21824K,   0% used [0x00000000e5560000, 0x00000000e5560000, 0x00000000e6ab0000)
 concurrent mark-sweep generation total 393216K, used 238497K [0x00000000e8000000, 0x0000000100000000, 0x0000000100000000)
 Metaspace       used 32423K, capacity 32872K, committed 33476K, reserved 1079296K
  class space    used 3565K, capacity 3704K, committed 3836K, reserved 1048576K
2017-07-31T15:59:59.060+0200: 15349,464: [GC (CMS Final Remark) 2017-07-31T15:59:59.060+0200: 15349,464: [ParNew
Desired survivor size 20112992 bytes, new threshold 8 (max 8)
- age   1:         64 bytes,         64 total
- age   2:        128 bytes,        192 total
- age   4:        184 bytes,        376 total
- age   6:     582328 bytes,     582704 total
- age   7:       3064 bytes,     585768 total
- age   8:     145896 bytes,     731664 total
: 2621K->914K(109248K), 0,0014499 secs] 241118K->239411K(502464K), 0,0014964 secs] [Times: user=0,01 sys=0,00, real=0,01 secs] 
Heap after GC invocations=154 (full 50):
 par new generation   total 109248K, used 914K [0x00000000e0000000, 0x00000000e8000000, 0x00000000e8000000)
  eden space 87424K,   0% used [0x00000000e0000000, 0x00000000e0000000, 0x00000000e5560000)
  from space 21824K,   4% used [0x00000000e5560000, 0x00000000e5644820, 0x00000000e6ab0000)
  to   space 21824K,   0% used [0x00000000e6ab0000, 0x00000000e6ab0000, 0x00000000e8000000)
 concurrent mark-sweep generation total 393216K, used 238497K [0x00000000e8000000, 0x0000000100000000, 0x0000000100000000)
 Metaspace       used 32423K, capacity 32872K, committed 33476K, reserved 1079296K
  class space    used 3565K, capacity 3704K, committed 3836K, reserved 1048576K
}
2017-07-31T15:59:59.061+0200: 15349,466: [Rescan (parallel) , 0,0005037 secs]2017-07-31T15:59:59.062+0200: 15349,466: [weak refs processing, 0,0002729 secs]2017-07-31T15:59:59.062+0200: 15349,466: [class unloading, 0,0070288 secs]2017-07-31T15:59:59.069+0200: 15349,473: [scrub symbol table, 0,0041350 secs]2017-07-31T15:59:59.073+0200: 15349,478: [scrub string table, 0,0006434 secs][1 CMS-remark: 238497K(393216K)] 239411K(502464K), 0,0143430 secs] [Times: user=0,02 sys=0,00, real=0,02 secs] 
2017-07-31T15:59:59.074+0200: 15349,478: Total time for which application threads were stopped: 0,0144643 seconds, Stopping threads took: 0,0000177 seconds
2017-07-31T15:59:59.074+0200: 15349,478: [CMS-concurrent-sweep-start]
2017-07-31T15:59:59.104+0200: 15349,508: [CMS-concurrent-sweep: 0,030/0,030 secs] [Times: user=0,03 sys=0,00, real=0,03 secs] 
2017-07-31T15:59:59.104+0200: 15349,508: [CMS-concurrent-reset-start]
2017-07-31T15:59:59.104+0200: 15349,509: [CMS-concurrent-reset: 0,000/0,000 secs] [Times: user=0,00 sys=0,00, real=0,00 secs] 
2017-07-31T16:00:01.104+0200: 15351,508: [GC (CMS Initial Mark) [1 CMS-initial-mark: 238497K(393216K)] 240614K(502464K), 0,0010811 secs] [Times: user=0,01 sys=0,00, real=0,00 secs] 
2017-07-31T16:00:01.105+0200: 15351,509: Total time for which application threads were stopped: 0,0012211 seconds, Stopping threads took: 0,0000174 seconds
2017-07-31T16:00:01.105+0200: 15351,509: [CMS-concurrent-mark-start]
2017-07-31T16:00:01.127+0200: 15351,531: [CMS-concurrent-mark: 0,022/0,022 secs] [Times: user=0,08 sys=0,00, real=0,02 secs] 
2017-07-31T16:00:01.127+0200: 15351,531: [CMS-concurrent-preclean-start]
2017-07-31T16:00:01.128+0200: 15351,532: [CMS-concurrent-preclean: 0,001/0,001 secs] [Times: user=0,00 sys=0,00, real=0,00 secs] 
2017-07-31T16:00:01.128+0200: 15351,532: [GC (CMS Final Remark) [YG occupancy: 2116 K (109248 K)]{Heap before GC invocations=154 (full 51):
 par new generation   total 109248K, used 2116K [0x00000000e0000000, 0x00000000e8000000, 0x00000000e8000000)
  eden space 87424K,   1% used [0x00000000e0000000, 0x00000000e012ca78, 0x00000000e5560000)
  from space 21824K,   4% used [0x00000000e5560000, 0x00000000e5644820, 0x00000000e6ab0000)
  to   space 21824K,   0% used [0x00000000e6ab0000, 0x00000000e6ab0000, 0x00000000e8000000)
 concurrent mark-sweep generation total 393216K, used 238497K [0x00000000e8000000, 0x0000000100000000, 0x0000000100000000)
 Metaspace       used 32423K, capacity 32872K, committed 33476K, reserved 1079296K
  class space    used 3565K, capacity 3704K, committed 3836K, reserved 1048576K
2017-07-31T16:00:01.128+0200: 15351,532: [GC (CMS Final Remark) 2017-07-31T16:00:01.128+0200: 15351,532: [ParNew
Desired survivor size 20112992 bytes, new threshold 8 (max 8)
- age   1:         96 bytes,         96 total
- age   2:         64 bytes,        160 total
- age   3:         32 bytes,        192 total
- age   5:        184 bytes,        376 total
- age   7:     582328 bytes,     582704 total
- age   8:       3064 bytes,     585768 total
: 2116K->928K(109248K), 0,0019887 secs] 240614K->239569K(502464K), 0,0020646 secs] [Times: user=0,01 sys=0,00, real=0,00 secs] 
Heap after GC invocations=155 (full 51):
 par new generation   total 109248K, used 928K [0x00000000e0000000, 0x00000000e8000000, 0x00000000e8000000)
  eden space 87424K,   0% used [0x00000000e0000000, 0x00000000e0000000, 0x00000000e5560000)
  from space 21824K,   4% used [0x00000000e6ab0000, 0x00000000e6b98200, 0x00000000e8000000)
  to   space 21824K,   0% used [0x00000000e5560000, 0x00000000e5560000, 0x00000000e6ab0000)
 concurrent mark-sweep generation total 393216K, used 238640K [0x00000000e8000000, 0x0000000100000000, 0x0000000100000000)
 Metaspace       used 32423K, capacity 32872K, committed 33476K, reserved 1079296K
  class space    used 3565K, capacity 3704K, committed 3836K, reserved 1048576K
}
2017-07-31T16:00:01.130+0200: 15351,534: [Rescan (parallel) , 0,0006860 secs]2017-07-31T16:00:01.131+0200: 15351,535: [weak refs processing, 0,0002840 secs]2017-07-31T16:00:01.131+0200: 15351,535: [class unloading, 0,0056755 secs]2017-07-31T16:00:01.137+0200: 15351,541: [scrub symbol table, 0,0037616 secs]2017-07-31T16:00:01.140+0200: 15351,545: [scrub string table, 0,0007105 secs][1 CMS-remark: 238640K(393216K)] 239569K(502464K), 0,0134978 secs] [Times: user=0,02 sys=0,00, real=0,02 secs] 
2017-07-31T16:00:01.141+0200: 15351,546: Total time for which application threads were stopped: 0,0136166 seconds, Stopping threads took: 0,0000217 seconds
2017-07-31T16:00:01.142+0200: 15351,546: [CMS-concurrent-sweep-start]
2017-07-31T16:00:01.167+0200: 15351,571: [CMS-concurrent-sweep: 0,025/0,025 secs] [Times: user=0,03 sys=0,00, real=0,02 secs] 
2017-07-31T16:00:01.167+0200: 15351,571: [CMS-concurrent-reset-start]
2017-07-31T16:00:01.167+0200: 15351,572: [CMS-concurrent-reset: 0,000/0,000 secs] [Times: user=0,00 sys=0,00, real=0,00 secs] 
2017-07-31T16:00:03.167+0200: 15353,571: [GC (CMS Initial Mark) [1 CMS-initial-mark: 238640K(393216K)] 239569K(502464K), 0,0008901 secs] [Times: user=0,00 sys=0,00, real=0,00 secs] 
2017-07-31T16:00:03.168+0200: 15353,572: Total time for which application threads were stopped: 0,0010096 seconds, Stopping threads took: 0,0000194 seconds
2017-07-31T16:00:03.168+0200: 15353,572: [CMS-concurrent-mark-start]
2017-07-31T16:00:03.190+0200: 15353,595: [CMS-concurrent-mark: 0,023/0,023 secs] [Times: user=0,09 sys=0,00, real=0,02 secs] 
2017-07-31T16:00:03.190+0200: 15353,595: [CMS-concurrent-preclean-start]
2017-07-31T16:00:03.191+0200: 15353,595: [CMS-concurrent-preclean: 0,001/0,001 secs] [Times: user=0,00 sys=0,00, real=0,00 secs] 
2017-07-31T16:00:03.191+0200: 15353,596: [GC (CMS Final Remark) [YG occupancy: 928 K (109248 K)]{Heap before GC invocations=155 (full 52):
 par new generation   total 109248K, used 928K [0x00000000e0000000, 0x00000000e8000000, 0x00000000e8000000)
  eden space 87424K,   0% used [0x00000000e0000000, 0x00000000e0000000, 0x00000000e5560000)
  from space 21824K,   4% used [0x00000000e6ab0000, 0x00000000e6b98200, 0x00000000e8000000)
  to   space 21824K,   0% used [0x00000000e5560000, 0x00000000e5560000, 0x00000000e6ab0000)
 concurrent mark-sweep generation total 393216K, used 238640K [0x00000000e8000000, 0x0000000100000000, 0x0000000100000000)
 Metaspace       used 32423K, capacity 32872K, committed 33476K, reserved 1079296K
  class space    used 3565K, capacity 3704K, committed 3836K, reserved 1048576K
2017-07-31T16:00:03.191+0200: 15353,596: [GC (CMS Final Remark) 2017-07-31T16:00:03.191+0200: 15353,596: [ParNew
Desired survivor size 20112992 bytes, new threshold 8 (max 8)
- age   2:         96 bytes,         96 total
- age   3:         64 bytes,        160 total
- age   4:         32 bytes,        192 total
- age   6:        184 bytes,        376 total
- age   8:     582328 bytes,     582704 total
: 928K->733K(109248K), 0,0015189 secs] 239569K->239377K(502464K), 0,0015550 secs] [Times: user=0,00 sys=0,00, real=0,01 secs] 
Heap after GC invocations=156 (full 52):
 par new generation   total 109248K, used 733K [0x00000000e0000000, 0x00000000e8000000, 0x00000000e8000000)
  eden space 87424K,   0% used [0x00000000e0000000, 0x00000000e0000000, 0x00000000e5560000)
  from space 21824K,   3% used [0x00000000e5560000, 0x00000000e56177d0, 0x00000000e6ab0000)
  to   space 21824K,   0% used [0x00000000e6ab0000, 0x00000000e6ab0000, 0x00000000e8000000)
 concurrent mark-sweep generation total 393216K, used 238643K [0x00000000e8000000, 0x0000000100000000, 0x0000000100000000)
 Metaspace       used 32423K, capacity 32872K, committed 33476K, reserved 1079296K
  class space    used 3565K, capacity 3704K, committed 3836K, reserved 1048576K
}
2017-07-31T16:00:03.193+0200: 15353,597: [Rescan (parallel) , 0,0005702 secs]2017-07-31T16:00:03.193+0200: 15353,598: [weak refs processing, 0,0002658 secs]2017-07-31T16:00:03.194+0200: 15353,598: [class unloading, 0,0051386 secs]2017-07-31T16:00:03.199+0200: 15353,603: [scrub symbol table, 0,0027369 secs]2017-07-31T16:00:03.202+0200: 15353,606: [scrub string table, 0,0004499 secs][1 CMS-remark: 238643K(393216K)] 239377K(502464K), 0,0109234 secs] [Times: user=0,02 sys=0,00, real=0,02 secs] 
2017-07-31T16:00:03.202+0200: 15353,607: Total time for which application threads were stopped: 0,0110281 seconds, Stopping threads took: 0,0000191 seconds
2017-07-31T16:00:03.202+0200: 15353,607: [CMS-concurrent-sweep-start]
2017-07-31T16:00:03.223+0200: 15353,627: [CMS-concurrent-sweep: 0,021/0,021 secs] [Times: user=0,02 sys=0,00, real=0,02 secs] 
2017-07-31T16:00:03.223+0200: 15353,627: [CMS-concurrent-reset-start]
2017-07-31T16:00:03.224+0200: 15353,628: [CMS-concurrent-reset: 0,001/0,001 secs] [Times: user=0,00 sys=0,00, real=0,00 secs] 
2017-07-31T16:00:05.223+0200: 15355,628: [GC (CMS Initial Mark) [1 CMS-initial-mark: 238633K(393216K)] 242114K(502464K), 0,0011238 secs] [Times: user=0,00 sys=0,00, real=0,00 secs] 
2017-07-31T16:00:05.224+0200: 15355,629: Total time for which application threads were stopped: 0,0012897 seconds, Stopping threads took: 0,0000319 seconds
2017-07-31T16:00:05.224+0200: 15355,629: [CMS-concurrent-mark-start]
2017-07-31T16:00:05.255+0200: 15355,660: [CMS-concurrent-mark: 0,031/0,031 secs] [Times: user=0,12 sys=0,00, real=0,03 secs] 
2017-07-31T16:00:05.255+0200: 15355,660: [CMS-concurrent-preclean-start]
2017-07-31T16:00:05.256+0200: 15355,661: [CMS-concurrent-preclean: 0,001/0,001 secs] [Times: user=0,00 sys=0,00, real=0,00 secs] 
2017-07-31T16:00:05.256+0200: 15355,661: [CMS-concurrent-abortable-preclean-start]
 CMS: abort preclean due to time 2017-07-31T16:00:11.291+0200: 15361,696: [CMS-concurrent-abortable-preclean: 0,230/6,035 secs] [Times: user=0,24 sys=0,00, real=6,03 secs] 
2017-07-31T16:00:11.291+0200: 15361,696: [GC (CMS Final Remark) [YG occupancy: 3481 K (109248 K)]{Heap before GC invocations=156 (full 53):
 par new generation   total 109248K, used 3481K [0x00000000e0000000, 0x00000000e8000000, 0x00000000e8000000)
  eden space 87424K,   3% used [0x00000000e0000000, 0x00000000e02aee70, 0x00000000e5560000)
  from space 21824K,   3% used [0x00000000e5560000, 0x00000000e56177d0, 0x00000000e6ab0000)
  to   space 21824K,   0% used [0x00000000e6ab0000, 0x00000000e6ab0000, 0x00000000e8000000)
 concurrent mark-sweep generation total 393216K, used 238633K [0x00000000e8000000, 0x0000000100000000, 0x0000000100000000)
 Metaspace       used 32423K, capacity 32872K, committed 33476K, reserved 1079296K
  class space    used 3565K, capacity 3704K, committed 3836K, reserved 1048576K
2017-07-31T16:00:11.291+0200: 15361,696: [GC (CMS Final Remark) 2017-07-31T16:00:11.291+0200: 15361,696: [ParNew
Desired survivor size 20112992 bytes, new threshold 8 (max 8)
- age   1:        192 bytes,        192 total
- age   7:        184 bytes,        376 total
: 3481K->263K(109248K), 0,0018272 secs] 242114K->239470K(502464K), 0,0018680 secs] [Times: user=0,00 sys=0,00, real=0,01 secs] 
Heap after GC invocations=157 (full 53):
 par new generation   total 109248K, used 263K [0x00000000e0000000, 0x00000000e8000000, 0x00000000e8000000)
  eden space 87424K,   0% used [0x00000000e0000000, 0x00000000e0000000, 0x00000000e5560000)
  from space 21824K,   1% used [0x00000000e6ab0000, 0x00000000e6af1f40, 0x00000000e8000000)
  to   space 21824K,   0% used [0x00000000e5560000, 0x00000000e5560000, 0x00000000e6ab0000)
 concurrent mark-sweep generation total 393216K, used 239206K [0x00000000e8000000, 0x0000000100000000, 0x0000000100000000)
 Metaspace       used 32423K, capacity 32872K, committed 33476K, reserved 1079296K
  class space    used 3565K, capacity 3704K, committed 3836K, reserved 1048576K
}
2017-07-31T16:00:11.293+0200: 15361,698: [Rescan (parallel) , 0,0009772 secs]2017-07-31T16:00:11.294+0200: 15361,699: [weak refs processing, 0,0005174 secs]2017-07-31T16:00:11.295+0200: 15361,699: [class unloading, 0,0051005 secs]2017-07-31T16:00:11.300+0200: 15361,704: [scrub symbol table, 0,0026271 secs]2017-07-31T16:00:11.302+0200: 15361,707: [scrub string table, 0,0005075 secs][1 CMS-remark: 239206K(393216K)] 239470K(502464K), 0,0118557 secs] [Times: user=0,02 sys=0,00, real=0,02 secs] 
2017-07-31T16:00:11.303+0200: 15361,708: Total time for which application threads were stopped: 0,0119765 seconds, Stopping threads took: 0,0000265 seconds
2017-07-31T16:00:11.303+0200: 15361,708: [CMS-concurrent-sweep-start]
2017-07-31T16:00:11.326+0200: 15361,730: [CMS-concurrent-sweep: 0,023/0,023 secs] [Times: user=0,02 sys=0,00, real=0,02 secs] 
2017-07-31T16:00:11.326+0200: 15361,730: [CMS-concurrent-reset-start]
2017-07-31T16:00:11.326+0200: 15361,731: [CMS-concurrent-reset: 0,001/0,001 secs] [Times: user=0,00 sys=0,00, real=0,00 secs] 
2017-07-31T16:00:13.326+0200: 15363,730: [GC (CMS Initial Mark) [1 CMS-initial-mark: 239206K(393216K)] 239470K(502464K), 0,0006066 secs] [Times: user=0,00 sys=0,00, real=0,00 secs] 
2017-07-31T16:00:13.326+0200: 15363,731: Total time for which application threads were stopped: 0,0007234 seconds, Stopping threads took: 0,0000235 seconds
2017-07-31T16:00:13.326+0200: 15363,731: [CMS-concurrent-mark-start]
2017-07-31T16:00:13.344+0200: 15363,748: [CMS-concurrent-mark: 0,017/0,017 secs] [Times: user=0,08 sys=0,00, real=0,02 secs] 
2017-07-31T16:00:13.344+0200: 15363,748: [CMS-concurrent-preclean-start]
2017-07-31T16:00:13.345+0200: 15363,749: [CMS-concurrent-preclean: 0,001/0,001 secs] [Times: user=0,00 sys=0,00, real=0,00 secs] 
2017-07-31T16:00:13.345+0200: 15363,749: [GC (CMS Final Remark) [YG occupancy: 263 K (109248 K)]{Heap before GC invocations=157 (full 54):
 par new generation   total 109248K, used 263K [0x00000000e0000000, 0x00000000e8000000, 0x00000000e8000000)
  eden space 87424K,   0% used [0x00000000e0000000, 0x00000000e0000000, 0x00000000e5560000)
  from space 21824K,   1% used [0x00000000e6ab0000, 0x00000000e6af1f40, 0x00000000e8000000)
  to   space 21824K,   0% used [0x00000000e5560000, 0x00000000e5560000, 0x00000000e6ab0000)
 concurrent mark-sweep generation total 393216K, used 239206K [0x00000000e8000000, 0x0000000100000000, 0x0000000100000000)
 Metaspace       used 32423K, capacity 32872K, committed 33476K, reserved 1079296K
  class space    used 3565K, capacity 3704K, committed 3836K, reserved 1048576K
2017-07-31T16:00:13.345+0200: 15363,749: [GC (CMS Final Remark) 2017-07-31T16:00:13.345+0200: 15363,749: [ParNew
Desired survivor size 20112992 bytes, new threshold 8 (max 8)
- age   2:        192 bytes,        192 total
- age   8:        184 bytes,        376 total
: 263K->49K(109248K), 0,0010995 secs] 239470K->239255K(502464K), 0,0011315 secs] [Times: user=0,00 sys=0,00, real=0,00 secs] 
Heap after GC invocations=158 (full 54):
 par new generation   total 109248K, used 49K [0x00000000e0000000, 0x00000000e8000000, 0x00000000e8000000)
  eden space 87424K,   0% used [0x00000000e0000000, 0x00000000e0000000, 0x00000000e5560000)
  from space 21824K,   0% used [0x00000000e5560000, 0x00000000e556c5e8, 0x00000000e6ab0000)
  to   space 21824K,   0% used [0x00000000e6ab0000, 0x00000000e6ab0000, 0x00000000e8000000)
 concurrent mark-sweep generation total 393216K, used 239206K [0x00000000e8000000, 0x0000000100000000, 0x0000000100000000)
 Metaspace       used 32423K, capacity 32872K, committed 33476K, reserved 1079296K
  class space    used 3565K, capacity 3704K, committed 3836K, reserved 1048576K
}
2017-07-31T16:00:13.346+0200: 15363,751: [Rescan (parallel) , 0,0003244 secs]2017-07-31T16:00:13.346+0200: 15363,751: [weak refs processing, 0,0002574 secs]2017-07-31T16:00:13.347+0200: 15363,751: [class unloading, 0,0054136 secs]2017-07-31T16:00:13.352+0200: 15363,757: [scrub symbol table, 0,0039301 secs]2017-07-31T16:00:13.356+0200: 15363,761: [scrub string table, 0,0005184 secs][1 CMS-remark: 239206K(393216K)] 239255K(502464K), 0,0117649 secs] [Times: user=0,01 sys=0,00, real=0,01 secs] 
2017-07-31T16:00:13.357+0200: 15363,761: Total time for which application threads were stopped: 0,0118727 seconds, Stopping threads took: 0,0000185 seconds
2017-07-31T16:00:13.357+0200: 15363,761: [CMS-concurrent-sweep-start]
2017-07-31T16:00:13.379+0200: 15363,784: [CMS-concurrent-sweep: 0,022/0,022 secs] [Times: user=0,02 sys=0,00, real=0,02 secs] 
2017-07-31T16:00:13.379+0200: 15363,784: [CMS-concurrent-reset-start]
2017-07-31T16:00:13.380+0200: 15363,784: [CMS-concurrent-reset: 0,000/0,000 secs] [Times: user=0,00 sys=0,00, real=0,00 secs] 
2017-07-31T16:00:15.379+0200: 15365,783: [GC (CMS Initial Mark) [1 CMS-initial-mark: 239206K(393216K)] 242055K(502464K), 0,0005671 secs] [Times: user=0,00 sys=0,00, real=0,00 secs] 
2017-07-31T16:00:15.379+0200: 15365,784: Total time for which application threads were stopped: 0,0006693 seconds, Stopping threads took: 0,0000297 seconds
2017-07-31T16:00:15.379+0200: 15365,784: [CMS-concurrent-mark-start]
2017-07-31T16:00:15.397+0200: 15365,801: [CMS-concurrent-mark: 0,017/0,017 secs] [Times: user=0,06 sys=0,00, real=0,02 secs] 
2017-07-31T16:00:15.397+0200: 15365,801: [CMS-concurrent-preclean-start]
2017-07-31T16:00:15.398+0200: 15365,802: [CMS-concurrent-preclean: 0,001/0,001 secs] [Times: user=0,01 sys=0,00, real=0,00 secs] 
2017-07-31T16:00:15.398+0200: 15365,802: [CMS-concurrent-abortable-preclean-start]
 CMS: abort preclean due to time 2017-07-31T16:00:21.465+0200: 15371,869: [CMS-concurrent-abortable-preclean: 0,063/6,067 secs] [Times: user=0,06 sys=0,00, real=6,07 secs] 
2017-07-31T16:00:21.465+0200: 15371,869: [GC (CMS Final Remark) [YG occupancy: 2923 K (109248 K)]{Heap before GC invocations=158 (full 55):
 par new generation   total 109248K, used 2923K [0x00000000e0000000, 0x00000000e8000000, 0x00000000e8000000)
  eden space 87424K,   3% used [0x00000000e0000000, 0x00000000e02ce618, 0x00000000e5560000)
  from space 21824K,   0% used [0x00000000e5560000, 0x00000000e556c5e8, 0x00000000e6ab0000)
  to   space 21824K,   0% used [0x00000000e6ab0000, 0x00000000e6ab0000, 0x00000000e8000000)
 concurrent mark-sweep generation total 393216K, used 239206K [0x00000000e8000000, 0x0000000100000000, 0x0000000100000000)
 Metaspace       used 32423K, capacity 32872K, committed 33476K, reserved 1079296K
  class space    used 3565K, capacity 3704K, committed 3836K, reserved 1048576K
2017-07-31T16:00:21.465+0200: 15371,869: [GC (CMS Final Remark) 2017-07-31T16:00:21.465+0200: 15371,869: [ParNew
Desired survivor size 20112992 bytes, new threshold 8 (max 8)
- age   1:        376 bytes,        376 total
: 2923K->12K(109248K), 0,0027484 secs] 242129K->239218K(502464K), 0,0027873 secs] [Times: user=0,01 sys=0,00, real=0,00 secs] 
Heap after GC invocations=159 (full 55):
 par new generation   total 109248K, used 12K [0x00000000e0000000, 0x00000000e8000000, 0x00000000e8000000)
  eden space 87424K,   0% used [0x00000000e0000000, 0x00000000e0000000, 0x00000000e5560000)
  from space 21824K,   0% used [0x00000000e6ab0000, 0x00000000e6ab3180, 0x00000000e8000000)
  to   space 21824K,   0% used [0x00000000e5560000, 0x00000000e5560000, 0x00000000e6ab0000)
 concurrent mark-sweep generation total 393216K, used 239206K [0x00000000e8000000, 0x0000000100000000, 0x0000000100000000)
 Metaspace       used 32423K, capacity 32872K, committed 33476K, reserved 1079296K
  class space    used 3565K, capacity 3704K, committed 3836K, reserved 1048576K
}
2017-07-31T16:00:21.468+0200: 15371,872: [Rescan (parallel) , 0,0005952 secs]2017-07-31T16:00:21.468+0200: 15371,873: [weak refs processing, 0,0010468 secs]2017-07-31T16:00:21.469+0200: 15371,874: [class unloading, 0,0088163 secs]2017-07-31T16:00:21.478+0200: 15371,883: [scrub symbol table, 0,0052696 secs]2017-07-31T16:00:21.483+0200: 15371,888: [scrub string table, 0,0006922 secs][1 CMS-remark: 239206K(393216K)] 239218K(502464K), 0,0194532 secs] [Times: user=0,03 sys=0,00, real=0,02 secs] 
2017-07-31T16:00:21.484+0200: 15371,889: Total time for which application threads were stopped: 0,0195641 seconds, Stopping threads took: 0,0000180 seconds
2017-07-31T16:00:21.484+0200: 15371,889: [CMS-concurrent-sweep-start]
2017-07-31T16:00:21.518+0200: 15371,922: [CMS-concurrent-sweep: 0,033/0,033 secs] [Times: user=0,03 sys=0,00, real=0,03 secs] 
2017-07-31T16:00:21.518+0200: 15371,922: [CMS-concurrent-reset-start]
2017-07-31T16:00:21.518+0200: 15371,923: [CMS-concurrent-reset: 0,001/0,001 secs] [Times: user=0,00 sys=0,00, real=0,00 secs] 
2017-07-31T16:00:23.518+0200: 15373,922: [GC (CMS Initial Mark) [1 CMS-initial-mark: 239206K(393216K)] 239218K(502464K), 0,0006970 secs] [Times: user=0,00 sys=0,00, real=0,00 secs] 
2017-07-31T16:00:23.518+0200: 15373,923: Total time for which application threads were stopped: 0,0008254 seconds, Stopping threads took: 0,0000190 seconds
2017-07-31T16:00:23.518+0200: 15373,923: [CMS-concurrent-mark-start]
2017-07-31T16:00:23.544+0200: 15373,948: [CMS-concurrent-mark: 0,025/0,025 secs] [Times: user=0,09 sys=0,00, real=0,03 secs] 
2017-07-31T16:00:23.544+0200: 15373,948: [CMS-concurrent-preclean-start]
2017-07-31T16:00:23.545+0200: 15373,949: [CMS-concurrent-preclean: 0,001/0,001 secs] [Times: user=0,00 sys=0,00, real=0,00 secs] 
2017-07-31T16:00:23.545+0200: 15373,949: [GC (CMS Final Remark) [YG occupancy: 12 K (109248 K)]{Heap before GC invocations=159 (full 56):
 par new generation   total 109248K, used 12K [0x00000000e0000000, 0x00000000e8000000, 0x00000000e8000000)
  eden space 87424K,   0% used [0x00000000e0000000, 0x00000000e0000000, 0x00000000e5560000)
  from space 21824K,   0% used [0x00000000e6ab0000, 0x00000000e6ab3180, 0x00000000e8000000)
  to   space 21824K,   0% used [0x00000000e5560000, 0x00000000e5560000, 0x00000000e6ab0000)
 concurrent mark-sweep generation total 393216K, used 239206K [0x00000000e8000000, 0x0000000100000000, 0x0000000100000000)
 Metaspace       used 32423K, capacity 32872K, committed 33476K, reserved 1079296K
  class space    used 3565K, capacity 3704K, committed 3836K, reserved 1048576K
2017-07-31T16:00:23.545+0200: 15373,949: [GC (CMS Final Remark) 2017-07-31T16:00:23.545+0200: 15373,949: [ParNew
Desired survivor size 20112992 bytes, new threshold 8 (max 8)
- age   2:        376 bytes,        376 total
: 12K->6K(109248K), 0,0016758 secs] 239218K->239212K(502464K), 0,0017142 secs] [Times: user=0,01 sys=0,00, real=0,00 secs] 
Heap after GC invocations=160 (full 56):
 par new generation   total 109248K, used 6K [0x00000000e0000000, 0x00000000e8000000, 0x00000000e8000000)
  eden space 87424K,   0% used [0x00000000e0000000, 0x00000000e0000000, 0x00000000e5560000)
  from space 21824K,   0% used [0x00000000e5560000, 0x00000000e5561830, 0x00000000e6ab0000)
  to   space 21824K,   0% used [0x00000000e6ab0000, 0x00000000e6ab0000, 0x00000000e8000000)
 concurrent mark-sweep generation total 393216K, used 239206K [0x00000000e8000000, 0x0000000100000000, 0x0000000100000000)
 Metaspace       used 32423K, capacity 32872K, committed 33476K, reserved 1079296K
  class space    used 3565K, capacity 3704K, committed 3836K, reserved 1048576K
}
2017-07-31T16:00:23.547+0200: 15373,951: [Rescan (parallel) , 0,0008959 secs]2017-07-31T16:00:23.548+0200: 15373,952: [weak refs processing, 0,0165669 secs]2017-07-31T16:00:23.564+0200: 15373,969: [class unloading, 0,0056708 secs]2017-07-31T16:00:23.570+0200: 15373,974: [scrub symbol table, 0,0032545 secs]2017-07-31T16:00:23.573+0200: 15373,978: [scrub string table, 0,0004748 secs][1 CMS-remark: 239206K(393216K)] 239212K(502464K), 0,0288108 secs] [Times: user=0,06 sys=0,00, real=0,03 secs] 
2017-07-31T16:00:23.574+0200: 15373,978: Total time for which application threads were stopped: 0,0289366 seconds, Stopping threads took: 0,0000208 seconds
2017-07-31T16:00:23.574+0200: 15373,978: [CMS-concurrent-sweep-start]
2017-07-31T16:00:23.595+0200: 15374,000: [CMS-concurrent-sweep: 0,022/0,022 secs] [Times: user=0,02 sys=0,00, real=0,02 secs] 
2017-07-31T16:00:23.595+0200: 15374,000: [CMS-concurrent-reset-start]
2017-07-31T16:00:23.596+0200: 15374,001: [CMS-concurrent-reset: 0,001/0,001 secs] [Times: user=0,00 sys=0,00, real=0,00 secs] 
2017-07-31T16:00:25.595+0200: 15376,000: [GC (CMS Initial Mark) [1 CMS-initial-mark: 239206K(393216K)] 241959K(502464K), 0,0007929 secs] [Times: user=0,00 sys=0,00, real=0,00 secs] 
2017-07-31T16:00:25.596+0200: 15376,001: Total time for which application threads were stopped: 0,0009609 seconds, Stopping threads took: 0,0000214 seconds
2017-07-31T16:00:25.596+0200: 15376,001: [CMS-concurrent-mark-start]
2017-07-31T16:00:25.618+0200: 15376,023: [CMS-concurrent-mark: 0,022/0,022 secs] [Times: user=0,08 sys=0,00, real=0,02 secs] 
2017-07-31T16:00:25.618+0200: 15376,023: [CMS-concurrent-preclean-start]
2017-07-31T16:00:25.620+0200: 15376,024: [CMS-concurrent-preclean: 0,001/0,001 secs] [Times: user=0,00 sys=0,00, real=0,00 secs] 
2017-07-31T16:00:25.620+0200: 15376,024: [CMS-concurrent-abortable-preclean-start]
 CMS: abort preclean due to time 2017-07-31T16:00:31.685+0200: 15382,089: [CMS-concurrent-abortable-preclean: 0,060/6,065 secs] [Times: user=0,07 sys=0,00, real=6,07 secs] 
2017-07-31T16:00:31.685+0200: 15382,089: [GC (CMS Final Remark) [YG occupancy: 2753 K (109248 K)]{Heap before GC invocations=160 (full 57):
 par new generation   total 109248K, used 2753K [0x00000000e0000000, 0x00000000e8000000, 0x00000000e8000000)
  eden space 87424K,   3% used [0x00000000e0000000, 0x00000000e02aee70, 0x00000000e5560000)
  from space 21824K,   0% used [0x00000000e5560000, 0x00000000e5561830, 0x00000000e6ab0000)
  to   space 21824K,   0% used [0x00000000e6ab0000, 0x00000000e6ab0000, 0x00000000e8000000)
 concurrent mark-sweep generation total 393216K, used 239206K [0x00000000e8000000, 0x0000000100000000, 0x0000000100000000)
 Metaspace       used 32423K, capacity 32872K, committed 33476K, reserved 1079296K
  class space    used 3565K, capacity 3704K, committed 3836K, reserved 1048576K
2017-07-31T16:00:31.685+0200: 15382,089: [GC (CMS Final Remark) 2017-07-31T16:00:31.685+0200: 15382,089: [ParNew
Desired survivor size 20112992 bytes, new threshold 8 (max 8)
- age   1:        192 bytes,        192 total
- age   3:        184 bytes,        376 total
: 2753K->6K(109248K), 0,0011851 secs] 241959K->239212K(502464K), 0,0012111 secs] [Times: user=0,00 sys=0,00, real=0,00 secs] 
Heap after GC invocations=161 (full 57):
 par new generation   total 109248K, used 6K [0x00000000e0000000, 0x00000000e8000000, 0x00000000e8000000)
  eden space 87424K,   0% used [0x00000000e0000000, 0x00000000e0000000, 0x00000000e5560000)
  from space 21824K,   0% used [0x00000000e6ab0000, 0x00000000e6ab1830, 0x00000000e8000000)
  to   space 21824K,   0% used [0x00000000e5560000, 0x00000000e5560000, 0x00000000e6ab0000)
 concurrent mark-sweep generation total 393216K, used 239206K [0x00000000e8000000, 0x0000000100000000, 0x0000000100000000)
 Metaspace       used 32423K, capacity 32872K, committed 33476K, reserved 1079296K
  class space    used 3565K, capacity 3704K, committed 3836K, reserved 1048576K
}
2017-07-31T16:00:31.686+0200: 15382,091: [Rescan (parallel) , 0,0003563 secs]2017-07-31T16:00:31.687+0200: 15382,091: [weak refs processing, 0,0003668 secs]2017-07-31T16:00:31.687+0200: 15382,091: [class unloading, 0,0057252 secs]2017-07-31T16:00:31.693+0200: 15382,097: [scrub symbol table, 0,0029290 secs]2017-07-31T16:00:31.696+0200: 15382,100: [scrub string table, 0,0006741 secs][1 CMS-remark: 239206K(393216K)] 239212K(502464K), 0,0115829 secs] [Times: user=0,01 sys=0,00, real=0,01 secs] 
2017-07-31T16:00:31.697+0200: 15382,101: Total time for which application threads were stopped: 0,0117027 seconds, Stopping threads took: 0,0000198 seconds
2017-07-31T16:00:31.697+0200: 15382,101: [CMS-concurrent-sweep-start]
2017-07-31T16:00:31.718+0200: 15382,122: [CMS-concurrent-sweep: 0,021/0,021 secs] [Times: user=0,02 sys=0,00, real=0,02 secs] 
2017-07-31T16:00:31.718+0200: 15382,122: [CMS-concurrent-reset-start]
2017-07-31T16:00:31.718+0200: 15382,123: [CMS-concurrent-reset: 0,000/0,000 secs] [Times: user=0,00 sys=0,00, real=0,00 secs] 
2017-07-31T16:00:33.717+0200: 15384,122: [GC (CMS Initial Mark) [1 CMS-initial-mark: 239206K(393216K)] 239212K(502464K), 0,0006066 secs] [Times: user=0,00 sys=0,00, real=0,00 secs] 
2017-07-31T16:00:33.718+0200: 15384,122: Total time for which application threads were stopped: 0,0007039 seconds, Stopping threads took: 0,0000144 seconds
2017-07-31T16:00:33.718+0200: 15384,122: [CMS-concurrent-mark-start]
2017-07-31T16:00:33.739+0200: 15384,144: [CMS-concurrent-mark: 0,021/0,021 secs] [Times: user=0,09 sys=0,00, real=0,02 secs] 
2017-07-31T16:00:33.739+0200: 15384,144: [CMS-concurrent-preclean-start]
2017-07-31T16:00:33.740+0200: 15384,145: [CMS-concurrent-preclean: 0,001/0,001 secs] [Times: user=0,00 sys=0,00, real=0,01 secs] 
2017-07-31T16:00:33.740+0200: 15384,145: [GC (CMS Final Remark) [YG occupancy: 6 K (109248 K)]{Heap before GC invocations=161 (full 58):
 par new generation   total 109248K, used 6K [0x00000000e0000000, 0x00000000e8000000, 0x00000000e8000000)
  eden space 87424K,   0% used [0x00000000e0000000, 0x00000000e0000000, 0x00000000e5560000)
  from space 21824K,   0% used [0x00000000e6ab0000, 0x00000000e6ab1830, 0x00000000e8000000)
  to   space 21824K,   0% used [0x00000000e5560000, 0x00000000e5560000, 0x00000000e6ab0000)
 concurrent mark-sweep generation total 393216K, used 239206K [0x00000000e8000000, 0x0000000100000000, 0x0000000100000000)
 Metaspace       used 32423K, capacity 32872K, committed 33476K, reserved 1079296K
  class space    used 3565K, capacity 3704K, committed 3836K, reserved 1048576K
2017-07-31T16:00:33.741+0200: 15384,145: [GC (CMS Final Remark) 2017-07-31T16:00:33.741+0200: 15384,145: [ParNew
Desired survivor size 20112992 bytes, new threshold 8 (max 8)
- age   2:        192 bytes,        192 total
- age   4:        184 bytes,        376 total
: 6K->8K(109248K), 0,0011612 secs] 239212K->239214K(502464K), 0,0012067 secs] [Times: user=0,01 sys=0,00, real=0,00 secs] 
Heap after GC invocations=162 (full 58):
 par new generation   total 109248K, used 8K [0x00000000e0000000, 0x00000000e8000000, 0x00000000e8000000)
  eden space 87424K,   0% used [0x00000000e0000000, 0x00000000e0000000, 0x00000000e5560000)
  from space 21824K,   0% used [0x00000000e5560000, 0x00000000e5562040, 0x00000000e6ab0000)
  to   space 21824K,   0% used [0x00000000e6ab0000, 0x00000000e6ab0000, 0x00000000e8000000)
 concurrent mark-sweep generation total 393216K, used 239206K [0x00000000e8000000, 0x0000000100000000, 0x0000000100000000)
 Metaspace       used 32423K, capacity 32872K, committed 33476K, reserved 1079296K
  class space    used 3565K, capacity 3704K, committed 3836K, reserved 1048576K
}
2017-07-31T16:00:33.742+0200: 15384,146: [Rescan (parallel) , 0,0004615 secs]2017-07-31T16:00:33.742+0200: 15384,147: [weak refs processing, 0,0004885 secs]2017-07-31T16:00:33.743+0200: 15384,147: [class unloading, 0,0071438 secs]2017-07-31T16:00:33.750+0200: 15384,154: [scrub symbol table, 0,0054269 secs]2017-07-31T16:00:33.755+0200: 15384,160: [scrub string table, 0,0006306 secs][1 CMS-remark: 239206K(393216K)] 239214K(502464K), 0,0156311 secs] [Times: user=0,02 sys=0,00, real=0,01 secs] 
2017-07-31T16:00:33.756+0200: 15384,161: Total time for which application threads were stopped: 0,0157479 seconds, Stopping threads took: 0,0000180 seconds
2017-07-31T16:00:33.756+0200: 15384,161: [CMS-concurrent-sweep-start]
2017-07-31T16:00:33.778+0200: 15384,182: [CMS-concurrent-sweep: 0,021/0,021 secs] [Times: user=0,02 sys=0,00, real=0,02 secs] 
2017-07-31T16:00:33.778+0200: 15384,182: [CMS-concurrent-reset-start]
2017-07-31T16:00:33.778+0200: 15384,183: [CMS-concurrent-reset: 0,001/0,001 secs] [Times: user=0,00 sys=0,00, real=0,00 secs] 
2017-07-31T16:00:35.777+0200: 15386,182: [GC (CMS Initial Mark) [1 CMS-initial-mark: 239206K(393216K)] 241961K(502464K), 0,0005498 secs] [Times: user=0,01 sys=0,00, real=0,00 secs] 
2017-07-31T16:00:35.778+0200: 15386,182: Total time for which application threads were stopped: 0,0006773 seconds, Stopping threads took: 0,0000238 seconds
2017-07-31T16:00:35.778+0200: 15386,182: [CMS-concurrent-mark-start]
2017-07-31T16:00:35.804+0200: 15386,208: [CMS-concurrent-mark: 0,026/0,026 secs] [Times: user=0,08 sys=0,00, real=0,03 secs] 
2017-07-31T16:00:35.804+0200: 15386,209: [CMS-concurrent-preclean-start]
2017-07-31T16:00:35.805+0200: 15386,210: [CMS-concurrent-preclean: 0,001/0,001 secs] [Times: user=0,00 sys=0,00, real=0,00 secs] 
2017-07-31T16:00:35.805+0200: 15386,210: [CMS-concurrent-abortable-preclean-start]
 CMS: abort preclean due to time 2017-07-31T16:00:41.874+0200: 15392,278: [CMS-concurrent-abortable-preclean: 0,064/6,068 secs] [Times: user=0,07 sys=0,01, real=6,07 secs] 
2017-07-31T16:00:41.874+0200: 15392,278: [GC (CMS Final Remark) [YG occupancy: 2755 K (109248 K)]{Heap before GC invocations=162 (full 59):
 par new generation   total 109248K, used 2755K [0x00000000e0000000, 0x00000000e8000000, 0x00000000e8000000)
  eden space 87424K,   3% used [0x00000000e0000000, 0x00000000e02aee70, 0x00000000e5560000)
  from space 21824K,   0% used [0x00000000e5560000, 0x00000000e5562040, 0x00000000e6ab0000)
  to   space 21824K,   0% used [0x00000000e6ab0000, 0x00000000e6ab0000, 0x00000000e8000000)
 concurrent mark-sweep generation total 393216K, used 239206K [0x00000000e8000000, 0x0000000100000000, 0x0000000100000000)
 Metaspace       used 32423K, capacity 32872K, committed 33476K, reserved 1079296K
  class space    used 3565K, capacity 3704K, committed 3836K, reserved 1048576K
2017-07-31T16:00:41.874+0200: 15392,278: [GC (CMS Final Remark) 2017-07-31T16:00:41.874+0200: 15392,278: [ParNew
Desired survivor size 20112992 bytes, new threshold 8 (max 8)
- age   1:        192 bytes,        192 total
- age   5:        184 bytes,        376 total
: 2755K->6K(109248K), 0,0021800 secs] 241961K->239212K(502464K), 0,0022332 secs] [Times: user=0,01 sys=0,00, real=0,00 secs] 
Heap after GC invocations=163 (full 59):
 par new generation   total 109248K, used 6K [0x00000000e0000000, 0x00000000e8000000, 0x00000000e8000000)
  eden space 87424K,   0% used [0x00000000e0000000, 0x00000000e0000000, 0x00000000e5560000)
  from space 21824K,   0% used [0x00000000e6ab0000, 0x00000000e6ab1830, 0x00000000e8000000)
  to   space 21824K,   0% used [0x00000000e5560000, 0x00000000e5560000, 0x00000000e6ab0000)
 concurrent mark-sweep generation total 393216K, used 239206K [0x00000000e8000000, 0x0000000100000000, 0x0000000100000000)
 Metaspace       used 32423K, capacity 32872K, committed 33476K, reserved 1079296K
  class space    used 3565K, capacity 3704K, committed 3836K, reserved 1048576K
}
2017-07-31T16:00:41.876+0200: 15392,281: [Rescan (parallel) , 0,0011435 secs]2017-07-31T16:00:41.877+0200: 15392,282: [weak refs processing, 0,0017402 secs]2017-07-31T16:00:41.879+0200: 15392,284: [class unloading, 0,0086796 secs]2017-07-31T16:00:41.888+0200: 15392,292: [scrub symbol table, 0,0160295 secs]2017-07-31T16:00:41.904+0200: 15392,308: [scrub string table, 0,0006982 secs][1 CMS-remark: 239206K(393216K)] 239212K(502464K), 0,0308150 secs] [Times: user=0,03 sys=0,00, real=0,03 secs] 
2017-07-31T16:00:41.905+0200: 15392,309: Total time for which application threads were stopped: 0,0309519 seconds, Stopping threads took: 0,0000340 seconds
2017-07-31T16:00:41.905+0200: 15392,309: [CMS-concurrent-sweep-start]
2017-07-31T16:00:41.939+0200: 15392,343: [CMS-concurrent-sweep: 0,034/0,034 secs] [Times: user=0,03 sys=0,00, real=0,03 secs] 
2017-07-31T16:00:41.939+0200: 15392,343: [CMS-concurrent-reset-start]
2017-07-31T16:00:41.940+0200: 15392,344: [CMS-concurrent-reset: 0,001/0,001 secs] [Times: user=0,00 sys=0,00, real=0,00 secs] 
2017-07-31T16:00:43.939+0200: 15394,343: [GC (CMS Initial Mark) [1 CMS-initial-mark: 239206K(393216K)] 240809K(502464K), 0,0005884 secs] [Times: user=0,00 sys=0,00, real=0,00 secs] 
2017-07-31T16:00:43.940+0200: 15394,344: Total time for which application threads were stopped: 0,0007300 seconds, Stopping threads took: 0,0000217 seconds
2017-07-31T16:00:43.940+0200: 15394,344: [CMS-concurrent-mark-start]
2017-07-31T16:00:43.962+0200: 15394,366: [CMS-concurrent-mark: 0,022/0,022 secs] [Times: user=0,09 sys=0,00, real=0,03 secs] 
2017-07-31T16:00:43.962+0200: 15394,366: [CMS-concurrent-preclean-start]
2017-07-31T16:00:43.963+0200: 15394,367: [CMS-concurrent-preclean: 0,001/0,001 secs] [Times: user=0,00 sys=0,00, real=0,00 secs] 
2017-07-31T16:00:43.963+0200: 15394,367: [GC (CMS Final Remark) [YG occupancy: 1603 K (109248 K)]{Heap before GC invocations=163 (full 60):
 par new generation   total 109248K, used 1603K [0x00000000e0000000, 0x00000000e8000000, 0x00000000e8000000)
  eden space 87424K,   1% used [0x00000000e0000000, 0x00000000e018f408, 0x00000000e5560000)
  from space 21824K,   0% used [0x00000000e6ab0000, 0x00000000e6ab1830, 0x00000000e8000000)
  to   space 21824K,   0% used [0x00000000e5560000, 0x00000000e5560000, 0x00000000e6ab0000)
 concurrent mark-sweep generation total 393216K, used 239206K [0x00000000e8000000, 0x0000000100000000, 0x0000000100000000)
 Metaspace       used 32423K, capacity 32872K, committed 33476K, reserved 1079296K
  class space    used 3565K, capacity 3704K, committed 3836K, reserved 1048576K
2017-07-31T16:00:43.963+0200: 15394,367: [GC (CMS Final Remark) 2017-07-31T16:00:43.963+0200: 15394,367: [ParNew
Desired survivor size 20112992 bytes, new threshold 8 (max 8)
- age   1:        216 bytes,        216 total
- age   2:        128 bytes,        344 total
- age   6:         64 bytes,        408 total
: 1603K->6K(109248K), 0,0010888 secs] 240809K->239212K(502464K), 0,0011150 secs] [Times: user=0,00 sys=0,00, real=0,00 secs] 
Heap after GC invocations=164 (full 60):
 par new generation   total 109248K, used 6K [0x00000000e0000000, 0x00000000e8000000, 0x00000000e8000000)
  eden space 87424K,   0% used [0x00000000e0000000, 0x00000000e0000000, 0x00000000e5560000)
  from space 21824K,   0% used [0x00000000e5560000, 0x00000000e5561830, 0x00000000e6ab0000)
  to   space 21824K,   0% used [0x00000000e6ab0000, 0x00000000e6ab0000, 0x00000000e8000000)
 concurrent mark-sweep generation total 393216K, used 239206K [0x00000000e8000000, 0x0000000100000000, 0x0000000100000000)
 Metaspace       used 32423K, capacity 32872K, committed 33476K, reserved 1079296K
  class space    used 3565K, capacity 3704K, committed 3836K, reserved 1048576K
}
2017-07-31T16:00:43.964+0200: 15394,369: [Rescan (parallel) , 0,0004440 secs]2017-07-31T16:00:43.965+0200: 15394,369: [weak refs processing, 0,0002604 secs]2017-07-31T16:00:43.965+0200: 15394,369: [class unloading, 0,0055154 secs]2017-07-31T16:00:43.970+0200: 15394,375: [scrub symbol table, 0,0033829 secs]2017-07-31T16:00:43.974+0200: 15394,378: [scrub string table, 0,0005130 secs][1 CMS-remark: 239206K(393216K)] 239212K(502464K), 0,0114230 secs] [Times: user=0,01 sys=0,00, real=0,01 secs] 
2017-07-31T16:00:43.974+0200: 15394,379: Total time for which application threads were stopped: 0,0115312 seconds, Stopping threads took: 0,0000195 seconds
2017-07-31T16:00:43.975+0200: 15394,379: [CMS-concurrent-sweep-start]
2017-07-31T16:00:43.998+0200: 15394,402: [CMS-concurrent-sweep: 0,023/0,023 secs] [Times: user=0,02 sys=0,00, real=0,02 secs] 
2017-07-31T16:00:43.998+0200: 15394,402: [CMS-concurrent-reset-start]
2017-07-31T16:00:43.998+0200: 15394,403: [CMS-concurrent-reset: 0,001/0,001 secs] [Times: user=0,00 sys=0,00, real=0,00 secs] 
2017-07-31T16:00:45.998+0200: 15396,402: [GC (CMS Initial Mark) [1 CMS-initial-mark: 239206K(393216K)] 240414K(502464K), 0,0006866 secs] [Times: user=0,00 sys=0,00, real=0,00 secs] 
2017-07-31T16:00:45.998+0200: 15396,403: Total time for which application threads were stopped: 0,0008045 seconds, Stopping threads took: 0,0000254 seconds
2017-07-31T16:00:45.998+0200: 15396,403: [CMS-concurrent-mark-start]
2017-07-31T16:00:46.023+0200: 15396,428: [CMS-concurrent-mark: 0,025/0,025 secs] [Times: user=0,10 sys=0,00, real=0,03 secs] 
2017-07-31T16:00:46.023+0200: 15396,428: [CMS-concurrent-preclean-start]
2017-07-31T16:00:46.024+0200: 15396,429: [CMS-concurrent-preclean: 0,001/0,001 secs] [Times: user=0,00 sys=0,00, real=0,00 secs] 
2017-07-31T16:00:46.024+0200: 15396,429: [GC (CMS Final Remark) [YG occupancy: 1208 K (109248 K)]{Heap before GC invocations=164 (full 61):
 par new generation   total 109248K, used 1208K [0x00000000e0000000, 0x00000000e8000000, 0x00000000e8000000)
  eden space 87424K,   1% used [0x00000000e0000000, 0x00000000e012ca78, 0x00000000e5560000)
  from space 21824K,   0% used [0x00000000e5560000, 0x00000000e5561830, 0x00000000e6ab0000)
  to   space 21824K,   0% used [0x00000000e6ab0000, 0x00000000e6ab0000, 0x00000000e8000000)
 concurrent mark-sweep generation total 393216K, used 239206K [0x00000000e8000000, 0x0000000100000000, 0x0000000100000000)
 Metaspace       used 32423K, capacity 32872K, committed 33476K, reserved 1079296K
  class space    used 3565K, capacity 3704K, committed 3836K, reserved 1048576K
2017-07-31T16:00:46.024+0200: 15396,429: [GC (CMS Final Remark) 2017-07-31T16:00:46.024+0200: 15396,429: [ParNew
Desired survivor size 20112992 bytes, new threshold 8 (max 8)
- age   1:         96 bytes,         96 total
- age   2:        216 bytes,        312 total
- age   3:         32 bytes,        344 total
- age   7:         64 bytes,        408 total
: 1208K->8K(109248K), 0,0009733 secs] 240414K->239214K(502464K), 0,0010003 secs] [Times: user=0,01 sys=0,00, real=0,00 secs] 
Heap after GC invocations=165 (full 61):
 par new generation   total 109248K, used 8K [0x00000000e0000000, 0x00000000e8000000, 0x00000000e8000000)
  eden space 87424K,   0% used [0x00000000e0000000, 0x00000000e0000000, 0x00000000e5560000)
  from space 21824K,   0% used [0x00000000e6ab0000, 0x00000000e6ab2040, 0x00000000e8000000)
  to   space 21824K,   0% used [0x00000000e5560000, 0x00000000e5560000, 0x00000000e6ab0000)
 concurrent mark-sweep generation total 393216K, used 239206K [0x00000000e8000000, 0x0000000100000000, 0x0000000100000000)
 Metaspace       used 32423K, capacity 32872K, committed 33476K, reserved 1079296K
  class space    used 3565K, capacity 3704K, committed 3836K, reserved 1048576K
}
2017-07-31T16:00:46.025+0200: 15396,430: [Rescan (parallel) , 0,0003408 secs]2017-07-31T16:00:46.026+0200: 15396,430: [weak refs processing, 0,0002649 secs]2017-07-31T16:00:46.026+0200: 15396,430: [class unloading, 0,0052325 secs]2017-07-31T16:00:46.031+0200: 15396,436: [scrub symbol table, 0,0028599 secs]2017-07-31T16:00:46.034+0200: 15396,439: [scrub string table, 0,0004600 secs][1 CMS-remark: 239206K(393216K)] 239214K(502464K), 0,0103293 secs] [Times: user=0,02 sys=0,00, real=0,01 secs] 
2017-07-31T16:00:46.035+0200: 15396,439: Total time for which application threads were stopped: 0,0104333 seconds, Stopping threads took: 0,0000268 seconds
2017-07-31T16:00:46.035+0200: 15396,439: [CMS-concurrent-sweep-start]
2017-07-31T16:00:46.055+0200: 15396,459: [CMS-concurrent-sweep: 0,020/0,020 secs] [Times: user=0,02 sys=0,00, real=0,02 secs] 
2017-07-31T16:00:46.055+0200: 15396,459: [CMS-concurrent-reset-start]
2017-07-31T16:00:46.055+0200: 15396,460: [CMS-concurrent-reset: 0,000/0,000 secs] [Times: user=0,00 sys=0,00, real=0,00 secs] 
2017-07-31T16:00:48.054+0200: 15398,459: [GC (CMS Initial Mark) [1 CMS-initial-mark: 239206K(393216K)] 239214K(502464K), 0,0006105 secs] [Times: user=0,00 sys=0,00, real=0,00 secs] 
2017-07-31T16:00:48.055+0200: 15398,460: Total time for which application threads were stopped: 0,0007483 seconds, Stopping threads took: 0,0000209 seconds
2017-07-31T16:00:48.055+0200: 15398,460: [CMS-concurrent-mark-start]
2017-07-31T16:00:48.080+0200: 15398,484: [CMS-concurrent-mark: 0,025/0,025 secs] [Times: user=0,09 sys=0,00, real=0,03 secs] 
2017-07-31T16:00:48.080+0200: 15398,485: [CMS-concurrent-preclean-start]
2017-07-31T16:00:48.081+0200: 15398,486: [CMS-concurrent-preclean: 0,001/0,001 secs] [Times: user=0,00 sys=0,00, real=0,00 secs] 
2017-07-31T16:00:48.082+0200: 15398,486: [GC (CMS Final Remark) [YG occupancy: 8 K (109248 K)]{Heap before GC invocations=165 (full 62):
 par new generation   total 109248K, used 8K [0x00000000e0000000, 0x00000000e8000000, 0x00000000e8000000)
  eden space 87424K,   0% used [0x00000000e0000000, 0x00000000e0000000, 0x00000000e5560000)
  from space 21824K,   0% used [0x00000000e6ab0000, 0x00000000e6ab2040, 0x00000000e8000000)
  to   space 21824K,   0% used [0x00000000e5560000, 0x00000000e5560000, 0x00000000e6ab0000)
 concurrent mark-sweep generation total 393216K, used 239206K [0x00000000e8000000, 0x0000000100000000, 0x0000000100000000)
 Metaspace       used 32423K, capacity 32872K, committed 33476K, reserved 1079296K
  class space    used 3565K, capacity 3704K, committed 3836K, reserved 1048576K
2017-07-31T16:00:48.082+0200: 15398,486: [GC (CMS Final Remark) 2017-07-31T16:00:48.082+0200: 15398,486: [ParNew
Desired survivor size 20112992 bytes, new threshold 8 (max 8)
- age   2:         96 bytes,         96 total
- age   3:        216 bytes,        312 total
- age   4:         32 bytes,        344 total
- age   8:         64 bytes,        408 total
: 8K->4K(109248K), 0,0025882 secs] 239214K->239210K(502464K), 0,0026418 secs] [Times: user=0,00 sys=0,01, real=0,00 secs] 
Heap after GC invocations=166 (full 62):
 par new generation   total 109248K, used 4K [0x00000000e0000000, 0x00000000e8000000, 0x00000000e8000000)
  eden space 87424K,   0% used [0x00000000e0000000, 0x00000000e0000000, 0x00000000e5560000)
  from space 21824K,   0% used [0x00000000e5560000, 0x00000000e5561020, 0x00000000e6ab0000)
  to   space 21824K,   0% used [0x00000000e6ab0000, 0x00000000e6ab0000, 0x00000000e8000000)
 concurrent mark-sweep generation total 393216K, used 239206K [0x00000000e8000000, 0x0000000100000000, 0x0000000100000000)
 Metaspace       used 32423K, capacity 32872K, committed 33476K, reserved 1079296K
  class space    used 3565K, capacity 3704K, committed 3836K, reserved 1048576K
}
2017-07-31T16:00:48.084+0200: 15398,489: [Rescan (parallel) , 0,0007981 secs]2017-07-31T16:00:48.085+0200: 15398,490: [weak refs processing, 0,0026461 secs]2017-07-31T16:00:48.088+0200: 15398,492: [class unloading, 0,0078318 secs]2017-07-31T16:00:48.096+0200: 15398,500: [scrub symbol table, 0,0056339 secs]2017-07-31T16:00:48.101+0200: 15398,506: [scrub string table, 0,0006725 secs][1 CMS-remark: 239206K(393216K)] 239210K(502464K), 0,0205885 secs] [Times: user=0,02 sys=0,01, real=0,02 secs] 
2017-07-31T16:00:48.102+0200: 15398,507: Total time for which application threads were stopped: 0,0207164 seconds, Stopping threads took: 0,0000206 seconds
2017-07-31T16:00:48.102+0200: 15398,507: [CMS-concurrent-sweep-start]
2017-07-31T16:00:48.129+0200: 15398,534: [CMS-concurrent-sweep: 0,027/0,027 secs] [Times: user=0,03 sys=0,00, real=0,02 secs] 
2017-07-31T16:00:48.129+0200: 15398,534: [CMS-concurrent-reset-start]
2017-07-31T16:00:48.130+0200: 15398,534: [CMS-concurrent-reset: 0,001/0,001 secs] [Times: user=0,00 sys=0,00, real=0,00 secs] 
2017-07-31T16:00:50.129+0200: 15400,534: [GC (CMS Initial Mark) [1 CMS-initial-mark: 239206K(393216K)] 241957K(502464K), 0,0006185 secs] [Times: user=0,00 sys=0,00, real=0,00 secs] 
2017-07-31T16:00:50.130+0200: 15400,534: Total time for which application threads were stopped: 0,0007241 seconds, Stopping threads took: 0,0000183 seconds
2017-07-31T16:00:50.130+0200: 15400,534: [CMS-concurrent-mark-start]
2017-07-31T16:00:50.149+0200: 15400,554: [CMS-concurrent-mark: 0,019/0,019 secs] [Times: user=0,08 sys=0,00, real=0,02 secs] 
2017-07-31T16:00:50.149+0200: 15400,554: [CMS-concurrent-preclean-start]
2017-07-31T16:00:50.150+0200: 15400,555: [CMS-concurrent-preclean: 0,001/0,001 secs] [Times: user=0,00 sys=0,00, real=0,00 secs] 
2017-07-31T16:00:50.150+0200: 15400,555: [CMS-concurrent-abortable-preclean-start]
 CMS: abort preclean due to time 2017-07-31T16:00:56.224+0200: 15406,628: [CMS-concurrent-abortable-preclean: 0,070/6,074 secs] [Times: user=0,07 sys=0,00, real=6,08 secs] 
2017-07-31T16:00:56.224+0200: 15406,629: [GC (CMS Final Remark) [YG occupancy: 2751 K (109248 K)]{Heap before GC invocations=166 (full 63):
 par new generation   total 109248K, used 2751K [0x00000000e0000000, 0x00000000e8000000, 0x00000000e8000000)
  eden space 87424K,   3% used [0x00000000e0000000, 0x00000000e02aee70, 0x00000000e5560000)
  from space 21824K,   0% used [0x00000000e5560000, 0x00000000e5561020, 0x00000000e6ab0000)
  to   space 21824K,   0% used [0x00000000e6ab0000, 0x00000000e6ab0000, 0x00000000e8000000)
 concurrent mark-sweep generation total 393216K, used 239206K [0x00000000e8000000, 0x0000000100000000, 0x0000000100000000)
 Metaspace       used 32423K, capacity 32872K, committed 33476K, reserved 1079296K
  class space    used 3565K, capacity 3704K, committed 3836K, reserved 1048576K
2017-07-31T16:00:56.224+0200: 15406,629: [GC (CMS Final Remark) 2017-07-31T16:00:56.224+0200: 15406,629: [ParNew
Desired survivor size 20112992 bytes, new threshold 8 (max 8)
- age   1:        192 bytes,        192 total
- age   4:        152 bytes,        344 total
: 2751K->8K(109248K), 0,0011535 secs] 241957K->239214K(502464K), 0,0011977 secs] [Times: user=0,00 sys=0,00, real=0,00 secs] 
Heap after GC invocations=167 (full 63):
 par new generation   total 109248K, used 8K [0x00000000e0000000, 0x00000000e8000000, 0x00000000e8000000)
  eden space 87424K,   0% used [0x00000000e0000000, 0x00000000e0000000, 0x00000000e5560000)
  from space 21824K,   0% used [0x00000000e6ab0000, 0x00000000e6ab2040, 0x00000000e8000000)
  to   space 21824K,   0% used [0x00000000e5560000, 0x00000000e5560000, 0x00000000e6ab0000)
 concurrent mark-sweep generation total 393216K, used 239206K [0x00000000e8000000, 0x0000000100000000, 0x0000000100000000)
 Metaspace       used 32423K, capacity 32872K, committed 33476K, reserved 1079296K
  class space    used 3565K, capacity 3704K, committed 3836K, reserved 1048576K
}
2017-07-31T16:00:56.225+0200: 15406,630: [Rescan (parallel) , 0,0004055 secs]2017-07-31T16:00:56.226+0200: 15406,630: [weak refs processing, 0,0002664 secs]2017-07-31T16:00:56.226+0200: 15406,630: [class unloading, 0,0050993 secs]2017-07-31T16:00:56.231+0200: 15406,636: [scrub symbol table, 0,0028047 secs]2017-07-31T16:00:56.234+0200: 15406,638: [scrub string table, 0,0004617 secs][1 CMS-remark: 239206K(393216K)] 239214K(502464K), 0,0104422 secs] [Times: user=0,01 sys=0,00, real=0,01 secs] 
2017-07-31T16:00:56.235+0200: 15406,639: Total time for which application threads were stopped: 0,0105565 seconds, Stopping threads took: 0,0000272 seconds
2017-07-31T16:00:56.235+0200: 15406,639: [CMS-concurrent-sweep-start]
2017-07-31T16:00:56.257+0200: 15406,661: [CMS-concurrent-sweep: 0,022/0,022 secs] [Times: user=0,02 sys=0,00, real=0,02 secs] 
2017-07-31T16:00:56.257+0200: 15406,661: [CMS-concurrent-reset-start]
2017-07-31T16:00:56.257+0200: 15406,662: [CMS-concurrent-reset: 0,001/0,001 secs] [Times: user=0,01 sys=0,00, real=0,00 secs] 
2017-07-31T16:00:58.257+0200: 15408,661: [GC (CMS Initial Mark) [1 CMS-initial-mark: 239206K(393216K)] 239214K(502464K), 0,0005492 secs] [Times: user=0,00 sys=0,00, real=0,00 secs] 
2017-07-31T16:00:58.257+0200: 15408,662: Total time for which application threads were stopped: 0,0006616 seconds, Stopping threads took: 0,0000196 seconds
2017-07-31T16:00:58.257+0200: 15408,662: [CMS-concurrent-mark-start]
2017-07-31T16:00:58.283+0200: 15408,688: [CMS-concurrent-mark: 0,026/0,026 secs] [Times: user=0,08 sys=0,00, real=0,03 secs] 
2017-07-31T16:00:58.283+0200: 15408,688: [CMS-concurrent-preclean-start]
2017-07-31T16:00:58.284+0200: 15408,689: [CMS-concurrent-preclean: 0,001/0,001 secs] [Times: user=0,00 sys=0,00, real=0,00 secs] 
2017-07-31T16:00:58.284+0200: 15408,689: [GC (CMS Final Remark) [YG occupancy: 8 K (109248 K)]{Heap before GC invocations=167 (full 64):
 par new generation   total 109248K, used 8K [0x00000000e0000000, 0x00000000e8000000, 0x00000000e8000000)
  eden space 87424K,   0% used [0x00000000e0000000, 0x00000000e0000000, 0x00000000e5560000)
  from space 21824K,   0% used [0x00000000e6ab0000, 0x00000000e6ab2040, 0x00000000e8000000)
  to   space 21824K,   0% used [0x00000000e5560000, 0x00000000e5560000, 0x00000000e6ab0000)
 concurrent mark-sweep generation total 393216K, used 239206K [0x00000000e8000000, 0x0000000100000000, 0x0000000100000000)
 Metaspace       used 32423K, capacity 32872K, committed 33476K, reserved 1079296K
  class space    used 3565K, capacity 3704K, committed 3836K, reserved 1048576K
2017-07-31T16:00:58.284+0200: 15408,689: [GC (CMS Final Remark) 2017-07-31T16:00:58.284+0200: 15408,689: [ParNew
Desired survivor size 20112992 bytes, new threshold 8 (max 8)
- age   2:        192 bytes,        192 total
- age   5:        152 bytes,        344 total
: 8K->8K(109248K), 0,0013278 secs] 239214K->239214K(502464K), 0,0013911 secs] [Times: user=0,01 sys=0,00, real=0,00 secs] 
Heap after GC invocations=168 (full 64):
 par new generation   total 109248K, used 8K [0x00000000e0000000, 0x00000000e8000000, 0x00000000e8000000)
  eden space 87424K,   0% used [0x00000000e0000000, 0x00000000e0000000, 0x00000000e5560000)
  from space 21824K,   0% used [0x00000000e5560000, 0x00000000e5562040, 0x00000000e6ab0000)
  to   space 21824K,   0% used [0x00000000e6ab0000, 0x00000000e6ab0000, 0x00000000e8000000)
 concurrent mark-sweep generation total 393216K, used 239206K [0x00000000e8000000, 0x0000000100000000, 0x0000000100000000)
 Metaspace       used 32423K, capacity 32872K, committed 33476K, reserved 1079296K
  class space    used 3565K, capacity 3704K, committed 3836K, reserved 1048576K
}
2017-07-31T16:00:58.286+0200: 15408,690: [Rescan (parallel) , 0,0004786 secs]2017-07-31T16:00:58.286+0200: 15408,691: [weak refs processing, 0,0021368 secs]2017-07-31T16:00:58.288+0200: 15408,693: [class unloading, 0,0076118 secs]2017-07-31T16:00:58.296+0200: 15408,700: [scrub symbol table, 0,0047924 secs]2017-07-31T16:00:58.301+0200: 15408,705: [scrub string table, 0,0006399 secs][1 CMS-remark: 239206K(393216K)] 239214K(502464K), 0,0173444 secs] [Times: user=0,03 sys=0,00, real=0,02 secs] 
2017-07-31T16:00:58.302+0200: 15408,706: Total time for which application threads were stopped: 0,0174713 seconds, Stopping threads took: 0,0000199 seconds
2017-07-31T16:00:58.302+0200: 15408,706: [CMS-concurrent-sweep-start]
2017-07-31T16:00:58.333+0200: 15408,737: [CMS-concurrent-sweep: 0,031/0,031 secs] [Times: user=0,03 sys=0,00, real=0,03 secs] 
2017-07-31T16:00:58.333+0200: 15408,737: [CMS-concurrent-reset-start]
2017-07-31T16:00:58.334+0200: 15408,738: [CMS-concurrent-reset: 0,001/0,001 secs] [Times: user=0,00 sys=0,00, real=0,00 secs] 
2017-07-31T16:01:00.333+0200: 15410,738: [GC (CMS Initial Mark) [1 CMS-initial-mark: 239206K(393216K)] 241961K(502464K), 0,0006745 secs] [Times: user=0,00 sys=0,00, real=0,00 secs] 
2017-07-31T16:01:00.334+0200: 15410,738: Total time for which application threads were stopped: 0,0007736 seconds, Stopping threads took: 0,0000172 seconds
2017-07-31T16:01:00.334+0200: 15410,738: [CMS-concurrent-mark-start]
2017-07-31T16:01:00.363+0200: 15410,767: [CMS-concurrent-mark: 0,029/0,029 secs] [Times: user=0,11 sys=0,00, real=0,03 secs] 
2017-07-31T16:01:00.363+0200: 15410,768: [CMS-concurrent-preclean-start]
2017-07-31T16:01:00.364+0200: 15410,768: [CMS-concurrent-preclean: 0,001/0,001 secs] [Times: user=0,00 sys=0,00, real=0,00 secs] 
2017-07-31T16:01:00.364+0200: 15410,768: [CMS-concurrent-abortable-preclean-start]
 CMS: abort preclean due to time 2017-07-31T16:01:06.441+0200: 15416,846: [CMS-concurrent-abortable-preclean: 0,073/6,077 secs] [Times: user=0,07 sys=0,01, real=6,08 secs] 
2017-07-31T16:01:06.441+0200: 15416,846: [GC (CMS Final Remark) [YG occupancy: 2755 K (109248 K)]{Heap before GC invocations=168 (full 65):
 par new generation   total 109248K, used 2755K [0x00000000e0000000, 0x00000000e8000000, 0x00000000e8000000)
  eden space 87424K,   3% used [0x00000000e0000000, 0x00000000e02aee70, 0x00000000e5560000)
  from space 21824K,   0% used [0x00000000e5560000, 0x00000000e5562040, 0x00000000e6ab0000)
  to   space 21824K,   0% used [0x00000000e6ab0000, 0x00000000e6ab0000, 0x00000000e8000000)
 concurrent mark-sweep generation total 393216K, used 239206K [0x00000000e8000000, 0x0000000100000000, 0x0000000100000000)
 Metaspace       used 32423K, capacity 32872K, committed 33476K, reserved 1079296K
  class space    used 3565K, capacity 3704K, committed 3836K, reserved 1048576K
2017-07-31T16:01:06.441+0200: 15416,846: [GC (CMS Final Remark) 2017-07-31T16:01:06.441+0200: 15416,846: [ParNew
Desired survivor size 20112992 bytes, new threshold 8 (max 8)
- age   1:        192 bytes,        192 total
- age   6:        152 bytes,        344 total
: 2755K->6K(109248K), 0,0012740 secs] 241961K->239212K(502464K), 0,0013188 secs] [Times: user=0,00 sys=0,00, real=0,00 secs] 
Heap after GC invocations=169 (full 65):
 par new generation   total 109248K, used 6K [0x00000000e0000000, 0x00000000e8000000, 0x00000000e8000000)
  eden space 87424K,   0% used [0x00000000e0000000, 0x00000000e0000000, 0x00000000e5560000)
  from space 21824K,   0% used [0x00000000e6ab0000, 0x00000000e6ab1830, 0x00000000e8000000)
  to   space 21824K,   0% used [0x00000000e5560000, 0x00000000e5560000, 0x00000000e6ab0000)
 concurrent mark-sweep generation total 393216K, used 239206K [0x00000000e8000000, 0x0000000100000000, 0x0000000100000000)
 Metaspace       used 32423K, capacity 32872K, committed 33476K, reserved 1079296K
  class space    used 3565K, capacity 3704K, committed 3836K, reserved 1048576K
}
2017-07-31T16:01:06.443+0200: 15416,847: [Rescan (parallel) , 0,0003814 secs]2017-07-31T16:01:06.443+0200: 15416,848: [weak refs processing, 0,0002773 secs]2017-07-31T16:01:06.443+0200: 15416,848: [class unloading, 0,0063664 secs]2017-07-31T16:01:06.450+0200: 15416,854: [scrub symbol table, 0,0043370 secs]2017-07-31T16:01:06.454+0200: 15416,859: [scrub string table, 0,0006295 secs][1 CMS-remark: 239206K(393216K)] 239212K(502464K), 0,0135309 secs] [Times: user=0,01 sys=0,00, real=0,01 secs] 
2017-07-31T16:01:06.455+0200: 15416,859: Total time for which application threads were stopped: 0,0136264 seconds, Stopping threads took: 0,0000166 seconds
2017-07-31T16:01:06.455+0200: 15416,860: [CMS-concurrent-sweep-start]
2017-07-31T16:01:06.476+0200: 15416,880: [CMS-concurrent-sweep: 0,021/0,021 secs] [Times: user=0,03 sys=0,00, real=0,02 secs] 
2017-07-31T16:01:06.476+0200: 15416,880: [CMS-concurrent-reset-start]
2017-07-31T16:01:06.476+0200: 15416,881: [CMS-concurrent-reset: 0,001/0,001 secs] [Times: user=0,00 sys=0,00, real=0,00 secs] 
2017-07-31T16:01:08.476+0200: 15418,880: [GC (CMS Initial Mark) [1 CMS-initial-mark: 239206K(393216K)] 239212K(502464K), 0,0009754 secs] [Times: user=0,00 sys=0,01, real=0,00 secs] 
2017-07-31T16:01:08.477+0200: 15418,881: Total time for which application threads were stopped: 0,0011326 seconds, Stopping threads took: 0,0000259 seconds
2017-07-31T16:01:08.477+0200: 15418,881: [CMS-concurrent-mark-start]
2017-07-31T16:01:08.504+0200: 15418,908: [CMS-concurrent-mark: 0,027/0,027 secs] [Times: user=0,10 sys=0,00, real=0,03 secs] 
2017-07-31T16:01:08.504+0200: 15418,908: [CMS-concurrent-preclean-start]
2017-07-31T16:01:08.505+0200: 15418,910: [CMS-concurrent-preclean: 0,001/0,001 secs] [Times: user=0,00 sys=0,00, real=0,00 secs] 
2017-07-31T16:01:08.505+0200: 15418,910: [GC (CMS Final Remark) [YG occupancy: 6 K (109248 K)]{Heap before GC invocations=169 (full 66):
 par new generation   total 109248K, used 6K [0x00000000e0000000, 0x00000000e8000000, 0x00000000e8000000)
  eden space 87424K,   0% used [0x00000000e0000000, 0x00000000e0000000, 0x00000000e5560000)
  from space 21824K,   0% used [0x00000000e6ab0000, 0x00000000e6ab1830, 0x00000000e8000000)
  to   space 21824K,   0% used [0x00000000e5560000, 0x00000000e5560000, 0x00000000e6ab0000)
 concurrent mark-sweep generation total 393216K, used 239206K [0x00000000e8000000, 0x0000000100000000, 0x0000000100000000)
 Metaspace       used 32423K, capacity 32872K, committed 33476K, reserved 1079296K
  class space    used 3565K, capacity 3704K, committed 3836K, reserved 1048576K
2017-07-31T16:01:08.506+0200: 15418,910: [GC (CMS Final Remark) 2017-07-31T16:01:08.506+0200: 15418,910: [ParNew
Desired survivor size 20112992 bytes, new threshold 8 (max 8)
- age   2:        192 bytes,        192 total
- age   7:        152 bytes,        344 total
: 6K->6K(109248K), 0,0019913 secs] 239212K->239212K(502464K), 0,0020469 secs] [Times: user=0,00 sys=0,00, real=0,00 secs] 
Heap after GC invocations=170 (full 66):
 par new generation   total 109248K, used 6K [0x00000000e0000000, 0x00000000e8000000, 0x00000000e8000000)
  eden space 87424K,   0% used [0x00000000e0000000, 0x00000000e0000000, 0x00000000e5560000)
  from space 21824K,   0% used [0x00000000e5560000, 0x00000000e5561830, 0x00000000e6ab0000)
  to   space 21824K,   0% used [0x00000000e6ab0000, 0x00000000e6ab0000, 0x00000000e8000000)
 concurrent mark-sweep generation total 393216K, used 239206K [0x00000000e8000000, 0x0000000100000000, 0x0000000100000000)
 Metaspace       used 32423K, capacity 32872K, committed 33476K, reserved 1079296K
  class space    used 3565K, capacity 3704K, committed 3836K, reserved 1048576K
}
2017-07-31T16:01:08.508+0200: 15418,912: [Rescan (parallel) , 0,0007111 secs]2017-07-31T16:01:08.508+0200: 15418,913: [weak refs processing, 0,0004221 secs]2017-07-31T16:01:08.509+0200: 15418,913: [class unloading, 0,0069891 secs]2017-07-31T16:01:08.516+0200: 15418,920: [scrub symbol table, 0,0032841 secs]2017-07-31T16:01:08.519+0200: 15418,924: [scrub string table, 0,0005932 secs][1 CMS-remark: 239206K(393216K)] 239212K(502464K), 0,0143034 secs] [Times: user=0,02 sys=0,00, real=0,01 secs] 
2017-07-31T16:01:08.520+0200: 15418,924: Total time for which application threads were stopped: 0,0144283 seconds, Stopping threads took: 0,0000237 seconds
2017-07-31T16:01:08.520+0200: 15418,924: [CMS-concurrent-sweep-start]
2017-07-31T16:01:08.547+0200: 15418,952: [CMS-concurrent-sweep: 0,028/0,028 secs] [Times: user=0,03 sys=0,00, real=0,03 secs] 
2017-07-31T16:01:08.547+0200: 15418,952: [CMS-concurrent-reset-start]
2017-07-31T16:01:08.548+0200: 15418,953: [CMS-concurrent-reset: 0,001/0,001 secs] [Times: user=0,00 sys=0,00, real=0,00 secs] 
2017-07-31T16:01:10.547+0200: 15420,952: [GC (CMS Initial Mark) [1 CMS-initial-mark: 239206K(393216K)] 241959K(502464K), 0,0008561 secs] [Times: user=0,00 sys=0,00, real=0,00 secs] 
2017-07-31T16:01:10.548+0200: 15420,953: Total time for which application threads were stopped: 0,0010369 seconds, Stopping threads took: 0,0000520 seconds
2017-07-31T16:01:10.548+0200: 15420,953: [CMS-concurrent-mark-start]
2017-07-31T16:01:10.575+0200: 15420,979: [CMS-concurrent-mark: 0,026/0,026 secs] [Times: user=0,11 sys=0,00, real=0,03 secs] 
2017-07-31T16:01:10.575+0200: 15420,979: [CMS-concurrent-preclean-start]
2017-07-31T16:01:10.576+0200: 15420,981: [CMS-concurrent-preclean: 0,001/0,001 secs] [Times: user=0,00 sys=0,00, real=0,00 secs] 
2017-07-31T16:01:10.576+0200: 15420,981: [CMS-concurrent-abortable-preclean-start]
 CMS: abort preclean due to time 2017-07-31T16:01:16.669+0200: 15427,073: [CMS-concurrent-abortable-preclean: 0,087/6,092 secs] [Times: user=0,08 sys=0,01, real=6,09 secs] 
2017-07-31T16:01:16.669+0200: 15427,073: [GC (CMS Final Remark) [YG occupancy: 2805 K (109248 K)]{Heap before GC invocations=170 (full 67):
 par new generation   total 109248K, used 2805K [0x00000000e0000000, 0x00000000e8000000, 0x00000000e8000000)
  eden space 87424K,   3% used [0x00000000e0000000, 0x00000000e02bbe80, 0x00000000e5560000)
  from space 21824K,   0% used [0x00000000e5560000, 0x00000000e5561830, 0x00000000e6ab0000)
  to   space 21824K,   0% used [0x00000000e6ab0000, 0x00000000e6ab0000, 0x00000000e8000000)
 concurrent mark-sweep generation total 393216K, used 239206K [0x00000000e8000000, 0x0000000100000000, 0x0000000100000000)
 Metaspace       used 32423K, capacity 32872K, committed 33476K, reserved 1079296K
  class space    used 3565K, capacity 3704K, committed 3836K, reserved 1048576K
2017-07-31T16:01:16.669+0200: 15427,073: [GC (CMS Final Remark) 2017-07-31T16:01:16.669+0200: 15427,073: [ParNew
Desired survivor size 20112992 bytes, new threshold 8 (max 8)
- age   1:        344 bytes,        344 total
- age   8:         32 bytes,        376 total
: 2805K->8K(109248K), 0,0021867 secs] 242011K->239214K(502464K), 0,0022373 secs] [Times: user=0,01 sys=0,00, real=0,00 secs] 
Heap after GC invocations=171 (full 67):
 par new generation   total 109248K, used 8K [0x00000000e0000000, 0x00000000e8000000, 0x00000000e8000000)
  eden space 87424K,   0% used [0x00000000e0000000, 0x00000000e0000000, 0x00000000e5560000)
  from space 21824K,   0% used [0x00000000e6ab0000, 0x00000000e6ab2040, 0x00000000e8000000)
  to   space 21824K,   0% used [0x00000000e5560000, 0x00000000e5560000, 0x00000000e6ab0000)
 concurrent mark-sweep generation total 393216K, used 239206K [0x00000000e8000000, 0x0000000100000000, 0x0000000100000000)
 Metaspace       used 32423K, capacity 32872K, committed 33476K, reserved 1079296K
  class space    used 3565K, capacity 3704K, committed 3836K, reserved 1048576K
}
2017-07-31T16:01:16.671+0200: 15427,076: [Rescan (parallel) , 0,0007064 secs]2017-07-31T16:01:16.672+0200: 15427,076: [weak refs processing, 0,0006230 secs]2017-07-31T16:01:16.673+0200: 15427,077: [class unloading, 0,0077717 secs]2017-07-31T16:01:16.680+0200: 15427,085: [scrub symbol table, 0,0040802 secs]2017-07-31T16:01:16.684+0200: 15427,089: [scrub string table, 0,0006725 secs][1 CMS-remark: 239206K(393216K)] 239214K(502464K), 0,0163659 secs] [Times: user=0,02 sys=0,00, real=0,02 secs] 
2017-07-31T16:01:16.685+0200: 15427,090: Total time for which application threads were stopped: 0,0164960 seconds, Stopping threads took: 0,0000223 seconds
2017-07-31T16:01:16.685+0200: 15427,090: [CMS-concurrent-sweep-start]
2017-07-31T16:01:16.715+0200: 15427,119: [CMS-concurrent-sweep: 0,029/0,029 secs] [Times: user=0,04 sys=0,00, real=0,03 secs] 
2017-07-31T16:01:16.715+0200: 15427,119: [CMS-concurrent-reset-start]
2017-07-31T16:01:16.715+0200: 15427,120: [CMS-concurrent-reset: 0,001/0,001 secs] [Times: user=0,00 sys=0,00, real=0,00 secs] 
2017-07-31T16:01:18.715+0200: 15429,119: [GC (CMS Initial Mark) [1 CMS-initial-mark: 239206K(393216K)] 239214K(502464K), 0,0010222 secs] [Times: user=0,00 sys=0,00, real=0,00 secs] 
2017-07-31T16:01:18.716+0200: 15429,120: Total time for which application threads were stopped: 0,0011752 seconds, Stopping threads took: 0,0000222 seconds
2017-07-31T16:01:18.716+0200: 15429,120: [CMS-concurrent-mark-start]
2017-07-31T16:01:18.749+0200: 15429,154: [CMS-concurrent-mark: 0,033/0,033 secs] [Times: user=0,13 sys=0,00, real=0,03 secs] 
2017-07-31T16:01:18.749+0200: 15429,154: [CMS-concurrent-preclean-start]
2017-07-31T16:01:18.750+0200: 15429,155: [CMS-concurrent-preclean: 0,001/0,001 secs] [Times: user=0,00 sys=0,00, real=0,00 secs] 
2017-07-31T16:01:18.751+0200: 15429,155: [GC (CMS Final Remark) [YG occupancy: 8 K (109248 K)]{Heap before GC invocations=171 (full 68):
 par new generation   total 109248K, used 8K [0x00000000e0000000, 0x00000000e8000000, 0x00000000e8000000)
  eden space 87424K,   0% used [0x00000000e0000000, 0x00000000e0000000, 0x00000000e5560000)
  from space 21824K,   0% used [0x00000000e6ab0000, 0x00000000e6ab2040, 0x00000000e8000000)
  to   space 21824K,   0% used [0x00000000e5560000, 0x00000000e5560000, 0x00000000e6ab0000)
 concurrent mark-sweep generation total 393216K, used 239206K [0x00000000e8000000, 0x0000000100000000, 0x0000000100000000)
 Metaspace       used 32423K, capacity 32872K, committed 33476K, reserved 1079296K
  class space    used 3565K, capacity 3704K, committed 3836K, reserved 1048576K
2017-07-31T16:01:18.751+0200: 15429,155: [GC (CMS Final Remark) 2017-07-31T16:01:18.751+0200: 15429,155: [ParNew
Desired survivor size 20112992 bytes, new threshold 8 (max 8)
- age   2:        344 bytes,        344 total
: 8K->8K(109248K), 0,0028422 secs] 239214K->239214K(502464K), 0,0028886 secs] [Times: user=0,01 sys=0,00, real=0,01 secs] 
Heap after GC invocations=172 (full 68):
 par new generation   total 109248K, used 8K [0x00000000e0000000, 0x00000000e8000000, 0x00000000e8000000)
  eden space 87424K,   0% used [0x00000000e0000000, 0x00000000e0000000, 0x00000000e5560000)
  from space 21824K,   0% used [0x00000000e5560000, 0x00000000e5562040, 0x00000000e6ab0000)
  to   space 21824K,   0% used [0x00000000e6ab0000, 0x00000000e6ab0000, 0x00000000e8000000)
 concurrent mark-sweep generation total 393216K, used 239206K [0x00000000e8000000, 0x0000000100000000, 0x0000000100000000)
 Metaspace       used 32423K, capacity 32872K, committed 33476K, reserved 1079296K
  class space    used 3565K, capacity 3704K, committed 3836K, reserved 1048576K
}
2017-07-31T16:01:18.754+0200: 15429,158: [Rescan (parallel) , 0,0004998 secs]2017-07-31T16:01:18.754+0200: 15429,159: [weak refs processing, 0,0003950 secs]2017-07-31T16:01:18.754+0200: 15429,159: [class unloading, 0,0065301 secs]2017-07-31T16:01:18.761+0200: 15429,165: [scrub symbol table, 0,0032299 secs]2017-07-31T16:01:18.764+0200: 15429,169: [scrub string table, 0,0005925 secs][1 CMS-remark: 239206K(393216K)] 239214K(502464K), 0,0143866 secs] [Times: user=0,02 sys=0,00, real=0,02 secs] 
2017-07-31T16:01:18.765+0200: 15429,169: Total time for which application threads were stopped: 0,0145388 seconds, Stopping threads took: 0,0000308 seconds
2017-07-31T16:01:18.765+0200: 15429,169: [CMS-concurrent-sweep-start]
2017-07-31T16:01:18.792+0200: 15429,196: [CMS-concurrent-sweep: 0,027/0,027 secs] [Times: user=0,03 sys=0,00, real=0,02 secs] 
2017-07-31T16:01:18.792+0200: 15429,196: [CMS-concurrent-reset-start]
2017-07-31T16:01:18.792+0200: 15429,197: [CMS-concurrent-reset: 0,001/0,001 secs] [Times: user=0,00 sys=0,00, real=0,01 secs] 
2017-07-31T16:01:20.792+0200: 15431,196: [GC (CMS Initial Mark) [1 CMS-initial-mark: 239206K(393216K)] 241961K(502464K), 0,0008973 secs] [Times: user=0,00 sys=0,00, real=0,01 secs] 
2017-07-31T16:01:20.792+0200: 15431,197: Total time for which application threads were stopped: 0,0010574 seconds, Stopping threads took: 0,0000325 seconds
2017-07-31T16:01:20.792+0200: 15431,197: [CMS-concurrent-mark-start]
2017-07-31T16:01:20.823+0200: 15431,227: [CMS-concurrent-mark: 0,030/0,030 secs] [Times: user=0,12 sys=0,00, real=0,03 secs] 
2017-07-31T16:01:20.823+0200: 15431,227: [CMS-concurrent-preclean-start]
2017-07-31T16:01:20.824+0200: 15431,229: [CMS-concurrent-preclean: 0,001/0,001 secs] [Times: user=0,00 sys=0,00, real=0,00 secs] 
2017-07-31T16:01:20.824+0200: 15431,229: [CMS-concurrent-abortable-preclean-start]
 CMS: abort preclean due to time 2017-07-31T16:01:26.907+0200: 15437,312: [CMS-concurrent-abortable-preclean: 0,078/6,083 secs] [Times: user=0,08 sys=0,01, real=6,08 secs] 
2017-07-31T16:01:26.908+0200: 15437,312: [GC (CMS Final Remark) [YG occupancy: 2755 K (109248 K)]{Heap before GC invocations=172 (full 69):
 par new generation   total 109248K, used 2755K [0x00000000e0000000, 0x00000000e8000000, 0x00000000e8000000)
  eden space 87424K,   3% used [0x00000000e0000000, 0x00000000e02aee70, 0x00000000e5560000)
  from space 21824K,   0% used [0x00000000e5560000, 0x00000000e5562040, 0x00000000e6ab0000)
  to   space 21824K,   0% used [0x00000000e6ab0000, 0x00000000e6ab0000, 0x00000000e8000000)
 concurrent mark-sweep generation total 393216K, used 239206K [0x00000000e8000000, 0x0000000100000000, 0x0000000100000000)
 Metaspace       used 32423K, capacity 32872K, committed 33476K, reserved 1079296K
  class space    used 3565K, capacity 3704K, committed 3836K, reserved 1048576K
2017-07-31T16:01:26.908+0200: 15437,312: [GC (CMS Final Remark) 2017-07-31T16:01:26.908+0200: 15437,312: [ParNew
Desired survivor size 20112992 bytes, new threshold 8 (max 8)
- age   1:        192 bytes,        192 total
- age   3:        152 bytes,        344 total
: 2755K->6K(109248K), 0,0023838 secs] 241961K->239212K(502464K), 0,0024355 secs] [Times: user=0,01 sys=0,00, real=0,00 secs] 
Heap after GC invocations=173 (full 69):
 par new generation   total 109248K, used 6K [0x00000000e0000000, 0x00000000e8000000, 0x00000000e8000000)
  eden space 87424K,   0% used [0x00000000e0000000, 0x00000000e0000000, 0x00000000e5560000)
  from space 21824K,   0% used [0x00000000e6ab0000, 0x00000000e6ab1830, 0x00000000e8000000)
  to   space 21824K,   0% used [0x00000000e5560000, 0x00000000e5560000, 0x00000000e6ab0000)
 concurrent mark-sweep generation total 393216K, used 239206K [0x00000000e8000000, 0x0000000100000000, 0x0000000100000000)
 Metaspace       used 32423K, capacity 32872K, committed 33476K, reserved 1079296K
  class space    used 3565K, capacity 3704K, committed 3836K, reserved 1048576K
}
2017-07-31T16:01:26.910+0200: 15437,315: [Rescan (parallel) , 0,0006686 secs]2017-07-31T16:01:26.911+0200: 15437,315: [weak refs processing, 0,0007679 secs]2017-07-31T16:01:26.912+0200: 15437,316: [class unloading, 0,0075339 secs]2017-07-31T16:01:26.919+0200: 15437,324: [scrub symbol table, 0,0035352 secs]2017-07-31T16:01:26.923+0200: 15437,327: [scrub string table, 0,0006323 secs][1 CMS-remark: 239206K(393216K)] 239212K(502464K), 0,0159765 secs] [Times: user=0,02 sys=0,00, real=0,02 secs] 
2017-07-31T16:01:26.924+0200: 15437,328: Total time for which application threads were stopped: 0,0161096 seconds, Stopping threads took: 0,0000227 seconds
2017-07-31T16:01:26.924+0200: 15437,328: [CMS-concurrent-sweep-start]
2017-07-31T16:01:26.953+0200: 15437,357: [CMS-concurrent-sweep: 0,029/0,029 secs] [Times: user=0,04 sys=0,00, real=0,03 secs] 
2017-07-31T16:01:26.953+0200: 15437,357: [CMS-concurrent-reset-start]
2017-07-31T16:01:26.953+0200: 15437,358: [CMS-concurrent-reset: 0,001/0,001 secs] [Times: user=0,00 sys=0,00, real=0,00 secs] 
2017-07-31T16:01:28.953+0200: 15439,357: [GC (CMS Initial Mark) [1 CMS-initial-mark: 239206K(393216K)] 240757K(502464K), 0,0010779 secs] [Times: user=0,00 sys=0,00, real=0,00 secs] 
2017-07-31T16:01:28.954+0200: 15439,358: Total time for which application threads were stopped: 0,0012318 seconds, Stopping threads took: 0,0000327 seconds
2017-07-31T16:01:28.954+0200: 15439,358: [CMS-concurrent-mark-start]
2017-07-31T16:01:28.988+0200: 15439,392: [CMS-concurrent-mark: 0,034/0,034 secs] [Times: user=0,13 sys=0,00, real=0,03 secs] 
2017-07-31T16:01:28.988+0200: 15439,392: [CMS-concurrent-preclean-start]
2017-07-31T16:01:28.989+0200: 15439,393: [CMS-concurrent-preclean: 0,001/0,001 secs] [Times: user=0,00 sys=0,00, real=0,00 secs] 
2017-07-31T16:01:28.989+0200: 15439,394: [GC (CMS Final Remark) [YG occupancy: 1551 K (109248 K)]{Heap before GC invocations=173 (full 70):
 par new generation   total 109248K, used 1551K [0x00000000e0000000, 0x00000000e8000000, 0x00000000e8000000)
  eden space 87424K,   1% used [0x00000000e0000000, 0x00000000e01823f8, 0x00000000e5560000)
  from space 21824K,   0% used [0x00000000e6ab0000, 0x00000000e6ab1830, 0x00000000e8000000)
  to   space 21824K,   0% used [0x00000000e5560000, 0x00000000e5560000, 0x00000000e6ab0000)
 concurrent mark-sweep generation total 393216K, used 239206K [0x00000000e8000000, 0x0000000100000000, 0x0000000100000000)
 Metaspace       used 32423K, capacity 32872K, committed 33476K, reserved 1079296K
  class space    used 3565K, capacity 3704K, committed 3836K, reserved 1048576K
2017-07-31T16:01:28.989+0200: 15439,394: [GC (CMS Final Remark) 2017-07-31T16:01:28.989+0200: 15439,394: [ParNew
Desired survivor size 20112992 bytes, new threshold 8 (max 8)
- age   1:         64 bytes,         64 total
- age   2:        128 bytes,        192 total
- age   4:        152 bytes,        344 total
: 1551K->8K(109248K), 0,0027981 secs] 240757K->239214K(502464K), 0,0028421 secs] [Times: user=0,00 sys=0,00, real=0,01 secs] 
Heap after GC invocations=174 (full 70):
 par new generation   total 109248K, used 8K [0x00000000e0000000, 0x00000000e8000000, 0x00000000e8000000)
  eden space 87424K,   0% used [0x00000000e0000000, 0x00000000e0000000, 0x00000000e5560000)
  from space 21824K,   0% used [0x00000000e5560000, 0x00000000e5562040, 0x00000000e6ab0000)
  to   space 21824K,   0% used [0x00000000e6ab0000, 0x00000000e6ab0000, 0x00000000e8000000)
 concurrent mark-sweep generation total 393216K, used 239206K [0x00000000e8000000, 0x0000000100000000, 0x0000000100000000)
 Metaspace       used 32423K, capacity 32872K, committed 33476K, reserved 1079296K
  class space    used 3565K, capacity 3704K, committed 3836K, reserved 1048576K
}
2017-07-31T16:01:28.992+0200: 15439,397: [Rescan (parallel) , 0,0005203 secs]2017-07-31T16:01:28.993+0200: 15439,397: [weak refs processing, 0,0004032 secs]2017-07-31T16:01:28.993+0200: 15439,397: [class unloading, 0,0069149 secs]2017-07-31T16:01:29.000+0200: 15439,404: [scrub symbol table, 0,0035265 secs]2017-07-31T16:01:29.003+0200: 15439,408: [scrub string table, 0,0006591 secs][1 CMS-remark: 239206K(393216K)] 239214K(502464K), 0,0151119 secs] [Times: user=0,02 sys=0,00, real=0,02 secs] 
2017-07-31T16:01:29.004+0200: 15439,409: Total time for which application threads were stopped: 0,0152316 seconds, Stopping threads took: 0,0000199 seconds
2017-07-31T16:01:29.004+0200: 15439,409: [CMS-concurrent-sweep-start]
2017-07-31T16:01:29.031+0200: 15439,435: [CMS-concurrent-sweep: 0,026/0,026 secs] [Times: user=0,03 sys=0,00, real=0,02 secs] 
2017-07-31T16:01:29.031+0200: 15439,435: [CMS-concurrent-reset-start]
2017-07-31T16:01:29.031+0200: 15439,436: [CMS-concurrent-reset: 0,001/0,001 secs] [Times: user=0,00 sys=0,00, real=0,00 secs] 
2017-07-31T16:01:31.031+0200: 15441,435: [GC (CMS Initial Mark) [1 CMS-initial-mark: 239206K(393216K)] 240416K(502464K), 0,0005561 secs] [Times: user=0,00 sys=0,00, real=0,00 secs] 
2017-07-31T16:01:31.031+0200: 15441,436: Total time for which application threads were stopped: 0,0006703 seconds, Stopping threads took: 0,0000255 seconds
2017-07-31T16:01:31.031+0200: 15441,436: [CMS-concurrent-mark-start]
2017-07-31T16:01:31.050+0200: 15441,455: [CMS-concurrent-mark: 0,019/0,019 secs] [Times: user=0,08 sys=0,00, real=0,02 secs] 
2017-07-31T16:01:31.051+0200: 15441,455: [CMS-concurrent-preclean-start]
2017-07-31T16:01:31.051+0200: 15441,456: [CMS-concurrent-preclean: 0,001/0,001 secs] [Times: user=0,00 sys=0,00, real=0,00 secs] 
2017-07-31T16:01:31.051+0200: 15441,456: [GC (CMS Final Remark) [YG occupancy: 1210 K (109248 K)]{Heap before GC invocations=174 (full 71):
 par new generation   total 109248K, used 1210K [0x00000000e0000000, 0x00000000e8000000, 0x00000000e8000000)
  eden space 87424K,   1% used [0x00000000e0000000, 0x00000000e012ca78, 0x00000000e5560000)
  from space 21824K,   0% used [0x00000000e5560000, 0x00000000e5562040, 0x00000000e6ab0000)
  to   space 21824K,   0% used [0x00000000e6ab0000, 0x00000000e6ab0000, 0x00000000e8000000)
 concurrent mark-sweep generation total 393216K, used 239206K [0x00000000e8000000, 0x0000000100000000, 0x0000000100000000)
 Metaspace       used 32423K, capacity 32872K, committed 33476K, reserved 1079296K
  class space    used 3565K, capacity 3704K, committed 3836K, reserved 1048576K
2017-07-31T16:01:31.052+0200: 15441,456: [GC (CMS Final Remark) 2017-07-31T16:01:31.052+0200: 15441,456: [ParNew
Desired survivor size 20112992 bytes, new threshold 8 (max 8)
- age   1:         96 bytes,         96 total
- age   2:         64 bytes,        160 total
- age   3:         32 bytes,        192 total
- age   5:        152 bytes,        344 total
: 1210K->6K(109248K), 0,0012709 secs] 240416K->239212K(502464K), 0,0013003 secs] [Times: user=0,00 sys=0,00, real=0,01 secs] 
Heap after GC invocations=175 (full 71):
 par new generation   total 109248K, used 6K [0x00000000e0000000, 0x00000000e8000000, 0x00000000e8000000)
  eden space 87424K,   0% used [0x00000000e0000000, 0x00000000e0000000, 0x00000000e5560000)
  from space 21824K,   0% used [0x00000000e6ab0000, 0x00000000e6ab1830, 0x00000000e8000000)
  to   space 21824K,   0% used [0x00000000e5560000, 0x00000000e5560000, 0x00000000e6ab0000)
 concurrent mark-sweep generation total 393216K, used 239206K [0x00000000e8000000, 0x0000000100000000, 0x0000000100000000)
 Metaspace       used 32423K, capacity 32872K, committed 33476K, reserved 1079296K
  class space    used 3565K, capacity 3704K, committed 3836K, reserved 1048576K
}
2017-07-31T16:01:31.053+0200: 15441,457: [Rescan (parallel) , 0,0003542 secs]2017-07-31T16:01:31.053+0200: 15441,458: [weak refs processing, 0,0002897 secs]2017-07-31T16:01:31.054+0200: 15441,458: [class unloading, 0,0049934 secs]2017-07-31T16:01:31.059+0200: 15441,463: [scrub symbol table, 0,0027834 secs]2017-07-31T16:01:31.061+0200: 15441,466: [scrub string table, 0,0004525 secs][1 CMS-remark: 239206K(393216K)] 239212K(502464K), 0,0103490 secs] [Times: user=0,01 sys=0,00, real=0,02 secs] 
2017-07-31T16:01:31.062+0200: 15441,466: Total time for which application threads were stopped: 0,0104724 seconds, Stopping threads took: 0,0000234 seconds
2017-07-31T16:01:31.062+0200: 15441,466: [CMS-concurrent-sweep-start]
2017-07-31T16:01:31.082+0200: 15441,487: [CMS-concurrent-sweep: 0,020/0,020 secs] [Times: user=0,02 sys=0,00, real=0,02 secs] 
2017-07-31T16:01:31.082+0200: 15441,487: [CMS-concurrent-reset-start]
2017-07-31T16:01:31.083+0200: 15441,487: [CMS-concurrent-reset: 0,000/0,000 secs] [Times: user=0,00 sys=0,00, real=0,00 secs] 
2017-07-31T16:01:33.082+0200: 15443,487: [GC (CMS Initial Mark) [1 CMS-initial-mark: 239206K(393216K)] 239212K(502464K), 0,0009899 secs] [Times: user=0,00 sys=0,00, real=0,00 secs] 
2017-07-31T16:01:33.083+0200: 15443,488: Total time for which application threads were stopped: 0,0011334 seconds, Stopping threads took: 0,0000228 seconds
2017-07-31T16:01:33.083+0200: 15443,488: [CMS-concurrent-mark-start]
2017-07-31T16:01:33.119+0200: 15443,523: [CMS-concurrent-mark: 0,035/0,035 secs] [Times: user=0,14 sys=0,00, real=0,03 secs] 
2017-07-31T16:01:33.119+0200: 15443,523: [CMS-concurrent-preclean-start]
2017-07-31T16:01:33.120+0200: 15443,525: [CMS-concurrent-preclean: 0,002/0,002 secs] [Times: user=0,00 sys=0,00, real=0,01 secs] 
2017-07-31T16:01:33.121+0200: 15443,525: [GC (CMS Final Remark) [YG occupancy: 6 K (109248 K)]{Heap before GC invocations=175 (full 72):
 par new generation   total 109248K, used 6K [0x00000000e0000000, 0x00000000e8000000, 0x00000000e8000000)
  eden space 87424K,   0% used [0x00000000e0000000, 0x00000000e0000000, 0x00000000e5560000)
  from space 21824K,   0% used [0x00000000e6ab0000, 0x00000000e6ab1830, 0x00000000e8000000)
  to   space 21824K,   0% used [0x00000000e5560000, 0x00000000e5560000, 0x00000000e6ab0000)
 concurrent mark-sweep generation total 393216K, used 239206K [0x00000000e8000000, 0x0000000100000000, 0x0000000100000000)
 Metaspace       used 32423K, capacity 32872K, committed 33476K, reserved 1079296K
  class space    used 3565K, capacity 3704K, committed 3836K, reserved 1048576K
2017-07-31T16:01:33.121+0200: 15443,525: [GC (CMS Final Remark) 2017-07-31T16:01:33.121+0200: 15443,525: [ParNew
Desired survivor size 20112992 bytes, new threshold 8 (max 8)
- age   2:         96 bytes,         96 total
- age   3:         64 bytes,        160 total
- age   4:         32 bytes,        192 total
- age   6:        152 bytes,        344 total
: 6K->6K(109248K), 0,0020467 secs] 239212K->239212K(502464K), 0,0020972 secs] [Times: user=0,00 sys=0,00, real=0,00 secs] 
Heap after GC invocations=176 (full 72):
 par new generation   total 109248K, used 6K [0x00000000e0000000, 0x00000000e8000000, 0x00000000e8000000)
  eden space 87424K,   0% used [0x00000000e0000000, 0x00000000e0000000, 0x00000000e5560000)
  from space 21824K,   0% used [0x00000000e5560000, 0x00000000e5561830, 0x00000000e6ab0000)
  to   space 21824K,   0% used [0x00000000e6ab0000, 0x00000000e6ab0000, 0x00000000e8000000)
 concurrent mark-sweep generation total 393216K, used 239206K [0x00000000e8000000, 0x0000000100000000, 0x0000000100000000)
 Metaspace       used 32423K, capacity 32872K, committed 33476K, reserved 1079296K
  class space    used 3565K, capacity 3704K, committed 3836K, reserved 1048576K
}
2017-07-31T16:01:33.123+0200: 15443,527: [Rescan (parallel) , 0,0007295 secs]2017-07-31T16:01:33.124+0200: 15443,528: [weak refs processing, 0,0004539 secs]2017-07-31T16:01:33.124+0200: 15443,529: [class unloading, 0,0081308 secs]2017-07-31T16:01:33.132+0200: 15443,537: [scrub symbol table, 0,0037039 secs]2017-07-31T16:01:33.136+0200: 15443,540: [scrub string table, 0,0006487 secs][1 CMS-remark: 239206K(393216K)] 239212K(502464K), 0,0161321 secs] [Times: user=0,02 sys=0,00, real=0,01 secs] 
2017-07-31T16:01:33.137+0200: 15443,541: Total time for which application threads were stopped: 0,0162807 seconds, Stopping threads took: 0,0000206 seconds
2017-07-31T16:01:33.137+0200: 15443,541: [CMS-concurrent-sweep-start]
2017-07-31T16:01:33.164+0200: 15443,569: [CMS-concurrent-sweep: 0,027/0,027 secs] [Times: user=0,03 sys=0,00, real=0,03 secs] 
2017-07-31T16:01:33.165+0200: 15443,569: [CMS-concurrent-reset-start]
2017-07-31T16:01:33.165+0200: 15443,570: [CMS-concurrent-reset: 0,001/0,001 secs] [Times: user=0,00 sys=0,00, real=0,00 secs] 
2017-07-31T16:01:35.164+0200: 15445,569: [GC (CMS Initial Mark) [1 CMS-initial-mark: 239206K(393216K)] 241959K(502464K), 0,0010790 secs] [Times: user=0,00 sys=0,00, real=0,00 secs] 
2017-07-31T16:01:35.166+0200: 15445,570: Total time for which application threads were stopped: 0,0012378 seconds, Stopping threads took: 0,0000243 seconds
2017-07-31T16:01:35.166+0200: 15445,570: [CMS-concurrent-mark-start]
2017-07-31T16:01:35.195+0200: 15445,600: [CMS-concurrent-mark: 0,030/0,030 secs] [Times: user=0,12 sys=0,00, real=0,03 secs] 
2017-07-31T16:01:35.195+0200: 15445,600: [CMS-concurrent-preclean-start]
2017-07-31T16:01:35.197+0200: 15445,601: [CMS-concurrent-preclean: 0,001/0,001 secs] [Times: user=0,00 sys=0,00, real=0,00 secs] 
2017-07-31T16:01:35.197+0200: 15445,601: [CMS-concurrent-abortable-preclean-start]
 CMS: abort preclean due to time 2017-07-31T16:01:41.293+0200: 15451,698: [CMS-concurrent-abortable-preclean: 0,091/6,096 secs] [Times: user=0,09 sys=0,01, real=6,10 secs] 
2017-07-31T16:01:41.293+0200: 15451,698: [GC (CMS Final Remark) [YG occupancy: 2753 K (109248 K)]{Heap before GC invocations=176 (full 73):
 par new generation   total 109248K, used 2753K [0x00000000e0000000, 0x00000000e8000000, 0x00000000e8000000)
  eden space 87424K,   3% used [0x00000000e0000000, 0x00000000e02aee70, 0x00000000e5560000)
  from space 21824K,   0% used [0x00000000e5560000, 0x00000000e5561830, 0x00000000e6ab0000)
  to   space 21824K,   0% used [0x00000000e6ab0000, 0x00000000e6ab0000, 0x00000000e8000000)
 concurrent mark-sweep generation total 393216K, used 239206K [0x00000000e8000000, 0x0000000100000000, 0x0000000100000000)
 Metaspace       used 32423K, capacity 32872K, committed 33476K, reserved 1079296K
  class space    used 3565K, capacity 3704K, committed 3836K, reserved 1048576K
2017-07-31T16:01:41.293+0200: 15451,698: [GC (CMS Final Remark) 2017-07-31T16:01:41.293+0200: 15451,698: [ParNew
Desired survivor size 20112992 bytes, new threshold 8 (max 8)
- age   1:        192 bytes,        192 total
- age   7:        152 bytes,        344 total
: 2753K->6K(109248K), 0,0037317 secs] 241959K->239212K(502464K), 0,0037846 secs] [Times: user=0,01 sys=0,00, real=0,00 secs] 
Heap after GC invocations=177 (full 73):
 par new generation   total 109248K, used 6K [0x00000000e0000000, 0x00000000e8000000, 0x00000000e8000000)
  eden space 87424K,   0% used [0x00000000e0000000, 0x00000000e0000000, 0x00000000e5560000)
  from space 21824K,   0% used [0x00000000e6ab0000, 0x00000000e6ab1830, 0x00000000e8000000)
  to   space 21824K,   0% used [0x00000000e5560000, 0x00000000e5560000, 0x00000000e6ab0000)
 concurrent mark-sweep generation total 393216K, used 239206K [0x00000000e8000000, 0x0000000100000000, 0x0000000100000000)
 Metaspace       used 32423K, capacity 32872K, committed 33476K, reserved 1079296K
  class space    used 3565K, capacity 3704K, committed 3836K, reserved 1048576K
}
2017-07-31T16:01:41.297+0200: 15451,702: [Rescan (parallel) , 0,0005402 secs]2017-07-31T16:01:41.298+0200: 15451,702: [weak refs processing, 0,0005968 secs]2017-07-31T16:01:41.298+0200: 15451,703: [class unloading, 0,0078491 secs]2017-07-31T16:01:41.306+0200: 15451,711: [scrub symbol table, 0,0038776 secs]2017-07-31T16:01:41.310+0200: 15451,715: [scrub string table, 0,0006771 secs][1 CMS-remark: 239206K(393216K)] 239212K(502464K), 0,0176308 secs] [Times: user=0,02 sys=0,00, real=0,01 secs] 
2017-07-31T16:01:41.311+0200: 15451,716: Total time for which application threads were stopped: 0,0177938 seconds, Stopping threads took: 0,0000454 seconds
2017-07-31T16:01:41.311+0200: 15451,716: [CMS-concurrent-sweep-start]
2017-07-31T16:01:41.342+0200: 15451,747: [CMS-concurrent-sweep: 0,031/0,031 secs] [Times: user=0,03 sys=0,00, real=0,04 secs] 
2017-07-31T16:01:41.342+0200: 15451,747: [CMS-concurrent-reset-start]
2017-07-31T16:01:41.343+0200: 15451,747: [CMS-concurrent-reset: 0,001/0,001 secs] [Times: user=0,00 sys=0,00, real=0,00 secs] 
2017-07-31T16:01:43.342+0200: 15453,747: [GC (CMS Initial Mark) [1 CMS-initial-mark: 239206K(393216K)] 239212K(502464K), 0,0008565 secs] [Times: user=0,00 sys=0,00, real=0,00 secs] 
2017-07-31T16:01:43.343+0200: 15453,748: Total time for which application threads were stopped: 0,0010229 seconds, Stopping threads took: 0,0000341 seconds
2017-07-31T16:01:43.343+0200: 15453,748: [CMS-concurrent-mark-start]
2017-07-31T16:01:43.374+0200: 15453,779: [CMS-concurrent-mark: 0,031/0,031 secs] [Times: user=0,12 sys=0,00, real=0,03 secs] 
2017-07-31T16:01:43.374+0200: 15453,779: [CMS-concurrent-preclean-start]
2017-07-31T16:01:43.376+0200: 15453,780: [CMS-concurrent-preclean: 0,001/0,001 secs] [Times: user=0,00 sys=0,00, real=0,00 secs] 
2017-07-31T16:01:43.376+0200: 15453,780: [GC (CMS Final Remark) [YG occupancy: 6 K (109248 K)]{Heap before GC invocations=177 (full 74):
 par new generation   total 109248K, used 6K [0x00000000e0000000, 0x00000000e8000000, 0x00000000e8000000)
  eden space 87424K,   0% used [0x00000000e0000000, 0x00000000e0000000, 0x00000000e5560000)
  from space 21824K,   0% used [0x00000000e6ab0000, 0x00000000e6ab1830, 0x00000000e8000000)
  to   space 21824K,   0% used [0x00000000e5560000, 0x00000000e5560000, 0x00000000e6ab0000)
 concurrent mark-sweep generation total 393216K, used 239206K [0x00000000e8000000, 0x0000000100000000, 0x0000000100000000)
 Metaspace       used 32423K, capacity 32872K, committed 33476K, reserved 1079296K
  class space    used 3565K, capacity 3704K, committed 3836K, reserved 1048576K
2017-07-31T16:01:43.376+0200: 15453,780: [GC (CMS Final Remark) 2017-07-31T16:01:43.376+0200: 15453,780: [ParNew
Desired survivor size 20112992 bytes, new threshold 8 (max 8)
- age   2:        192 bytes,        192 total
- age   8:        152 bytes,        344 total
: 6K->6K(109248K), 0,0038140 secs] 239212K->239212K(502464K), 0,0038641 secs] [Times: user=0,01 sys=0,00, real=0,00 secs] 
Heap after GC invocations=178 (full 74):
 par new generation   total 109248K, used 6K [0x00000000e0000000, 0x00000000e8000000, 0x00000000e8000000)
  eden space 87424K,   0% used [0x00000000e0000000, 0x00000000e0000000, 0x00000000e5560000)
  from space 21824K,   0% used [0x00000000e5560000, 0x00000000e5561830, 0x00000000e6ab0000)
  to   space 21824K,   0% used [0x00000000e6ab0000, 0x00000000e6ab0000, 0x00000000e8000000)
 concurrent mark-sweep generation total 393216K, used 239206K [0x00000000e8000000, 0x0000000100000000, 0x0000000100000000)
 Metaspace       used 32423K, capacity 32872K, committed 33476K, reserved 1079296K
  class space    used 3565K, capacity 3704K, committed 3836K, reserved 1048576K
}
2017-07-31T16:01:43.380+0200: 15453,784: [Rescan (parallel) , 0,0004509 secs]2017-07-31T16:01:43.380+0200: 15453,785: [weak refs processing, 0,0003961 secs]2017-07-31T16:01:43.381+0200: 15453,785: [class unloading, 0,0066408 secs]2017-07-31T16:01:43.387+0200: 15453,792: [scrub symbol table, 0,0032768 secs]2017-07-31T16:01:43.391+0200: 15453,795: [scrub string table, 0,0005908 secs][1 CMS-remark: 239206K(393216K)] 239212K(502464K), 0,0154556 secs] [Times: user=0,02 sys=0,00, real=0,01 secs] 
2017-07-31T16:01:43.391+0200: 15453,796: Total time for which application threads were stopped: 0,0155743 seconds, Stopping threads took: 0,0000192 seconds
2017-07-31T16:01:43.391+0200: 15453,796: [CMS-concurrent-sweep-start]
2017-07-31T16:01:43.418+0200: 15453,823: [CMS-concurrent-sweep: 0,027/0,027 secs] [Times: user=0,03 sys=0,00, real=0,03 secs] 
2017-07-31T16:01:43.418+0200: 15453,823: [CMS-concurrent-reset-start]
2017-07-31T16:01:43.419+0200: 15453,823: [CMS-concurrent-reset: 0,001/0,001 secs] [Times: user=0,00 sys=0,00, real=0,00 secs] 
2017-07-31T16:01:45.418+0200: 15455,822: [GC (CMS Initial Mark) [1 CMS-initial-mark: 239206K(393216K)] 242011K(502464K), 0,0008638 secs] [Times: user=0,01 sys=0,00, real=0,00 secs] 
2017-07-31T16:01:45.419+0200: 15455,823: Total time for which application threads were stopped: 0,0010225 seconds, Stopping threads took: 0,0000248 seconds
2017-07-31T16:01:45.419+0200: 15455,823: [CMS-concurrent-mark-start]
2017-07-31T16:01:45.452+0200: 15455,856: [CMS-concurrent-mark: 0,033/0,033 secs] [Times: user=0,12 sys=0,01, real=0,03 secs] 
2017-07-31T16:01:45.452+0200: 15455,856: [CMS-concurrent-preclean-start]
2017-07-31T16:01:45.453+0200: 15455,858: [CMS-concurrent-preclean: 0,001/0,001 secs] [Times: user=0,00 sys=0,00, real=0,00 secs] 
2017-07-31T16:01:45.453+0200: 15455,858: [CMS-concurrent-abortable-preclean-start]
 CMS: abort preclean due to time 2017-07-31T16:01:51.549+0200: 15461,953: [CMS-concurrent-abortable-preclean: 0,091/6,096 secs] [Times: user=0,09 sys=0,00, real=6,09 secs] 
2017-07-31T16:01:51.549+0200: 15461,954: [GC (CMS Final Remark) [YG occupancy: 2805 K (109248 K)]{Heap before GC invocations=178 (full 75):
 par new generation   total 109248K, used 2805K [0x00000000e0000000, 0x00000000e8000000, 0x00000000e8000000)
  eden space 87424K,   3% used [0x00000000e0000000, 0x00000000e02bbe80, 0x00000000e5560000)
  from space 21824K,   0% used [0x00000000e5560000, 0x00000000e5561830, 0x00000000e6ab0000)
  to   space 21824K,   0% used [0x00000000e6ab0000, 0x00000000e6ab0000, 0x00000000e8000000)
 concurrent mark-sweep generation total 393216K, used 239206K [0x00000000e8000000, 0x0000000100000000, 0x0000000100000000)
 Metaspace       used 32423K, capacity 32872K, committed 33476K, reserved 1079296K
  class space    used 3565K, capacity 3704K, committed 3836K, reserved 1048576K
2017-07-31T16:01:51.549+0200: 15461,954: [GC (CMS Final Remark) 2017-07-31T16:01:51.549+0200: 15461,954: [ParNew
Desired survivor size 20112992 bytes, new threshold 8 (max 8)
- age   1:        344 bytes,        344 total
: 2805K->8K(109248K), 0,0018843 secs] 242011K->239214K(502464K), 0,0019253 secs] [Times: user=0,00 sys=0,00, real=0,00 secs] 
Heap after GC invocations=179 (full 75):
 par new generation   total 109248K, used 8K [0x00000000e0000000, 0x00000000e8000000, 0x00000000e8000000)
  eden space 87424K,   0% used [0x00000000e0000000, 0x00000000e0000000, 0x00000000e5560000)
  from space 21824K,   0% used [0x00000000e6ab0000, 0x00000000e6ab2040, 0x00000000e8000000)
  to   space 21824K,   0% used [0x00000000e5560000, 0x00000000e5560000, 0x00000000e6ab0000)
 concurrent mark-sweep generation total 393216K, used 239206K [0x00000000e8000000, 0x0000000100000000, 0x0000000100000000)
 Metaspace       used 32423K, capacity 32872K, committed 33476K, reserved 1079296K
  class space    used 3565K, capacity 3704K, committed 3836K, reserved 1048576K
}
2017-07-31T16:01:51.551+0200: 15461,956: [Rescan (parallel) , 0,0004383 secs]2017-07-31T16:01:51.551+0200: 15461,956: [weak refs processing, 0,0002831 secs]2017-07-31T16:01:51.552+0200: 15461,956: [class unloading, 0,0051748 secs]2017-07-31T16:01:51.557+0200: 15461,961: [scrub symbol table, 0,0033441 secs]2017-07-31T16:01:51.560+0200: 15461,965: [scrub string table, 0,0004775 secs][1 CMS-remark: 239206K(393216K)] 239214K(502464K), 0,0118366 secs] [Times: user=0,01 sys=0,00, real=0,02 secs] 
2017-07-31T16:01:51.561+0200: 15461,965: Total time for which application threads were stopped: 0,0119470 seconds, Stopping threads took: 0,0000185 seconds
2017-07-31T16:01:51.561+0200: 15461,965: [CMS-concurrent-sweep-start]
2017-07-31T16:01:51.582+0200: 15461,986: [CMS-concurrent-sweep: 0,021/0,021 secs] [Times: user=0,03 sys=0,00, real=0,02 secs] 
2017-07-31T16:01:51.582+0200: 15461,987: [CMS-concurrent-reset-start]
2017-07-31T16:01:51.583+0200: 15461,987: [CMS-concurrent-reset: 0,000/0,000 secs] [Times: user=0,00 sys=0,00, real=0,00 secs] 
2017-07-31T16:01:53.582+0200: 15463,986: [GC (CMS Initial Mark) [1 CMS-initial-mark: 239206K(393216K)] 239214K(502464K), 0,0005471 secs] [Times: user=0,00 sys=0,00, real=0,00 secs] 
2017-07-31T16:01:53.582+0200: 15463,987: Total time for which application threads were stopped: 0,0006748 seconds, Stopping threads took: 0,0000261 seconds
2017-07-31T16:01:53.582+0200: 15463,987: [CMS-concurrent-mark-start]
2017-07-31T16:01:53.600+0200: 15464,005: [CMS-concurrent-mark: 0,018/0,018 secs] [Times: user=0,07 sys=0,01, real=0,02 secs] 
2017-07-31T16:01:53.601+0200: 15464,005: [CMS-concurrent-preclean-start]
2017-07-31T16:01:53.601+0200: 15464,006: [CMS-concurrent-preclean: 0,001/0,001 secs] [Times: user=0,00 sys=0,00, real=0,00 secs] 
2017-07-31T16:01:53.602+0200: 15464,006: [GC (CMS Final Remark) [YG occupancy: 8 K (109248 K)]{Heap before GC invocations=179 (full 76):
 par new generation   total 109248K, used 8K [0x00000000e0000000, 0x00000000e8000000, 0x00000000e8000000)
  eden space 87424K,   0% used [0x00000000e0000000, 0x00000000e0000000, 0x00000000e5560000)
  from space 21824K,   0% used [0x00000000e6ab0000, 0x00000000e6ab2040, 0x00000000e8000000)
  to   space 21824K,   0% used [0x00000000e5560000, 0x00000000e5560000, 0x00000000e6ab0000)
 concurrent mark-sweep generation total 393216K, used 239206K [0x00000000e8000000, 0x0000000100000000, 0x0000000100000000)
 Metaspace       used 32423K, capacity 32872K, committed 33476K, reserved 1079296K
  class space    used 3565K, capacity 3704K, committed 3836K, reserved 1048576K
2017-07-31T16:01:53.602+0200: 15464,006: [GC (CMS Final Remark) 2017-07-31T16:01:53.602+0200: 15464,006: [ParNew
Desired survivor size 20112992 bytes, new threshold 8 (max 8)
- age   2:        344 bytes,        344 total
: 8K->6K(109248K), 0,0011606 secs] 239214K->239212K(502464K), 0,0011910 secs] [Times: user=0,00 sys=0,00, real=0,00 secs] 
Heap after GC invocations=180 (full 76):
 par new generation   total 109248K, used 6K [0x00000000e0000000, 0x00000000e8000000, 0x00000000e8000000)
  eden space 87424K,   0% used [0x00000000e0000000, 0x00000000e0000000, 0x00000000e5560000)
  from space 21824K,   0% used [0x00000000e5560000, 0x00000000e5561830, 0x00000000e6ab0000)
  to   space 21824K,   0% used [0x00000000e6ab0000, 0x00000000e6ab0000, 0x00000000e8000000)
 concurrent mark-sweep generation total 393216K, used 239206K [0x00000000e8000000, 0x0000000100000000, 0x0000000100000000)
 Metaspace       used 32423K, capacity 32872K, committed 33476K, reserved 1079296K
  class space    used 3565K, capacity 3704K, committed 3836K, reserved 1048576K
}
2017-07-31T16:01:53.603+0200: 15464,007: [Rescan (parallel) , 0,0003535 secs]2017-07-31T16:01:53.603+0200: 15464,008: [weak refs processing, 0,0002580 secs]2017-07-31T16:01:53.603+0200: 15464,008: [class unloading, 0,0070905 secs]2017-07-31T16:01:53.611+0200: 15464,015: [scrub symbol table, 0,0035768 secs]2017-07-31T16:01:53.614+0200: 15464,019: [scrub string table, 0,0006075 secs][1 CMS-remark: 239206K(393216K)] 239212K(502464K), 0,0134043 secs] [Times: user=0,02 sys=0,00, real=0,01 secs] 
2017-07-31T16:01:53.615+0200: 15464,019: Total time for which application threads were stopped: 0,0135235 seconds, Stopping threads took: 0,0000282 seconds
2017-07-31T16:01:53.615+0200: 15464,020: [CMS-concurrent-sweep-start]
2017-07-31T16:01:53.635+0200: 15464,040: [CMS-concurrent-sweep: 0,020/0,020 secs] [Times: user=0,02 sys=0,00, real=0,02 secs] 
2017-07-31T16:01:53.635+0200: 15464,040: [CMS-concurrent-reset-start]
2017-07-31T16:01:53.636+0200: 15464,040: [CMS-concurrent-reset: 0,000/0,000 secs] [Times: user=0,00 sys=0,00, real=0,00 secs] 
2017-07-31T16:01:55.635+0200: 15466,039: [GC (CMS Initial Mark) [1 CMS-initial-mark: 239206K(393216K)] 241959K(502464K), 0,0008322 secs] [Times: user=0,00 sys=0,00, real=0,00 secs] 
2017-07-31T16:01:55.636+0200: 15466,040: Total time for which application threads were stopped: 0,0009944 seconds, Stopping threads took: 0,0000255 seconds
2017-07-31T16:01:55.636+0200: 15466,040: [CMS-concurrent-mark-start]
2017-07-31T16:01:55.668+0200: 15466,073: [CMS-concurrent-mark: 0,033/0,033 secs] [Times: user=0,13 sys=0,00, real=0,03 secs] 
2017-07-31T16:01:55.668+0200: 15466,073: [CMS-concurrent-preclean-start]
2017-07-31T16:01:55.670+0200: 15466,074: [CMS-concurrent-preclean: 0,001/0,001 secs] [Times: user=0,00 sys=0,00, real=0,00 secs] 
2017-07-31T16:01:55.670+0200: 15466,074: [CMS-concurrent-abortable-preclean-start]
 CMS: abort preclean due to time 2017-07-31T16:02:01.757+0200: 15472,161: [CMS-concurrent-abortable-preclean: 0,082/6,087 secs] [Times: user=0,08 sys=0,00, real=6,09 secs] 
2017-07-31T16:02:01.757+0200: 15472,161: [GC (CMS Final Remark) [YG occupancy: 2753 K (109248 K)]{Heap before GC invocations=180 (full 77):
 par new generation   total 109248K, used 2753K [0x00000000e0000000, 0x00000000e8000000, 0x00000000e8000000)
  eden space 87424K,   3% used [0x00000000e0000000, 0x00000000e02aee70, 0x00000000e5560000)
  from space 21824K,   0% used [0x00000000e5560000, 0x00000000e5561830, 0x00000000e6ab0000)
  to   space 21824K,   0% used [0x00000000e6ab0000, 0x00000000e6ab0000, 0x00000000e8000000)
 concurrent mark-sweep generation total 393216K, used 239206K [0x00000000e8000000, 0x0000000100000000, 0x0000000100000000)
 Metaspace       used 32423K, capacity 32872K, committed 33476K, reserved 1079296K
  class space    used 3565K, capacity 3704K, committed 3836K, reserved 1048576K
2017-07-31T16:02:01.757+0200: 15472,161: [GC (CMS Final Remark) 2017-07-31T16:02:01.757+0200: 15472,161: [ParNew
Desired survivor size 20112992 bytes, new threshold 8 (max 8)
- age   1:        192 bytes,        192 total
- age   3:        152 bytes,        344 total
: 2753K->8K(109248K), 0,0021812 secs] 241959K->239214K(502464K), 0,0022247 secs] [Times: user=0,01 sys=0,00, real=0,00 secs] 
Heap after GC invocations=181 (full 77):
 par new generation   total 109248K, used 8K [0x00000000e0000000, 0x00000000e8000000, 0x00000000e8000000)
  eden space 87424K,   0% used [0x00000000e0000000, 0x00000000e0000000, 0x00000000e5560000)
  from space 21824K,   0% used [0x00000000e6ab0000, 0x00000000e6ab2040, 0x00000000e8000000)
  to   space 21824K,   0% used [0x00000000e5560000, 0x00000000e5560000, 0x00000000e6ab0000)
 concurrent mark-sweep generation total 393216K, used 239206K [0x00000000e8000000, 0x0000000100000000, 0x0000000100000000)
 Metaspace       used 32423K, capacity 32872K, committed 33476K, reserved 1079296K
  class space    used 3565K, capacity 3704K, committed 3836K, reserved 1048576K
}
2017-07-31T16:02:01.759+0200: 15472,164: [Rescan (parallel) , 0,0004955 secs]2017-07-31T16:02:01.760+0200: 15472,164: [weak refs processing, 0,0005485 secs]2017-07-31T16:02:01.760+0200: 15472,165: [class unloading, 0,0064239 secs]2017-07-31T16:02:01.767+0200: 15472,171: [scrub symbol table, 0,0037966 secs]2017-07-31T16:02:01.770+0200: 15472,175: [scrub string table, 0,0007698 secs][1 CMS-remark: 239206K(393216K)] 239214K(502464K), 0,0146593 secs] [Times: user=0,02 sys=0,01, real=0,01 secs] 
2017-07-31T16:02:01.772+0200: 15472,176: Total time for which application threads were stopped: 0,0147815 seconds, Stopping threads took: 0,0000309 seconds
2017-07-31T16:02:01.772+0200: 15472,176: [CMS-concurrent-sweep-start]
2017-07-31T16:02:01.800+0200: 15472,204: [CMS-concurrent-sweep: 0,028/0,028 secs] [Times: user=0,03 sys=0,00, real=0,03 secs] 
2017-07-31T16:02:01.800+0200: 15472,204: [CMS-concurrent-reset-start]
2017-07-31T16:02:01.801+0200: 15472,205: [CMS-concurrent-reset: 0,001/0,001 secs] [Times: user=0,00 sys=0,00, real=0,00 secs] 
2017-07-31T16:02:03.800+0200: 15474,204: [GC (CMS Initial Mark) [1 CMS-initial-mark: 239206K(393216K)] 239214K(502464K), 0,0007425 secs] [Times: user=0,00 sys=0,00, real=0,01 secs] 
2017-07-31T16:02:03.801+0200: 15474,205: Total time for which application threads were stopped: 0,0008754 seconds, Stopping threads took: 0,0000207 seconds
2017-07-31T16:02:03.801+0200: 15474,205: [CMS-concurrent-mark-start]
2017-07-31T16:02:03.827+0200: 15474,232: [CMS-concurrent-mark: 0,027/0,027 secs] [Times: user=0,10 sys=0,00, real=0,02 secs] 
2017-07-31T16:02:03.827+0200: 15474,232: [CMS-concurrent-preclean-start]
2017-07-31T16:02:03.829+0200: 15474,233: [CMS-concurrent-preclean: 0,001/0,001 secs] [Times: user=0,00 sys=0,00, real=0,00 secs] 
2017-07-31T16:02:03.829+0200: 15474,233: [GC (CMS Final Remark) [YG occupancy: 8 K (109248 K)]{Heap before GC invocations=181 (full 78):
 par new generation   total 109248K, used 8K [0x00000000e0000000, 0x00000000e8000000, 0x00000000e8000000)
  eden space 87424K,   0% used [0x00000000e0000000, 0x00000000e0000000, 0x00000000e5560000)
  from space 21824K,   0% used [0x00000000e6ab0000, 0x00000000e6ab2040, 0x00000000e8000000)
  to   space 21824K,   0% used [0x00000000e5560000, 0x00000000e5560000, 0x00000000e6ab0000)
 concurrent mark-sweep generation total 393216K, used 239206K [0x00000000e8000000, 0x0000000100000000, 0x0000000100000000)
 Metaspace       used 32423K, capacity 32872K, committed 33476K, reserved 1079296K
  class space    used 3565K, capacity 3704K, committed 3836K, reserved 1048576K
2017-07-31T16:02:03.829+0200: 15474,233: [GC (CMS Final Remark) 2017-07-31T16:02:03.829+0200: 15474,233: [ParNew
Desired survivor size 20112992 bytes, new threshold 8 (max 8)
- age   2:        192 bytes,        192 total
- age   4:        152 bytes,        344 total
: 8K->6K(109248K), 0,0020531 secs] 239214K->239212K(502464K), 0,0021047 secs] [Times: user=0,01 sys=0,00, real=0,00 secs] 
Heap after GC invocations=182 (full 78):
 par new generation   total 109248K, used 6K [0x00000000e0000000, 0x00000000e8000000, 0x00000000e8000000)
  eden space 87424K,   0% used [0x00000000e0000000, 0x00000000e0000000, 0x00000000e5560000)
  from space 21824K,   0% used [0x00000000e5560000, 0x00000000e5561830, 0x00000000e6ab0000)
  to   space 21824K,   0% used [0x00000000e6ab0000, 0x00000000e6ab0000, 0x00000000e8000000)
 concurrent mark-sweep generation total 393216K, used 239206K [0x00000000e8000000, 0x0000000100000000, 0x0000000100000000)
 Metaspace       used 32423K, capacity 32872K, committed 33476K, reserved 1079296K
  class space    used 3565K, capacity 3704K, committed 3836K, reserved 1048576K
}
2017-07-31T16:02:03.831+0200: 15474,235: [Rescan (parallel) , 0,0005420 secs]2017-07-31T16:02:03.831+0200: 15474,236: [weak refs processing, 0,0003359 secs]2017-07-31T16:02:03.832+0200: 15474,236: [class unloading, 0,0063206 secs]2017-07-31T16:02:03.838+0200: 15474,243: [scrub symbol table, 0,0030890 secs]2017-07-31T16:02:03.841+0200: 15474,246: [scrub string table, 0,0005489 secs][1 CMS-remark: 239206K(393216K)] 239212K(502464K), 0,0132088 secs] [Times: user=0,02 sys=0,00, real=0,02 secs] 
2017-07-31T16:02:03.842+0200: 15474,246: Total time for which application threads were stopped: 0,0133272 seconds, Stopping threads took: 0,0000189 seconds
2017-07-31T16:02:03.842+0200: 15474,247: [CMS-concurrent-sweep-start]
2017-07-31T16:02:03.873+0200: 15474,278: [CMS-concurrent-sweep: 0,031/0,031 secs] [Times: user=0,04 sys=0,00, real=0,03 secs] 
2017-07-31T16:02:03.873+0200: 15474,278: [CMS-concurrent-reset-start]
2017-07-31T16:02:03.874+0200: 15474,278: [CMS-concurrent-reset: 0,001/0,001 secs] [Times: user=0,00 sys=0,00, real=0,00 secs] 
2017-07-31T16:02:05.873+0200: 15476,277: [GC (CMS Initial Mark) [1 CMS-initial-mark: 239206K(393216K)] 241959K(502464K), 0,0009756 secs] [Times: user=0,00 sys=0,00, real=0,00 secs] 
2017-07-31T16:02:05.874+0200: 15476,278: Total time for which application threads were stopped: 0,0011245 seconds, Stopping threads took: 0,0000234 seconds
2017-07-31T16:02:05.874+0200: 15476,279: [CMS-concurrent-mark-start]
2017-07-31T16:02:05.909+0200: 15476,314: [CMS-concurrent-mark: 0,035/0,035 secs] [Times: user=0,14 sys=0,00, real=0,03 secs] 
2017-07-31T16:02:05.909+0200: 15476,314: [CMS-concurrent-preclean-start]
2017-07-31T16:02:05.911+0200: 15476,315: [CMS-concurrent-preclean: 0,001/0,001 secs] [Times: user=0,00 sys=0,00, real=0,00 secs] 
2017-07-31T16:02:05.911+0200: 15476,315: [CMS-concurrent-abortable-preclean-start]
 CMS: abort preclean due to time 2017-07-31T16:02:11.999+0200: 15482,404: [CMS-concurrent-abortable-preclean: 0,084/6,088 secs] [Times: user=0,09 sys=0,00, real=6,09 secs] 
2017-07-31T16:02:11.999+0200: 15482,404: [GC (CMS Final Remark) [YG occupancy: 2753 K (109248 K)]{Heap before GC invocations=182 (full 79):
 par new generation   total 109248K, used 2753K [0x00000000e0000000, 0x00000000e8000000, 0x00000000e8000000)
  eden space 87424K,   3% used [0x00000000e0000000, 0x00000000e02aee70, 0x00000000e5560000)
  from space 21824K,   0% used [0x00000000e5560000, 0x00000000e5561830, 0x00000000e6ab0000)
  to   space 21824K,   0% used [0x00000000e6ab0000, 0x00000000e6ab0000, 0x00000000e8000000)
 concurrent mark-sweep generation total 393216K, used 239206K [0x00000000e8000000, 0x0000000100000000, 0x0000000100000000)
 Metaspace       used 32423K, capacity 32872K, committed 33476K, reserved 1079296K
  class space    used 3565K, capacity 3704K, committed 3836K, reserved 1048576K
2017-07-31T16:02:11.999+0200: 15482,404: [GC (CMS Final Remark) 2017-07-31T16:02:12.000+0200: 15482,404: [ParNew
Desired survivor size 20112992 bytes, new threshold 8 (max 8)
- age   1:        192 bytes,        192 total
- age   5:        152 bytes,        344 total
: 2753K->6K(109248K), 0,0027290 secs] 241959K->239212K(502464K), 0,0028015 secs] [Times: user=0,01 sys=0,00, real=0,01 secs] 
Heap after GC invocations=183 (full 79):
 par new generation   total 109248K, used 6K [0x00000000e0000000, 0x00000000e8000000, 0x00000000e8000000)
  eden space 87424K,   0% used [0x00000000e0000000, 0x00000000e0000000, 0x00000000e5560000)
  from space 21824K,   0% used [0x00000000e6ab0000, 0x00000000e6ab1830, 0x00000000e8000000)
  to   space 21824K,   0% used [0x00000000e5560000, 0x00000000e5560000, 0x00000000e6ab0000)
 concurrent mark-sweep generation total 393216K, used 239206K [0x00000000e8000000, 0x0000000100000000, 0x0000000100000000)
 Metaspace       used 32423K, capacity 32872K, committed 33476K, reserved 1079296K
  class space    used 3565K, capacity 3704K, committed 3836K, reserved 1048576K
}
2017-07-31T16:02:12.002+0200: 15482,407: [Rescan (parallel) , 0,0006789 secs]2017-07-31T16:02:12.003+0200: 15482,408: [weak refs processing, 0,0007494 secs]2017-07-31T16:02:12.004+0200: 15482,408: [class unloading, 0,0080163 secs]2017-07-31T16:02:12.012+0200: 15482,416: [scrub symbol table, 0,0034510 secs]2017-07-31T16:02:12.015+0200: 15482,420: [scrub string table, 0,0006640 secs][1 CMS-remark: 239206K(393216K)] 239212K(502464K), 0,0167902 secs] [Times: user=0,02 sys=0,00, real=0,02 secs] 
2017-07-31T16:02:12.016+0200: 15482,421: Total time for which application threads were stopped: 0,0169291 seconds, Stopping threads took: 0,0000354 seconds
2017-07-31T16:02:12.016+0200: 15482,421: [CMS-concurrent-sweep-start]
2017-07-31T16:02:12.045+0200: 15482,449: [CMS-concurrent-sweep: 0,029/0,029 secs] [Times: user=0,03 sys=0,00, real=0,03 secs] 
2017-07-31T16:02:12.045+0200: 15482,449: [CMS-concurrent-reset-start]
2017-07-31T16:02:12.046+0200: 15482,450: [CMS-concurrent-reset: 0,001/0,001 secs] [Times: user=0,00 sys=0,00, real=0,00 secs] 
2017-07-31T16:02:14.045+0200: 15484,449: [GC (CMS Initial Mark) [1 CMS-initial-mark: 239206K(393216K)] 240809K(502464K), 0,0006719 secs] [Times: user=0,00 sys=0,00, real=0,00 secs] 
2017-07-31T16:02:14.045+0200: 15484,450: Total time for which application threads were stopped: 0,0007697 seconds, Stopping threads took: 0,0000165 seconds
2017-07-31T16:02:14.045+0200: 15484,450: [CMS-concurrent-mark-start]
2017-07-31T16:02:14.067+0200: 15484,472: [CMS-concurrent-mark: 0,022/0,022 secs] [Times: user=0,09 sys=0,00, real=0,02 secs] 
2017-07-31T16:02:14.067+0200: 15484,472: [CMS-concurrent-preclean-start]
2017-07-31T16:02:14.069+0200: 15484,473: [CMS-concurrent-preclean: 0,001/0,001 secs] [Times: user=0,01 sys=0,00, real=0,00 secs] 
2017-07-31T16:02:14.069+0200: 15484,474: [GC (CMS Final Remark) [YG occupancy: 1603 K (109248 K)]{Heap before GC invocations=183 (full 80):
 par new generation   total 109248K, used 1603K [0x00000000e0000000, 0x00000000e8000000, 0x00000000e8000000)
  eden space 87424K,   1% used [0x00000000e0000000, 0x00000000e018f408, 0x00000000e5560000)
  from space 21824K,   0% used [0x00000000e6ab0000, 0x00000000e6ab1830, 0x00000000e8000000)
  to   space 21824K,   0% used [0x00000000e5560000, 0x00000000e5560000, 0x00000000e6ab0000)
 concurrent mark-sweep generation total 393216K, used 239206K [0x00000000e8000000, 0x0000000100000000, 0x0000000100000000)
 Metaspace       used 32423K, capacity 32872K, committed 33476K, reserved 1079296K
  class space    used 3565K, capacity 3704K, committed 3836K, reserved 1048576K
2017-07-31T16:02:14.069+0200: 15484,474: [GC (CMS Final Remark) 2017-07-31T16:02:14.069+0200: 15484,474: [ParNew
Desired survivor size 20112992 bytes, new threshold 8 (max 8)
- age   1:        216 bytes,        216 total
- age   2:        128 bytes,        344 total
- age   6:         32 bytes,        376 total
: 1603K->6K(109248K), 0,0012241 secs] 240809K->239212K(502464K), 0,0012691 secs] [Times: user=0,00 sys=0,00, real=0,00 secs] 
Heap after GC invocations=184 (full 80):
 par new generation   total 109248K, used 6K [0x00000000e0000000, 0x00000000e8000000, 0x00000000e8000000)
  eden space 87424K,   0% used [0x00000000e0000000, 0x00000000e0000000, 0x00000000e5560000)
  from space 21824K,   0% used [0x00000000e5560000, 0x00000000e5561830, 0x00000000e6ab0000)
  to   space 21824K,   0% used [0x00000000e6ab0000, 0x00000000e6ab0000, 0x00000000e8000000)
 concurrent mark-sweep generation total 393216K, used 239206K [0x00000000e8000000, 0x0000000100000000, 0x0000000100000000)
 Metaspace       used 32423K, capacity 32872K, committed 33476K, reserved 1079296K
  class space    used 3565K, capacity 3704K, committed 3836K, reserved 1048576K
}
2017-07-31T16:02:14.070+0200: 15484,475: [Rescan (parallel) , 0,0004545 secs]2017-07-31T16:02:14.071+0200: 15484,475: [weak refs processing, 0,0006279 secs]2017-07-31T16:02:14.072+0200: 15484,476: [class unloading, 0,0050911 secs]2017-07-31T16:02:14.077+0200: 15484,481: [scrub symbol table, 0,0026803 secs]2017-07-31T16:02:14.079+0200: 15484,484: [scrub string table, 0,0004569 secs][1 CMS-remark: 239206K(393216K)] 239212K(502464K), 0,0107734 secs] [Times: user=0,01 sys=0,00, real=0,01 secs] 
2017-07-31T16:02:14.080+0200: 15484,484: Total time for which application threads were stopped: 0,0108781 seconds, Stopping threads took: 0,0000160 seconds
2017-07-31T16:02:14.080+0200: 15484,484: [CMS-concurrent-sweep-start]
2017-07-31T16:02:14.111+0200: 15484,515: [CMS-concurrent-sweep: 0,031/0,031 secs] [Times: user=0,03 sys=0,00, real=0,03 secs] 
2017-07-31T16:02:14.111+0200: 15484,515: [CMS-concurrent-reset-start]
2017-07-31T16:02:14.111+0200: 15484,516: [CMS-concurrent-reset: 0,000/0,000 secs] [Times: user=0,00 sys=0,00, real=0,00 secs] 
2017-07-31T16:02:16.110+0200: 15486,515: [GC (CMS Initial Mark) [1 CMS-initial-mark: 239206K(393216K)] 240414K(502464K), 0,0007329 secs] [Times: user=0,00 sys=0,00, real=0,01 secs] 
2017-07-31T16:02:16.112+0200: 15486,517: Total time for which application threads were stopped: 0,0018066 seconds, Stopping threads took: 0,0000194 seconds
2017-07-31T16:02:16.112+0200: 15486,517: [CMS-concurrent-mark-start]
2017-07-31T16:02:16.136+0200: 15486,540: [CMS-concurrent-mark: 0,024/0,024 secs] [Times: user=0,09 sys=0,00, real=0,02 secs] 
2017-07-31T16:02:16.136+0200: 15486,540: [CMS-concurrent-preclean-start]
2017-07-31T16:02:16.137+0200: 15486,542: [CMS-concurrent-preclean: 0,001/0,001 secs] [Times: user=0,00 sys=0,00, real=0,00 secs] 
2017-07-31T16:02:16.137+0200: 15486,542: [GC (CMS Final Remark) [YG occupancy: 1208 K (109248 K)]{Heap before GC invocations=184 (full 81):
 par new generation   total 109248K, used 1208K [0x00000000e0000000, 0x00000000e8000000, 0x00000000e8000000)
  eden space 87424K,   1% used [0x00000000e0000000, 0x00000000e012ca78, 0x00000000e5560000)
  from space 21824K,   0% used [0x00000000e5560000, 0x00000000e5561830, 0x00000000e6ab0000)
  to   space 21824K,   0% used [0x00000000e6ab0000, 0x00000000e6ab0000, 0x00000000e8000000)
 concurrent mark-sweep generation total 393216K, used 239206K [0x00000000e8000000, 0x0000000100000000, 0x0000000100000000)
 Metaspace       used 32423K, capacity 32872K, committed 33476K, reserved 1079296K
  class space    used 3565K, capacity 3704K, committed 3836K, reserved 1048576K
2017-07-31T16:02:16.137+0200: 15486,542: [GC (CMS Final Remark) 2017-07-31T16:02:16.137+0200: 15486,542: [ParNew
Desired survivor size 20112992 bytes, new threshold 8 (max 8)
- age   1:         96 bytes,         96 total
- age   2:        216 bytes,        312 total
- age   3:         32 bytes,        344 total
- age   7:         32 bytes,        376 total
: 1208K->8K(109248K), 0,0014972 secs] 240414K->239214K(502464K), 0,0015579 secs] [Times: user=0,01 sys=0,00, real=0,00 secs] 
Heap after GC invocations=185 (full 81):
 par new generation   total 109248K, used 8K [0x00000000e0000000, 0x00000000e8000000, 0x00000000e8000000)
  eden space 87424K,   0% used [0x00000000e0000000, 0x00000000e0000000, 0x00000000e5560000)
  from space 21824K,   0% used [0x00000000e6ab0000, 0x00000000e6ab2040, 0x00000000e8000000)
  to   space 21824K,   0% used [0x00000000e5560000, 0x00000000e5560000, 0x00000000e6ab0000)
 concurrent mark-sweep generation total 393216K, used 239206K [0x00000000e8000000, 0x0000000100000000, 0x0000000100000000)
 Metaspace       used 32423K, capacity 32872K, committed 33476K, reserved 1079296K
  class space    used 3565K, capacity 3704K, committed 3836K, reserved 1048576K
}
2017-07-31T16:02:16.139+0200: 15486,543: [Rescan (parallel) , 0,0013506 secs]2017-07-31T16:02:16.140+0200: 15486,545: [weak refs processing, 0,0008609 secs]2017-07-31T16:02:16.141+0200: 15486,546: [class unloading, 0,0062955 secs]2017-07-31T16:02:16.148+0200: 15486,552: [scrub symbol table, 0,0031537 secs]2017-07-31T16:02:16.151+0200: 15486,555: [scrub string table, 0,0005366 secs][1 CMS-remark: 239206K(393216K)] 239214K(502464K), 0,0141486 secs] [Times: user=0,02 sys=0,00, real=0,01 secs] 
2017-07-31T16:02:16.151+0200: 15486,556: Total time for which application threads were stopped: 0,0142821 seconds, Stopping threads took: 0,0000246 seconds
2017-07-31T16:02:16.152+0200: 15486,556: [CMS-concurrent-sweep-start]
2017-07-31T16:02:16.187+0200: 15486,591: [CMS-concurrent-sweep: 0,035/0,035 secs] [Times: user=0,04 sys=0,00, real=0,04 secs] 
2017-07-31T16:02:16.187+0200: 15486,591: [CMS-concurrent-reset-start]
2017-07-31T16:02:16.187+0200: 15486,592: [CMS-concurrent-reset: 0,001/0,001 secs] [Times: user=0,00 sys=0,00, real=0,00 secs] 
2017-07-31T16:02:18.187+0200: 15488,591: [GC (CMS Initial Mark) [1 CMS-initial-mark: 239206K(393216K)] 239214K(502464K), 0,0005223 secs] [Times: user=0,00 sys=0,00, real=0,00 secs] 
2017-07-31T16:02:18.187+0200: 15488,592: Total time for which application threads were stopped: 0,0006802 seconds, Stopping threads took: 0,0000219 seconds
2017-07-31T16:02:18.187+0200: 15488,592: [CMS-concurrent-mark-start]
2017-07-31T16:02:18.206+0200: 15488,611: [CMS-concurrent-mark: 0,019/0,019 secs] [Times: user=0,07 sys=0,01, real=0,02 secs] 
2017-07-31T16:02:18.206+0200: 15488,611: [CMS-concurrent-preclean-start]
2017-07-31T16:02:18.207+0200: 15488,612: [CMS-concurrent-preclean: 0,001/0,001 secs] [Times: user=0,00 sys=0,00, real=0,00 secs] 
2017-07-31T16:02:18.207+0200: 15488,612: [GC (CMS Final Remark) [YG occupancy: 8 K (109248 K)]{Heap before GC invocations=185 (full 82):
 par new generation   total 109248K, used 8K [0x00000000e0000000, 0x00000000e8000000, 0x00000000e8000000)
  eden space 87424K,   0% used [0x00000000e0000000, 0x00000000e0000000, 0x00000000e5560000)
  from space 21824K,   0% used [0x00000000e6ab0000, 0x00000000e6ab2040, 0x00000000e8000000)
  to   space 21824K,   0% used [0x00000000e5560000, 0x00000000e5560000, 0x00000000e6ab0000)
 concurrent mark-sweep generation total 393216K, used 239206K [0x00000000e8000000, 0x0000000100000000, 0x0000000100000000)
 Metaspace       used 32423K, capacity 32872K, committed 33476K, reserved 1079296K
  class space    used 3565K, capacity 3704K, committed 3836K, reserved 1048576K
2017-07-31T16:02:18.207+0200: 15488,612: [GC (CMS Final Remark) 2017-07-31T16:02:18.207+0200: 15488,612: [ParNew
Desired survivor size 20112992 bytes, new threshold 8 (max 8)
- age   2:         96 bytes,         96 total
- age   3:        216 bytes,        312 total
- age   4:         32 bytes,        344 total
- age   8:         32 bytes,        376 total
: 8K->8K(109248K), 0,0011817 secs] 239214K->239214K(502464K), 0,0012099 secs] [Times: user=0,00 sys=0,00, real=0,00 secs] 
Heap after GC invocations=186 (full 82):
 par new generation   total 109248K, used 8K [0x00000000e0000000, 0x00000000e8000000, 0x00000000e8000000)
  eden space 87424K,   0% used [0x00000000e0000000, 0x00000000e0000000, 0x00000000e5560000)
  from space 21824K,   0% used [0x00000000e5560000, 0x00000000e5562040, 0x00000000e6ab0000)
  to   space 21824K,   0% used [0x00000000e6ab0000, 0x00000000e6ab0000, 0x00000000e8000000)
 concurrent mark-sweep generation total 393216K, used 239206K [0x00000000e8000000, 0x0000000100000000, 0x0000000100000000)
 Metaspace       used 32423K, capacity 32872K, committed 33476K, reserved 1079296K
  class space    used 3565K, capacity 3704K, committed 3836K, reserved 1048576K
}
2017-07-31T16:02:18.209+0200: 15488,613: [Rescan (parallel) , 0,0004707 secs]2017-07-31T16:02:18.209+0200: 15488,614: [weak refs processing, 0,0002532 secs]2017-07-31T16:02:18.209+0200: 15488,614: [class unloading, 0,0048992 secs]2017-07-31T16:02:18.214+0200: 15488,619: [scrub symbol table, 0,0026338 secs]2017-07-31T16:02:18.217+0200: 15488,621: [scrub string table, 0,0004573 secs][1 CMS-remark: 239206K(393216K)] 239214K(502464K), 0,0101543 secs] [Times: user=0,02 sys=0,00, real=0,01 secs] 
2017-07-31T16:02:18.218+0200: 15488,622: Total time for which application threads were stopped: 0,0102558 seconds, Stopping threads took: 0,0000235 seconds
2017-07-31T16:02:18.218+0200: 15488,622: [CMS-concurrent-sweep-start]
2017-07-31T16:02:18.238+0200: 15488,642: [CMS-concurrent-sweep: 0,020/0,020 secs] [Times: user=0,02 sys=0,00, real=0,02 secs] 
2017-07-31T16:02:18.238+0200: 15488,642: [CMS-concurrent-reset-start]
2017-07-31T16:02:18.238+0200: 15488,643: [CMS-concurrent-reset: 0,001/0,001 secs] [Times: user=0,00 sys=0,00, real=0,00 secs] 
2017-07-31T16:02:20.238+0200: 15490,642: [GC (CMS Initial Mark) [1 CMS-initial-mark: 239206K(393216K)] 241961K(502464K), 0,0006926 secs] [Times: user=0,00 sys=0,00, real=0,00 secs] 
2017-07-31T16:02:20.238+0200: 15490,643: Total time for which application threads were stopped: 0,0008138 seconds, Stopping threads took: 0,0000171 seconds
2017-07-31T16:02:20.238+0200: 15490,643: [CMS-concurrent-mark-start]
2017-07-31T16:02:20.263+0200: 15490,667: [CMS-concurrent-mark: 0,024/0,024 secs] [Times: user=0,09 sys=0,00, real=0,03 secs] 
2017-07-31T16:02:20.263+0200: 15490,667: [CMS-concurrent-preclean-start]
2017-07-31T16:02:20.264+0200: 15490,668: [CMS-concurrent-preclean: 0,001/0,001 secs] [Times: user=0,00 sys=0,00, real=0,00 secs] 
2017-07-31T16:02:20.264+0200: 15490,668: [CMS-concurrent-abortable-preclean-start]
 CMS: abort preclean due to time 2017-07-31T16:02:26.348+0200: 15496,752: [CMS-concurrent-abortable-preclean: 0,079/6,084 secs] [Times: user=0,09 sys=0,00, real=6,08 secs] 
2017-07-31T16:02:26.348+0200: 15496,753: [GC (CMS Final Remark) [YG occupancy: 2755 K (109248 K)]{Heap before GC invocations=186 (full 83):
 par new generation   total 109248K, used 2755K [0x00000000e0000000, 0x00000000e8000000, 0x00000000e8000000)
  eden space 87424K,   3% used [0x00000000e0000000, 0x00000000e02aee70, 0x00000000e5560000)
  from space 21824K,   0% used [0x00000000e5560000, 0x00000000e5562040, 0x00000000e6ab0000)
  to   space 21824K,   0% used [0x00000000e6ab0000, 0x00000000e6ab0000, 0x00000000e8000000)
 concurrent mark-sweep generation total 393216K, used 239206K [0x00000000e8000000, 0x0000000100000000, 0x0000000100000000)
 Metaspace       used 32423K, capacity 32872K, committed 33476K, reserved 1079296K
  class space    used 3565K, capacity 3704K, committed 3836K, reserved 1048576K
2017-07-31T16:02:26.350+0200: 15496,754: [GC (CMS Final Remark) 2017-07-31T16:02:26.350+0200: 15496,754: [ParNew
Desired survivor size 20112992 bytes, new threshold 8 (max 8)
- age   1:        192 bytes,        192 total
- age   4:        152 bytes,        344 total
: 2755K->8K(109248K), 0,0027255 secs] 241961K->239214K(502464K), 0,0027912 secs] [Times: user=0,00 sys=0,01, real=0,01 secs] 
Heap after GC invocations=187 (full 83):
 par new generation   total 109248K, used 8K [0x00000000e0000000, 0x00000000e8000000, 0x00000000e8000000)
  eden space 87424K,   0% used [0x00000000e0000000, 0x00000000e0000000, 0x00000000e5560000)
  from space 21824K,   0% used [0x00000000e6ab0000, 0x00000000e6ab2040, 0x00000000e8000000)
  to   space 21824K,   0% used [0x00000000e5560000, 0x00000000e5560000, 0x00000000e6ab0000)
 concurrent mark-sweep generation total 393216K, used 239206K [0x00000000e8000000, 0x0000000100000000, 0x0000000100000000)
 Metaspace       used 32423K, capacity 32872K, committed 33476K, reserved 1079296K
  class space    used 3565K, capacity 3704K, committed 3836K, reserved 1048576K
}
2017-07-31T16:02:26.353+0200: 15496,757: [Rescan (parallel) , 0,0007655 secs]2017-07-31T16:02:26.353+0200: 15496,758: [weak refs processing, 0,0005629 secs]2017-07-31T16:02:26.354+0200: 15496,758: [class unloading, 0,0093604 secs]2017-07-31T16:02:26.363+0200: 15496,768: [scrub symbol table, 0,0039348 secs]2017-07-31T16:02:26.367+0200: 15496,772: [scrub string table, 0,0007443 secs][1 CMS-remark: 239206K(393216K)] 239214K(502464K), 0,0200907 secs] [Times: user=0,02 sys=0,01, real=0,02 secs] 
2017-07-31T16:02:26.368+0200: 15496,773: Total time for which application threads were stopped: 0,0202597 seconds, Stopping threads took: 0,0000255 seconds
2017-07-31T16:02:26.368+0200: 15496,773: [CMS-concurrent-sweep-start]
2017-07-31T16:02:26.400+0200: 15496,805: [CMS-concurrent-sweep: 0,032/0,032 secs] [Times: user=0,03 sys=0,00, real=0,04 secs] 
2017-07-31T16:02:26.400+0200: 15496,805: [CMS-concurrent-reset-start]
2017-07-31T16:02:26.401+0200: 15496,805: [CMS-concurrent-reset: 0,001/0,001 secs] [Times: user=0,00 sys=0,00, real=0,00 secs] 
2017-07-31T16:02:28.400+0200: 15498,805: [GC (CMS Initial Mark) [1 CMS-initial-mark: 239206K(393216K)] 239214K(502464K), 0,0009203 secs] [Times: user=0,00 sys=0,00, real=0,00 secs] 
2017-07-31T16:02:28.401+0200: 15498,806: Total time for which application threads were stopped: 0,0010963 seconds, Stopping threads took: 0,0000315 seconds
2017-07-31T16:02:28.401+0200: 15498,806: [CMS-concurrent-mark-start]
2017-07-31T16:02:28.438+0200: 15498,842: [CMS-concurrent-mark: 0,037/0,037 secs] [Times: user=0,15 sys=0,00, real=0,03 secs] 
2017-07-31T16:02:28.438+0200: 15498,842: [CMS-concurrent-preclean-start]
2017-07-31T16:02:28.439+0200: 15498,844: [CMS-concurrent-preclean: 0,001/0,001 secs] [Times: user=0,00 sys=0,00, real=0,00 secs] 
2017-07-31T16:02:28.439+0200: 15498,844: [GC (CMS Final Remark) [YG occupancy: 8 K (109248 K)]{Heap before GC invocations=187 (full 84):
 par new generation   total 109248K, used 8K [0x00000000e0000000, 0x00000000e8000000, 0x00000000e8000000)
  eden space 87424K,   0% used [0x00000000e0000000, 0x00000000e0000000, 0x00000000e5560000)
  from space 21824K,   0% used [0x00000000e6ab0000, 0x00000000e6ab2040, 0x00000000e8000000)
  to   space 21824K,   0% used [0x00000000e5560000, 0x00000000e5560000, 0x00000000e6ab0000)
 concurrent mark-sweep generation total 393216K, used 239206K [0x00000000e8000000, 0x0000000100000000, 0x0000000100000000)
 Metaspace       used 32423K, capacity 32872K, committed 33476K, reserved 1079296K
  class space    used 3565K, capacity 3704K, committed 3836K, reserved 1048576K
2017-07-31T16:02:28.439+0200: 15498,844: [GC (CMS Final Remark) 2017-07-31T16:02:28.439+0200: 15498,844: [ParNew
Desired survivor size 20112992 bytes, new threshold 8 (max 8)
- age   2:        192 bytes,        192 total
- age   5:        152 bytes,        344 total
: 8K->6K(109248K), 0,0021674 secs] 239214K->239212K(502464K), 0,0022107 secs] [Times: user=0,00 sys=0,00, real=0,01 secs] 
Heap after GC invocations=188 (full 84):
 par new generation   total 109248K, used 6K [0x00000000e0000000, 0x00000000e8000000, 0x00000000e8000000)
  eden space 87424K,   0% used [0x00000000e0000000, 0x00000000e0000000, 0x00000000e5560000)
  from space 21824K,   0% used [0x00000000e5560000, 0x00000000e5561830, 0x00000000e6ab0000)
  to   space 21824K,   0% used [0x00000000e6ab0000, 0x00000000e6ab0000, 0x00000000e8000000)
 concurrent mark-sweep generation total 393216K, used 239206K [0x00000000e8000000, 0x0000000100000000, 0x0000000100000000)
 Metaspace       used 32423K, capacity 32872K, committed 33476K, reserved 1079296K
  class space    used 3565K, capacity 3704K, committed 3836K, reserved 1048576K
}
2017-07-31T16:02:28.442+0200: 15498,846: [Rescan (parallel) , 0,0005343 secs]2017-07-31T16:02:28.442+0200: 15498,847: [weak refs processing, 0,0004284 secs]2017-07-31T16:02:28.443+0200: 15498,847: [class unloading, 0,0074890 secs]2017-07-31T16:02:28.450+0200: 15498,855: [scrub symbol table, 0,0034912 secs]2017-07-31T16:02:28.454+0200: 15498,858: [scrub string table, 0,0006501 secs][1 CMS-remark: 239206K(393216K)] 239212K(502464K), 0,0150774 secs] [Times: user=0,02 sys=0,00, real=0,02 secs] 
2017-07-31T16:02:28.454+0200: 15498,859: Total time for which application threads were stopped: 0,0152140 seconds, Stopping threads took: 0,0000191 seconds
2017-07-31T16:02:28.455+0200: 15498,859: [CMS-concurrent-sweep-start]
2017-07-31T16:02:28.483+0200: 15498,888: [CMS-concurrent-sweep: 0,029/0,029 secs] [Times: user=0,03 sys=0,00, real=0,03 secs] 
2017-07-31T16:02:28.483+0200: 15498,888: [CMS-concurrent-reset-start]
2017-07-31T16:02:28.484+0200: 15498,889: [CMS-concurrent-reset: 0,001/0,001 secs] [Times: user=0,00 sys=0,00, real=0,00 secs] 
2017-07-31T16:02:30.483+0200: 15500,888: [GC (CMS Initial Mark) [1 CMS-initial-mark: 239206K(393216K)] 241959K(502464K), 0,0009746 secs] [Times: user=0,00 sys=0,00, real=0,00 secs] 
2017-07-31T16:02:30.484+0200: 15500,889: Total time for which application threads were stopped: 0,0011248 seconds, Stopping threads took: 0,0000253 seconds
2017-07-31T16:02:30.484+0200: 15500,889: [CMS-concurrent-mark-start]
2017-07-31T16:02:30.514+0200: 15500,919: [CMS-concurrent-mark: 0,030/0,030 secs] [Times: user=0,12 sys=0,00, real=0,03 secs] 
2017-07-31T16:02:30.514+0200: 15500,919: [CMS-concurrent-preclean-start]
2017-07-31T16:02:30.515+0200: 15500,920: [CMS-concurrent-preclean: 0,001/0,001 secs] [Times: user=0,00 sys=0,00, real=0,00 secs] 
2017-07-31T16:02:30.515+0200: 15500,920: [CMS-concurrent-abortable-preclean-start]
 CMS: abort preclean due to time 2017-07-31T16:02:36.586+0200: 15506,991: [CMS-concurrent-abortable-preclean: 0,066/6,071 secs] [Times: user=0,07 sys=0,00, real=6,07 secs] 
2017-07-31T16:02:36.586+0200: 15506,991: [GC (CMS Final Remark) [YG occupancy: 2753 K (109248 K)]{Heap before GC invocations=188 (full 85):
 par new generation   total 109248K, used 2753K [0x00000000e0000000, 0x00000000e8000000, 0x00000000e8000000)
  eden space 87424K,   3% used [0x00000000e0000000, 0x00000000e02aee70, 0x00000000e5560000)
  from space 21824K,   0% used [0x00000000e5560000, 0x00000000e5561830, 0x00000000e6ab0000)
  to   space 21824K,   0% used [0x00000000e6ab0000, 0x00000000e6ab0000, 0x00000000e8000000)
 concurrent mark-sweep generation total 393216K, used 239206K [0x00000000e8000000, 0x0000000100000000, 0x0000000100000000)
 Metaspace       used 32423K, capacity 32872K, committed 33476K, reserved 1079296K
  class space    used 3565K, capacity 3704K, committed 3836K, reserved 1048576K
2017-07-31T16:02:36.586+0200: 15506,991: [GC (CMS Final Remark) 2017-07-31T16:02:36.587+0200: 15506,991: [ParNew
Desired survivor size 20112992 bytes, new threshold 8 (max 8)
- age   1:        192 bytes,        192 total
- age   6:        152 bytes,        344 total
: 2753K->6K(109248K), 0,0015933 secs] 241959K->239212K(502464K), 0,0016324 secs] [Times: user=0,00 sys=0,00, real=0,00 secs] 
Heap after GC invocations=189 (full 85):
 par new generation   total 109248K, used 6K [0x00000000e0000000, 0x00000000e8000000, 0x00000000e8000000)
  eden space 87424K,   0% used [0x00000000e0000000, 0x00000000e0000000, 0x00000000e5560000)
  from space 21824K,   0% used [0x00000000e6ab0000, 0x00000000e6ab1830, 0x00000000e8000000)
  to   space 21824K,   0% used [0x00000000e5560000, 0x00000000e5560000, 0x00000000e6ab0000)
 concurrent mark-sweep generation total 393216K, used 239206K [0x00000000e8000000, 0x0000000100000000, 0x0000000100000000)
 Metaspace       used 32423K, capacity 32872K, committed 33476K, reserved 1079296K
  class space    used 3565K, capacity 3704K, committed 3836K, reserved 1048576K
}
2017-07-31T16:02:36.588+0200: 15506,993: [Rescan (parallel) , 0,0004679 secs]2017-07-31T16:02:36.589+0200: 15506,993: [weak refs processing, 0,0003978 secs]2017-07-31T16:02:36.589+0200: 15506,994: [class unloading, 0,0076498 secs]2017-07-31T16:02:36.597+0200: 15507,001: [scrub symbol table, 0,0035493 secs]2017-07-31T16:02:36.600+0200: 15507,005: [scrub string table, 0,0007026 secs][1 CMS-remark: 239206K(393216K)] 239212K(502464K), 0,0148835 secs] [Times: user=0,02 sys=0,01, real=0,02 secs] 
2017-07-31T16:02:36.601+0200: 15507,006: Total time for which application threads were stopped: 0,0150305 seconds, Stopping threads took: 0,0000335 seconds
2017-07-31T16:02:36.601+0200: 15507,006: [CMS-concurrent-sweep-start]
2017-07-31T16:02:36.628+0200: 15507,033: [CMS-concurrent-sweep: 0,027/0,027 secs] [Times: user=0,02 sys=0,00, real=0,02 secs] 
2017-07-31T16:02:36.628+0200: 15507,033: [CMS-concurrent-reset-start]
2017-07-31T16:02:36.629+0200: 15507,033: [CMS-concurrent-reset: 0,001/0,001 secs] [Times: user=0,00 sys=0,00, real=0,00 secs] 
2017-07-31T16:02:38.628+0200: 15509,033: [GC (CMS Initial Mark) [1 CMS-initial-mark: 239206K(393216K)] 239212K(502464K), 0,0008623 secs] [Times: user=0,00 sys=0,00, real=0,00 secs] 
2017-07-31T16:02:38.629+0200: 15509,033: Total time for which application threads were stopped: 0,0010829 seconds, Stopping threads took: 0,0000652 seconds
2017-07-31T16:02:38.629+0200: 15509,034: [CMS-concurrent-mark-start]
2017-07-31T16:02:38.655+0200: 15509,060: [CMS-concurrent-mark: 0,026/0,026 secs] [Times: user=0,11 sys=0,00, real=0,03 secs] 
2017-07-31T16:02:38.655+0200: 15509,060: [CMS-concurrent-preclean-start]
2017-07-31T16:02:38.656+0200: 15509,061: [CMS-concurrent-preclean: 0,001/0,001 secs] [Times: user=0,00 sys=0,00, real=0,00 secs] 
2017-07-31T16:02:38.657+0200: 15509,061: [GC (CMS Final Remark) [YG occupancy: 6 K (109248 K)]{Heap before GC invocations=189 (full 86):
 par new generation   total 109248K, used 6K [0x00000000e0000000, 0x00000000e8000000, 0x00000000e8000000)
  eden space 87424K,   0% used [0x00000000e0000000, 0x00000000e0000000, 0x00000000e5560000)
  from space 21824K,   0% used [0x00000000e6ab0000, 0x00000000e6ab1830, 0x00000000e8000000)
  to   space 21824K,   0% used [0x00000000e5560000, 0x00000000e5560000, 0x00000000e6ab0000)
 concurrent mark-sweep generation total 393216K, used 239206K [0x00000000e8000000, 0x0000000100000000, 0x0000000100000000)
 Metaspace       used 32423K, capacity 32872K, committed 33476K, reserved 1079296K
  class space    used 3565K, capacity 3704K, committed 3836K, reserved 1048576K
2017-07-31T16:02:38.657+0200: 15509,061: [GC (CMS Final Remark) 2017-07-31T16:02:38.657+0200: 15509,061: [ParNew
Desired survivor size 20112992 bytes, new threshold 8 (max 8)
- age   2:        192 bytes,        192 total
- age   7:        152 bytes,        344 total
: 6K->6K(109248K), 0,0023821 secs] 239212K->239212K(502464K), 0,0024228 secs] [Times: user=0,01 sys=0,00, real=0,00 secs] 
Heap after GC invocations=190 (full 86):
 par new generation   total 109248K, used 6K [0x00000000e0000000, 0x00000000e8000000, 0x00000000e8000000)
  eden space 87424K,   0% used [0x00000000e0000000, 0x00000000e0000000, 0x00000000e5560000)
  from space 21824K,   0% used [0x00000000e5560000, 0x00000000e5561830, 0x00000000e6ab0000)
  to   space 21824K,   0% used [0x00000000e6ab0000, 0x00000000e6ab0000, 0x00000000e8000000)
 concurrent mark-sweep generation total 393216K, used 239206K [0x00000000e8000000, 0x0000000100000000, 0x0000000100000000)
 Metaspace       used 32423K, capacity 32872K, committed 33476K, reserved 1079296K
  class space    used 3565K, capacity 3704K, committed 3836K, reserved 1048576K
}
2017-07-31T16:02:38.659+0200: 15509,064: [Rescan (parallel) , 0,0006168 secs]2017-07-31T16:02:38.660+0200: 15509,064: [weak refs processing, 0,0011934 secs]2017-07-31T16:02:38.661+0200: 15509,065: [class unloading, 0,0067684 secs]2017-07-31T16:02:38.668+0200: 15509,072: [scrub symbol table, 0,0032922 secs]2017-07-31T16:02:38.671+0200: 15509,076: [scrub string table, 0,0005959 secs][1 CMS-remark: 239206K(393216K)] 239212K(502464K), 0,0151881 secs] [Times: user=0,02 sys=0,01, real=0,01 secs] 
2017-07-31T16:02:38.672+0200: 15509,076: Total time for which application threads were stopped: 0,0153086 seconds, Stopping threads took: 0,0000199 seconds
2017-07-31T16:02:38.672+0200: 15509,076: [CMS-concurrent-sweep-start]
2017-07-31T16:02:38.699+0200: 15509,103: [CMS-concurrent-sweep: 0,027/0,027 secs] [Times: user=0,02 sys=0,00, real=0,03 secs] 
2017-07-31T16:02:38.699+0200: 15509,103: [CMS-concurrent-reset-start]
2017-07-31T16:02:38.699+0200: 15509,104: [CMS-concurrent-reset: 0,001/0,001 secs] [Times: user=0,00 sys=0,00, real=0,00 secs] 
2017-07-31T16:02:40.698+0200: 15511,103: [GC (CMS Initial Mark) [1 CMS-initial-mark: 239206K(393216K)] 241959K(502464K), 0,0008042 secs] [Times: user=0,00 sys=0,00, real=0,00 secs] 
2017-07-31T16:02:40.699+0200: 15511,104: Total time for which application threads were stopped: 0,0009475 seconds, Stopping threads took: 0,0000253 seconds
2017-07-31T16:02:40.699+0200: 15511,104: [CMS-concurrent-mark-start]
2017-07-31T16:02:40.731+0200: 15511,135: [CMS-concurrent-mark: 0,031/0,031 secs] [Times: user=0,12 sys=0,00, real=0,03 secs] 
2017-07-31T16:02:40.731+0200: 15511,135: [CMS-concurrent-preclean-start]
2017-07-31T16:02:40.732+0200: 15511,137: [CMS-concurrent-preclean: 0,001/0,001 secs] [Times: user=0,00 sys=0,00, real=0,01 secs] 
2017-07-31T16:02:40.732+0200: 15511,137: [CMS-concurrent-abortable-preclean-start]
 CMS: abort preclean due to time 2017-07-31T16:02:46.816+0200: 15517,220: [CMS-concurrent-abortable-preclean: 0,079/6,083 secs] [Times: user=0,09 sys=0,00, real=6,08 secs] 
2017-07-31T16:02:46.816+0200: 15517,220: [GC (CMS Final Remark) [YG occupancy: 2805 K (109248 K)]{Heap before GC invocations=190 (full 87):
 par new generation   total 109248K, used 2805K [0x00000000e0000000, 0x00000000e8000000, 0x00000000e8000000)
  eden space 87424K,   3% used [0x00000000e0000000, 0x00000000e02bbe80, 0x00000000e5560000)
  from space 21824K,   0% used [0x00000000e5560000, 0x00000000e5561830, 0x00000000e6ab0000)
  to   space 21824K,   0% used [0x00000000e6ab0000, 0x00000000e6ab0000, 0x00000000e8000000)
 concurrent mark-sweep generation total 393216K, used 239206K [0x00000000e8000000, 0x0000000100000000, 0x0000000100000000)
 Metaspace       used 32423K, capacity 32872K, committed 33476K, reserved 1079296K
  class space    used 3565K, capacity 3704K, committed 3836K, reserved 1048576K
2017-07-31T16:02:46.816+0200: 15517,220: [GC (CMS Final Remark) 2017-07-31T16:02:46.816+0200: 15517,220: [ParNew
Desired survivor size 20112992 bytes, new threshold 8 (max 8)
- age   1:        344 bytes,        344 total
- age   8:         32 bytes,        376 total
: 2805K->6K(109248K), 0,0018339 secs] 242011K->239212K(502464K), 0,0018897 secs] [Times: user=0,00 sys=0,00, real=0,00 secs] 
Heap after GC invocations=191 (full 87):
 par new generation   total 109248K, used 6K [0x00000000e0000000, 0x00000000e8000000, 0x00000000e8000000)
  eden space 87424K,   0% used [0x00000000e0000000, 0x00000000e0000000, 0x00000000e5560000)
  from space 21824K,   0% used [0x00000000e6ab0000, 0x00000000e6ab1830, 0x00000000e8000000)
  to   space 21824K,   0% used [0x00000000e5560000, 0x00000000e5560000, 0x00000000e6ab0000)
 concurrent mark-sweep generation total 393216K, used 239206K [0x00000000e8000000, 0x0000000100000000, 0x0000000100000000)
 Metaspace       used 32423K, capacity 32872K, committed 33476K, reserved 1079296K
  class space    used 3565K, capacity 3704K, committed 3836K, reserved 1048576K
}
2017-07-31T16:02:46.818+0200: 15517,222: [Rescan (parallel) , 0,0005903 secs]2017-07-31T16:02:46.818+0200: 15517,223: [weak refs processing, 0,0004413 secs]2017-07-31T16:02:46.819+0200: 15517,223: [class unloading, 0,0069260 secs]2017-07-31T16:02:46.826+0200: 15517,230: [scrub symbol table, 0,0035497 secs]2017-07-31T16:02:46.829+0200: 15517,234: [scrub string table, 0,0005931 secs][1 CMS-remark: 239206K(393216K)] 239212K(502464K), 0,0143004 secs] [Times: user=0,01 sys=0,00, real=0,01 secs] 
2017-07-31T16:02:46.830+0200: 15517,235: Total time for which application threads were stopped: 0,0144309 seconds, Stopping threads took: 0,0000379 seconds
2017-07-31T16:02:46.830+0200: 15517,235: [CMS-concurrent-sweep-start]
2017-07-31T16:02:46.857+0200: 15517,261: [CMS-concurrent-sweep: 0,026/0,026 secs] [Times: user=0,03 sys=0,00, real=0,03 secs] 
2017-07-31T16:02:46.857+0200: 15517,261: [CMS-concurrent-reset-start]
2017-07-31T16:02:46.857+0200: 15517,262: [CMS-concurrent-reset: 0,001/0,001 secs] [Times: user=0,00 sys=0,00, real=0,00 secs] 
2017-07-31T16:02:48.857+0200: 15519,261: [GC (CMS Initial Mark) [1 CMS-initial-mark: 239206K(393216K)] 239212K(502464K), 0,0008875 secs] [Times: user=0,00 sys=0,00, real=0,00 secs] 
2017-07-31T16:02:48.858+0200: 15519,262: Total time for which application threads were stopped: 0,0010408 seconds, Stopping threads took: 0,0000276 seconds
2017-07-31T16:02:48.858+0200: 15519,262: [CMS-concurrent-mark-start]
2017-07-31T16:02:48.882+0200: 15519,287: [CMS-concurrent-mark: 0,025/0,025 secs] [Times: user=0,10 sys=0,00, real=0,03 secs] 
2017-07-31T16:02:48.882+0200: 15519,287: [CMS-concurrent-preclean-start]
2017-07-31T16:02:48.884+0200: 15519,288: [CMS-concurrent-preclean: 0,001/0,001 secs] [Times: user=0,00 sys=0,00, real=0,00 secs] 
2017-07-31T16:02:48.884+0200: 15519,288: [GC (CMS Final Remark) [YG occupancy: 6 K (109248 K)]{Heap before GC invocations=191 (full 88):
 par new generation   total 109248K, used 6K [0x00000000e0000000, 0x00000000e8000000, 0x00000000e8000000)
  eden space 87424K,   0% used [0x00000000e0000000, 0x00000000e0000000, 0x00000000e5560000)
  from space 21824K,   0% used [0x00000000e6ab0000, 0x00000000e6ab1830, 0x00000000e8000000)
  to   space 21824K,   0% used [0x00000000e5560000, 0x00000000e5560000, 0x00000000e6ab0000)
 concurrent mark-sweep generation total 393216K, used 239206K [0x00000000e8000000, 0x0000000100000000, 0x0000000100000000)
 Metaspace       used 32423K, capacity 32872K, committed 33476K, reserved 1079296K
  class space    used 3565K, capacity 3704K, committed 3836K, reserved 1048576K
2017-07-31T16:02:48.884+0200: 15519,288: [GC (CMS Final Remark) 2017-07-31T16:02:48.884+0200: 15519,288: [ParNew
Desired survivor size 20112992 bytes, new threshold 8 (max 8)
- age   2:        344 bytes,        344 total
: 6K->6K(109248K), 0,0019751 secs] 239212K->239212K(502464K), 0,0020172 secs] [Times: user=0,01 sys=0,00, real=0,00 secs] 
Heap after GC invocations=192 (full 88):
 par new generation   total 109248K, used 6K [0x00000000e0000000, 0x00000000e8000000, 0x00000000e8000000)
  eden space 87424K,   0% used [0x00000000e0000000, 0x00000000e0000000, 0x00000000e5560000)
  from space 21824K,   0% used [0x00000000e5560000, 0x00000000e5561830, 0x00000000e6ab0000)
  to   space 21824K,   0% used [0x00000000e6ab0000, 0x00000000e6ab0000, 0x00000000e8000000)
 concurrent mark-sweep generation total 393216K, used 239206K [0x00000000e8000000, 0x0000000100000000, 0x0000000100000000)
 Metaspace       used 32423K, capacity 32872K, committed 33476K, reserved 1079296K
  class space    used 3565K, capacity 3704K, committed 3836K, reserved 1048576K
}
2017-07-31T16:02:48.886+0200: 15519,290: [Rescan (parallel) , 0,0005528 secs]2017-07-31T16:02:48.886+0200: 15519,291: [weak refs processing, 0,0004294 secs]2017-07-31T16:02:48.887+0200: 15519,291: [class unloading, 0,0068345 secs]2017-07-31T16:02:48.894+0200: 15519,298: [scrub symbol table, 0,0047011 secs]2017-07-31T16:02:48.898+0200: 15519,303: [scrub string table, 0,0006597 secs][1 CMS-remark: 239206K(393216K)] 239212K(502464K), 0,0156058 secs] [Times: user=0,03 sys=0,00, real=0,01 secs] 
2017-07-31T16:02:48.899+0200: 15519,304: Total time for which application threads were stopped: 0,0157247 seconds, Stopping threads took: 0,0000234 seconds
2017-07-31T16:02:48.899+0200: 15519,304: [CMS-concurrent-sweep-start]
2017-07-31T16:02:48.926+0200: 15519,331: [CMS-concurrent-sweep: 0,027/0,027 secs] [Times: user=0,02 sys=0,00, real=0,03 secs] 
2017-07-31T16:02:48.926+0200: 15519,331: [CMS-concurrent-reset-start]
2017-07-31T16:02:48.927+0200: 15519,331: [CMS-concurrent-reset: 0,001/0,001 secs] [Times: user=0,00 sys=0,00, real=0,00 secs] 
2017-07-31T16:02:50.926+0200: 15521,331: [GC (CMS Initial Mark) [1 CMS-initial-mark: 239206K(393216K)] 241959K(502464K), 0,0007643 secs] [Times: user=0,00 sys=0,00, real=0,00 secs] 
2017-07-31T16:02:50.927+0200: 15521,332: Total time for which application threads were stopped: 0,0009322 seconds, Stopping threads took: 0,0000231 seconds
2017-07-31T16:02:50.927+0200: 15521,332: [CMS-concurrent-mark-start]
2017-07-31T16:02:50.953+0200: 15521,358: [CMS-concurrent-mark: 0,026/0,026 secs] [Times: user=0,11 sys=0,00, real=0,03 secs] 
2017-07-31T16:02:50.953+0200: 15521,358: [CMS-concurrent-preclean-start]
2017-07-31T16:02:50.955+0200: 15521,359: [CMS-concurrent-preclean: 0,001/0,001 secs] [Times: user=0,00 sys=0,00, real=0,00 secs] 
2017-07-31T16:02:50.955+0200: 15521,359: [CMS-concurrent-abortable-preclean-start]
 CMS: abort preclean due to time 2017-07-31T16:02:57.035+0200: 15527,440: [CMS-concurrent-abortable-preclean: 0,076/6,080 secs] [Times: user=0,08 sys=0,00, real=6,08 secs] 
2017-07-31T16:02:57.036+0200: 15527,440: [GC (CMS Final Remark) [YG occupancy: 2753 K (109248 K)]{Heap before GC invocations=192 (full 89):
 par new generation   total 109248K, used 2753K [0x00000000e0000000, 0x00000000e8000000, 0x00000000e8000000)
  eden space 87424K,   3% used [0x00000000e0000000, 0x00000000e02aee70, 0x00000000e5560000)
  from space 21824K,   0% used [0x00000000e5560000, 0x00000000e5561830, 0x00000000e6ab0000)
  to   space 21824K,   0% used [0x00000000e6ab0000, 0x00000000e6ab0000, 0x00000000e8000000)
 concurrent mark-sweep generation total 393216K, used 239206K [0x00000000e8000000, 0x0000000100000000, 0x0000000100000000)
 Metaspace       used 32423K, capacity 32872K, committed 33476K, reserved 1079296K
  class space    used 3565K, capacity 3704K, committed 3836K, reserved 1048576K
2017-07-31T16:02:57.036+0200: 15527,440: [GC (CMS Final Remark) 2017-07-31T16:02:57.036+0200: 15527,440: [ParNew
Desired survivor size 20112992 bytes, new threshold 8 (max 8)
- age   1:        192 bytes,        192 total
- age   3:        152 bytes,        344 total
: 2753K->6K(109248K), 0,0038337 secs] 241959K->239212K(502464K), 0,0038850 secs] [Times: user=0,01 sys=0,00, real=0,00 secs] 
Heap after GC invocations=193 (full 89):
 par new generation   total 109248K, used 6K [0x00000000e0000000, 0x00000000e8000000, 0x00000000e8000000)
  eden space 87424K,   0% used [0x00000000e0000000, 0x00000000e0000000, 0x00000000e5560000)
  from space 21824K,   0% used [0x00000000e6ab0000, 0x00000000e6ab1830, 0x00000000e8000000)
  to   space 21824K,   0% used [0x00000000e5560000, 0x00000000e5560000, 0x00000000e6ab0000)
 concurrent mark-sweep generation total 393216K, used 239206K [0x00000000e8000000, 0x0000000100000000, 0x0000000100000000)
 Metaspace       used 32423K, capacity 32872K, committed 33476K, reserved 1079296K
  class space    used 3565K, capacity 3704K, committed 3836K, reserved 1048576K
}
2017-07-31T16:02:57.040+0200: 15527,444: [Rescan (parallel) , 0,0006004 secs]2017-07-31T16:02:57.040+0200: 15527,445: [weak refs processing, 0,0004579 secs]2017-07-31T16:02:57.041+0200: 15527,445: [class unloading, 0,0076589 secs]2017-07-31T16:02:57.048+0200: 15527,453: [scrub symbol table, 0,0036260 secs]2017-07-31T16:02:57.052+0200: 15527,457: [scrub string table, 0,0006132 secs][1 CMS-remark: 239206K(393216K)] 239212K(502464K), 0,0171200 secs] [Times: user=0,02 sys=0,00, real=0,02 secs] 
2017-07-31T16:02:57.053+0200: 15527,457: Total time for which application threads were stopped: 0,0172612 seconds, Stopping threads took: 0,0000245 seconds
2017-07-31T16:02:57.053+0200: 15527,457: [CMS-concurrent-sweep-start]
2017-07-31T16:02:57.081+0200: 15527,485: [CMS-concurrent-sweep: 0,028/0,028 secs] [Times: user=0,03 sys=0,00, real=0,03 secs] 
2017-07-31T16:02:57.081+0200: 15527,485: [CMS-concurrent-reset-start]
2017-07-31T16:02:57.081+0200: 15527,486: [CMS-concurrent-reset: 0,001/0,001 secs] [Times: user=0,00 sys=0,00, real=0,00 secs] 
2017-07-31T16:02:59.081+0200: 15529,485: [GC (CMS Initial Mark) [1 CMS-initial-mark: 239206K(393216K)] 240757K(502464K), 0,0008109 secs] [Times: user=0,00 sys=0,00, real=0,00 secs] 
2017-07-31T16:02:59.081+0200: 15529,486: Total time for which application threads were stopped: 0,0009747 seconds, Stopping threads took: 0,0000215 seconds
2017-07-31T16:02:59.081+0200: 15529,486: [CMS-concurrent-mark-start]
2017-07-31T16:02:59.110+0200: 15529,514: [CMS-concurrent-mark: 0,028/0,028 secs] [Times: user=0,11 sys=0,01, real=0,02 secs] 
2017-07-31T16:02:59.110+0200: 15529,514: [CMS-concurrent-preclean-start]
2017-07-31T16:02:59.111+0200: 15529,516: [CMS-concurrent-preclean: 0,001/0,001 secs] [Times: user=0,00 sys=0,00, real=0,00 secs] 
2017-07-31T16:02:59.111+0200: 15529,516: [GC (CMS Final Remark) [YG occupancy: 1551 K (109248 K)]{Heap before GC invocations=193 (full 90):
 par new generation   total 109248K, used 1551K [0x00000000e0000000, 0x00000000e8000000, 0x00000000e8000000)
  eden space 87424K,   1% used [0x00000000e0000000, 0x00000000e01823f8, 0x00000000e5560000)
  from space 21824K,   0% used [0x00000000e6ab0000, 0x00000000e6ab1830, 0x00000000e8000000)
  to   space 21824K,   0% used [0x00000000e5560000, 0x00000000e5560000, 0x00000000e6ab0000)
 concurrent mark-sweep generation total 393216K, used 239206K [0x00000000e8000000, 0x0000000100000000, 0x0000000100000000)
 Metaspace       used 32423K, capacity 32872K, committed 33476K, reserved 1079296K
  class space    used 3565K, capacity 3704K, committed 3836K, reserved 1048576K
2017-07-31T16:02:59.111+0200: 15529,516: [GC (CMS Final Remark) 2017-07-31T16:02:59.111+0200: 15529,516: [ParNew
Desired survivor size 20112992 bytes, new threshold 8 (max 8)
- age   1:         64 bytes,         64 total
- age   2:        128 bytes,        192 total
- age   4:        152 bytes,        344 total
: 1551K->8K(109248K), 0,0019589 secs] 240757K->239214K(502464K), 0,0019994 secs] [Times: user=0,01 sys=0,00, real=0,01 secs] 
Heap after GC invocations=194 (full 90):
 par new generation   total 109248K, used 8K [0x00000000e0000000, 0x00000000e8000000, 0x00000000e8000000)
  eden space 87424K,   0% used [0x00000000e0000000, 0x00000000e0000000, 0x00000000e5560000)
  from space 21824K,   0% used [0x00000000e5560000, 0x00000000e5562040, 0x00000000e6ab0000)
  to   space 21824K,   0% used [0x00000000e6ab0000, 0x00000000e6ab0000, 0x00000000e8000000)
 concurrent mark-sweep generation total 393216K, used 239206K [0x00000000e8000000, 0x0000000100000000, 0x0000000100000000)
 Metaspace       used 32423K, capacity 32872K, committed 33476K, reserved 1079296K
  class space    used 3565K, capacity 3704K, committed 3836K, reserved 1048576K
}
2017-07-31T16:02:59.113+0200: 15529,518: [Rescan (parallel) , 0,0005043 secs]2017-07-31T16:02:59.114+0200: 15529,518: [weak refs processing, 0,0004986 secs]2017-07-31T16:02:59.114+0200: 15529,519: [class unloading, 0,0066296 secs]2017-07-31T16:02:59.121+0200: 15529,526: [scrub symbol table, 0,0035128 secs]2017-07-31T16:02:59.125+0200: 15529,529: [scrub string table, 0,0005833 secs][1 CMS-remark: 239206K(393216K)] 239214K(502464K), 0,0139591 secs] [Times: user=0,02 sys=0,00, real=0,02 secs] 
2017-07-31T16:02:59.125+0200: 15529,530: Total time for which application threads were stopped: 0,0140779 seconds, Stopping threads took: 0,0000221 seconds
2017-07-31T16:02:59.125+0200: 15529,530: [CMS-concurrent-sweep-start]
2017-07-31T16:02:59.154+0200: 15529,559: [CMS-concurrent-sweep: 0,029/0,029 secs] [Times: user=0,03 sys=0,00, real=0,03 secs] 
2017-07-31T16:02:59.154+0200: 15529,559: [CMS-concurrent-reset-start]
2017-07-31T16:02:59.155+0200: 15529,559: [CMS-concurrent-reset: 0,001/0,001 secs] [Times: user=0,00 sys=0,00, real=0,00 secs] 
2017-07-31T16:03:01.154+0200: 15531,559: [GC (CMS Initial Mark) [1 CMS-initial-mark: 239206K(393216K)] 240416K(502464K), 0,0008836 secs] [Times: user=0,00 sys=0,00, real=0,00 secs] 
2017-07-31T16:03:01.155+0200: 15531,560: Total time for which application threads were stopped: 0,0010369 seconds, Stopping threads took: 0,0000307 seconds
2017-07-31T16:03:01.155+0200: 15531,560: [CMS-concurrent-mark-start]
2017-07-31T16:03:01.186+0200: 15531,590: [CMS-concurrent-mark: 0,031/0,031 secs] [Times: user=0,13 sys=0,00, real=0,03 secs] 
2017-07-31T16:03:01.186+0200: 15531,591: [CMS-concurrent-preclean-start]
2017-07-31T16:03:01.187+0200: 15531,592: [CMS-concurrent-preclean: 0,001/0,001 secs] [Times: user=0,00 sys=0,00, real=0,00 secs] 
2017-07-31T16:03:01.188+0200: 15531,592: [GC (CMS Final Remark) [YG occupancy: 1210 K (109248 K)]{Heap before GC invocations=194 (full 91):
 par new generation   total 109248K, used 1210K [0x00000000e0000000, 0x00000000e8000000, 0x00000000e8000000)
  eden space 87424K,   1% used [0x00000000e0000000, 0x00000000e012ca78, 0x00000000e5560000)
  from space 21824K,   0% used [0x00000000e5560000, 0x00000000e5562040, 0x00000000e6ab0000)
  to   space 21824K,   0% used [0x00000000e6ab0000, 0x00000000e6ab0000, 0x00000000e8000000)
 concurrent mark-sweep generation total 393216K, used 239206K [0x00000000e8000000, 0x0000000100000000, 0x0000000100000000)
 Metaspace       used 32423K, capacity 32872K, committed 33476K, reserved 1079296K
  class space    used 3565K, capacity 3704K, committed 3836K, reserved 1048576K
2017-07-31T16:03:01.188+0200: 15531,592: [GC (CMS Final Remark) 2017-07-31T16:03:01.188+0200: 15531,592: [ParNew
Desired survivor size 20112992 bytes, new threshold 8 (max 8)
- age   1:         96 bytes,         96 total
- age   2:         64 bytes,        160 total
- age   3:         32 bytes,        192 total
- age   5:        152 bytes,        344 total
: 1210K->8K(109248K), 0,0020524 secs] 240416K->239214K(502464K), 0,0020989 secs] [Times: user=0,01 sys=0,00, real=0,00 secs] 
Heap after GC invocations=195 (full 91):
 par new generation   total 109248K, used 8K [0x00000000e0000000, 0x00000000e8000000, 0x00000000e8000000)
  eden space 87424K,   0% used [0x00000000e0000000, 0x00000000e0000000, 0x00000000e5560000)
  from space 21824K,   0% used [0x00000000e6ab0000, 0x00000000e6ab2040, 0x00000000e8000000)
  to   space 21824K,   0% used [0x00000000e5560000, 0x00000000e5560000, 0x00000000e6ab0000)
 concurrent mark-sweep generation total 393216K, used 239206K [0x00000000e8000000, 0x0000000100000000, 0x0000000100000000)
 Metaspace       used 32423K, capacity 32872K, committed 33476K, reserved 1079296K
  class space    used 3565K, capacity 3704K, committed 3836K, reserved 1048576K
}
2017-07-31T16:03:01.190+0200: 15531,594: [Rescan (parallel) , 0,0005232 secs]2017-07-31T16:03:01.190+0200: 15531,595: [weak refs processing, 0,0004564 secs]2017-07-31T16:03:01.191+0200: 15531,595: [class unloading, 0,0072391 secs]2017-07-31T16:03:01.198+0200: 15531,603: [scrub symbol table, 0,0036190 secs]2017-07-31T16:03:01.202+0200: 15531,606: [scrub string table, 0,0006109 secs][1 CMS-remark: 239206K(393216K)] 239214K(502464K), 0,0148508 secs] [Times: user=0,02 sys=0,00, real=0,02 secs] 
2017-07-31T16:03:01.203+0200: 15531,607: Total time for which application threads were stopped: 0,0149845 seconds, Stopping threads took: 0,0000210 seconds
2017-07-31T16:03:01.203+0200: 15531,607: [CMS-concurrent-sweep-start]
2017-07-31T16:03:01.232+0200: 15531,636: [CMS-concurrent-sweep: 0,029/0,029 secs] [Times: user=0,03 sys=0,00, real=0,02 secs] 
2017-07-31T16:03:01.232+0200: 15531,636: [CMS-concurrent-reset-start]
2017-07-31T16:03:01.232+0200: 15531,637: [CMS-concurrent-reset: 0,001/0,001 secs] [Times: user=0,00 sys=0,00, real=0,01 secs] 
2017-07-31T16:03:03.232+0200: 15533,636: [GC (CMS Initial Mark) [1 CMS-initial-mark: 239200K(393216K)] 239208K(502464K), 0,0008553 secs] [Times: user=0,00 sys=0,00, real=0,01 secs] 
2017-07-31T16:03:03.233+0200: 15533,637: Total time for which application threads were stopped: 0,0010148 seconds, Stopping threads took: 0,0000287 seconds
2017-07-31T16:03:03.233+0200: 15533,637: [CMS-concurrent-mark-start]
2017-07-31T16:03:03.263+0200: 15533,668: [CMS-concurrent-mark: 0,031/0,031 secs] [Times: user=0,12 sys=0,00, real=0,03 secs] 
2017-07-31T16:03:03.263+0200: 15533,668: [CMS-concurrent-preclean-start]
2017-07-31T16:03:03.265+0200: 15533,669: [CMS-concurrent-preclean: 0,001/0,001 secs] [Times: user=0,00 sys=0,00, real=0,00 secs] 
2017-07-31T16:03:03.265+0200: 15533,669: [GC (CMS Final Remark) [YG occupancy: 8 K (109248 K)]{Heap before GC invocations=195 (full 92):
 par new generation   total 109248K, used 8K [0x00000000e0000000, 0x00000000e8000000, 0x00000000e8000000)
  eden space 87424K,   0% used [0x00000000e0000000, 0x00000000e0000000, 0x00000000e5560000)
  from space 21824K,   0% used [0x00000000e6ab0000, 0x00000000e6ab2040, 0x00000000e8000000)
  to   space 21824K,   0% used [0x00000000e5560000, 0x00000000e5560000, 0x00000000e6ab0000)
 concurrent mark-sweep generation total 393216K, used 239200K [0x00000000e8000000, 0x0000000100000000, 0x0000000100000000)
 Metaspace       used 32423K, capacity 32872K, committed 33476K, reserved 1079296K
  class space    used 3565K, capacity 3704K, committed 3836K, reserved 1048576K
2017-07-31T16:03:03.265+0200: 15533,669: [GC (CMS Final Remark) 2017-07-31T16:03:03.265+0200: 15533,669: [ParNew
Desired survivor size 20112992 bytes, new threshold 8 (max 8)
- age   2:         96 bytes,         96 total
- age   3:         64 bytes,        160 total
- age   4:         32 bytes,        192 total
- age   6:        152 bytes,        344 total
: 8K->6K(109248K), 0,0021933 secs] 239208K->239206K(502464K), 0,0022518 secs] [Times: user=0,00 sys=0,00, real=0,00 secs] 
Heap after GC invocations=196 (full 92):
 par new generation   total 109248K, used 6K [0x00000000e0000000, 0x00000000e8000000, 0x00000000e8000000)
  eden space 87424K,   0% used [0x00000000e0000000, 0x00000000e0000000, 0x00000000e5560000)
  from space 21824K,   0% used [0x00000000e5560000, 0x00000000e5561830, 0x00000000e6ab0000)
  to   space 21824K,   0% used [0x00000000e6ab0000, 0x00000000e6ab0000, 0x00000000e8000000)
 concurrent mark-sweep generation total 393216K, used 239200K [0x00000000e8000000, 0x0000000100000000, 0x0000000100000000)
 Metaspace       used 32423K, capacity 32872K, committed 33476K, reserved 1079296K
  class space    used 3565K, capacity 3704K, committed 3836K, reserved 1048576K
}
2017-07-31T16:03:03.267+0200: 15533,672: [Rescan (parallel) , 0,0007507 secs]2017-07-31T16:03:03.268+0200: 15533,673: [weak refs processing, 0,0006664 secs]2017-07-31T16:03:03.269+0200: 15533,673: [class unloading, 0,0075614 secs]2017-07-31T16:03:03.276+0200: 15533,681: [scrub symbol table, 0,0035132 secs]2017-07-31T16:03:03.280+0200: 15533,684: [scrub string table, 0,0006525 secs][1 CMS-remark: 239200K(393216K)] 239206K(502464K), 0,0156823 secs] [Times: user=0,01 sys=0,00, real=0,02 secs] 
2017-07-31T16:03:03.281+0200: 15533,685: Total time for which application threads were stopped: 0,0158046 seconds, Stopping threads took: 0,0000190 seconds
2017-07-31T16:03:03.281+0200: 15533,685: [CMS-concurrent-sweep-start]
2017-07-31T16:03:03.313+0200: 15533,718: [CMS-concurrent-sweep: 0,033/0,033 secs] [Times: user=0,04 sys=0,00, real=0,03 secs] 
2017-07-31T16:03:03.313+0200: 15533,718: [CMS-concurrent-reset-start]
2017-07-31T16:03:03.314+0200: 15533,719: [CMS-concurrent-reset: 0,001/0,001 secs] [Times: user=0,00 sys=0,00, real=0,00 secs] 
2017-07-31T16:03:05.313+0200: 15535,718: [GC (CMS Initial Mark) [1 CMS-initial-mark: 239200K(393216K)] 241954K(502464K), 0,0006730 secs] [Times: user=0,00 sys=0,00, real=0,00 secs] 
2017-07-31T16:03:05.314+0200: 15535,718: Total time for which application threads were stopped: 0,0007688 seconds, Stopping threads took: 0,0000175 seconds
2017-07-31T16:03:05.314+0200: 15535,718: [CMS-concurrent-mark-start]
2017-07-31T16:03:05.335+0200: 15535,740: [CMS-concurrent-mark: 0,021/0,021 secs] [Times: user=0,08 sys=0,00, real=0,02 secs] 
2017-07-31T16:03:05.335+0200: 15535,740: [CMS-concurrent-preclean-start]
2017-07-31T16:03:05.336+0200: 15535,741: [CMS-concurrent-preclean: 0,001/0,001 secs] [Times: user=0,01 sys=0,00, real=0,00 secs] 
2017-07-31T16:03:05.336+0200: 15535,741: [CMS-concurrent-abortable-preclean-start]
 CMS: abort preclean due to time 2017-07-31T16:03:11.396+0200: 15541,800: [CMS-concurrent-abortable-preclean: 0,055/6,059 secs] [Times: user=0,05 sys=0,00, real=6,06 secs] 
2017-07-31T16:03:11.396+0200: 15541,800: [GC (CMS Final Remark) [YG occupancy: 2753 K (109248 K)]{Heap before GC invocations=196 (full 93):
 par new generation   total 109248K, used 2753K [0x00000000e0000000, 0x00000000e8000000, 0x00000000e8000000)
  eden space 87424K,   3% used [0x00000000e0000000, 0x00000000e02aee70, 0x00000000e5560000)
  from space 21824K,   0% used [0x00000000e5560000, 0x00000000e5561830, 0x00000000e6ab0000)
  to   space 21824K,   0% used [0x00000000e6ab0000, 0x00000000e6ab0000, 0x00000000e8000000)
 concurrent mark-sweep generation total 393216K, used 239200K [0x00000000e8000000, 0x0000000100000000, 0x0000000100000000)
 Metaspace       used 32423K, capacity 32872K, committed 33476K, reserved 1079296K
  class space    used 3565K, capacity 3704K, committed 3836K, reserved 1048576K
2017-07-31T16:03:11.396+0200: 15541,800: [GC (CMS Final Remark) 2017-07-31T16:03:11.396+0200: 15541,800: [ParNew
Desired survivor size 20112992 bytes, new threshold 8 (max 8)
- age   1:        192 bytes,        192 total
- age   7:        152 bytes,        344 total
: 2753K->6K(109248K), 0,0012806 secs] 241954K->239206K(502464K), 0,0013143 secs] [Times: user=0,01 sys=0,00, real=0,00 secs] 
Heap after GC invocations=197 (full 93):
 par new generation   total 109248K, used 6K [0x00000000e0000000, 0x00000000e8000000, 0x00000000e8000000)
  eden space 87424K,   0% used [0x00000000e0000000, 0x00000000e0000000, 0x00000000e5560000)
  from space 21824K,   0% used [0x00000000e6ab0000, 0x00000000e6ab1830, 0x00000000e8000000)
  to   space 21824K,   0% used [0x00000000e5560000, 0x00000000e5560000, 0x00000000e6ab0000)
 concurrent mark-sweep generation total 393216K, used 239200K [0x00000000e8000000, 0x0000000100000000, 0x0000000100000000)
 Metaspace       used 32423K, capacity 32872K, committed 33476K, reserved 1079296K
  class space    used 3565K, capacity 3704K, committed 3836K, reserved 1048576K
}
2017-07-31T16:03:11.397+0200: 15541,802: [Rescan (parallel) , 0,0003128 secs]2017-07-31T16:03:11.397+0200: 15541,802: [weak refs processing, 0,0002396 secs]2017-07-31T16:03:11.398+0200: 15541,802: [class unloading, 0,0050733 secs]2017-07-31T16:03:11.403+0200: 15541,807: [scrub symbol table, 0,0029954 secs]2017-07-31T16:03:11.406+0200: 15541,810: [scrub string table, 0,0004697 secs][1 CMS-remark: 239200K(393216K)] 239206K(502464K), 0,0106479 secs] [Times: user=0,02 sys=0,00, real=0,01 secs] 
2017-07-31T16:03:11.406+0200: 15541,811: Total time for which application threads were stopped: 0,0107543 seconds, Stopping threads took: 0,0000181 seconds
2017-07-31T16:03:11.406+0200: 15541,811: [CMS-concurrent-sweep-start]
2017-07-31T16:03:11.428+0200: 15541,832: [CMS-concurrent-sweep: 0,021/0,021 secs] [Times: user=0,02 sys=0,00, real=0,02 secs] 
2017-07-31T16:03:11.428+0200: 15541,832: [CMS-concurrent-reset-start]
2017-07-31T16:03:11.428+0200: 15541,833: [CMS-concurrent-reset: 0,000/0,000 secs] [Times: user=0,00 sys=0,00, real=0,00 secs] 
2017-07-31T16:03:13.427+0200: 15543,832: [GC (CMS Initial Mark) [1 CMS-initial-mark: 239200K(393216K)] 239206K(502464K), 0,0010631 secs] [Times: user=0,00 sys=0,00, real=0,00 secs] 
2017-07-31T16:03:13.429+0200: 15543,833: Total time for which application threads were stopped: 0,0012539 seconds, Stopping threads took: 0,0000564 seconds
2017-07-31T16:03:13.429+0200: 15543,833: [CMS-concurrent-mark-start]
2017-07-31T16:03:13.460+0200: 15543,864: [CMS-concurrent-mark: 0,031/0,031 secs] [Times: user=0,13 sys=0,00, real=0,03 secs] 
2017-07-31T16:03:13.460+0200: 15543,864: [CMS-concurrent-preclean-start]
2017-07-31T16:03:13.461+0200: 15543,866: [CMS-concurrent-preclean: 0,001/0,001 secs] [Times: user=0,00 sys=0,00, real=0,01 secs] 
2017-07-31T16:03:13.461+0200: 15543,866: [GC (CMS Final Remark) [YG occupancy: 58 K (109248 K)]{Heap before GC invocations=197 (full 94):
 par new generation   total 109248K, used 58K [0x00000000e0000000, 0x00000000e8000000, 0x00000000e8000000)
  eden space 87424K,   0% used [0x00000000e0000000, 0x00000000e000d010, 0x00000000e5560000)
  from space 21824K,   0% used [0x00000000e6ab0000, 0x00000000e6ab1830, 0x00000000e8000000)
  to   space 21824K,   0% used [0x00000000e5560000, 0x00000000e5560000, 0x00000000e6ab0000)
 concurrent mark-sweep generation total 393216K, used 239200K [0x00000000e8000000, 0x0000000100000000, 0x0000000100000000)
 Metaspace       used 32423K, capacity 32872K, committed 33476K, reserved 1079296K
  class space    used 3565K, capacity 3704K, committed 3836K, reserved 1048576K
2017-07-31T16:03:13.461+0200: 15543,866: [GC (CMS Final Remark) 2017-07-31T16:03:13.461+0200: 15543,866: [ParNew
Desired survivor size 20112992 bytes, new threshold 8 (max 8)
- age   1:        152 bytes,        152 total
- age   2:        192 bytes,        344 total
- age   8:         32 bytes,        376 total
: 58K->6K(109248K), 0,0020944 secs] 239258K->239206K(502464K), 0,0021617 secs] [Times: user=0,01 sys=0,00, real=0,00 secs] 
Heap after GC invocations=198 (full 94):
 par new generation   total 109248K, used 6K [0x00000000e0000000, 0x00000000e8000000, 0x00000000e8000000)
  eden space 87424K,   0% used [0x00000000e0000000, 0x00000000e0000000, 0x00000000e5560000)
  from space 21824K,   0% used [0x00000000e5560000, 0x00000000e5561830, 0x00000000e6ab0000)
  to   space 21824K,   0% used [0x00000000e6ab0000, 0x00000000e6ab0000, 0x00000000e8000000)
 concurrent mark-sweep generation total 393216K, used 239200K [0x00000000e8000000, 0x0000000100000000, 0x0000000100000000)
 Metaspace       used 32423K, capacity 32872K, committed 33476K, reserved 1079296K
  class space    used 3565K, capacity 3704K, committed 3836K, reserved 1048576K
}
2017-07-31T16:03:13.464+0200: 15543,868: [Rescan (parallel) , 0,0008379 secs]2017-07-31T16:03:13.464+0200: 15543,869: [weak refs processing, 0,0004709 secs]2017-07-31T16:03:13.465+0200: 15543,869: [class unloading, 0,0078883 secs]2017-07-31T16:03:13.473+0200: 15543,877: [scrub symbol table, 0,0037135 secs]2017-07-31T16:03:13.477+0200: 15543,881: [scrub string table, 0,0006329 secs][1 CMS-remark: 239200K(393216K)] 239206K(502464K), 0,0159745 secs] [Times: user=0,02 sys=0,00, real=0,01 secs] 
2017-07-31T16:03:13.477+0200: 15543,882: Total time for which application threads were stopped: 0,0161155 seconds, Stopping threads took: 0,0000309 seconds
2017-07-31T16:03:13.477+0200: 15543,882: [CMS-concurrent-sweep-start]
2017-07-31T16:03:13.506+0200: 15543,910: [CMS-concurrent-sweep: 0,028/0,028 secs] [Times: user=0,03 sys=0,00, real=0,03 secs] 
2017-07-31T16:03:13.506+0200: 15543,910: [CMS-concurrent-reset-start]
2017-07-31T16:03:13.506+0200: 15543,911: [CMS-concurrent-reset: 0,001/0,001 secs] [Times: user=0,00 sys=0,00, real=0,00 secs] 
2017-07-31T16:03:15.505+0200: 15545,910: [GC (CMS Initial Mark) [1 CMS-initial-mark: 239200K(393216K)] 241954K(502464K), 0,0006764 secs] [Times: user=0,00 sys=0,00, real=0,00 secs] 
2017-07-31T16:03:15.506+0200: 15545,911: Total time for which application threads were stopped: 0,0008035 seconds, Stopping threads took: 0,0000175 seconds
2017-07-31T16:03:15.506+0200: 15545,911: [CMS-concurrent-mark-start]
2017-07-31T16:03:15.522+0200: 15545,927: [CMS-concurrent-mark: 0,016/0,016 secs] [Times: user=0,07 sys=0,00, real=0,02 secs] 
2017-07-31T16:03:15.522+0200: 15545,927: [CMS-concurrent-preclean-start]
2017-07-31T16:03:15.523+0200: 15545,928: [CMS-concurrent-preclean: 0,001/0,001 secs] [Times: user=0,00 sys=0,00, real=0,00 secs] 
2017-07-31T16:03:15.523+0200: 15545,928: [CMS-concurrent-abortable-preclean-start]
 CMS: abort preclean due to time 2017-07-31T16:03:21.610+0200: 15552,015: [CMS-concurrent-abortable-preclean: 0,082/6,087 secs] [Times: user=0,08 sys=0,01, real=6,08 secs] 
2017-07-31T16:03:21.611+0200: 15552,015: [GC (CMS Final Remark) [YG occupancy: 2753 K (109248 K)]{Heap before GC invocations=198 (full 95):
 par new generation   total 109248K, used 2753K [0x00000000e0000000, 0x00000000e8000000, 0x00000000e8000000)
  eden space 87424K,   3% used [0x00000000e0000000, 0x00000000e02aee70, 0x00000000e5560000)
  from space 21824K,   0% used [0x00000000e5560000, 0x00000000e5561830, 0x00000000e6ab0000)
  to   space 21824K,   0% used [0x00000000e6ab0000, 0x00000000e6ab0000, 0x00000000e8000000)
 concurrent mark-sweep generation total 393216K, used 239200K [0x00000000e8000000, 0x0000000100000000, 0x0000000100000000)
 Metaspace       used 32423K, capacity 32872K, committed 33476K, reserved 1079296K
  class space    used 3565K, capacity 3704K, committed 3836K, reserved 1048576K
2017-07-31T16:03:21.611+0200: 15552,015: [GC (CMS Final Remark) 2017-07-31T16:03:21.611+0200: 15552,015: [ParNew
Desired survivor size 20112992 bytes, new threshold 8 (max 8)
- age   1:        192 bytes,        192 total
- age   2:        152 bytes,        344 total
: 2753K->8K(109248K), 0,0021784 secs] 241954K->239208K(502464K), 0,0022303 secs] [Times: user=0,00 sys=0,00, real=0,01 secs] 
Heap after GC invocations=199 (full 95):
 par new generation   total 109248K, used 8K [0x00000000e0000000, 0x00000000e8000000, 0x00000000e8000000)
  eden space 87424K,   0% used [0x00000000e0000000, 0x00000000e0000000, 0x00000000e5560000)
  from space 21824K,   0% used [0x00000000e6ab0000, 0x00000000e6ab2040, 0x00000000e8000000)
  to   space 21824K,   0% used [0x00000000e5560000, 0x00000000e5560000, 0x00000000e6ab0000)
 concurrent mark-sweep generation total 393216K, used 239200K [0x00000000e8000000, 0x0000000100000000, 0x0000000100000000)
 Metaspace       used 32423K, capacity 32872K, committed 33476K, reserved 1079296K
  class space    used 3565K, capacity 3704K, committed 3836K, reserved 1048576K
}
2017-07-31T16:03:21.613+0200: 15552,018: [Rescan (parallel) , 0,0005153 secs]2017-07-31T16:03:21.614+0200: 15552,018: [weak refs processing, 0,0004508 secs]2017-07-31T16:03:21.614+0200: 15552,019: [class unloading, 0,0076227 secs]2017-07-31T16:03:21.622+0200: 15552,026: [scrub symbol table, 0,0036811 secs]2017-07-31T16:03:21.625+0200: 15552,030: [scrub string table, 0,0006535 secs][1 CMS-remark: 239200K(393216K)] 239208K(502464K), 0,0155481 secs] [Times: user=0,02 sys=0,00, real=0,02 secs] 
2017-07-31T16:03:21.626+0200: 15552,031: Total time for which application threads were stopped: 0,0156949 seconds, Stopping threads took: 0,0000315 seconds
2017-07-31T16:03:21.626+0200: 15552,031: [CMS-concurrent-sweep-start]
2017-07-31T16:03:21.655+0200: 15552,060: [CMS-concurrent-sweep: 0,029/0,029 secs] [Times: user=0,03 sys=0,00, real=0,03 secs] 
2017-07-31T16:03:21.655+0200: 15552,060: [CMS-concurrent-reset-start]
2017-07-31T16:03:21.656+0200: 15552,060: [CMS-concurrent-reset: 0,001/0,001 secs] [Times: user=0,00 sys=0,00, real=0,00 secs] 
2017-07-31T16:03:23.655+0200: 15554,060: [GC (CMS Initial Mark) [1 CMS-initial-mark: 239200K(393216K)] 239208K(502464K), 0,0008658 secs] [Times: user=0,00 sys=0,00, real=0,00 secs] 
2017-07-31T16:03:23.656+0200: 15554,060: Total time for which application threads were stopped: 0,0010449 seconds, Stopping threads took: 0,0000326 seconds
2017-07-31T16:03:23.656+0200: 15554,060: [CMS-concurrent-mark-start]
2017-07-31T16:03:23.684+0200: 15554,088: [CMS-concurrent-mark: 0,028/0,028 secs] [Times: user=0,11 sys=0,00, real=0,03 secs] 
2017-07-31T16:03:23.684+0200: 15554,088: [CMS-concurrent-preclean-start]
2017-07-31T16:03:23.685+0200: 15554,090: [CMS-concurrent-preclean: 0,001/0,001 secs] [Times: user=0,00 sys=0,00, real=0,00 secs] 
2017-07-31T16:03:23.685+0200: 15554,090: [GC (CMS Final Remark) [YG occupancy: 8 K (109248 K)]{Heap before GC invocations=199 (full 96):
 par new generation   total 109248K, used 8K [0x00000000e0000000, 0x00000000e8000000, 0x00000000e8000000)
  eden space 87424K,   0% used [0x00000000e0000000, 0x00000000e0000000, 0x00000000e5560000)
  from space 21824K,   0% used [0x00000000e6ab0000, 0x00000000e6ab2040, 0x00000000e8000000)
  to   space 21824K,   0% used [0x00000000e5560000, 0x00000000e5560000, 0x00000000e6ab0000)
 concurrent mark-sweep generation total 393216K, used 239200K [0x00000000e8000000, 0x0000000100000000, 0x0000000100000000)
 Metaspace       used 32423K, capacity 32872K, committed 33476K, reserved 1079296K
  class space    used 3565K, capacity 3704K, committed 3836K, reserved 1048576K
2017-07-31T16:03:23.685+0200: 15554,090: [GC (CMS Final Remark) 2017-07-31T16:03:23.685+0200: 15554,090: [ParNew
Desired survivor size 20112992 bytes, new threshold 8 (max 8)
- age   2:        192 bytes,        192 total
- age   3:        152 bytes,        344 total
: 8K->6K(109248K), 0,0016930 secs] 239208K->239206K(502464K), 0,0017417 secs] [Times: user=0,01 sys=0,00, real=0,00 secs] 
Heap after GC invocations=200 (full 96):
 par new generation   total 109248K, used 6K [0x00000000e0000000, 0x00000000e8000000, 0x00000000e8000000)
  eden space 87424K,   0% used [0x00000000e0000000, 0x00000000e0000000, 0x00000000e5560000)
  from space 21824K,   0% used [0x00000000e5560000, 0x00000000e5561830, 0x00000000e6ab0000)
  to   space 21824K,   0% used [0x00000000e6ab0000, 0x00000000e6ab0000, 0x00000000e8000000)
 concurrent mark-sweep generation total 393216K, used 239200K [0x00000000e8000000, 0x0000000100000000, 0x0000000100000000)
 Metaspace       used 32423K, capacity 32872K, committed 33476K, reserved 1079296K
  class space    used 3565K, capacity 3704K, committed 3836K, reserved 1048576K
}
2017-07-31T16:03:23.687+0200: 15554,092: [Rescan (parallel) , 0,0006050 secs]2017-07-31T16:03:23.688+0200: 15554,092: [weak refs processing, 0,0005752 secs]2017-07-31T16:03:23.688+0200: 15554,093: [class unloading, 0,0074455 secs]2017-07-31T16:03:23.696+0200: 15554,100: [scrub symbol table, 0,0041558 secs]2017-07-31T16:03:23.700+0200: 15554,105: [scrub string table, 0,0007489 secs][1 CMS-remark: 239200K(393216K)] 239206K(502464K), 0,0155441 secs] [Times: user=0,02 sys=0,01, real=0,02 secs] 
2017-07-31T16:03:23.701+0200: 15554,105: Total time for which application threads were stopped: 0,0156629 seconds, Stopping threads took: 0,0000198 seconds
2017-07-31T16:03:23.701+0200: 15554,105: [CMS-concurrent-sweep-start]
2017-07-31T16:03:23.728+0200: 15554,132: [CMS-concurrent-sweep: 0,027/0,027 secs] [Times: user=0,03 sys=0,00, real=0,02 secs] 
2017-07-31T16:03:23.728+0200: 15554,132: [CMS-concurrent-reset-start]
2017-07-31T16:03:23.729+0200: 15554,133: [CMS-concurrent-reset: 0,001/0,001 secs] [Times: user=0,00 sys=0,00, real=0,00 secs] 
2017-07-31T16:03:25.728+0200: 15556,132: [GC (CMS Initial Mark) [1 CMS-initial-mark: 239198K(393216K)] 241951K(502464K), 0,0008873 secs] [Times: user=0,00 sys=0,00, real=0,00 secs] 
2017-07-31T16:03:25.729+0200: 15556,133: Total time for which application threads were stopped: 0,0010520 seconds, Stopping threads took: 0,0000319 seconds
2017-07-31T16:03:25.729+0200: 15556,133: [CMS-concurrent-mark-start]
2017-07-31T16:03:25.758+0200: 15556,162: [CMS-concurrent-mark: 0,029/0,029 secs] [Times: user=0,12 sys=0,00, real=0,03 secs] 
2017-07-31T16:03:25.758+0200: 15556,162: [CMS-concurrent-preclean-start]
2017-07-31T16:03:25.759+0200: 15556,164: [CMS-concurrent-preclean: 0,001/0,001 secs] [Times: user=0,00 sys=0,00, real=0,00 secs] 
2017-07-31T16:03:25.759+0200: 15556,164: [CMS-concurrent-abortable-preclean-start]
 CMS: abort preclean due to time 2017-07-31T16:03:31.850+0200: 15562,254: [CMS-concurrent-abortable-preclean: 0,086/6,090 secs] [Times: user=0,09 sys=0,00, real=6,09 secs] 
2017-07-31T16:03:31.850+0200: 15562,254: [GC (CMS Final Remark) [YG occupancy: 2753 K (109248 K)]{Heap before GC invocations=200 (full 97):
 par new generation   total 109248K, used 2753K [0x00000000e0000000, 0x00000000e8000000, 0x00000000e8000000)
  eden space 87424K,   3% used [0x00000000e0000000, 0x00000000e02aee70, 0x00000000e5560000)
  from space 21824K,   0% used [0x00000000e5560000, 0x00000000e5561830, 0x00000000e6ab0000)
  to   space 21824K,   0% used [0x00000000e6ab0000, 0x00000000e6ab0000, 0x00000000e8000000)
 concurrent mark-sweep generation total 393216K, used 239198K [0x00000000e8000000, 0x0000000100000000, 0x0000000100000000)
 Metaspace       used 32423K, capacity 32872K, committed 33476K, reserved 1079296K
  class space    used 3565K, capacity 3704K, committed 3836K, reserved 1048576K
2017-07-31T16:03:31.850+0200: 15562,254: [GC (CMS Final Remark) 2017-07-31T16:03:31.850+0200: 15562,254: [ParNew
Desired survivor size 20112992 bytes, new threshold 8 (max 8)
- age   1:        192 bytes,        192 total
- age   4:        152 bytes,        344 total
: 2753K->6K(109248K), 0,0017498 secs] 241951K->239204K(502464K), 0,0017875 secs] [Times: user=0,00 sys=0,00, real=0,00 secs] 
Heap after GC invocations=201 (full 97):
 par new generation   total 109248K, used 6K [0x00000000e0000000, 0x00000000e8000000, 0x00000000e8000000)
  eden space 87424K,   0% used [0x00000000e0000000, 0x00000000e0000000, 0x00000000e5560000)
  from space 21824K,   0% used [0x00000000e6ab0000, 0x00000000e6ab1830, 0x00000000e8000000)
  to   space 21824K,   0% used [0x00000000e5560000, 0x00000000e5560000, 0x00000000e6ab0000)
 concurrent mark-sweep generation total 393216K, used 239198K [0x00000000e8000000, 0x0000000100000000, 0x0000000100000000)
 Metaspace       used 32423K, capacity 32872K, committed 33476K, reserved 1079296K
  class space    used 3565K, capacity 3704K, committed 3836K, reserved 1048576K
}
2017-07-31T16:03:31.852+0200: 15562,256: [Rescan (parallel) , 0,0003591 secs]2017-07-31T16:03:31.852+0200: 15562,256: [weak refs processing, 0,0003159 secs]2017-07-31T16:03:31.852+0200: 15562,257: [class unloading, 0,0050211 secs]2017-07-31T16:03:31.857+0200: 15562,262: [scrub symbol table, 0,0026665 secs]2017-07-31T16:03:31.860+0200: 15562,264: [scrub string table, 0,0004719 secs][1 CMS-remark: 239198K(393216K)] 239204K(502464K), 0,0109262 secs] [Times: user=0,01 sys=0,00, real=0,02 secs] 
2017-07-31T16:03:31.861+0200: 15562,265: Total time for which application threads were stopped: 0,0110324 seconds, Stopping threads took: 0,0000164 seconds
2017-07-31T16:03:31.861+0200: 15562,265: [CMS-concurrent-sweep-start]
2017-07-31T16:03:31.890+0200: 15562,295: [CMS-concurrent-sweep: 0,030/0,030 secs] [Times: user=0,03 sys=0,00, real=0,02 secs] 
2017-07-31T16:03:31.890+0200: 15562,295: [CMS-concurrent-reset-start]
2017-07-31T16:03:31.891+0200: 15562,295: [CMS-concurrent-reset: 0,000/0,000 secs] [Times: user=0,00 sys=0,00, real=0,00 secs] 
2017-07-31T16:03:33.890+0200: 15564,295: [GC (CMS Initial Mark) [1 CMS-initial-mark: 239198K(393216K)] 239204K(502464K), 0,0007209 secs] [Times: user=0,01 sys=0,00, real=0,00 secs] 
2017-07-31T16:03:33.891+0200: 15564,295: Total time for which application threads were stopped: 0,0008601 seconds, Stopping threads took: 0,0000183 seconds
2017-07-31T16:03:33.891+0200: 15564,295: [CMS-concurrent-mark-start]
2017-07-31T16:03:33.908+0200: 15564,313: [CMS-concurrent-mark: 0,017/0,017 secs] [Times: user=0,06 sys=0,00, real=0,02 secs] 
2017-07-31T16:03:33.908+0200: 15564,313: [CMS-concurrent-preclean-start]
2017-07-31T16:03:33.909+0200: 15564,314: [CMS-concurrent-preclean: 0,001/0,001 secs] [Times: user=0,00 sys=0,00, real=0,00 secs] 
2017-07-31T16:03:33.910+0200: 15564,314: [GC (CMS Final Remark) [YG occupancy: 6 K (109248 K)]{Heap before GC invocations=201 (full 98):
 par new generation   total 109248K, used 6K [0x00000000e0000000, 0x00000000e8000000, 0x00000000e8000000)
  eden space 87424K,   0% used [0x00000000e0000000, 0x00000000e0000000, 0x00000000e5560000)
  from space 21824K,   0% used [0x00000000e6ab0000, 0x00000000e6ab1830, 0x00000000e8000000)
  to   space 21824K,   0% used [0x00000000e5560000, 0x00000000e5560000, 0x00000000e6ab0000)
 concurrent mark-sweep generation total 393216K, used 239198K [0x00000000e8000000, 0x0000000100000000, 0x0000000100000000)
 Metaspace       used 32423K, capacity 32872K, committed 33476K, reserved 1079296K
  class space    used 3565K, capacity 3704K, committed 3836K, reserved 1048576K
2017-07-31T16:03:33.910+0200: 15564,314: [GC (CMS Final Remark) 2017-07-31T16:03:33.910+0200: 15564,314: [ParNew
Desired survivor size 20112992 bytes, new threshold 8 (max 8)
- age   2:        192 bytes,        192 total
- age   5:        152 bytes,        344 total
: 6K->6K(109248K), 0,0015971 secs] 239204K->239204K(502464K), 0,0016247 secs] [Times: user=0,01 sys=0,00, real=0,00 secs] 
Heap after GC invocations=202 (full 98):
 par new generation   total 109248K, used 6K [0x00000000e0000000, 0x00000000e8000000, 0x00000000e8000000)
  eden space 87424K,   0% used [0x00000000e0000000, 0x00000000e0000000, 0x00000000e5560000)
  from space 21824K,   0% used [0x00000000e5560000, 0x00000000e5561830, 0x00000000e6ab0000)
  to   space 21824K,   0% used [0x00000000e6ab0000, 0x00000000e6ab0000, 0x00000000e8000000)
 concurrent mark-sweep generation total 393216K, used 239198K [0x00000000e8000000, 0x0000000100000000, 0x0000000100000000)
 Metaspace       used 32423K, capacity 32872K, committed 33476K, reserved 1079296K
  class space    used 3565K, capacity 3704K, committed 3836K, reserved 1048576K
}
2017-07-31T16:03:33.911+0200: 15564,316: [Rescan (parallel) , 0,0004045 secs]2017-07-31T16:03:33.912+0200: 15564,316: [weak refs processing, 0,0002499 secs]2017-07-31T16:03:33.912+0200: 15564,316: [class unloading, 0,0050528 secs]2017-07-31T16:03:33.917+0200: 15564,321: [scrub symbol table, 0,0028406 secs]2017-07-31T16:03:33.920+0200: 15564,324: [scrub string table, 0,0004668 secs][1 CMS-remark: 239198K(393216K)] 239204K(502464K), 0,0108130 secs] [Times: user=0,02 sys=0,00, real=0,02 secs] 
2017-07-31T16:03:33.920+0200: 15564,325: Total time for which application threads were stopped: 0,0109194 seconds, Stopping threads took: 0,0000189 seconds
2017-07-31T16:03:33.920+0200: 15564,325: [CMS-concurrent-sweep-start]
2017-07-31T16:03:33.941+0200: 15564,345: [CMS-concurrent-sweep: 0,020/0,020 secs] [Times: user=0,02 sys=0,00, real=0,02 secs] 
2017-07-31T16:03:33.941+0200: 15564,345: [CMS-concurrent-reset-start]
2017-07-31T16:03:33.941+0200: 15564,345: [CMS-concurrent-reset: 0,000/0,000 secs] [Times: user=0,00 sys=0,00, real=0,00 secs] 
2017-07-31T16:03:35.940+0200: 15566,345: [GC (CMS Initial Mark) [1 CMS-initial-mark: 239198K(393216K)] 241951K(502464K), 0,0008751 secs] [Times: user=0,00 sys=0,00, real=0,00 secs] 
2017-07-31T16:03:35.941+0200: 15566,346: Total time for which application threads were stopped: 0,0010522 seconds, Stopping threads took: 0,0000334 seconds
2017-07-31T16:03:35.941+0200: 15566,346: [CMS-concurrent-mark-start]
2017-07-31T16:03:35.963+0200: 15566,367: [CMS-concurrent-mark: 0,022/0,022 secs] [Times: user=0,08 sys=0,00, real=0,02 secs] 
2017-07-31T16:03:35.963+0200: 15566,367: [CMS-concurrent-preclean-start]
2017-07-31T16:03:35.964+0200: 15566,369: [CMS-concurrent-preclean: 0,001/0,001 secs] [Times: user=0,00 sys=0,00, real=0,00 secs] 
2017-07-31T16:03:35.964+0200: 15566,369: [CMS-concurrent-abortable-preclean-start]
 CMS: abort preclean due to time 2017-07-31T16:03:42.058+0200: 15572,462: [CMS-concurrent-abortable-preclean: 0,089/6,094 secs] [Times: user=0,10 sys=0,00, real=6,09 secs] 
2017-07-31T16:03:42.058+0200: 15572,462: [GC (CMS Final Remark) [YG occupancy: 2753 K (109248 K)]{Heap before GC invocations=202 (full 99):
 par new generation   total 109248K, used 2753K [0x00000000e0000000, 0x00000000e8000000, 0x00000000e8000000)
  eden space 87424K,   3% used [0x00000000e0000000, 0x00000000e02aee70, 0x00000000e5560000)
  from space 21824K,   0% used [0x00000000e5560000, 0x00000000e5561830, 0x00000000e6ab0000)
  to   space 21824K,   0% used [0x00000000e6ab0000, 0x00000000e6ab0000, 0x00000000e8000000)
 concurrent mark-sweep generation total 393216K, used 239198K [0x00000000e8000000, 0x0000000100000000, 0x0000000100000000)
 Metaspace       used 32423K, capacity 32872K, committed 33476K, reserved 1079296K
  class space    used 3565K, capacity 3704K, committed 3836K, reserved 1048576K
2017-07-31T16:03:42.058+0200: 15572,463: [GC (CMS Final Remark) 2017-07-31T16:03:42.058+0200: 15572,463: [ParNew
Desired survivor size 20112992 bytes, new threshold 8 (max 8)
- age   1:        192 bytes,        192 total
- age   6:        152 bytes,        344 total
: 2753K->6K(109248K), 0,0025977 secs] 241951K->239204K(502464K), 0,0026661 secs] [Times: user=0,01 sys=0,00, real=0,01 secs] 
Heap after GC invocations=203 (full 99):
 par new generation   total 109248K, used 6K [0x00000000e0000000, 0x00000000e8000000, 0x00000000e8000000)
  eden space 87424K,   0% used [0x00000000e0000000, 0x00000000e0000000, 0x00000000e5560000)
  from space 21824K,   0% used [0x00000000e6ab0000, 0x00000000e6ab1830, 0x00000000e8000000)
  to   space 21824K,   0% used [0x00000000e5560000, 0x00000000e5560000, 0x00000000e6ab0000)
 concurrent mark-sweep generation total 393216K, used 239198K [0x00000000e8000000, 0x0000000100000000, 0x0000000100000000)
 Metaspace       used 32423K, capacity 32872K, committed 33476K, reserved 1079296K
  class space    used 3565K, capacity 3704K, committed 3836K, reserved 1048576K
}
2017-07-31T16:03:42.061+0200: 15572,465: [Rescan (parallel) , 0,0006831 secs]2017-07-31T16:03:42.061+0200: 15572,466: [weak refs processing, 0,0006984 secs]2017-07-31T16:03:42.062+0200: 15572,467: [class unloading, 0,0083171 secs]2017-07-31T16:03:42.071+0200: 15572,475: [scrub symbol table, 0,0039125 secs]2017-07-31T16:03:42.074+0200: 15572,479: [scrub string table, 0,0007166 secs][1 CMS-remark: 239198K(393216K)] 239204K(502464K), 0,0174280 secs] [Times: user=0,02 sys=0,00, real=0,02 secs] 
2017-07-31T16:03:42.075+0200: 15572,480: Total time for which application threads were stopped: 0,0175793 seconds, Stopping threads took: 0,0000264 seconds
2017-07-31T16:03:42.076+0200: 15572,480: [CMS-concurrent-sweep-start]
2017-07-31T16:03:42.109+0200: 15572,514: [CMS-concurrent-sweep: 0,034/0,034 secs] [Times: user=0,04 sys=0,00, real=0,03 secs] 
2017-07-31T16:03:42.110+0200: 15572,514: [CMS-concurrent-reset-start]
2017-07-31T16:03:42.110+0200: 15572,515: [CMS-concurrent-reset: 0,001/0,001 secs] [Times: user=0,00 sys=0,00, real=0,00 secs] 
2017-07-31T16:03:44.109+0200: 15574,514: [GC (CMS Initial Mark) [1 CMS-initial-mark: 239198K(393216K)] 240801K(502464K), 0,0007184 secs] [Times: user=0,00 sys=0,00, real=0,00 secs] 
2017-07-31T16:03:44.110+0200: 15574,515: Total time for which application threads were stopped: 0,0008990 seconds, Stopping threads took: 0,0000530 seconds
2017-07-31T16:03:44.110+0200: 15574,515: [CMS-concurrent-mark-start]
2017-07-31T16:03:44.134+0200: 15574,538: [CMS-concurrent-mark: 0,024/0,024 secs] [Times: user=0,10 sys=0,00, real=0,03 secs] 
2017-07-31T16:03:44.134+0200: 15574,538: [CMS-concurrent-preclean-start]
2017-07-31T16:03:44.135+0200: 15574,540: [CMS-concurrent-preclean: 0,002/0,002 secs] [Times: user=0,00 sys=0,00, real=0,00 secs] 
2017-07-31T16:03:44.136+0200: 15574,540: [GC (CMS Final Remark) [YG occupancy: 1603 K (109248 K)]{Heap before GC invocations=203 (full 100):
 par new generation   total 109248K, used 1603K [0x00000000e0000000, 0x00000000e8000000, 0x00000000e8000000)
  eden space 87424K,   1% used [0x00000000e0000000, 0x00000000e018f408, 0x00000000e5560000)
  from space 21824K,   0% used [0x00000000e6ab0000, 0x00000000e6ab1830, 0x00000000e8000000)
  to   space 21824K,   0% used [0x00000000e5560000, 0x00000000e5560000, 0x00000000e6ab0000)
 concurrent mark-sweep generation total 393216K, used 239198K [0x00000000e8000000, 0x0000000100000000, 0x0000000100000000)
 Metaspace       used 32423K, capacity 32872K, committed 33476K, reserved 1079296K
  class space    used 3565K, capacity 3704K, committed 3836K, reserved 1048576K
2017-07-31T16:03:44.136+0200: 15574,540: [GC (CMS Final Remark) 2017-07-31T16:03:44.136+0200: 15574,540: [ParNew
Desired survivor size 20112992 bytes, new threshold 8 (max 8)
- age   1:        216 bytes,        216 total
- age   2:        128 bytes,        344 total
- age   7:         32 bytes,        376 total
: 1603K->8K(109248K), 0,0022437 secs] 240801K->239206K(502464K), 0,0022836 secs] [Times: user=0,00 sys=0,00, real=0,00 secs] 
Heap after GC invocations=204 (full 100):
 par new generation   total 109248K, used 8K [0x00000000e0000000, 0x00000000e8000000, 0x00000000e8000000)
  eden space 87424K,   0% used [0x00000000e0000000, 0x00000000e0000000, 0x00000000e5560000)
  from space 21824K,   0% used [0x00000000e5560000, 0x00000000e5562040, 0x00000000e6ab0000)
  to   space 21824K,   0% used [0x00000000e6ab0000, 0x00000000e6ab0000, 0x00000000e8000000)
 concurrent mark-sweep generation total 393216K, used 239198K [0x00000000e8000000, 0x0000000100000000, 0x0000000100000000)
 Metaspace       used 32423K, capacity 32872K, committed 33476K, reserved 1079296K
  class space    used 3565K, capacity 3704K, committed 3836K, reserved 1048576K
}
2017-07-31T16:03:44.138+0200: 15574,543: [Rescan (parallel) , 0,0004338 secs]2017-07-31T16:03:44.139+0200: 15574,543: [weak refs processing, 0,0003810 secs]2017-07-31T16:03:44.139+0200: 15574,543: [class unloading, 0,0065234 secs]2017-07-31T16:03:44.146+0200: 15574,550: [scrub symbol table, 0,0031775 secs]2017-07-31T16:03:44.149+0200: 15574,553: [scrub string table, 0,0005471 secs][1 CMS-remark: 239198K(393216K)] 239206K(502464K), 0,0135747 secs] [Times: user=0,02 sys=0,00, real=0,01 secs] 
2017-07-31T16:03:44.149+0200: 15574,554: Total time for which application threads were stopped: 0,0137094 seconds, Stopping threads took: 0,0000282 seconds
2017-07-31T16:03:44.150+0200: 15574,554: [CMS-concurrent-sweep-start]
2017-07-31T16:03:44.174+0200: 15574,579: [CMS-concurrent-sweep: 0,025/0,025 secs] [Times: user=0,02 sys=0,00, real=0,03 secs] 
2017-07-31T16:03:44.174+0200: 15574,579: [CMS-concurrent-reset-start]
2017-07-31T16:03:44.175+0200: 15574,579: [CMS-concurrent-reset: 0,001/0,001 secs] [Times: user=0,00 sys=0,00, real=0,00 secs] 
2017-07-31T16:03:46.174+0200: 15576,579: [GC (CMS Initial Mark) [1 CMS-initial-mark: 239197K(393216K)] 240408K(502464K), 0,0006807 secs] [Times: user=0,00 sys=0,00, real=0,00 secs] 
2017-07-31T16:03:46.175+0200: 15576,579: Total time for which application threads were stopped: 0,0008288 seconds, Stopping threads took: 0,0000314 seconds
2017-07-31T16:03:46.175+0200: 15576,579: [CMS-concurrent-mark-start]
2017-07-31T16:03:46.203+0200: 15576,607: [CMS-concurrent-mark: 0,027/0,027 secs] [Times: user=0,12 sys=0,00, real=0,03 secs] 
2017-07-31T16:03:46.203+0200: 15576,607: [CMS-concurrent-preclean-start]
2017-07-31T16:03:46.204+0200: 15576,608: [CMS-concurrent-preclean: 0,001/0,001 secs] [Times: user=0,00 sys=0,00, real=0,00 secs] 
2017-07-31T16:03:46.204+0200: 15576,608: [GC (CMS Final Remark) [YG occupancy: 1210 K (109248 K)]{Heap before GC invocations=204 (full 101):
 par new generation   total 109248K, used 1210K [0x00000000e0000000, 0x00000000e8000000, 0x00000000e8000000)
  eden space 87424K,   1% used [0x00000000e0000000, 0x00000000e012ca78, 0x00000000e5560000)
  from space 21824K,   0% used [0x00000000e5560000, 0x00000000e5562040, 0x00000000e6ab0000)
  to   space 21824K,   0% used [0x00000000e6ab0000, 0x00000000e6ab0000, 0x00000000e8000000)
 concurrent mark-sweep generation total 393216K, used 239197K [0x00000000e8000000, 0x0000000100000000, 0x0000000100000000)
 Metaspace       used 32423K, capacity 32872K, committed 33476K, reserved 1079296K
  class space    used 3565K, capacity 3704K, committed 3836K, reserved 1048576K
2017-07-31T16:03:46.204+0200: 15576,608: [GC (CMS Final Remark) 2017-07-31T16:03:46.204+0200: 15576,609: [ParNew
Desired survivor size 20112992 bytes, new threshold 8 (max 8)
- age   1:         96 bytes,         96 total
- age   2:        216 bytes,        312 total
- age   3:         32 bytes,        344 total
- age   8:         32 bytes,        376 total
: 1210K->8K(109248K), 0,0020183 secs] 240408K->239205K(502464K), 0,0020561 secs] [Times: user=0,00 sys=0,00, real=0,00 secs] 
Heap after GC invocations=205 (full 101):
 par new generation   total 109248K, used 8K [0x00000000e0000000, 0x00000000e8000000, 0x00000000e8000000)
  eden space 87424K,   0% used [0x00000000e0000000, 0x00000000e0000000, 0x00000000e5560000)
  from space 21824K,   0% used [0x00000000e6ab0000, 0x00000000e6ab2040, 0x00000000e8000000)
  to   space 21824K,   0% used [0x00000000e5560000, 0x00000000e5560000, 0x00000000e6ab0000)
 concurrent mark-sweep generation total 393216K, used 239197K [0x00000000e8000000, 0x0000000100000000, 0x0000000100000000)
 Metaspace       used 32423K, capacity 32872K, committed 33476K, reserved 1079296K
  class space    used 3565K, capacity 3704K, committed 3836K, reserved 1048576K
}
2017-07-31T16:03:46.206+0200: 15576,611: [Rescan (parallel) , 0,0006217 secs]2017-07-31T16:03:46.207+0200: 15576,611: [weak refs processing, 0,0003471 secs]2017-07-31T16:03:46.207+0200: 15576,612: [class unloading, 0,0070625 secs]2017-07-31T16:03:46.214+0200: 15576,619: [scrub symbol table, 0,0036403 secs]2017-07-31T16:03:46.218+0200: 15576,622: [scrub string table, 0,0006250 secs][1 CMS-remark: 239197K(393216K)] 239205K(502464K), 0,0146385 secs] [Times: user=0,02 sys=0,00, real=0,01 secs] 
2017-07-31T16:03:46.219+0200: 15576,623: Total time for which application threads were stopped: 0,0147785 seconds, Stopping threads took: 0,0000238 seconds
2017-07-31T16:03:46.219+0200: 15576,623: [CMS-concurrent-sweep-start]
2017-07-31T16:03:46.246+0200: 15576,651: [CMS-concurrent-sweep: 0,027/0,027 secs] [Times: user=0,02 sys=0,00, real=0,03 secs] 
2017-07-31T16:03:46.246+0200: 15576,651: [CMS-concurrent-reset-start]
2017-07-31T16:03:46.247+0200: 15576,651: [CMS-concurrent-reset: 0,001/0,001 secs] [Times: user=0,00 sys=0,00, real=0,00 secs] 
2017-07-31T16:03:48.246+0200: 15578,651: [GC (CMS Initial Mark) [1 CMS-initial-mark: 239197K(393216K)] 239205K(502464K), 0,0005710 secs] [Times: user=0,00 sys=0,00, real=0,00 secs] 
2017-07-31T16:03:48.247+0200: 15578,651: Total time for which application threads were stopped: 0,0006900 seconds, Stopping threads took: 0,0000206 seconds
2017-07-31T16:03:48.247+0200: 15578,651: [CMS-concurrent-mark-start]
2017-07-31T16:03:48.266+0200: 15578,670: [CMS-concurrent-mark: 0,019/0,019 secs] [Times: user=0,07 sys=0,00, real=0,02 secs] 
2017-07-31T16:03:48.266+0200: 15578,670: [CMS-concurrent-preclean-start]
2017-07-31T16:03:48.266+0200: 15578,671: [CMS-concurrent-preclean: 0,001/0,001 secs] [Times: user=0,00 sys=0,00, real=0,00 secs] 
2017-07-31T16:03:48.267+0200: 15578,671: [GC (CMS Final Remark) [YG occupancy: 8 K (109248 K)]{Heap before GC invocations=205 (full 102):
 par new generation   total 109248K, used 8K [0x00000000e0000000, 0x00000000e8000000, 0x00000000e8000000)
  eden space 87424K,   0% used [0x00000000e0000000, 0x00000000e0000000, 0x00000000e5560000)
  from space 21824K,   0% used [0x00000000e6ab0000, 0x00000000e6ab2040, 0x00000000e8000000)
  to   space 21824K,   0% used [0x00000000e5560000, 0x00000000e5560000, 0x00000000e6ab0000)
 concurrent mark-sweep generation total 393216K, used 239197K [0x00000000e8000000, 0x0000000100000000, 0x0000000100000000)
 Metaspace       used 32423K, capacity 32872K, committed 33476K, reserved 1079296K
  class space    used 3565K, capacity 3704K, committed 3836K, reserved 1048576K
2017-07-31T16:03:48.267+0200: 15578,671: [GC (CMS Final Remark) 2017-07-31T16:03:48.267+0200: 15578,671: [ParNew
Desired survivor size 20112992 bytes, new threshold 8 (max 8)
- age   2:         96 bytes,         96 total
- age   3:        216 bytes,        312 total
- age   4:         32 bytes,        344 total
: 8K->6K(109248K), 0,0011727 secs] 239205K->239203K(502464K), 0,0012065 secs] [Times: user=0,01 sys=0,00, real=0,00 secs] 
Heap after GC invocations=206 (full 102):
 par new generation   total 109248K, used 6K [0x00000000e0000000, 0x00000000e8000000, 0x00000000e8000000)
  eden space 87424K,   0% used [0x00000000e0000000, 0x00000000e0000000, 0x00000000e5560000)
  from space 21824K,   0% used [0x00000000e5560000, 0x00000000e5561830, 0x00000000e6ab0000)
  to   space 21824K,   0% used [0x00000000e6ab0000, 0x00000000e6ab0000, 0x00000000e8000000)
 concurrent mark-sweep generation total 393216K, used 239197K [0x00000000e8000000, 0x0000000100000000, 0x0000000100000000)
 Metaspace       used 32423K, capacity 32872K, committed 33476K, reserved 1079296K
  class space    used 3565K, capacity 3704K, committed 3836K, reserved 1048576K
}
2017-07-31T16:03:48.268+0200: 15578,672: [Rescan (parallel) , 0,0003993 secs]2017-07-31T16:03:48.268+0200: 15578,673: [weak refs processing, 0,0002961 secs]2017-07-31T16:03:48.269+0200: 15578,673: [class unloading, 0,0050346 secs]2017-07-31T16:03:48.274+0200: 15578,678: [scrub symbol table, 0,0027054 secs]2017-07-31T16:03:48.276+0200: 15578,681: [scrub string table, 0,0004552 secs][1 CMS-remark: 239197K(393216K)] 239203K(502464K), 0,0102759 secs] [Times: user=0,02 sys=0,00, real=0,01 secs] 
2017-07-31T16:03:48.277+0200: 15578,681: Total time for which application threads were stopped: 0,0103732 seconds, Stopping threads took: 0,0000168 seconds
2017-07-31T16:03:48.277+0200: 15578,681: [CMS-concurrent-sweep-start]
2017-07-31T16:03:48.298+0200: 15578,703: [CMS-concurrent-sweep: 0,021/0,021 secs] [Times: user=0,02 sys=0,00, real=0,02 secs] 
2017-07-31T16:03:48.298+0200: 15578,703: [CMS-concurrent-reset-start]
2017-07-31T16:03:48.299+0200: 15578,703: [CMS-concurrent-reset: 0,000/0,000 secs] [Times: user=0,00 sys=0,00, real=0,00 secs] 
2017-07-31T16:03:50.298+0200: 15580,702: [GC (CMS Initial Mark) [1 CMS-initial-mark: 239197K(393216K)] 241951K(502464K), 0,0007903 secs] [Times: user=0,00 sys=0,00, real=0,00 secs] 
2017-07-31T16:03:50.299+0200: 15580,703: Total time for which application threads were stopped: 0,0009699 seconds, Stopping threads took: 0,0000251 seconds
2017-07-31T16:03:50.299+0200: 15580,703: [CMS-concurrent-mark-start]
2017-07-31T16:03:50.328+0200: 15580,732: [CMS-concurrent-mark: 0,029/0,029 secs] [Times: user=0,12 sys=0,01, real=0,03 secs] 
2017-07-31T16:03:50.328+0200: 15580,733: [CMS-concurrent-preclean-start]
2017-07-31T16:03:50.329+0200: 15580,734: [CMS-concurrent-preclean: 0,001/0,001 secs] [Times: user=0,00 sys=0,00, real=0,00 secs] 
2017-07-31T16:03:50.329+0200: 15580,734: [CMS-concurrent-abortable-preclean-start]
 CMS: abort preclean due to time 2017-07-31T16:03:56.421+0200: 15586,825: [CMS-concurrent-abortable-preclean: 0,086/6,091 secs] [Times: user=0,08 sys=0,00, real=6,10 secs] 
2017-07-31T16:03:56.421+0200: 15586,825: [GC (CMS Final Remark) [YG occupancy: 2753 K (109248 K)]{Heap before GC invocations=206 (full 103):
 par new generation   total 109248K, used 2753K [0x00000000e0000000, 0x00000000e8000000, 0x00000000e8000000)
  eden space 87424K,   3% used [0x00000000e0000000, 0x00000000e02aee70, 0x00000000e5560000)
  from space 21824K,   0% used [0x00000000e5560000, 0x00000000e5561830, 0x00000000e6ab0000)
  to   space 21824K,   0% used [0x00000000e6ab0000, 0x00000000e6ab0000, 0x00000000e8000000)
 concurrent mark-sweep generation total 393216K, used 239197K [0x00000000e8000000, 0x0000000100000000, 0x0000000100000000)
 Metaspace       used 32423K, capacity 32872K, committed 33476K, reserved 1079296K
  class space    used 3565K, capacity 3704K, committed 3836K, reserved 1048576K
2017-07-31T16:03:56.421+0200: 15586,825: [GC (CMS Final Remark) 2017-07-31T16:03:56.421+0200: 15586,825: [ParNew
Desired survivor size 20112992 bytes, new threshold 8 (max 8)
- age   1:        192 bytes,        192 total
- age   4:        152 bytes,        344 total
: 2753K->6K(109248K), 0,0044879 secs] 241951K->239203K(502464K), 0,0045426 secs] [Times: user=0,01 sys=0,00, real=0,00 secs] 
Heap after GC invocations=207 (full 103):
 par new generation   total 109248K, used 6K [0x00000000e0000000, 0x00000000e8000000, 0x00000000e8000000)
  eden space 87424K,   0% used [0x00000000e0000000, 0x00000000e0000000, 0x00000000e5560000)
  from space 21824K,   0% used [0x00000000e6ab0000, 0x00000000e6ab1830, 0x00000000e8000000)
  to   space 21824K,   0% used [0x00000000e5560000, 0x00000000e5560000, 0x00000000e6ab0000)
 concurrent mark-sweep generation total 393216K, used 239197K [0x00000000e8000000, 0x0000000100000000, 0x0000000100000000)
 Metaspace       used 32423K, capacity 32872K, committed 33476K, reserved 1079296K
  class space    used 3565K, capacity 3704K, committed 3836K, reserved 1048576K
}
2017-07-31T16:03:56.426+0200: 15586,830: [Rescan (parallel) , 0,0006108 secs]2017-07-31T16:03:56.426+0200: 15586,831: [weak refs processing, 0,0005085 secs]2017-07-31T16:03:56.427+0200: 15586,831: [class unloading, 0,0078793 secs]2017-07-31T16:03:56.435+0200: 15586,839: [scrub symbol table, 0,0042566 secs]2017-07-31T16:03:56.439+0200: 15586,843: [scrub string table, 0,0007793 secs][1 CMS-remark: 239197K(393216K)] 239203K(502464K), 0,0189298 secs] [Times: user=0,03 sys=0,00, real=0,01 secs] 
2017-07-31T16:03:56.440+0200: 15586,844: Total time for which application threads were stopped: 0,0190756 seconds, Stopping threads took: 0,0000253 seconds
2017-07-31T16:03:56.440+0200: 15586,845: [CMS-concurrent-sweep-start]
2017-07-31T16:03:56.470+0200: 15586,875: [CMS-concurrent-sweep: 0,030/0,030 secs] [Times: user=0,03 sys=0,00, real=0,02 secs] 
2017-07-31T16:03:56.470+0200: 15586,875: [CMS-concurrent-reset-start]
2017-07-31T16:03:56.471+0200: 15586,875: [CMS-concurrent-reset: 0,001/0,001 secs] [Times: user=0,00 sys=0,00, real=0,00 secs] 
2017-07-31T16:03:58.470+0200: 15588,875: [GC (CMS Initial Mark) [1 CMS-initial-mark: 239197K(393216K)] 239203K(502464K), 0,0009620 secs] [Times: user=0,00 sys=0,00, real=0,00 secs] 
2017-07-31T16:03:58.471+0200: 15588,876: Total time for which application threads were stopped: 0,0011091 seconds, Stopping threads took: 0,0000220 seconds
2017-07-31T16:03:58.471+0200: 15588,876: [CMS-concurrent-mark-start]
2017-07-31T16:03:58.499+0200: 15588,903: [CMS-concurrent-mark: 0,028/0,028 secs] [Times: user=0,11 sys=0,00, real=0,03 secs] 
2017-07-31T16:03:58.499+0200: 15588,903: [CMS-concurrent-preclean-start]
2017-07-31T16:03:58.500+0200: 15588,905: [CMS-concurrent-preclean: 0,001/0,001 secs] [Times: user=0,01 sys=0,00, real=0,01 secs] 
2017-07-31T16:03:58.500+0200: 15588,905: [GC (CMS Final Remark) [YG occupancy: 6 K (109248 K)]{Heap before GC invocations=207 (full 104):
 par new generation   total 109248K, used 6K [0x00000000e0000000, 0x00000000e8000000, 0x00000000e8000000)
  eden space 87424K,   0% used [0x00000000e0000000, 0x00000000e0000000, 0x00000000e5560000)
  from space 21824K,   0% used [0x00000000e6ab0000, 0x00000000e6ab1830, 0x00000000e8000000)
  to   space 21824K,   0% used [0x00000000e5560000, 0x00000000e5560000, 0x00000000e6ab0000)
 concurrent mark-sweep generation total 393216K, used 239197K [0x00000000e8000000, 0x0000000100000000, 0x0000000100000000)
 Metaspace       used 32423K, capacity 32872K, committed 33476K, reserved 1079296K
  class space    used 3565K, capacity 3704K, committed 3836K, reserved 1048576K
2017-07-31T16:03:58.500+0200: 15588,905: [GC (CMS Final Remark) 2017-07-31T16:03:58.500+0200: 15588,905: [ParNew
Desired survivor size 20112992 bytes, new threshold 8 (max 8)
- age   2:        192 bytes,        192 total
- age   5:        152 bytes,        344 total
: 6K->8K(109248K), 0,0021745 secs] 239203K->239205K(502464K), 0,0022133 secs] [Times: user=0,00 sys=0,00, real=0,00 secs] 
Heap after GC invocations=208 (full 104):
 par new generation   total 109248K, used 8K [0x00000000e0000000, 0x00000000e8000000, 0x00000000e8000000)
  eden space 87424K,   0% used [0x00000000e0000000, 0x00000000e0000000, 0x00000000e5560000)
  from space 21824K,   0% used [0x00000000e5560000, 0x00000000e5562040, 0x00000000e6ab0000)
  to   space 21824K,   0% used [0x00000000e6ab0000, 0x00000000e6ab0000, 0x00000000e8000000)
 concurrent mark-sweep generation total 393216K, used 239197K [0x00000000e8000000, 0x0000000100000000, 0x0000000100000000)
 Metaspace       used 32423K, capacity 32872K, committed 33476K, reserved 1079296K
  class space    used 3565K, capacity 3704K, committed 3836K, reserved 1048576K
}
2017-07-31T16:03:58.503+0200: 15588,907: [Rescan (parallel) , 0,0004762 secs]2017-07-31T16:03:58.503+0200: 15588,908: [weak refs processing, 0,0003950 secs]2017-07-31T16:03:58.504+0200: 15588,908: [class unloading, 0,0066294 secs]2017-07-31T16:03:58.510+0200: 15588,915: [scrub symbol table, 0,0033314 secs]2017-07-31T16:03:58.514+0200: 15588,918: [scrub string table, 0,0005832 secs][1 CMS-remark: 239197K(393216K)] 239205K(502464K), 0,0138607 secs] [Times: user=0,02 sys=0,00, real=0,01 secs] 
2017-07-31T16:03:58.514+0200: 15588,919: Total time for which application threads were stopped: 0,0139744 seconds, Stopping threads took: 0,0000188 seconds
2017-07-31T16:03:58.514+0200: 15588,919: [CMS-concurrent-sweep-start]
2017-07-31T16:03:58.543+0200: 15588,947: [CMS-concurrent-sweep: 0,028/0,028 secs] [Times: user=0,02 sys=0,00, real=0,03 secs] 
2017-07-31T16:03:58.543+0200: 15588,947: [CMS-concurrent-reset-start]
2017-07-31T16:03:58.543+0200: 15588,948: [CMS-concurrent-reset: 0,001/0,001 secs] [Times: user=0,00 sys=0,00, real=0,00 secs] 
2017-07-31T16:04:00.543+0200: 15590,947: [GC (CMS Initial Mark) [1 CMS-initial-mark: 239197K(393216K)] 241953K(502464K), 0,0010830 secs] [Times: user=0,01 sys=0,00, real=0,00 secs] 
2017-07-31T16:04:00.544+0200: 15590,948: Total time for which application threads were stopped: 0,0012413 seconds, Stopping threads took: 0,0000258 seconds
2017-07-31T16:04:00.544+0200: 15590,948: [CMS-concurrent-mark-start]
2017-07-31T16:04:00.581+0200: 15590,986: [CMS-concurrent-mark: 0,038/0,038 secs] [Times: user=0,15 sys=0,00, real=0,04 secs] 
2017-07-31T16:04:00.581+0200: 15590,986: [CMS-concurrent-preclean-start]
2017-07-31T16:04:00.583+0200: 15590,987: [CMS-concurrent-preclean: 0,002/0,002 secs] [Times: user=0,00 sys=0,00, real=0,00 secs] 
2017-07-31T16:04:00.583+0200: 15590,987: [CMS-concurrent-abortable-preclean-start]
 CMS: abort preclean due to time 2017-07-31T16:04:06.660+0200: 15597,065: [CMS-concurrent-abortable-preclean: 0,072/6,077 secs] [Times: user=0,08 sys=0,00, real=6,08 secs] 
2017-07-31T16:04:06.661+0200: 15597,065: [GC (CMS Final Remark) [YG occupancy: 2755 K (109248 K)]{Heap before GC invocations=208 (full 105):
 par new generation   total 109248K, used 2755K [0x00000000e0000000, 0x00000000e8000000, 0x00000000e8000000)
  eden space 87424K,   3% used [0x00000000e0000000, 0x00000000e02aee70, 0x00000000e5560000)
  from space 21824K,   0% used [0x00000000e5560000, 0x00000000e5562040, 0x00000000e6ab0000)
  to   space 21824K,   0% used [0x00000000e6ab0000, 0x00000000e6ab0000, 0x00000000e8000000)
 concurrent mark-sweep generation total 393216K, used 239197K [0x00000000e8000000, 0x0000000100000000, 0x0000000100000000)
 Metaspace       used 32423K, capacity 32872K, committed 33476K, reserved 1079296K
  class space    used 3565K, capacity 3704K, committed 3836K, reserved 1048576K
2017-07-31T16:04:06.661+0200: 15597,065: [GC (CMS Final Remark) 2017-07-31T16:04:06.661+0200: 15597,065: [ParNew
Desired survivor size 20112992 bytes, new threshold 8 (max 8)
- age   1:        192 bytes,        192 total
- age   6:        152 bytes,        344 total
: 2755K->8K(109248K), 0,0011639 secs] 241953K->239205K(502464K), 0,0011923 secs] [Times: user=0,00 sys=0,00, real=0,00 secs] 
Heap after GC invocations=209 (full 105):
 par new generation   total 109248K, used 8K [0x00000000e0000000, 0x00000000e8000000, 0x00000000e8000000)
  eden space 87424K,   0% used [0x00000000e0000000, 0x00000000e0000000, 0x00000000e5560000)
  from space 21824K,   0% used [0x00000000e6ab0000, 0x00000000e6ab2040, 0x00000000e8000000)
  to   space 21824K,   0% used [0x00000000e5560000, 0x00000000e5560000, 0x00000000e6ab0000)
 concurrent mark-sweep generation total 393216K, used 239197K [0x00000000e8000000, 0x0000000100000000, 0x0000000100000000)
 Metaspace       used 32423K, capacity 32872K, committed 33476K, reserved 1079296K
  class space    used 3565K, capacity 3704K, committed 3836K, reserved 1048576K
}
2017-07-31T16:04:06.662+0200: 15597,066: [Rescan (parallel) , 0,0004301 secs]2017-07-31T16:04:06.662+0200: 15597,067: [weak refs processing, 0,0002534 secs]2017-07-31T16:04:06.662+0200: 15597,067: [class unloading, 0,0050847 secs]2017-07-31T16:04:06.668+0200: 15597,072: [scrub symbol table, 0,0026372 secs]2017-07-31T16:04:06.670+0200: 15597,075: [scrub string table, 0,0004716 secs][1 CMS-remark: 239197K(393216K)] 239205K(502464K), 0,0102290 secs] [Times: user=0,01 sys=0,00, real=0,00 secs] 
2017-07-31T16:04:06.671+0200: 15597,075: Total time for which application threads were stopped: 0,0103220 seconds, Stopping threads took: 0,0000154 seconds
2017-07-31T16:04:06.671+0200: 15597,075: [CMS-concurrent-sweep-start]
2017-07-31T16:04:06.691+0200: 15597,095: [CMS-concurrent-sweep: 0,020/0,020 secs] [Times: user=0,02 sys=0,00, real=0,02 secs] 
2017-07-31T16:04:06.691+0200: 15597,095: [CMS-concurrent-reset-start]
2017-07-31T16:04:06.691+0200: 15597,096: [CMS-concurrent-reset: 0,000/0,000 secs] [Times: user=0,00 sys=0,00, real=0,00 secs] 
2017-07-31T16:04:08.691+0200: 15599,095: [GC (CMS Initial Mark) [1 CMS-initial-mark: 239197K(393216K)] 239205K(502464K), 0,0008692 secs] [Times: user=0,00 sys=0,00, real=0,00 secs] 
2017-07-31T16:04:08.692+0200: 15599,096: Total time for which application threads were stopped: 0,0010359 seconds, Stopping threads took: 0,0000333 seconds
2017-07-31T16:04:08.692+0200: 15599,096: [CMS-concurrent-mark-start]
2017-07-31T16:04:08.720+0200: 15599,125: [CMS-concurrent-mark: 0,029/0,029 secs] [Times: user=0,11 sys=0,00, real=0,04 secs] 
2017-07-31T16:04:08.720+0200: 15599,125: [CMS-concurrent-preclean-start]
2017-07-31T16:04:08.722+0200: 15599,126: [CMS-concurrent-preclean: 0,001/0,001 secs] [Times: user=0,01 sys=0,00, real=0,00 secs] 
2017-07-31T16:04:08.722+0200: 15599,126: [GC (CMS Final Remark) [YG occupancy: 8 K (109248 K)]{Heap before GC invocations=209 (full 106):
 par new generation   total 109248K, used 8K [0x00000000e0000000, 0x00000000e8000000, 0x00000000e8000000)
  eden space 87424K,   0% used [0x00000000e0000000, 0x00000000e0000000, 0x00000000e5560000)
  from space 21824K,   0% used [0x00000000e6ab0000, 0x00000000e6ab2040, 0x00000000e8000000)
  to   space 21824K,   0% used [0x00000000e5560000, 0x00000000e5560000, 0x00000000e6ab0000)
 concurrent mark-sweep generation total 393216K, used 239197K [0x00000000e8000000, 0x0000000100000000, 0x0000000100000000)
 Metaspace       used 32423K, capacity 32872K, committed 33476K, reserved 1079296K
  class space    used 3565K, capacity 3704K, committed 3836K, reserved 1048576K
2017-07-31T16:04:08.722+0200: 15599,127: [GC (CMS Final Remark) 2017-07-31T16:04:08.722+0200: 15599,127: [ParNew
Desired survivor size 20112992 bytes, new threshold 8 (max 8)
- age   2:        192 bytes,        192 total
- age   7:        152 bytes,        344 total
: 8K->8K(109248K), 0,0020273 secs] 239205K->239205K(502464K), 0,0020761 secs] [Times: user=0,00 sys=0,00, real=0,00 secs] 
Heap after GC invocations=210 (full 106):
 par new generation   total 109248K, used 8K [0x00000000e0000000, 0x00000000e8000000, 0x00000000e8000000)
  eden space 87424K,   0% used [0x00000000e0000000, 0x00000000e0000000, 0x00000000e5560000)
  from space 21824K,   0% used [0x00000000e5560000, 0x00000000e5562040, 0x00000000e6ab0000)
  to   space 21824K,   0% used [0x00000000e6ab0000, 0x00000000e6ab0000, 0x00000000e8000000)
 concurrent mark-sweep generation total 393216K, used 239197K [0x00000000e8000000, 0x0000000100000000, 0x0000000100000000)
 Metaspace       used 32423K, capacity 32872K, committed 33476K, reserved 1079296K
  class space    used 3565K, capacity 3704K, committed 3836K, reserved 1048576K
}
2017-07-31T16:04:08.724+0200: 15599,129: [Rescan (parallel) , 0,0005742 secs]2017-07-31T16:04:08.725+0200: 15599,129: [weak refs processing, 0,0004659 secs]2017-07-31T16:04:08.725+0200: 15599,130: [class unloading, 0,0076275 secs]2017-07-31T16:04:08.733+0200: 15599,137: [scrub symbol table, 0,0036918 secs]2017-07-31T16:04:08.737+0200: 15599,141: [scrub string table, 0,0006782 secs][1 CMS-remark: 239197K(393216K)] 239205K(502464K), 0,0153999 secs] [Times: user=0,01 sys=0,01, real=0,01 secs] 
2017-07-31T16:04:08.737+0200: 15599,142: Total time for which application threads were stopped: 0,0155524 seconds, Stopping threads took: 0,0000238 seconds
2017-07-31T16:04:08.737+0200: 15599,142: [CMS-concurrent-sweep-start]
2017-07-31T16:04:08.768+0200: 15599,172: [CMS-concurrent-sweep: 0,030/0,030 secs] [Times: user=0,03 sys=0,00, real=0,03 secs] 
2017-07-31T16:04:08.768+0200: 15599,173: [CMS-concurrent-reset-start]
2017-07-31T16:04:08.769+0200: 15599,173: [CMS-concurrent-reset: 0,001/0,001 secs] [Times: user=0,00 sys=0,00, real=0,00 secs] 
2017-07-31T16:04:10.768+0200: 15601,172: [GC (CMS Initial Mark) [1 CMS-initial-mark: 239196K(393216K)] 241952K(502464K), 0,0009211 secs] [Times: user=0,01 sys=0,00, real=0,00 secs] 
2017-07-31T16:04:10.769+0200: 15601,173: Total time for which application threads were stopped: 0,0010850 seconds, Stopping threads took: 0,0000423 seconds
2017-07-31T16:04:10.769+0200: 15601,173: [CMS-concurrent-mark-start]
2017-07-31T16:04:10.798+0200: 15601,202: [CMS-concurrent-mark: 0,029/0,029 secs] [Times: user=0,10 sys=0,00, real=0,03 secs] 
2017-07-31T16:04:10.798+0200: 15601,202: [CMS-concurrent-preclean-start]
2017-07-31T16:04:10.799+0200: 15601,204: [CMS-concurrent-preclean: 0,001/0,001 secs] [Times: user=0,01 sys=0,00, real=0,00 secs] 
2017-07-31T16:04:10.799+0200: 15601,204: [CMS-concurrent-abortable-preclean-start]
 CMS: abort preclean due to time 2017-07-31T16:04:16.882+0200: 15607,286: [CMS-concurrent-abortable-preclean: 0,078/6,083 secs] [Times: user=0,08 sys=0,00, real=6,09 secs] 
2017-07-31T16:04:16.882+0200: 15607,286: [GC (CMS Final Remark) [YG occupancy: 2807 K (109248 K)]{Heap before GC invocations=210 (full 107):
 par new generation   total 109248K, used 2807K [0x00000000e0000000, 0x00000000e8000000, 0x00000000e8000000)
  eden space 87424K,   3% used [0x00000000e0000000, 0x00000000e02bbe80, 0x00000000e5560000)
  from space 21824K,   0% used [0x00000000e5560000, 0x00000000e5562040, 0x00000000e6ab0000)
  to   space 21824K,   0% used [0x00000000e6ab0000, 0x00000000e6ab0000, 0x00000000e8000000)
 concurrent mark-sweep generation total 393216K, used 239196K [0x00000000e8000000, 0x0000000100000000, 0x0000000100000000)
 Metaspace       used 32423K, capacity 32872K, committed 33476K, reserved 1079296K
  class space    used 3565K, capacity 3704K, committed 3836K, reserved 1048576K
2017-07-31T16:04:16.882+0200: 15607,286: [GC (CMS Final Remark) 2017-07-31T16:04:16.882+0200: 15607,287: [ParNew
Desired survivor size 20112992 bytes, new threshold 8 (max 8)
- age   1:        344 bytes,        344 total
- age   8:         32 bytes,        376 total
: 2807K->8K(109248K), 0,0028936 secs] 242004K->239204K(502464K), 0,0029589 secs] [Times: user=0,01 sys=0,00, real=0,00 secs] 
Heap after GC invocations=211 (full 107):
 par new generation   total 109248K, used 8K [0x00000000e0000000, 0x00000000e8000000, 0x00000000e8000000)
  eden space 87424K,   0% used [0x00000000e0000000, 0x00000000e0000000, 0x00000000e5560000)
  from space 21824K,   0% used [0x00000000e6ab0000, 0x00000000e6ab2040, 0x00000000e8000000)
  to   space 21824K,   0% used [0x00000000e5560000, 0x00000000e5560000, 0x00000000e6ab0000)
 concurrent mark-sweep generation total 393216K, used 239196K [0x00000000e8000000, 0x0000000100000000, 0x0000000100000000)
 Metaspace       used 32423K, capacity 32872K, committed 33476K, reserved 1079296K
  class space    used 3565K, capacity 3704K, committed 3836K, reserved 1048576K
}
2017-07-31T16:04:16.885+0200: 15607,290: [Rescan (parallel) , 0,0008371 secs]2017-07-31T16:04:16.886+0200: 15607,290: [weak refs processing, 0,0010645 secs]2017-07-31T16:04:16.887+0200: 15607,291: [class unloading, 0,0102233 secs]2017-07-31T16:04:16.897+0200: 15607,302: [scrub symbol table, 0,0037477 secs]2017-07-31T16:04:16.901+0200: 15607,305: [scrub string table, 0,0006323 secs][1 CMS-remark: 239196K(393216K)] 239204K(502464K), 0,0199006 secs] [Times: user=0,03 sys=0,00, real=0,02 secs] 
2017-07-31T16:04:16.902+0200: 15607,306: Total time for which application threads were stopped: 0,0200564 seconds, Stopping threads took: 0,0000451 seconds
2017-07-31T16:04:16.902+0200: 15607,306: [CMS-concurrent-sweep-start]
2017-07-31T16:04:16.930+0200: 15607,335: [CMS-concurrent-sweep: 0,028/0,028 secs] [Times: user=0,02 sys=0,00, real=0,02 secs] 
2017-07-31T16:04:16.930+0200: 15607,335: [CMS-concurrent-reset-start]
2017-07-31T16:04:16.931+0200: 15607,335: [CMS-concurrent-reset: 0,001/0,001 secs] [Times: user=0,01 sys=0,00, real=0,00 secs] 
2017-07-31T16:04:18.930+0200: 15609,335: [GC (CMS Initial Mark) [1 CMS-initial-mark: 239196K(393216K)] 239204K(502464K), 0,0006856 secs] [Times: user=0,00 sys=0,00, real=0,00 secs] 
2017-07-31T16:04:18.931+0200: 15609,335: Total time for which application threads were stopped: 0,0007972 seconds, Stopping threads took: 0,0000193 seconds
2017-07-31T16:04:18.931+0200: 15609,335: [CMS-concurrent-mark-start]
2017-07-31T16:04:18.950+0200: 15609,354: [CMS-concurrent-mark: 0,019/0,019 secs] [Times: user=0,07 sys=0,00, real=0,02 secs] 
2017-07-31T16:04:18.950+0200: 15609,354: [CMS-concurrent-preclean-start]
2017-07-31T16:04:18.951+0200: 15609,355: [CMS-concurrent-preclean: 0,001/0,001 secs] [Times: user=0,00 sys=0,00, real=0,00 secs] 
2017-07-31T16:04:18.951+0200: 15609,355: [GC (CMS Final Remark) [YG occupancy: 1553 K (109248 K)]{Heap before GC invocations=211 (full 108):
 par new generation   total 109248K, used 1553K [0x00000000e0000000, 0x00000000e8000000, 0x00000000e8000000)
  eden space 87424K,   1% used [0x00000000e0000000, 0x00000000e01823f8, 0x00000000e5560000)
  from space 21824K,   0% used [0x00000000e6ab0000, 0x00000000e6ab2040, 0x00000000e8000000)
  to   space 21824K,   0% used [0x00000000e5560000, 0x00000000e5560000, 0x00000000e6ab0000)
 concurrent mark-sweep generation total 393216K, used 239196K [0x00000000e8000000, 0x0000000100000000, 0x0000000100000000)
 Metaspace       used 32423K, capacity 32872K, committed 33476K, reserved 1079296K
  class space    used 3565K, capacity 3704K, committed 3836K, reserved 1048576K
2017-07-31T16:04:18.951+0200: 15609,355: [GC (CMS Final Remark) 2017-07-31T16:04:18.951+0200: 15609,355: [ParNew
Desired survivor size 20112992 bytes, new threshold 8 (max 8)
- age   1:         64 bytes,         64 total
- age   2:        280 bytes,        344 total
: 1553K->6K(109248K), 0,0010537 secs] 240749K->239202K(502464K), 0,0010967 secs] [Times: user=0,01 sys=0,00, real=0,00 secs] 
Heap after GC invocations=212 (full 108):
 par new generation   total 109248K, used 6K [0x00000000e0000000, 0x00000000e8000000, 0x00000000e8000000)
  eden space 87424K,   0% used [0x00000000e0000000, 0x00000000e0000000, 0x00000000e5560000)
  from space 21824K,   0% used [0x00000000e5560000, 0x00000000e5561830, 0x00000000e6ab0000)
  to   space 21824K,   0% used [0x00000000e6ab0000, 0x00000000e6ab0000, 0x00000000e8000000)
 concurrent mark-sweep generation total 393216K, used 239196K [0x00000000e8000000, 0x0000000100000000, 0x0000000100000000)
 Metaspace       used 32423K, capacity 32872K, committed 33476K, reserved 1079296K
  class space    used 3565K, capacity 3704K, committed 3836K, reserved 1048576K
}
2017-07-31T16:04:18.952+0200: 15609,356: [Rescan (parallel) , 0,0007364 secs]2017-07-31T16:04:18.953+0200: 15609,357: [weak refs processing, 0,0069679 secs]2017-07-31T16:04:18.960+0200: 15609,364: [class unloading, 0,0050484 secs]2017-07-31T16:04:18.965+0200: 15609,369: [scrub symbol table, 0,0027899 secs]2017-07-31T16:04:18.968+0200: 15609,372: [scrub string table, 0,0004610 secs][1 CMS-remark: 239196K(393216K)] 239202K(502464K), 0,0172870 secs] [Times: user=0,04 sys=0,00, real=0,02 secs] 
2017-07-31T16:04:18.968+0200: 15609,373: Total time for which application threads were stopped: 0,0173813 seconds, Stopping threads took: 0,0000195 seconds
2017-07-31T16:04:18.968+0200: 15609,373: [CMS-concurrent-sweep-start]
2017-07-31T16:04:18.990+0200: 15609,395: [CMS-concurrent-sweep: 0,022/0,022 secs] [Times: user=0,02 sys=0,00, real=0,02 secs] 
2017-07-31T16:04:18.990+0200: 15609,395: [CMS-concurrent-reset-start]
2017-07-31T16:04:18.991+0200: 15609,395: [CMS-concurrent-reset: 0,000/0,000 secs] [Times: user=0,00 sys=0,00, real=0,00 secs] 
2017-07-31T16:04:20.990+0200: 15611,395: [GC (CMS Initial Mark) [1 CMS-initial-mark: 239196K(393216K)] 240405K(502464K), 0,0009409 secs] [Times: user=0,00 sys=0,00, real=0,00 secs] 
2017-07-31T16:04:20.991+0200: 15611,396: Total time for which application threads were stopped: 0,0010856 seconds, Stopping threads took: 0,0000306 seconds
2017-07-31T16:04:20.991+0200: 15611,396: [CMS-concurrent-mark-start]
2017-07-31T16:04:21.018+0200: 15611,422: [CMS-concurrent-mark: 0,027/0,027 secs] [Times: user=0,11 sys=0,00, real=0,03 secs] 
2017-07-31T16:04:21.018+0200: 15611,422: [CMS-concurrent-preclean-start]
2017-07-31T16:04:21.019+0200: 15611,424: [CMS-concurrent-preclean: 0,001/0,001 secs] [Times: user=0,00 sys=0,00, real=0,00 secs] 
2017-07-31T16:04:21.019+0200: 15611,424: [GC (CMS Final Remark) [YG occupancy: 1208 K (109248 K)]{Heap before GC invocations=212 (full 109):
 par new generation   total 109248K, used 1208K [0x00000000e0000000, 0x00000000e8000000, 0x00000000e8000000)
  eden space 87424K,   1% used [0x00000000e0000000, 0x00000000e012ca78, 0x00000000e5560000)
  from space 21824K,   0% used [0x00000000e5560000, 0x00000000e5561830, 0x00000000e6ab0000)
  to   space 21824K,   0% used [0x00000000e6ab0000, 0x00000000e6ab0000, 0x00000000e8000000)
 concurrent mark-sweep generation total 393216K, used 239196K [0x00000000e8000000, 0x0000000100000000, 0x0000000100000000)
 Metaspace       used 32423K, capacity 32872K, committed 33476K, reserved 1079296K
  class space    used 3565K, capacity 3704K, committed 3836K, reserved 1048576K
2017-07-31T16:04:21.019+0200: 15611,424: [GC (CMS Final Remark) 2017-07-31T16:04:21.019+0200: 15611,424: [ParNew
Desired survivor size 20112992 bytes, new threshold 8 (max 8)
- age   1:         96 bytes,         96 total
- age   2:         64 bytes,        160 total
- age   3:        184 bytes,        344 total
: 1208K->4K(109248K), 0,0035151 secs] 240405K->239200K(502464K), 0,0035721 secs] [Times: user=0,01 sys=0,00, real=0,01 secs] 
Heap after GC invocations=213 (full 109):
 par new generation   total 109248K, used 4K [0x00000000e0000000, 0x00000000e8000000, 0x00000000e8000000)
  eden space 87424K,   0% used [0x00000000e0000000, 0x00000000e0000000, 0x00000000e5560000)
  from space 21824K,   0% used [0x00000000e6ab0000, 0x00000000e6ab1020, 0x00000000e8000000)
  to   space 21824K,   0% used [0x00000000e5560000, 0x00000000e5560000, 0x00000000e6ab0000)
 concurrent mark-sweep generation total 393216K, used 239196K [0x00000000e8000000, 0x0000000100000000, 0x0000000100000000)
 Metaspace       used 32423K, capacity 32872K, committed 33476K, reserved 1079296K
  class space    used 3565K, capacity 3704K, committed 3836K, reserved 1048576K
}
2017-07-31T16:04:21.023+0200: 15611,428: [Rescan (parallel) , 0,0004167 secs]2017-07-31T16:04:21.023+0200: 15611,428: [weak refs processing, 0,0003994 secs]2017-07-31T16:04:21.024+0200: 15611,428: [class unloading, 0,0067366 secs]2017-07-31T16:04:21.031+0200: 15611,435: [scrub symbol table, 0,0033757 secs]2017-07-31T16:04:21.034+0200: 15611,438: [scrub string table, 0,0006107 secs][1 CMS-remark: 239196K(393216K)] 239200K(502464K), 0,0154162 secs] [Times: user=0,03 sys=0,00, real=0,02 secs] 
2017-07-31T16:04:21.035+0200: 15611,439: Total time for which application threads were stopped: 0,0155508 seconds, Stopping threads took: 0,0000306 seconds
2017-07-31T16:04:21.035+0200: 15611,439: [CMS-concurrent-sweep-start]
2017-07-31T16:04:21.063+0200: 15611,467: [CMS-concurrent-sweep: 0,028/0,028 secs] [Times: user=0,02 sys=0,00, real=0,03 secs] 
2017-07-31T16:04:21.063+0200: 15611,467: [CMS-concurrent-reset-start]
2017-07-31T16:04:21.063+0200: 15611,468: [CMS-concurrent-reset: 0,001/0,001 secs] [Times: user=0,00 sys=0,00, real=0,00 secs] 
2017-07-31T16:04:23.063+0200: 15613,467: [GC (CMS Initial Mark) [1 CMS-initial-mark: 239196K(393216K)] 239200K(502464K), 0,0007695 secs] [Times: user=0,01 sys=0,00, real=0,00 secs] 
2017-07-31T16:04:23.063+0200: 15613,468: Total time for which application threads were stopped: 0,0009524 seconds, Stopping threads took: 0,0000252 seconds
2017-07-31T16:04:23.064+0200: 15613,468: [CMS-concurrent-mark-start]
2017-07-31T16:04:23.099+0200: 15613,504: [CMS-concurrent-mark: 0,036/0,036 secs] [Times: user=0,14 sys=0,00, real=0,03 secs] 
2017-07-31T16:04:23.099+0200: 15613,504: [CMS-concurrent-preclean-start]
2017-07-31T16:04:23.101+0200: 15613,505: [CMS-concurrent-preclean: 0,001/0,001 secs] [Times: user=0,00 sys=0,00, real=0,01 secs] 
2017-07-31T16:04:23.101+0200: 15613,505: [GC (CMS Final Remark) [YG occupancy: 4 K (109248 K)]{Heap before GC invocations=213 (full 110):
 par new generation   total 109248K, used 4K [0x00000000e0000000, 0x00000000e8000000, 0x00000000e8000000)
  eden space 87424K,   0% used [0x00000000e0000000, 0x00000000e0000000, 0x00000000e5560000)
  from space 21824K,   0% used [0x00000000e6ab0000, 0x00000000e6ab1020, 0x00000000e8000000)
  to   space 21824K,   0% used [0x00000000e5560000, 0x00000000e5560000, 0x00000000e6ab0000)
 concurrent mark-sweep generation total 393216K, used 239196K [0x00000000e8000000, 0x0000000100000000, 0x0000000100000000)
 Metaspace       used 32423K, capacity 32872K, committed 33476K, reserved 1079296K
  class space    used 3565K, capacity 3704K, committed 3836K, reserved 1048576K
2017-07-31T16:04:23.101+0200: 15613,505: [GC (CMS Final Remark) 2017-07-31T16:04:23.101+0200: 15613,505: [ParNew
Desired survivor size 20112992 bytes, new threshold 8 (max 8)
- age   2:         96 bytes,         96 total
- age   3:         64 bytes,        160 total
- age   4:        184 bytes,        344 total
: 4K->6K(109248K), 0,0021492 secs] 239200K->239202K(502464K), 0,0021914 secs] [Times: user=0,01 sys=0,00, real=0,00 secs] 
Heap after GC invocations=214 (full 110):
 par new generation   total 109248K, used 6K [0x00000000e0000000, 0x00000000e8000000, 0x00000000e8000000)
  eden space 87424K,   0% used [0x00000000e0000000, 0x00000000e0000000, 0x00000000e5560000)
  from space 21824K,   0% used [0x00000000e5560000, 0x00000000e5561830, 0x00000000e6ab0000)
  to   space 21824K,   0% used [0x00000000e6ab0000, 0x00000000e6ab0000, 0x00000000e8000000)
 concurrent mark-sweep generation total 393216K, used 239196K [0x00000000e8000000, 0x0000000100000000, 0x0000000100000000)
 Metaspace       used 32423K, capacity 32872K, committed 33476K, reserved 1079296K
  class space    used 3565K, capacity 3704K, committed 3836K, reserved 1048576K
}
2017-07-31T16:04:23.103+0200: 15613,508: [Rescan (parallel) , 0,0005281 secs]2017-07-31T16:04:23.104+0200: 15613,508: [weak refs processing, 0,0004531 secs]2017-07-31T16:04:23.104+0200: 15613,509: [class unloading, 0,0071270 secs]2017-07-31T16:04:23.111+0200: 15613,516: [scrub symbol table, 0,0034518 secs]2017-07-31T16:04:23.115+0200: 15613,519: [scrub string table, 0,0006294 secs][1 CMS-remark: 239196K(393216K)] 239202K(502464K), 0,0146237 secs] [Times: user=0,02 sys=0,00, real=0,01 secs] 
2017-07-31T16:04:23.116+0200: 15613,520: Total time for which application threads were stopped: 0,0147651 seconds, Stopping threads took: 0,0000295 seconds
2017-07-31T16:04:23.116+0200: 15613,520: [CMS-concurrent-sweep-start]
2017-07-31T16:04:23.144+0200: 15613,548: [CMS-concurrent-sweep: 0,028/0,028 secs] [Times: user=0,03 sys=0,00, real=0,03 secs] 
2017-07-31T16:04:23.144+0200: 15613,548: [CMS-concurrent-reset-start]
2017-07-31T16:04:23.144+0200: 15613,549: [CMS-concurrent-reset: 0,001/0,001 secs] [Times: user=0,00 sys=0,00, real=0,00 secs] 
2017-07-31T16:04:25.144+0200: 15615,548: [GC (CMS Initial Mark) [1 CMS-initial-mark: 239196K(393216K)] 241950K(502464K), 0,0009390 secs] [Times: user=0,00 sys=0,00, real=0,00 secs] 
2017-07-31T16:04:25.145+0200: 15615,549: Total time for which application threads were stopped: 0,0010886 seconds, Stopping threads took: 0,0000317 seconds
2017-07-31T16:04:25.145+0200: 15615,549: [CMS-concurrent-mark-start]
2017-07-31T16:04:25.171+0200: 15615,575: [CMS-concurrent-mark: 0,026/0,026 secs] [Times: user=0,11 sys=0,00, real=0,02 secs] 
2017-07-31T16:04:25.171+0200: 15615,575: [CMS-concurrent-preclean-start]
2017-07-31T16:04:25.172+0200: 15615,577: [CMS-concurrent-preclean: 0,001/0,001 secs] [Times: user=0,00 sys=0,00, real=0,01 secs] 
2017-07-31T16:04:25.172+0200: 15615,577: [CMS-concurrent-abortable-preclean-start]
 CMS: abort preclean due to time 2017-07-31T16:04:31.253+0200: 15621,658: [CMS-concurrent-abortable-preclean: 0,077/6,081 secs] [Times: user=0,08 sys=0,00, real=6,08 secs] 
2017-07-31T16:04:31.254+0200: 15621,658: [GC (CMS Final Remark) [YG occupancy: 2753 K (109248 K)]{Heap before GC invocations=214 (full 111):
 par new generation   total 109248K, used 2753K [0x00000000e0000000, 0x00000000e8000000, 0x00000000e8000000)
  eden space 87424K,   3% used [0x00000000e0000000, 0x00000000e02aee70, 0x00000000e5560000)
  from space 21824K,   0% used [0x00000000e5560000, 0x00000000e5561830, 0x00000000e6ab0000)
  to   space 21824K,   0% used [0x00000000e6ab0000, 0x00000000e6ab0000, 0x00000000e8000000)
 concurrent mark-sweep generation total 393216K, used 239196K [0x00000000e8000000, 0x0000000100000000, 0x0000000100000000)
 Metaspace       used 32423K, capacity 32872K, committed 33476K, reserved 1079296K
  class space    used 3565K, capacity 3704K, committed 3836K, reserved 1048576K
2017-07-31T16:04:31.254+0200: 15621,658: [GC (CMS Final Remark) 2017-07-31T16:04:31.254+0200: 15621,658: [ParNew
Desired survivor size 20112992 bytes, new threshold 8 (max 8)
- age   1:        192 bytes,        192 total
- age   5:        152 bytes,        344 total
: 2753K->8K(109248K), 0,0023532 secs] 241950K->239204K(502464K), 0,0023930 secs] [Times: user=0,01 sys=0,00, real=0,00 secs] 
Heap after GC invocations=215 (full 111):
 par new generation   total 109248K, used 8K [0x00000000e0000000, 0x00000000e8000000, 0x00000000e8000000)
  eden space 87424K,   0% used [0x00000000e0000000, 0x00000000e0000000, 0x00000000e5560000)
  from space 21824K,   0% used [0x00000000e6ab0000, 0x00000000e6ab2040, 0x00000000e8000000)
  to   space 21824K,   0% used [0x00000000e5560000, 0x00000000e5560000, 0x00000000e6ab0000)
 concurrent mark-sweep generation total 393216K, used 239196K [0x00000000e8000000, 0x0000000100000000, 0x0000000100000000)
 Metaspace       used 32423K, capacity 32872K, committed 33476K, reserved 1079296K
  class space    used 3565K, capacity 3704K, committed 3836K, reserved 1048576K
}
2017-07-31T16:04:31.256+0200: 15621,661: [Rescan (parallel) , 0,0004714 secs]2017-07-31T16:04:31.257+0200: 15621,661: [weak refs processing, 0,0003644 secs]2017-07-31T16:04:31.257+0200: 15621,661: [class unloading, 0,0059642 secs]2017-07-31T16:04:31.263+0200: 15621,667: [scrub symbol table, 0,0030501 secs]2017-07-31T16:04:31.266+0200: 15621,671: [scrub string table, 0,0005354 secs][1 CMS-remark: 239196K(393216K)] 239204K(502464K), 0,0130688 secs] [Times: user=0,02 sys=0,00, real=0,01 secs] 
2017-07-31T16:04:31.267+0200: 15621,671: Total time for which application threads were stopped: 0,0131815 seconds, Stopping threads took: 0,0000196 seconds
2017-07-31T16:04:31.267+0200: 15621,671: [CMS-concurrent-sweep-start]
2017-07-31T16:04:31.294+0200: 15621,698: [CMS-concurrent-sweep: 0,027/0,027 secs] [Times: user=0,03 sys=0,00, real=0,03 secs] 
2017-07-31T16:04:31.294+0200: 15621,699: [CMS-concurrent-reset-start]
2017-07-31T16:04:31.295+0200: 15621,699: [CMS-concurrent-reset: 0,001/0,001 secs] [Times: user=0,00 sys=0,00, real=0,00 secs] 
2017-07-31T16:04:33.294+0200: 15623,698: [GC (CMS Initial Mark) [1 CMS-initial-mark: 239196K(393216K)] 239204K(502464K), 0,0006937 secs] [Times: user=0,00 sys=0,00, real=0,00 secs] 
2017-07-31T16:04:33.295+0200: 15623,699: Total time for which application threads were stopped: 0,0008179 seconds, Stopping threads took: 0,0000194 seconds
2017-07-31T16:04:33.295+0200: 15623,699: [CMS-concurrent-mark-start]
2017-07-31T16:04:33.322+0200: 15623,727: [CMS-concurrent-mark: 0,028/0,028 secs] [Times: user=0,10 sys=0,01, real=0,03 secs] 
2017-07-31T16:04:33.322+0200: 15623,727: [CMS-concurrent-preclean-start]
2017-07-31T16:04:33.324+0200: 15623,728: [CMS-concurrent-preclean: 0,001/0,001 secs] [Times: user=0,00 sys=0,00, real=0,00 secs] 
2017-07-31T16:04:33.324+0200: 15623,728: [GC (CMS Final Remark) [YG occupancy: 8 K (109248 K)]{Heap before GC invocations=215 (full 112):
 par new generation   total 109248K, used 8K [0x00000000e0000000, 0x00000000e8000000, 0x00000000e8000000)
  eden space 87424K,   0% used [0x00000000e0000000, 0x00000000e0000000, 0x00000000e5560000)
  from space 21824K,   0% used [0x00000000e6ab0000, 0x00000000e6ab2040, 0x00000000e8000000)
  to   space 21824K,   0% used [0x00000000e5560000, 0x00000000e5560000, 0x00000000e6ab0000)
 concurrent mark-sweep generation total 393216K, used 239196K [0x00000000e8000000, 0x0000000100000000, 0x0000000100000000)
 Metaspace       used 32423K, capacity 32872K, committed 33476K, reserved 1079296K
  class space    used 3565K, capacity 3704K, committed 3836K, reserved 1048576K
2017-07-31T16:04:33.324+0200: 15623,728: [GC (CMS Final Remark) 2017-07-31T16:04:33.324+0200: 15623,728: [ParNew
Desired survivor size 20112992 bytes, new threshold 8 (max 8)
- age   2:        192 bytes,        192 total
- age   6:        152 bytes,        344 total
: 8K->6K(109248K), 0,0014205 secs] 239204K->239202K(502464K), 0,0014609 secs] [Times: user=0,01 sys=0,00, real=0,00 secs] 
Heap after GC invocations=216 (full 112):
 par new generation   total 109248K, used 6K [0x00000000e0000000, 0x00000000e8000000, 0x00000000e8000000)
  eden space 87424K,   0% used [0x00000000e0000000, 0x00000000e0000000, 0x00000000e5560000)
  from space 21824K,   0% used [0x00000000e5560000, 0x00000000e5561830, 0x00000000e6ab0000)
  to   space 21824K,   0% used [0x00000000e6ab0000, 0x00000000e6ab0000, 0x00000000e8000000)
 concurrent mark-sweep generation total 393216K, used 239196K [0x00000000e8000000, 0x0000000100000000, 0x0000000100000000)
 Metaspace       used 32423K, capacity 32872K, committed 33476K, reserved 1079296K
  class space    used 3565K, capacity 3704K, committed 3836K, reserved 1048576K
}
2017-07-31T16:04:33.325+0200: 15623,730: [Rescan (parallel) , 0,0006639 secs]2017-07-31T16:04:33.326+0200: 15623,730: [weak refs processing, 0,0004911 secs]2017-07-31T16:04:33.326+0200: 15623,731: [class unloading, 0,0059772 secs]2017-07-31T16:04:33.332+0200: 15623,737: [scrub symbol table, 0,0031356 secs]2017-07-31T16:04:33.336+0200: 15623,740: [scrub string table, 0,0005592 secs][1 CMS-remark: 239196K(393216K)] 239202K(502464K), 0,0126669 secs] [Times: user=0,02 sys=0,00, real=0,01 secs] 
2017-07-31T16:04:33.336+0200: 15623,741: Total time for which application threads were stopped: 0,0127970 seconds, Stopping threads took: 0,0000245 seconds
2017-07-31T16:04:33.337+0200: 15623,741: [CMS-concurrent-sweep-start]
2017-07-31T16:04:33.363+0200: 15623,767: [CMS-concurrent-sweep: 0,026/0,026 secs] [Times: user=0,03 sys=0,00, real=0,03 secs] 
2017-07-31T16:04:33.363+0200: 15623,767: [CMS-concurrent-reset-start]
2017-07-31T16:04:33.363+0200: 15623,768: [CMS-concurrent-reset: 0,001/0,001 secs] [Times: user=0,00 sys=0,00, real=0,00 secs] 
2017-07-31T16:04:35.363+0200: 15625,767: [GC (CMS Initial Mark) [1 CMS-initial-mark: 239196K(393216K)] 241950K(502464K), 0,0005530 secs] [Times: user=0,00 sys=0,00, real=0,00 secs] 
2017-07-31T16:04:35.363+0200: 15625,768: Total time for which application threads were stopped: 0,0006471 seconds, Stopping threads took: 0,0000223 seconds
2017-07-31T16:04:35.363+0200: 15625,768: [CMS-concurrent-mark-start]
2017-07-31T16:04:35.384+0200: 15625,788: [CMS-concurrent-mark: 0,020/0,020 secs] [Times: user=0,09 sys=0,00, real=0,02 secs] 
2017-07-31T16:04:35.384+0200: 15625,788: [CMS-concurrent-preclean-start]
2017-07-31T16:04:35.385+0200: 15625,789: [CMS-concurrent-preclean: 0,001/0,001 secs] [Times: user=0,00 sys=0,00, real=0,00 secs] 
2017-07-31T16:04:35.385+0200: 15625,789: [CMS-concurrent-abortable-preclean-start]
 CMS: abort preclean due to time 2017-07-31T16:04:41.462+0200: 15631,867: [CMS-concurrent-abortable-preclean: 0,073/6,078 secs] [Times: user=0,06 sys=0,00, real=6,08 secs] 
2017-07-31T16:04:41.463+0200: 15631,867: [GC (CMS Final Remark) [YG occupancy: 2753 K (109248 K)]{Heap before GC invocations=216 (full 113):
 par new generation   total 109248K, used 2753K [0x00000000e0000000, 0x00000000e8000000, 0x00000000e8000000)
  eden space 87424K,   3% used [0x00000000e0000000, 0x00000000e02aee70, 0x00000000e5560000)
  from space 21824K,   0% used [0x00000000e5560000, 0x00000000e5561830, 0x00000000e6ab0000)
  to   space 21824K,   0% used [0x00000000e6ab0000, 0x00000000e6ab0000, 0x00000000e8000000)
 concurrent mark-sweep generation total 393216K, used 239196K [0x00000000e8000000, 0x0000000100000000, 0x0000000100000000)
 Metaspace       used 32423K, capacity 32872K, committed 33476K, reserved 1079296K
  class space    used 3565K, capacity 3704K, committed 3836K, reserved 1048576K
2017-07-31T16:04:41.463+0200: 15631,867: [GC (CMS Final Remark) 2017-07-31T16:04:41.463+0200: 15631,867: [ParNew
Desired survivor size 20112992 bytes, new threshold 8 (max 8)
- age   1:        192 bytes,        192 total
- age   7:        152 bytes,        344 total
: 2753K->8K(109248K), 0,0017245 secs] 241950K->239204K(502464K), 0,0017664 secs] [Times: user=0,01 sys=0,00, real=0,00 secs] 
Heap after GC invocations=217 (full 113):
 par new generation   total 109248K, used 8K [0x00000000e0000000, 0x00000000e8000000, 0x00000000e8000000)
  eden space 87424K,   0% used [0x00000000e0000000, 0x00000000e0000000, 0x00000000e5560000)
  from space 21824K,   0% used [0x00000000e6ab0000, 0x00000000e6ab2040, 0x00000000e8000000)
  to   space 21824K,   0% used [0x00000000e5560000, 0x00000000e5560000, 0x00000000e6ab0000)
 concurrent mark-sweep generation total 393216K, used 239196K [0x00000000e8000000, 0x0000000100000000, 0x0000000100000000)
 Metaspace       used 32423K, capacity 32872K, committed 33476K, reserved 1079296K
  class space    used 3565K, capacity 3704K, committed 3836K, reserved 1048576K
}
2017-07-31T16:04:41.465+0200: 15631,869: [Rescan (parallel) , 0,0004523 secs]2017-07-31T16:04:41.465+0200: 15631,870: [weak refs processing, 0,0003016 secs]2017-07-31T16:04:41.465+0200: 15631,870: [class unloading, 0,0053255 secs]2017-07-31T16:04:41.471+0200: 15631,875: [scrub symbol table, 0,0027333 secs]2017-07-31T16:04:41.473+0200: 15631,878: [scrub string table, 0,0004813 secs][1 CMS-remark: 239196K(393216K)] 239204K(502464K), 0,0112552 secs] [Times: user=0,02 sys=0,00, real=0,01 secs] 
2017-07-31T16:04:41.474+0200: 15631,878: Total time for which application threads were stopped: 0,0113669 seconds, Stopping threads took: 0,0000178 seconds
2017-07-31T16:04:41.474+0200: 15631,879: [CMS-concurrent-sweep-start]
2017-07-31T16:04:41.495+0200: 15631,900: [CMS-concurrent-sweep: 0,021/0,021 secs] [Times: user=0,02 sys=0,00, real=0,02 secs] 
2017-07-31T16:04:41.495+0200: 15631,900: [CMS-concurrent-reset-start]
2017-07-31T16:04:41.496+0200: 15631,900: [CMS-concurrent-reset: 0,000/0,000 secs] [Times: user=0,00 sys=0,00, real=0,00 secs] 
2017-07-31T16:04:43.495+0200: 15633,899: [GC (CMS Initial Mark) [1 CMS-initial-mark: 239196K(393216K)] 239256K(502464K), 0,0008720 secs] [Times: user=0,00 sys=0,00, real=0,00 secs] 
2017-07-31T16:04:43.496+0200: 15633,900: Total time for which application threads were stopped: 0,0010375 seconds, Stopping threads took: 0,0000293 seconds
2017-07-31T16:04:43.496+0200: 15633,900: [CMS-concurrent-mark-start]
2017-07-31T16:04:43.524+0200: 15633,929: [CMS-concurrent-mark: 0,028/0,028 secs] [Times: user=0,12 sys=0,01, real=0,03 secs] 
2017-07-31T16:04:43.524+0200: 15633,929: [CMS-concurrent-preclean-start]
2017-07-31T16:04:43.526+0200: 15633,930: [CMS-concurrent-preclean: 0,001/0,001 secs] [Times: user=0,00 sys=0,00, real=0,00 secs] 
2017-07-31T16:04:43.526+0200: 15633,930: [GC (CMS Final Remark) [YG occupancy: 60 K (109248 K)]{Heap before GC invocations=217 (full 114):
 par new generation   total 109248K, used 60K [0x00000000e0000000, 0x00000000e8000000, 0x00000000e8000000)
  eden space 87424K,   0% used [0x00000000e0000000, 0x00000000e000d010, 0x00000000e5560000)
  from space 21824K,   0% used [0x00000000e6ab0000, 0x00000000e6ab2040, 0x00000000e8000000)
  to   space 21824K,   0% used [0x00000000e5560000, 0x00000000e5560000, 0x00000000e6ab0000)
 concurrent mark-sweep generation total 393216K, used 239196K [0x00000000e8000000, 0x0000000100000000, 0x0000000100000000)
 Metaspace       used 32423K, capacity 32872K, committed 33476K, reserved 1079296K
  class space    used 3565K, capacity 3704K, committed 3836K, reserved 1048576K
2017-07-31T16:04:43.526+0200: 15633,930: [GC (CMS Final Remark) 2017-07-31T16:04:43.526+0200: 15633,930: [ParNew
Desired survivor size 20112992 bytes, new threshold 8 (max 8)
- age   1:        152 bytes,        152 total
- age   2:        192 bytes,        344 total
- age   8:         32 bytes,        376 total
: 60K->8K(109248K), 0,0019343 secs] 239256K->239204K(502464K), 0,0019862 secs] [Times: user=0,00 sys=0,00, real=0,00 secs] 
Heap after GC invocations=218 (full 114):
 par new generation   total 109248K, used 8K [0x00000000e0000000, 0x00000000e8000000, 0x00000000e8000000)
  eden space 87424K,   0% used [0x00000000e0000000, 0x00000000e0000000, 0x00000000e5560000)
  from space 21824K,   0% used [0x00000000e5560000, 0x00000000e5562040, 0x00000000e6ab0000)
  to   space 21824K,   0% used [0x00000000e6ab0000, 0x00000000e6ab0000, 0x00000000e8000000)
 concurrent mark-sweep generation total 393216K, used 239196K [0x00000000e8000000, 0x0000000100000000, 0x0000000100000000)
 Metaspace       used 32423K, capacity 32872K, committed 33476K, reserved 1079296K
  class space    used 3565K, capacity 3704K, committed 3836K, reserved 1048576K
}
2017-07-31T16:04:43.528+0200: 15633,932: [Rescan (parallel) , 0,0005011 secs]2017-07-31T16:04:43.528+0200: 15633,933: [weak refs processing, 0,0003942 secs]2017-07-31T16:04:43.529+0200: 15633,933: [class unloading, 0,0065577 secs]2017-07-31T16:04:43.535+0200: 15633,940: [scrub symbol table, 0,0032289 secs]2017-07-31T16:04:43.539+0200: 15633,943: [scrub string table, 0,0005801 secs][1 CMS-remark: 239196K(393216K)] 239204K(502464K), 0,0135906 secs] [Times: user=0,02 sys=0,00, real=0,01 secs] 
2017-07-31T16:04:43.539+0200: 15633,944: Total time for which application threads were stopped: 0,0137322 seconds, Stopping threads took: 0,0000300 seconds
2017-07-31T16:04:43.540+0200: 15633,944: [CMS-concurrent-sweep-start]
2017-07-31T16:04:43.566+0200: 15633,970: [CMS-concurrent-sweep: 0,026/0,026 secs] [Times: user=0,02 sys=0,00, real=0,03 secs] 
2017-07-31T16:04:43.566+0200: 15633,970: [CMS-concurrent-reset-start]
2017-07-31T16:04:43.566+0200: 15633,971: [CMS-concurrent-reset: 0,001/0,001 secs] [Times: user=0,00 sys=0,00, real=0,00 secs] 
2017-07-31T16:04:45.566+0200: 15635,970: [GC (CMS Initial Mark) [1 CMS-initial-mark: 239196K(393216K)] 241952K(502464K), 0,0005916 secs] [Times: user=0,00 sys=0,00, real=0,00 secs] 
2017-07-31T16:04:45.566+0200: 15635,971: Total time for which application threads were stopped: 0,0007023 seconds, Stopping threads took: 0,0000289 seconds
2017-07-31T16:04:45.566+0200: 15635,971: [CMS-concurrent-mark-start]
2017-07-31T16:04:45.582+0200: 15635,987: [CMS-concurrent-mark: 0,016/0,016 secs] [Times: user=0,07 sys=0,00, real=0,02 secs] 
2017-07-31T16:04:45.582+0200: 15635,987: [CMS-concurrent-preclean-start]
2017-07-31T16:04:45.583+0200: 15635,988: [CMS-concurrent-preclean: 0,001/0,001 secs] [Times: user=0,00 sys=0,00, real=0,00 secs] 
2017-07-31T16:04:45.583+0200: 15635,988: [CMS-concurrent-abortable-preclean-start]
 CMS: abort preclean due to time 2017-07-31T16:04:51.663+0200: 15642,068: [CMS-concurrent-abortable-preclean: 0,075/6,080 secs] [Times: user=0,08 sys=0,00, real=6,08 secs] 
2017-07-31T16:04:51.663+0200: 15642,068: [GC (CMS Final Remark) [YG occupancy: 2755 K (109248 K)]{Heap before GC invocations=218 (full 115):
 par new generation   total 109248K, used 2755K [0x00000000e0000000, 0x00000000e8000000, 0x00000000e8000000)
  eden space 87424K,   3% used [0x00000000e0000000, 0x00000000e02aee70, 0x00000000e5560000)
  from space 21824K,   0% used [0x00000000e5560000, 0x00000000e5562040, 0x00000000e6ab0000)
  to   space 21824K,   0% used [0x00000000e6ab0000, 0x00000000e6ab0000, 0x00000000e8000000)
 concurrent mark-sweep generation total 393216K, used 239196K [0x00000000e8000000, 0x0000000100000000, 0x0000000100000000)
 Metaspace       used 32423K, capacity 32872K, committed 33476K, reserved 1079296K
  class space    used 3565K, capacity 3704K, committed 3836K, reserved 1048576K
2017-07-31T16:04:51.663+0200: 15642,068: [GC (CMS Final Remark) 2017-07-31T16:04:51.663+0200: 15642,068: [ParNew
Desired survivor size 20112992 bytes, new threshold 8 (max 8)
- age   1:        192 bytes,        192 total
- age   2:        152 bytes,        344 total
: 2755K->8K(109248K), 0,0050644 secs] 241952K->239204K(502464K), 0,0051222 secs] [Times: user=0,01 sys=0,00, real=0,00 secs] 
Heap after GC invocations=219 (full 115):
 par new generation   total 109248K, used 8K [0x00000000e0000000, 0x00000000e8000000, 0x00000000e8000000)
  eden space 87424K,   0% used [0x00000000e0000000, 0x00000000e0000000, 0x00000000e5560000)
  from space 21824K,   0% used [0x00000000e6ab0000, 0x00000000e6ab2040, 0x00000000e8000000)
  to   space 21824K,   0% used [0x00000000e5560000, 0x00000000e5560000, 0x00000000e6ab0000)
 concurrent mark-sweep generation total 393216K, used 239196K [0x00000000e8000000, 0x0000000100000000, 0x0000000100000000)
 Metaspace       used 32423K, capacity 32872K, committed 33476K, reserved 1079296K
  class space    used 3565K, capacity 3704K, committed 3836K, reserved 1048576K
}
2017-07-31T16:04:51.669+0200: 15642,073: [Rescan (parallel) , 0,0006094 secs]2017-07-31T16:04:51.669+0200: 15642,074: [weak refs processing, 0,0005549 secs]2017-07-31T16:04:51.670+0200: 15642,074: [class unloading, 0,0081459 secs]2017-07-31T16:04:51.678+0200: 15642,082: [scrub symbol table, 0,0039235 secs]2017-07-31T16:04:51.682+0200: 15642,086: [scrub string table, 0,0007051 secs][1 CMS-remark: 239196K(393216K)] 239204K(502464K), 0,0193459 secs] [Times: user=0,02 sys=0,00, real=0,02 secs] 
2017-07-31T16:04:51.683+0200: 15642,087: Total time for which application threads were stopped: 0,0195003 seconds, Stopping threads took: 0,0000334 seconds
2017-07-31T16:04:51.683+0200: 15642,087: [CMS-concurrent-sweep-start]
2017-07-31T16:04:51.714+0200: 15642,118: [CMS-concurrent-sweep: 0,031/0,031 secs] [Times: user=0,03 sys=0,00, real=0,03 secs] 
2017-07-31T16:04:51.714+0200: 15642,118: [CMS-concurrent-reset-start]
2017-07-31T16:04:51.714+0200: 15642,119: [CMS-concurrent-reset: 0,001/0,001 secs] [Times: user=0,00 sys=0,00, real=0,00 secs] 
2017-07-31T16:04:53.714+0200: 15644,118: [GC (CMS Initial Mark) [1 CMS-initial-mark: 239196K(393216K)] 239204K(502464K), 0,0010090 secs] [Times: user=0,01 sys=0,00, real=0,00 secs] 
2017-07-31T16:04:53.715+0200: 15644,119: Total time for which application threads were stopped: 0,0011680 seconds, Stopping threads took: 0,0000252 seconds
2017-07-31T16:04:53.715+0200: 15644,119: [CMS-concurrent-mark-start]
2017-07-31T16:04:53.750+0200: 15644,155: [CMS-concurrent-mark: 0,035/0,035 secs] [Times: user=0,14 sys=0,00, real=0,03 secs] 
2017-07-31T16:04:53.750+0200: 15644,155: [CMS-concurrent-preclean-start]
2017-07-31T16:04:53.752+0200: 15644,156: [CMS-concurrent-preclean: 0,001/0,001 secs] [Times: user=0,00 sys=0,00, real=0,00 secs] 
2017-07-31T16:04:53.752+0200: 15644,156: [GC (CMS Final Remark) [YG occupancy: 8 K (109248 K)]{Heap before GC invocations=219 (full 116):
 par new generation   total 109248K, used 8K [0x00000000e0000000, 0x00000000e8000000, 0x00000000e8000000)
  eden space 87424K,   0% used [0x00000000e0000000, 0x00000000e0000000, 0x00000000e5560000)
  from space 21824K,   0% used [0x00000000e6ab0000, 0x00000000e6ab2040, 0x00000000e8000000)
  to   space 21824K,   0% used [0x00000000e5560000, 0x00000000e5560000, 0x00000000e6ab0000)
 concurrent mark-sweep generation total 393216K, used 239196K [0x00000000e8000000, 0x0000000100000000, 0x0000000100000000)
 Metaspace       used 32423K, capacity 32872K, committed 33476K, reserved 1079296K
  class space    used 3565K, capacity 3704K, committed 3836K, reserved 1048576K
2017-07-31T16:04:53.752+0200: 15644,156: [GC (CMS Final Remark) 2017-07-31T16:04:53.752+0200: 15644,156: [ParNew
Desired survivor size 20112992 bytes, new threshold 8 (max 8)
- age   2:        192 bytes,        192 total
- age   3:        152 bytes,        344 total
: 8K->8K(109248K), 0,0042854 secs] 239204K->239204K(502464K), 0,0043382 secs] [Times: user=0,01 sys=0,00, real=0,01 secs] 
Heap after GC invocations=220 (full 116):
 par new generation   total 109248K, used 8K [0x00000000e0000000, 0x00000000e8000000, 0x00000000e8000000)
  eden space 87424K,   0% used [0x00000000e0000000, 0x00000000e0000000, 0x00000000e5560000)
  from space 21824K,   0% used [0x00000000e5560000, 0x00000000e5562040, 0x00000000e6ab0000)
  to   space 21824K,   0% used [0x00000000e6ab0000, 0x00000000e6ab0000, 0x00000000e8000000)
 concurrent mark-sweep generation total 393216K, used 239196K [0x00000000e8000000, 0x0000000100000000, 0x0000000100000000)
 Metaspace       used 32423K, capacity 32872K, committed 33476K, reserved 1079296K
  class space    used 3565K, capacity 3704K, committed 3836K, reserved 1048576K
}
2017-07-31T16:04:53.756+0200: 15644,161: [Rescan (parallel) , 0,0005280 secs]2017-07-31T16:04:53.757+0200: 15644,161: [weak refs processing, 0,0005262 secs]2017-07-31T16:04:53.757+0200: 15644,162: [class unloading, 0,0072323 secs]2017-07-31T16:04:53.765+0200: 15644,169: [scrub symbol table, 0,0036142 secs]2017-07-31T16:04:53.768+0200: 15644,173: [scrub string table, 0,0006579 secs][1 CMS-remark: 239196K(393216K)] 239204K(502464K), 0,0171416 secs] [Times: user=0,02 sys=0,00, real=0,02 secs] 
2017-07-31T16:04:53.769+0200: 15644,173: Total time for which application threads were stopped: 0,0172817 seconds, Stopping threads took: 0,0000309 seconds
2017-07-31T16:04:53.769+0200: 15644,174: [CMS-concurrent-sweep-start]
2017-07-31T16:04:53.798+0200: 15644,202: [CMS-concurrent-sweep: 0,029/0,029 secs] [Times: user=0,03 sys=0,00, real=0,03 secs] 
2017-07-31T16:04:53.798+0200: 15644,202: [CMS-concurrent-reset-start]
2017-07-31T16:04:53.798+0200: 15644,203: [CMS-concurrent-reset: 0,001/0,001 secs] [Times: user=0,00 sys=0,00, real=0,00 secs] 
2017-07-31T16:04:55.798+0200: 15646,202: [GC (CMS Initial Mark) [1 CMS-initial-mark: 239196K(393216K)] 241952K(502464K), 0,0008766 secs] [Times: user=0,00 sys=0,00, real=0,00 secs] 
2017-07-31T16:04:55.799+0200: 15646,203: Total time for which application threads were stopped: 0,0010265 seconds, Stopping threads took: 0,0000207 seconds
2017-07-31T16:04:55.799+0200: 15646,203: [CMS-concurrent-mark-start]
2017-07-31T16:04:55.822+0200: 15646,226: [CMS-concurrent-mark: 0,023/0,023 secs] [Times: user=0,10 sys=0,00, real=0,03 secs] 
2017-07-31T16:04:55.822+0200: 15646,226: [CMS-concurrent-preclean-start]
2017-07-31T16:04:55.823+0200: 15646,227: [CMS-concurrent-preclean: 0,001/0,001 secs] [Times: user=0,00 sys=0,00, real=0,00 secs] 
2017-07-31T16:04:55.823+0200: 15646,227: [CMS-concurrent-abortable-preclean-start]
 CMS: abort preclean due to time 2017-07-31T16:05:01.909+0200: 15652,313: [CMS-concurrent-abortable-preclean: 0,081/6,086 secs] [Times: user=0,08 sys=0,00, real=6,08 secs] 
2017-07-31T16:05:01.909+0200: 15652,313: [GC (CMS Final Remark) [YG occupancy: 2755 K (109248 K)]{Heap before GC invocations=220 (full 117):
 par new generation   total 109248K, used 2755K [0x00000000e0000000, 0x00000000e8000000, 0x00000000e8000000)
  eden space 87424K,   3% used [0x00000000e0000000, 0x00000000e02aee70, 0x00000000e5560000)
  from space 21824K,   0% used [0x00000000e5560000, 0x00000000e5562040, 0x00000000e6ab0000)
  to   space 21824K,   0% used [0x00000000e6ab0000, 0x00000000e6ab0000, 0x00000000e8000000)
 concurrent mark-sweep generation total 393216K, used 239196K [0x00000000e8000000, 0x0000000100000000, 0x0000000100000000)
 Metaspace       used 32423K, capacity 32872K, committed 33476K, reserved 1079296K
  class space    used 3565K, capacity 3704K, committed 3836K, reserved 1048576K
2017-07-31T16:05:01.909+0200: 15652,313: [GC (CMS Final Remark) 2017-07-31T16:05:01.909+0200: 15652,313: [ParNew
Desired survivor size 20112992 bytes, new threshold 8 (max 8)
- age   1:        192 bytes,        192 total
- age   4:        152 bytes,        344 total
: 2755K->8K(109248K), 0,0034522 secs] 241952K->239204K(502464K), 0,0034983 secs] [Times: user=0,01 sys=0,00, real=0,01 secs] 
Heap after GC invocations=221 (full 117):
 par new generation   total 109248K, used 8K [0x00000000e0000000, 0x00000000e8000000, 0x00000000e8000000)
  eden space 87424K,   0% used [0x00000000e0000000, 0x00000000e0000000, 0x00000000e5560000)
  from space 21824K,   0% used [0x00000000e6ab0000, 0x00000000e6ab2040, 0x00000000e8000000)
  to   space 21824K,   0% used [0x00000000e5560000, 0x00000000e5560000, 0x00000000e6ab0000)
 concurrent mark-sweep generation total 393216K, used 239196K [0x00000000e8000000, 0x0000000100000000, 0x0000000100000000)
 Metaspace       used 32423K, capacity 32872K, committed 33476K, reserved 1079296K
  class space    used 3565K, capacity 3704K, committed 3836K, reserved 1048576K
}
2017-07-31T16:05:01.912+0200: 15652,317: [Rescan (parallel) , 0,0005453 secs]2017-07-31T16:05:01.913+0200: 15652,317: [weak refs processing, 0,0004605 secs]2017-07-31T16:05:01.913+0200: 15652,318: [class unloading, 0,0075534 secs]2017-07-31T16:05:01.921+0200: 15652,325: [scrub symbol table, 0,0037336 secs]2017-07-31T16:05:01.925+0200: 15652,329: [scrub string table, 0,0006784 secs][1 CMS-remark: 239196K(393216K)] 239204K(502464K), 0,0167277 secs] [Times: user=0,02 sys=0,00, real=0,02 secs] 
2017-07-31T16:05:01.926+0200: 15652,330: Total time for which application threads were stopped: 0,0168583 seconds, Stopping threads took: 0,0000217 seconds
2017-07-31T16:05:01.926+0200: 15652,330: [CMS-concurrent-sweep-start]
2017-07-31T16:05:01.956+0200: 15652,360: [CMS-concurrent-sweep: 0,030/0,030 secs] [Times: user=0,03 sys=0,00, real=0,03 secs] 
2017-07-31T16:05:01.956+0200: 15652,361: [CMS-concurrent-reset-start]
2017-07-31T16:05:01.957+0200: 15652,361: [CMS-concurrent-reset: 0,001/0,001 secs] [Times: user=0,00 sys=0,00, real=0,00 secs] 
2017-07-31T16:05:03.956+0200: 15654,360: [GC (CMS Initial Mark) [1 CMS-initial-mark: 239196K(393216K)] 240749K(502464K), 0,0009644 secs] [Times: user=0,00 sys=0,00, real=0,00 secs] 
2017-07-31T16:05:03.957+0200: 15654,361: Total time for which application threads were stopped: 0,0011208 seconds, Stopping threads took: 0,0000231 seconds
2017-07-31T16:05:03.957+0200: 15654,361: [CMS-concurrent-mark-start]
2017-07-31T16:05:03.987+0200: 15654,391: [CMS-concurrent-mark: 0,030/0,030 secs] [Times: user=0,11 sys=0,01, real=0,03 secs] 
2017-07-31T16:05:03.987+0200: 15654,391: [CMS-concurrent-preclean-start]
2017-07-31T16:05:03.988+0200: 15654,392: [CMS-concurrent-preclean: 0,001/0,001 secs] [Times: user=0,01 sys=0,00, real=0,00 secs] 
2017-07-31T16:05:03.988+0200: 15654,393: [GC (CMS Final Remark) [YG occupancy: 1553 K (109248 K)]{Heap before GC invocations=221 (full 118):
 par new generation   total 109248K, used 1553K [0x00000000e0000000, 0x00000000e8000000, 0x00000000e8000000)
  eden space 87424K,   1% used [0x00000000e0000000, 0x00000000e01823f8, 0x00000000e5560000)
  from space 21824K,   0% used [0x00000000e6ab0000, 0x00000000e6ab2040, 0x00000000e8000000)
  to   space 21824K,   0% used [0x00000000e5560000, 0x00000000e5560000, 0x00000000e6ab0000)
 concurrent mark-sweep generation total 393216K, used 239196K [0x00000000e8000000, 0x0000000100000000, 0x0000000100000000)
 Metaspace       used 32423K, capacity 32872K, committed 33476K, reserved 1079296K
  class space    used 3565K, capacity 3704K, committed 3836K, reserved 1048576K
2017-07-31T16:05:03.988+0200: 15654,393: [GC (CMS Final Remark) 2017-07-31T16:05:03.988+0200: 15654,393: [ParNew
Desired survivor size 20112992 bytes, new threshold 8 (max 8)
- age   1:         64 bytes,         64 total
- age   2:        128 bytes,        192 total
- age   5:        152 bytes,        344 total
: 1553K->6K(109248K), 0,0032261 secs] 240749K->239202K(502464K), 0,0032691 secs] [Times: user=0,00 sys=0,00, real=0,00 secs] 
Heap after GC invocations=222 (full 118):
 par new generation   total 109248K, used 6K [0x00000000e0000000, 0x00000000e8000000, 0x00000000e8000000)
  eden space 87424K,   0% used [0x00000000e0000000, 0x00000000e0000000, 0x00000000e5560000)
  from space 21824K,   0% used [0x00000000e5560000, 0x00000000e5561830, 0x00000000e6ab0000)
  to   space 21824K,   0% used [0x00000000e6ab0000, 0x00000000e6ab0000, 0x00000000e8000000)
 concurrent mark-sweep generation total 393216K, used 239196K [0x00000000e8000000, 0x0000000100000000, 0x0000000100000000)
 Metaspace       used 32423K, capacity 32872K, committed 33476K, reserved 1079296K
  class space    used 3565K, capacity 3704K, committed 3836K, reserved 1048576K
}
2017-07-31T16:05:03.991+0200: 15654,396: [Rescan (parallel) , 0,0005664 secs]2017-07-31T16:05:03.992+0200: 15654,396: [weak refs processing, 0,0004555 secs]2017-07-31T16:05:03.992+0200: 15654,397: [class unloading, 0,0073300 secs]2017-07-31T16:05:04.000+0200: 15654,404: [scrub symbol table, 0,0036222 secs]2017-07-31T16:05:04.003+0200: 15654,408: [scrub string table, 0,0007366 secs][1 CMS-remark: 239196K(393216K)] 239202K(502464K), 0,0162397 secs] [Times: user=0,01 sys=0,00, real=0,02 secs] 
2017-07-31T16:05:04.004+0200: 15654,409: Total time for which application threads were stopped: 0,0163627 seconds, Stopping threads took: 0,0000198 seconds
2017-07-31T16:05:04.004+0200: 15654,409: [CMS-concurrent-sweep-start]
2017-07-31T16:05:04.032+0200: 15654,437: [CMS-concurrent-sweep: 0,028/0,028 secs] [Times: user=0,03 sys=0,00, real=0,03 secs] 
2017-07-31T16:05:04.033+0200: 15654,437: [CMS-concurrent-reset-start]
2017-07-31T16:05:04.033+0200: 15654,438: [CMS-concurrent-reset: 0,001/0,001 secs] [Times: user=0,00 sys=0,00, real=0,00 secs] 
2017-07-31T16:05:06.032+0200: 15656,437: [GC (CMS Initial Mark) [1 CMS-initial-mark: 239196K(393216K)] 240405K(502464K), 0,0005924 secs] [Times: user=0,00 sys=0,00, real=0,00 secs] 
2017-07-31T16:05:06.033+0200: 15656,437: Total time for which application threads were stopped: 0,0007070 seconds, Stopping threads took: 0,0000162 seconds
2017-07-31T16:05:06.033+0200: 15656,437: [CMS-concurrent-mark-start]
2017-07-31T16:05:06.051+0200: 15656,456: [CMS-concurrent-mark: 0,018/0,018 secs] [Times: user=0,08 sys=0,00, real=0,01 secs] 
2017-07-31T16:05:06.051+0200: 15656,456: [CMS-concurrent-preclean-start]
2017-07-31T16:05:06.053+0200: 15656,457: [CMS-concurrent-preclean: 0,001/0,001 secs] [Times: user=0,00 sys=0,00, real=0,01 secs] 
2017-07-31T16:05:06.053+0200: 15656,457: [GC (CMS Final Remark) [YG occupancy: 1208 K (109248 K)]{Heap before GC invocations=222 (full 119):
 par new generation   total 109248K, used 1208K [0x00000000e0000000, 0x00000000e8000000, 0x00000000e8000000)
  eden space 87424K,   1% used [0x00000000e0000000, 0x00000000e012ca78, 0x00000000e5560000)
  from space 21824K,   0% used [0x00000000e5560000, 0x00000000e5561830, 0x00000000e6ab0000)
  to   space 21824K,   0% used [0x00000000e6ab0000, 0x00000000e6ab0000, 0x00000000e8000000)
 concurrent mark-sweep generation total 393216K, used 239196K [0x00000000e8000000, 0x0000000100000000, 0x0000000100000000)
 Metaspace       used 32423K, capacity 32872K, committed 33476K, reserved 1079296K
  class space    used 3565K, capacity 3704K, committed 3836K, reserved 1048576K
2017-07-31T16:05:06.053+0200: 15656,457: [GC (CMS Final Remark) 2017-07-31T16:05:06.053+0200: 15656,457: [ParNew
Desired survivor size 20112992 bytes, new threshold 8 (max 8)
- age   1:         96 bytes,         96 total
- age   2:         64 bytes,        160 total
- age   3:         32 bytes,        192 total
- age   6:        152 bytes,        344 total
: 1208K->6K(109248K), 0,0012903 secs] 240405K->239202K(502464K), 0,0013316 secs] [Times: user=0,00 sys=0,00, real=0,00 secs] 
Heap after GC invocations=223 (full 119):
 par new generation   total 109248K, used 6K [0x00000000e0000000, 0x00000000e8000000, 0x00000000e8000000)
  eden space 87424K,   0% used [0x00000000e0000000, 0x00000000e0000000, 0x00000000e5560000)
  from space 21824K,   0% used [0x00000000e6ab0000, 0x00000000e6ab1830, 0x00000000e8000000)
  to   space 21824K,   0% used [0x00000000e5560000, 0x00000000e5560000, 0x00000000e6ab0000)
 concurrent mark-sweep generation total 393216K, used 239196K [0x00000000e8000000, 0x0000000100000000, 0x0000000100000000)
 Metaspace       used 32423K, capacity 32872K, committed 33476K, reserved 1079296K
  class space    used 3565K, capacity 3704K, committed 3836K, reserved 1048576K
}
2017-07-31T16:05:06.054+0200: 15656,459: [Rescan (parallel) , 0,0006431 secs]2017-07-31T16:05:06.055+0200: 15656,459: [weak refs processing, 0,0007665 secs]2017-07-31T16:05:06.056+0200: 15656,460: [class unloading, 0,0051790 secs]2017-07-31T16:05:06.061+0200: 15656,465: [scrub symbol table, 0,0027043 secs]2017-07-31T16:05:06.063+0200: 15656,468: [scrub string table, 0,0004849 secs][1 CMS-remark: 239196K(393216K)] 239202K(502464K), 0,0113677 secs] [Times: user=0,01 sys=0,00, real=0,01 secs] 
2017-07-31T16:05:06.064+0200: 15656,469: Total time for which application threads were stopped: 0,0114682 seconds, Stopping threads took: 0,0000196 seconds
2017-07-31T16:05:06.064+0200: 15656,469: [CMS-concurrent-sweep-start]
2017-07-31T16:05:06.085+0200: 15656,490: [CMS-concurrent-sweep: 0,021/0,021 secs] [Times: user=0,02 sys=0,00, real=0,02 secs] 
2017-07-31T16:05:06.085+0200: 15656,490: [CMS-concurrent-reset-start]
2017-07-31T16:05:06.086+0200: 15656,490: [CMS-concurrent-reset: 0,001/0,001 secs] [Times: user=0,00 sys=0,00, real=0,00 secs] 
2017-07-31T16:05:08.085+0200: 15658,490: [GC (CMS Initial Mark) [1 CMS-initial-mark: 239196K(393216K)] 239202K(502464K), 0,0008230 secs] [Times: user=0,01 sys=0,00, real=0,00 secs] 
2017-07-31T16:05:08.086+0200: 15658,490: Total time for which application threads were stopped: 0,0009728 seconds, Stopping threads took: 0,0000208 seconds
2017-07-31T16:05:08.086+0200: 15658,490: [CMS-concurrent-mark-start]
2017-07-31T16:05:08.114+0200: 15658,519: [CMS-concurrent-mark: 0,028/0,028 secs] [Times: user=0,11 sys=0,00, real=0,03 secs] 
2017-07-31T16:05:08.114+0200: 15658,519: [CMS-concurrent-preclean-start]
2017-07-31T16:05:08.116+0200: 15658,520: [CMS-concurrent-preclean: 0,001/0,001 secs] [Times: user=0,00 sys=0,00, real=0,00 secs] 
2017-07-31T16:05:08.116+0200: 15658,520: [GC (CMS Final Remark) [YG occupancy: 6 K (109248 K)]{Heap before GC invocations=223 (full 120):
 par new generation   total 109248K, used 6K [0x00000000e0000000, 0x00000000e8000000, 0x00000000e8000000)
  eden space 87424K,   0% used [0x00000000e0000000, 0x00000000e0000000, 0x00000000e5560000)
  from space 21824K,   0% used [0x00000000e6ab0000, 0x00000000e6ab1830, 0x00000000e8000000)
  to   space 21824K,   0% used [0x00000000e5560000, 0x00000000e5560000, 0x00000000e6ab0000)
 concurrent mark-sweep generation total 393216K, used 239196K [0x00000000e8000000, 0x0000000100000000, 0x0000000100000000)
 Metaspace       used 32423K, capacity 32872K, committed 33476K, reserved 1079296K
  class space    used 3565K, capacity 3704K, committed 3836K, reserved 1048576K
2017-07-31T16:05:08.116+0200: 15658,520: [GC (CMS Final Remark) 2017-07-31T16:05:08.116+0200: 15658,520: [ParNew
Desired survivor size 20112992 bytes, new threshold 8 (max 8)
- age   2:         96 bytes,         96 total
- age   3:         64 bytes,        160 total
- age   4:         32 bytes,        192 total
- age   7:        152 bytes,        344 total
: 6K->6K(109248K), 0,0020184 secs] 239202K->239202K(502464K), 0,0020586 secs] [Times: user=0,01 sys=0,00, real=0,00 secs] 
Heap after GC invocations=224 (full 120):
 par new generation   total 109248K, used 6K [0x00000000e0000000, 0x00000000e8000000, 0x00000000e8000000)
  eden space 87424K,   0% used [0x00000000e0000000, 0x00000000e0000000, 0x00000000e5560000)
  from space 21824K,   0% used [0x00000000e5560000, 0x00000000e5561830, 0x00000000e6ab0000)
  to   space 21824K,   0% used [0x00000000e6ab0000, 0x00000000e6ab0000, 0x00000000e8000000)
 concurrent mark-sweep generation total 393216K, used 239196K [0x00000000e8000000, 0x0000000100000000, 0x0000000100000000)
 Metaspace       used 32423K, capacity 32872K, committed 33476K, reserved 1079296K
  class space    used 3565K, capacity 3704K, committed 3836K, reserved 1048576K
}
2017-07-31T16:05:08.118+0200: 15658,522: [Rescan (parallel) , 0,0004686 secs]2017-07-31T16:05:08.118+0200: 15658,523: [weak refs processing, 0,0003665 secs]2017-07-31T16:05:08.119+0200: 15658,523: [class unloading, 0,0065553 secs]2017-07-31T16:05:08.125+0200: 15658,530: [scrub symbol table, 0,0033889 secs]2017-07-31T16:05:08.129+0200: 15658,533: [scrub string table, 0,0005970 secs][1 CMS-remark: 239196K(393216K)] 239202K(502464K), 0,0136649 secs] [Times: user=0,02 sys=0,00, real=0,01 secs] 
2017-07-31T16:05:08.130+0200: 15658,534: Total time for which application threads were stopped: 0,0137926 seconds, Stopping threads took: 0,0000320 seconds
2017-07-31T16:05:08.130+0200: 15658,534: [CMS-concurrent-sweep-start]
2017-07-31T16:05:08.156+0200: 15658,561: [CMS-concurrent-sweep: 0,027/0,027 secs] [Times: user=0,03 sys=0,00, real=0,03 secs] 
2017-07-31T16:05:08.156+0200: 15658,561: [CMS-concurrent-reset-start]
2017-07-31T16:05:08.157+0200: 15658,561: [CMS-concurrent-reset: 0,001/0,001 secs] [Times: user=0,00 sys=0,00, real=0,00 secs] 
2017-07-31T16:05:10.156+0200: 15660,560: [GC (CMS Initial Mark) [1 CMS-initial-mark: 239196K(393216K)] 241950K(502464K), 0,0007643 secs] [Times: user=0,00 sys=0,00, real=0,00 secs] 
2017-07-31T16:05:10.157+0200: 15660,561: Total time for which application threads were stopped: 0,0009360 seconds, Stopping threads took: 0,0000203 seconds
2017-07-31T16:05:10.157+0200: 15660,561: [CMS-concurrent-mark-start]
2017-07-31T16:05:10.180+0200: 15660,585: [CMS-concurrent-mark: 0,023/0,023 secs] [Times: user=0,09 sys=0,00, real=0,03 secs] 
2017-07-31T16:05:10.180+0200: 15660,585: [CMS-concurrent-preclean-start]
2017-07-31T16:05:10.181+0200: 15660,586: [CMS-concurrent-preclean: 0,001/0,001 secs] [Times: user=0,01 sys=0,00, real=0,00 secs] 
2017-07-31T16:05:10.181+0200: 15660,586: [CMS-concurrent-abortable-preclean-start]
 CMS: abort preclean due to time 2017-07-31T16:05:16.261+0200: 15666,666: [CMS-concurrent-abortable-preclean: 0,075/6,080 secs] [Times: user=0,07 sys=0,01, real=6,08 secs] 
2017-07-31T16:05:16.262+0200: 15666,666: [GC (CMS Final Remark) [YG occupancy: 2805 K (109248 K)]{Heap before GC invocations=224 (full 121):
 par new generation   total 109248K, used 2805K [0x00000000e0000000, 0x00000000e8000000, 0x00000000e8000000)
  eden space 87424K,   3% used [0x00000000e0000000, 0x00000000e02bbe80, 0x00000000e5560000)
  from space 21824K,   0% used [0x00000000e5560000, 0x00000000e5561830, 0x00000000e6ab0000)
  to   space 21824K,   0% used [0x00000000e6ab0000, 0x00000000e6ab0000, 0x00000000e8000000)
 concurrent mark-sweep generation total 393216K, used 239196K [0x00000000e8000000, 0x0000000100000000, 0x0000000100000000)
 Metaspace       used 32423K, capacity 32872K, committed 33476K, reserved 1079296K
  class space    used 3565K, capacity 3704K, committed 3836K, reserved 1048576K
2017-07-31T16:05:16.262+0200: 15666,666: [GC (CMS Final Remark) 2017-07-31T16:05:16.262+0200: 15666,666: [ParNew
Desired survivor size 20112992 bytes, new threshold 8 (max 8)
- age   1:        344 bytes,        344 total
- age   8:         32 bytes,        376 total
: 2805K->6K(109248K), 0,0027752 secs] 242002K->239202K(502464K), 0,0028307 secs] [Times: user=0,01 sys=0,00, real=0,00 secs] 
Heap after GC invocations=225 (full 121):
 par new generation   total 109248K, used 6K [0x00000000e0000000, 0x00000000e8000000, 0x00000000e8000000)
  eden space 87424K,   0% used [0x00000000e0000000, 0x00000000e0000000, 0x00000000e5560000)
  from space 21824K,   0% used [0x00000000e6ab0000, 0x00000000e6ab1830, 0x00000000e8000000)
  to   space 21824K,   0% used [0x00000000e5560000, 0x00000000e5560000, 0x00000000e6ab0000)
 concurrent mark-sweep generation total 393216K, used 239196K [0x00000000e8000000, 0x0000000100000000, 0x0000000100000000)
 Metaspace       used 32423K, capacity 32872K, committed 33476K, reserved 1079296K
  class space    used 3565K, capacity 3704K, committed 3836K, reserved 1048576K
}
2017-07-31T16:05:16.265+0200: 15666,669: [Rescan (parallel) , 0,0006017 secs]2017-07-31T16:05:16.265+0200: 15666,670: [weak refs processing, 0,0005262 secs]2017-07-31T16:05:16.266+0200: 15666,670: [class unloading, 0,0084427 secs]2017-07-31T16:05:16.274+0200: 15666,679: [scrub symbol table, 0,0039921 secs]2017-07-31T16:05:16.278+0200: 15666,683: [scrub string table, 0,0007309 secs][1 CMS-remark: 239196K(393216K)] 239202K(502464K), 0,0174278 secs] [Times: user=0,02 sys=0,00, real=0,01 secs] 
2017-07-31T16:05:16.279+0200: 15666,684: Total time for which application threads were stopped: 0,0176005 seconds, Stopping threads took: 0,0000489 seconds
2017-07-31T16:05:16.279+0200: 15666,684: [CMS-concurrent-sweep-start]
2017-07-31T16:05:16.313+0200: 15666,717: [CMS-concurrent-sweep: 0,034/0,034 secs] [Times: user=0,04 sys=0,00, real=0,04 secs] 
2017-07-31T16:05:16.313+0200: 15666,717: [CMS-concurrent-reset-start]
2017-07-31T16:05:16.314+0200: 15666,718: [CMS-concurrent-reset: 0,001/0,001 secs] [Times: user=0,00 sys=0,00, real=0,00 secs] 
2017-07-31T16:05:18.313+0200: 15668,717: [GC (CMS Initial Mark) [1 CMS-initial-mark: 239196K(393216K)] 239202K(502464K), 0,0009882 secs] [Times: user=0,00 sys=0,00, real=0,00 secs] 
2017-07-31T16:05:18.314+0200: 15668,718: Total time for which application threads were stopped: 0,0011470 seconds, Stopping threads took: 0,0000257 seconds
2017-07-31T16:05:18.314+0200: 15668,718: [CMS-concurrent-mark-start]
2017-07-31T16:05:18.338+0200: 15668,743: [CMS-concurrent-mark: 0,025/0,025 secs] [Times: user=0,10 sys=0,00, real=0,02 secs] 
2017-07-31T16:05:18.338+0200: 15668,743: [CMS-concurrent-preclean-start]
2017-07-31T16:05:18.340+0200: 15668,744: [CMS-concurrent-preclean: 0,001/0,001 secs] [Times: user=0,00 sys=0,00, real=0,00 secs] 
2017-07-31T16:05:18.340+0200: 15668,745: [GC (CMS Final Remark) [YG occupancy: 6 K (109248 K)]{Heap before GC invocations=225 (full 122):
 par new generation   total 109248K, used 6K [0x00000000e0000000, 0x00000000e8000000, 0x00000000e8000000)
  eden space 87424K,   0% used [0x00000000e0000000, 0x00000000e0000000, 0x00000000e5560000)
  from space 21824K,   0% used [0x00000000e6ab0000, 0x00000000e6ab1830, 0x00000000e8000000)
  to   space 21824K,   0% used [0x00000000e5560000, 0x00000000e5560000, 0x00000000e6ab0000)
 concurrent mark-sweep generation total 393216K, used 239196K [0x00000000e8000000, 0x0000000100000000, 0x0000000100000000)
 Metaspace       used 32423K, capacity 32872K, committed 33476K, reserved 1079296K
  class space    used 3565K, capacity 3704K, committed 3836K, reserved 1048576K
2017-07-31T16:05:18.340+0200: 15668,745: [GC (CMS Final Remark) 2017-07-31T16:05:18.340+0200: 15668,745: [ParNew
Desired survivor size 20112992 bytes, new threshold 8 (max 8)
- age   2:        344 bytes,        344 total
: 6K->6K(109248K), 0,0029547 secs] 239202K->239202K(502464K), 0,0030191 secs] [Times: user=0,01 sys=0,00, real=0,00 secs] 
Heap after GC invocations=226 (full 122):
 par new generation   total 109248K, used 6K [0x00000000e0000000, 0x00000000e8000000, 0x00000000e8000000)
  eden space 87424K,   0% used [0x00000000e0000000, 0x00000000e0000000, 0x00000000e5560000)
  from space 21824K,   0% used [0x00000000e5560000, 0x00000000e5561830, 0x00000000e6ab0000)
  to   space 21824K,   0% used [0x00000000e6ab0000, 0x00000000e6ab0000, 0x00000000e8000000)
 concurrent mark-sweep generation total 393216K, used 239196K [0x00000000e8000000, 0x0000000100000000, 0x0000000100000000)
 Metaspace       used 32423K, capacity 32872K, committed 33476K, reserved 1079296K
  class space    used 3565K, capacity 3704K, committed 3836K, reserved 1048576K
}
2017-07-31T16:05:18.343+0200: 15668,748: [Rescan (parallel) , 0,0004995 secs]2017-07-31T16:05:18.344+0200: 15668,748: [weak refs processing, 0,0004857 secs]2017-07-31T16:05:18.344+0200: 15668,749: [class unloading, 0,0075108 secs]2017-07-31T16:05:18.352+0200: 15668,756: [scrub symbol table, 0,0037525 secs]2017-07-31T16:05:18.356+0200: 15668,760: [scrub string table, 0,0006927 secs][1 CMS-remark: 239196K(393216K)] 239202K(502464K), 0,0162351 secs] [Times: user=0,02 sys=0,00, real=0,01 secs] 
2017-07-31T16:05:18.356+0200: 15668,761: Total time for which application threads were stopped: 0,0164351 seconds, Stopping threads took: 0,0000323 seconds
2017-07-31T16:05:18.356+0200: 15668,761: [CMS-concurrent-sweep-start]
2017-07-31T16:05:18.386+0200: 15668,790: [CMS-concurrent-sweep: 0,029/0,029 secs] [Times: user=0,03 sys=0,00, real=0,03 secs] 
2017-07-31T16:05:18.386+0200: 15668,790: [CMS-concurrent-reset-start]
2017-07-31T16:05:18.386+0200: 15668,791: [CMS-concurrent-reset: 0,001/0,001 secs] [Times: user=0,00 sys=0,00, real=0,00 secs] 
2017-07-31T16:05:20.386+0200: 15670,790: [GC (CMS Initial Mark) [1 CMS-initial-mark: 239196K(393216K)] 241950K(502464K), 0,0010478 secs] [Times: user=0,01 sys=0,00, real=0,00 secs] 
2017-07-31T16:05:20.387+0200: 15670,791: Total time for which application threads were stopped: 0,0012084 seconds, Stopping threads took: 0,0000238 seconds
2017-07-31T16:05:20.387+0200: 15670,791: [CMS-concurrent-mark-start]
2017-07-31T16:05:20.416+0200: 15670,821: [CMS-concurrent-mark: 0,030/0,030 secs] [Times: user=0,11 sys=0,00, real=0,03 secs] 
2017-07-31T16:05:20.416+0200: 15670,821: [CMS-concurrent-preclean-start]
2017-07-31T16:05:20.418+0200: 15670,822: [CMS-concurrent-preclean: 0,001/0,001 secs] [Times: user=0,00 sys=0,00, real=0,00 secs] 
2017-07-31T16:05:20.418+0200: 15670,822: [CMS-concurrent-abortable-preclean-start]
 CMS: abort preclean due to time 2017-07-31T16:05:26.499+0200: 15676,904: [CMS-concurrent-abortable-preclean: 0,076/6,081 secs] [Times: user=0,08 sys=0,00, real=6,08 secs] 
2017-07-31T16:05:26.499+0200: 15676,904: [GC (CMS Final Remark) [YG occupancy: 2753 K (109248 K)]{Heap before GC invocations=226 (full 123):
 par new generation   total 109248K, used 2753K [0x00000000e0000000, 0x00000000e8000000, 0x00000000e8000000)
  eden space 87424K,   3% used [0x00000000e0000000, 0x00000000e02aee70, 0x00000000e5560000)
  from space 21824K,   0% used [0x00000000e5560000, 0x00000000e5561830, 0x00000000e6ab0000)
  to   space 21824K,   0% used [0x00000000e6ab0000, 0x00000000e6ab0000, 0x00000000e8000000)
 concurrent mark-sweep generation total 393216K, used 239196K [0x00000000e8000000, 0x0000000100000000, 0x0000000100000000)
 Metaspace       used 32423K, capacity 32872K, committed 33476K, reserved 1079296K
  class space    used 3565K, capacity 3704K, committed 3836K, reserved 1048576K
2017-07-31T16:05:26.499+0200: 15676,904: [GC (CMS Final Remark) 2017-07-31T16:05:26.499+0200: 15676,904: [ParNew
Desired survivor size 20112992 bytes, new threshold 8 (max 8)
- age   1:        192 bytes,        192 total
- age   3:        152 bytes,        344 total
: 2753K->8K(109248K), 0,0017357 secs] 241950K->239204K(502464K), 0,0017775 secs] [Times: user=0,01 sys=0,00, real=0,01 secs] 
Heap after GC invocations=227 (full 123):
 par new generation   total 109248K, used 8K [0x00000000e0000000, 0x00000000e8000000, 0x00000000e8000000)
  eden space 87424K,   0% used [0x00000000e0000000, 0x00000000e0000000, 0x00000000e5560000)
  from space 21824K,   0% used [0x00000000e6ab0000, 0x00000000e6ab2040, 0x00000000e8000000)
  to   space 21824K,   0% used [0x00000000e5560000, 0x00000000e5560000, 0x00000000e6ab0000)
 concurrent mark-sweep generation total 393216K, used 239196K [0x00000000e8000000, 0x0000000100000000, 0x0000000100000000)
 Metaspace       used 32423K, capacity 32872K, committed 33476K, reserved 1079296K
  class space    used 3565K, capacity 3704K, committed 3836K, reserved 1048576K
}
2017-07-31T16:05:26.501+0200: 15676,906: [Rescan (parallel) , 0,0003130 secs]2017-07-31T16:05:26.501+0200: 15676,906: [weak refs processing, 0,0002499 secs]2017-07-31T16:05:26.502+0200: 15676,906: [class unloading, 0,0050761 secs]2017-07-31T16:05:26.507+0200: 15676,911: [scrub symbol table, 0,0028809 secs]2017-07-31T16:05:26.510+0200: 15676,914: [scrub string table, 0,0004837 secs][1 CMS-remark: 239196K(393216K)] 239204K(502464K), 0,0111256 secs] [Times: user=0,02 sys=0,00, real=0,01 secs] 
2017-07-31T16:05:26.510+0200: 15676,915: Total time for which application threads were stopped: 0,0112360 seconds, Stopping threads took: 0,0000166 seconds
2017-07-31T16:05:26.510+0200: 15676,915: [CMS-concurrent-sweep-start]
2017-07-31T16:05:26.531+0200: 15676,935: [CMS-concurrent-sweep: 0,021/0,021 secs] [Times: user=0,02 sys=0,00, real=0,02 secs] 
2017-07-31T16:05:26.531+0200: 15676,935: [CMS-concurrent-reset-start]
2017-07-31T16:05:26.531+0200: 15676,936: [CMS-concurrent-reset: 0,000/0,000 secs] [Times: user=0,00 sys=0,00, real=0,00 secs] 
2017-07-31T16:05:28.531+0200: 15678,935: [GC (CMS Initial Mark) [1 CMS-initial-mark: 239196K(393216K)] 239204K(502464K), 0,0006378 secs] [Times: user=0,00 sys=0,00, real=0,00 secs] 
2017-07-31T16:05:28.531+0200: 15678,936: Total time for which application threads were stopped: 0,0007661 seconds, Stopping threads took: 0,0000234 seconds
2017-07-31T16:05:28.531+0200: 15678,936: [CMS-concurrent-mark-start]
2017-07-31T16:05:28.553+0200: 15678,958: [CMS-concurrent-mark: 0,022/0,022 secs] [Times: user=0,09 sys=0,00, real=0,03 secs] 
2017-07-31T16:05:28.553+0200: 15678,958: [CMS-concurrent-preclean-start]
2017-07-31T16:05:28.554+0200: 15678,959: [CMS-concurrent-preclean: 0,001/0,001 secs] [Times: user=0,00 sys=0,00, real=0,00 secs] 
2017-07-31T16:05:28.554+0200: 15678,959: [GC (CMS Final Remark) [YG occupancy: 8 K (109248 K)]{Heap before GC invocations=227 (full 124):
 par new generation   total 109248K, used 8K [0x00000000e0000000, 0x00000000e8000000, 0x00000000e8000000)
  eden space 87424K,   0% used [0x00000000e0000000, 0x00000000e0000000, 0x00000000e5560000)
  from space 21824K,   0% used [0x00000000e6ab0000, 0x00000000e6ab2040, 0x00000000e8000000)
  to   space 21824K,   0% used [0x00000000e5560000, 0x00000000e5560000, 0x00000000e6ab0000)
 concurrent mark-sweep generation total 393216K, used 239196K [0x00000000e8000000, 0x0000000100000000, 0x0000000100000000)
 Metaspace       used 32423K, capacity 32872K, committed 33476K, reserved 1079296K
  class space    used 3565K, capacity 3704K, committed 3836K, reserved 1048576K
2017-07-31T16:05:28.554+0200: 15678,959: [GC (CMS Final Remark) 2017-07-31T16:05:28.554+0200: 15678,959: [ParNew
Desired survivor size 20112992 bytes, new threshold 8 (max 8)
- age   2:        192 bytes,        192 total
- age   4:        152 bytes,        344 total
: 8K->8K(109248K), 0,0012712 secs] 239204K->239204K(502464K), 0,0013172 secs] [Times: user=0,00 sys=0,00, real=0,00 secs] 
Heap after GC invocations=228 (full 124):
 par new generation   total 109248K, used 8K [0x00000000e0000000, 0x00000000e8000000, 0x00000000e8000000)
  eden space 87424K,   0% used [0x00000000e0000000, 0x00000000e0000000, 0x00000000e5560000)
  from space 21824K,   0% used [0x00000000e5560000, 0x00000000e5562040, 0x00000000e6ab0000)
  to   space 21824K,   0% used [0x00000000e6ab0000, 0x00000000e6ab0000, 0x00000000e8000000)
 concurrent mark-sweep generation total 393216K, used 239196K [0x00000000e8000000, 0x0000000100000000, 0x0000000100000000)
 Metaspace       used 32423K, capacity 32872K, committed 33476K, reserved 1079296K
  class space    used 3565K, capacity 3704K, committed 3836K, reserved 1048576K
}
2017-07-31T16:05:28.556+0200: 15678,960: [Rescan (parallel) , 0,0007386 secs]2017-07-31T16:05:28.556+0200: 15678,961: [weak refs processing, 0,0002855 secs]2017-07-31T16:05:28.557+0200: 15678,961: [class unloading, 0,0052708 secs]2017-07-31T16:05:28.562+0200: 15678,967: [scrub symbol table, 0,0035761 secs]2017-07-31T16:05:28.566+0200: 15678,970: [scrub string table, 0,0004565 secs][1 CMS-remark: 239196K(393216K)] 239204K(502464K), 0,0118992 secs] [Times: user=0,01 sys=0,00, real=0,01 secs] 
2017-07-31T16:05:28.566+0200: 15678,971: Total time for which application threads were stopped: 0,0119972 seconds, Stopping threads took: 0,0000153 seconds
2017-07-31T16:05:28.566+0200: 15678,971: [CMS-concurrent-sweep-start]
2017-07-31T16:05:28.587+0200: 15678,992: [CMS-concurrent-sweep: 0,021/0,021 secs] [Times: user=0,02 sys=0,00, real=0,02 secs] 
2017-07-31T16:05:28.587+0200: 15678,992: [CMS-concurrent-reset-start]
2017-07-31T16:05:28.588+0200: 15678,992: [CMS-concurrent-reset: 0,001/0,001 secs] [Times: user=0,01 sys=0,00, real=0,00 secs] 
2017-07-31T16:05:30.587+0200: 15680,992: [GC (CMS Initial Mark) [1 CMS-initial-mark: 239196K(393216K)] 241952K(502464K), 0,0006637 secs] [Times: user=0,00 sys=0,00, real=0,00 secs] 
2017-07-31T16:05:30.588+0200: 15680,992: Total time for which application threads were stopped: 0,0007625 seconds, Stopping threads took: 0,0000170 seconds
2017-07-31T16:05:30.588+0200: 15680,992: [CMS-concurrent-mark-start]
2017-07-31T16:05:30.612+0200: 15681,017: [CMS-concurrent-mark: 0,024/0,024 secs] [Times: user=0,09 sys=0,00, real=0,03 secs] 
2017-07-31T16:05:30.612+0200: 15681,017: [CMS-concurrent-preclean-start]
2017-07-31T16:05:30.613+0200: 15681,017: [CMS-concurrent-preclean: 0,001/0,001 secs] [Times: user=0,01 sys=0,00, real=0,00 secs] 
2017-07-31T16:05:30.613+0200: 15681,017: [CMS-concurrent-abortable-preclean-start]
 CMS: abort preclean due to time 2017-07-31T16:05:36.683+0200: 15687,087: [CMS-concurrent-abortable-preclean: 0,065/6,070 secs] [Times: user=0,07 sys=0,00, real=6,07 secs] 
2017-07-31T16:05:36.683+0200: 15687,088: [GC (CMS Final Remark) [YG occupancy: 2755 K (109248 K)]{Heap before GC invocations=228 (full 125):
 par new generation   total 109248K, used 2755K [0x00000000e0000000, 0x00000000e8000000, 0x00000000e8000000)
  eden space 87424K,   3% used [0x00000000e0000000, 0x00000000e02aee70, 0x00000000e5560000)
  from space 21824K,   0% used [0x00000000e5560000, 0x00000000e5562040, 0x00000000e6ab0000)
  to   space 21824K,   0% used [0x00000000e6ab0000, 0x00000000e6ab0000, 0x00000000e8000000)
 concurrent mark-sweep generation total 393216K, used 239196K [0x00000000e8000000, 0x0000000100000000, 0x0000000100000000)
 Metaspace       used 32423K, capacity 32872K, committed 33476K, reserved 1079296K
  class space    used 3565K, capacity 3704K, committed 3836K, reserved 1048576K
2017-07-31T16:05:36.683+0200: 15687,088: [GC (CMS Final Remark) 2017-07-31T16:05:36.683+0200: 15687,088: [ParNew
Desired survivor size 20112992 bytes, new threshold 8 (max 8)
- age   1:        192 bytes,        192 total
- age   5:        152 bytes,        344 total
: 2755K->8K(109248K), 0,0020133 secs] 241952K->239204K(502464K), 0,0020659 secs] [Times: user=0,00 sys=0,00, real=0,00 secs] 
Heap after GC invocations=229 (full 125):
 par new generation   total 109248K, used 8K [0x00000000e0000000, 0x00000000e8000000, 0x00000000e8000000)
  eden space 87424K,   0% used [0x00000000e0000000, 0x00000000e0000000, 0x00000000e5560000)
  from space 21824K,   0% used [0x00000000e6ab0000, 0x00000000e6ab2040, 0x00000000e8000000)
  to   space 21824K,   0% used [0x00000000e5560000, 0x00000000e5560000, 0x00000000e6ab0000)
 concurrent mark-sweep generation total 393216K, used 239196K [0x00000000e8000000, 0x0000000100000000, 0x0000000100000000)
 Metaspace       used 32423K, capacity 32872K, committed 33476K, reserved 1079296K
  class space    used 3565K, capacity 3704K, committed 3836K, reserved 1048576K
}
2017-07-31T16:05:36.685+0200: 15687,090: [Rescan (parallel) , 0,0007656 secs]2017-07-31T16:05:36.686+0200: 15687,090: [weak refs processing, 0,0004594 secs]2017-07-31T16:05:36.686+0200: 15687,091: [class unloading, 0,0074382 secs]2017-07-31T16:05:36.694+0200: 15687,098: [scrub symbol table, 0,0034220 secs]2017-07-31T16:05:36.697+0200: 15687,102: [scrub string table, 0,0006141 secs][1 CMS-remark: 239196K(393216K)] 239204K(502464K), 0,0151464 secs] [Times: user=0,02 sys=0,00, real=0,01 secs] 
2017-07-31T16:05:36.698+0200: 15687,103: Total time for which application threads were stopped: 0,0152818 seconds, Stopping threads took: 0,0000218 seconds
2017-07-31T16:05:36.699+0200: 15687,103: [CMS-concurrent-sweep-start]
2017-07-31T16:05:36.727+0200: 15687,131: [CMS-concurrent-sweep: 0,028/0,028 secs] [Times: user=0,03 sys=0,00, real=0,03 secs] 
2017-07-31T16:05:36.727+0200: 15687,132: [CMS-concurrent-reset-start]
2017-07-31T16:05:36.728+0200: 15687,132: [CMS-concurrent-reset: 0,001/0,001 secs] [Times: user=0,00 sys=0,00, real=0,00 secs] 
2017-07-31T16:05:38.727+0200: 15689,131: [GC (CMS Initial Mark) [1 CMS-initial-mark: 239196K(393216K)] 239204K(502464K), 0,0010906 secs] [Times: user=0,00 sys=0,00, real=0,00 secs] 
2017-07-31T16:05:38.728+0200: 15689,133: Total time for which application threads were stopped: 0,0012498 seconds, Stopping threads took: 0,0000250 seconds
2017-07-31T16:05:38.728+0200: 15689,133: [CMS-concurrent-mark-start]
2017-07-31T16:05:38.763+0200: 15689,167: [CMS-concurrent-mark: 0,034/0,034 secs] [Times: user=0,13 sys=0,01, real=0,04 secs] 
2017-07-31T16:05:38.763+0200: 15689,167: [CMS-concurrent-preclean-start]
2017-07-31T16:05:38.764+0200: 15689,169: [CMS-concurrent-preclean: 0,002/0,002 secs] [Times: user=0,00 sys=0,00, real=0,00 secs] 
2017-07-31T16:05:38.765+0200: 15689,169: [GC (CMS Final Remark) [YG occupancy: 8 K (109248 K)]{Heap before GC invocations=229 (full 126):
 par new generation   total 109248K, used 8K [0x00000000e0000000, 0x00000000e8000000, 0x00000000e8000000)
  eden space 87424K,   0% used [0x00000000e0000000, 0x00000000e0000000, 0x00000000e5560000)
  from space 21824K,   0% used [0x00000000e6ab0000, 0x00000000e6ab2040, 0x00000000e8000000)
  to   space 21824K,   0% used [0x00000000e5560000, 0x00000000e5560000, 0x00000000e6ab0000)
 concurrent mark-sweep generation total 393216K, used 239196K [0x00000000e8000000, 0x0000000100000000, 0x0000000100000000)
 Metaspace       used 32423K, capacity 32872K, committed 33476K, reserved 1079296K
  class space    used 3565K, capacity 3704K, committed 3836K, reserved 1048576K
2017-07-31T16:05:38.765+0200: 15689,169: [GC (CMS Final Remark) 2017-07-31T16:05:38.765+0200: 15689,169: [ParNew
Desired survivor size 20112992 bytes, new threshold 8 (max 8)
- age   2:        192 bytes,        192 total
- age   6:        152 bytes,        344 total
: 8K->6K(109248K), 0,0039678 secs] 239204K->239202K(502464K), 0,0040318 secs] [Times: user=0,01 sys=0,00, real=0,00 secs] 
Heap after GC invocations=230 (full 126):
 par new generation   total 109248K, used 6K [0x00000000e0000000, 0x00000000e8000000, 0x00000000e8000000)
  eden space 87424K,   0% used [0x00000000e0000000, 0x00000000e0000000, 0x00000000e5560000)
  from space 21824K,   0% used [0x00000000e5560000, 0x00000000e5561830, 0x00000000e6ab0000)
  to   space 21824K,   0% used [0x00000000e6ab0000, 0x00000000e6ab0000, 0x00000000e8000000)
 concurrent mark-sweep generation total 393216K, used 239196K [0x00000000e8000000, 0x0000000100000000, 0x0000000100000000)
 Metaspace       used 32423K, capacity 32872K, committed 33476K, reserved 1079296K
  class space    used 3565K, capacity 3704K, committed 3836K, reserved 1048576K
}
2017-07-31T16:05:38.769+0200: 15689,173: [Rescan (parallel) , 0,0006175 secs]2017-07-31T16:05:38.769+0200: 15689,174: [weak refs processing, 0,0004821 secs]2017-07-31T16:05:38.770+0200: 15689,174: [class unloading, 0,0078013 secs]2017-07-31T16:05:38.778+0200: 15689,182: [scrub symbol table, 0,0037797 secs]2017-07-31T16:05:38.782+0200: 15689,186: [scrub string table, 0,0007255 secs][1 CMS-remark: 239196K(393216K)] 239202K(502464K), 0,0177046 secs] [Times: user=0,03 sys=0,00, real=0,02 secs] 
2017-07-31T16:05:38.782+0200: 15689,187: Total time for which application threads were stopped: 0,0178524 seconds, Stopping threads took: 0,0000326 seconds
2017-07-31T16:05:38.783+0200: 15689,187: [CMS-concurrent-sweep-start]
2017-07-31T16:05:38.813+0200: 15689,217: [CMS-concurrent-sweep: 0,030/0,030 secs] [Times: user=0,03 sys=0,00, real=0,03 secs] 
2017-07-31T16:05:38.813+0200: 15689,217: [CMS-concurrent-reset-start]
2017-07-31T16:05:38.813+0200: 15689,218: [CMS-concurrent-reset: 0,001/0,001 secs] [Times: user=0,00 sys=0,00, real=0,00 secs] 
2017-07-31T16:05:40.275+0200: 15690,679: Total time for which application threads were stopped: 0,0001261 seconds, Stopping threads took: 0,0000297 seconds
2017-07-31T16:05:40.513+0200: 15690,917: Total time for which application threads were stopped: 0,0000998 seconds, Stopping threads took: 0,0000227 seconds
2017-07-31T16:05:40.544+0200: 15690,948: Total time for which application threads were stopped: 0,0001062 seconds, Stopping threads took: 0,0000262 seconds
2017-07-31T16:05:40.544+0200: 15690,948: Total time for which application threads were stopped: 0,0000387 seconds, Stopping threads took: 0,0000072 seconds
2017-07-31T16:05:40.545+0200: 15690,949: Total time for which application threads were stopped: 0,0000821 seconds, Stopping threads took: 0,0000323 seconds
2017-07-31T16:05:40.545+0200: 15690,950: Total time for which application threads were stopped: 0,0000654 seconds, Stopping threads took: 0,0000287 seconds
2017-07-31T16:05:40.813+0200: 15691,218: [GC (CMS Initial Mark) [1 CMS-initial-mark: 239196K(393216K)] 242372K(502464K), 0,0010413 secs] [Times: user=0,00 sys=0,00, real=0,00 secs] 
2017-07-31T16:05:40.815+0200: 15691,219: Total time for which application threads were stopped: 0,0012007 seconds, Stopping threads took: 0,0000256 seconds
2017-07-31T16:05:40.815+0200: 15691,219: [CMS-concurrent-mark-start]
2017-07-31T16:05:40.834+0200: 15691,239: [CMS-concurrent-mark: 0,020/0,020 secs] [Times: user=0,08 sys=0,00, real=0,02 secs] 
2017-07-31T16:05:40.834+0200: 15691,239: [CMS-concurrent-preclean-start]
2017-07-31T16:05:40.836+0200: 15691,241: [CMS-concurrent-preclean: 0,002/0,002 secs] [Times: user=0,00 sys=0,00, real=0,00 secs] 
2017-07-31T16:05:40.836+0200: 15691,241: [CMS-concurrent-abortable-preclean-start]
 CMS: abort preclean due to time 2017-07-31T16:05:46.910+0200: 15697,314: [CMS-concurrent-abortable-preclean: 0,069/6,074 secs] [Times: user=0,08 sys=0,00, real=6,07 secs] 
2017-07-31T16:05:46.910+0200: 15697,314: [GC (CMS Final Remark) [YG occupancy: 3227 K (109248 K)]{Heap before GC invocations=230 (full 127):
 par new generation   total 109248K, used 3227K [0x00000000e0000000, 0x00000000e8000000, 0x00000000e8000000)
  eden space 87424K,   3% used [0x00000000e0000000, 0x00000000e03256c0, 0x00000000e5560000)
  from space 21824K,   0% used [0x00000000e5560000, 0x00000000e5561830, 0x00000000e6ab0000)
  to   space 21824K,   0% used [0x00000000e6ab0000, 0x00000000e6ab0000, 0x00000000e8000000)
 concurrent mark-sweep generation total 393216K, used 239196K [0x00000000e8000000, 0x0000000100000000, 0x0000000100000000)
 Metaspace       used 32457K, capacity 32872K, committed 33476K, reserved 1079296K
  class space    used 3565K, capacity 3704K, committed 3836K, reserved 1048576K
2017-07-31T16:05:46.910+0200: 15697,314: [GC (CMS Final Remark) 2017-07-31T16:05:46.910+0200: 15697,314: [ParNew
Desired survivor size 20112992 bytes, new threshold 8 (max 8)
- age   1:      36224 bytes,      36224 total
- age   7:         32 bytes,      36256 total
: 3227K->39K(109248K), 0,0010691 secs] 242424K->239236K(502464K), 0,0011067 secs] [Times: user=0,00 sys=0,00, real=0,00 secs] 
Heap after GC invocations=231 (full 127):
 par new generation   total 109248K, used 39K [0x00000000e0000000, 0x00000000e8000000, 0x00000000e8000000)
  eden space 87424K,   0% used [0x00000000e0000000, 0x00000000e0000000, 0x00000000e5560000)
  from space 21824K,   0% used [0x00000000e6ab0000, 0x00000000e6ab9eb8, 0x00000000e8000000)
  to   space 21824K,   0% used [0x00000000e5560000, 0x00000000e5560000, 0x00000000e6ab0000)
 concurrent mark-sweep generation total 393216K, used 239196K [0x00000000e8000000, 0x0000000100000000, 0x0000000100000000)
 Metaspace       used 32457K, capacity 32872K, committed 33476K, reserved 1079296K
  class space    used 3565K, capacity 3704K, committed 3836K, reserved 1048576K
}
2017-07-31T16:05:46.911+0200: 15697,315: [Rescan (parallel) , 0,0004039 secs]2017-07-31T16:05:46.911+0200: 15697,316: [weak refs processing, 0,0002570 secs]2017-07-31T16:05:46.912+0200: 15697,316: [class unloading, 0,0052614 secs]2017-07-31T16:05:46.917+0200: 15697,321: [scrub symbol table, 0,0027745 secs]2017-07-31T16:05:46.920+0200: 15697,324: [scrub string table, 0,0005005 secs][1 CMS-remark: 239196K(393216K)] 239236K(502464K), 0,0105631 secs] [Times: user=0,01 sys=0,00, real=0,02 secs] 
2017-07-31T16:05:46.920+0200: 15697,325: Total time for which application threads were stopped: 0,0106852 seconds, Stopping threads took: 0,0000281 seconds
2017-07-31T16:05:46.920+0200: 15697,325: [CMS-concurrent-sweep-start]
2017-07-31T16:05:46.942+0200: 15697,347: [CMS-concurrent-sweep: 0,022/0,022 secs] [Times: user=0,03 sys=0,00, real=0,02 secs] 
2017-07-31T16:05:46.942+0200: 15697,347: [CMS-concurrent-reset-start]
2017-07-31T16:05:46.943+0200: 15697,347: [CMS-concurrent-reset: 0,000/0,000 secs] [Times: user=0,00 sys=0,00, real=0,00 secs] 
2017-07-31T16:05:47.921+0200: 15698,325: Total time for which application threads were stopped: 0,0001175 seconds, Stopping threads took: 0,0000251 seconds
2017-07-31T16:05:48.942+0200: 15699,346: [GC (CMS Initial Mark) [1 CMS-initial-mark: 239180K(393216K)] 239220K(502464K), 0,0009914 secs] [Times: user=0,00 sys=0,00, real=0,00 secs] 
2017-07-31T16:05:48.943+0200: 15699,347: Total time for which application threads were stopped: 0,0011306 seconds, Stopping threads took: 0,0000208 seconds
2017-07-31T16:05:48.943+0200: 15699,348: [CMS-concurrent-mark-start]
2017-07-31T16:05:48.965+0200: 15699,370: [CMS-concurrent-mark: 0,022/0,022 secs] [Times: user=0,09 sys=0,00, real=0,02 secs] 
2017-07-31T16:05:48.965+0200: 15699,370: [CMS-concurrent-preclean-start]
2017-07-31T16:05:48.967+0200: 15699,372: [CMS-concurrent-preclean: 0,002/0,002 secs] [Times: user=0,00 sys=0,00, real=0,00 secs] 
2017-07-31T16:05:48.967+0200: 15699,372: [GC (CMS Final Remark) [YG occupancy: 39 K (109248 K)]{Heap before GC invocations=231 (full 128):
 par new generation   total 109248K, used 39K [0x00000000e0000000, 0x00000000e8000000, 0x00000000e8000000)
  eden space 87424K,   0% used [0x00000000e0000000, 0x00000000e0000000, 0x00000000e5560000)
  from space 21824K,   0% used [0x00000000e6ab0000, 0x00000000e6ab9eb8, 0x00000000e8000000)
  to   space 21824K,   0% used [0x00000000e5560000, 0x00000000e5560000, 0x00000000e6ab0000)
 concurrent mark-sweep generation total 393216K, used 239180K [0x00000000e8000000, 0x0000000100000000, 0x0000000100000000)
 Metaspace       used 32457K, capacity 32872K, committed 33476K, reserved 1079296K
  class space    used 3565K, capacity 3704K, committed 3836K, reserved 1048576K
2017-07-31T16:05:48.967+0200: 15699,372: [GC (CMS Final Remark) 2017-07-31T16:05:48.967+0200: 15699,372: [ParNew
Desired survivor size 20112992 bytes, new threshold 8 (max 8)
- age   2:      33504 bytes,      33504 total
- age   8:         32 bytes,      33536 total
: 39K->40K(109248K), 0,0018512 secs] 239220K->239220K(502464K), 0,0019045 secs] [Times: user=0,01 sys=0,00, real=0,00 secs] 
Heap after GC invocations=232 (full 128):
 par new generation   total 109248K, used 40K [0x00000000e0000000, 0x00000000e8000000, 0x00000000e8000000)
  eden space 87424K,   0% used [0x00000000e0000000, 0x00000000e0000000, 0x00000000e5560000)
  from space 21824K,   0% used [0x00000000e5560000, 0x00000000e556a0a0, 0x00000000e6ab0000)
  to   space 21824K,   0% used [0x00000000e6ab0000, 0x00000000e6ab0000, 0x00000000e8000000)
 concurrent mark-sweep generation total 393216K, used 239180K [0x00000000e8000000, 0x0000000100000000, 0x0000000100000000)
 Metaspace       used 32457K, capacity 32872K, committed 33476K, reserved 1079296K
  class space    used 3565K, capacity 3704K, committed 3836K, reserved 1048576K
}
2017-07-31T16:05:48.969+0200: 15699,374: [Rescan (parallel) , 0,0004766 secs]2017-07-31T16:05:48.970+0200: 15699,374: [weak refs processing, 0,0003112 secs]2017-07-31T16:05:48.970+0200: 15699,375: [class unloading, 0,0059147 secs]2017-07-31T16:05:48.976+0200: 15699,381: [scrub symbol table, 0,0029309 secs]2017-07-31T16:05:48.979+0200: 15699,383: [scrub string table, 0,0005337 secs][1 CMS-remark: 239180K(393216K)] 239220K(502464K), 0,0122895 secs] [Times: user=0,02 sys=0,00, real=0,01 secs] 
2017-07-31T16:05:48.980+0200: 15699,384: Total time for which application threads were stopped: 0,0124020 seconds, Stopping threads took: 0,0000187 seconds
2017-07-31T16:05:48.980+0200: 15699,384: [CMS-concurrent-sweep-start]
2017-07-31T16:05:49.005+0200: 15699,409: [CMS-concurrent-sweep: 0,025/0,025 secs] [Times: user=0,02 sys=0,00, real=0,03 secs] 
2017-07-31T16:05:49.005+0200: 15699,409: [CMS-concurrent-reset-start]
2017-07-31T16:05:49.005+0200: 15699,410: [CMS-concurrent-reset: 0,001/0,001 secs] [Times: user=0,00 sys=0,00, real=0,00 secs] 
2017-07-31T16:05:51.004+0200: 15701,409: [GC (CMS Initial Mark) [1 CMS-initial-mark: 239180K(393216K)] 241968K(502464K), 0,0008730 secs] [Times: user=0,01 sys=0,00, real=0,00 secs] 
2017-07-31T16:05:51.005+0200: 15701,410: Total time for which application threads were stopped: 0,0010126 seconds, Stopping threads took: 0,0000217 seconds
2017-07-31T16:05:51.005+0200: 15701,410: [CMS-concurrent-mark-start]
2017-07-31T16:05:51.028+0200: 15701,432: [CMS-concurrent-mark: 0,022/0,022 secs] [Times: user=0,08 sys=0,00, real=0,02 secs] 
2017-07-31T16:05:51.028+0200: 15701,432: [CMS-concurrent-preclean-start]
2017-07-31T16:05:51.029+0200: 15701,434: [CMS-concurrent-preclean: 0,002/0,002 secs] [Times: user=0,01 sys=0,00, real=0,00 secs] 
2017-07-31T16:05:51.029+0200: 15701,434: [CMS-concurrent-abortable-preclean-start]
 CMS: abort preclean due to time 2017-07-31T16:05:57.037+0200: 15707,442: [CMS-concurrent-abortable-preclean: 0,103/6,008 secs] [Times: user=0,10 sys=0,00, real=6,01 secs] 
2017-07-31T16:05:57.037+0200: 15707,442: [GC (CMS Final Remark) [YG occupancy: 2787 K (109248 K)]{Heap before GC invocations=232 (full 129):
 par new generation   total 109248K, used 2787K [0x00000000e0000000, 0x00000000e8000000, 0x00000000e8000000)
  eden space 87424K,   3% used [0x00000000e0000000, 0x00000000e02aee70, 0x00000000e5560000)
  from space 21824K,   0% used [0x00000000e5560000, 0x00000000e556a0a0, 0x00000000e6ab0000)
  to   space 21824K,   0% used [0x00000000e6ab0000, 0x00000000e6ab0000, 0x00000000e8000000)
 concurrent mark-sweep generation total 393216K, used 239180K [0x00000000e8000000, 0x0000000100000000, 0x0000000100000000)
 Metaspace       used 32457K, capacity 32872K, committed 33476K, reserved 1079296K
  class space    used 3565K, capacity 3704K, committed 3836K, reserved 1048576K
2017-07-31T16:05:57.037+0200: 15707,442: [GC (CMS Final Remark) 2017-07-31T16:05:57.037+0200: 15707,442: [ParNew
Desired survivor size 20112992 bytes, new threshold 8 (max 8)
- age   1:        192 bytes,        192 total
- age   3:      33240 bytes,      33432 total
: 2787K->43K(109248K), 0,0041670 secs] 241968K->239223K(502464K), 0,0042306 secs] [Times: user=0,01 sys=0,01, real=0,01 secs] 
Heap after GC invocations=233 (full 129):
 par new generation   total 109248K, used 43K [0x00000000e0000000, 0x00000000e8000000, 0x00000000e8000000)
  eden space 87424K,   0% used [0x00000000e0000000, 0x00000000e0000000, 0x00000000e5560000)
  from space 21824K,   0% used [0x00000000e6ab0000, 0x00000000e6abadc0, 0x00000000e8000000)
  to   space 21824K,   0% used [0x00000000e5560000, 0x00000000e5560000, 0x00000000e6ab0000)
 concurrent mark-sweep generation total 393216K, used 239180K [0x00000000e8000000, 0x0000000100000000, 0x0000000100000000)
 Metaspace       used 32457K, capacity 32872K, committed 33476K, reserved 1079296K
  class space    used 3565K, capacity 3704K, committed 3836K, reserved 1048576K
}
2017-07-31T16:05:57.042+0200: 15707,446: [Rescan (parallel) , 0,0007093 secs]2017-07-31T16:05:57.042+0200: 15707,447: [weak refs processing, 0,0009611 secs]2017-07-31T16:05:57.043+0200: 15707,448: [class unloading, 0,0085681 secs]2017-07-31T16:05:57.052+0200: 15707,457: [scrub symbol table, 0,0041796 secs]2017-07-31T16:05:57.056+0200: 15707,461: [scrub string table, 0,0007606 secs][1 CMS-remark: 239180K(393216K)] 239223K(502464K), 0,0197460 secs] [Times: user=0,03 sys=0,01, real=0,02 secs] 
2017-07-31T16:05:57.057+0200: 15707,462: Total time for which application threads were stopped: 0,0198966 seconds, Stopping threads took: 0,0000237 seconds
2017-07-31T16:05:57.057+0200: 15707,462: [CMS-concurrent-sweep-start]
2017-07-31T16:05:57.091+0200: 15707,495: [CMS-concurrent-sweep: 0,033/0,033 secs] [Times: user=0,03 sys=0,00, real=0,03 secs] 
2017-07-31T16:05:57.091+0200: 15707,495: [CMS-concurrent-reset-start]
2017-07-31T16:05:57.091+0200: 15707,496: [CMS-concurrent-reset: 0,001/0,001 secs] [Times: user=0,00 sys=0,00, real=0,00 secs] 
2017-07-31T16:05:59.091+0200: 15709,495: [GC (CMS Initial Mark) [1 CMS-initial-mark: 239180K(393216K)] 239223K(502464K), 0,0007044 secs] [Times: user=0,00 sys=0,00, real=0,00 secs] 
2017-07-31T16:05:59.091+0200: 15709,496: Total time for which application threads were stopped: 0,0008258 seconds, Stopping threads took: 0,0000307 seconds
2017-07-31T16:05:59.091+0200: 15709,496: [CMS-concurrent-mark-start]
2017-07-31T16:05:59.106+0200: 15709,510: [CMS-concurrent-mark: 0,014/0,014 secs] [Times: user=0,06 sys=0,00, real=0,02 secs] 
2017-07-31T16:05:59.106+0200: 15709,510: [CMS-concurrent-preclean-start]
2017-07-31T16:05:59.106+0200: 15709,511: [CMS-concurrent-preclean: 0,001/0,001 secs] [Times: user=0,00 sys=0,00, real=0,00 secs] 
2017-07-31T16:05:59.107+0200: 15709,511: [GC (CMS Final Remark) [YG occupancy: 43 K (109248 K)]{Heap before GC invocations=233 (full 130):
 par new generation   total 109248K, used 43K [0x00000000e0000000, 0x00000000e8000000, 0x00000000e8000000)
  eden space 87424K,   0% used [0x00000000e0000000, 0x00000000e0000000, 0x00000000e5560000)
  from space 21824K,   0% used [0x00000000e6ab0000, 0x00000000e6abadc0, 0x00000000e8000000)
  to   space 21824K,   0% used [0x00000000e5560000, 0x00000000e5560000, 0x00000000e6ab0000)
 concurrent mark-sweep generation total 393216K, used 239180K [0x00000000e8000000, 0x0000000100000000, 0x0000000100000000)
 Metaspace       used 32457K, capacity 32872K, committed 33476K, reserved 1079296K
  class space    used 3565K, capacity 3704K, committed 3836K, reserved 1048576K
2017-07-31T16:05:59.107+0200: 15709,511: [GC (CMS Final Remark) 2017-07-31T16:05:59.107+0200: 15709,511: [ParNew
Desired survivor size 20112992 bytes, new threshold 8 (max 8)
- age   2:        192 bytes,        192 total
- age   4:      33240 bytes,      33432 total
: 43K->44K(109248K), 0,0021748 secs] 239223K->239224K(502464K), 0,0022034 secs] [Times: user=0,00 sys=0,00, real=0,00 secs] 
Heap after GC invocations=234 (full 130):
 par new generation   total 109248K, used 44K [0x00000000e0000000, 0x00000000e8000000, 0x00000000e8000000)
  eden space 87424K,   0% used [0x00000000e0000000, 0x00000000e0000000, 0x00000000e5560000)
  from space 21824K,   0% used [0x00000000e5560000, 0x00000000e556b228, 0x00000000e6ab0000)
  to   space 21824K,   0% used [0x00000000e6ab0000, 0x00000000e6ab0000, 0x00000000e8000000)
 concurrent mark-sweep generation total 393216K, used 239180K [0x00000000e8000000, 0x0000000100000000, 0x0000000100000000)
 Metaspace       used 32457K, capacity 32872K, committed 33476K, reserved 1079296K
  class space    used 3565K, capacity 3704K, committed 3836K, reserved 1048576K
}
2017-07-31T16:05:59.109+0200: 15709,513: [Rescan (parallel) , 0,0003557 secs]2017-07-31T16:05:59.109+0200: 15709,514: [weak refs processing, 0,0002475 secs]2017-07-31T16:05:59.110+0200: 15709,514: [class unloading, 0,0050004 secs]2017-07-31T16:05:59.115+0200: 15709,519: [scrub symbol table, 0,0026257 secs]2017-07-31T16:05:59.117+0200: 15709,522: [scrub string table, 0,0004565 secs][1 CMS-remark: 239180K(393216K)] 239224K(502464K), 0,0110608 secs] [Times: user=0,01 sys=0,00, real=0,01 secs] 
2017-07-31T16:05:59.118+0200: 15709,522: Total time for which application threads were stopped: 0,0111598 seconds, Stopping threads took: 0,0000168 seconds
2017-07-31T16:05:59.118+0200: 15709,522: [CMS-concurrent-sweep-start]
2017-07-31T16:05:59.138+0200: 15709,543: [CMS-concurrent-sweep: 0,020/0,020 secs] [Times: user=0,02 sys=0,00, real=0,02 secs] 
2017-07-31T16:05:59.138+0200: 15709,543: [CMS-concurrent-reset-start]
2017-07-31T16:05:59.139+0200: 15709,543: [CMS-concurrent-reset: 0,000/0,000 secs] [Times: user=0,00 sys=0,00, real=0,00 secs] 
2017-07-31T16:06:01.138+0200: 15711,542: [GC (CMS Initial Mark) [1 CMS-initial-mark: 239180K(393216K)] 241972K(502464K), 0,0010398 secs] [Times: user=0,00 sys=0,00, real=0,00 secs] 
2017-07-31T16:06:01.139+0200: 15711,543: Total time for which application threads were stopped: 0,0012147 seconds, Stopping threads took: 0,0000239 seconds
2017-07-31T16:06:01.139+0200: 15711,543: [CMS-concurrent-mark-start]
2017-07-31T16:06:01.165+0200: 15711,570: [CMS-concurrent-mark: 0,026/0,026 secs] [Times: user=0,11 sys=0,01, real=0,03 secs] 
2017-07-31T16:06:01.166+0200: 15711,570: [CMS-concurrent-preclean-start]
2017-07-31T16:06:01.167+0200: 15711,572: [CMS-concurrent-preclean: 0,002/0,002 secs] [Times: user=0,00 sys=0,00, real=0,00 secs] 
2017-07-31T16:06:01.167+0200: 15711,572: [CMS-concurrent-abortable-preclean-start]
 CMS: abort preclean due to time 2017-07-31T16:06:07.264+0200: 15717,668: [CMS-concurrent-abortable-preclean: 0,092/6,097 secs] [Times: user=0,09 sys=0,00, real=6,10 secs] 
2017-07-31T16:06:07.264+0200: 15717,669: [GC (CMS Final Remark) [YG occupancy: 2792 K (109248 K)]{Heap before GC invocations=234 (full 131):
 par new generation   total 109248K, used 2792K [0x00000000e0000000, 0x00000000e8000000, 0x00000000e8000000)
  eden space 87424K,   3% used [0x00000000e0000000, 0x00000000e02aee70, 0x00000000e5560000)
  from space 21824K,   0% used [0x00000000e5560000, 0x00000000e556b228, 0x00000000e6ab0000)
  to   space 21824K,   0% used [0x00000000e6ab0000, 0x00000000e6ab0000, 0x00000000e8000000)
 concurrent mark-sweep generation total 393216K, used 239180K [0x00000000e8000000, 0x0000000100000000, 0x0000000100000000)
 Metaspace       used 32457K, capacity 32872K, committed 33476K, reserved 1079296K
  class space    used 3565K, capacity 3704K, committed 3836K, reserved 1048576K
2017-07-31T16:06:07.264+0200: 15717,669: [GC (CMS Final Remark) 2017-07-31T16:06:07.264+0200: 15717,669: [ParNew
Desired survivor size 20112992 bytes, new threshold 8 (max 8)
- age   1:        192 bytes,        192 total
- age   5:      33240 bytes,      33432 total
: 2792K->39K(109248K), 0,0015242 secs] 241972K->239219K(502464K), 0,0015570 secs] [Times: user=0,00 sys=0,00, real=0,00 secs] 
Heap after GC invocations=235 (full 131):
 par new generation   total 109248K, used 39K [0x00000000e0000000, 0x00000000e8000000, 0x00000000e8000000)
  eden space 87424K,   0% used [0x00000000e0000000, 0x00000000e0000000, 0x00000000e5560000)
  from space 21824K,   0% used [0x00000000e6ab0000, 0x00000000e6ab9e68, 0x00000000e8000000)
  to   space 21824K,   0% used [0x00000000e5560000, 0x00000000e5560000, 0x00000000e6ab0000)
 concurrent mark-sweep generation total 393216K, used 239180K [0x00000000e8000000, 0x0000000100000000, 0x0000000100000000)
 Metaspace       used 32457K, capacity 32872K, committed 33476K, reserved 1079296K
  class space    used 3565K, capacity 3704K, committed 3836K, reserved 1048576K
}
2017-07-31T16:06:07.266+0200: 15717,670: [Rescan (parallel) , 0,0004986 secs]2017-07-31T16:06:07.266+0200: 15717,671: [weak refs processing, 0,0004196 secs]2017-07-31T16:06:07.267+0200: 15717,671: [class unloading, 0,0055828 secs]2017-07-31T16:06:07.272+0200: 15717,677: [scrub symbol table, 0,0025722 secs]2017-07-31T16:06:07.275+0200: 15717,679: [scrub string table, 0,0004606 secs][1 CMS-remark: 239180K(393216K)] 239219K(502464K), 0,0113584 secs] [Times: user=0,02 sys=0,00, real=0,01 secs] 
2017-07-31T16:06:07.276+0200: 15717,680: Total time for which application threads were stopped: 0,0114515 seconds, Stopping threads took: 0,0000159 seconds
2017-07-31T16:06:07.276+0200: 15717,680: [CMS-concurrent-sweep-start]
2017-07-31T16:06:07.297+0200: 15717,701: [CMS-concurrent-sweep: 0,021/0,021 secs] [Times: user=0,02 sys=0,00, real=0,02 secs] 
2017-07-31T16:06:07.297+0200: 15717,701: [CMS-concurrent-reset-start]
2017-07-31T16:06:07.297+0200: 15717,702: [CMS-concurrent-reset: 0,000/0,000 secs] [Times: user=0,00 sys=0,00, real=0,00 secs] 
2017-07-31T16:06:09.296+0200: 15719,701: [GC (CMS Initial Mark) [1 CMS-initial-mark: 239180K(393216K)] 239219K(502464K), 0,0009009 secs] [Times: user=0,00 sys=0,00, real=0,00 secs] 
2017-07-31T16:06:09.297+0200: 15719,702: Total time for which application threads were stopped: 0,0010624 seconds, Stopping threads took: 0,0000250 seconds
2017-07-31T16:06:09.297+0200: 15719,702: [CMS-concurrent-mark-start]
2017-07-31T16:06:09.324+0200: 15719,729: [CMS-concurrent-mark: 0,027/0,027 secs] [Times: user=0,11 sys=0,00, real=0,03 secs] 
2017-07-31T16:06:09.324+0200: 15719,729: [CMS-concurrent-preclean-start]
2017-07-31T16:06:09.326+0200: 15719,730: [CMS-concurrent-preclean: 0,001/0,001 secs] [Times: user=0,00 sys=0,00, real=0,00 secs] 
2017-07-31T16:06:09.326+0200: 15719,730: [GC (CMS Final Remark) [YG occupancy: 39 K (109248 K)]{Heap before GC invocations=235 (full 132):
 par new generation   total 109248K, used 39K [0x00000000e0000000, 0x00000000e8000000, 0x00000000e8000000)
  eden space 87424K,   0% used [0x00000000e0000000, 0x00000000e0000000, 0x00000000e5560000)
  from space 21824K,   0% used [0x00000000e6ab0000, 0x00000000e6ab9e68, 0x00000000e8000000)
  to   space 21824K,   0% used [0x00000000e5560000, 0x00000000e5560000, 0x00000000e6ab0000)
 concurrent mark-sweep generation total 393216K, used 239180K [0x00000000e8000000, 0x0000000100000000, 0x0000000100000000)
 Metaspace       used 32457K, capacity 32872K, committed 33476K, reserved 1079296K
  class space    used 3565K, capacity 3704K, committed 3836K, reserved 1048576K
2017-07-31T16:06:09.326+0200: 15719,730: [GC (CMS Final Remark) 2017-07-31T16:06:09.326+0200: 15719,730: [ParNew
Desired survivor size 20112992 bytes, new threshold 8 (max 8)
- age   2:        192 bytes,        192 total
- age   6:      33240 bytes,      33432 total
: 39K->46K(109248K), 0,0038263 secs] 239219K->239226K(502464K), 0,0038772 secs] [Times: user=0,01 sys=0,00, real=0,00 secs] 
Heap after GC invocations=236 (full 132):
 par new generation   total 109248K, used 46K [0x00000000e0000000, 0x00000000e8000000, 0x00000000e8000000)
  eden space 87424K,   0% used [0x00000000e0000000, 0x00000000e0000000, 0x00000000e5560000)
  from space 21824K,   0% used [0x00000000e5560000, 0x00000000e556b958, 0x00000000e6ab0000)
  to   space 21824K,   0% used [0x00000000e6ab0000, 0x00000000e6ab0000, 0x00000000e8000000)
 concurrent mark-sweep generation total 393216K, used 239180K [0x00000000e8000000, 0x0000000100000000, 0x0000000100000000)
 Metaspace       used 32457K, capacity 32872K, committed 33476K, reserved 1079296K
  class space    used 3565K, capacity 3704K, committed 3836K, reserved 1048576K
}
2017-07-31T16:06:09.330+0200: 15719,734: [Rescan (parallel) , 0,0007405 secs]2017-07-31T16:06:09.331+0200: 15719,735: [weak refs processing, 0,0004635 secs]2017-07-31T16:06:09.331+0200: 15719,736: [class unloading, 0,0078802 secs]2017-07-31T16:06:09.339+0200: 15719,744: [scrub symbol table, 0,0037174 secs]2017-07-31T16:06:09.343+0200: 15719,747: [scrub string table, 0,0006782 secs][1 CMS-remark: 239180K(393216K)] 239226K(502464K), 0,0176407 secs] [Times: user=0,03 sys=0,00, real=0,02 secs] 
2017-07-31T16:06:09.344+0200: 15719,748: Total time for which application threads were stopped: 0,0177896 seconds, Stopping threads took: 0,0000243 seconds
2017-07-31T16:06:09.344+0200: 15719,748: [CMS-concurrent-sweep-start]
2017-07-31T16:06:09.374+0200: 15719,778: [CMS-concurrent-sweep: 0,030/0,030 secs] [Times: user=0,02 sys=0,00, real=0,03 secs] 
2017-07-31T16:06:09.374+0200: 15719,778: [CMS-concurrent-reset-start]
2017-07-31T16:06:09.374+0200: 15719,779: [CMS-concurrent-reset: 0,001/0,001 secs] [Times: user=0,00 sys=0,00, real=0,00 secs] 
2017-07-31T16:06:11.374+0200: 15721,778: [GC (CMS Initial Mark) [1 CMS-initial-mark: 239180K(393216K)] 241974K(502464K), 0,0010577 secs] [Times: user=0,00 sys=0,00, real=0,00 secs] 
2017-07-31T16:06:11.375+0200: 15721,779: Total time for which application threads were stopped: 0,0012153 seconds, Stopping threads took: 0,0000236 seconds
2017-07-31T16:06:11.375+0200: 15721,779: [CMS-concurrent-mark-start]
2017-07-31T16:06:11.404+0200: 15721,809: [CMS-concurrent-mark: 0,029/0,029 secs] [Times: user=0,12 sys=0,00, real=0,03 secs] 
2017-07-31T16:06:11.404+0200: 15721,809: [CMS-concurrent-preclean-start]
2017-07-31T16:06:11.406+0200: 15721,810: [CMS-concurrent-preclean: 0,002/0,002 secs] [Times: user=0,00 sys=0,00, real=0,00 secs] 
2017-07-31T16:06:11.406+0200: 15721,810: [CMS-concurrent-abortable-preclean-start]
 CMS: abort preclean due to time 2017-07-31T16:06:17.409+0200: 15727,814: [CMS-concurrent-abortable-preclean: 0,098/6,003 secs] [Times: user=0,10 sys=0,00, real=6,00 secs] 
2017-07-31T16:06:17.410+0200: 15727,814: [GC (CMS Final Remark) [YG occupancy: 2845 K (109248 K)]{Heap before GC invocations=236 (full 133):
 par new generation   total 109248K, used 2845K [0x00000000e0000000, 0x00000000e8000000, 0x00000000e8000000)
  eden space 87424K,   3% used [0x00000000e0000000, 0x00000000e02bbe80, 0x00000000e5560000)
  from space 21824K,   0% used [0x00000000e5560000, 0x00000000e556b958, 0x00000000e6ab0000)
  to   space 21824K,   0% used [0x00000000e6ab0000, 0x00000000e6ab0000, 0x00000000e8000000)
 concurrent mark-sweep generation total 393216K, used 239180K [0x00000000e8000000, 0x0000000100000000, 0x0000000100000000)
 Metaspace       used 32457K, capacity 32872K, committed 33476K, reserved 1079296K
  class space    used 3565K, capacity 3704K, committed 3836K, reserved 1048576K
2017-07-31T16:06:17.410+0200: 15727,814: [GC (CMS Final Remark) 2017-07-31T16:06:17.410+0200: 15727,814: [ParNew
Desired survivor size 20112992 bytes, new threshold 8 (max 8)
- age   1:        344 bytes,        344 total
- age   7:      33120 bytes,      33464 total
: 2845K->39K(109248K), 0,0041659 secs] 242026K->239219K(502464K), 0,0042196 secs] [Times: user=0,01 sys=0,00, real=0,01 secs] 
Heap after GC invocations=237 (full 133):
 par new generation   total 109248K, used 39K [0x00000000e0000000, 0x00000000e8000000, 0x00000000e8000000)
  eden space 87424K,   0% used [0x00000000e0000000, 0x00000000e0000000, 0x00000000e5560000)
  from space 21824K,   0% used [0x00000000e6ab0000, 0x00000000e6ab9db8, 0x00000000e8000000)
  to   space 21824K,   0% used [0x00000000e5560000, 0x00000000e5560000, 0x00000000e6ab0000)
 concurrent mark-sweep generation total 393216K, used 239180K [0x00000000e8000000, 0x0000000100000000, 0x0000000100000000)
 Metaspace       used 32457K, capacity 32872K, committed 33476K, reserved 1079296K
  class space    used 3565K, capacity 3704K, committed 3836K, reserved 1048576K
}
2017-07-31T16:06:17.414+0200: 15727,818: [Rescan (parallel) , 0,0007926 secs]2017-07-31T16:06:17.415+0200: 15727,819: [weak refs processing, 0,0005077 secs]2017-07-31T16:06:17.415+0200: 15727,820: [class unloading, 0,0081654 secs]2017-07-31T16:06:17.423+0200: 15727,828: [scrub symbol table, 0,0039528 secs]2017-07-31T16:06:17.427+0200: 15727,832: [scrub string table, 0,0007642 secs][1 CMS-remark: 239180K(393216K)] 239219K(502464K), 0,0186988 secs] [Times: user=0,03 sys=0,00, real=0,02 secs] 
2017-07-31T16:06:17.428+0200: 15727,833: Total time for which application threads were stopped: 0,0188679 seconds, Stopping threads took: 0,0000424 seconds
2017-07-31T16:06:17.428+0200: 15727,833: [CMS-concurrent-sweep-start]
2017-07-31T16:06:17.461+0200: 15727,866: [CMS-concurrent-sweep: 0,033/0,033 secs] [Times: user=0,03 sys=0,00, real=0,04 secs] 
2017-07-31T16:06:17.461+0200: 15727,866: [CMS-concurrent-reset-start]
2017-07-31T16:06:17.462+0200: 15727,866: [CMS-concurrent-reset: 0,001/0,001 secs] [Times: user=0,00 sys=0,00, real=0,00 secs] 
2017-07-31T16:06:19.461+0200: 15729,866: [GC (CMS Initial Mark) [1 CMS-initial-mark: 239180K(393216K)] 239219K(502464K), 0,0008188 secs] [Times: user=0,00 sys=0,00, real=0,00 secs] 
2017-07-31T16:06:19.462+0200: 15729,867: Total time for which application threads were stopped: 0,0009804 seconds, Stopping threads took: 0,0000233 seconds
2017-07-31T16:06:19.462+0200: 15729,867: [CMS-concurrent-mark-start]
2017-07-31T16:06:19.495+0200: 15729,900: [CMS-concurrent-mark: 0,033/0,033 secs] [Times: user=0,13 sys=0,00, real=0,03 secs] 
2017-07-31T16:06:19.495+0200: 15729,900: [CMS-concurrent-preclean-start]
2017-07-31T16:06:19.497+0200: 15729,901: [CMS-concurrent-preclean: 0,002/0,002 secs] [Times: user=0,01 sys=0,00, real=0,00 secs] 
2017-07-31T16:06:19.497+0200: 15729,902: [GC (CMS Final Remark) [YG occupancy: 39 K (109248 K)]{Heap before GC invocations=237 (full 134):
 par new generation   total 109248K, used 39K [0x00000000e0000000, 0x00000000e8000000, 0x00000000e8000000)
  eden space 87424K,   0% used [0x00000000e0000000, 0x00000000e0000000, 0x00000000e5560000)
  from space 21824K,   0% used [0x00000000e6ab0000, 0x00000000e6ab9db8, 0x00000000e8000000)
  to   space 21824K,   0% used [0x00000000e5560000, 0x00000000e5560000, 0x00000000e6ab0000)
 concurrent mark-sweep generation total 393216K, used 239180K [0x00000000e8000000, 0x0000000100000000, 0x0000000100000000)
 Metaspace       used 32457K, capacity 32872K, committed 33476K, reserved 1079296K
  class space    used 3565K, capacity 3704K, committed 3836K, reserved 1048576K
2017-07-31T16:06:19.497+0200: 15729,902: [GC (CMS Final Remark) 2017-07-31T16:06:19.497+0200: 15729,902: [ParNew
Desired survivor size 20112992 bytes, new threshold 8 (max 8)
- age   2:        344 bytes,        344 total
- age   8:      33168 bytes,      33512 total
: 39K->43K(109248K), 0,0035900 secs] 239219K->239223K(502464K), 0,0036384 secs] [Times: user=0,01 sys=0,00, real=0,01 secs] 
Heap after GC invocations=238 (full 134):
 par new generation   total 109248K, used 43K [0x00000000e0000000, 0x00000000e8000000, 0x00000000e8000000)
  eden space 87424K,   0% used [0x00000000e0000000, 0x00000000e0000000, 0x00000000e5560000)
  from space 21824K,   0% used [0x00000000e5560000, 0x00000000e556ad50, 0x00000000e6ab0000)
  to   space 21824K,   0% used [0x00000000e6ab0000, 0x00000000e6ab0000, 0x00000000e8000000)
 concurrent mark-sweep generation total 393216K, used 239180K [0x00000000e8000000, 0x0000000100000000, 0x0000000100000000)
 Metaspace       used 32457K, capacity 32872K, committed 33476K, reserved 1079296K
  class space    used 3565K, capacity 3704K, committed 3836K, reserved 1048576K
}
2017-07-31T16:06:19.501+0200: 15729,905: [Rescan (parallel) , 0,0007242 secs]2017-07-31T16:06:19.502+0200: 15729,906: [weak refs processing, 0,0004618 secs]2017-07-31T16:06:19.502+0200: 15729,907: [class unloading, 0,0074332 secs]2017-07-31T16:06:19.510+0200: 15729,914: [scrub symbol table, 0,0040823 secs]2017-07-31T16:06:19.514+0200: 15729,918: [scrub string table, 0,0008747 secs][1 CMS-remark: 239180K(393216K)] 239223K(502464K), 0,0175103 secs] [Times: user=0,02 sys=0,00, real=0,02 secs] 
2017-07-31T16:06:19.515+0200: 15729,919: Total time for which application threads were stopped: 0,0176713 seconds, Stopping threads took: 0,0000239 seconds
2017-07-31T16:06:19.515+0200: 15729,919: [CMS-concurrent-sweep-start]
2017-07-31T16:06:19.544+0200: 15729,948: [CMS-concurrent-sweep: 0,029/0,029 secs] [Times: user=0,03 sys=0,00, real=0,03 secs] 
2017-07-31T16:06:19.544+0200: 15729,948: [CMS-concurrent-reset-start]
2017-07-31T16:06:19.545+0200: 15729,949: [CMS-concurrent-reset: 0,001/0,001 secs] [Times: user=0,00 sys=0,00, real=0,00 secs] 
2017-07-31T16:06:21.544+0200: 15731,948: [GC (CMS Initial Mark) [1 CMS-initial-mark: 239180K(393216K)] 241971K(502464K), 0,0008480 secs] [Times: user=0,00 sys=0,00, real=0,00 secs] 
2017-07-31T16:06:21.545+0200: 15731,949: Total time for which application threads were stopped: 0,0009999 seconds, Stopping threads took: 0,0000226 seconds
2017-07-31T16:06:21.545+0200: 15731,949: [CMS-concurrent-mark-start]
2017-07-31T16:06:21.570+0200: 15731,974: [CMS-concurrent-mark: 0,025/0,025 secs] [Times: user=0,10 sys=0,00, real=0,02 secs] 
2017-07-31T16:06:21.570+0200: 15731,975: [CMS-concurrent-preclean-start]
2017-07-31T16:06:21.571+0200: 15731,976: [CMS-concurrent-preclean: 0,001/0,001 secs] [Times: user=0,00 sys=0,00, real=0,00 secs] 
2017-07-31T16:06:21.571+0200: 15731,976: [CMS-concurrent-abortable-preclean-start]
 CMS: abort preclean due to time 2017-07-31T16:06:27.573+0200: 15737,977: [CMS-concurrent-abortable-preclean: 0,096/6,001 secs] [Times: user=0,10 sys=0,01, real=6,01 secs] 
2017-07-31T16:06:27.573+0200: 15737,977: [GC (CMS Final Remark) [YG occupancy: 2790 K (109248 K)]{Heap before GC invocations=238 (full 135):
 par new generation   total 109248K, used 2790K [0x00000000e0000000, 0x00000000e8000000, 0x00000000e8000000)
  eden space 87424K,   3% used [0x00000000e0000000, 0x00000000e02aee70, 0x00000000e5560000)
  from space 21824K,   0% used [0x00000000e5560000, 0x00000000e556ad50, 0x00000000e6ab0000)
  to   space 21824K,   0% used [0x00000000e6ab0000, 0x00000000e6ab0000, 0x00000000e8000000)
 concurrent mark-sweep generation total 393216K, used 239180K [0x00000000e8000000, 0x0000000100000000, 0x0000000100000000)
 Metaspace       used 32457K, capacity 32872K, committed 33476K, reserved 1079296K
  class space    used 3565K, capacity 3704K, committed 3836K, reserved 1048576K
2017-07-31T16:06:27.573+0200: 15737,977: [GC (CMS Final Remark) 2017-07-31T16:06:27.573+0200: 15737,977: [ParNew
Desired survivor size 20112992 bytes, new threshold 8 (max 8)
- age   1:        192 bytes,        192 total
- age   3:        152 bytes,        344 total
: 2790K->11K(109248K), 0,0043624 secs] 241971K->239224K(502464K), 0,0044177 secs] [Times: user=0,01 sys=0,00, real=0,00 secs] 
Heap after GC invocations=239 (full 135):
 par new generation   total 109248K, used 11K [0x00000000e0000000, 0x00000000e8000000, 0x00000000e8000000)
  eden space 87424K,   0% used [0x00000000e0000000, 0x00000000e0000000, 0x00000000e5560000)
  from space 21824K,   0% used [0x00000000e6ab0000, 0x00000000e6ab2df0, 0x00000000e8000000)
  to   space 21824K,   0% used [0x00000000e5560000, 0x00000000e5560000, 0x00000000e6ab0000)
 concurrent mark-sweep generation total 393216K, used 239213K [0x00000000e8000000, 0x0000000100000000, 0x0000000100000000)
 Metaspace       used 32457K, capacity 32872K, committed 33476K, reserved 1079296K
  class space    used 3565K, capacity 3704K, committed 3836K, reserved 1048576K
}
2017-07-31T16:06:27.577+0200: 15737,982: [Rescan (parallel) , 0,0009024 secs]2017-07-31T16:06:27.578+0200: 15737,983: [weak refs processing, 0,0005513 secs]2017-07-31T16:06:27.579+0200: 15737,983: [class unloading, 0,0081876 secs]2017-07-31T16:06:27.587+0200: 15737,992: [scrub symbol table, 0,0038573 secs]2017-07-31T16:06:27.591+0200: 15737,996: [scrub string table, 0,0007037 secs][1 CMS-remark: 239213K(393216K)] 239224K(502464K), 0,0189129 secs] [Times: user=0,02 sys=0,00, real=0,01 secs] 
2017-07-31T16:06:27.592+0200: 15737,996: Total time for which application threads were stopped: 0,0190689 seconds, Stopping threads took: 0,0000317 seconds
2017-07-31T16:06:27.592+0200: 15737,997: [CMS-concurrent-sweep-start]
2017-07-31T16:06:27.624+0200: 15738,028: [CMS-concurrent-sweep: 0,032/0,032 secs] [Times: user=0,03 sys=0,00, real=0,03 secs] 
2017-07-31T16:06:27.624+0200: 15738,028: [CMS-concurrent-reset-start]
2017-07-31T16:06:27.624+0200: 15738,029: [CMS-concurrent-reset: 0,001/0,001 secs] [Times: user=0,00 sys=0,00, real=0,00 secs] 
2017-07-31T16:06:29.624+0200: 15740,028: [GC (CMS Initial Mark) [1 CMS-initial-mark: 239213K(393216K)] 239224K(502464K), 0,0010345 secs] [Times: user=0,00 sys=0,00, real=0,00 secs] 
2017-07-31T16:06:29.625+0200: 15740,029: Total time for which application threads were stopped: 0,0012048 seconds, Stopping threads took: 0,0000327 seconds
2017-07-31T16:06:29.625+0200: 15740,029: [CMS-concurrent-mark-start]
2017-07-31T16:06:29.650+0200: 15740,055: [CMS-concurrent-mark: 0,025/0,025 secs] [Times: user=0,10 sys=0,00, real=0,02 secs] 
2017-07-31T16:06:29.650+0200: 15740,055: [CMS-concurrent-preclean-start]
2017-07-31T16:06:29.651+0200: 15740,056: [CMS-concurrent-preclean: 0,001/0,001 secs] [Times: user=0,00 sys=0,00, real=0,00 secs] 
2017-07-31T16:06:29.652+0200: 15740,056: [GC (CMS Final Remark) [YG occupancy: 454 K (109248 K)]{Heap before GC invocations=239 (full 136):
 par new generation   total 109248K, used 454K [0x00000000e0000000, 0x00000000e8000000, 0x00000000e8000000)
  eden space 87424K,   0% used [0x00000000e0000000, 0x00000000e006ebb0, 0x00000000e5560000)
  from space 21824K,   0% used [0x00000000e6ab0000, 0x00000000e6ab2df0, 0x00000000e8000000)
  to   space 21824K,   0% used [0x00000000e5560000, 0x00000000e5560000, 0x00000000e6ab0000)
 concurrent mark-sweep generation total 393216K, used 239213K [0x00000000e8000000, 0x0000000100000000, 0x0000000100000000)
 Metaspace       used 32457K, capacity 32872K, committed 33476K, reserved 1079296K
  class space    used 3565K, capacity 3704K, committed 3836K, reserved 1048576K
2017-07-31T16:06:29.652+0200: 15740,056: [GC (CMS Final Remark) 2017-07-31T16:06:29.652+0200: 15740,056: [ParNew
Desired survivor size 20112992 bytes, new threshold 8 (max 8)
- age   1:         32 bytes,         32 total
- age   2:        160 bytes,        192 total
- age   4:        152 bytes,        344 total
: 454K->6K(109248K), 0,0037994 secs] 239667K->239219K(502464K), 0,0038446 secs] [Times: user=0,01 sys=0,00, real=0,01 secs] 
Heap after GC invocations=240 (full 136):
 par new generation   total 109248K, used 6K [0x00000000e0000000, 0x00000000e8000000, 0x00000000e8000000)
  eden space 87424K,   0% used [0x00000000e0000000, 0x00000000e0000000, 0x00000000e5560000)
  from space 21824K,   0% used [0x00000000e5560000, 0x00000000e5561830, 0x00000000e6ab0000)
  to   space 21824K,   0% used [0x00000000e6ab0000, 0x00000000e6ab0000, 0x00000000e8000000)
 concurrent mark-sweep generation total 393216K, used 239213K [0x00000000e8000000, 0x0000000100000000, 0x0000000100000000)
 Metaspace       used 32457K, capacity 32872K, committed 33476K, reserved 1079296K
  class space    used 3565K, capacity 3704K, committed 3836K, reserved 1048576K
}
2017-07-31T16:06:29.656+0200: 15740,060: [Rescan (parallel) , 0,0005705 secs]2017-07-31T16:06:29.656+0200: 15740,061: [weak refs processing, 0,0004510 secs]2017-07-31T16:06:29.657+0200: 15740,061: [class unloading, 0,0071557 secs]2017-07-31T16:06:29.664+0200: 15740,068: [scrub symbol table, 0,0035725 secs]2017-07-31T16:06:29.667+0200: 15740,072: [scrub string table, 0,0006668 secs][1 CMS-remark: 239213K(393216K)] 239219K(502464K), 0,0165164 secs] [Times: user=0,02 sys=0,00, real=0,02 secs] 
2017-07-31T16:06:29.668+0200: 15740,073: Total time for which application threads were stopped: 0,0166507 seconds, Stopping threads took: 0,0000221 seconds
2017-07-31T16:06:29.668+0200: 15740,073: [CMS-concurrent-sweep-start]
2017-07-31T16:06:29.697+0200: 15740,102: [CMS-concurrent-sweep: 0,029/0,029 secs] [Times: user=0,03 sys=0,00, real=0,03 secs] 
2017-07-31T16:06:29.697+0200: 15740,102: [CMS-concurrent-reset-start]
2017-07-31T16:06:29.698+0200: 15740,102: [CMS-concurrent-reset: 0,001/0,001 secs] [Times: user=0,00 sys=0,00, real=0,00 secs] 
2017-07-31T16:06:30.668+0200: 15741,073: Total time for which application threads were stopped: 0,0001163 seconds, Stopping threads took: 0,0000232 seconds
2017-07-31T16:06:31.698+0200: 15742,102: [GC (CMS Initial Mark) [1 CMS-initial-mark: 239213K(393216K)] 241597K(502464K), 0,0009944 secs] [Times: user=0,00 sys=0,00, real=0,00 secs] 
2017-07-31T16:06:31.699+0200: 15742,103: Total time for which application threads were stopped: 0,0011507 seconds, Stopping threads took: 0,0000308 seconds
2017-07-31T16:06:31.699+0200: 15742,103: [CMS-concurrent-mark-start]
2017-07-31T16:06:31.724+0200: 15742,128: [CMS-concurrent-mark: 0,025/0,025 secs] [Times: user=0,10 sys=0,00, real=0,03 secs] 
2017-07-31T16:06:31.724+0200: 15742,128: [CMS-concurrent-preclean-start]
2017-07-31T16:06:31.725+0200: 15742,130: [CMS-concurrent-preclean: 0,001/0,001 secs] [Times: user=0,00 sys=0,00, real=0,00 secs] 
2017-07-31T16:06:31.725+0200: 15742,130: [CMS-concurrent-abortable-preclean-start]
 CMS: abort preclean due to time 2017-07-31T16:06:37.808+0200: 15748,213: [CMS-concurrent-abortable-preclean: 0,078/6,083 secs] [Times: user=0,08 sys=0,01, real=6,08 secs] 
2017-07-31T16:06:37.808+0200: 15748,213: [GC (CMS Final Remark) [YG occupancy: 2827 K (109248 K)]{Heap before GC invocations=240 (full 137):
 par new generation   total 109248K, used 2827K [0x00000000e0000000, 0x00000000e8000000, 0x00000000e8000000)
  eden space 87424K,   3% used [0x00000000e0000000, 0x00000000e02c15e8, 0x00000000e5560000)
  from space 21824K,   0% used [0x00000000e5560000, 0x00000000e5561830, 0x00000000e6ab0000)
  to   space 21824K,   0% used [0x00000000e6ab0000, 0x00000000e6ab0000, 0x00000000e8000000)
 concurrent mark-sweep generation total 393216K, used 239213K [0x00000000e8000000, 0x0000000100000000, 0x0000000100000000)
 Metaspace       used 32457K, capacity 32872K, committed 33476K, reserved 1079296K
  class space    used 3565K, capacity 3704K, committed 3836K, reserved 1048576K
2017-07-31T16:06:37.808+0200: 15748,213: [GC (CMS Final Remark) 2017-07-31T16:06:37.808+0200: 15748,213: [ParNew
Desired survivor size 20112992 bytes, new threshold 8 (max 8)
- age   1:        376 bytes,        376 total
- age   5:        152 bytes,        528 total
: 2827K->8K(109248K), 0,0046323 secs] 242040K->239221K(502464K), 0,0046917 secs] [Times: user=0,00 sys=0,00, real=0,01 secs] 
Heap after GC invocations=241 (full 137):
 par new generation   total 109248K, used 8K [0x00000000e0000000, 0x00000000e8000000, 0x00000000e8000000)
  eden space 87424K,   0% used [0x00000000e0000000, 0x00000000e0000000, 0x00000000e5560000)
  from space 21824K,   0% used [0x00000000e6ab0000, 0x00000000e6ab2040, 0x00000000e8000000)
  to   space 21824K,   0% used [0x00000000e5560000, 0x00000000e5560000, 0x00000000e6ab0000)
 concurrent mark-sweep generation total 393216K, used 239213K [0x00000000e8000000, 0x0000000100000000, 0x0000000100000000)
 Metaspace       used 32457K, capacity 32872K, committed 33476K, reserved 1079296K
  class space    used 3565K, capacity 3704K, committed 3836K, reserved 1048576K
}
2017-07-31T16:06:37.813+0200: 15748,218: [Rescan (parallel) , 0,0006773 secs]2017-07-31T16:06:37.814+0200: 15748,218: [weak refs processing, 0,0005714 secs]2017-07-31T16:06:37.814+0200: 15748,219: [class unloading, 0,0080877 secs]2017-07-31T16:06:37.823+0200: 15748,227: [scrub symbol table, 0,0038055 secs]2017-07-31T16:06:37.826+0200: 15748,231: [scrub string table, 0,0007040 secs][1 CMS-remark: 239213K(393216K)] 239221K(502464K), 0,0188301 secs] [Times: user=0,02 sys=0,00, real=0,02 secs] 
2017-07-31T16:06:37.827+0200: 15748,232: Total time for which application threads were stopped: 0,0189782 seconds, Stopping threads took: 0,0000237 seconds
2017-07-31T16:06:37.827+0200: 15748,232: [CMS-concurrent-sweep-start]
2017-07-31T16:06:37.858+0200: 15748,263: [CMS-concurrent-sweep: 0,031/0,031 secs] [Times: user=0,03 sys=0,00, real=0,03 secs] 
2017-07-31T16:06:37.859+0200: 15748,263: [CMS-concurrent-reset-start]
2017-07-31T16:06:37.859+0200: 15748,264: [CMS-concurrent-reset: 0,001/0,001 secs] [Times: user=0,00 sys=0,00, real=0,00 secs] 
2017-07-31T16:06:39.858+0200: 15750,263: [GC (CMS Initial Mark) [1 CMS-initial-mark: 239213K(393216K)] 239664K(502464K), 0,0010133 secs] [Times: user=0,00 sys=0,00, real=0,00 secs] 
2017-07-31T16:06:39.860+0200: 15750,264: Total time for which application threads were stopped: 0,0011889 seconds, Stopping threads took: 0,0000234 seconds
2017-07-31T16:06:39.860+0200: 15750,264: [CMS-concurrent-mark-start]
2017-07-31T16:06:39.885+0200: 15750,289: [CMS-concurrent-mark: 0,025/0,025 secs] [Times: user=0,10 sys=0,00, real=0,03 secs] 
2017-07-31T16:06:39.885+0200: 15750,289: [CMS-concurrent-preclean-start]
2017-07-31T16:06:39.886+0200: 15750,291: [CMS-concurrent-preclean: 0,001/0,001 secs] [Times: user=0,00 sys=0,00, real=0,00 secs] 
2017-07-31T16:06:39.887+0200: 15750,291: [GC (CMS Final Remark) [YG occupancy: 450 K (109248 K)]{Heap before GC invocations=241 (full 138):
 par new generation   total 109248K, used 450K [0x00000000e0000000, 0x00000000e8000000, 0x00000000e8000000)
  eden space 87424K,   0% used [0x00000000e0000000, 0x00000000e006ebb0, 0x00000000e5560000)
  from space 21824K,   0% used [0x00000000e6ab0000, 0x00000000e6ab2040, 0x00000000e8000000)
  to   space 21824K,   0% used [0x00000000e5560000, 0x00000000e5560000, 0x00000000e6ab0000)
 concurrent mark-sweep generation total 393216K, used 239213K [0x00000000e8000000, 0x0000000100000000, 0x0000000100000000)
 Metaspace       used 32457K, capacity 32872K, committed 33476K, reserved 1079296K
  class space    used 3565K, capacity 3704K, committed 3836K, reserved 1048576K
2017-07-31T16:06:39.887+0200: 15750,291: [GC (CMS Final Remark) 2017-07-31T16:06:39.887+0200: 15750,291: [ParNew
Desired survivor size 20112992 bytes, new threshold 8 (max 8)
- age   1:         32 bytes,         32 total
- age   2:        344 bytes,        376 total
- age   6:        152 bytes,        528 total
: 450K->6K(109248K), 0,0038823 secs] 239664K->239219K(502464K), 0,0039287 secs] [Times: user=0,01 sys=0,00, real=0,00 secs] 
Heap after GC invocations=242 (full 138):
 par new generation   total 109248K, used 6K [0x00000000e0000000, 0x00000000e8000000, 0x00000000e8000000)
  eden space 87424K,   0% used [0x00000000e0000000, 0x00000000e0000000, 0x00000000e5560000)
  from space 21824K,   0% used [0x00000000e5560000, 0x00000000e5561830, 0x00000000e6ab0000)
  to   space 21824K,   0% used [0x00000000e6ab0000, 0x00000000e6ab0000, 0x00000000e8000000)
 concurrent mark-sweep generation total 393216K, used 239213K [0x00000000e8000000, 0x0000000100000000, 0x0000000100000000)
 Metaspace       used 32457K, capacity 32872K, committed 33476K, reserved 1079296K
  class space    used 3565K, capacity 3704K, committed 3836K, reserved 1048576K
}
2017-07-31T16:06:39.891+0200: 15750,295: [Rescan (parallel) , 0,0005631 secs]2017-07-31T16:06:39.891+0200: 15750,296: [weak refs processing, 0,0004206 secs]2017-07-31T16:06:39.892+0200: 15750,296: [class unloading, 0,0074612 secs]2017-07-31T16:06:39.899+0200: 15750,304: [scrub symbol table, 0,0035818 secs]2017-07-31T16:06:39.903+0200: 15750,307: [scrub string table, 0,0006530 secs][1 CMS-remark: 239213K(393216K)] 239219K(502464K), 0,0168581 secs] [Times: user=0,02 sys=0,00, real=0,02 secs] 
2017-07-31T16:06:39.903+0200: 15750,308: Total time for which application threads were stopped: 0,0170023 seconds, Stopping threads took: 0,0000329 seconds
2017-07-31T16:06:39.904+0200: 15750,308: [CMS-concurrent-sweep-start]
2017-07-31T16:06:39.931+0200: 15750,336: [CMS-concurrent-sweep: 0,028/0,028 secs] [Times: user=0,03 sys=0,00, real=0,02 secs] 
2017-07-31T16:06:39.931+0200: 15750,336: [CMS-concurrent-reset-start]
2017-07-31T16:06:39.932+0200: 15750,336: [CMS-concurrent-reset: 0,001/0,001 secs] [Times: user=0,00 sys=0,00, real=0,01 secs] 
2017-07-31T16:06:40.546+0200: 15750,950: Total time for which application threads were stopped: 0,0001235 seconds, Stopping threads took: 0,0000225 seconds
2017-07-31T16:06:41.932+0200: 15752,336: [GC (CMS Initial Mark) [1 CMS-initial-mark: 239213K(393216K)] 241523K(502464K), 0,0008833 secs] [Times: user=0,01 sys=0,00, real=0,01 secs] 
2017-07-31T16:06:41.933+0200: 15752,337: Total time for which application threads were stopped: 0,0010383 seconds, Stopping threads took: 0,0000257 seconds
2017-07-31T16:06:41.933+0200: 15752,337: [CMS-concurrent-mark-start]
2017-07-31T16:06:41.958+0200: 15752,363: [CMS-concurrent-mark: 0,026/0,026 secs] [Times: user=0,10 sys=0,00, real=0,02 secs] 
2017-07-31T16:06:41.958+0200: 15752,363: [CMS-concurrent-preclean-start]
2017-07-31T16:06:41.960+0200: 15752,364: [CMS-concurrent-preclean: 0,001/0,001 secs] [Times: user=0,00 sys=0,00, real=0,00 secs] 
2017-07-31T16:06:41.960+0200: 15752,364: [CMS-concurrent-abortable-preclean-start]
 CMS: abort preclean due to time 2017-07-31T16:06:48.042+0200: 15758,446: [CMS-concurrent-abortable-preclean: 0,076/6,082 secs] [Times: user=0,08 sys=0,00, real=6,09 secs] 
2017-07-31T16:06:48.042+0200: 15758,447: [GC (CMS Final Remark) [YG occupancy: 2805 K (109248 K)]{Heap before GC invocations=242 (full 139):
 par new generation   total 109248K, used 2805K [0x00000000e0000000, 0x00000000e8000000, 0x00000000e8000000)
  eden space 87424K,   3% used [0x00000000e0000000, 0x00000000e02bbe80, 0x00000000e5560000)
  from space 21824K,   0% used [0x00000000e5560000, 0x00000000e5561830, 0x00000000e6ab0000)
  to   space 21824K,   0% used [0x00000000e6ab0000, 0x00000000e6ab0000, 0x00000000e8000000)
 concurrent mark-sweep generation total 393216K, used 239213K [0x00000000e8000000, 0x0000000100000000, 0x0000000100000000)
 Metaspace       used 32457K, capacity 32872K, committed 33476K, reserved 1079296K
  class space    used 3565K, capacity 3704K, committed 3836K, reserved 1048576K
2017-07-31T16:06:48.042+0200: 15758,447: [GC (CMS Final Remark) 2017-07-31T16:06:48.042+0200: 15758,447: [ParNew
Desired survivor size 20112992 bytes, new threshold 8 (max 8)
- age   1:        344 bytes,        344 total
- age   3:        184 bytes,        528 total
- age   7:         32 bytes,        560 total
: 2805K->8K(109248K), 0,0045404 secs] 242018K->239221K(502464K), 0,0045985 secs] [Times: user=0,01 sys=0,00, real=0,00 secs] 
Heap after GC invocations=243 (full 139):
 par new generation   total 109248K, used 8K [0x00000000e0000000, 0x00000000e8000000, 0x00000000e8000000)
  eden space 87424K,   0% used [0x00000000e0000000, 0x00000000e0000000, 0x00000000e5560000)
  from space 21824K,   0% used [0x00000000e6ab0000, 0x00000000e6ab2040, 0x00000000e8000000)
  to   space 21824K,   0% used [0x00000000e5560000, 0x00000000e5560000, 0x00000000e6ab0000)
 concurrent mark-sweep generation total 393216K, used 239213K [0x00000000e8000000, 0x0000000100000000, 0x0000000100000000)
 Metaspace       used 32457K, capacity 32872K, committed 33476K, reserved 1079296K
  class space    used 3565K, capacity 3704K, committed 3836K, reserved 1048576K
}
2017-07-31T16:06:48.047+0200: 15758,451: [Rescan (parallel) , 0,0006736 secs]2017-07-31T16:06:48.047+0200: 15758,452: [weak refs processing, 0,0006323 secs]2017-07-31T16:06:48.048+0200: 15758,453: [class unloading, 0,0089119 secs]2017-07-31T16:06:48.057+0200: 15758,462: [scrub symbol table, 0,0041206 secs]2017-07-31T16:06:48.061+0200: 15758,466: [scrub string table, 0,0007656 secs][1 CMS-remark: 239213K(393216K)] 239221K(502464K), 0,0200303 secs] [Times: user=0,03 sys=0,00, real=0,02 secs] 
2017-07-31T16:06:48.062+0200: 15758,467: Total time for which application threads were stopped: 0,0201973 seconds, Stopping threads took: 0,0000401 seconds
2017-07-31T16:06:48.062+0200: 15758,467: [CMS-concurrent-sweep-start]
2017-07-31T16:06:48.098+0200: 15758,502: [CMS-concurrent-sweep: 0,035/0,035 secs] [Times: user=0,03 sys=0,00, real=0,03 secs] 
2017-07-31T16:06:48.098+0200: 15758,502: [CMS-concurrent-reset-start]
2017-07-31T16:06:48.098+0200: 15758,503: [CMS-concurrent-reset: 0,001/0,001 secs] [Times: user=0,00 sys=0,00, real=0,00 secs] 
2017-07-31T16:06:50.098+0200: 15760,502: [GC (CMS Initial Mark) [1 CMS-initial-mark: 239212K(393216K)] 239663K(502464K), 0,0008922 secs] [Times: user=0,01 sys=0,00, real=0,00 secs] 
2017-07-31T16:06:50.099+0200: 15760,503: Total time for which application threads were stopped: 0,0010389 seconds, Stopping threads took: 0,0000240 seconds
2017-07-31T16:06:50.099+0200: 15760,503: [CMS-concurrent-mark-start]
2017-07-31T16:06:50.117+0200: 15760,522: [CMS-concurrent-mark: 0,019/0,019 secs] [Times: user=0,07 sys=0,00, real=0,02 secs] 
2017-07-31T16:06:50.117+0200: 15760,522: [CMS-concurrent-preclean-start]
2017-07-31T16:06:50.118+0200: 15760,523: [CMS-concurrent-preclean: 0,001/0,001 secs] [Times: user=0,00 sys=0,00, real=0,00 secs] 
2017-07-31T16:06:50.119+0200: 15760,523: [GC (CMS Final Remark) [YG occupancy: 450 K (109248 K)]{Heap before GC invocations=243 (full 140):
 par new generation   total 109248K, used 450K [0x00000000e0000000, 0x00000000e8000000, 0x00000000e8000000)
  eden space 87424K,   0% used [0x00000000e0000000, 0x00000000e006ebb0, 0x00000000e5560000)
  from space 21824K,   0% used [0x00000000e6ab0000, 0x00000000e6ab2040, 0x00000000e8000000)
  to   space 21824K,   0% used [0x00000000e5560000, 0x00000000e5560000, 0x00000000e6ab0000)
 concurrent mark-sweep generation total 393216K, used 239212K [0x00000000e8000000, 0x0000000100000000, 0x0000000100000000)
 Metaspace       used 32457K, capacity 32872K, committed 33476K, reserved 1079296K
  class space    used 3565K, capacity 3704K, committed 3836K, reserved 1048576K
2017-07-31T16:06:50.119+0200: 15760,523: [GC (CMS Final Remark) 2017-07-31T16:06:50.119+0200: 15760,523: [ParNew
Desired survivor size 20112992 bytes, new threshold 8 (max 8)
- age   1:         32 bytes,         32 total
- age   2:        312 bytes,        344 total
- age   4:        184 bytes,        528 total
- age   8:         32 bytes,        560 total
: 450K->8K(109248K), 0,0030983 secs] 239663K->239220K(502464K), 0,0031355 secs] [Times: user=0,01 sys=0,00, real=0,01 secs] 
Heap after GC invocations=244 (full 140):
 par new generation   total 109248K, used 8K [0x00000000e0000000, 0x00000000e8000000, 0x00000000e8000000)
  eden space 87424K,   0% used [0x00000000e0000000, 0x00000000e0000000, 0x00000000e5560000)
  from space 21824K,   0% used [0x00000000e5560000, 0x00000000e5562040, 0x00000000e6ab0000)
  to   space 21824K,   0% used [0x00000000e6ab0000, 0x00000000e6ab0000, 0x00000000e8000000)
 concurrent mark-sweep generation total 393216K, used 239212K [0x00000000e8000000, 0x0000000100000000, 0x0000000100000000)
 Metaspace       used 32457K, capacity 32872K, committed 33476K, reserved 1079296K
  class space    used 3565K, capacity 3704K, committed 3836K, reserved 1048576K
}
2017-07-31T16:06:50.122+0200: 15760,526: [Rescan (parallel) , 0,0004144 secs]2017-07-31T16:06:50.122+0200: 15760,527: [weak refs processing, 0,0003543 secs]2017-07-31T16:06:50.123+0200: 15760,527: [class unloading, 0,0056164 secs]2017-07-31T16:06:50.128+0200: 15760,533: [scrub symbol table, 0,0029070 secs]2017-07-31T16:06:50.131+0200: 15760,536: [scrub string table, 0,0005269 secs][1 CMS-remark: 239212K(393216K)] 239220K(502464K), 0,0132035 secs] [Times: user=0,02 sys=0,00, real=0,01 secs] 
2017-07-31T16:06:50.132+0200: 15760,536: Total time for which application threads were stopped: 0,0133103 seconds, Stopping threads took: 0,0000180 seconds
2017-07-31T16:06:50.132+0200: 15760,536: [CMS-concurrent-sweep-start]
2017-07-31T16:06:50.155+0200: 15760,560: [CMS-concurrent-sweep: 0,023/0,023 secs] [Times: user=0,02 sys=0,00, real=0,02 secs] 
2017-07-31T16:06:50.156+0200: 15760,560: [CMS-concurrent-reset-start]
2017-07-31T16:06:50.156+0200: 15760,561: [CMS-concurrent-reset: 0,001/0,001 secs] [Times: user=0,00 sys=0,00, real=0,00 secs] 
2017-07-31T16:06:52.155+0200: 15762,560: [GC (CMS Initial Mark) [1 CMS-initial-mark: 239212K(393216K)] 241525K(502464K), 0,0008917 secs] [Times: user=0,01 sys=0,00, real=0,00 secs] 
2017-07-31T16:06:52.156+0200: 15762,561: Total time for which application threads were stopped: 0,0010258 seconds, Stopping threads took: 0,0000209 seconds
2017-07-31T16:06:52.156+0200: 15762,561: [CMS-concurrent-mark-start]
2017-07-31T16:06:52.180+0200: 15762,584: [CMS-concurrent-mark: 0,023/0,023 secs] [Times: user=0,09 sys=0,00, real=0,02 secs] 
2017-07-31T16:06:52.180+0200: 15762,584: [CMS-concurrent-preclean-start]
2017-07-31T16:06:52.181+0200: 15762,585: [CMS-concurrent-preclean: 0,001/0,001 secs] [Times: user=0,00 sys=0,00, real=0,01 secs] 
2017-07-31T16:06:52.181+0200: 15762,585: [CMS-concurrent-abortable-preclean-start]
 CMS: abort preclean due to time 2017-07-31T16:06:58.262+0200: 15768,667: [CMS-concurrent-abortable-preclean: 0,077/6,081 secs] [Times: user=0,08 sys=0,00, real=6,08 secs] 
2017-07-31T16:06:58.263+0200: 15768,667: [GC (CMS Final Remark) [YG occupancy: 2755 K (109248 K)]{Heap before GC invocations=244 (full 141):
 par new generation   total 109248K, used 2755K [0x00000000e0000000, 0x00000000e8000000, 0x00000000e8000000)
  eden space 87424K,   3% used [0x00000000e0000000, 0x00000000e02aee70, 0x00000000e5560000)
  from space 21824K,   0% used [0x00000000e5560000, 0x00000000e5562040, 0x00000000e6ab0000)
  to   space 21824K,   0% used [0x00000000e6ab0000, 0x00000000e6ab0000, 0x00000000e8000000)
 concurrent mark-sweep generation total 393216K, used 239212K [0x00000000e8000000, 0x0000000100000000, 0x0000000100000000)
 Metaspace       used 32457K, capacity 32872K, committed 33476K, reserved 1079296K
  class space    used 3565K, capacity 3704K, committed 3836K, reserved 1048576K
2017-07-31T16:06:58.263+0200: 15768,667: [GC (CMS Final Remark) 2017-07-31T16:06:58.263+0200: 15768,667: [ParNew
Desired survivor size 20112992 bytes, new threshold 8 (max 8)
- age   1:        192 bytes,        192 total
- age   3:        152 bytes,        344 total
- age   5:        184 bytes,        528 total
: 2755K->8K(109248K), 0,0021820 secs] 241967K->239220K(502464K), 0,0022323 secs] [Times: user=0,01 sys=0,00, real=0,00 secs] 
Heap after GC invocations=245 (full 141):
 par new generation   total 109248K, used 8K [0x00000000e0000000, 0x00000000e8000000, 0x00000000e8000000)
  eden space 87424K,   0% used [0x00000000e0000000, 0x00000000e0000000, 0x00000000e5560000)
  from space 21824K,   0% used [0x00000000e6ab0000, 0x00000000e6ab2040, 0x00000000e8000000)
  to   space 21824K,   0% used [0x00000000e5560000, 0x00000000e5560000, 0x00000000e6ab0000)
 concurrent mark-sweep generation total 393216K, used 239212K [0x00000000e8000000, 0x0000000100000000, 0x0000000100000000)
 Metaspace       used 32457K, capacity 32872K, committed 33476K, reserved 1079296K
  class space    used 3565K, capacity 3704K, committed 3836K, reserved 1048576K
}
2017-07-31T16:06:58.265+0200: 15768,670: [Rescan (parallel) , 0,0005705 secs]2017-07-31T16:06:58.266+0200: 15768,670: [weak refs processing, 0,0004525 secs]2017-07-31T16:06:58.266+0200: 15768,671: [class unloading, 0,0075116 secs]2017-07-31T16:06:58.274+0200: 15768,678: [scrub symbol table, 0,0036169 secs]2017-07-31T16:06:58.277+0200: 15768,682: [scrub string table, 0,0006570 secs][1 CMS-remark: 239212K(393216K)] 239220K(502464K), 0,0153950 secs] [Times: user=0,02 sys=0,00, real=0,01 secs] 
2017-07-31T16:06:58.278+0200: 15768,683: Total time for which application threads were stopped: 0,0155426 seconds, Stopping threads took: 0,0000245 seconds
2017-07-31T16:06:58.278+0200: 15768,683: [CMS-concurrent-sweep-start]
2017-07-31T16:06:58.308+0200: 15768,712: [CMS-concurrent-sweep: 0,029/0,029 secs] [Times: user=0,03 sys=0,00, real=0,03 secs] 
2017-07-31T16:06:58.308+0200: 15768,712: [CMS-concurrent-reset-start]
2017-07-31T16:06:58.308+0200: 15768,713: [CMS-concurrent-reset: 0,001/0,001 secs] [Times: user=0,00 sys=0,00, real=0,00 secs] 
2017-07-31T16:07:00.307+0200: 15770,712: [GC (CMS Initial Mark) [1 CMS-initial-mark: 239212K(393216K)] 240954K(502464K), 0,0010249 secs] [Times: user=0,00 sys=0,00, real=0,00 secs] 
2017-07-31T16:07:00.309+0200: 15770,713: Total time for which application threads were stopped: 0,0011924 seconds, Stopping threads took: 0,0000228 seconds
2017-07-31T16:07:00.309+0200: 15770,713: [CMS-concurrent-mark-start]
2017-07-31T16:07:00.343+0200: 15770,748: [CMS-concurrent-mark: 0,035/0,035 secs] [Times: user=0,13 sys=0,00, real=0,04 secs] 
2017-07-31T16:07:00.343+0200: 15770,748: [CMS-concurrent-preclean-start]
2017-07-31T16:07:00.345+0200: 15770,749: [CMS-concurrent-preclean: 0,001/0,001 secs] [Times: user=0,00 sys=0,00, real=0,00 secs] 
2017-07-31T16:07:00.345+0200: 15770,749: [GC (CMS Final Remark) [YG occupancy: 1741 K (109248 K)]{Heap before GC invocations=245 (full 142):
 par new generation   total 109248K, used 1741K [0x00000000e0000000, 0x00000000e8000000, 0x00000000e8000000)
  eden space 87424K,   1% used [0x00000000e0000000, 0x00000000e01b1748, 0x00000000e5560000)
  from space 21824K,   0% used [0x00000000e6ab0000, 0x00000000e6ab2040, 0x00000000e8000000)
  to   space 21824K,   0% used [0x00000000e5560000, 0x00000000e5560000, 0x00000000e6ab0000)
 concurrent mark-sweep generation total 393216K, used 239212K [0x00000000e8000000, 0x0000000100000000, 0x0000000100000000)
 Metaspace       used 32457K, capacity 32872K, committed 33476K, reserved 1079296K
  class space    used 3565K, capacity 3704K, committed 3836K, reserved 1048576K
2017-07-31T16:07:00.345+0200: 15770,749: [GC (CMS Final Remark) 2017-07-31T16:07:00.345+0200: 15770,749: [ParNew
Desired survivor size 20112992 bytes, new threshold 8 (max 8)
- age   1:         64 bytes,         64 total
- age   2:        128 bytes,        192 total
- age   4:        152 bytes,        344 total
- age   6:        184 bytes,        528 total
: 1741K->8K(109248K), 0,0028275 secs] 240954K->239220K(502464K), 0,0028901 secs] [Times: user=0,01 sys=0,00, real=0,00 secs] 
Heap after GC invocations=246 (full 142):
 par new generation   total 109248K, used 8K [0x00000000e0000000, 0x00000000e8000000, 0x00000000e8000000)
  eden space 87424K,   0% used [0x00000000e0000000, 0x00000000e0000000, 0x00000000e5560000)
  from space 21824K,   0% used [0x00000000e5560000, 0x00000000e5562040, 0x00000000e6ab0000)
  to   space 21824K,   0% used [0x00000000e6ab0000, 0x00000000e6ab0000, 0x00000000e8000000)
 concurrent mark-sweep generation total 393216K, used 239212K [0x00000000e8000000, 0x0000000100000000, 0x0000000100000000)
 Metaspace       used 32457K, capacity 32872K, committed 33476K, reserved 1079296K
  class space    used 3565K, capacity 3704K, committed 3836K, reserved 1048576K
}
2017-07-31T16:07:00.348+0200: 15770,752: [Rescan (parallel) , 0,0007802 secs]2017-07-31T16:07:00.349+0200: 15770,753: [weak refs processing, 0,0009848 secs]2017-07-31T16:07:00.350+0200: 15770,754: [class unloading, 0,0073285 secs]2017-07-31T16:07:00.357+0200: 15770,761: [scrub symbol table, 0,0036164 secs]2017-07-31T16:07:00.361+0200: 15770,765: [scrub string table, 0,0006151 secs][1 CMS-remark: 239212K(393216K)] 239220K(502464K), 0,0166050 secs] [Times: user=0,03 sys=0,00, real=0,02 secs] 
2017-07-31T16:07:00.361+0200: 15770,766: Total time for which application threads were stopped: 0,0167314 seconds, Stopping threads took: 0,0000255 seconds
2017-07-31T16:07:00.362+0200: 15770,766: [CMS-concurrent-sweep-start]
2017-07-31T16:07:00.390+0200: 15770,795: [CMS-concurrent-sweep: 0,029/0,029 secs] [Times: user=0,03 sys=0,00, real=0,02 secs] 
2017-07-31T16:07:00.390+0200: 15770,795: [CMS-concurrent-reset-start]
2017-07-31T16:07:00.391+0200: 15770,795: [CMS-concurrent-reset: 0,001/0,001 secs] [Times: user=0,00 sys=0,00, real=0,00 secs] 
2017-07-31T16:07:02.390+0200: 15772,794: [GC (CMS Initial Mark) [1 CMS-initial-mark: 239212K(393216K)] 240234K(502464K), 0,0009929 secs] [Times: user=0,00 sys=0,00, real=0,00 secs] 
2017-07-31T16:07:02.391+0200: 15772,796: Total time for which application threads were stopped: 0,0011435 seconds, Stopping threads took: 0,0000317 seconds
2017-07-31T16:07:02.391+0200: 15772,796: [CMS-concurrent-mark-start]
2017-07-31T16:07:02.419+0200: 15772,824: [CMS-concurrent-mark: 0,028/0,028 secs] [Times: user=0,11 sys=0,00, real=0,03 secs] 
2017-07-31T16:07:02.419+0200: 15772,824: [CMS-concurrent-preclean-start]
2017-07-31T16:07:02.421+0200: 15772,825: [CMS-concurrent-preclean: 0,001/0,001 secs] [Times: user=0,00 sys=0,00, real=0,01 secs] 
2017-07-31T16:07:02.421+0200: 15772,825: [GC (CMS Final Remark) [YG occupancy: 1021 K (109248 K)]{Heap before GC invocations=246 (full 143):
 par new generation   total 109248K, used 1021K [0x00000000e0000000, 0x00000000e8000000, 0x00000000e8000000)
  eden space 87424K,   1% used [0x00000000e0000000, 0x00000000e00fd728, 0x00000000e5560000)
  from space 21824K,   0% used [0x00000000e5560000, 0x00000000e5562040, 0x00000000e6ab0000)
  to   space 21824K,   0% used [0x00000000e6ab0000, 0x00000000e6ab0000, 0x00000000e8000000)
 concurrent mark-sweep generation total 393216K, used 239212K [0x00000000e8000000, 0x0000000100000000, 0x0000000100000000)
 Metaspace       used 32457K, capacity 32872K, committed 33476K, reserved 1079296K
  class space    used 3565K, capacity 3704K, committed 3836K, reserved 1048576K
2017-07-31T16:07:02.421+0200: 15772,825: [GC (CMS Final Remark) 2017-07-31T16:07:02.421+0200: 15772,825: [ParNew
Desired survivor size 20112992 bytes, new threshold 8 (max 8)
- age   1:         96 bytes,         96 total
- age   2:         64 bytes,        160 total
- age   3:         32 bytes,        192 total
- age   5:        152 bytes,        344 total
- age   7:        184 bytes,        528 total
: 1021K->8K(109248K), 0,0027837 secs] 240234K->239220K(502464K), 0,0028442 secs] [Times: user=0,01 sys=0,00, real=0,00 secs] 
Heap after GC invocations=247 (full 143):
 par new generation   total 109248K, used 8K [0x00000000e0000000, 0x00000000e8000000, 0x00000000e8000000)
  eden space 87424K,   0% used [0x00000000e0000000, 0x00000000e0000000, 0x00000000e5560000)
  from space 21824K,   0% used [0x00000000e6ab0000, 0x00000000e6ab2040, 0x00000000e8000000)
  to   space 21824K,   0% used [0x00000000e5560000, 0x00000000e5560000, 0x00000000e6ab0000)
 concurrent mark-sweep generation total 393216K, used 239212K [0x00000000e8000000, 0x0000000100000000, 0x0000000100000000)
 Metaspace       used 32457K, capacity 32872K, committed 33476K, reserved 1079296K
  class space    used 3565K, capacity 3704K, committed 3836K, reserved 1048576K
}
2017-07-31T16:07:02.424+0200: 15772,828: [Rescan (parallel) , 0,0005662 secs]2017-07-31T16:07:02.424+0200: 15772,829: [weak refs processing, 0,0003957 secs]2017-07-31T16:07:02.425+0200: 15772,829: [class unloading, 0,0073862 secs]2017-07-31T16:07:02.432+0200: 15772,837: [scrub symbol table, 0,0038020 secs]2017-07-31T16:07:02.436+0200: 15772,840: [scrub string table, 0,0006990 secs][1 CMS-remark: 239212K(393216K)] 239220K(502464K), 0,0159902 secs] [Times: user=0,03 sys=0,00, real=0,01 secs] 
2017-07-31T16:07:02.437+0200: 15772,841: Total time for which application threads were stopped: 0,0161113 seconds, Stopping threads took: 0,0000204 seconds
2017-07-31T16:07:02.437+0200: 15772,841: [CMS-concurrent-sweep-start]
2017-07-31T16:07:02.465+0200: 15772,869: [CMS-concurrent-sweep: 0,028/0,028 secs] [Times: user=0,02 sys=0,00, real=0,03 secs] 
2017-07-31T16:07:02.465+0200: 15772,869: [CMS-concurrent-reset-start]
2017-07-31T16:07:02.465+0200: 15772,870: [CMS-concurrent-reset: 0,001/0,001 secs] [Times: user=0,00 sys=0,00, real=0,00 secs] 
2017-07-31T16:07:04.465+0200: 15774,869: [GC (CMS Initial Mark) [1 CMS-initial-mark: 239212K(393216K)] 239220K(502464K), 0,0009717 secs] [Times: user=0,00 sys=0,00, real=0,00 secs] 
2017-07-31T16:07:04.466+0200: 15774,870: Total time for which application threads were stopped: 0,0011317 seconds, Stopping threads took: 0,0000250 seconds
2017-07-31T16:07:04.466+0200: 15774,870: [CMS-concurrent-mark-start]
2017-07-31T16:07:04.491+0200: 15774,896: [CMS-concurrent-mark: 0,026/0,026 secs] [Times: user=0,10 sys=0,00, real=0,02 secs] 
2017-07-31T16:07:04.491+0200: 15774,896: [CMS-concurrent-preclean-start]
2017-07-31T16:07:04.493+0200: 15774,897: [CMS-concurrent-preclean: 0,001/0,001 secs] [Times: user=0,00 sys=0,00, real=0,01 secs] 
2017-07-31T16:07:04.493+0200: 15774,897: [GC (CMS Final Remark) [YG occupancy: 8 K (109248 K)]{Heap before GC invocations=247 (full 144):
 par new generation   total 109248K, used 8K [0x00000000e0000000, 0x00000000e8000000, 0x00000000e8000000)
  eden space 87424K,   0% used [0x00000000e0000000, 0x00000000e0000000, 0x00000000e5560000)
  from space 21824K,   0% used [0x00000000e6ab0000, 0x00000000e6ab2040, 0x00000000e8000000)
  to   space 21824K,   0% used [0x00000000e5560000, 0x00000000e5560000, 0x00000000e6ab0000)
 concurrent mark-sweep generation total 393216K, used 239212K [0x00000000e8000000, 0x0000000100000000, 0x0000000100000000)
 Metaspace       used 32457K, capacity 32872K, committed 33476K, reserved 1079296K
  class space    used 3565K, capacity 3704K, committed 3836K, reserved 1048576K
2017-07-31T16:07:04.493+0200: 15774,897: [GC (CMS Final Remark) 2017-07-31T16:07:04.493+0200: 15774,897: [ParNew
Desired survivor size 20112992 bytes, new threshold 8 (max 8)
- age   2:         96 bytes,         96 total
- age   3:         64 bytes,        160 total
- age   4:         32 bytes,        192 total
- age   6:        152 bytes,        344 total
- age   8:        184 bytes,        528 total
: 8K->6K(109248K), 0,0035615 secs] 239220K->239218K(502464K), 0,0036170 secs] [Times: user=0,01 sys=0,00, real=0,00 secs] 
Heap after GC invocations=248 (full 144):
 par new generation   total 109248K, used 6K [0x00000000e0000000, 0x00000000e8000000, 0x00000000e8000000)
  eden space 87424K,   0% used [0x00000000e0000000, 0x00000000e0000000, 0x00000000e5560000)
  from space 21824K,   0% used [0x00000000e5560000, 0x00000000e5561830, 0x00000000e6ab0000)
  to   space 21824K,   0% used [0x00000000e6ab0000, 0x00000000e6ab0000, 0x00000000e8000000)
 concurrent mark-sweep generation total 393216K, used 239212K [0x00000000e8000000, 0x0000000100000000, 0x0000000100000000)
 Metaspace       used 32457K, capacity 32872K, committed 33476K, reserved 1079296K
  class space    used 3565K, capacity 3704K, committed 3836K, reserved 1048576K
}
2017-07-31T16:07:04.496+0200: 15774,901: [Rescan (parallel) , 0,0005235 secs]2017-07-31T16:07:04.497+0200: 15774,901: [weak refs processing, 0,0004995 secs]2017-07-31T16:07:04.498+0200: 15774,902: [class unloading, 0,0071367 secs]2017-07-31T16:07:04.505+0200: 15774,909: [scrub symbol table, 0,0036306 secs]2017-07-31T16:07:04.508+0200: 15774,913: [scrub string table, 0,0005967 secs][1 CMS-remark: 239212K(393216K)] 239218K(502464K), 0,0163211 secs] [Times: user=0,02 sys=0,00, real=0,01 secs] 
2017-07-31T16:07:04.509+0200: 15774,914: Total time for which application threads were stopped: 0,0164531 seconds, Stopping threads took: 0,0000197 seconds
2017-07-31T16:07:04.509+0200: 15774,914: [CMS-concurrent-sweep-start]
2017-07-31T16:07:04.536+0200: 15774,941: [CMS-concurrent-sweep: 0,027/0,027 secs] [Times: user=0,03 sys=0,00, real=0,03 secs] 
2017-07-31T16:07:04.536+0200: 15774,941: [CMS-concurrent-reset-start]
2017-07-31T16:07:04.537+0200: 15774,941: [CMS-concurrent-reset: 0,001/0,001 secs] [Times: user=0,00 sys=0,00, real=0,00 secs] 
2017-07-31T16:07:06.536+0200: 15776,941: [GC (CMS Initial Mark) [1 CMS-initial-mark: 239212K(393216K)] 241966K(502464K), 0,0007835 secs] [Times: user=0,00 sys=0,00, real=0,00 secs] 
2017-07-31T16:07:06.537+0200: 15776,941: Total time for which application threads were stopped: 0,0009242 seconds, Stopping threads took: 0,0000218 seconds
2017-07-31T16:07:06.537+0200: 15776,942: [CMS-concurrent-mark-start]
2017-07-31T16:07:06.554+0200: 15776,959: [CMS-concurrent-mark: 0,017/0,017 secs] [Times: user=0,07 sys=0,00, real=0,02 secs] 
2017-07-31T16:07:06.555+0200: 15776,959: [CMS-concurrent-preclean-start]
2017-07-31T16:07:06.555+0200: 15776,960: [CMS-concurrent-preclean: 0,001/0,001 secs] [Times: user=0,00 sys=0,00, real=0,00 secs] 
2017-07-31T16:07:06.555+0200: 15776,960: [CMS-concurrent-abortable-preclean-start]
 CMS: abort preclean due to time 2017-07-31T16:07:12.626+0200: 15783,030: [CMS-concurrent-abortable-preclean: 0,066/6,070 secs] [Times: user=0,07 sys=0,00, real=6,07 secs] 
2017-07-31T16:07:12.626+0200: 15783,031: [GC (CMS Final Remark) [YG occupancy: 2753 K (109248 K)]{Heap before GC invocations=248 (full 145):
 par new generation   total 109248K, used 2753K [0x00000000e0000000, 0x00000000e8000000, 0x00000000e8000000)
  eden space 87424K,   3% used [0x00000000e0000000, 0x00000000e02aee70, 0x00000000e5560000)
  from space 21824K,   0% used [0x00000000e5560000, 0x00000000e5561830, 0x00000000e6ab0000)
  to   space 21824K,   0% used [0x00000000e6ab0000, 0x00000000e6ab0000, 0x00000000e8000000)
 concurrent mark-sweep generation total 393216K, used 239212K [0x00000000e8000000, 0x0000000100000000, 0x0000000100000000)
 Metaspace       used 32457K, capacity 32872K, committed 33476K, reserved 1079296K
  class space    used 3565K, capacity 3704K, committed 3836K, reserved 1048576K
2017-07-31T16:07:12.626+0200: 15783,031: [GC (CMS Final Remark) 2017-07-31T16:07:12.626+0200: 15783,031: [ParNew
Desired survivor size 20112992 bytes, new threshold 8 (max 8)
- age   1:        192 bytes,        192 total
- age   7:        152 bytes,        344 total
: 2753K->6K(109248K), 0,0024503 secs] 241966K->239218K(502464K), 0,0025078 secs] [Times: user=0,01 sys=0,00, real=0,00 secs] 
Heap after GC invocations=249 (full 145):
 par new generation   total 109248K, used 6K [0x00000000e0000000, 0x00000000e8000000, 0x00000000e8000000)
  eden space 87424K,   0% used [0x00000000e0000000, 0x00000000e0000000, 0x00000000e5560000)
  from space 21824K,   0% used [0x00000000e6ab0000, 0x00000000e6ab1830, 0x00000000e8000000)
  to   space 21824K,   0% used [0x00000000e5560000, 0x00000000e5560000, 0x00000000e6ab0000)
 concurrent mark-sweep generation total 393216K, used 239212K [0x00000000e8000000, 0x0000000100000000, 0x0000000100000000)
 Metaspace       used 32457K, capacity 32872K, committed 33476K, reserved 1079296K
  class space    used 3565K, capacity 3704K, committed 3836K, reserved 1048576K
}
2017-07-31T16:07:12.629+0200: 15783,033: [Rescan (parallel) , 0,0005589 secs]2017-07-31T16:07:12.629+0200: 15783,034: [weak refs processing, 0,0004605 secs]2017-07-31T16:07:12.630+0200: 15783,034: [class unloading, 0,0077342 secs]2017-07-31T16:07:12.637+0200: 15783,042: [scrub symbol table, 0,0038794 secs]2017-07-31T16:07:12.641+0200: 15783,046: [scrub string table, 0,0006369 secs][1 CMS-remark: 239212K(393216K)] 239218K(502464K), 0,0160831 secs] [Times: user=0,02 sys=0,00, real=0,02 secs] 
2017-07-31T16:07:12.642+0200: 15783,047: Total time for which application threads were stopped: 0,0162090 seconds, Stopping threads took: 0,0000212 seconds
2017-07-31T16:07:12.642+0200: 15783,047: [CMS-concurrent-sweep-start]
2017-07-31T16:07:12.671+0200: 15783,075: [CMS-concurrent-sweep: 0,029/0,029 secs] [Times: user=0,03 sys=0,00, real=0,02 secs] 
2017-07-31T16:07:12.671+0200: 15783,075: [CMS-concurrent-reset-start]
2017-07-31T16:07:12.672+0200: 15783,076: [CMS-concurrent-reset: 0,001/0,001 secs] [Times: user=0,00 sys=0,00, real=0,00 secs] 
2017-07-31T16:07:14.671+0200: 15785,075: [GC (CMS Initial Mark) [1 CMS-initial-mark: 239212K(393216K)] 239713K(502464K), 0,0009503 secs] [Times: user=0,00 sys=0,00, real=0,00 secs] 
2017-07-31T16:07:14.672+0200: 15785,076: Total time for which application threads were stopped: 0,0011056 seconds, Stopping threads took: 0,0000232 seconds
2017-07-31T16:07:14.672+0200: 15785,076: [CMS-concurrent-mark-start]
2017-07-31T16:07:14.700+0200: 15785,105: [CMS-concurrent-mark: 0,029/0,029 secs] [Times: user=0,11 sys=0,00, real=0,04 secs] 
2017-07-31T16:07:14.701+0200: 15785,105: [CMS-concurrent-preclean-start]
2017-07-31T16:07:14.702+0200: 15785,106: [CMS-concurrent-preclean: 0,001/0,001 secs] [Times: user=0,00 sys=0,00, real=0,00 secs] 
2017-07-31T16:07:14.702+0200: 15785,107: [GC (CMS Final Remark) [YG occupancy: 500 K (109248 K)]{Heap before GC invocations=249 (full 146):
 par new generation   total 109248K, used 500K [0x00000000e0000000, 0x00000000e8000000, 0x00000000e8000000)
  eden space 87424K,   0% used [0x00000000e0000000, 0x00000000e007bbc0, 0x00000000e5560000)
  from space 21824K,   0% used [0x00000000e6ab0000, 0x00000000e6ab1830, 0x00000000e8000000)
  to   space 21824K,   0% used [0x00000000e5560000, 0x00000000e5560000, 0x00000000e6ab0000)
 concurrent mark-sweep generation total 393216K, used 239212K [0x00000000e8000000, 0x0000000100000000, 0x0000000100000000)
 Metaspace       used 32457K, capacity 32872K, committed 33476K, reserved 1079296K
  class space    used 3565K, capacity 3704K, committed 3836K, reserved 1048576K
2017-07-31T16:07:14.702+0200: 15785,107: [GC (CMS Final Remark) 2017-07-31T16:07:14.702+0200: 15785,107: [ParNew
Desired survivor size 20112992 bytes, new threshold 8 (max 8)
- age   1:        184 bytes,        184 total
- age   2:        160 bytes,        344 total
- age   8:         32 bytes,        376 total
: 500K->8K(109248K), 0,0031659 secs] 239713K->239220K(502464K), 0,0032252 secs] [Times: user=0,01 sys=0,00, real=0,00 secs] 
Heap after GC invocations=250 (full 146):
 par new generation   total 109248K, used 8K [0x00000000e0000000, 0x00000000e8000000, 0x00000000e8000000)
  eden space 87424K,   0% used [0x00000000e0000000, 0x00000000e0000000, 0x00000000e5560000)
  from space 21824K,   0% used [0x00000000e5560000, 0x00000000e5562040, 0x00000000e6ab0000)
  to   space 21824K,   0% used [0x00000000e6ab0000, 0x00000000e6ab0000, 0x00000000e8000000)
 concurrent mark-sweep generation total 393216K, used 239212K [0x00000000e8000000, 0x0000000100000000, 0x0000000100000000)
 Metaspace       used 32457K, capacity 32872K, committed 33476K, reserved 1079296K
  class space    used 3565K, capacity 3704K, committed 3836K, reserved 1048576K
}
2017-07-31T16:07:14.705+0200: 15785,110: [Rescan (parallel) , 0,0006519 secs]2017-07-31T16:07:14.706+0200: 15785,111: [weak refs processing, 0,0004445 secs]2017-07-31T16:07:14.707+0200: 15785,111: [class unloading, 0,0071012 secs]2017-07-31T16:07:14.714+0200: 15785,118: [scrub symbol table, 0,0035052 secs]2017-07-31T16:07:14.717+0200: 15785,122: [scrub string table, 0,0006108 secs][1 CMS-remark: 239212K(393216K)] 239220K(502464K), 0,0158085 secs] [Times: user=0,03 sys=0,00, real=0,01 secs] 
2017-07-31T16:07:14.718+0200: 15785,122: Total time for which application threads were stopped: 0,0159342 seconds, Stopping threads took: 0,0000206 seconds
2017-07-31T16:07:14.718+0200: 15785,123: [CMS-concurrent-sweep-start]
2017-07-31T16:07:14.746+0200: 15785,151: [CMS-concurrent-sweep: 0,028/0,028 secs] [Times: user=0,02 sys=0,00, real=0,03 secs] 
2017-07-31T16:07:14.746+0200: 15785,151: [CMS-concurrent-reset-start]
2017-07-31T16:07:14.747+0200: 15785,151: [CMS-concurrent-reset: 0,001/0,001 secs] [Times: user=0,00 sys=0,00, real=0,00 secs] 
2017-07-31T16:07:16.746+0200: 15787,151: [GC (CMS Initial Mark) [1 CMS-initial-mark: 239212K(393216K)] 241525K(502464K), 0,0008975 secs] [Times: user=0,01 sys=0,00, real=0,00 secs] 
2017-07-31T16:07:16.747+0200: 15787,152: Total time for which application threads were stopped: 0,0010565 seconds, Stopping threads took: 0,0000323 seconds
2017-07-31T16:07:16.747+0200: 15787,152: [CMS-concurrent-mark-start]
2017-07-31T16:07:16.773+0200: 15787,177: [CMS-concurrent-mark: 0,025/0,025 secs] [Times: user=0,10 sys=0,00, real=0,03 secs] 
2017-07-31T16:07:16.773+0200: 15787,177: [CMS-concurrent-preclean-start]
2017-07-31T16:07:16.774+0200: 15787,179: [CMS-concurrent-preclean: 0,002/0,002 secs] [Times: user=0,00 sys=0,00, real=0,00 secs] 
2017-07-31T16:07:16.774+0200: 15787,179: [CMS-concurrent-abortable-preclean-start]
 CMS: abort preclean due to time 2017-07-31T16:07:22.844+0200: 15793,248: [CMS-concurrent-abortable-preclean: 0,065/6,069 secs] [Times: user=0,07 sys=0,00, real=6,07 secs] 
2017-07-31T16:07:22.844+0200: 15793,248: [GC (CMS Final Remark) [YG occupancy: 2829 K (109248 K)]{Heap before GC invocations=250 (full 147):
 par new generation   total 109248K, used 2829K [0x00000000e0000000, 0x00000000e8000000, 0x00000000e8000000)
  eden space 87424K,   3% used [0x00000000e0000000, 0x00000000e02c1650, 0x00000000e5560000)
  from space 21824K,   0% used [0x00000000e5560000, 0x00000000e5562040, 0x00000000e6ab0000)
  to   space 21824K,   0% used [0x00000000e6ab0000, 0x00000000e6ab0000, 0x00000000e8000000)
 concurrent mark-sweep generation total 393216K, used 239212K [0x00000000e8000000, 0x0000000100000000, 0x0000000100000000)
 Metaspace       used 32457K, capacity 32872K, committed 33476K, reserved 1079296K
  class space    used 3565K, capacity 3704K, committed 3836K, reserved 1048576K
2017-07-31T16:07:22.844+0200: 15793,248: [GC (CMS Final Remark) 2017-07-31T16:07:22.844+0200: 15793,248: [ParNew
Desired survivor size 20112992 bytes, new threshold 8 (max 8)
- age   1:        256 bytes,        256 total
- age   2:        152 bytes,        408 total
: 2829K->8K(109248K), 0,0023262 secs] 242042K->239220K(502464K), 0,0023695 secs] [Times: user=0,00 sys=0,00, real=0,00 secs] 
Heap after GC invocations=251 (full 147):
 par new generation   total 109248K, used 8K [0x00000000e0000000, 0x00000000e8000000, 0x00000000e8000000)
  eden space 87424K,   0% used [0x00000000e0000000, 0x00000000e0000000, 0x00000000e5560000)
  from space 21824K,   0% used [0x00000000e6ab0000, 0x00000000e6ab2040, 0x00000000e8000000)
  to   space 21824K,   0% used [0x00000000e5560000, 0x00000000e5560000, 0x00000000e6ab0000)
 concurrent mark-sweep generation total 393216K, used 239212K [0x00000000e8000000, 0x0000000100000000, 0x0000000100000000)
 Metaspace       used 32457K, capacity 32872K, committed 33476K, reserved 1079296K
  class space    used 3565K, capacity 3704K, committed 3836K, reserved 1048576K
}
2017-07-31T16:07:22.846+0200: 15793,251: [Rescan (parallel) , 0,0006334 secs]2017-07-31T16:07:22.847+0200: 15793,251: [weak refs processing, 0,0004273 secs]2017-07-31T16:07:22.847+0200: 15793,252: [class unloading, 0,0071480 secs]2017-07-31T16:07:22.855+0200: 15793,259: [scrub symbol table, 0,0037070 secs]2017-07-31T16:07:22.858+0200: 15793,263: [scrub string table, 0,0006929 secs][1 CMS-remark: 239212K(393216K)] 239220K(502464K), 0,0152533 secs] [Times: user=0,02 sys=0,00, real=0,01 secs] 
2017-07-31T16:07:22.859+0200: 15793,264: Total time for which application threads were stopped: 0,0154076 seconds, Stopping threads took: 0,0000441 seconds
2017-07-31T16:07:22.859+0200: 15793,264: [CMS-concurrent-sweep-start]
2017-07-31T16:07:22.884+0200: 15793,288: [CMS-concurrent-sweep: 0,025/0,025 secs] [Times: user=0,02 sys=0,00, real=0,03 secs] 
2017-07-31T16:07:22.884+0200: 15793,288: [CMS-concurrent-reset-start]
2017-07-31T16:07:22.884+0200: 15793,289: [CMS-concurrent-reset: 0,001/0,001 secs] [Times: user=0,00 sys=0,00, real=0,00 secs] 
2017-07-31T16:07:24.884+0200: 15795,288: [GC (CMS Initial Mark) [1 CMS-initial-mark: 239212K(393216K)] 239663K(502464K), 0,0007547 secs] [Times: user=0,01 sys=0,00, real=0,00 secs] 
2017-07-31T16:07:24.884+0200: 15795,289: Total time for which application threads were stopped: 0,0008972 seconds, Stopping threads took: 0,0000181 seconds
2017-07-31T16:07:24.885+0200: 15795,289: [CMS-concurrent-mark-start]
2017-07-31T16:07:24.913+0200: 15795,317: [CMS-concurrent-mark: 0,028/0,028 secs] [Times: user=0,11 sys=0,00, real=0,03 secs] 
2017-07-31T16:07:24.913+0200: 15795,317: [CMS-concurrent-preclean-start]
2017-07-31T16:07:24.914+0200: 15795,318: [CMS-concurrent-preclean: 0,001/0,001 secs] [Times: user=0,00 sys=0,00, real=0,00 secs] 
2017-07-31T16:07:24.914+0200: 15795,318: [GC (CMS Final Remark) [YG occupancy: 450 K (109248 K)]{Heap before GC invocations=251 (full 148):
 par new generation   total 109248K, used 450K [0x00000000e0000000, 0x00000000e8000000, 0x00000000e8000000)
  eden space 87424K,   0% used [0x00000000e0000000, 0x00000000e006ebb0, 0x00000000e5560000)
  from space 21824K,   0% used [0x00000000e6ab0000, 0x00000000e6ab2040, 0x00000000e8000000)
  to   space 21824K,   0% used [0x00000000e5560000, 0x00000000e5560000, 0x00000000e6ab0000)
 concurrent mark-sweep generation total 393216K, used 239212K [0x00000000e8000000, 0x0000000100000000, 0x0000000100000000)
 Metaspace       used 32457K, capacity 32872K, committed 33476K, reserved 1079296K
  class space    used 3565K, capacity 3704K, committed 3836K, reserved 1048576K
2017-07-31T16:07:24.914+0200: 15795,318: [GC (CMS Final Remark) 2017-07-31T16:07:24.914+0200: 15795,318: [ParNew
Desired survivor size 20112992 bytes, new threshold 8 (max 8)
- age   1:         32 bytes,         32 total
- age   2:        224 bytes,        256 total
- age   3:        152 bytes,        408 total
: 450K->8K(109248K), 0,0014021 secs] 239663K->239220K(502464K), 0,0014402 secs] [Times: user=0,00 sys=0,00, real=0,00 secs] 
Heap after GC invocations=252 (full 148):
 par new generation   total 109248K, used 8K [0x00000000e0000000, 0x00000000e8000000, 0x00000000e8000000)
  eden space 87424K,   0% used [0x00000000e0000000, 0x00000000e0000000, 0x00000000e5560000)
  from space 21824K,   0% used [0x00000000e5560000, 0x00000000e5562040, 0x00000000e6ab0000)
  to   space 21824K,   0% used [0x00000000e6ab0000, 0x00000000e6ab0000, 0x00000000e8000000)
 concurrent mark-sweep generation total 393216K, used 239212K [0x00000000e8000000, 0x0000000100000000, 0x0000000100000000)
 Metaspace       used 32457K, capacity 32872K, committed 33476K, reserved 1079296K
  class space    used 3565K, capacity 3704K, committed 3836K, reserved 1048576K
}
2017-07-31T16:07:24.915+0200: 15795,320: [Rescan (parallel) , 0,0004241 secs]2017-07-31T16:07:24.916+0200: 15795,320: [weak refs processing, 0,0004669 secs]2017-07-31T16:07:24.916+0200: 15795,321: [class unloading, 0,0055377 secs]2017-07-31T16:07:24.922+0200: 15795,326: [scrub symbol table, 0,0027776 secs]2017-07-31T16:07:24.924+0200: 15795,329: [scrub string table, 0,0004879 secs][1 CMS-remark: 239212K(393216K)] 239220K(502464K), 0,0113338 secs] [Times: user=0,01 sys=0,01, real=0,01 secs] 
2017-07-31T16:07:24.925+0200: 15795,330: Total time for which application threads were stopped: 0,0114382 seconds, Stopping threads took: 0,0000211 seconds
2017-07-31T16:07:24.925+0200: 15795,330: [CMS-concurrent-sweep-start]
2017-07-31T16:07:24.947+0200: 15795,352: [CMS-concurrent-sweep: 0,022/0,022 secs] [Times: user=0,03 sys=0,00, real=0,02 secs] 
2017-07-31T16:07:24.947+0200: 15795,352: [CMS-concurrent-reset-start]
2017-07-31T16:07:24.948+0200: 15795,352: [CMS-concurrent-reset: 0,000/0,000 secs] [Times: user=0,00 sys=0,00, real=0,00 secs] 
2017-07-31T16:07:26.947+0200: 15797,351: [GC (CMS Initial Mark) [1 CMS-initial-mark: 239212K(393216K)] 241525K(502464K), 0,0007961 secs] [Times: user=0,00 sys=0,00, real=0,00 secs] 
2017-07-31T16:07:26.948+0200: 15797,352: Total time for which application threads were stopped: 0,0009314 seconds, Stopping threads took: 0,0000233 seconds
2017-07-31T16:07:26.948+0200: 15797,352: [CMS-concurrent-mark-start]
2017-07-31T16:07:26.969+0200: 15797,374: [CMS-concurrent-mark: 0,022/0,022 secs] [Times: user=0,08 sys=0,00, real=0,02 secs] 
2017-07-31T16:07:26.969+0200: 15797,374: [CMS-concurrent-preclean-start]
2017-07-31T16:07:26.970+0200: 15797,375: [CMS-concurrent-preclean: 0,001/0,001 secs] [Times: user=0,00 sys=0,00, real=0,00 secs] 
2017-07-31T16:07:26.970+0200: 15797,375: [CMS-concurrent-abortable-preclean-start]
 CMS: abort preclean due to time 2017-07-31T16:07:33.054+0200: 15803,458: [CMS-concurrent-abortable-preclean: 0,078/6,083 secs] [Times: user=0,08 sys=0,00, real=6,09 secs] 
2017-07-31T16:07:33.054+0200: 15803,459: [GC (CMS Final Remark) [YG occupancy: 2755 K (109248 K)]{Heap before GC invocations=252 (full 149):
 par new generation   total 109248K, used 2755K [0x00000000e0000000, 0x00000000e8000000, 0x00000000e8000000)
  eden space 87424K,   3% used [0x00000000e0000000, 0x00000000e02aee70, 0x00000000e5560000)
  from space 21824K,   0% used [0x00000000e5560000, 0x00000000e5562040, 0x00000000e6ab0000)
  to   space 21824K,   0% used [0x00000000e6ab0000, 0x00000000e6ab0000, 0x00000000e8000000)
 concurrent mark-sweep generation total 393216K, used 239212K [0x00000000e8000000, 0x0000000100000000, 0x0000000100000000)
 Metaspace       used 32457K, capacity 32872K, committed 33476K, reserved 1079296K
  class space    used 3565K, capacity 3704K, committed 3836K, reserved 1048576K
2017-07-31T16:07:33.054+0200: 15803,459: [GC (CMS Final Remark) 2017-07-31T16:07:33.054+0200: 15803,459: [ParNew
Desired survivor size 20112992 bytes, new threshold 8 (max 8)
- age   1:        192 bytes,        192 total
- age   3:         64 bytes,        256 total
- age   4:        152 bytes,        408 total
: 2755K->8K(109248K), 0,0053153 secs] 241968K->239220K(502464K), 0,0053750 secs] [Times: user=0,01 sys=0,01, real=0,00 secs] 
Heap after GC invocations=253 (full 149):
 par new generation   total 109248K, used 8K [0x00000000e0000000, 0x00000000e8000000, 0x00000000e8000000)
  eden space 87424K,   0% used [0x00000000e0000000, 0x00000000e0000000, 0x00000000e5560000)
  from space 21824K,   0% used [0x00000000e6ab0000, 0x00000000e6ab2040, 0x00000000e8000000)
  to   space 21824K,   0% used [0x00000000e5560000, 0x00000000e5560000, 0x00000000e6ab0000)
 concurrent mark-sweep generation total 393216K, used 239212K [0x00000000e8000000, 0x0000000100000000, 0x0000000100000000)
 Metaspace       used 32457K, capacity 32872K, committed 33476K, reserved 1079296K
  class space    used 3565K, capacity 3704K, committed 3836K, reserved 1048576K
}
2017-07-31T16:07:33.060+0200: 15803,464: [Rescan (parallel) , 0,0007343 secs]2017-07-31T16:07:33.060+0200: 15803,465: [weak refs processing, 0,0009577 secs]2017-07-31T16:07:33.061+0200: 15803,466: [class unloading, 0,0080178 secs]2017-07-31T16:07:33.069+0200: 15803,474: [scrub symbol table, 0,0039022 secs]2017-07-31T16:07:33.073+0200: 15803,478: [scrub string table, 0,0007054 secs][1 CMS-remark: 239212K(393216K)] 239220K(502464K), 0,0199984 secs] [Times: user=0,03 sys=0,01, real=0,02 secs] 
2017-07-31T16:07:33.074+0200: 15803,479: Total time for which application threads were stopped: 0,0201569 seconds, Stopping threads took: 0,0000310 seconds
2017-07-31T16:07:33.074+0200: 15803,479: [CMS-concurrent-sweep-start]
2017-07-31T16:07:33.105+0200: 15803,510: [CMS-concurrent-sweep: 0,031/0,031 secs] [Times: user=0,03 sys=0,00, real=0,03 secs] 
2017-07-31T16:07:33.105+0200: 15803,510: [CMS-concurrent-reset-start]
2017-07-31T16:07:33.106+0200: 15803,511: [CMS-concurrent-reset: 0,001/0,001 secs] [Times: user=0,00 sys=0,00, real=0,00 secs] 
2017-07-31T16:07:35.105+0200: 15805,510: [GC (CMS Initial Mark) [1 CMS-initial-mark: 239212K(393216K)] 239663K(502464K), 0,0006341 secs] [Times: user=0,00 sys=0,00, real=0,00 secs] 
2017-07-31T16:07:35.106+0200: 15805,510: Total time for which application threads were stopped: 0,0007264 seconds, Stopping threads took: 0,0000164 seconds
2017-07-31T16:07:35.106+0200: 15805,510: [CMS-concurrent-mark-start]
2017-07-31T16:07:35.125+0200: 15805,530: [CMS-concurrent-mark: 0,019/0,019 secs] [Times: user=0,08 sys=0,00, real=0,02 secs] 
2017-07-31T16:07:35.125+0200: 15805,530: [CMS-concurrent-preclean-start]
2017-07-31T16:07:35.126+0200: 15805,530: [CMS-concurrent-preclean: 0,001/0,001 secs] [Times: user=0,00 sys=0,00, real=0,00 secs] 
2017-07-31T16:07:35.126+0200: 15805,531: [GC (CMS Final Remark) [YG occupancy: 450 K (109248 K)]{Heap before GC invocations=253 (full 150):
 par new generation   total 109248K, used 450K [0x00000000e0000000, 0x00000000e8000000, 0x00000000e8000000)
  eden space 87424K,   0% used [0x00000000e0000000, 0x00000000e006ebb0, 0x00000000e5560000)
  from space 21824K,   0% used [0x00000000e6ab0000, 0x00000000e6ab2040, 0x00000000e8000000)
  to   space 21824K,   0% used [0x00000000e5560000, 0x00000000e5560000, 0x00000000e6ab0000)
 concurrent mark-sweep generation total 393216K, used 239212K [0x00000000e8000000, 0x0000000100000000, 0x0000000100000000)
 Metaspace       used 32457K, capacity 32872K, committed 33476K, reserved 1079296K
  class space    used 3565K, capacity 3704K, committed 3836K, reserved 1048576K
2017-07-31T16:07:35.126+0200: 15805,531: [GC (CMS Final Remark) 2017-07-31T16:07:35.126+0200: 15805,531: [ParNew
Desired survivor size 20112992 bytes, new threshold 8 (max 8)
- age   1:         32 bytes,         32 total
- age   2:        160 bytes,        192 total
- age   4:         64 bytes,        256 total
- age   5:        152 bytes,        408 total
: 450K->8K(109248K), 0,0013735 secs] 239663K->239220K(502464K), 0,0014054 secs] [Times: user=0,00 sys=0,00, real=0,00 secs] 
Heap after GC invocations=254 (full 150):
 par new generation   total 109248K, used 8K [0x00000000e0000000, 0x00000000e8000000, 0x00000000e8000000)
  eden space 87424K,   0% used [0x00000000e0000000, 0x00000000e0000000, 0x00000000e5560000)
  from space 21824K,   0% used [0x00000000e5560000, 0x00000000e5562040, 0x00000000e6ab0000)
  to   space 21824K,   0% used [0x00000000e6ab0000, 0x00000000e6ab0000, 0x00000000e8000000)
 concurrent mark-sweep generation total 393216K, used 239212K [0x00000000e8000000, 0x0000000100000000, 0x0000000100000000)
 Metaspace       used 32457K, capacity 32872K, committed 33476K, reserved 1079296K
  class space    used 3565K, capacity 3704K, committed 3836K, reserved 1048576K
}
2017-07-31T16:07:35.128+0200: 15805,532: [Rescan (parallel) , 0,0003690 secs]2017-07-31T16:07:35.128+0200: 15805,532: [weak refs processing, 0,0002543 secs]2017-07-31T16:07:35.128+0200: 15805,533: [class unloading, 0,0050087 secs]2017-07-31T16:07:35.133+0200: 15805,538: [scrub symbol table, 0,0033933 secs]2017-07-31T16:07:35.137+0200: 15805,541: [scrub string table, 0,0006518 secs][1 CMS-remark: 239212K(393216K)] 239220K(502464K), 0,0112868 secs] [Times: user=0,02 sys=0,00, real=0,01 secs] 
2017-07-31T16:07:35.138+0200: 15805,542: Total time for which application threads were stopped: 0,0113990 seconds, Stopping threads took: 0,0000161 seconds
2017-07-31T16:07:35.138+0200: 15805,542: [CMS-concurrent-sweep-start]
2017-07-31T16:07:35.159+0200: 15805,563: [CMS-concurrent-sweep: 0,021/0,021 secs] [Times: user=0,02 sys=0,00, real=0,02 secs] 
2017-07-31T16:07:35.159+0200: 15805,563: [CMS-concurrent-reset-start]
2017-07-31T16:07:35.159+0200: 15805,564: [CMS-concurrent-reset: 0,001/0,001 secs] [Times: user=0,00 sys=0,00, real=0,00 secs] 
2017-07-31T16:07:37.159+0200: 15807,563: [GC (CMS Initial Mark) [1 CMS-initial-mark: 239212K(393216K)] 241525K(502464K), 0,0005380 secs] [Times: user=0,00 sys=0,00, real=0,00 secs] 
2017-07-31T16:07:37.159+0200: 15807,564: Total time for which application threads were stopped: 0,0006665 seconds, Stopping threads took: 0,0000205 seconds
2017-07-31T16:07:37.159+0200: 15807,564: [CMS-concurrent-mark-start]
2017-07-31T16:07:37.179+0200: 15807,583: [CMS-concurrent-mark: 0,019/0,019 secs] [Times: user=0,08 sys=0,00, real=0,02 secs] 
2017-07-31T16:07:37.179+0200: 15807,583: [CMS-concurrent-preclean-start]
2017-07-31T16:07:37.180+0200: 15807,585: [CMS-concurrent-preclean: 0,001/0,001 secs] [Times: user=0,00 sys=0,00, real=0,01 secs] 
2017-07-31T16:07:37.180+0200: 15807,585: [CMS-concurrent-abortable-preclean-start]
 CMS: abort preclean due to time 2017-07-31T16:07:43.255+0200: 15813,659: [CMS-concurrent-abortable-preclean: 0,070/6,074 secs] [Times: user=0,07 sys=0,00, real=6,07 secs] 
2017-07-31T16:07:43.255+0200: 15813,659: [GC (CMS Final Remark) [YG occupancy: 2755 K (109248 K)]{Heap before GC invocations=254 (full 151):
 par new generation   total 109248K, used 2755K [0x00000000e0000000, 0x00000000e8000000, 0x00000000e8000000)
  eden space 87424K,   3% used [0x00000000e0000000, 0x00000000e02aee70, 0x00000000e5560000)
  from space 21824K,   0% used [0x00000000e5560000, 0x00000000e5562040, 0x00000000e6ab0000)
  to   space 21824K,   0% used [0x00000000e6ab0000, 0x00000000e6ab0000, 0x00000000e8000000)
 concurrent mark-sweep generation total 393216K, used 239212K [0x00000000e8000000, 0x0000000100000000, 0x0000000100000000)
 Metaspace       used 32457K, capacity 32872K, committed 33476K, reserved 1079296K
  class space    used 3565K, capacity 3704K, committed 3836K, reserved 1048576K
2017-07-31T16:07:43.255+0200: 15813,659: [GC (CMS Final Remark) 2017-07-31T16:07:43.255+0200: 15813,659: [ParNew
Desired survivor size 20112992 bytes, new threshold 8 (max 8)
- age   1:        192 bytes,        192 total
- age   5:         64 bytes,        256 total
- age   6:        152 bytes,        408 total
: 2755K->6K(109248K), 0,0024944 secs] 241968K->239218K(502464K), 0,0025327 secs] [Times: user=0,01 sys=0,00, real=0,00 secs] 
Heap after GC invocations=255 (full 151):
 par new generation   total 109248K, used 6K [0x00000000e0000000, 0x00000000e8000000, 0x00000000e8000000)
  eden space 87424K,   0% used [0x00000000e0000000, 0x00000000e0000000, 0x00000000e5560000)
  from space 21824K,   0% used [0x00000000e6ab0000, 0x00000000e6ab1830, 0x00000000e8000000)
  to   space 21824K,   0% used [0x00000000e5560000, 0x00000000e5560000, 0x00000000e6ab0000)
 concurrent mark-sweep generation total 393216K, used 239212K [0x00000000e8000000, 0x0000000100000000, 0x0000000100000000)
 Metaspace       used 32457K, capacity 32872K, committed 33476K, reserved 1079296K
  class space    used 3565K, capacity 3704K, committed 3836K, reserved 1048576K
}
2017-07-31T16:07:43.257+0200: 15813,662: [Rescan (parallel) , 0,0003760 secs]2017-07-31T16:07:43.258+0200: 15813,662: [weak refs processing, 0,0002808 secs]2017-07-31T16:07:43.258+0200: 15813,663: [class unloading, 0,0050504 secs]2017-07-31T16:07:43.263+0200: 15813,668: [scrub symbol table, 0,0025910 secs]2017-07-31T16:07:43.266+0200: 15813,670: [scrub string table, 0,0004473 secs][1 CMS-remark: 239212K(393216K)] 239218K(502464K), 0,0114754 secs] [Times: user=0,01 sys=0,00, real=0,01 secs] 
2017-07-31T16:07:43.266+0200: 15813,671: Total time for which application threads were stopped: 0,0115986 seconds, Stopping threads took: 0,0000290 seconds
2017-07-31T16:07:43.266+0200: 15813,671: [CMS-concurrent-sweep-start]
2017-07-31T16:07:43.286+0200: 15813,691: [CMS-concurrent-sweep: 0,020/0,020 secs] [Times: user=0,02 sys=0,00, real=0,02 secs] 
2017-07-31T16:07:43.286+0200: 15813,691: [CMS-concurrent-reset-start]
2017-07-31T16:07:43.287+0200: 15813,691: [CMS-concurrent-reset: 0,000/0,000 secs] [Times: user=0,01 sys=0,00, real=0,00 secs] 
2017-07-31T16:07:45.286+0200: 15815,691: [GC (CMS Initial Mark) [1 CMS-initial-mark: 239212K(393216K)] 241004K(502464K), 0,0009162 secs] [Times: user=0,00 sys=0,00, real=0,00 secs] 
2017-07-31T16:07:45.287+0200: 15815,692: Total time for which application threads were stopped: 0,0010677 seconds, Stopping threads took: 0,0000226 seconds
2017-07-31T16:07:45.287+0200: 15815,692: [CMS-concurrent-mark-start]
2017-07-31T16:07:45.320+0200: 15815,724: [CMS-concurrent-mark: 0,032/0,032 secs] [Times: user=0,13 sys=0,00, real=0,03 secs] 
2017-07-31T16:07:45.320+0200: 15815,724: [CMS-concurrent-preclean-start]
2017-07-31T16:07:45.321+0200: 15815,725: [CMS-concurrent-preclean: 0,001/0,001 secs] [Times: user=0,00 sys=0,00, real=0,01 secs] 
2017-07-31T16:07:45.321+0200: 15815,726: [GC (CMS Final Remark) [YG occupancy: 1791 K (109248 K)]{Heap before GC invocations=255 (full 152):
 par new generation   total 109248K, used 1791K [0x00000000e0000000, 0x00000000e8000000, 0x00000000e8000000)
  eden space 87424K,   2% used [0x00000000e0000000, 0x00000000e01be758, 0x00000000e5560000)
  from space 21824K,   0% used [0x00000000e6ab0000, 0x00000000e6ab1830, 0x00000000e8000000)
  to   space 21824K,   0% used [0x00000000e5560000, 0x00000000e5560000, 0x00000000e6ab0000)
 concurrent mark-sweep generation total 393216K, used 239212K [0x00000000e8000000, 0x0000000100000000, 0x0000000100000000)
 Metaspace       used 32457K, capacity 32872K, committed 33476K, reserved 1079296K
  class space    used 3565K, capacity 3704K, committed 3836K, reserved 1048576K
2017-07-31T16:07:45.321+0200: 15815,726: [GC (CMS Final Remark) 2017-07-31T16:07:45.321+0200: 15815,726: [ParNew
Desired survivor size 20112992 bytes, new threshold 8 (max 8)
- age   1:        216 bytes,        216 total
- age   2:        128 bytes,        344 total
- age   6:         64 bytes,        408 total
- age   7:         32 bytes,        440 total
: 1791K->6K(109248K), 0,0030474 secs] 241004K->239218K(502464K), 0,0030984 secs] [Times: user=0,01 sys=0,00, real=0,00 secs] 
Heap after GC invocations=256 (full 152):
 par new generation   total 109248K, used 6K [0x00000000e0000000, 0x00000000e8000000, 0x00000000e8000000)
  eden space 87424K,   0% used [0x00000000e0000000, 0x00000000e0000000, 0x00000000e5560000)
  from space 21824K,   0% used [0x00000000e5560000, 0x00000000e5561830, 0x00000000e6ab0000)
  to   space 21824K,   0% used [0x00000000e6ab0000, 0x00000000e6ab0000, 0x00000000e8000000)
 concurrent mark-sweep generation total 393216K, used 239212K [0x00000000e8000000, 0x0000000100000000, 0x0000000100000000)
 Metaspace       used 32457K, capacity 32872K, committed 33476K, reserved 1079296K
  class space    used 3565K, capacity 3704K, committed 3836K, reserved 1048576K
}
2017-07-31T16:07:45.324+0200: 15815,729: [Rescan (parallel) , 0,0004958 secs]2017-07-31T16:07:45.325+0200: 15815,729: [weak refs processing, 0,0004065 secs]2017-07-31T16:07:45.325+0200: 15815,730: [class unloading, 0,0065723 secs]2017-07-31T16:07:45.332+0200: 15815,736: [scrub symbol table, 0,0033936 secs]2017-07-31T16:07:45.335+0200: 15815,740: [scrub string table, 0,0005950 secs][1 CMS-remark: 239212K(393216K)] 239218K(502464K), 0,0148093 secs] [Times: user=0,02 sys=0,00, real=0,01 secs] 
2017-07-31T16:07:45.336+0200: 15815,740: Total time for which application threads were stopped: 0,0149446 seconds, Stopping threads took: 0,0000204 seconds
2017-07-31T16:07:45.336+0200: 15815,740: [CMS-concurrent-sweep-start]
2017-07-31T16:07:45.362+0200: 15815,767: [CMS-concurrent-sweep: 0,026/0,026 secs] [Times: user=0,02 sys=0,00, real=0,03 secs] 
2017-07-31T16:07:45.362+0200: 15815,767: [CMS-concurrent-reset-start]
2017-07-31T16:07:45.363+0200: 15815,768: [CMS-concurrent-reset: 0,001/0,001 secs] [Times: user=0,00 sys=0,00, real=0,00 secs] 
2017-07-31T16:07:47.362+0200: 15817,767: [GC (CMS Initial Mark) [1 CMS-initial-mark: 239212K(393216K)] 240232K(502464K), 0,0008498 secs] [Times: user=0,00 sys=0,00, real=0,00 secs] 
2017-07-31T16:07:47.363+0200: 15817,768: Total time for which application threads were stopped: 0,0010142 seconds, Stopping threads took: 0,0000237 seconds
2017-07-31T16:07:47.363+0200: 15817,768: [CMS-concurrent-mark-start]
2017-07-31T16:07:47.396+0200: 15817,801: [CMS-concurrent-mark: 0,033/0,033 secs] [Times: user=0,13 sys=0,00, real=0,03 secs] 
2017-07-31T16:07:47.396+0200: 15817,801: [CMS-concurrent-preclean-start]
2017-07-31T16:07:47.398+0200: 15817,802: [CMS-concurrent-preclean: 0,002/0,002 secs] [Times: user=0,00 sys=0,00, real=0,00 secs] 
2017-07-31T16:07:47.398+0200: 15817,803: [GC (CMS Final Remark) [YG occupancy: 1019 K (109248 K)]{Heap before GC invocations=256 (full 153):
 par new generation   total 109248K, used 1019K [0x00000000e0000000, 0x00000000e8000000, 0x00000000e8000000)
  eden space 87424K,   1% used [0x00000000e0000000, 0x00000000e00fd728, 0x00000000e5560000)
  from space 21824K,   0% used [0x00000000e5560000, 0x00000000e5561830, 0x00000000e6ab0000)
  to   space 21824K,   0% used [0x00000000e6ab0000, 0x00000000e6ab0000, 0x00000000e8000000)
 concurrent mark-sweep generation total 393216K, used 239212K [0x00000000e8000000, 0x0000000100000000, 0x0000000100000000)
 Metaspace       used 32457K, capacity 32872K, committed 33476K, reserved 1079296K
  class space    used 3565K, capacity 3704K, committed 3836K, reserved 1048576K
2017-07-31T16:07:47.398+0200: 15817,803: [GC (CMS Final Remark) 2017-07-31T16:07:47.398+0200: 15817,803: [ParNew
Desired survivor size 20112992 bytes, new threshold 8 (max 8)
- age   1:         96 bytes,         96 total
- age   2:        216 bytes,        312 total
- age   3:         32 bytes,        344 total
- age   7:         64 bytes,        408 total
- age   8:         32 bytes,        440 total
: 1019K->8K(109248K), 0,0039271 secs] 240232K->239220K(502464K), 0,0039794 secs] [Times: user=0,00 sys=0,00, real=0,01 secs] 
Heap after GC invocations=257 (full 153):
 par new generation   total 109248K, used 8K [0x00000000e0000000, 0x00000000e8000000, 0x00000000e8000000)
  eden space 87424K,   0% used [0x00000000e0000000, 0x00000000e0000000, 0x00000000e5560000)
  from space 21824K,   0% used [0x00000000e6ab0000, 0x00000000e6ab2040, 0x00000000e8000000)
  to   space 21824K,   0% used [0x00000000e5560000, 0x00000000e5560000, 0x00000000e6ab0000)
 concurrent mark-sweep generation total 393216K, used 239212K [0x00000000e8000000, 0x0000000100000000, 0x0000000100000000)
 Metaspace       used 32457K, capacity 32872K, committed 33476K, reserved 1079296K
  class space    used 3565K, capacity 3704K, committed 3836K, reserved 1048576K
}
2017-07-31T16:07:47.402+0200: 15817,807: [Rescan (parallel) , 0,0005135 secs]2017-07-31T16:07:47.403+0200: 15817,807: [weak refs processing, 0,0003658 secs]2017-07-31T16:07:47.403+0200: 15817,808: [class unloading, 0,0068009 secs]2017-07-31T16:07:47.410+0200: 15817,815: [scrub symbol table, 0,0032608 secs]2017-07-31T16:07:47.413+0200: 15817,818: [scrub string table, 0,0005945 secs][1 CMS-remark: 239212K(393216K)] 239220K(502464K), 0,0157533 secs] [Times: user=0,02 sys=0,00, real=0,02 secs] 
2017-07-31T16:07:47.414+0200: 15817,819: Total time for which application threads were stopped: 0,0158867 seconds, Stopping threads took: 0,0000316 seconds
2017-07-31T16:07:47.414+0200: 15817,819: [CMS-concurrent-sweep-start]
2017-07-31T16:07:47.440+0200: 15817,844: [CMS-concurrent-sweep: 0,025/0,025 secs] [Times: user=0,02 sys=0,00, real=0,02 secs] 
2017-07-31T16:07:47.440+0200: 15817,844: [CMS-concurrent-reset-start]
2017-07-31T16:07:47.440+0200: 15817,845: [CMS-concurrent-reset: 0,001/0,001 secs] [Times: user=0,00 sys=0,00, real=0,01 secs] 
2017-07-31T16:07:49.439+0200: 15819,844: [GC (CMS Initial Mark) [1 CMS-initial-mark: 239212K(393216K)] 239220K(502464K), 0,0009969 secs] [Times: user=0,01 sys=0,00, real=0,01 secs] 
2017-07-31T16:07:49.440+0200: 15819,845: Total time for which application threads were stopped: 0,0011656 seconds, Stopping threads took: 0,0000550 seconds
2017-07-31T16:07:49.441+0200: 15819,845: [CMS-concurrent-mark-start]
2017-07-31T16:07:49.465+0200: 15819,869: [CMS-concurrent-mark: 0,024/0,024 secs] [Times: user=0,09 sys=0,00, real=0,02 secs] 
2017-07-31T16:07:49.465+0200: 15819,870: [CMS-concurrent-preclean-start]
2017-07-31T16:07:49.467+0200: 15819,871: [CMS-concurrent-preclean: 0,002/0,002 secs] [Times: user=0,00 sys=0,00, real=0,00 secs] 
2017-07-31T16:07:49.467+0200: 15819,871: [GC (CMS Final Remark) [YG occupancy: 8 K (109248 K)]{Heap before GC invocations=257 (full 154):
 par new generation   total 109248K, used 8K [0x00000000e0000000, 0x00000000e8000000, 0x00000000e8000000)
  eden space 87424K,   0% used [0x00000000e0000000, 0x00000000e0000000, 0x00000000e5560000)
  from space 21824K,   0% used [0x00000000e6ab0000, 0x00000000e6ab2040, 0x00000000e8000000)
  to   space 21824K,   0% used [0x00000000e5560000, 0x00000000e5560000, 0x00000000e6ab0000)
 concurrent mark-sweep generation total 393216K, used 239212K [0x00000000e8000000, 0x0000000100000000, 0x0000000100000000)
 Metaspace       used 32457K, capacity 32872K, committed 33476K, reserved 1079296K
  class space    used 3565K, capacity 3704K, committed 3836K, reserved 1048576K
2017-07-31T16:07:49.467+0200: 15819,871: [GC (CMS Final Remark) 2017-07-31T16:07:49.467+0200: 15819,871: [ParNew
Desired survivor size 20112992 bytes, new threshold 8 (max 8)
- age   2:         96 bytes,         96 total
- age   3:        216 bytes,        312 total
- age   4:         32 bytes,        344 total
- age   8:         64 bytes,        408 total
: 8K->8K(109248K), 0,0030948 secs] 239220K->239220K(502464K), 0,0031288 secs] [Times: user=0,00 sys=0,00, real=0,00 secs] 
Heap after GC invocations=258 (full 154):
 par new generation   total 109248K, used 8K [0x00000000e0000000, 0x00000000e8000000, 0x00000000e8000000)
  eden space 87424K,   0% used [0x00000000e0000000, 0x00000000e0000000, 0x00000000e5560000)
  from space 21824K,   0% used [0x00000000e5560000, 0x00000000e5562040, 0x00000000e6ab0000)
  to   space 21824K,   0% used [0x00000000e6ab0000, 0x00000000e6ab0000, 0x00000000e8000000)
 concurrent mark-sweep generation total 393216K, used 239212K [0x00000000e8000000, 0x0000000100000000, 0x0000000100000000)
 Metaspace       used 32457K, capacity 32872K, committed 33476K, reserved 1079296K
  class space    used 3565K, capacity 3704K, committed 3836K, reserved 1048576K
}
2017-07-31T16:07:49.470+0200: 15819,874: [Rescan (parallel) , 0,0004722 secs]2017-07-31T16:07:49.470+0200: 15819,875: [weak refs processing, 0,0003911 secs]2017-07-31T16:07:49.471+0200: 15819,875: [class unloading, 0,0066915 secs]2017-07-31T16:07:49.478+0200: 15819,882: [scrub symbol table, 0,0032422 secs]2017-07-31T16:07:49.481+0200: 15819,885: [scrub string table, 0,0005797 secs][1 CMS-remark: 239212K(393216K)] 239220K(502464K), 0,0147390 secs] [Times: user=0,02 sys=0,00, real=0,02 secs] 
2017-07-31T16:07:49.482+0200: 15819,886: Total time for which application threads were stopped: 0,0148853 seconds, Stopping threads took: 0,0000220 seconds
2017-07-31T16:07:49.482+0200: 15819,886: [CMS-concurrent-sweep-start]
2017-07-31T16:07:49.507+0200: 15819,911: [CMS-concurrent-sweep: 0,025/0,025 secs] [Times: user=0,02 sys=0,00, real=0,02 secs] 
2017-07-31T16:07:49.507+0200: 15819,911: [CMS-concurrent-reset-start]
2017-07-31T16:07:49.508+0200: 15819,912: [CMS-concurrent-reset: 0,001/0,001 secs] [Times: user=0,00 sys=0,00, real=0,00 secs] 
2017-07-31T16:07:51.507+0200: 15821,911: [GC (CMS Initial Mark) [1 CMS-initial-mark: 239212K(393216K)] 241968K(502464K), 0,0009584 secs] [Times: user=0,01 sys=0,00, real=0,00 secs] 
2017-07-31T16:07:51.508+0200: 15821,912: Total time for which application threads were stopped: 0,0011234 seconds, Stopping threads took: 0,0000321 seconds
2017-07-31T16:07:51.508+0200: 15821,912: [CMS-concurrent-mark-start]
2017-07-31T16:07:51.532+0200: 15821,937: [CMS-concurrent-mark: 0,024/0,024 secs] [Times: user=0,09 sys=0,00, real=0,03 secs] 
2017-07-31T16:07:51.532+0200: 15821,937: [CMS-concurrent-preclean-start]
2017-07-31T16:07:51.533+0200: 15821,938: [CMS-concurrent-preclean: 0,001/0,001 secs] [Times: user=0,00 sys=0,00, real=0,00 secs] 
2017-07-31T16:07:51.533+0200: 15821,938: [CMS-concurrent-abortable-preclean-start]
2017-07-31T16:07:55.070+0200: 15825,474: Total time for which application threads were stopped: 0,0002132 seconds, Stopping threads took: 0,0000624 seconds
2017-07-31T16:07:55.071+0200: 15825,475: Total time for which application threads were stopped: 0,0001462 seconds, Stopping threads took: 0,0000432 seconds
2017-07-31T16:07:55.073+0200: 15825,478: Total time for which application threads were stopped: 0,0001443 seconds, Stopping threads took: 0,0000242 seconds
2017-07-31T16:07:55.094+0200: 15825,499: Total time for which application threads were stopped: 0,0001037 seconds, Stopping threads took: 0,0000237 seconds
2017-07-31T16:07:55.095+0200: 15825,499: Total time for which application threads were stopped: 0,0001177 seconds, Stopping threads took: 0,0000432 seconds
2017-07-31T16:07:55.097+0200: 15825,502: Total time for which application threads were stopped: 0,0001421 seconds, Stopping threads took: 0,0000432 seconds
2017-07-31T16:07:55.098+0200: 15825,502: Total time for which application threads were stopped: 0,0000958 seconds, Stopping threads took: 0,0000471 seconds
2017-07-31T16:07:55.098+0200: 15825,503: Total time for which application threads were stopped: 0,0000977 seconds, Stopping threads took: 0,0000399 seconds
2017-07-31T16:07:55.098+0200: 15825,503: Total time for which application threads were stopped: 0,0000721 seconds, Stopping threads took: 0,0000228 seconds
2017-07-31T16:07:55.099+0200: 15825,503: Total time for which application threads were stopped: 0,0001831 seconds, Stopping threads took: 0,0000315 seconds
2017-07-31T16:07:55.103+0200: 15825,507: Total time for which application threads were stopped: 0,0001668 seconds, Stopping threads took: 0,0000468 seconds
2017-07-31T16:07:55.105+0200: 15825,510: Total time for which application threads were stopped: 0,0001540 seconds, Stopping threads took: 0,0000263 seconds
2017-07-31T16:07:55.105+0200: 15825,510: Total time for which application threads were stopped: 0,0001148 seconds, Stopping threads took: 0,0000434 seconds
2017-07-31T16:07:56.105+0200: 15826,510: Total time for which application threads were stopped: 0,0001209 seconds, Stopping threads took: 0,0000317 seconds
 CMS: abort preclean due to time 2017-07-31T16:07:57.627+0200: 15828,032: [CMS-concurrent-abortable-preclean: 0,084/6,094 secs] [Times: user=0,15 sys=0,01, real=6,09 secs] 
2017-07-31T16:07:57.627+0200: 15828,032: [GC (CMS Final Remark) [YG occupancy: 3717 K (109248 K)]{Heap before GC invocations=258 (full 155):
 par new generation   total 109248K, used 3717K [0x00000000e0000000, 0x00000000e8000000, 0x00000000e8000000)
  eden space 87424K,   4% used [0x00000000e0000000, 0x00000000e039f700, 0x00000000e5560000)
  from space 21824K,   0% used [0x00000000e5560000, 0x00000000e5562040, 0x00000000e6ab0000)
  to   space 21824K,   0% used [0x00000000e6ab0000, 0x00000000e6ab0000, 0x00000000e8000000)
 concurrent mark-sweep generation total 393216K, used 239212K [0x00000000e8000000, 0x0000000100000000, 0x0000000100000000)
 Metaspace       used 32495K, capacity 32872K, committed 33476K, reserved 1079296K
  class space    used 3565K, capacity 3704K, committed 3836K, reserved 1048576K
2017-07-31T16:07:57.627+0200: 15828,032: [GC (CMS Final Remark) 2017-07-31T16:07:57.627+0200: 15828,032: [ParNew
Desired survivor size 20112992 bytes, new threshold 8 (max 8)
- age   1:      53240 bytes,      53240 total
- age   4:        152 bytes,      53392 total
: 3717K->57K(109248K), 0,0028094 secs] 242930K->239269K(502464K), 0,0028665 secs] [Times: user=0,01 sys=0,00, real=0,00 secs] 
Heap after GC invocations=259 (full 155):
 par new generation   total 109248K, used 57K [0x00000000e0000000, 0x00000000e8000000, 0x00000000e8000000)
  eden space 87424K,   0% used [0x00000000e0000000, 0x00000000e0000000, 0x00000000e5560000)
  from space 21824K,   0% used [0x00000000e6ab0000, 0x00000000e6abe508, 0x00000000e8000000)
  to   space 21824K,   0% used [0x00000000e5560000, 0x00000000e5560000, 0x00000000e6ab0000)
 concurrent mark-sweep generation total 393216K, used 239212K [0x00000000e8000000, 0x0000000100000000, 0x0000000100000000)
 Metaspace       used 32495K, capacity 32872K, committed 33476K, reserved 1079296K
  class space    used 3565K, capacity 3704K, committed 3836K, reserved 1048576K
}
2017-07-31T16:07:57.630+0200: 15828,035: [Rescan (parallel) , 0,0007128 secs]2017-07-31T16:07:57.631+0200: 15828,035: [weak refs processing, 0,0005347 secs]2017-07-31T16:07:57.632+0200: 15828,036: [class unloading, 0,0077193 secs]2017-07-31T16:07:57.639+0200: 15828,044: [scrub symbol table, 0,0037571 secs]2017-07-31T16:07:57.643+0200: 15828,048: [scrub string table, 0,0007319 secs][1 CMS-remark: 239212K(393216K)] 239269K(502464K), 0,0166620 secs] [Times: user=0,03 sys=0,00, real=0,02 secs] 
2017-07-31T16:07:57.644+0200: 15828,048: Total time for which application threads were stopped: 0,0168142 seconds, Stopping threads took: 0,0000234 seconds
2017-07-31T16:07:57.644+0200: 15828,049: [CMS-concurrent-sweep-start]
2017-07-31T16:07:57.675+0200: 15828,079: [CMS-concurrent-sweep: 0,031/0,031 secs] [Times: user=0,03 sys=0,00, real=0,03 secs] 
2017-07-31T16:07:57.675+0200: 15828,079: [CMS-concurrent-reset-start]
2017-07-31T16:07:57.676+0200: 15828,080: [CMS-concurrent-reset: 0,001/0,001 secs] [Times: user=0,00 sys=0,00, real=0,00 secs] 
2017-07-31T16:07:59.310+0200: 15829,715: Total time for which application threads were stopped: 0,0001167 seconds, Stopping threads took: 0,0000227 seconds
2017-07-31T16:07:59.676+0200: 15830,080: [GC (CMS Initial Mark) [1 CMS-initial-mark: 239212K(393216K)] 239615K(502464K), 0,0008515 secs] [Times: user=0,00 sys=0,00, real=0,00 secs] 
2017-07-31T16:07:59.677+0200: 15830,081: Total time for which application threads were stopped: 0,0010350 seconds, Stopping threads took: 0,0000286 seconds
2017-07-31T16:07:59.677+0200: 15830,081: [CMS-concurrent-mark-start]
2017-07-31T16:07:59.702+0200: 15830,107: [CMS-concurrent-mark: 0,026/0,026 secs] [Times: user=0,10 sys=0,00, real=0,03 secs] 
2017-07-31T16:07:59.702+0200: 15830,107: [CMS-concurrent-preclean-start]
2017-07-31T16:07:59.704+0200: 15830,108: [CMS-concurrent-preclean: 0,001/0,001 secs] [Times: user=0,00 sys=0,00, real=0,00 secs] 
2017-07-31T16:07:59.704+0200: 15830,108: [GC (CMS Final Remark) [YG occupancy: 402 K (109248 K)]{Heap before GC invocations=259 (full 156):
 par new generation   total 109248K, used 402K [0x00000000e0000000, 0x00000000e8000000, 0x00000000e8000000)
  eden space 87424K,   0% used [0x00000000e0000000, 0x00000000e00565d8, 0x00000000e5560000)
  from space 21824K,   0% used [0x00000000e6ab0000, 0x00000000e6abe508, 0x00000000e8000000)
  to   space 21824K,   0% used [0x00000000e5560000, 0x00000000e5560000, 0x00000000e6ab0000)
 concurrent mark-sweep generation total 393216K, used 239212K [0x00000000e8000000, 0x0000000100000000, 0x0000000100000000)
 Metaspace       used 32498K, capacity 32936K, committed 33476K, reserved 1079296K
  class space    used 3565K, capacity 3704K, committed 3836K, reserved 1048576K
2017-07-31T16:07:59.704+0200: 15830,108: [GC (CMS Final Remark) 2017-07-31T16:07:59.704+0200: 15830,108: [ParNew
Desired survivor size 20112992 bytes, new threshold 8 (max 8)
- age   1:       1160 bytes,       1160 total
- age   2:      52072 bytes,      53232 total
- age   5:        152 bytes,      53384 total
: 402K->61K(109248K), 0,0015814 secs] 239615K->239274K(502464K), 0,0016467 secs] [Times: user=0,01 sys=0,01, real=0,00 secs] 
Heap after GC invocations=260 (full 156):
 par new generation   total 109248K, used 61K [0x00000000e0000000, 0x00000000e8000000, 0x00000000e8000000)
  eden space 87424K,   0% used [0x00000000e0000000, 0x00000000e0000000, 0x00000000e5560000)
  from space 21824K,   0% used [0x00000000e5560000, 0x00000000e556f7d0, 0x00000000e6ab0000)
  to   space 21824K,   0% used [0x00000000e6ab0000, 0x00000000e6ab0000, 0x00000000e8000000)
 concurrent mark-sweep generation total 393216K, used 239212K [0x00000000e8000000, 0x0000000100000000, 0x0000000100000000)
 Metaspace       used 32498K, capacity 32936K, committed 33476K, reserved 1079296K
  class space    used 3565K, capacity 3704K, committed 3836K, reserved 1048576K
}
2017-07-31T16:07:59.706+0200: 15830,110: [Rescan (parallel) , 0,0006365 secs]2017-07-31T16:07:59.706+0200: 15830,111: [weak refs processing, 0,0004779 secs]2017-07-31T16:07:59.707+0200: 15830,111: [class unloading, 0,0070649 secs]2017-07-31T16:07:59.714+0200: 15830,118: [scrub symbol table, 0,0034010 secs]2017-07-31T16:07:59.717+0200: 15830,122: [scrub string table, 0,0006029 secs][1 CMS-remark: 239212K(393216K)] 239274K(502464K), 0,0142287 secs] [Times: user=0,02 sys=0,01, real=0,01 secs] 
2017-07-31T16:07:59.718+0200: 15830,123: Total time for which application threads were stopped: 0,0143724 seconds, Stopping threads took: 0,0000271 seconds
2017-07-31T16:07:59.718+0200: 15830,123: [CMS-concurrent-sweep-start]
2017-07-31T16:07:59.745+0200: 15830,149: [CMS-concurrent-sweep: 0,027/0,027 secs] [Times: user=0,03 sys=0,00, real=0,03 secs] 
2017-07-31T16:07:59.745+0200: 15830,149: [CMS-concurrent-reset-start]
2017-07-31T16:07:59.745+0200: 15830,150: [CMS-concurrent-reset: 0,001/0,001 secs] [Times: user=0,00 sys=0,00, real=0,00 secs] 
2017-07-31T16:08:01.745+0200: 15832,149: [GC (CMS Initial Mark) [1 CMS-initial-mark: 239170K(393216K)] 241652K(502464K), 0,0007658 secs] [Times: user=0,00 sys=0,00, real=0,00 secs] 
2017-07-31T16:08:01.745+0200: 15832,150: Total time for which application threads were stopped: 0,0009009 seconds, Stopping threads took: 0,0000222 seconds
2017-07-31T16:08:01.746+0200: 15832,150: [CMS-concurrent-mark-start]
2017-07-31T16:08:01.770+0200: 15832,175: [CMS-concurrent-mark: 0,024/0,024 secs] [Times: user=0,10 sys=0,00, real=0,02 secs] 
2017-07-31T16:08:01.770+0200: 15832,175: [CMS-concurrent-preclean-start]
2017-07-31T16:08:01.771+0200: 15832,176: [CMS-concurrent-preclean: 0,001/0,001 secs] [Times: user=0,00 sys=0,00, real=0,00 secs] 
2017-07-31T16:08:01.771+0200: 15832,176: [CMS-concurrent-abortable-preclean-start]
 CMS: abort preclean due to time 2017-07-31T16:08:07.774+0200: 15838,178: [CMS-concurrent-abortable-preclean: 0,097/6,002 secs] [Times: user=0,10 sys=0,00, real=6,01 secs] 
2017-07-31T16:08:07.774+0200: 15838,179: [GC (CMS Final Remark) [YG occupancy: 2809 K (109248 K)]{Heap before GC invocations=260 (full 157):
 par new generation   total 109248K, used 2809K [0x00000000e0000000, 0x00000000e8000000, 0x00000000e8000000)
  eden space 87424K,   3% used [0x00000000e0000000, 0x00000000e02aee70, 0x00000000e5560000)
  from space 21824K,   0% used [0x00000000e5560000, 0x00000000e556f7d0, 0x00000000e6ab0000)
  to   space 21824K,   0% used [0x00000000e6ab0000, 0x00000000e6ab0000, 0x00000000e8000000)
 concurrent mark-sweep generation total 393216K, used 239170K [0x00000000e8000000, 0x0000000100000000, 0x0000000100000000)
 Metaspace       used 32498K, capacity 32936K, committed 33476K, reserved 1079296K
  class space    used 3565K, capacity 3704K, committed 3836K, reserved 1048576K
2017-07-31T16:08:07.774+0200: 15838,179: [GC (CMS Final Remark) 2017-07-31T16:08:07.774+0200: 15838,179: [ParNew
Desired survivor size 20112992 bytes, new threshold 8 (max 8)
- age   1:        192 bytes,        192 total
- age   2:        768 bytes,        960 total
- age   3:      51768 bytes,      52728 total
- age   6:        152 bytes,      52880 total
: 2809K->72K(109248K), 0,0048528 secs] 241979K->239242K(502464K), 0,0049104 secs] [Times: user=0,01 sys=0,00, real=0,00 secs] 
Heap after GC invocations=261 (full 157):
 par new generation   total 109248K, used 72K [0x00000000e0000000, 0x00000000e8000000, 0x00000000e8000000)
  eden space 87424K,   0% used [0x00000000e0000000, 0x00000000e0000000, 0x00000000e5560000)
  from space 21824K,   0% used [0x00000000e6ab0000, 0x00000000e6ac2140, 0x00000000e8000000)
  to   space 21824K,   0% used [0x00000000e5560000, 0x00000000e5560000, 0x00000000e6ab0000)
 concurrent mark-sweep generation total 393216K, used 239170K [0x00000000e8000000, 0x0000000100000000, 0x0000000100000000)
 Metaspace       used 32498K, capacity 32936K, committed 33476K, reserved 1079296K
  class space    used 3565K, capacity 3704K, committed 3836K, reserved 1048576K
}
2017-07-31T16:08:07.779+0200: 15838,184: [Rescan (parallel) , 0,0006064 secs]2017-07-31T16:08:07.780+0200: 15838,184: [weak refs processing, 0,0006976 secs]2017-07-31T16:08:07.780+0200: 15838,185: [class unloading, 0,0082431 secs]2017-07-31T16:08:07.789+0200: 15838,193: [scrub symbol table, 0,0039527 secs]2017-07-31T16:08:07.793+0200: 15838,197: [scrub string table, 0,0007061 secs][1 CMS-remark: 239170K(393216K)] 239242K(502464K), 0,0194467 secs] [Times: user=0,02 sys=0,00, real=0,02 secs] 
2017-07-31T16:08:07.794+0200: 15838,198: Total time for which application threads were stopped: 0,0196035 seconds, Stopping threads took: 0,0000320 seconds
2017-07-31T16:08:07.794+0200: 15838,198: [CMS-concurrent-sweep-start]
2017-07-31T16:08:07.825+0200: 15838,230: [CMS-concurrent-sweep: 0,032/0,032 secs] [Times: user=0,04 sys=0,00, real=0,03 secs] 
2017-07-31T16:08:07.825+0200: 15838,230: [CMS-concurrent-reset-start]
2017-07-31T16:08:07.826+0200: 15838,231: [CMS-concurrent-reset: 0,001/0,001 secs] [Times: user=0,00 sys=0,00, real=0,00 secs] 
2017-07-31T16:08:09.825+0200: 15840,230: [GC (CMS Initial Mark) [1 CMS-initial-mark: 239170K(393216K)] 239569K(502464K), 0,0010633 secs] [Times: user=0,00 sys=0,00, real=0,00 secs] 
2017-07-31T16:08:09.826+0200: 15840,231: Total time for which application threads were stopped: 0,0012294 seconds, Stopping threads took: 0,0000258 seconds
2017-07-31T16:08:09.827+0200: 15840,231: [CMS-concurrent-mark-start]
2017-07-31T16:08:09.859+0200: 15840,263: [CMS-concurrent-mark: 0,032/0,032 secs] [Times: user=0,12 sys=0,00, real=0,03 secs] 
2017-07-31T16:08:09.859+0200: 15840,264: [CMS-concurrent-preclean-start]
2017-07-31T16:08:09.860+0200: 15840,265: [CMS-concurrent-preclean: 0,001/0,001 secs] [Times: user=0,00 sys=0,00, real=0,01 secs] 
2017-07-31T16:08:09.861+0200: 15840,265: [GC (CMS Final Remark) [YG occupancy: 399 K (109248 K)]{Heap before GC invocations=261 (full 158):
 par new generation   total 109248K, used 399K [0x00000000e0000000, 0x00000000e8000000, 0x00000000e8000000)
  eden space 87424K,   0% used [0x00000000e0000000, 0x00000000e0051d88, 0x00000000e5560000)
  from space 21824K,   0% used [0x00000000e6ab0000, 0x00000000e6ac2140, 0x00000000e8000000)
  to   space 21824K,   0% used [0x00000000e5560000, 0x00000000e5560000, 0x00000000e6ab0000)
 concurrent mark-sweep generation total 393216K, used 239170K [0x00000000e8000000, 0x0000000100000000, 0x0000000100000000)
 Metaspace       used 32498K, capacity 32936K, committed 33476K, reserved 1079296K
  class space    used 3565K, capacity 3704K, committed 3836K, reserved 1048576K
2017-07-31T16:08:09.861+0200: 15840,265: [GC (CMS Final Remark) 2017-07-31T16:08:09.861+0200: 15840,265: [ParNew
Desired survivor size 20112992 bytes, new threshold 8 (max 8)
- age   1:         32 bytes,         32 total
- age   2:        160 bytes,        192 total
- age   3:        768 bytes,        960 total
- age   4:      51768 bytes,      52728 total
- age   7:        152 bytes,      52880 total
: 399K->60K(109248K), 0,0017673 secs] 239569K->239230K(502464K), 0,0018124 secs] [Times: user=0,00 sys=0,00, real=0,00 secs] 
Heap after GC invocations=262 (full 158):
 par new generation   total 109248K, used 60K [0x00000000e0000000, 0x00000000e8000000, 0x00000000e8000000)
  eden space 87424K,   0% used [0x00000000e0000000, 0x00000000e0000000, 0x00000000e5560000)
  from space 21824K,   0% used [0x00000000e5560000, 0x00000000e556f0a8, 0x00000000e6ab0000)
  to   space 21824K,   0% used [0x00000000e6ab0000, 0x00000000e6ab0000, 0x00000000e8000000)
 concurrent mark-sweep generation total 393216K, used 239170K [0x00000000e8000000, 0x0000000100000000, 0x0000000100000000)
 Metaspace       used 32498K, capacity 32936K, committed 33476K, reserved 1079296K
  class space    used 3565K, capacity 3704K, committed 3836K, reserved 1048576K
}
2017-07-31T16:08:09.862+0200: 15840,267: [Rescan (parallel) , 0,0005620 secs]2017-07-31T16:08:09.863+0200: 15840,267: [weak refs processing, 0,0125623 secs]2017-07-31T16:08:09.876+0200: 15840,280: [class unloading, 0,0075999 secs]2017-07-31T16:08:09.883+0200: 15840,288: [scrub symbol table, 0,0043125 secs]2017-07-31T16:08:09.888+0200: 15840,292: [scrub string table, 0,0005932 secs][1 CMS-remark: 239170K(393216K)] 239230K(502464K), 0,0277862 secs] [Times: user=0,03 sys=0,00, real=0,02 secs] 
2017-07-31T16:08:09.888+0200: 15840,293: Total time for which application threads were stopped: 0,0279223 seconds, Stopping threads took: 0,0000217 seconds
2017-07-31T16:08:09.889+0200: 15840,293: [CMS-concurrent-sweep-start]
2017-07-31T16:08:09.925+0200: 15840,329: [CMS-concurrent-sweep: 0,036/0,036 secs] [Times: user=0,03 sys=0,00, real=0,04 secs] 
2017-07-31T16:08:09.925+0200: 15840,329: [CMS-concurrent-reset-start]
2017-07-31T16:08:09.925+0200: 15840,330: [CMS-concurrent-reset: 0,001/0,001 secs] [Times: user=0,01 sys=0,00, real=0,00 secs] 
2017-07-31T16:08:11.925+0200: 15842,329: [GC (CMS Initial Mark) [1 CMS-initial-mark: 239170K(393216K)] 241650K(502464K), 0,0007578 secs] [Times: user=0,00 sys=0,00, real=0,00 secs] 
2017-07-31T16:08:11.925+0200: 15842,330: Total time for which application threads were stopped: 0,0009090 seconds, Stopping threads took: 0,0000295 seconds
2017-07-31T16:08:11.926+0200: 15842,330: [CMS-concurrent-mark-start]
2017-07-31T16:08:11.952+0200: 15842,357: [CMS-concurrent-mark: 0,027/0,027 secs] [Times: user=0,11 sys=0,00, real=0,03 secs] 
2017-07-31T16:08:11.952+0200: 15842,357: [CMS-concurrent-preclean-start]
2017-07-31T16:08:11.953+0200: 15842,358: [CMS-concurrent-preclean: 0,001/0,001 secs] [Times: user=0,00 sys=0,00, real=0,00 secs] 
2017-07-31T16:08:11.953+0200: 15842,358: [CMS-concurrent-abortable-preclean-start]
 CMS: abort preclean due to time 2017-07-31T16:08:18.056+0200: 15848,460: [CMS-concurrent-abortable-preclean: 0,097/6,102 secs] [Times: user=0,10 sys=0,00, real=6,10 secs] 
2017-07-31T16:08:18.056+0200: 15848,461: [GC (CMS Final Remark) [YG occupancy: 2859 K (109248 K)]{Heap before GC invocations=262 (full 159):
 par new generation   total 109248K, used 2859K [0x00000000e0000000, 0x00000000e8000000, 0x00000000e8000000)
  eden space 87424K,   3% used [0x00000000e0000000, 0x00000000e02bbe80, 0x00000000e5560000)
  from space 21824K,   0% used [0x00000000e5560000, 0x00000000e556f0a8, 0x00000000e6ab0000)
  to   space 21824K,   0% used [0x00000000e6ab0000, 0x00000000e6ab0000, 0x00000000e8000000)
 concurrent mark-sweep generation total 393216K, used 239170K [0x00000000e8000000, 0x0000000100000000, 0x0000000100000000)
 Metaspace       used 32498K, capacity 32936K, committed 33476K, reserved 1079296K
  class space    used 3565K, capacity 3704K, committed 3836K, reserved 1048576K
2017-07-31T16:08:18.056+0200: 15848,461: [GC (CMS Final Remark) 2017-07-31T16:08:18.056+0200: 15848,461: [ParNew
Desired survivor size 20112992 bytes, new threshold 8 (max 8)
- age   1:        344 bytes,        344 total
- age   4:        768 bytes,       1112 total
- age   5:      51744 bytes,      52856 total
- age   8:         32 bytes,      52888 total
: 2859K->66K(109248K), 0,0024718 secs] 242029K->239236K(502464K), 0,0025125 secs] [Times: user=0,00 sys=0,00, real=0,00 secs] 
Heap after GC invocations=263 (full 159):
 par new generation   total 109248K, used 66K [0x00000000e0000000, 0x00000000e8000000, 0x00000000e8000000)
  eden space 87424K,   0% used [0x00000000e0000000, 0x00000000e0000000, 0x00000000e5560000)
  from space 21824K,   0% used [0x00000000e6ab0000, 0x00000000e6ac0910, 0x00000000e8000000)
  to   space 21824K,   0% used [0x00000000e5560000, 0x00000000e5560000, 0x00000000e6ab0000)
 concurrent mark-sweep generation total 393216K, used 239170K [0x00000000e8000000, 0x0000000100000000, 0x0000000100000000)
 Metaspace       used 32498K, capacity 32936K, committed 33476K, reserved 1079296K
  class space    used 3565K, capacity 3704K, committed 3836K, reserved 1048576K
}
2017-07-31T16:08:18.059+0200: 15848,463: [Rescan (parallel) , 0,0007448 secs]2017-07-31T16:08:18.059+0200: 15848,464: [weak refs processing, 0,0004143 secs]2017-07-31T16:08:18.060+0200: 15848,464: [class unloading, 0,0072759 secs]2017-07-31T16:08:18.067+0200: 15848,472: [scrub symbol table, 0,0035754 secs]2017-07-31T16:08:18.071+0200: 15848,475: [scrub string table, 0,0006416 secs][1 CMS-remark: 239170K(393216K)] 239236K(502464K), 0,0155017 secs] [Times: user=0,02 sys=0,00, real=0,01 secs] 
2017-07-31T16:08:18.072+0200: 15848,476: Total time for which application threads were stopped: 0,0156551 seconds, Stopping threads took: 0,0000325 seconds
2017-07-31T16:08:18.072+0200: 15848,476: [CMS-concurrent-sweep-start]
2017-07-31T16:08:18.099+0200: 15848,503: [CMS-concurrent-sweep: 0,027/0,027 secs] [Times: user=0,02 sys=0,00, real=0,03 secs] 
2017-07-31T16:08:18.099+0200: 15848,504: [CMS-concurrent-reset-start]
2017-07-31T16:08:18.100+0200: 15848,504: [CMS-concurrent-reset: 0,001/0,001 secs] [Times: user=0,00 sys=0,00, real=0,00 secs] 
2017-07-31T16:08:20.099+0200: 15850,504: [GC (CMS Initial Mark) [1 CMS-initial-mark: 239170K(393216K)] 239563K(502464K), 0,0008141 secs] [Times: user=0,01 sys=0,00, real=0,00 secs] 
2017-07-31T16:08:20.100+0200: 15850,504: Total time for which application threads were stopped: 0,0010076 seconds, Stopping threads took: 0,0000506 seconds
2017-07-31T16:08:20.100+0200: 15850,505: [CMS-concurrent-mark-start]
2017-07-31T16:08:20.126+0200: 15850,530: [CMS-concurrent-mark: 0,026/0,026 secs] [Times: user=0,10 sys=0,00, real=0,02 secs] 
2017-07-31T16:08:20.126+0200: 15850,530: [CMS-concurrent-preclean-start]
2017-07-31T16:08:20.127+0200: 15850,531: [CMS-concurrent-preclean: 0,001/0,001 secs] [Times: user=0,00 sys=0,00, real=0,00 secs] 
2017-07-31T16:08:20.127+0200: 15850,531: [CMS-concurrent-abortable-preclean-start]
 CMS: abort preclean due to time 2017-07-31T16:08:26.129+0200: 15856,534: [CMS-concurrent-abortable-preclean: 0,098/6,002 secs] [Times: user=0,10 sys=0,00, real=6,00 secs] 
2017-07-31T16:08:26.129+0200: 15856,534: [GC (CMS Final Remark) [YG occupancy: 2813 K (109248 K)]{Heap before GC invocations=263 (full 160):
 par new generation   total 109248K, used 2813K [0x00000000e0000000, 0x00000000e8000000, 0x00000000e8000000)
  eden space 87424K,   3% used [0x00000000e0000000, 0x00000000e02aee70, 0x00000000e5560000)
  from space 21824K,   0% used [0x00000000e6ab0000, 0x00000000e6ac0910, 0x00000000e8000000)
  to   space 21824K,   0% used [0x00000000e5560000, 0x00000000e5560000, 0x00000000e6ab0000)
 concurrent mark-sweep generation total 393216K, used 239170K [0x00000000e8000000, 0x0000000100000000, 0x0000000100000000)
 Metaspace       used 32498K, capacity 32936K, committed 33476K, reserved 1079296K
  class space    used 3565K, capacity 3704K, committed 3836K, reserved 1048576K
2017-07-31T16:08:26.130+0200: 15856,534: [GC (CMS Final Remark) 2017-07-31T16:08:26.130+0200: 15856,534: [ParNew
Desired survivor size 20112992 bytes, new threshold 8 (max 8)
- age   1:        192 bytes,        192 total
- age   2:        152 bytes,        344 total
- age   5:        768 bytes,       1112 total
- age   6:      51744 bytes,      52856 total
: 2813K->61K(109248K), 0,0022405 secs] 241983K->239231K(502464K), 0,0022900 secs] [Times: user=0,01 sys=0,00, real=0,00 secs] 
Heap after GC invocations=264 (full 160):
 par new generation   total 109248K, used 61K [0x00000000e0000000, 0x00000000e8000000, 0x00000000e8000000)
  eden space 87424K,   0% used [0x00000000e0000000, 0x00000000e0000000, 0x00000000e5560000)
  from space 21824K,   0% used [0x00000000e5560000, 0x00000000e556f618, 0x00000000e6ab0000)
  to   space 21824K,   0% used [0x00000000e6ab0000, 0x00000000e6ab0000, 0x00000000e8000000)
 concurrent mark-sweep generation total 393216K, used 239170K [0x00000000e8000000, 0x0000000100000000, 0x0000000100000000)
 Metaspace       used 32498K, capacity 32936K, committed 33476K, reserved 1079296K
  class space    used 3565K, capacity 3704K, committed 3836K, reserved 1048576K
}
2017-07-31T16:08:26.132+0200: 15856,536: [Rescan (parallel) , 0,0006244 secs]2017-07-31T16:08:26.133+0200: 15856,537: [weak refs processing, 0,0004895 secs]2017-07-31T16:08:26.133+0200: 15856,538: [class unloading, 0,0077184 secs]2017-07-31T16:08:26.141+0200: 15856,545: [scrub symbol table, 0,0037691 secs]2017-07-31T16:08:26.145+0200: 15856,549: [scrub string table, 0,0006533 secs][1 CMS-remark: 239170K(393216K)] 239231K(502464K), 0,0159285 secs] [Times: user=0,02 sys=0,01, real=0,02 secs] 
2017-07-31T16:08:26.145+0200: 15856,550: Total time for which application threads were stopped: 0,0160752 seconds, Stopping threads took: 0,0000320 seconds
2017-07-31T16:08:26.146+0200: 15856,550: [CMS-concurrent-sweep-start]
2017-07-31T16:08:26.174+0200: 15856,578: [CMS-concurrent-sweep: 0,028/0,028 secs] [Times: user=0,03 sys=0,00, real=0,03 secs] 
2017-07-31T16:08:26.174+0200: 15856,578: [CMS-concurrent-reset-start]
2017-07-31T16:08:26.174+0200: 15856,579: [CMS-concurrent-reset: 0,001/0,001 secs] [Times: user=0,00 sys=0,00, real=0,00 secs] 
2017-07-31T16:08:28.173+0200: 15858,578: [GC (CMS Initial Mark) [1 CMS-initial-mark: 239169K(393216K)] 239231K(502464K), 0,0009007 secs] [Times: user=0,00 sys=0,00, real=0,00 secs] 
2017-07-31T16:08:28.174+0200: 15858,579: Total time for which application threads were stopped: 0,0010499 seconds, Stopping threads took: 0,0000283 seconds
2017-07-31T16:08:28.174+0200: 15858,579: [CMS-concurrent-mark-start]
2017-07-31T16:08:28.194+0200: 15858,599: [CMS-concurrent-mark: 0,020/0,020 secs] [Times: user=0,08 sys=0,00, real=0,02 secs] 
2017-07-31T16:08:28.194+0200: 15858,599: [CMS-concurrent-preclean-start]
2017-07-31T16:08:28.195+0200: 15858,600: [CMS-concurrent-preclean: 0,001/0,001 secs] [Times: user=0,00 sys=0,00, real=0,00 secs] 
2017-07-31T16:08:28.196+0200: 15858,600: [GC (CMS Final Remark) [YG occupancy: 61 K (109248 K)]{Heap before GC invocations=264 (full 161):
 par new generation   total 109248K, used 61K [0x00000000e0000000, 0x00000000e8000000, 0x00000000e8000000)
  eden space 87424K,   0% used [0x00000000e0000000, 0x00000000e0000000, 0x00000000e5560000)
  from space 21824K,   0% used [0x00000000e5560000, 0x00000000e556f618, 0x00000000e6ab0000)
  to   space 21824K,   0% used [0x00000000e6ab0000, 0x00000000e6ab0000, 0x00000000e8000000)
 concurrent mark-sweep generation total 393216K, used 239169K [0x00000000e8000000, 0x0000000100000000, 0x0000000100000000)
 Metaspace       used 32498K, capacity 32936K, committed 33476K, reserved 1079296K
  class space    used 3565K, capacity 3704K, committed 3836K, reserved 1048576K
2017-07-31T16:08:28.196+0200: 15858,600: [GC (CMS Final Remark) 2017-07-31T16:08:28.196+0200: 15858,600: [ParNew
Desired survivor size 20112992 bytes, new threshold 8 (max 8)
- age   2:        192 bytes,        192 total
- age   3:        152 bytes,        344 total
- age   6:        768 bytes,       1112 total
- age   7:      51720 bytes,      52832 total
: 61K->61K(109248K), 0,0029147 secs] 239231K->239231K(502464K), 0,0029512 secs] [Times: user=0,01 sys=0,00, real=0,00 secs] 
Heap after GC invocations=265 (full 161):
 par new generation   total 109248K, used 61K [0x00000000e0000000, 0x00000000e8000000, 0x00000000e8000000)
  eden space 87424K,   0% used [0x00000000e0000000, 0x00000000e0000000, 0x00000000e5560000)
  from space 21824K,   0% used [0x00000000e6ab0000, 0x00000000e6abf4d0, 0x00000000e8000000)
  to   space 21824K,   0% used [0x00000000e5560000, 0x00000000e5560000, 0x00000000e6ab0000)
 concurrent mark-sweep generation total 393216K, used 239169K [0x00000000e8000000, 0x0000000100000000, 0x0000000100000000)
 Metaspace       used 32498K, capacity 32936K, committed 33476K, reserved 1079296K
  class space    used 3565K, capacity 3704K, committed 3836K, reserved 1048576K
}
2017-07-31T16:08:28.199+0200: 15858,603: [Rescan (parallel) , 0,0005504 secs]2017-07-31T16:08:28.199+0200: 15858,604: [weak refs processing, 0,0003218 secs]2017-07-31T16:08:28.200+0200: 15858,604: [class unloading, 0,0062408 secs]2017-07-31T16:08:28.206+0200: 15858,610: [scrub symbol table, 0,0029593 secs]2017-07-31T16:08:28.209+0200: 15858,613: [scrub string table, 0,0005238 secs][1 CMS-remark: 239169K(393216K)] 239231K(502464K), 0,0138496 secs] [Times: user=0,02 sys=0,00, real=0,01 secs] 
2017-07-31T16:08:28.210+0200: 15858,614: Total time for which application threads were stopped: 0,0139747 seconds, Stopping threads took: 0,0000224 seconds
2017-07-31T16:08:28.210+0200: 15858,614: [CMS-concurrent-sweep-start]
2017-07-31T16:08:28.234+0200: 15858,639: [CMS-concurrent-sweep: 0,024/0,024 secs] [Times: user=0,02 sys=0,00, real=0,03 secs] 
2017-07-31T16:08:28.234+0200: 15858,639: [CMS-concurrent-reset-start]
2017-07-31T16:08:28.235+0200: 15858,639: [CMS-concurrent-reset: 0,000/0,000 secs] [Times: user=0,00 sys=0,00, real=0,00 secs] 
2017-07-31T16:08:30.234+0200: 15860,638: [GC (CMS Initial Mark) [1 CMS-initial-mark: 239169K(393216K)] 241978K(502464K), 0,0009137 secs] [Times: user=0,01 sys=0,00, real=0,00 secs] 
2017-07-31T16:08:30.235+0200: 15860,639: Total time for which application threads were stopped: 0,0010819 seconds, Stopping threads took: 0,0000231 seconds
2017-07-31T16:08:30.235+0200: 15860,639: [CMS-concurrent-mark-start]
2017-07-31T16:08:30.263+0200: 15860,668: [CMS-concurrent-mark: 0,028/0,028 secs] [Times: user=0,11 sys=0,00, real=0,03 secs] 
2017-07-31T16:08:30.263+0200: 15860,668: [CMS-concurrent-preclean-start]
2017-07-31T16:08:30.265+0200: 15860,669: [CMS-concurrent-preclean: 0,001/0,001 secs] [Times: user=0,00 sys=0,00, real=0,00 secs] 
2017-07-31T16:08:30.265+0200: 15860,669: [CMS-concurrent-abortable-preclean-start]
 CMS: abort preclean due to time 2017-07-31T16:08:36.266+0200: 15866,670: [CMS-concurrent-abortable-preclean: 0,096/6,001 secs] [Times: user=0,10 sys=0,00, real=6,00 secs] 
2017-07-31T16:08:36.266+0200: 15866,671: [GC (CMS Final Remark) [YG occupancy: 2808 K (109248 K)]{Heap before GC invocations=265 (full 162):
 par new generation   total 109248K, used 2808K [0x00000000e0000000, 0x00000000e8000000, 0x00000000e8000000)
  eden space 87424K,   3% used [0x00000000e0000000, 0x00000000e02aee70, 0x00000000e5560000)
  from space 21824K,   0% used [0x00000000e6ab0000, 0x00000000e6abf4d0, 0x00000000e8000000)
  to   space 21824K,   0% used [0x00000000e5560000, 0x00000000e5560000, 0x00000000e6ab0000)
 concurrent mark-sweep generation total 393216K, used 239169K [0x00000000e8000000, 0x0000000100000000, 0x0000000100000000)
 Metaspace       used 32498K, capacity 32936K, committed 33476K, reserved 1079296K
  class space    used 3565K, capacity 3704K, committed 3836K, reserved 1048576K
2017-07-31T16:08:36.266+0200: 15866,671: [GC (CMS Final Remark) 2017-07-31T16:08:36.266+0200: 15866,671: [ParNew
Desired survivor size 20112992 bytes, new threshold 8 (max 8)
- age   1:        192 bytes,        192 total
- age   4:        152 bytes,        344 total
- age   7:        768 bytes,       1112 total
- age   8:      51720 bytes,      52832 total
: 2808K->65K(109248K), 0,0021490 secs] 241978K->239235K(502464K), 0,0021960 secs] [Times: user=0,00 sys=0,01, real=0,00 secs] 
Heap after GC invocations=266 (full 162):
 par new generation   total 109248K, used 65K [0x00000000e0000000, 0x00000000e8000000, 0x00000000e8000000)
  eden space 87424K,   0% used [0x00000000e0000000, 0x00000000e0000000, 0x00000000e5560000)
  from space 21824K,   0% used [0x00000000e5560000, 0x00000000e5570710, 0x00000000e6ab0000)
  to   space 21824K,   0% used [0x00000000e6ab0000, 0x00000000e6ab0000, 0x00000000e8000000)
 concurrent mark-sweep generation total 393216K, used 239169K [0x00000000e8000000, 0x0000000100000000, 0x0000000100000000)
 Metaspace       used 32498K, capacity 32936K, committed 33476K, reserved 1079296K
  class space    used 3565K, capacity 3704K, committed 3836K, reserved 1048576K
}
2017-07-31T16:08:36.269+0200: 15866,673: [Rescan (parallel) , 0,0005847 secs]2017-07-31T16:08:36.269+0200: 15866,674: [weak refs processing, 0,0002786 secs]2017-07-31T16:08:36.269+0200: 15866,674: [class unloading, 0,0052603 secs]2017-07-31T16:08:36.275+0200: 15866,679: [scrub symbol table, 0,0027565 secs]2017-07-31T16:08:36.278+0200: 15866,682: [scrub string table, 0,0004652 secs][1 CMS-remark: 239169K(393216K)] 239235K(502464K), 0,0117677 secs] [Times: user=0,02 sys=0,01, real=0,01 secs] 
2017-07-31T16:08:36.278+0200: 15866,683: Total time for which application threads were stopped: 0,0119075 seconds, Stopping threads took: 0,0000302 seconds
2017-07-31T16:08:36.278+0200: 15866,683: [CMS-concurrent-sweep-start]
2017-07-31T16:08:36.302+0200: 15866,706: [CMS-concurrent-sweep: 0,024/0,024 secs] [Times: user=0,02 sys=0,00, real=0,03 secs] 
2017-07-31T16:08:36.302+0200: 15866,706: [CMS-concurrent-reset-start]
2017-07-31T16:08:36.302+0200: 15866,707: [CMS-concurrent-reset: 0,000/0,000 secs] [Times: user=0,00 sys=0,00, real=0,00 secs] 
2017-07-31T16:08:38.302+0200: 15868,706: [GC (CMS Initial Mark) [1 CMS-initial-mark: 239169K(393216K)] 239235K(502464K), 0,0009313 secs] [Times: user=0,00 sys=0,00, real=0,00 secs] 
2017-07-31T16:08:38.303+0200: 15868,707: Total time for which application threads were stopped: 0,0010887 seconds, Stopping threads took: 0,0000319 seconds
2017-07-31T16:08:38.303+0200: 15868,707: [CMS-concurrent-mark-start]
2017-07-31T16:08:38.327+0200: 15868,731: [CMS-concurrent-mark: 0,024/0,024 secs] [Times: user=0,10 sys=0,00, real=0,02 secs] 
2017-07-31T16:08:38.327+0200: 15868,731: [CMS-concurrent-preclean-start]
2017-07-31T16:08:38.328+0200: 15868,733: [CMS-concurrent-preclean: 0,001/0,001 secs] [Times: user=0,00 sys=0,00, real=0,00 secs] 
2017-07-31T16:08:38.328+0200: 15868,733: [GC (CMS Final Remark) [YG occupancy: 65 K (109248 K)]{Heap before GC invocations=266 (full 163):
 par new generation   total 109248K, used 65K [0x00000000e0000000, 0x00000000e8000000, 0x00000000e8000000)
  eden space 87424K,   0% used [0x00000000e0000000, 0x00000000e0000000, 0x00000000e5560000)
  from space 21824K,   0% used [0x00000000e5560000, 0x00000000e5570710, 0x00000000e6ab0000)
  to   space 21824K,   0% used [0x00000000e6ab0000, 0x00000000e6ab0000, 0x00000000e8000000)
 concurrent mark-sweep generation total 393216K, used 239169K [0x00000000e8000000, 0x0000000100000000, 0x0000000100000000)
 Metaspace       used 32498K, capacity 32936K, committed 33476K, reserved 1079296K
  class space    used 3565K, capacity 3704K, committed 3836K, reserved 1048576K
2017-07-31T16:08:38.328+0200: 15868,733: [GC (CMS Final Remark) 2017-07-31T16:08:38.328+0200: 15868,733: [ParNew
Desired survivor size 20112992 bytes, new threshold 8 (max 8)
- age   2:        192 bytes,        192 total
- age   5:        152 bytes,        344 total
- age   8:        768 bytes,       1112 total
: 65K->17K(109248K), 0,0027116 secs] 239235K->239238K(502464K), 0,0027495 secs] [Times: user=0,00 sys=0,00, real=0,00 secs] 
Heap after GC invocations=267 (full 163):
 par new generation   total 109248K, used 17K [0x00000000e0000000, 0x00000000e8000000, 0x00000000e8000000)
  eden space 87424K,   0% used [0x00000000e0000000, 0x00000000e0000000, 0x00000000e5560000)
  from space 21824K,   0% used [0x00000000e6ab0000, 0x00000000e6ab4500, 0x00000000e8000000)
  to   space 21824K,   0% used [0x00000000e5560000, 0x00000000e5560000, 0x00000000e6ab0000)
 concurrent mark-sweep generation total 393216K, used 239221K [0x00000000e8000000, 0x0000000100000000, 0x0000000100000000)
 Metaspace       used 32498K, capacity 32936K, committed 33476K, reserved 1079296K
  class space    used 3565K, capacity 3704K, committed 3836K, reserved 1048576K
}
2017-07-31T16:08:38.331+0200: 15868,736: [Rescan (parallel) , 0,0007443 secs]2017-07-31T16:08:38.332+0200: 15868,736: [weak refs processing, 0,0006967 secs]2017-07-31T16:08:38.333+0200: 15868,737: [class unloading, 0,0065752 secs]2017-07-31T16:08:38.339+0200: 15868,744: [scrub symbol table, 0,0031393 secs]2017-07-31T16:08:38.342+0200: 15868,747: [scrub string table, 0,0005644 secs][1 CMS-remark: 239221K(393216K)] 239238K(502464K), 0,0147139 secs] [Times: user=0,02 sys=0,00, real=0,02 secs] 
2017-07-31T16:08:38.343+0200: 15868,748: Total time for which application threads were stopped: 0,0148410 seconds, Stopping threads took: 0,0000284 seconds
2017-07-31T16:08:38.343+0200: 15868,748: [CMS-concurrent-sweep-start]
2017-07-31T16:08:38.369+0200: 15868,774: [CMS-concurrent-sweep: 0,026/0,026 secs] [Times: user=0,02 sys=0,00, real=0,02 secs] 
2017-07-31T16:08:38.369+0200: 15868,774: [CMS-concurrent-reset-start]
2017-07-31T16:08:38.370+0200: 15868,774: [CMS-concurrent-reset: 0,001/0,001 secs] [Times: user=0,00 sys=0,00, real=0,00 secs] 
2017-07-31T16:08:40.369+0200: 15870,773: [GC (CMS Initial Mark) [1 CMS-initial-mark: 239221K(393216K)] 241986K(502464K), 0,0006170 secs] [Times: user=0,01 sys=0,00, real=0,00 secs] 
2017-07-31T16:08:40.370+0200: 15870,774: Total time for which application threads were stopped: 0,0007392 seconds, Stopping threads took: 0,0000210 seconds
2017-07-31T16:08:40.370+0200: 15870,774: [CMS-concurrent-mark-start]
2017-07-31T16:08:40.387+0200: 15870,792: [CMS-concurrent-mark: 0,017/0,018 secs] [Times: user=0,07 sys=0,00, real=0,02 secs] 
2017-07-31T16:08:40.387+0200: 15870,792: [CMS-concurrent-preclean-start]
2017-07-31T16:08:40.388+0200: 15870,793: [CMS-concurrent-preclean: 0,001/0,001 secs] [Times: user=0,00 sys=0,00, real=0,00 secs] 
2017-07-31T16:08:40.388+0200: 15870,793: [CMS-concurrent-abortable-preclean-start]
 CMS: abort preclean due to time 2017-07-31T16:08:46.471+0200: 15876,876: [CMS-concurrent-abortable-preclean: 0,078/6,083 secs] [Times: user=0,08 sys=0,00, real=6,08 secs] 
2017-07-31T16:08:46.471+0200: 15876,876: [GC (CMS Final Remark) [YG occupancy: 2890 K (109248 K)]{Heap before GC invocations=267 (full 164):
 par new generation   total 109248K, used 2890K [0x00000000e0000000, 0x00000000e8000000, 0x00000000e8000000)
  eden space 87424K,   3% used [0x00000000e0000000, 0x00000000e02ce5f8, 0x00000000e5560000)
  from space 21824K,   0% used [0x00000000e6ab0000, 0x00000000e6ab4500, 0x00000000e8000000)
  to   space 21824K,   0% used [0x00000000e5560000, 0x00000000e5560000, 0x00000000e6ab0000)
 concurrent mark-sweep generation total 393216K, used 239221K [0x00000000e8000000, 0x0000000100000000, 0x0000000100000000)
 Metaspace       used 32498K, capacity 32936K, committed 33476K, reserved 1079296K
  class space    used 3565K, capacity 3704K, committed 3836K, reserved 1048576K
2017-07-31T16:08:46.471+0200: 15876,876: [GC (CMS Final Remark) 2017-07-31T16:08:46.471+0200: 15876,876: [ParNew
Desired survivor size 20112992 bytes, new threshold 8 (max 8)
- age   1:       1424 bytes,       1424 total
- age   6:         32 bytes,       1456 total
: 2890K->8K(109248K), 0,0041384 secs] 242112K->239230K(502464K), 0,0041903 secs] [Times: user=0,00 sys=0,00, real=0,01 secs] 
Heap after GC invocations=268 (full 164):
 par new generation   total 109248K, used 8K [0x00000000e0000000, 0x00000000e8000000, 0x00000000e8000000)
  eden space 87424K,   0% used [0x00000000e0000000, 0x00000000e0000000, 0x00000000e5560000)
  from space 21824K,   0% used [0x00000000e5560000, 0x00000000e5562040, 0x00000000e6ab0000)
  to   space 21824K,   0% used [0x00000000e6ab0000, 0x00000000e6ab0000, 0x00000000e8000000)
 concurrent mark-sweep generation total 393216K, used 239222K [0x00000000e8000000, 0x0000000100000000, 0x0000000100000000)
 Metaspace       used 32498K, capacity 32936K, committed 33476K, reserved 1079296K
  class space    used 3565K, capacity 3704K, committed 3836K, reserved 1048576K
}
2017-07-31T16:08:46.476+0200: 15876,880: [Rescan (parallel) , 0,0005540 secs]2017-07-31T16:08:46.476+0200: 15876,881: [weak refs processing, 0,0004059 secs]2017-07-31T16:08:46.477+0200: 15876,881: [class unloading, 0,0068895 secs]2017-07-31T16:08:46.484+0200: 15876,888: [scrub symbol table, 0,0036426 secs]2017-07-31T16:08:46.487+0200: 15876,892: [scrub string table, 0,0006155 secs][1 CMS-remark: 239222K(393216K)] 239230K(502464K), 0,0166120 secs] [Times: user=0,02 sys=0,00, real=0,02 secs] 
2017-07-31T16:08:46.488+0200: 15876,893: Total time for which application threads were stopped: 0,0167809 seconds, Stopping threads took: 0,0000317 seconds
2017-07-31T16:08:46.488+0200: 15876,893: [CMS-concurrent-sweep-start]
2017-07-31T16:08:46.516+0200: 15876,921: [CMS-concurrent-sweep: 0,028/0,028 secs] [Times: user=0,03 sys=0,00, real=0,03 secs] 
2017-07-31T16:08:46.516+0200: 15876,921: [CMS-concurrent-reset-start]
2017-07-31T16:08:46.517+0200: 15876,921: [CMS-concurrent-reset: 0,001/0,001 secs] [Times: user=0,00 sys=0,00, real=0,00 secs] 
2017-07-31T16:08:47.666+0200: 15878,070: Total time for which application threads were stopped: 0,0001390 seconds, Stopping threads took: 0,0000323 seconds
2017-07-31T16:08:47.789+0200: 15878,194: Total time for which application threads were stopped: 0,0004602 seconds, Stopping threads took: 0,0000138 seconds
2017-07-31T16:08:47.818+0200: 15878,223: Total time for which application threads were stopped: 0,0001183 seconds, Stopping threads took: 0,0000222 seconds
2017-07-31T16:08:48.517+0200: 15878,921: [GC (CMS Initial Mark) [1 CMS-initial-mark: 239222K(393216K)] 247412K(502464K), 0,0011829 secs] [Times: user=0,01 sys=0,00, real=0,00 secs] 
2017-07-31T16:08:48.518+0200: 15878,922: Total time for which application threads were stopped: 0,0013181 seconds, Stopping threads took: 0,0000266 seconds
2017-07-31T16:08:48.518+0200: 15878,922: [CMS-concurrent-mark-start]
2017-07-31T16:08:48.534+0200: 15878,939: [CMS-concurrent-mark: 0,016/0,016 secs] [Times: user=0,06 sys=0,00, real=0,02 secs] 
2017-07-31T16:08:48.534+0200: 15878,939: [CMS-concurrent-preclean-start]
2017-07-31T16:08:48.535+0200: 15878,940: [CMS-concurrent-preclean: 0,001/0,001 secs] [Times: user=0,01 sys=0,00, real=0,00 secs] 
2017-07-31T16:08:48.535+0200: 15878,940: [CMS-concurrent-abortable-preclean-start]
 CMS: abort preclean due to time 2017-07-31T16:08:54.618+0200: 15885,022: [CMS-concurrent-abortable-preclean: 0,077/6,082 secs] [Times: user=0,10 sys=0,00, real=6,08 secs] 
2017-07-31T16:08:54.618+0200: 15885,022: [GC (CMS Final Remark) [YG occupancy: 8950 K (109248 K)]{Heap before GC invocations=268 (full 165):
 par new generation   total 109248K, used 8950K [0x00000000e0000000, 0x00000000e8000000, 0x00000000e8000000)
  eden space 87424K,  10% used [0x00000000e0000000, 0x00000000e08bba30, 0x00000000e5560000)
  from space 21824K,   0% used [0x00000000e5560000, 0x00000000e5562040, 0x00000000e6ab0000)
  to   space 21824K,   0% used [0x00000000e6ab0000, 0x00000000e6ab0000, 0x00000000e8000000)
 concurrent mark-sweep generation total 393216K, used 239222K [0x00000000e8000000, 0x0000000100000000, 0x0000000100000000)
 Metaspace       used 32643K, capacity 33096K, committed 33732K, reserved 1079296K
  class space    used 3580K, capacity 3736K, committed 3836K, reserved 1048576K
2017-07-31T16:08:54.618+0200: 15885,023: [GC (CMS Final Remark) 2017-07-31T16:08:54.618+0200: 15885,023: [ParNew
Desired survivor size 20112992 bytes, new threshold 8 (max 8)
- age   1:    1259552 bytes,    1259552 total
- age   2:        184 bytes,    1259736 total
- age   7:         32 bytes,    1259768 total
: 8950K->1234K(109248K), 0,0034932 secs] 248172K->240456K(502464K), 0,0035427 secs] [Times: user=0,01 sys=0,00, real=0,01 secs] 
Heap after GC invocations=269 (full 165):
 par new generation   total 109248K, used 1234K [0x00000000e0000000, 0x00000000e8000000, 0x00000000e8000000)
  eden space 87424K,   0% used [0x00000000e0000000, 0x00000000e0000000, 0x00000000e5560000)
  from space 21824K,   5% used [0x00000000e6ab0000, 0x00000000e6be4a08, 0x00000000e8000000)
  to   space 21824K,   0% used [0x00000000e5560000, 0x00000000e5560000, 0x00000000e6ab0000)
 concurrent mark-sweep generation total 393216K, used 239222K [0x00000000e8000000, 0x0000000100000000, 0x0000000100000000)
 Metaspace       used 32643K, capacity 33096K, committed 33732K, reserved 1079296K
  class space    used 3580K, capacity 3736K, committed 3836K, reserved 1048576K
}
2017-07-31T16:08:54.622+0200: 15885,026: [Rescan (parallel) , 0,0007206 secs]2017-07-31T16:08:54.622+0200: 15885,027: [weak refs processing, 0,0003603 secs]2017-07-31T16:08:54.623+0200: 15885,027: [class unloading, 0,0067811 secs]2017-07-31T16:08:54.630+0200: 15885,034: [scrub symbol table, 0,0032644 secs]2017-07-31T16:08:54.633+0200: 15885,037: [scrub string table, 0,0005959 secs][1 CMS-remark: 239222K(393216K)] 240456K(502464K), 0,0155535 secs] [Times: user=0,02 sys=0,00, real=0,02 secs] 
2017-07-31T16:08:54.634+0200: 15885,038: Total time for which application threads were stopped: 0,0157125 seconds, Stopping threads took: 0,0000502 seconds
2017-07-31T16:08:54.634+0200: 15885,038: [CMS-concurrent-sweep-start]
2017-07-31T16:08:54.634+0200: 15885,039: Total time for which application threads were stopped: 0,0001685 seconds, Stopping threads took: 0,0000126 seconds
2017-07-31T16:08:54.634+0200: 15885,039: Total time for which application threads were stopped: 0,0001355 seconds, Stopping threads took: 0,0000163 seconds
2017-07-31T16:08:54.661+0200: 15885,065: [CMS-concurrent-sweep: 0,027/0,027 secs] [Times: user=0,03 sys=0,00, real=0,03 secs] 
2017-07-31T16:08:54.661+0200: 15885,066: [CMS-concurrent-reset-start]
2017-07-31T16:08:54.662+0200: 15885,066: [CMS-concurrent-reset: 0,001/0,001 secs] [Times: user=0,00 sys=0,00, real=0,00 secs] 
2017-07-31T16:08:55.105+0200: 15885,510: Total time for which application threads were stopped: 0,0001220 seconds, Stopping threads took: 0,0000265 seconds
2017-07-31T16:08:55.106+0200: 15885,510: Total time for which application threads were stopped: 0,0000699 seconds, Stopping threads took: 0,0000129 seconds
2017-07-31T16:08:56.661+0200: 15887,065: [GC (CMS Initial Mark) [1 CMS-initial-mark: 239185K(393216K)] 241105K(502464K), 0,0008984 secs] [Times: user=0,00 sys=0,00, real=0,00 secs] 
2017-07-31T16:08:56.662+0200: 15887,066: Total time for which application threads were stopped: 0,0010558 seconds, Stopping threads took: 0,0000330 seconds
2017-07-31T16:08:56.662+0200: 15887,066: [CMS-concurrent-mark-start]
2017-07-31T16:08:56.695+0200: 15887,099: [CMS-concurrent-mark: 0,033/0,033 secs] [Times: user=0,13 sys=0,00, real=0,03 secs] 
2017-07-31T16:08:56.695+0200: 15887,099: [CMS-concurrent-preclean-start]
2017-07-31T16:08:56.696+0200: 15887,101: [CMS-concurrent-preclean: 0,001/0,001 secs] [Times: user=0,00 sys=0,00, real=0,00 secs] 
2017-07-31T16:08:56.696+0200: 15887,101: [GC (CMS Final Remark) [YG occupancy: 1920 K (109248 K)]{Heap before GC invocations=269 (full 166):
 par new generation   total 109248K, used 1920K [0x00000000e0000000, 0x00000000e8000000, 0x00000000e8000000)
  eden space 87424K,   0% used [0x00000000e0000000, 0x00000000e00ab9a0, 0x00000000e5560000)
  from space 21824K,   5% used [0x00000000e6ab0000, 0x00000000e6be4a08, 0x00000000e8000000)
  to   space 21824K,   0% used [0x00000000e5560000, 0x00000000e5560000, 0x00000000e6ab0000)
 concurrent mark-sweep generation total 393216K, used 239185K [0x00000000e8000000, 0x0000000100000000, 0x0000000100000000)
 Metaspace       used 32643K, capacity 33096K, committed 33732K, reserved 1079296K
  class space    used 3580K, capacity 3736K, committed 3836K, reserved 1048576K
2017-07-31T16:08:56.696+0200: 15887,101: [GC (CMS Final Remark) 2017-07-31T16:08:56.696+0200: 15887,101: [ParNew
Desired survivor size 20112992 bytes, new threshold 8 (max 8)
- age   1:         64 bytes,         64 total
- age   2:    1164656 bytes,    1164720 total
- age   3:        184 bytes,    1164904 total
- age   8:         32 bytes,    1164936 total
: 1920K->1196K(109248K), 0,0025380 secs] 241105K->240381K(502464K), 0,0025844 secs] [Times: user=0,01 sys=0,00, real=0,00 secs] 
Heap after GC invocations=270 (full 166):
 par new generation   total 109248K, used 1196K [0x00000000e0000000, 0x00000000e8000000, 0x00000000e8000000)
  eden space 87424K,   0% used [0x00000000e0000000, 0x00000000e0000000, 0x00000000e5560000)
  from space 21824K,   5% used [0x00000000e5560000, 0x00000000e568b090, 0x00000000e6ab0000)
  to   space 21824K,   0% used [0x00000000e6ab0000, 0x00000000e6ab0000, 0x00000000e8000000)
 concurrent mark-sweep generation total 393216K, used 239185K [0x00000000e8000000, 0x0000000100000000, 0x0000000100000000)
 Metaspace       used 32643K, capacity 33096K, committed 33732K, reserved 1079296K
  class space    used 3580K, capacity 3736K, committed 3836K, reserved 1048576K
}
2017-07-31T16:08:56.699+0200: 15887,103: [Rescan (parallel) , 0,0006773 secs]2017-07-31T16:08:56.700+0200: 15887,104: [weak refs processing, 0,0004147 secs]2017-07-31T16:08:56.700+0200: 15887,105: [class unloading, 0,0067641 secs]2017-07-31T16:08:56.707+0200: 15887,111: [scrub symbol table, 0,0034327 secs]2017-07-31T16:08:56.710+0200: 15887,115: [scrub string table, 0,0005917 secs][1 CMS-remark: 239185K(393216K)] 240381K(502464K), 0,0151293 secs] [Times: user=0,02 sys=0,01, real=0,01 secs] 
2017-07-31T16:08:56.711+0200: 15887,116: Total time for which application threads were stopped: 0,0152732 seconds, Stopping threads took: 0,0000310 seconds
2017-07-31T16:08:56.712+0200: 15887,116: [CMS-concurrent-sweep-start]
2017-07-31T16:08:56.737+0200: 15887,141: [CMS-concurrent-sweep: 0,025/0,025 secs] [Times: user=0,02 sys=0,00, real=0,03 secs] 
2017-07-31T16:08:56.737+0200: 15887,142: [CMS-concurrent-reset-start]
2017-07-31T16:08:56.738+0200: 15887,142: [CMS-concurrent-reset: 0,000/0,000 secs] [Times: user=0,00 sys=0,00, real=0,00 secs] 
2017-07-31T16:08:58.737+0200: 15889,141: [GC (CMS Initial Mark) [1 CMS-initial-mark: 239183K(393216K)] 242440K(502464K), 0,0011354 secs] [Times: user=0,01 sys=0,00, real=0,00 secs] 
2017-07-31T16:08:58.738+0200: 15889,143: Total time for which application threads were stopped: 0,0012960 seconds, Stopping threads took: 0,0000245 seconds
2017-07-31T16:08:58.738+0200: 15889,143: [CMS-concurrent-mark-start]
2017-07-31T16:08:58.781+0200: 15889,185: [CMS-concurrent-mark: 0,043/0,043 secs] [Times: user=0,17 sys=0,00, real=0,05 secs] 
2017-07-31T16:08:58.781+0200: 15889,185: [CMS-concurrent-preclean-start]
2017-07-31T16:08:58.782+0200: 15889,187: [CMS-concurrent-preclean: 0,001/0,001 secs] [Times: user=0,00 sys=0,00, real=0,00 secs] 
2017-07-31T16:08:58.782+0200: 15889,187: [CMS-concurrent-abortable-preclean-start]
 CMS: abort preclean due to time 2017-07-31T16:09:04.851+0200: 15895,255: [CMS-concurrent-abortable-preclean: 0,163/6,068 secs] [Times: user=0,17 sys=0,00, real=6,06 secs] 
2017-07-31T16:09:04.851+0200: 15895,255: [GC (CMS Final Remark) [YG occupancy: 3943 K (109248 K)]{Heap before GC invocations=270 (full 167):
 par new generation   total 109248K, used 3943K [0x00000000e0000000, 0x00000000e8000000, 0x00000000e8000000)
  eden space 87424K,   3% used [0x00000000e0000000, 0x00000000e02aee70, 0x00000000e5560000)
  from space 21824K,   5% used [0x00000000e5560000, 0x00000000e568b090, 0x00000000e6ab0000)
  to   space 21824K,   0% used [0x00000000e6ab0000, 0x00000000e6ab0000, 0x00000000e8000000)
 concurrent mark-sweep generation total 393216K, used 239183K [0x00000000e8000000, 0x0000000100000000, 0x0000000100000000)
 Metaspace       used 32643K, capacity 33096K, committed 33732K, reserved 1079296K
  class space    used 3580K, capacity 3736K, committed 3836K, reserved 1048576K
2017-07-31T16:09:04.851+0200: 15895,255: [GC (CMS Final Remark) 2017-07-31T16:09:04.851+0200: 15895,256: [ParNew
Desired survivor size 20112992 bytes, new threshold 8 (max 8)
- age   1:        192 bytes,        192 total
- age   3:    1164528 bytes,    1164720 total
- age   4:        184 bytes,    1164904 total
: 3943K->1149K(109248K), 0,0050816 secs] 243127K->240332K(502464K), 0,0051420 secs] [Times: user=0,01 sys=0,00, real=0,01 secs] 
Heap after GC invocations=271 (full 167):
 par new generation   total 109248K, used 1149K [0x00000000e0000000, 0x00000000e8000000, 0x00000000e8000000)
  eden space 87424K,   0% used [0x00000000e0000000, 0x00000000e0000000, 0x00000000e5560000)
  from space 21824K,   5% used [0x00000000e6ab0000, 0x00000000e6bcf530, 0x00000000e8000000)
  to   space 21824K,   0% used [0x00000000e5560000, 0x00000000e5560000, 0x00000000e6ab0000)
 concurrent mark-sweep generation total 393216K, used 239183K [0x00000000e8000000, 0x0000000100000000, 0x0000000100000000)
 Metaspace       used 32643K, capacity 33096K, committed 33732K, reserved 1079296K
  class space    used 3580K, capacity 3736K, committed 3836K, reserved 1048576K
}
2017-07-31T16:09:04.856+0200: 15895,261: [Rescan (parallel) , 0,0008593 secs]2017-07-31T16:09:04.857+0200: 15895,262: [weak refs processing, 0,0005262 secs]2017-07-31T16:09:04.858+0200: 15895,262: [class unloading, 0,0082857 secs]2017-07-31T16:09:04.866+0200: 15895,270: [scrub symbol table, 0,0038241 secs]2017-07-31T16:09:04.870+0200: 15895,274: [scrub string table, 0,0007070 secs][1 CMS-remark: 239183K(393216K)] 240332K(502464K), 0,0196927 secs] [Times: user=0,02 sys=0,00, real=0,02 secs] 
2017-07-31T16:09:04.871+0200: 15895,275: Total time for which application threads were stopped: 0,0198483 seconds, Stopping threads took: 0,0000310 seconds
2017-07-31T16:09:04.871+0200: 15895,275: [CMS-concurrent-sweep-start]
2017-07-31T16:09:04.903+0200: 15895,307: [CMS-concurrent-sweep: 0,032/0,032 secs] [Times: user=0,04 sys=0,00, real=0,04 secs] 
2017-07-31T16:09:04.903+0200: 15895,307: [CMS-concurrent-reset-start]
2017-07-31T16:09:04.903+0200: 15895,308: [CMS-concurrent-reset: 0,001/0,001 secs] [Times: user=0,00 sys=0,00, real=0,00 secs] 
2017-07-31T16:09:06.903+0200: 15897,307: [GC (CMS Initial Mark) [1 CMS-initial-mark: 239183K(393216K)] 241019K(502464K), 0,0009147 secs] [Times: user=0,00 sys=0,00, real=0,00 secs] 
2017-07-31T16:09:06.904+0200: 15897,308: Total time for which application threads were stopped: 0,0010755 seconds, Stopping threads took: 0,0000340 seconds
2017-07-31T16:09:06.904+0200: 15897,308: [CMS-concurrent-mark-start]
2017-07-31T16:09:06.928+0200: 15897,332: [CMS-concurrent-mark: 0,024/0,024 secs] [Times: user=0,10 sys=0,00, real=0,02 secs] 
2017-07-31T16:09:06.928+0200: 15897,332: [CMS-concurrent-preclean-start]
2017-07-31T16:09:06.929+0200: 15897,334: [CMS-concurrent-preclean: 0,001/0,001 secs] [Times: user=0,00 sys=0,00, real=0,00 secs] 
2017-07-31T16:09:06.930+0200: 15897,334: [GC (CMS Final Remark) [YG occupancy: 1835 K (109248 K)]{Heap before GC invocations=271 (full 168):
 par new generation   total 109248K, used 1835K [0x00000000e0000000, 0x00000000e8000000, 0x00000000e8000000)
  eden space 87424K,   0% used [0x00000000e0000000, 0x00000000e00ab9a0, 0x00000000e5560000)
  from space 21824K,   5% used [0x00000000e6ab0000, 0x00000000e6bcf530, 0x00000000e8000000)
  to   space 21824K,   0% used [0x00000000e5560000, 0x00000000e5560000, 0x00000000e6ab0000)
 concurrent mark-sweep generation total 393216K, used 239183K [0x00000000e8000000, 0x0000000100000000, 0x0000000100000000)
 Metaspace       used 32643K, capacity 33096K, committed 33732K, reserved 1079296K
  class space    used 3580K, capacity 3736K, committed 3836K, reserved 1048576K
2017-07-31T16:09:06.930+0200: 15897,334: [GC (CMS Final Remark) 2017-07-31T16:09:06.930+0200: 15897,334: [ParNew
Desired survivor size 20112992 bytes, new threshold 8 (max 8)
- age   1:         64 bytes,         64 total
- age   2:        128 bytes,        192 total
- age   4:    1164504 bytes,    1164696 total
- age   5:        184 bytes,    1164880 total
: 1835K->1183K(109248K), 0,0021355 secs] 241019K->240366K(502464K), 0,0021838 secs] [Times: user=0,00 sys=0,00, real=0,00 secs] 
Heap after GC invocations=272 (full 168):
 par new generation   total 109248K, used 1183K [0x00000000e0000000, 0x00000000e8000000, 0x00000000e8000000)
  eden space 87424K,   0% used [0x00000000e0000000, 0x00000000e0000000, 0x00000000e5560000)
  from space 21824K,   5% used [0x00000000e5560000, 0x00000000e5687ce0, 0x00000000e6ab0000)
  to   space 21824K,   0% used [0x00000000e6ab0000, 0x00000000e6ab0000, 0x00000000e8000000)
 concurrent mark-sweep generation total 393216K, used 239183K [0x00000000e8000000, 0x0000000100000000, 0x0000000100000000)
 Metaspace       used 32643K, capacity 33096K, committed 33732K, reserved 1079296K
  class space    used 3580K, capacity 3736K, committed 3836K, reserved 1048576K
}
2017-07-31T16:09:06.932+0200: 15897,336: [Rescan (parallel) , 0,0007843 secs]2017-07-31T16:09:06.933+0200: 15897,337: [weak refs processing, 0,0004778 secs]2017-07-31T16:09:06.933+0200: 15897,338: [class unloading, 0,0069718 secs]2017-07-31T16:09:06.940+0200: 15897,345: [scrub symbol table, 0,0033614 secs]2017-07-31T16:09:06.943+0200: 15897,348: [scrub string table, 0,0006036 secs][1 CMS-remark: 239183K(393216K)] 240366K(502464K), 0,0146748 secs] [Times: user=0,02 sys=0,00, real=0,02 secs] 
2017-07-31T16:09:06.944+0200: 15897,349: Total time for which application threads were stopped: 0,0147920 seconds, Stopping threads took: 0,0000200 seconds
2017-07-31T16:09:06.944+0200: 15897,349: [CMS-concurrent-sweep-start]
2017-07-31T16:09:06.972+0200: 15897,377: [CMS-concurrent-sweep: 0,028/0,028 secs] [Times: user=0,03 sys=0,00, real=0,03 secs] 
2017-07-31T16:09:06.972+0200: 15897,377: [CMS-concurrent-reset-start]
2017-07-31T16:09:06.973+0200: 15897,377: [CMS-concurrent-reset: 0,001/0,001 secs] [Times: user=0,00 sys=0,00, real=0,00 secs] 
2017-07-31T16:09:08.487+0200: 15898,891: Total time for which application threads were stopped: 0,0013289 seconds, Stopping threads took: 0,0011999 seconds
2017-07-31T16:09:08.488+0200: 15898,892: Total time for which application threads were stopped: 0,0001196 seconds, Stopping threads took: 0,0000296 seconds
2017-07-31T16:09:08.973+0200: 15899,377: [GC (CMS Initial Mark) [1 CMS-initial-mark: 239183K(393216K)] 242880K(502464K), 0,0009226 secs] [Times: user=0,00 sys=0,00, real=0,00 secs] 
2017-07-31T16:09:08.974+0200: 15899,378: Total time for which application threads were stopped: 0,0010711 seconds, Stopping threads took: 0,0000234 seconds
2017-07-31T16:09:08.974+0200: 15899,378: [CMS-concurrent-mark-start]
2017-07-31T16:09:09.001+0200: 15899,406: [CMS-concurrent-mark: 0,027/0,027 secs] [Times: user=0,11 sys=0,00, real=0,03 secs] 
2017-07-31T16:09:09.001+0200: 15899,406: [CMS-concurrent-preclean-start]
2017-07-31T16:09:09.003+0200: 15899,407: [CMS-concurrent-preclean: 0,001/0,001 secs] [Times: user=0,00 sys=0,00, real=0,00 secs] 
2017-07-31T16:09:09.003+0200: 15899,407: [CMS-concurrent-abortable-preclean-start]
 CMS: abort preclean due to time 2017-07-31T16:09:15.065+0200: 15905,469: [CMS-concurrent-abortable-preclean: 0,157/6,062 secs] [Times: user=0,15 sys=0,01, real=6,06 secs] 
2017-07-31T16:09:15.065+0200: 15905,470: [GC (CMS Final Remark) [YG occupancy: 4002 K (109248 K)]{Heap before GC invocations=272 (full 169):
 par new generation   total 109248K, used 4002K [0x00000000e0000000, 0x00000000e8000000, 0x00000000e8000000)
  eden space 87424K,   3% used [0x00000000e0000000, 0x00000000e02c0ef8, 0x00000000e5560000)
  from space 21824K,   5% used [0x00000000e5560000, 0x00000000e5687ce0, 0x00000000e6ab0000)
  to   space 21824K,   0% used [0x00000000e6ab0000, 0x00000000e6ab0000, 0x00000000e8000000)
 concurrent mark-sweep generation total 393216K, used 239183K [0x00000000e8000000, 0x0000000100000000, 0x0000000100000000)
 Metaspace       used 32672K, capacity 33160K, committed 33732K, reserved 1079296K
  class space    used 3580K, capacity 3736K, committed 3836K, reserved 1048576K
2017-07-31T16:09:15.065+0200: 15905,470: [GC (CMS Final Remark) 2017-07-31T16:09:15.065+0200: 15905,470: [ParNew
Desired survivor size 20112992 bytes, new threshold 8 (max 8)
- age   1:       3976 bytes,       3976 total
- age   5:    1164312 bytes,    1168288 total
- age   6:         64 bytes,    1168352 total
: 4002K->1197K(109248K), 0,0043103 secs] 243186K->240380K(502464K), 0,0043709 secs] [Times: user=0,01 sys=0,00, real=0,00 secs] 
Heap after GC invocations=273 (full 169):
 par new generation   total 109248K, used 1197K [0x00000000e0000000, 0x00000000e8000000, 0x00000000e8000000)
  eden space 87424K,   0% used [0x00000000e0000000, 0x00000000e0000000, 0x00000000e5560000)
  from space 21824K,   5% used [0x00000000e6ab0000, 0x00000000e6bdb620, 0x00000000e8000000)
  to   space 21824K,   0% used [0x00000000e5560000, 0x00000000e5560000, 0x00000000e6ab0000)
 concurrent mark-sweep generation total 393216K, used 239183K [0x00000000e8000000, 0x0000000100000000, 0x0000000100000000)
 Metaspace       used 32672K, capacity 33160K, committed 33732K, reserved 1079296K
  class space    used 3580K, capacity 3736K, committed 3836K, reserved 1048576K
}
2017-07-31T16:09:15.070+0200: 15905,474: [Rescan (parallel) , 0,0007774 secs]2017-07-31T16:09:15.070+0200: 15905,475: [weak refs processing, 0,0005047 secs]2017-07-31T16:09:15.071+0200: 15905,475: [class unloading, 0,0081672 secs]2017-07-31T16:09:15.079+0200: 15905,484: [scrub symbol table, 0,0040263 secs]2017-07-31T16:09:15.083+0200: 15905,488: [scrub string table, 0,0007494 secs][1 CMS-remark: 239183K(393216K)] 240380K(502464K), 0,0189073 secs] [Times: user=0,03 sys=0,00, real=0,02 secs] 
2017-07-31T16:09:15.084+0200: 15905,489: Total time for which application threads were stopped: 0,0190580 seconds, Stopping threads took: 0,0000329 seconds
2017-07-31T16:09:15.084+0200: 15905,489: [CMS-concurrent-sweep-start]
2017-07-31T16:09:15.115+0200: 15905,520: [CMS-concurrent-sweep: 0,031/0,031 secs] [Times: user=0,03 sys=0,00, real=0,03 secs] 
2017-07-31T16:09:15.116+0200: 15905,520: [CMS-concurrent-reset-start]
2017-07-31T16:09:15.116+0200: 15905,521: [CMS-concurrent-reset: 0,001/0,001 secs] [Times: user=0,00 sys=0,00, real=0,00 secs] 
2017-07-31T16:09:17.115+0200: 15907,520: [GC (CMS Initial Mark) [1 CMS-initial-mark: 239183K(393216K)] 240634K(502464K), 0,0010967 secs] [Times: user=0,00 sys=0,00, real=0,00 secs] 
2017-07-31T16:09:17.117+0200: 15907,521: Total time for which application threads were stopped: 0,0012477 seconds, Stopping threads took: 0,0000243 seconds
2017-07-31T16:09:17.117+0200: 15907,521: [CMS-concurrent-mark-start]
2017-07-31T16:09:17.146+0200: 15907,550: [CMS-concurrent-mark: 0,029/0,029 secs] [Times: user=0,11 sys=0,00, real=0,03 secs] 
2017-07-31T16:09:17.146+0200: 15907,550: [CMS-concurrent-preclean-start]
2017-07-31T16:09:17.147+0200: 15907,551: [CMS-concurrent-preclean: 0,001/0,001 secs] [Times: user=0,00 sys=0,00, real=0,00 secs] 
2017-07-31T16:09:17.147+0200: 15907,552: [GC (CMS Final Remark) [YG occupancy: 1451 K (109248 K)]{Heap before GC invocations=273 (full 170):
 par new generation   total 109248K, used 1451K [0x00000000e0000000, 0x00000000e8000000, 0x00000000e8000000)
  eden space 87424K,   0% used [0x00000000e0000000, 0x00000000e003f860, 0x00000000e5560000)
  from space 21824K,   5% used [0x00000000e6ab0000, 0x00000000e6bdb620, 0x00000000e8000000)
  to   space 21824K,   0% used [0x00000000e5560000, 0x00000000e5560000, 0x00000000e6ab0000)
 concurrent mark-sweep generation total 393216K, used 239183K [0x00000000e8000000, 0x0000000100000000, 0x0000000100000000)
 Metaspace       used 32672K, capacity 33160K, committed 33732K, reserved 1079296K
  class space    used 3580K, capacity 3736K, committed 3836K, reserved 1048576K
2017-07-31T16:09:17.147+0200: 15907,552: [GC (CMS Final Remark) 2017-07-31T16:09:17.147+0200: 15907,552: [ParNew
Desired survivor size 20112992 bytes, new threshold 8 (max 8)
- age   1:         32 bytes,         32 total
- age   2:       3944 bytes,       3976 total
- age   6:    1164272 bytes,    1168248 total
- age   7:         64 bytes,    1168312 total
: 1451K->1157K(109248K), 0,0037635 secs] 240634K->240340K(502464K), 0,0038151 secs] [Times: user=0,01 sys=0,00, real=0,00 secs] 
Heap after GC invocations=274 (full 170):
 par new generation   total 109248K, used 1157K [0x00000000e0000000, 0x00000000e8000000, 0x00000000e8000000)
  eden space 87424K,   0% used [0x00000000e0000000, 0x00000000e0000000, 0x00000000e5560000)
  from space 21824K,   5% used [0x00000000e5560000, 0x00000000e56815c8, 0x00000000e6ab0000)
  to   space 21824K,   0% used [0x00000000e6ab0000, 0x00000000e6ab0000, 0x00000000e8000000)
 concurrent mark-sweep generation total 393216K, used 239183K [0x00000000e8000000, 0x0000000100000000, 0x0000000100000000)
 Metaspace       used 32672K, capacity 33160K, committed 33732K, reserved 1079296K
  class space    used 3580K, capacity 3736K, committed 3836K, reserved 1048576K
}
2017-07-31T16:09:17.151+0200: 15907,556: [Rescan (parallel) , 0,0006594 secs]2017-07-31T16:09:17.152+0200: 15907,556: [weak refs processing, 0,0004593 secs]2017-07-31T16:09:17.152+0200: 15907,557: [class unloading, 0,0075077 secs]2017-07-31T16:09:17.160+0200: 15907,564: [scrub symbol table, 0,0036310 secs]2017-07-31T16:09:17.163+0200: 15907,568: [scrub string table, 0,0006244 secs][1 CMS-remark: 239183K(393216K)] 240340K(502464K), 0,0170232 secs] [Times: user=0,02 sys=0,00, real=0,02 secs] 
2017-07-31T16:09:17.164+0200: 15907,569: Total time for which application threads were stopped: 0,0171549 seconds, Stopping threads took: 0,0000222 seconds
2017-07-31T16:09:17.164+0200: 15907,569: [CMS-concurrent-sweep-start]
2017-07-31T16:09:17.192+0200: 15907,597: [CMS-concurrent-sweep: 0,028/0,028 secs] [Times: user=0,03 sys=0,00, real=0,03 secs] 
2017-07-31T16:09:17.192+0200: 15907,597: [CMS-concurrent-reset-start]
2017-07-31T16:09:17.193+0200: 15907,597: [CMS-concurrent-reset: 0,001/0,001 secs] [Times: user=0,00 sys=0,00, real=0,00 secs] 
2017-07-31T16:09:19.192+0200: 15909,597: [GC (CMS Initial Mark) [1 CMS-initial-mark: 239182K(393216K)] 242833K(502464K), 0,0006729 secs] [Times: user=0,00 sys=0,00, real=0,00 secs] 
2017-07-31T16:09:19.193+0200: 15909,597: Total time for which application threads were stopped: 0,0008100 seconds, Stopping threads took: 0,0000179 seconds
2017-07-31T16:09:19.193+0200: 15909,597: [CMS-concurrent-mark-start]
2017-07-31T16:09:19.208+0200: 15909,613: [CMS-concurrent-mark: 0,015/0,015 secs] [Times: user=0,07 sys=0,00, real=0,01 secs] 
2017-07-31T16:09:19.208+0200: 15909,613: [CMS-concurrent-preclean-start]
2017-07-31T16:09:19.209+0200: 15909,613: [CMS-concurrent-preclean: 0,001/0,001 secs] [Times: user=0,00 sys=0,00, real=0,00 secs] 
2017-07-31T16:09:19.209+0200: 15909,613: [CMS-concurrent-abortable-preclean-start]
 CMS: abort preclean due to time 2017-07-31T16:09:25.248+0200: 15915,652: [CMS-concurrent-abortable-preclean: 0,134/6,039 secs] [Times: user=0,14 sys=0,00, real=6,04 secs] 
2017-07-31T16:09:25.248+0200: 15915,653: [GC (CMS Final Remark) [YG occupancy: 3905 K (109248 K)]{Heap before GC invocations=274 (full 171):
 par new generation   total 109248K, used 3905K [0x00000000e0000000, 0x00000000e8000000, 0x00000000e8000000)
  eden space 87424K,   3% used [0x00000000e0000000, 0x00000000e02aee70, 0x00000000e5560000)
  from space 21824K,   5% used [0x00000000e5560000, 0x00000000e56815c8, 0x00000000e6ab0000)
  to   space 21824K,   0% used [0x00000000e6ab0000, 0x00000000e6ab0000, 0x00000000e8000000)
 concurrent mark-sweep generation total 393216K, used 239182K [0x00000000e8000000, 0x0000000100000000, 0x0000000100000000)
 Metaspace       used 32672K, capacity 33160K, committed 33732K, reserved 1079296K
  class space    used 3580K, capacity 3736K, committed 3836K, reserved 1048576K
2017-07-31T16:09:25.248+0200: 15915,653: [GC (CMS Final Remark) 2017-07-31T16:09:25.248+0200: 15915,653: [ParNew
Desired survivor size 20112992 bytes, new threshold 8 (max 8)
- age   1:        192 bytes,        192 total
- age   3:       3784 bytes,       3976 total
- age   7:    1164312 bytes,    1168288 total
- age   8:         64 bytes,    1168352 total
: 3905K->1159K(109248K), 0,0014543 secs] 243088K->240342K(502464K), 0,0014951 secs] [Times: user=0,00 sys=0,00, real=0,00 secs] 
Heap after GC invocations=275 (full 171):
 par new generation   total 109248K, used 1159K [0x00000000e0000000, 0x00000000e8000000, 0x00000000e8000000)
  eden space 87424K,   0% used [0x00000000e0000000, 0x00000000e0000000, 0x00000000e5560000)
  from space 21824K,   5% used [0x00000000e6ab0000, 0x00000000e6bd1d68, 0x00000000e8000000)
  to   space 21824K,   0% used [0x00000000e5560000, 0x00000000e5560000, 0x00000000e6ab0000)
 concurrent mark-sweep generation total 393216K, used 239182K [0x00000000e8000000, 0x0000000100000000, 0x0000000100000000)
 Metaspace       used 32672K, capacity 33160K, committed 33732K, reserved 1079296K
  class space    used 3580K, capacity 3736K, committed 3836K, reserved 1048576K
}
2017-07-31T16:09:25.250+0200: 15915,654: [Rescan (parallel) , 0,0005506 secs]2017-07-31T16:09:25.250+0200: 15915,655: [weak refs processing, 0,0002619 secs]2017-07-31T16:09:25.250+0200: 15915,655: [class unloading, 0,0051963 secs]2017-07-31T16:09:25.256+0200: 15915,660: [scrub symbol table, 0,0026337 secs]2017-07-31T16:09:25.258+0200: 15915,663: [scrub string table, 0,0004563 secs][1 CMS-remark: 239182K(393216K)] 240342K(502464K), 0,0107829 secs] [Times: user=0,01 sys=0,00, real=0,01 secs] 
2017-07-31T16:09:25.259+0200: 15915,663: Total time for which application threads were stopped: 0,0109180 seconds, Stopping threads took: 0,0000446 seconds
2017-07-31T16:09:25.259+0200: 15915,663: [CMS-concurrent-sweep-start]
2017-07-31T16:09:25.279+0200: 15915,684: [CMS-concurrent-sweep: 0,020/0,020 secs] [Times: user=0,02 sys=0,00, real=0,02 secs] 
2017-07-31T16:09:25.279+0200: 15915,684: [CMS-concurrent-reset-start]
2017-07-31T16:09:25.280+0200: 15915,684: [CMS-concurrent-reset: 0,001/0,001 secs] [Times: user=0,00 sys=0,00, real=0,00 secs] 
2017-07-31T16:09:27.279+0200: 15917,684: [GC (CMS Initial Mark) [1 CMS-initial-mark: 239182K(393216K)] 240342K(502464K), 0,0009903 secs] [Times: user=0,01 sys=0,00, real=0,01 secs] 
2017-07-31T16:09:27.280+0200: 15917,685: Total time for which application threads were stopped: 0,0011551 seconds, Stopping threads took: 0,0000240 seconds
2017-07-31T16:09:27.280+0200: 15917,685: [CMS-concurrent-mark-start]
2017-07-31T16:09:27.304+0200: 15917,708: [CMS-concurrent-mark: 0,023/0,023 secs] [Times: user=0,09 sys=0,00, real=0,02 secs] 
2017-07-31T16:09:27.304+0200: 15917,708: [CMS-concurrent-preclean-start]
2017-07-31T16:09:27.305+0200: 15917,710: [CMS-concurrent-preclean: 0,002/0,002 secs] [Times: user=0,00 sys=0,00, real=0,00 secs] 
2017-07-31T16:09:27.306+0200: 15917,710: [GC (CMS Final Remark) [YG occupancy: 1159 K (109248 K)]{Heap before GC invocations=275 (full 172):
 par new generation   total 109248K, used 1159K [0x00000000e0000000, 0x00000000e8000000, 0x00000000e8000000)
  eden space 87424K,   0% used [0x00000000e0000000, 0x00000000e0000000, 0x00000000e5560000)
  from space 21824K,   5% used [0x00000000e6ab0000, 0x00000000e6bd1d68, 0x00000000e8000000)
  to   space 21824K,   0% used [0x00000000e5560000, 0x00000000e5560000, 0x00000000e6ab0000)
 concurrent mark-sweep generation total 393216K, used 239182K [0x00000000e8000000, 0x0000000100000000, 0x0000000100000000)
 Metaspace       used 32672K, capacity 33160K, committed 33732K, reserved 1079296K
  class space    used 3580K, capacity 3736K, committed 3836K, reserved 1048576K
2017-07-31T16:09:27.306+0200: 15917,710: [GC (CMS Final Remark) 2017-07-31T16:09:27.306+0200: 15917,710: [ParNew
Desired survivor size 20112992 bytes, new threshold 8 (max 8)
- age   2:        192 bytes,        192 total
- age   4:       3784 bytes,       3976 total
- age   8:    1164312 bytes,    1168288 total
: 1159K->1202K(109248K), 0,0023183 secs] 240342K->240385K(502464K), 0,0023827 secs] [Times: user=0,00 sys=0,01, real=0,00 secs] 
Heap after GC invocations=276 (full 172):
 par new generation   total 109248K, used 1202K [0x00000000e0000000, 0x00000000e8000000, 0x00000000e8000000)
  eden space 87424K,   0% used [0x00000000e0000000, 0x00000000e0000000, 0x00000000e5560000)
  from space 21824K,   5% used [0x00000000e5560000, 0x00000000e568c8b8, 0x00000000e6ab0000)
  to   space 21824K,   0% used [0x00000000e6ab0000, 0x00000000e6ab0000, 0x00000000e8000000)
 concurrent mark-sweep generation total 393216K, used 239183K [0x00000000e8000000, 0x0000000100000000, 0x0000000100000000)
 Metaspace       used 32672K, capacity 33160K, committed 33732K, reserved 1079296K
  class space    used 3580K, capacity 3736K, committed 3836K, reserved 1048576K
}
2017-07-31T16:09:27.308+0200: 15917,712: [Rescan (parallel) , 0,0006083 secs]2017-07-31T16:09:27.309+0200: 15917,713: [weak refs processing, 0,0003105 secs]2017-07-31T16:09:27.309+0200: 15917,713: [class unloading, 0,0059325 secs]2017-07-31T16:09:27.315+0200: 15917,719: [scrub symbol table, 0,0029430 secs]2017-07-31T16:09:27.318+0200: 15917,722: [scrub string table, 0,0005641 secs][1 CMS-remark: 239183K(393216K)] 240385K(502464K), 0,0129575 secs] [Times: user=0,01 sys=0,01, real=0,01 secs] 
2017-07-31T16:09:27.319+0200: 15917,723: Total time for which application threads were stopped: 0,0130786 seconds, Stopping threads took: 0,0000217 seconds
2017-07-31T16:09:27.319+0200: 15917,723: [CMS-concurrent-sweep-start]
2017-07-31T16:09:27.341+0200: 15917,746: [CMS-concurrent-sweep: 0,023/0,023 secs] [Times: user=0,03 sys=0,00, real=0,03 secs] 
2017-07-31T16:09:27.342+0200: 15917,746: [CMS-concurrent-reset-start]
2017-07-31T16:09:27.342+0200: 15917,747: [CMS-concurrent-reset: 0,001/0,001 secs] [Times: user=0,00 sys=0,00, real=0,00 secs] 
2017-07-31T16:09:29.341+0200: 15919,746: [GC (CMS Initial Mark) [1 CMS-initial-mark: 239183K(393216K)] 242878K(502464K), 0,0010409 secs] [Times: user=0,00 sys=0,00, real=0,00 secs] 
2017-07-31T16:09:29.342+0200: 15919,747: Total time for which application threads were stopped: 0,0012093 seconds, Stopping threads took: 0,0000239 seconds
2017-07-31T16:09:29.343+0200: 15919,747: [CMS-concurrent-mark-start]
2017-07-31T16:09:29.375+0200: 15919,779: [CMS-concurrent-mark: 0,032/0,032 secs] [Times: user=0,13 sys=0,00, real=0,03 secs] 
2017-07-31T16:09:29.375+0200: 15919,779: [CMS-concurrent-preclean-start]
2017-07-31T16:09:29.377+0200: 15919,781: [CMS-concurrent-preclean: 0,002/0,002 secs] [Times: user=0,00 sys=0,00, real=0,00 secs] 
2017-07-31T16:09:29.377+0200: 15919,781: [CMS-concurrent-abortable-preclean-start]
 CMS: abort preclean due to time 2017-07-31T16:09:35.438+0200: 15925,842: [CMS-concurrent-abortable-preclean: 0,156/6,061 secs] [Times: user=0,16 sys=0,01, real=6,06 secs] 
2017-07-31T16:09:35.438+0200: 15925,843: [GC (CMS Final Remark) [YG occupancy: 3949 K (109248 K)]{Heap before GC invocations=276 (full 173):
 par new generation   total 109248K, used 3949K [0x00000000e0000000, 0x00000000e8000000, 0x00000000e8000000)
  eden space 87424K,   3% used [0x00000000e0000000, 0x00000000e02aee70, 0x00000000e5560000)
  from space 21824K,   5% used [0x00000000e5560000, 0x00000000e568c8b8, 0x00000000e6ab0000)
  to   space 21824K,   0% used [0x00000000e6ab0000, 0x00000000e6ab0000, 0x00000000e8000000)
 concurrent mark-sweep generation total 393216K, used 239183K [0x00000000e8000000, 0x0000000100000000, 0x0000000100000000)
 Metaspace       used 32672K, capacity 33160K, committed 33732K, reserved 1079296K
  class space    used 3580K, capacity 3736K, committed 3836K, reserved 1048576K
2017-07-31T16:09:35.438+0200: 15925,843: [GC (CMS Final Remark) 2017-07-31T16:09:35.438+0200: 15925,843: [ParNew
Desired survivor size 20112992 bytes, new threshold 8 (max 8)
- age   1:        192 bytes,        192 total
- age   5:       3784 bytes,       3976 total
: 3949K->79K(109248K), 0,0030344 secs] 243132K->240400K(502464K), 0,0030911 secs] [Times: user=0,00 sys=0,00, real=0,01 secs] 
Heap after GC invocations=277 (full 173):
 par new generation   total 109248K, used 79K [0x00000000e0000000, 0x00000000e8000000, 0x00000000e8000000)
  eden space 87424K,   0% used [0x00000000e0000000, 0x00000000e0000000, 0x00000000e5560000)
  from space 21824K,   0% used [0x00000000e6ab0000, 0x00000000e6ac3fe0, 0x00000000e8000000)
  to   space 21824K,   0% used [0x00000000e5560000, 0x00000000e5560000, 0x00000000e6ab0000)
 concurrent mark-sweep generation total 393216K, used 240320K [0x00000000e8000000, 0x0000000100000000, 0x0000000100000000)
 Metaspace       used 32672K, capacity 33160K, committed 33732K, reserved 1079296K
  class space    used 3580K, capacity 3736K, committed 3836K, reserved 1048576K
}
2017-07-31T16:09:35.442+0200: 15925,846: [Rescan (parallel) , 0,0009784 secs]2017-07-31T16:09:35.443+0200: 15925,847: [weak refs processing, 0,0003888 secs]2017-07-31T16:09:35.443+0200: 15925,847: [class unloading, 0,0075142 secs]2017-07-31T16:09:35.450+0200: 15925,855: [scrub symbol table, 0,0035722 secs]2017-07-31T16:09:35.454+0200: 15925,859: [scrub string table, 0,0006359 secs][1 CMS-remark: 240320K(393216K)] 240400K(502464K), 0,0167357 secs] [Times: user=0,02 sys=0,00, real=0,02 secs] 
2017-07-31T16:09:35.455+0200: 15925,860: Total time for which application threads were stopped: 0,0168734 seconds, Stopping threads took: 0,0000246 seconds
2017-07-31T16:09:35.455+0200: 15925,860: [CMS-concurrent-sweep-start]
2017-07-31T16:09:35.484+0200: 15925,888: [CMS-concurrent-sweep: 0,028/0,028 secs] [Times: user=0,03 sys=0,00, real=0,03 secs] 
2017-07-31T16:09:35.484+0200: 15925,888: [CMS-concurrent-reset-start]
2017-07-31T16:09:35.484+0200: 15925,889: [CMS-concurrent-reset: 0,001/0,001 secs] [Times: user=0,00 sys=0,00, real=0,00 secs] 
2017-07-31T16:09:37.484+0200: 15927,888: [GC (CMS Initial Mark) [1 CMS-initial-mark: 240320K(393216K)] 240400K(502464K), 0,0010070 secs] [Times: user=0,00 sys=0,00, real=0,00 secs] 
2017-07-31T16:09:37.485+0200: 15927,889: Total time for which application threads were stopped: 0,0011696 seconds, Stopping threads took: 0,0000243 seconds
2017-07-31T16:09:37.485+0200: 15927,889: [CMS-concurrent-mark-start]
2017-07-31T16:09:37.514+0200: 15927,918: [CMS-concurrent-mark: 0,029/0,029 secs] [Times: user=0,12 sys=0,00, real=0,03 secs] 
2017-07-31T16:09:37.514+0200: 15927,918: [CMS-concurrent-preclean-start]
2017-07-31T16:09:37.515+0200: 15927,920: [CMS-concurrent-preclean: 0,001/0,001 secs] [Times: user=0,00 sys=0,00, real=0,00 secs] 
2017-07-31T16:09:37.516+0200: 15927,920: [GC (CMS Final Remark) [YG occupancy: 79 K (109248 K)]{Heap before GC invocations=277 (full 174):
 par new generation   total 109248K, used 79K [0x00000000e0000000, 0x00000000e8000000, 0x00000000e8000000)
  eden space 87424K,   0% used [0x00000000e0000000, 0x00000000e0000000, 0x00000000e5560000)
  from space 21824K,   0% used [0x00000000e6ab0000, 0x00000000e6ac3fe0, 0x00000000e8000000)
  to   space 21824K,   0% used [0x00000000e5560000, 0x00000000e5560000, 0x00000000e6ab0000)
 concurrent mark-sweep generation total 393216K, used 240320K [0x00000000e8000000, 0x0000000100000000, 0x0000000100000000)
 Metaspace       used 32672K, capacity 33160K, committed 33732K, reserved 1079296K
  class space    used 3580K, capacity 3736K, committed 3836K, reserved 1048576K
2017-07-31T16:09:37.516+0200: 15927,920: [GC (CMS Final Remark) 2017-07-31T16:09:37.516+0200: 15927,920: [ParNew
Desired survivor size 20112992 bytes, new threshold 8 (max 8)
- age   2:        192 bytes,        192 total
- age   6:       3784 bytes,       3976 total
: 79K->20K(109248K), 0,0029725 secs] 240400K->240340K(502464K), 0,0030146 secs] [Times: user=0,01 sys=0,00, real=0,00 secs] 
Heap after GC invocations=278 (full 174):
 par new generation   total 109248K, used 20K [0x00000000e0000000, 0x00000000e8000000, 0x00000000e8000000)
  eden space 87424K,   0% used [0x00000000e0000000, 0x00000000e0000000, 0x00000000e5560000)
  from space 21824K,   0% used [0x00000000e5560000, 0x00000000e5565160, 0x00000000e6ab0000)
  to   space 21824K,   0% used [0x00000000e6ab0000, 0x00000000e6ab0000, 0x00000000e8000000)
 concurrent mark-sweep generation total 393216K, used 240320K [0x00000000e8000000, 0x0000000100000000, 0x0000000100000000)
 Metaspace       used 32672K, capacity 33160K, committed 33732K, reserved 1079296K
  class space    used 3580K, capacity 3736K, committed 3836K, reserved 1048576K
}
2017-07-31T16:09:37.519+0200: 15927,923: [Rescan (parallel) , 0,0004753 secs]2017-07-31T16:09:37.519+0200: 15927,924: [weak refs processing, 0,0004245 secs]2017-07-31T16:09:37.520+0200: 15927,924: [class unloading, 0,0070597 secs]2017-07-31T16:09:37.527+0200: 15927,931: [scrub symbol table, 0,0036954 secs]2017-07-31T16:09:37.530+0200: 15927,935: [scrub string table, 0,0006504 secs][1 CMS-remark: 240320K(393216K)] 240340K(502464K), 0,0156245 secs] [Times: user=0,02 sys=0,00, real=0,01 secs] 
2017-07-31T16:09:37.531+0200: 15927,936: Total time for which application threads were stopped: 0,0157476 seconds, Stopping threads took: 0,0000204 seconds
2017-07-31T16:09:37.531+0200: 15927,936: [CMS-concurrent-sweep-start]
2017-07-31T16:09:37.559+0200: 15927,963: [CMS-concurrent-sweep: 0,028/0,028 secs] [Times: user=0,03 sys=0,00, real=0,03 secs] 
2017-07-31T16:09:37.559+0200: 15927,964: [CMS-concurrent-reset-start]
2017-07-31T16:09:37.560+0200: 15927,964: [CMS-concurrent-reset: 0,001/0,001 secs] [Times: user=0,00 sys=0,00, real=0,00 secs] 
2017-07-31T16:09:39.559+0200: 15929,963: [GC (CMS Initial Mark) [1 CMS-initial-mark: 240320K(393216K)] 242908K(502464K), 0,0009490 secs] [Times: user=0,00 sys=0,00, real=0,00 secs] 
2017-07-31T16:09:39.560+0200: 15929,964: Total time for which application threads were stopped: 0,0011008 seconds, Stopping threads took: 0,0000318 seconds
2017-07-31T16:09:39.560+0200: 15929,964: [CMS-concurrent-mark-start]
2017-07-31T16:09:39.595+0200: 15929,999: [CMS-concurrent-mark: 0,035/0,035 secs] [Times: user=0,14 sys=0,00, real=0,04 secs] 
2017-07-31T16:09:39.595+0200: 15930,000: [CMS-concurrent-preclean-start]
2017-07-31T16:09:39.596+0200: 15930,001: [CMS-concurrent-preclean: 0,001/0,001 secs] [Times: user=0,00 sys=0,00, real=0,00 secs] 
2017-07-31T16:09:39.596+0200: 15930,001: [CMS-concurrent-abortable-preclean-start]
 CMS: abort preclean due to time 2017-07-31T16:09:45.684+0200: 15936,089: [CMS-concurrent-abortable-preclean: 0,082/6,088 secs] [Times: user=0,09 sys=0,00, real=6,09 secs] 
2017-07-31T16:09:45.684+0200: 15936,089: [GC (CMS Final Remark) [YG occupancy: 2893 K (109248 K)]{Heap before GC invocations=278 (full 175):
 par new generation   total 109248K, used 2893K [0x00000000e0000000, 0x00000000e8000000, 0x00000000e8000000)
  eden space 87424K,   3% used [0x00000000e0000000, 0x00000000e02ce5f8, 0x00000000e5560000)
  from space 21824K,   0% used [0x00000000e5560000, 0x00000000e5565160, 0x00000000e6ab0000)
  to   space 21824K,   0% used [0x00000000e6ab0000, 0x00000000e6ab0000, 0x00000000e8000000)
 concurrent mark-sweep generation total 393216K, used 240320K [0x00000000e8000000, 0x0000000100000000, 0x0000000100000000)
 Metaspace       used 32672K, capacity 33160K, committed 33732K, reserved 1079296K
  class space    used 3580K, capacity 3736K, committed 3836K, reserved 1048576K
2017-07-31T16:09:45.684+0200: 15936,089: [GC (CMS Final Remark) 2017-07-31T16:09:45.684+0200: 15936,089: [ParNew
Desired survivor size 20112992 bytes, new threshold 8 (max 8)
- age   1:        496 bytes,        496 total
- age   7:       3664 bytes,       4160 total
: 2893K->8K(109248K), 0,0036940 secs] 243214K->240328K(502464K), 0,0037457 secs] [Times: user=0,01 sys=0,00, real=0,00 secs] 
Heap after GC invocations=279 (full 175):
 par new generation   total 109248K, used 8K [0x00000000e0000000, 0x00000000e8000000, 0x00000000e8000000)
  eden space 87424K,   0% used [0x00000000e0000000, 0x00000000e0000000, 0x00000000e5560000)
  from space 21824K,   0% used [0x00000000e6ab0000, 0x00000000e6ab2040, 0x00000000e8000000)
  to   space 21824K,   0% used [0x00000000e5560000, 0x00000000e5560000, 0x00000000e6ab0000)
 concurrent mark-sweep generation total 393216K, used 240320K [0x00000000e8000000, 0x0000000100000000, 0x0000000100000000)
 Metaspace       used 32672K, capacity 33160K, committed 33732K, reserved 1079296K
  class space    used 3580K, capacity 3736K, committed 3836K, reserved 1048576K
}
2017-07-31T16:09:45.688+0200: 15936,093: [Rescan (parallel) , 0,0005977 secs]2017-07-31T16:09:45.689+0200: 15936,093: [weak refs processing, 0,0004971 secs]2017-07-31T16:09:45.689+0200: 15936,094: [class unloading, 0,0081519 secs]2017-07-31T16:09:45.698+0200: 15936,102: [scrub symbol table, 0,0038773 secs]2017-07-31T16:09:45.701+0200: 15936,106: [scrub string table, 0,0007042 secs][1 CMS-remark: 240320K(393216K)] 240328K(502464K), 0,0178786 secs] [Times: user=0,03 sys=0,00, real=0,02 secs] 
2017-07-31T16:09:45.702+0200: 15936,107: Total time for which application threads were stopped: 0,0180194 seconds, Stopping threads took: 0,0000231 seconds
2017-07-31T16:09:45.702+0200: 15936,107: [CMS-concurrent-sweep-start]
2017-07-31T16:09:45.734+0200: 15936,138: [CMS-concurrent-sweep: 0,031/0,031 secs] [Times: user=0,03 sys=0,00, real=0,03 secs] 
2017-07-31T16:09:45.734+0200: 15936,138: [CMS-concurrent-reset-start]
2017-07-31T16:09:45.734+0200: 15936,139: [CMS-concurrent-reset: 0,001/0,001 secs] [Times: user=0,00 sys=0,00, real=0,00 secs] 
2017-07-31T16:09:47.734+0200: 15938,138: [GC (CMS Initial Mark) [1 CMS-initial-mark: 240320K(393216K)] 241098K(502464K), 0,0010490 secs] [Times: user=0,00 sys=0,00, real=0,00 secs] 
2017-07-31T16:09:47.735+0200: 15938,139: Total time for which application threads were stopped: 0,0012165 seconds, Stopping threads took: 0,0000334 seconds
2017-07-31T16:09:47.735+0200: 15938,139: [CMS-concurrent-mark-start]
2017-07-31T16:09:47.767+0200: 15938,171: [CMS-concurrent-mark: 0,032/0,032 secs] [Times: user=0,13 sys=0,00, real=0,03 secs] 
2017-07-31T16:09:47.767+0200: 15938,171: [CMS-concurrent-preclean-start]
2017-07-31T16:09:47.768+0200: 15938,173: [CMS-concurrent-preclean: 0,002/0,002 secs] [Times: user=0,00 sys=0,00, real=0,00 secs] 
2017-07-31T16:09:47.769+0200: 15938,173: [GC (CMS Final Remark) [YG occupancy: 778 K (109248 K)]{Heap before GC invocations=279 (full 176):
 par new generation   total 109248K, used 778K [0x00000000e0000000, 0x00000000e8000000, 0x00000000e8000000)
  eden space 87424K,   0% used [0x00000000e0000000, 0x00000000e00c0938, 0x00000000e5560000)
  from space 21824K,   0% used [0x00000000e6ab0000, 0x00000000e6ab2040, 0x00000000e8000000)
  to   space 21824K,   0% used [0x00000000e5560000, 0x00000000e5560000, 0x00000000e6ab0000)
 concurrent mark-sweep generation total 393216K, used 240320K [0x00000000e8000000, 0x0000000100000000, 0x0000000100000000)
 Metaspace       used 32672K, capacity 33160K, committed 33732K, reserved 1079296K
  class space    used 3580K, capacity 3736K, committed 3836K, reserved 1048576K
2017-07-31T16:09:47.769+0200: 15938,173: [GC (CMS Final Remark) 2017-07-31T16:09:47.769+0200: 15938,173: [ParNew
Desired survivor size 20112992 bytes, new threshold 8 (max 8)
- age   1:         64 bytes,         64 total
- age   2:        432 bytes,        496 total
- age   8:       3664 bytes,       4160 total
: 778K->8K(109248K), 0,0025936 secs] 241098K->240328K(502464K), 0,0026376 secs] [Times: user=0,00 sys=0,00, real=0,00 secs] 
Heap after GC invocations=280 (full 176):
 par new generation   total 109248K, used 8K [0x00000000e0000000, 0x00000000e8000000, 0x00000000e8000000)
  eden space 87424K,   0% used [0x00000000e0000000, 0x00000000e0000000, 0x00000000e5560000)
  from space 21824K,   0% used [0x00000000e5560000, 0x00000000e5562040, 0x00000000e6ab0000)
  to   space 21824K,   0% used [0x00000000e6ab0000, 0x00000000e6ab0000, 0x00000000e8000000)
 concurrent mark-sweep generation total 393216K, used 240320K [0x00000000e8000000, 0x0000000100000000, 0x0000000100000000)
 Metaspace       used 32672K, capacity 33160K, committed 33732K, reserved 1079296K
  class space    used 3580K, capacity 3736K, committed 3836K, reserved 1048576K
}
2017-07-31T16:09:47.772+0200: 15938,176: [Rescan (parallel) , 0,0005608 secs]2017-07-31T16:09:47.772+0200: 15938,177: [weak refs processing, 0,0004415 secs]2017-07-31T16:09:47.773+0200: 15938,177: [class unloading, 0,0072504 secs]2017-07-31T16:09:47.780+0200: 15938,184: [scrub symbol table, 0,0034145 secs]2017-07-31T16:09:47.783+0200: 15938,188: [scrub string table, 0,0006143 secs][1 CMS-remark: 240320K(393216K)] 240328K(502464K), 0,0152137 secs] [Times: user=0,02 sys=0,00, real=0,02 secs] 
2017-07-31T16:09:47.784+0200: 15938,189: Total time for which application threads were stopped: 0,0153548 seconds, Stopping threads took: 0,0000321 seconds
2017-07-31T16:09:47.784+0200: 15938,189: [CMS-concurrent-sweep-start]
2017-07-31T16:09:47.811+0200: 15938,216: [CMS-concurrent-sweep: 0,027/0,027 secs] [Times: user=0,03 sys=0,00, real=0,02 secs] 
2017-07-31T16:09:47.811+0200: 15938,216: [CMS-concurrent-reset-start]
2017-07-31T16:09:47.812+0200: 15938,216: [CMS-concurrent-reset: 0,001/0,001 secs] [Times: user=0,00 sys=0,00, real=0,00 secs] 
2017-07-31T16:09:49.811+0200: 15940,215: [GC (CMS Initial Mark) [1 CMS-initial-mark: 240320K(393216K)] 242051K(502464K), 0,0009299 secs] [Times: user=0,00 sys=0,00, real=0,00 secs] 
2017-07-31T16:09:49.812+0200: 15940,216: Total time for which application threads were stopped: 0,0011266 seconds, Stopping threads took: 0,0000245 seconds
2017-07-31T16:09:49.812+0200: 15940,217: [CMS-concurrent-mark-start]
2017-07-31T16:09:49.842+0200: 15940,246: [CMS-concurrent-mark: 0,030/0,030 secs] [Times: user=0,12 sys=0,00, real=0,03 secs] 
2017-07-31T16:09:49.842+0200: 15940,246: [CMS-concurrent-preclean-start]
2017-07-31T16:09:49.843+0200: 15940,248: [CMS-concurrent-preclean: 0,001/0,001 secs] [Times: user=0,00 sys=0,00, real=0,00 secs] 
2017-07-31T16:09:49.844+0200: 15940,248: [GC (CMS Final Remark) [YG occupancy: 1731 K (109248 K)]{Heap before GC invocations=280 (full 177):
 par new generation   total 109248K, used 1731K [0x00000000e0000000, 0x00000000e8000000, 0x00000000e8000000)
  eden space 87424K,   1% used [0x00000000e0000000, 0x00000000e01aecd8, 0x00000000e5560000)
  from space 21824K,   0% used [0x00000000e5560000, 0x00000000e5562040, 0x00000000e6ab0000)
  to   space 21824K,   0% used [0x00000000e6ab0000, 0x00000000e6ab0000, 0x00000000e8000000)
 concurrent mark-sweep generation total 393216K, used 240320K [0x00000000e8000000, 0x0000000100000000, 0x0000000100000000)
 Metaspace       used 32672K, capacity 33160K, committed 33732K, reserved 1079296K
  class space    used 3580K, capacity 3736K, committed 3836K, reserved 1048576K
2017-07-31T16:09:49.844+0200: 15940,248: [GC (CMS Final Remark) 2017-07-31T16:09:49.844+0200: 15940,248: [ParNew
Desired survivor size 20112992 bytes, new threshold 8 (max 8)
- age   1:         64 bytes,         64 total
- age   2:         64 bytes,        128 total
- age   3:        368 bytes,        496 total
: 1731K->8K(109248K), 0,0039369 secs] 242051K->240331K(502464K), 0,0039860 secs] [Times: user=0,01 sys=0,00, real=0,00 secs] 
Heap after GC invocations=281 (full 177):
 par new generation   total 109248K, used 8K [0x00000000e0000000, 0x00000000e8000000, 0x00000000e8000000)
  eden space 87424K,   0% used [0x00000000e0000000, 0x00000000e0000000, 0x00000000e5560000)
  from space 21824K,   0% used [0x00000000e6ab0000, 0x00000000e6ab2040, 0x00000000e8000000)
  to   space 21824K,   0% used [0x00000000e5560000, 0x00000000e5560000, 0x00000000e6ab0000)
 concurrent mark-sweep generation total 393216K, used 240323K [0x00000000e8000000, 0x0000000100000000, 0x0000000100000000)
 Metaspace       used 32672K, capacity 33160K, committed 33732K, reserved 1079296K
  class space    used 3580K, capacity 3736K, committed 3836K, reserved 1048576K
}
2017-07-31T16:09:49.848+0200: 15940,252: [Rescan (parallel) , 0,0005930 secs]2017-07-31T16:09:49.848+0200: 15940,253: [weak refs processing, 0,0004340 secs]2017-07-31T16:09:49.849+0200: 15940,253: [class unloading, 0,0076857 secs]2017-07-31T16:09:49.856+0200: 15940,261: [scrub symbol table, 0,0037050 secs]2017-07-31T16:09:49.860+0200: 15940,265: [scrub string table, 0,0006797 secs][1 CMS-remark: 240323K(393216K)] 240331K(502464K), 0,0173809 secs] [Times: user=0,03 sys=0,00, real=0,02 secs] 
2017-07-31T16:09:49.861+0200: 15940,265: Total time for which application threads were stopped: 0,0175302 seconds, Stopping threads took: 0,0000250 seconds
2017-07-31T16:09:49.861+0200: 15940,265: [CMS-concurrent-sweep-start]
2017-07-31T16:09:49.890+0200: 15940,295: [CMS-concurrent-sweep: 0,029/0,029 secs] [Times: user=0,02 sys=0,00, real=0,02 secs] 
2017-07-31T16:09:49.890+0200: 15940,295: [CMS-concurrent-reset-start]
2017-07-31T16:09:49.891+0200: 15940,295: [CMS-concurrent-reset: 0,001/0,001 secs] [Times: user=0,00 sys=0,00, real=0,00 secs] 
2017-07-31T16:09:51.890+0200: 15942,294: [GC (CMS Initial Mark) [1 CMS-initial-mark: 240323K(393216K)] 240586K(502464K), 0,0009260 secs] [Times: user=0,01 sys=0,00, real=0,00 secs] 
2017-07-31T16:09:51.891+0200: 15942,295: Total time for which application threads were stopped: 0,0010969 seconds, Stopping threads took: 0,0000473 seconds
2017-07-31T16:09:51.891+0200: 15942,295: [CMS-concurrent-mark-start]
2017-07-31T16:09:51.918+0200: 15942,322: [CMS-concurrent-mark: 0,027/0,027 secs] [Times: user=0,11 sys=0,00, real=0,03 secs] 
2017-07-31T16:09:51.918+0200: 15942,322: [CMS-concurrent-preclean-start]
2017-07-31T16:09:51.919+0200: 15942,324: [CMS-concurrent-preclean: 0,001/0,001 secs] [Times: user=0,00 sys=0,00, real=0,00 secs] 
2017-07-31T16:09:51.919+0200: 15942,324: [GC (CMS Final Remark) [YG occupancy: 262 K (109248 K)]{Heap before GC invocations=281 (full 178):
 par new generation   total 109248K, used 262K [0x00000000e0000000, 0x00000000e8000000, 0x00000000e8000000)
  eden space 87424K,   0% used [0x00000000e0000000, 0x00000000e003f860, 0x00000000e5560000)
  from space 21824K,   0% used [0x00000000e6ab0000, 0x00000000e6ab2040, 0x00000000e8000000)
  to   space 21824K,   0% used [0x00000000e5560000, 0x00000000e5560000, 0x00000000e6ab0000)
 concurrent mark-sweep generation total 393216K, used 240323K [0x00000000e8000000, 0x0000000100000000, 0x0000000100000000)
 Metaspace       used 32672K, capacity 33160K, committed 33732K, reserved 1079296K
  class space    used 3580K, capacity 3736K, committed 3836K, reserved 1048576K
2017-07-31T16:09:51.919+0200: 15942,324: [GC (CMS Final Remark) 2017-07-31T16:09:51.919+0200: 15942,324: [ParNew
Desired survivor size 20112992 bytes, new threshold 8 (max 8)
- age   1:         32 bytes,         32 total
- age   2:         64 bytes,         96 total
- age   3:         64 bytes,        160 total
- age   4:        336 bytes,        496 total
: 262K->8K(109248K), 0,0020330 secs] 240586K->240331K(502464K), 0,0020899 secs] [Times: user=0,00 sys=0,00, real=0,01 secs] 
Heap after GC invocations=282 (full 178):
 par new generation   total 109248K, used 8K [0x00000000e0000000, 0x00000000e8000000, 0x00000000e8000000)
  eden space 87424K,   0% used [0x00000000e0000000, 0x00000000e0000000, 0x00000000e5560000)
  from space 21824K,   0% used [0x00000000e5560000, 0x00000000e5562040, 0x00000000e6ab0000)
  to   space 21824K,   0% used [0x00000000e6ab0000, 0x00000000e6ab0000, 0x00000000e8000000)
 concurrent mark-sweep generation total 393216K, used 240323K [0x00000000e8000000, 0x0000000100000000, 0x0000000100000000)
 Metaspace       used 32672K, capacity 33160K, committed 33732K, reserved 1079296K
  class space    used 3580K, capacity 3736K, committed 3836K, reserved 1048576K
}
2017-07-31T16:09:51.922+0200: 15942,326: [Rescan (parallel) , 0,0005876 secs]2017-07-31T16:09:51.922+0200: 15942,327: [weak refs processing, 0,0010211 secs]2017-07-31T16:09:51.923+0200: 15942,328: [class unloading, 0,0071632 secs]2017-07-31T16:09:51.930+0200: 15942,335: [scrub symbol table, 0,0037791 secs]2017-07-31T16:09:51.934+0200: 15942,339: [scrub string table, 0,0006013 secs][1 CMS-remark: 240323K(393216K)] 240331K(502464K), 0,0156631 secs] [Times: user=0,02 sys=0,00, real=0,02 secs] 
2017-07-31T16:09:51.935+0200: 15942,340: Total time for which application threads were stopped: 0,0157868 seconds, Stopping threads took: 0,0000200 seconds
2017-07-31T16:09:51.935+0200: 15942,340: [CMS-concurrent-sweep-start]
2017-07-31T16:09:51.963+0200: 15942,367: [CMS-concurrent-sweep: 0,028/0,028 secs] [Times: user=0,02 sys=0,00, real=0,03 secs] 
2017-07-31T16:09:51.963+0200: 15942,367: [CMS-concurrent-reset-start]
2017-07-31T16:09:51.963+0200: 15942,368: [CMS-concurrent-reset: 0,001/0,001 secs] [Times: user=0,01 sys=0,00, real=0,00 secs] 
2017-07-31T16:09:53.963+0200: 15944,367: [GC (CMS Initial Mark) [1 CMS-initial-mark: 240323K(393216K)] 242825K(502464K), 0,0009037 secs] [Times: user=0,00 sys=0,00, real=0,00 secs] 
2017-07-31T16:09:53.964+0200: 15944,368: Total time for which application threads were stopped: 0,0010400 seconds, Stopping threads took: 0,0000207 seconds
2017-07-31T16:09:53.964+0200: 15944,368: [CMS-concurrent-mark-start]
2017-07-31T16:09:53.987+0200: 15944,391: [CMS-concurrent-mark: 0,023/0,023 secs] [Times: user=0,09 sys=0,00, real=0,02 secs] 
2017-07-31T16:09:53.987+0200: 15944,391: [CMS-concurrent-preclean-start]
2017-07-31T16:09:53.988+0200: 15944,393: [CMS-concurrent-preclean: 0,001/0,001 secs] [Times: user=0,00 sys=0,00, real=0,00 secs] 
2017-07-31T16:09:53.988+0200: 15944,393: [CMS-concurrent-abortable-preclean-start]
 CMS: abort preclean due to time 2017-07-31T16:10:00.069+0200: 15950,474: [CMS-concurrent-abortable-preclean: 0,076/6,081 secs] [Times: user=0,08 sys=0,00, real=6,08 secs] 
2017-07-31T16:10:00.069+0200: 15950,474: [GC (CMS Final Remark) [YG occupancy: 2829 K (109248 K)]{Heap before GC invocations=282 (full 179):
 par new generation   total 109248K, used 2829K [0x00000000e0000000, 0x00000000e8000000, 0x00000000e8000000)
  eden space 87424K,   3% used [0x00000000e0000000, 0x00000000e02c1650, 0x00000000e5560000)
  from space 21824K,   0% used [0x00000000e5560000, 0x00000000e5562040, 0x00000000e6ab0000)
  to   space 21824K,   0% used [0x00000000e6ab0000, 0x00000000e6ab0000, 0x00000000e8000000)
 concurrent mark-sweep generation total 393216K, used 240323K [0x00000000e8000000, 0x0000000100000000, 0x0000000100000000)
 Metaspace       used 32672K, capacity 33160K, committed 33732K, reserved 1079296K
  class space    used 3580K, capacity 3736K, committed 3836K, reserved 1048576K
2017-07-31T16:10:00.069+0200: 15950,474: [GC (CMS Final Remark) 2017-07-31T16:10:00.069+0200: 15950,474: [ParNew
Desired survivor size 20112992 bytes, new threshold 8 (max 8)
- age   1:        344 bytes,        344 total
- age   5:        184 bytes,        528 total
: 2829K->8K(109248K), 0,0013877 secs] 243153K->240331K(502464K), 0,0014327 secs] [Times: user=0,01 sys=0,00, real=0,00 secs] 
Heap after GC invocations=283 (full 179):
 par new generation   total 109248K, used 8K [0x00000000e0000000, 0x00000000e8000000, 0x00000000e8000000)
  eden space 87424K,   0% used [0x00000000e0000000, 0x00000000e0000000, 0x00000000e5560000)
  from space 21824K,   0% used [0x00000000e6ab0000, 0x00000000e6ab2040, 0x00000000e8000000)
  to   space 21824K,   0% used [0x00000000e5560000, 0x00000000e5560000, 0x00000000e6ab0000)
 concurrent mark-sweep generation total 393216K, used 240323K [0x00000000e8000000, 0x0000000100000000, 0x0000000100000000)
 Metaspace       used 32672K, capacity 33160K, committed 33732K, reserved 1079296K
  class space    used 3580K, capacity 3736K, committed 3836K, reserved 1048576K
}
2017-07-31T16:10:00.071+0200: 15950,475: [Rescan (parallel) , 0,0005865 secs]2017-07-31T16:10:00.072+0200: 15950,476: [weak refs processing, 0,0003119 secs]2017-07-31T16:10:00.072+0200: 15950,476: [class unloading, 0,0064061 secs]2017-07-31T16:10:00.078+0200: 15950,483: [scrub symbol table, 0,0036911 secs]2017-07-31T16:10:00.082+0200: 15950,486: [scrub string table, 0,0005740 secs][1 CMS-remark: 240323K(393216K)] 240331K(502464K), 0,0132663 secs] [Times: user=0,02 sys=0,00, real=0,02 secs] 
2017-07-31T16:10:00.083+0200: 15950,487: Total time for which application threads were stopped: 0,0133894 seconds, Stopping threads took: 0,0000189 seconds
2017-07-31T16:10:00.083+0200: 15950,487: [CMS-concurrent-sweep-start]
2017-07-31T16:10:00.108+0200: 15950,512: [CMS-concurrent-sweep: 0,025/0,025 secs] [Times: user=0,02 sys=0,00, real=0,02 secs] 
2017-07-31T16:10:00.108+0200: 15950,512: [CMS-concurrent-reset-start]
2017-07-31T16:10:00.108+0200: 15950,513: [CMS-concurrent-reset: 0,001/0,001 secs] [Times: user=0,01 sys=0,00, real=0,00 secs] 
2017-07-31T16:10:02.108+0200: 15952,512: [GC (CMS Initial Mark) [1 CMS-initial-mark: 240323K(393216K)] 240586K(502464K), 0,0009979 secs] [Times: user=0,00 sys=0,00, real=0,00 secs] 
2017-07-31T16:10:02.109+0200: 15952,513: Total time for which application threads were stopped: 0,0011425 seconds, Stopping threads took: 0,0000316 seconds
2017-07-31T16:10:02.109+0200: 15952,513: [CMS-concurrent-mark-start]
2017-07-31T16:10:02.139+0200: 15952,543: [CMS-concurrent-mark: 0,030/0,030 secs] [Times: user=0,12 sys=0,00, real=0,03 secs] 
2017-07-31T16:10:02.139+0200: 15952,543: [CMS-concurrent-preclean-start]
2017-07-31T16:10:02.140+0200: 15952,544: [CMS-concurrent-preclean: 0,001/0,001 secs] [Times: user=0,00 sys=0,00, real=0,00 secs] 
2017-07-31T16:10:02.140+0200: 15952,544: [GC (CMS Final Remark) [YG occupancy: 262 K (109248 K)]{Heap before GC invocations=283 (full 180):
 par new generation   total 109248K, used 262K [0x00000000e0000000, 0x00000000e8000000, 0x00000000e8000000)
  eden space 87424K,   0% used [0x00000000e0000000, 0x00000000e003f860, 0x00000000e5560000)
  from space 21824K,   0% used [0x00000000e6ab0000, 0x00000000e6ab2040, 0x00000000e8000000)
  to   space 21824K,   0% used [0x00000000e5560000, 0x00000000e5560000, 0x00000000e6ab0000)
 concurrent mark-sweep generation total 393216K, used 240323K [0x00000000e8000000, 0x0000000100000000, 0x0000000100000000)
 Metaspace       used 32672K, capacity 33160K, committed 33732K, reserved 1079296K
  class space    used 3580K, capacity 3736K, committed 3836K, reserved 1048576K
2017-07-31T16:10:02.140+0200: 15952,545: [GC (CMS Final Remark) 2017-07-31T16:10:02.140+0200: 15952,545: [ParNew
Desired survivor size 20112992 bytes, new threshold 8 (max 8)
- age   1:         32 bytes,         32 total
- age   2:        312 bytes,        344 total
- age   6:        184 bytes,        528 total
: 262K->8K(109248K), 0,0034608 secs] 240586K->240331K(502464K), 0,0035108 secs] [Times: user=0,01 sys=0,00, real=0,00 secs] 
Heap after GC invocations=284 (full 180):
 par new generation   total 109248K, used 8K [0x00000000e0000000, 0x00000000e8000000, 0x00000000e8000000)
  eden space 87424K,   0% used [0x00000000e0000000, 0x00000000e0000000, 0x00000000e5560000)
  from space 21824K,   0% used [0x00000000e5560000, 0x00000000e5562040, 0x00000000e6ab0000)
  to   space 21824K,   0% used [0x00000000e6ab0000, 0x00000000e6ab0000, 0x00000000e8000000)
 concurrent mark-sweep generation total 393216K, used 240323K [0x00000000e8000000, 0x0000000100000000, 0x0000000100000000)
 Metaspace       used 32672K, capacity 33160K, committed 33732K, reserved 1079296K
  class space    used 3580K, capacity 3736K, committed 3836K, reserved 1048576K
}
2017-07-31T16:10:02.144+0200: 15952,548: [Rescan (parallel) , 0,0005502 secs]2017-07-31T16:10:02.144+0200: 15952,549: [weak refs processing, 0,0003369 secs]2017-07-31T16:10:02.144+0200: 15952,549: [class unloading, 0,0061965 secs]2017-07-31T16:10:02.151+0200: 15952,555: [scrub symbol table, 0,0034856 secs]2017-07-31T16:10:02.154+0200: 15952,559: [scrub string table, 0,0006468 secs][1 CMS-remark: 240323K(393216K)] 240331K(502464K), 0,0149608 secs] [Times: user=0,02 sys=0,00, real=0,01 secs] 
2017-07-31T16:10:02.155+0200: 15952,559: Total time for which application threads were stopped: 0,0151170 seconds, Stopping threads took: 0,0000187 seconds
2017-07-31T16:10:02.155+0200: 15952,560: [CMS-concurrent-sweep-start]
2017-07-31T16:10:02.180+0200: 15952,585: [CMS-concurrent-sweep: 0,025/0,025 secs] [Times: user=0,03 sys=0,00, real=0,03 secs] 
2017-07-31T16:10:02.180+0200: 15952,585: [CMS-concurrent-reset-start]
2017-07-31T16:10:02.181+0200: 15952,585: [CMS-concurrent-reset: 0,000/0,000 secs] [Times: user=0,00 sys=0,00, real=0,00 secs] 
2017-07-31T16:10:04.180+0200: 15954,585: [GC (CMS Initial Mark) [1 CMS-initial-mark: 240323K(393216K)] 242825K(502464K), 0,0008586 secs] [Times: user=0,00 sys=0,00, real=0,00 secs] 
2017-07-31T16:10:04.181+0200: 15954,586: Total time for which application threads were stopped: 0,0010030 seconds, Stopping threads took: 0,0000230 seconds
2017-07-31T16:10:04.181+0200: 15954,586: [CMS-concurrent-mark-start]
2017-07-31T16:10:04.205+0200: 15954,609: [CMS-concurrent-mark: 0,024/0,024 secs] [Times: user=0,10 sys=0,00, real=0,02 secs] 
2017-07-31T16:10:04.205+0200: 15954,609: [CMS-concurrent-preclean-start]
2017-07-31T16:10:04.206+0200: 15954,611: [CMS-concurrent-preclean: 0,001/0,001 secs] [Times: user=0,00 sys=0,00, real=0,00 secs] 
2017-07-31T16:10:04.206+0200: 15954,611: [CMS-concurrent-abortable-preclean-start]
 CMS: abort preclean due to time 2017-07-31T16:10:10.290+0200: 15960,695: [CMS-concurrent-abortable-preclean: 0,079/6,084 secs] [Times: user=0,08 sys=0,00, real=6,08 secs] 
2017-07-31T16:10:10.291+0200: 15960,695: [GC (CMS Final Remark) [YG occupancy: 2755 K (109248 K)]{Heap before GC invocations=284 (full 181):
 par new generation   total 109248K, used 2755K [0x00000000e0000000, 0x00000000e8000000, 0x00000000e8000000)
  eden space 87424K,   3% used [0x00000000e0000000, 0x00000000e02aee70, 0x00000000e5560000)
  from space 21824K,   0% used [0x00000000e5560000, 0x00000000e5562040, 0x00000000e6ab0000)
  to   space 21824K,   0% used [0x00000000e6ab0000, 0x00000000e6ab0000, 0x00000000e8000000)
 concurrent mark-sweep generation total 393216K, used 240323K [0x00000000e8000000, 0x0000000100000000, 0x0000000100000000)
 Metaspace       used 32672K, capacity 33160K, committed 33732K, reserved 1079296K
  class space    used 3580K, capacity 3736K, committed 3836K, reserved 1048576K
2017-07-31T16:10:10.291+0200: 15960,695: [GC (CMS Final Remark) 2017-07-31T16:10:10.291+0200: 15960,695: [ParNew
Desired survivor size 20112992 bytes, new threshold 8 (max 8)
- age   1:        192 bytes,        192 total
- age   3:        152 bytes,        344 total
- age   7:        184 bytes,        528 total
: 2755K->6K(109248K), 0,0036240 secs] 243079K->240329K(502464K), 0,0036971 secs] [Times: user=0,00 sys=0,00, real=0,01 secs] 
Heap after GC invocations=285 (full 181):
 par new generation   total 109248K, used 6K [0x00000000e0000000, 0x00000000e8000000, 0x00000000e8000000)
  eden space 87424K,   0% used [0x00000000e0000000, 0x00000000e0000000, 0x00000000e5560000)
  from space 21824K,   0% used [0x00000000e6ab0000, 0x00000000e6ab1830, 0x00000000e8000000)
  to   space 21824K,   0% used [0x00000000e5560000, 0x00000000e5560000, 0x00000000e6ab0000)
 concurrent mark-sweep generation total 393216K, used 240323K [0x00000000e8000000, 0x0000000100000000, 0x0000000100000000)
 Metaspace       used 32672K, capacity 33160K, committed 33732K, reserved 1079296K
  class space    used 3580K, capacity 3736K, committed 3836K, reserved 1048576K
}
2017-07-31T16:10:10.294+0200: 15960,699: [Rescan (parallel) , 0,0006609 secs]2017-07-31T16:10:10.295+0200: 15960,700: [weak refs processing, 0,0005055 secs]2017-07-31T16:10:10.296+0200: 15960,700: [class unloading, 0,0088429 secs]2017-07-31T16:10:10.304+0200: 15960,709: [scrub symbol table, 0,0041504 secs]2017-07-31T16:10:10.309+0200: 15960,713: [scrub string table, 0,0007370 secs][1 CMS-remark: 240323K(393216K)] 240329K(502464K), 0,0188943 secs] [Times: user=0,02 sys=0,00, real=0,02 secs] 
2017-07-31T16:10:10.309+0200: 15960,714: Total time for which application threads were stopped: 0,0190542 seconds, Stopping threads took: 0,0000295 seconds
2017-07-31T16:10:10.310+0200: 15960,714: [CMS-concurrent-sweep-start]
2017-07-31T16:10:10.343+0200: 15960,747: [CMS-concurrent-sweep: 0,033/0,033 secs] [Times: user=0,03 sys=0,00, real=0,04 secs] 
2017-07-31T16:10:10.343+0200: 15960,747: [CMS-concurrent-reset-start]
2017-07-31T16:10:10.343+0200: 15960,748: [CMS-concurrent-reset: 0,001/0,001 secs] [Times: user=0,01 sys=0,00, real=0,00 secs] 
2017-07-31T16:10:11.510+0200: 15961,914: Total time for which application threads were stopped: 0,0001288 seconds, Stopping threads took: 0,0000242 seconds
2017-07-31T16:10:11.517+0200: 15961,922: Total time for which application threads were stopped: 0,0001877 seconds, Stopping threads took: 0,0000864 seconds
2017-07-31T16:10:11.566+0200: 15961,970: Total time for which application threads were stopped: 0,0001339 seconds, Stopping threads took: 0,0000260 seconds
2017-07-31T16:10:11.566+0200: 15961,970: Total time for which application threads were stopped: 0,0000512 seconds, Stopping threads took: 0,0000113 seconds
2017-07-31T16:10:11.568+0200: 15961,972: Total time for which application threads were stopped: 0,0000694 seconds, Stopping threads took: 0,0000149 seconds
2017-07-31T16:10:11.569+0200: 15961,973: Total time for which application threads were stopped: 0,0000613 seconds, Stopping threads took: 0,0000153 seconds
2017-07-31T16:10:11.570+0200: 15961,974: Total time for which application threads were stopped: 0,0000641 seconds, Stopping threads took: 0,0000134 seconds
2017-07-31T16:10:11.570+0200: 15961,974: Total time for which application threads were stopped: 0,0000540 seconds, Stopping threads took: 0,0000130 seconds
2017-07-31T16:10:11.571+0200: 15961,975: Total time for which application threads were stopped: 0,0000639 seconds, Stopping threads took: 0,0000129 seconds
2017-07-31T16:10:11.571+0200: 15961,975: Total time for which application threads were stopped: 0,0000567 seconds, Stopping threads took: 0,0000107 seconds
2017-07-31T16:10:11.572+0200: 15961,977: Total time for which application threads were stopped: 0,0001824 seconds, Stopping threads took: 0,0000275 seconds
2017-07-31T16:10:11.572+0200: 15961,977: Total time for which application threads were stopped: 0,0000664 seconds, Stopping threads took: 0,0000273 seconds
2017-07-31T16:10:11.573+0200: 15961,978: Total time for which application threads were stopped: 0,0000719 seconds, Stopping threads took: 0,0000283 seconds
2017-07-31T16:10:11.574+0200: 15961,978: Total time for which application threads were stopped: 0,0000766 seconds, Stopping threads took: 0,0000306 seconds
2017-07-31T16:10:11.574+0200: 15961,979: Total time for which application threads were stopped: 0,0000809 seconds, Stopping threads took: 0,0000353 seconds
2017-07-31T16:10:11.575+0200: 15961,980: Total time for which application threads were stopped: 0,0000557 seconds, Stopping threads took: 0,0000119 seconds
2017-07-31T16:10:11.576+0200: 15961,981: Total time for which application threads were stopped: 0,0000720 seconds, Stopping threads took: 0,0000273 seconds
2017-07-31T16:10:11.577+0200: 15961,981: Total time for which application threads were stopped: 0,0000737 seconds, Stopping threads took: 0,0000279 seconds
2017-07-31T16:10:11.577+0200: 15961,982: Total time for which application threads were stopped: 0,0000748 seconds, Stopping threads took: 0,0000157 seconds
2017-07-31T16:10:12.343+0200: 15962,747: [GC (CMS Initial Mark) [1 CMS-initial-mark: 240323K(393216K)] 248354K(502464K), 0,0027840 secs] [Times: user=0,02 sys=0,00, real=0,00 secs] 
2017-07-31T16:10:12.346+0200: 15962,750: Total time for which application threads were stopped: 0,0030085 seconds, Stopping threads took: 0,0000271 seconds
2017-07-31T16:10:12.346+0200: 15962,750: [CMS-concurrent-mark-start]
2017-07-31T16:10:12.370+0200: 15962,774: [CMS-concurrent-mark: 0,024/0,024 secs] [Times: user=0,09 sys=0,00, real=0,02 secs] 
2017-07-31T16:10:12.370+0200: 15962,774: [CMS-concurrent-preclean-start]
2017-07-31T16:10:12.372+0200: 15962,776: [CMS-concurrent-preclean: 0,002/0,002 secs] [Times: user=0,00 sys=0,00, real=0,00 secs] 
2017-07-31T16:10:12.372+0200: 15962,776: [CMS-concurrent-abortable-preclean-start]
 CMS: abort preclean due to time 2017-07-31T16:10:18.455+0200: 15968,860: [CMS-concurrent-abortable-preclean: 0,078/6,083 secs] [Times: user=0,08 sys=0,00, real=6,09 secs] 
2017-07-31T16:10:18.455+0200: 15968,860: [GC (CMS Final Remark) [YG occupancy: 10060 K (109248 K)]{Heap before GC invocations=285 (full 182):
 par new generation   total 109248K, used 10060K [0x00000000e0000000, 0x00000000e8000000, 0x00000000e8000000)
  eden space 87424K,  11% used [0x00000000e0000000, 0x00000000e09d1810, 0x00000000e5560000)
  from space 21824K,   0% used [0x00000000e6ab0000, 0x00000000e6ab1830, 0x00000000e8000000)
  to   space 21824K,   0% used [0x00000000e5560000, 0x00000000e5560000, 0x00000000e6ab0000)
 concurrent mark-sweep generation total 393216K, used 240323K [0x00000000e8000000, 0x0000000100000000, 0x0000000100000000)
 Metaspace       used 32742K, capacity 33224K, committed 33732K, reserved 1079296K
  class space    used 3585K, capacity 3736K, committed 3836K, reserved 1048576K
2017-07-31T16:10:18.456+0200: 15968,860: [GC (CMS Final Remark) 2017-07-31T16:10:18.456+0200: 15968,860: [ParNew
Desired survivor size 20112992 bytes, new threshold 8 (max 8)
- age   1:     291448 bytes,     291448 total
- age   4:         32 bytes,     291480 total
- age   8:         32 bytes,     291512 total
: 10060K->290K(109248K), 0,0047493 secs] 250383K->240614K(502464K), 0,0048112 secs] [Times: user=0,00 sys=0,00, real=0,01 secs] 
Heap after GC invocations=286 (full 182):
 par new generation   total 109248K, used 290K [0x00000000e0000000, 0x00000000e8000000, 0x00000000e8000000)
  eden space 87424K,   0% used [0x00000000e0000000, 0x00000000e0000000, 0x00000000e5560000)
  from space 21824K,   1% used [0x00000000e5560000, 0x00000000e55a8b48, 0x00000000e6ab0000)
  to   space 21824K,   0% used [0x00000000e6ab0000, 0x00000000e6ab0000, 0x00000000e8000000)
 concurrent mark-sweep generation total 393216K, used 240323K [0x00000000e8000000, 0x0000000100000000, 0x0000000100000000)
 Metaspace       used 32742K, capacity 33224K, committed 33732K, reserved 1079296K
  class space    used 3585K, capacity 3736K, committed 3836K, reserved 1048576K
}
2017-07-31T16:10:18.460+0200: 15968,865: [Rescan (parallel) , 0,0010014 secs]2017-07-31T16:10:18.461+0200: 15968,866: [weak refs processing, 0,0005841 secs]2017-07-31T16:10:18.462+0200: 15968,867: [class unloading, 0,0091664 secs]2017-07-31T16:10:18.471+0200: 15968,876: [scrub symbol table, 0,0054645 secs]2017-07-31T16:10:18.477+0200: 15968,881: [scrub string table, 0,0009011 secs][1 CMS-remark: 240323K(393216K)] 240614K(502464K), 0,0223876 secs] [Times: user=0,04 sys=0,00, real=0,02 secs] 
2017-07-31T16:10:18.478+0200: 15968,882: Total time for which application threads were stopped: 0,0225350 seconds, Stopping threads took: 0,0000237 seconds
2017-07-31T16:10:18.478+0200: 15968,883: [CMS-concurrent-sweep-start]
2017-07-31T16:10:18.515+0200: 15968,919: [CMS-concurrent-sweep: 0,036/0,036 secs] [Times: user=0,03 sys=0,00, real=0,04 secs] 
2017-07-31T16:10:18.515+0200: 15968,919: [CMS-concurrent-reset-start]
2017-07-31T16:10:18.515+0200: 15968,920: [CMS-concurrent-reset: 0,001/0,001 secs] [Times: user=0,00 sys=0,00, real=0,00 secs] 
2017-07-31T16:10:20.515+0200: 15970,919: [GC (CMS Initial Mark) [1 CMS-initial-mark: 240264K(393216K)] 241241K(502464K), 0,0011438 secs] [Times: user=0,01 sys=0,00, real=0,00 secs] 
2017-07-31T16:10:20.516+0200: 15970,920: Total time for which application threads were stopped: 0,0013053 seconds, Stopping threads took: 0,0000233 seconds
2017-07-31T16:10:20.516+0200: 15970,920: [CMS-concurrent-mark-start]
2017-07-31T16:10:20.543+0200: 15970,948: [CMS-concurrent-mark: 0,027/0,027 secs] [Times: user=0,11 sys=0,00, real=0,03 secs] 
2017-07-31T16:10:20.543+0200: 15970,948: [CMS-concurrent-preclean-start]
2017-07-31T16:10:20.545+0200: 15970,949: [CMS-concurrent-preclean: 0,002/0,002 secs] [Times: user=0,00 sys=0,00, real=0,00 secs] 
2017-07-31T16:10:20.545+0200: 15970,950: [GC (CMS Final Remark) [YG occupancy: 977 K (109248 K)]{Heap before GC invocations=286 (full 183):
 par new generation   total 109248K, used 977K [0x00000000e0000000, 0x00000000e8000000, 0x00000000e8000000)
  eden space 87424K,   0% used [0x00000000e0000000, 0x00000000e00ab9a0, 0x00000000e5560000)
  from space 21824K,   1% used [0x00000000e5560000, 0x00000000e55a8b48, 0x00000000e6ab0000)
  to   space 21824K,   0% used [0x00000000e6ab0000, 0x00000000e6ab0000, 0x00000000e8000000)
 concurrent mark-sweep generation total 393216K, used 240264K [0x00000000e8000000, 0x0000000100000000, 0x0000000100000000)
 Metaspace       used 32742K, capacity 33224K, committed 33732K, reserved 1079296K
  class space    used 3585K, capacity 3736K, committed 3836K, reserved 1048576K
2017-07-31T16:10:20.545+0200: 15970,950: [GC (CMS Final Remark) 2017-07-31T16:10:20.545+0200: 15970,950: [ParNew
Desired survivor size 20112992 bytes, new threshold 8 (max 8)
- age   1:         64 bytes,         64 total
- age   2:     266104 bytes,     266168 total
- age   5:         32 bytes,     266200 total
: 977K->310K(109248K), 0,0048925 secs] 241241K->240574K(502464K), 0,0049512 secs] [Times: user=0,01 sys=0,00, real=0,00 secs] 
Heap after GC invocations=287 (full 183):
 par new generation   total 109248K, used 310K [0x00000000e0000000, 0x00000000e8000000, 0x00000000e8000000)
  eden space 87424K,   0% used [0x00000000e0000000, 0x00000000e0000000, 0x00000000e5560000)
  from space 21824K,   1% used [0x00000000e6ab0000, 0x00000000e6afd8b8, 0x00000000e8000000)
  to   space 21824K,   0% used [0x00000000e5560000, 0x00000000e5560000, 0x00000000e6ab0000)
 concurrent mark-sweep generation total 393216K, used 240264K [0x00000000e8000000, 0x0000000100000000, 0x0000000100000000)
 Metaspace       used 32742K, capacity 33224K, committed 33732K, reserved 1079296K
  class space    used 3585K, capacity 3736K, committed 3836K, reserved 1048576K
}
2017-07-31T16:10:20.550+0200: 15970,955: [Rescan (parallel) , 0,0007291 secs]2017-07-31T16:10:20.551+0200: 15970,955: [weak refs processing, 0,0004487 secs]2017-07-31T16:10:20.551+0200: 15970,956: [class unloading, 0,0080227 secs]2017-07-31T16:10:20.559+0200: 15970,964: [scrub symbol table, 0,0037136 secs]2017-07-31T16:10:20.563+0200: 15970,968: [scrub string table, 0,0007877 secs][1 CMS-remark: 240264K(393216K)] 240574K(502464K), 0,0190169 secs] [Times: user=0,02 sys=0,00, real=0,02 secs] 
2017-07-31T16:10:20.564+0200: 15970,969: Total time for which application threads were stopped: 0,0191675 seconds, Stopping threads took: 0,0000318 seconds
2017-07-31T16:10:20.564+0200: 15970,969: [CMS-concurrent-sweep-start]
2017-07-31T16:10:20.593+0200: 15970,998: [CMS-concurrent-sweep: 0,029/0,029 secs] [Times: user=0,04 sys=0,00, real=0,03 secs] 
2017-07-31T16:10:20.593+0200: 15970,998: [CMS-concurrent-reset-start]
2017-07-31T16:10:20.594+0200: 15970,998: [CMS-concurrent-reset: 0,001/0,001 secs] [Times: user=0,00 sys=0,00, real=0,00 secs] 
2017-07-31T16:10:22.593+0200: 15972,998: [GC (CMS Initial Mark) [1 CMS-initial-mark: 240262K(393216K)] 241343K(502464K), 0,0011101 secs] [Times: user=0,00 sys=0,00, real=0,00 secs] 
2017-07-31T16:10:22.594+0200: 15972,999: Total time for which application threads were stopped: 0,0012935 seconds, Stopping threads took: 0,0000446 seconds
2017-07-31T16:10:22.595+0200: 15972,999: [CMS-concurrent-mark-start]
2017-07-31T16:10:22.619+0200: 15973,023: [CMS-concurrent-mark: 0,024/0,024 secs] [Times: user=0,10 sys=0,00, real=0,02 secs] 
2017-07-31T16:10:22.619+0200: 15973,023: [CMS-concurrent-preclean-start]
2017-07-31T16:10:22.620+0200: 15973,025: [CMS-concurrent-preclean: 0,001/0,001 secs] [Times: user=0,00 sys=0,00, real=0,01 secs] 
2017-07-31T16:10:22.620+0200: 15973,025: [GC (CMS Final Remark) [YG occupancy: 1080 K (109248 K)]{Heap before GC invocations=287 (full 184):
 par new generation   total 109248K, used 1080K [0x00000000e0000000, 0x00000000e8000000, 0x00000000e8000000)
  eden space 87424K,   0% used [0x00000000e0000000, 0x00000000e00c0938, 0x00000000e5560000)
  from space 21824K,   1% used [0x00000000e6ab0000, 0x00000000e6afd8b8, 0x00000000e8000000)
  to   space 21824K,   0% used [0x00000000e5560000, 0x00000000e5560000, 0x00000000e6ab0000)
 concurrent mark-sweep generation total 393216K, used 240262K [0x00000000e8000000, 0x0000000100000000, 0x0000000100000000)
 Metaspace       used 32742K, capacity 33224K, committed 33732K, reserved 1079296K
  class space    used 3585K, capacity 3736K, committed 3836K, reserved 1048576K
2017-07-31T16:10:22.620+0200: 15973,025: [GC (CMS Final Remark) 2017-07-31T16:10:22.620+0200: 15973,025: [ParNew
Desired survivor size 20112992 bytes, new threshold 8 (max 8)
- age   1:         64 bytes,         64 total
- age   2:         64 bytes,        128 total
- age   3:     266040 bytes,     266168 total
- age   6:         32 bytes,     266200 total
: 1080K->294K(109248K), 0,0024445 secs] 241343K->240557K(502464K), 0,0024878 secs] [Times: user=0,00 sys=0,00, real=0,00 secs] 
Heap after GC invocations=288 (full 184):
 par new generation   total 109248K, used 294K [0x00000000e0000000, 0x00000000e8000000, 0x00000000e8000000)
  eden space 87424K,   0% used [0x00000000e0000000, 0x00000000e0000000, 0x00000000e5560000)
  from space 21824K,   1% used [0x00000000e5560000, 0x00000000e55a9a70, 0x00000000e6ab0000)
  to   space 21824K,   0% used [0x00000000e6ab0000, 0x00000000e6ab0000, 0x00000000e8000000)
 concurrent mark-sweep generation total 393216K, used 240262K [0x00000000e8000000, 0x0000000100000000, 0x0000000100000000)
 Metaspace       used 32742K, capacity 33224K, committed 33732K, reserved 1079296K
  class space    used 3585K, capacity 3736K, committed 3836K, reserved 1048576K
}
2017-07-31T16:10:22.623+0200: 15973,027: [Rescan (parallel) , 0,0006175 secs]2017-07-31T16:10:22.624+0200: 15973,028: [weak refs processing, 0,0004457 secs]2017-07-31T16:10:22.624+0200: 15973,028: [class unloading, 0,0069960 secs]2017-07-31T16:10:22.631+0200: 15973,035: [scrub symbol table, 0,0033449 secs]2017-07-31T16:10:22.634+0200: 15973,039: [scrub string table, 0,0006120 secs][1 CMS-remark: 240262K(393216K)] 240557K(502464K), 0,0147664 secs] [Times: user=0,02 sys=0,01, real=0,01 secs] 
2017-07-31T16:10:22.635+0200: 15973,040: Total time for which application threads were stopped: 0,0148933 seconds, Stopping threads took: 0,0000200 seconds
2017-07-31T16:10:22.635+0200: 15973,040: [CMS-concurrent-sweep-start]
2017-07-31T16:10:22.662+0200: 15973,067: [CMS-concurrent-sweep: 0,027/0,027 secs] [Times: user=0,02 sys=0,00, real=0,03 secs] 
2017-07-31T16:10:22.663+0200: 15973,067: [CMS-concurrent-reset-start]
2017-07-31T16:10:22.663+0200: 15973,068: [CMS-concurrent-reset: 0,001/0,001 secs] [Times: user=0,00 sys=0,00, real=0,00 secs] 
2017-07-31T16:10:24.662+0200: 15975,067: [GC (CMS Initial Mark) [1 CMS-initial-mark: 240262K(393216K)] 242280K(502464K), 0,0011880 secs] [Times: user=0,01 sys=0,00, real=0,00 secs] 
2017-07-31T16:10:24.664+0200: 15975,068: Total time for which application threads were stopped: 0,0013513 seconds, Stopping threads took: 0,0000237 seconds
2017-07-31T16:10:24.664+0200: 15975,068: [CMS-concurrent-mark-start]
2017-07-31T16:10:24.691+0200: 15975,096: [CMS-concurrent-mark: 0,027/0,027 secs] [Times: user=0,11 sys=0,00, real=0,02 secs] 
2017-07-31T16:10:24.691+0200: 15975,096: [CMS-concurrent-preclean-start]
2017-07-31T16:10:24.693+0200: 15975,097: [CMS-concurrent-preclean: 0,001/0,001 secs] [Times: user=0,00 sys=0,00, real=0,01 secs] 
2017-07-31T16:10:24.693+0200: 15975,097: [GC (CMS Final Remark) [YG occupancy: 2017 K (109248 K)]{Heap before GC invocations=288 (full 185):
 par new generation   total 109248K, used 2017K [0x00000000e0000000, 0x00000000e8000000, 0x00000000e8000000)
  eden space 87424K,   1% used [0x00000000e0000000, 0x00000000e01aecd8, 0x00000000e5560000)
  from space 21824K,   1% used [0x00000000e5560000, 0x00000000e55a9a70, 0x00000000e6ab0000)
  to   space 21824K,   0% used [0x00000000e6ab0000, 0x00000000e6ab0000, 0x00000000e8000000)
 concurrent mark-sweep generation total 393216K, used 240262K [0x00000000e8000000, 0x0000000100000000, 0x0000000100000000)
 Metaspace       used 32742K, capacity 33224K, committed 33732K, reserved 1079296K
  class space    used 3585K, capacity 3736K, committed 3836K, reserved 1048576K
2017-07-31T16:10:24.693+0200: 15975,098: [GC (CMS Final Remark) 2017-07-31T16:10:24.693+0200: 15975,098: [ParNew
Desired survivor size 20112992 bytes, new threshold 8 (max 8)
- age   1:         64 bytes,         64 total
- age   2:         64 bytes,        128 total
- age   3:         64 bytes,        192 total
- age   4:     265424 bytes,     265616 total
- age   7:         32 bytes,     265648 total
: 2017K->332K(109248K), 0,0042288 secs] 242280K->240594K(502464K), 0,0042801 secs] [Times: user=0,00 sys=0,00, real=0,00 secs] 
Heap after GC invocations=289 (full 185):
 par new generation   total 109248K, used 332K [0x00000000e0000000, 0x00000000e8000000, 0x00000000e8000000)
  eden space 87424K,   0% used [0x00000000e0000000, 0x00000000e0000000, 0x00000000e5560000)
  from space 21824K,   1% used [0x00000000e6ab0000, 0x00000000e6b03068, 0x00000000e8000000)
  to   space 21824K,   0% used [0x00000000e5560000, 0x00000000e5560000, 0x00000000e6ab0000)
 concurrent mark-sweep generation total 393216K, used 240262K [0x00000000e8000000, 0x0000000100000000, 0x0000000100000000)
 Metaspace       used 32742K, capacity 33224K, committed 33732K, reserved 1079296K
  class space    used 3585K, capacity 3736K, committed 3836K, reserved 1048576K
}
2017-07-31T16:10:24.697+0200: 15975,102: [Rescan (parallel) , 0,0007705 secs]2017-07-31T16:10:24.698+0200: 15975,103: [weak refs processing, 0,0004983 secs]2017-07-31T16:10:24.699+0200: 15975,103: [class unloading, 0,0081773 secs]2017-07-31T16:10:24.707+0200: 15975,111: [scrub symbol table, 0,0038950 secs]2017-07-31T16:10:24.711+0200: 15975,115: [scrub string table, 0,0007104 secs][1 CMS-remark: 240262K(393216K)] 240594K(502464K), 0,0186308 secs] [Times: user=0,02 sys=0,00, real=0,01 secs] 
2017-07-31T16:10:24.712+0200: 15975,116: Total time for which application threads were stopped: 0,0187769 seconds, Stopping threads took: 0,0000233 seconds
2017-07-31T16:10:24.712+0200: 15975,116: [CMS-concurrent-sweep-start]
2017-07-31T16:10:24.743+0200: 15975,148: [CMS-concurrent-sweep: 0,031/0,031 secs] [Times: user=0,03 sys=0,00, real=0,04 secs] 
2017-07-31T16:10:24.743+0200: 15975,148: [CMS-concurrent-reset-start]
2017-07-31T16:10:24.744+0200: 15975,148: [CMS-concurrent-reset: 0,001/0,001 secs] [Times: user=0,00 sys=0,00, real=0,00 secs] 
2017-07-31T16:10:26.743+0200: 15977,147: [GC (CMS Initial Mark) [1 CMS-initial-mark: 240262K(393216K)] 241619K(502464K), 0,0011095 secs] [Times: user=0,00 sys=0,00, real=0,00 secs] 
2017-07-31T16:10:26.744+0200: 15977,149: Total time for which application threads were stopped: 0,0012732 seconds, Stopping threads took: 0,0000256 seconds
2017-07-31T16:10:26.744+0200: 15977,149: [CMS-concurrent-mark-start]
2017-07-31T16:10:26.772+0200: 15977,176: [CMS-concurrent-mark: 0,027/0,027 secs] [Times: user=0,10 sys=0,00, real=0,02 secs] 
2017-07-31T16:10:26.772+0200: 15977,176: [CMS-concurrent-preclean-start]
2017-07-31T16:10:26.773+0200: 15977,178: [CMS-concurrent-preclean: 0,001/0,001 secs] [Times: user=0,01 sys=0,00, real=0,01 secs] 
2017-07-31T16:10:26.773+0200: 15977,178: [GC (CMS Final Remark) [YG occupancy: 1356 K (109248 K)]{Heap before GC invocations=289 (full 186):
 par new generation   total 109248K, used 1356K [0x00000000e0000000, 0x00000000e8000000, 0x00000000e8000000)
  eden space 87424K,   1% used [0x00000000e0000000, 0x00000000e0100198, 0x00000000e5560000)
  from space 21824K,   1% used [0x00000000e6ab0000, 0x00000000e6b03068, 0x00000000e8000000)
  to   space 21824K,   0% used [0x00000000e5560000, 0x00000000e5560000, 0x00000000e6ab0000)
 concurrent mark-sweep generation total 393216K, used 240262K [0x00000000e8000000, 0x0000000100000000, 0x0000000100000000)
 Metaspace       used 32742K, capacity 33224K, committed 33732K, reserved 1079296K
  class space    used 3585K, capacity 3736K, committed 3836K, reserved 1048576K
2017-07-31T16:10:26.774+0200: 15977,178: [GC (CMS Final Remark) 2017-07-31T16:10:26.774+0200: 15977,178: [ParNew
Desired survivor size 20112992 bytes, new threshold 8 (max 8)
- age   1:         96 bytes,         96 total
- age   2:         64 bytes,        160 total
- age   3:         32 bytes,        192 total
- age   5:     265456 bytes,     265648 total
- age   8:         32 bytes,     265680 total
: 1356K->304K(109248K), 0,0027197 secs] 241619K->240567K(502464K), 0,0027706 secs] [Times: user=0,00 sys=0,00, real=0,00 secs] 
Heap after GC invocations=290 (full 186):
 par new generation   total 109248K, used 304K [0x00000000e0000000, 0x00000000e8000000, 0x00000000e8000000)
  eden space 87424K,   0% used [0x00000000e0000000, 0x00000000e0000000, 0x00000000e5560000)
  from space 21824K,   1% used [0x00000000e5560000, 0x00000000e55ac2f8, 0x00000000e6ab0000)
  to   space 21824K,   0% used [0x00000000e6ab0000, 0x00000000e6ab0000, 0x00000000e8000000)
 concurrent mark-sweep generation total 393216K, used 240262K [0x00000000e8000000, 0x0000000100000000, 0x0000000100000000)
 Metaspace       used 32742K, capacity 33224K, committed 33732K, reserved 1079296K
  class space    used 3585K, capacity 3736K, committed 3836K, reserved 1048576K
}
2017-07-31T16:10:26.776+0200: 15977,181: [Rescan (parallel) , 0,0007622 secs]2017-07-31T16:10:26.777+0200: 15977,182: [weak refs processing, 0,0004957 secs]2017-07-31T16:10:26.778+0200: 15977,182: [class unloading, 0,0084366 secs]2017-07-31T16:10:26.786+0200: 15977,191: [scrub symbol table, 0,0038823 secs]2017-07-31T16:10:26.790+0200: 15977,194: [scrub string table, 0,0007108 secs][1 CMS-remark: 240262K(393216K)] 240567K(502464K), 0,0173552 secs] [Times: user=0,02 sys=0,00, real=0,01 secs] 
2017-07-31T16:10:26.791+0200: 15977,195: Total time for which application threads were stopped: 0,0175027 seconds, Stopping threads took: 0,0000233 seconds
2017-07-31T16:10:26.791+0200: 15977,195: [CMS-concurrent-sweep-start]
2017-07-31T16:10:26.822+0200: 15977,226: [CMS-concurrent-sweep: 0,031/0,031 secs] [Times: user=0,03 sys=0,00, real=0,04 secs] 
2017-07-31T16:10:26.822+0200: 15977,226: [CMS-concurrent-reset-start]
2017-07-31T16:10:26.822+0200: 15977,227: [CMS-concurrent-reset: 0,001/0,001 secs] [Times: user=0,00 sys=0,00, real=0,00 secs] 
2017-07-31T16:10:28.822+0200: 15979,226: [GC (CMS Initial Mark) [1 CMS-initial-mark: 240262K(393216K)] 242290K(502464K), 0,0011239 secs] [Times: user=0,00 sys=0,00, real=0,00 secs] 
2017-07-31T16:10:28.823+0200: 15979,227: Total time for which application threads were stopped: 0,0012991 seconds, Stopping threads took: 0,0000237 seconds
2017-07-31T16:10:28.823+0200: 15979,227: [CMS-concurrent-mark-start]
2017-07-31T16:10:28.851+0200: 15979,255: [CMS-concurrent-mark: 0,028/0,028 secs] [Times: user=0,12 sys=0,00, real=0,02 secs] 
2017-07-31T16:10:28.851+0200: 15979,255: [CMS-concurrent-preclean-start]
2017-07-31T16:10:28.852+0200: 15979,257: [CMS-concurrent-preclean: 0,001/0,001 secs] [Times: user=0,00 sys=0,00, real=0,01 secs] 
2017-07-31T16:10:28.853+0200: 15979,257: [GC (CMS Final Remark) [YG occupancy: 2027 K (109248 K)]{Heap before GC invocations=290 (full 187):
 par new generation   total 109248K, used 2027K [0x00000000e0000000, 0x00000000e8000000, 0x00000000e8000000)
  eden space 87424K,   1% used [0x00000000e0000000, 0x00000000e01aecd8, 0x00000000e5560000)
  from space 21824K,   1% used [0x00000000e5560000, 0x00000000e55ac2f8, 0x00000000e6ab0000)
  to   space 21824K,   0% used [0x00000000e6ab0000, 0x00000000e6ab0000, 0x00000000e8000000)
 concurrent mark-sweep generation total 393216K, used 240262K [0x00000000e8000000, 0x0000000100000000, 0x0000000100000000)
 Metaspace       used 32742K, capacity 33224K, committed 33732K, reserved 1079296K
  class space    used 3585K, capacity 3736K, committed 3836K, reserved 1048576K
2017-07-31T16:10:28.853+0200: 15979,257: [GC (CMS Final Remark) 2017-07-31T16:10:28.853+0200: 15979,257: [ParNew
Desired survivor size 20112992 bytes, new threshold 8 (max 8)
- age   1:         64 bytes,         64 total
- age   2:         96 bytes,        160 total
- age   3:         32 bytes,        192 total
- age   6:     265424 bytes,     265616 total
: 2027K->302K(109248K), 0,0034326 secs] 242290K->240565K(502464K), 0,0034839 secs] [Times: user=0,00 sys=0,00, real=0,00 secs] 
Heap after GC invocations=291 (full 187):
 par new generation   total 109248K, used 302K [0x00000000e0000000, 0x00000000e8000000, 0x00000000e8000000)
  eden space 87424K,   0% used [0x00000000e0000000, 0x00000000e0000000, 0x00000000e5560000)
  from space 21824K,   1% used [0x00000000e6ab0000, 0x00000000e6afbb70, 0x00000000e8000000)
  to   space 21824K,   0% used [0x00000000e5560000, 0x00000000e5560000, 0x00000000e6ab0000)
 concurrent mark-sweep generation total 393216K, used 240262K [0x00000000e8000000, 0x0000000100000000, 0x0000000100000000)
 Metaspace       used 32742K, capacity 33224K, committed 33732K, reserved 1079296K
  class space    used 3585K, capacity 3736K, committed 3836K, reserved 1048576K
}
2017-07-31T16:10:28.856+0200: 15979,261: [Rescan (parallel) , 0,0009270 secs]2017-07-31T16:10:28.857+0200: 15979,262: [weak refs processing, 0,0005045 secs]2017-07-31T16:10:28.858+0200: 15979,262: [class unloading, 0,0081607 secs]2017-07-31T16:10:28.866+0200: 15979,270: [scrub symbol table, 0,0038648 secs]2017-07-31T16:10:28.870+0200: 15979,274: [scrub string table, 0,0007125 secs][1 CMS-remark: 240262K(393216K)] 240565K(502464K), 0,0179456 secs] [Times: user=0,02 sys=0,00, real=0,01 secs] 
2017-07-31T16:10:28.871+0200: 15979,275: Total time for which application threads were stopped: 0,0180891 seconds, Stopping threads took: 0,0000240 seconds
2017-07-31T16:10:28.871+0200: 15979,275: [CMS-concurrent-sweep-start]
2017-07-31T16:10:28.901+0200: 15979,305: [CMS-concurrent-sweep: 0,030/0,030 secs] [Times: user=0,03 sys=0,00, real=0,04 secs] 
2017-07-31T16:10:28.901+0200: 15979,305: [CMS-concurrent-reset-start]
2017-07-31T16:10:28.901+0200: 15979,306: [CMS-concurrent-reset: 0,001/0,001 secs] [Times: user=0,00 sys=0,00, real=0,00 secs] 
2017-07-31T16:10:30.901+0200: 15981,305: [GC (CMS Initial Mark) [1 CMS-initial-mark: 240262K(393216K)] 240819K(502464K), 0,0011284 secs] [Times: user=0,00 sys=0,00, real=0,00 secs] 
2017-07-31T16:10:30.902+0200: 15981,306: Total time for which application threads were stopped: 0,0012882 seconds, Stopping threads took: 0,0000248 seconds
2017-07-31T16:10:30.902+0200: 15981,306: [CMS-concurrent-mark-start]
2017-07-31T16:10:30.929+0200: 15981,334: [CMS-concurrent-mark: 0,027/0,027 secs] [Times: user=0,11 sys=0,00, real=0,02 secs] 
2017-07-31T16:10:30.929+0200: 15981,334: [CMS-concurrent-preclean-start]
2017-07-31T16:10:30.931+0200: 15981,335: [CMS-concurrent-preclean: 0,001/0,001 secs] [Times: user=0,00 sys=0,00, real=0,00 secs] 
2017-07-31T16:10:30.931+0200: 15981,336: [GC (CMS Final Remark) [YG occupancy: 556 K (109248 K)]{Heap before GC invocations=291 (full 188):
 par new generation   total 109248K, used 556K [0x00000000e0000000, 0x00000000e8000000, 0x00000000e8000000)
  eden space 87424K,   0% used [0x00000000e0000000, 0x00000000e003f860, 0x00000000e5560000)
  from space 21824K,   1% used [0x00000000e6ab0000, 0x00000000e6afbb70, 0x00000000e8000000)
  to   space 21824K,   0% used [0x00000000e5560000, 0x00000000e5560000, 0x00000000e6ab0000)
 concurrent mark-sweep generation total 393216K, used 240262K [0x00000000e8000000, 0x0000000100000000, 0x0000000100000000)
 Metaspace       used 32742K, capacity 33224K, committed 33732K, reserved 1079296K
  class space    used 3585K, capacity 3736K, committed 3836K, reserved 1048576K
2017-07-31T16:10:30.931+0200: 15981,336: [GC (CMS Final Remark) 2017-07-31T16:10:30.931+0200: 15981,336: [ParNew
Desired survivor size 20112992 bytes, new threshold 8 (max 8)
- age   1:         32 bytes,         32 total
- age   2:         64 bytes,         96 total
- age   3:         96 bytes,        192 total
- age   7:     265424 bytes,     265616 total
: 556K->356K(109248K), 0,0030853 secs] 240819K->240618K(502464K), 0,0031364 secs] [Times: user=0,01 sys=0,00, real=0,01 secs] 
Heap after GC invocations=292 (full 188):
 par new generation   total 109248K, used 356K [0x00000000e0000000, 0x00000000e8000000, 0x00000000e8000000)
  eden space 87424K,   0% used [0x00000000e0000000, 0x00000000e0000000, 0x00000000e5560000)
  from space 21824K,   1% used [0x00000000e5560000, 0x00000000e55b9140, 0x00000000e6ab0000)
  to   space 21824K,   0% used [0x00000000e6ab0000, 0x00000000e6ab0000, 0x00000000e8000000)
 concurrent mark-sweep generation total 393216K, used 240262K [0x00000000e8000000, 0x0000000100000000, 0x0000000100000000)
 Metaspace       used 32742K, capacity 33224K, committed 33732K, reserved 1079296K
  class space    used 3585K, capacity 3736K, committed 3836K, reserved 1048576K
}
2017-07-31T16:10:30.934+0200: 15981,339: [Rescan (parallel) , 0,0008908 secs]2017-07-31T16:10:30.935+0200: 15981,340: [weak refs processing, 0,0004832 secs]2017-07-31T16:10:30.936+0200: 15981,340: [class unloading, 0,0081859 secs]2017-07-31T16:10:30.944+0200: 15981,348: [scrub symbol table, 0,0038504 secs]2017-07-31T16:10:30.948+0200: 15981,352: [scrub string table, 0,0006807 secs][1 CMS-remark: 240262K(393216K)] 240618K(502464K), 0,0174969 secs] [Times: user=0,02 sys=0,00, real=0,02 secs] 
2017-07-31T16:10:30.949+0200: 15981,353: Total time for which application threads were stopped: 0,0176344 seconds, Stopping threads took: 0,0000230 seconds
2017-07-31T16:10:30.949+0200: 15981,353: [CMS-concurrent-sweep-start]
2017-07-31T16:10:30.978+0200: 15981,382: [CMS-concurrent-sweep: 0,029/0,029 secs] [Times: user=0,02 sys=0,00, real=0,03 secs] 
2017-07-31T16:10:30.978+0200: 15981,382: [CMS-concurrent-reset-start]
2017-07-31T16:10:30.978+0200: 15981,383: [CMS-concurrent-reset: 0,001/0,001 secs] [Times: user=0,00 sys=0,00, real=0,00 secs] 
2017-07-31T16:10:32.978+0200: 15983,382: [GC (CMS Initial Mark) [1 CMS-initial-mark: 240262K(393216K)] 242680K(502464K), 0,0010833 secs] [Times: user=0,01 sys=0,00, real=0,00 secs] 
2017-07-31T16:10:32.979+0200: 15983,383: Total time for which application threads were stopped: 0,0012432 seconds, Stopping threads took: 0,0000251 seconds
2017-07-31T16:10:32.979+0200: 15983,383: [CMS-concurrent-mark-start]
2017-07-31T16:10:33.004+0200: 15983,408: [CMS-concurrent-mark: 0,025/0,025 secs] [Times: user=0,10 sys=0,00, real=0,03 secs] 
2017-07-31T16:10:33.004+0200: 15983,408: [CMS-concurrent-preclean-start]
2017-07-31T16:10:33.005+0200: 15983,410: [CMS-concurrent-preclean: 0,001/0,001 secs] [Times: user=0,00 sys=0,00, real=0,00 secs] 
2017-07-31T16:10:33.005+0200: 15983,410: [CMS-concurrent-abortable-preclean-start]
 CMS: abort preclean due to time 2017-07-31T16:10:39.007+0200: 15989,411: [CMS-concurrent-abortable-preclean: 0,196/6,001 secs] [Times: user=0,20 sys=0,00, real=6,00 secs] 
2017-07-31T16:10:39.007+0200: 15989,411: [GC (CMS Final Remark) [YG occupancy: 3103 K (109248 K)]{Heap before GC invocations=292 (full 189):
 par new generation   total 109248K, used 3103K [0x00000000e0000000, 0x00000000e8000000, 0x00000000e8000000)
  eden space 87424K,   3% used [0x00000000e0000000, 0x00000000e02aee70, 0x00000000e5560000)
  from space 21824K,   1% used [0x00000000e5560000, 0x00000000e55b9140, 0x00000000e6ab0000)
  to   space 21824K,   0% used [0x00000000e6ab0000, 0x00000000e6ab0000, 0x00000000e8000000)
 concurrent mark-sweep generation total 393216K, used 240262K [0x00000000e8000000, 0x0000000100000000, 0x0000000100000000)
 Metaspace       used 32742K, capacity 33224K, committed 33732K, reserved 1079296K
  class space    used 3585K, capacity 3736K, committed 3836K, reserved 1048576K
2017-07-31T16:10:39.007+0200: 15989,411: [GC (CMS Final Remark) 2017-07-31T16:10:39.007+0200: 15989,411: [ParNew
Desired survivor size 20112992 bytes, new threshold 8 (max 8)
- age   1:        192 bytes,        192 total
- age   8:     265424 bytes,     265616 total
: 3103K->322K(109248K), 0,0044330 secs] 243366K->240585K(502464K), 0,0044900 secs] [Times: user=0,01 sys=0,00, real=0,00 secs] 
Heap after GC invocations=293 (full 189):
 par new generation   total 109248K, used 322K [0x00000000e0000000, 0x00000000e8000000, 0x00000000e8000000)
  eden space 87424K,   0% used [0x00000000e0000000, 0x00000000e0000000, 0x00000000e5560000)
  from space 21824K,   1% used [0x00000000e6ab0000, 0x00000000e6b00a28, 0x00000000e8000000)
  to   space 21824K,   0% used [0x00000000e5560000, 0x00000000e5560000, 0x00000000e6ab0000)
 concurrent mark-sweep generation total 393216K, used 240262K [0x00000000e8000000, 0x0000000100000000, 0x0000000100000000)
 Metaspace       used 32742K, capacity 33224K, committed 33732K, reserved 1079296K
  class space    used 3585K, capacity 3736K, committed 3836K, reserved 1048576K
}
2017-07-31T16:10:39.011+0200: 15989,416: [Rescan (parallel) , 0,0010012 secs]2017-07-31T16:10:39.012+0200: 15989,417: [weak refs processing, 0,0006128 secs]2017-07-31T16:10:39.013+0200: 15989,418: [class unloading, 0,0088280 secs]2017-07-31T16:10:39.022+0200: 15989,426: [scrub symbol table, 0,0038600 secs]2017-07-31T16:10:39.026+0200: 15989,430: [scrub string table, 0,0007043 secs][1 CMS-remark: 240262K(393216K)] 240585K(502464K), 0,0199296 secs] [Times: user=0,03 sys=0,00, real=0,02 secs] 
2017-07-31T16:10:39.027+0200: 15989,431: Total time for which application threads were stopped: 0,0200750 seconds, Stopping threads took: 0,0000253 seconds
2017-07-31T16:10:39.027+0200: 15989,431: [CMS-concurrent-sweep-start]
2017-07-31T16:10:39.058+0200: 15989,463: [CMS-concurrent-sweep: 0,031/0,031 secs] [Times: user=0,03 sys=0,00, real=0,03 secs] 
2017-07-31T16:10:39.058+0200: 15989,463: [CMS-concurrent-reset-start]
2017-07-31T16:10:39.059+0200: 15989,464: [CMS-concurrent-reset: 0,001/0,001 secs] [Times: user=0,00 sys=0,00, real=0,00 secs] 
2017-07-31T16:10:41.058+0200: 15991,463: [GC (CMS Initial Mark) [1 CMS-initial-mark: 240262K(393216K)] 240839K(502464K), 0,0010588 secs] [Times: user=0,01 sys=0,00, real=0,00 secs] 
2017-07-31T16:10:41.059+0200: 15991,464: Total time for which application threads were stopped: 0,0012186 seconds, Stopping threads took: 0,0000236 seconds
2017-07-31T16:10:41.060+0200: 15991,464: [CMS-concurrent-mark-start]
2017-07-31T16:10:41.095+0200: 15991,499: [CMS-concurrent-mark: 0,035/0,035 secs] [Times: user=0,14 sys=0,00, real=0,04 secs] 
2017-07-31T16:10:41.095+0200: 15991,499: [CMS-concurrent-preclean-start]
2017-07-31T16:10:41.096+0200: 15991,501: [CMS-concurrent-preclean: 0,001/0,001 secs] [Times: user=0,00 sys=0,00, real=0,00 secs] 
2017-07-31T16:10:41.096+0200: 15991,501: [GC (CMS Final Remark) [YG occupancy: 576 K (109248 K)]{Heap before GC invocations=293 (full 190):
 par new generation   total 109248K, used 576K [0x00000000e0000000, 0x00000000e8000000, 0x00000000e8000000)
  eden space 87424K,   0% used [0x00000000e0000000, 0x00000000e003f860, 0x00000000e5560000)
  from space 21824K,   1% used [0x00000000e6ab0000, 0x00000000e6b00a28, 0x00000000e8000000)
  to   space 21824K,   0% used [0x00000000e5560000, 0x00000000e5560000, 0x00000000e6ab0000)
 concurrent mark-sweep generation total 393216K, used 240262K [0x00000000e8000000, 0x0000000100000000, 0x0000000100000000)
 Metaspace       used 32742K, capacity 33224K, committed 33732K, reserved 1079296K
  class space    used 3585K, capacity 3736K, committed 3836K, reserved 1048576K
2017-07-31T16:10:41.097+0200: 15991,501: [GC (CMS Final Remark) 2017-07-31T16:10:41.097+0200: 15991,501: [ParNew
Desired survivor size 20112992 bytes, new threshold 8 (max 8)
- age   1:         32 bytes,         32 total
- age   2:        160 bytes,        192 total
: 576K->90K(109248K), 0,0039202 secs] 240839K->240613K(502464K), 0,0039811 secs] [Times: user=0,01 sys=0,00, real=0,01 secs] 
Heap after GC invocations=294 (full 190):
 par new generation   total 109248K, used 90K [0x00000000e0000000, 0x00000000e8000000, 0x00000000e8000000)
  eden space 87424K,   0% used [0x00000000e0000000, 0x00000000e0000000, 0x00000000e5560000)
  from space 21824K,   0% used [0x00000000e5560000, 0x00000000e5576ba0, 0x00000000e6ab0000)
  to   space 21824K,   0% used [0x00000000e6ab0000, 0x00000000e6ab0000, 0x00000000e8000000)
 concurrent mark-sweep generation total 393216K, used 240522K [0x00000000e8000000, 0x0000000100000000, 0x0000000100000000)
 Metaspace       used 32742K, capacity 33224K, committed 33732K, reserved 1079296K
  class space    used 3585K, capacity 3736K, committed 3836K, reserved 1048576K
}
2017-07-31T16:10:41.101+0200: 15991,505: [Rescan (parallel) , 0,0010388 secs]2017-07-31T16:10:41.102+0200: 15991,506: [weak refs processing, 0,0004193 secs]2017-07-31T16:10:41.102+0200: 15991,506: [class unloading, 0,0077600 secs]2017-07-31T16:10:41.110+0200: 15991,514: [scrub symbol table, 0,0046212 secs]2017-07-31T16:10:41.114+0200: 15991,519: [scrub string table, 0,0008803 secs][1 CMS-remark: 240522K(393216K)] 240613K(502464K), 0,0190956 secs] [Times: user=0,02 sys=0,00, real=0,02 secs] 
2017-07-31T16:10:41.116+0200: 15991,520: Total time for which application threads were stopped: 0,0192224 seconds, Stopping threads took: 0,0000286 seconds
2017-07-31T16:10:41.116+0200: 15991,520: [CMS-concurrent-sweep-start]
2017-07-31T16:10:41.143+0200: 15991,547: [CMS-concurrent-sweep: 0,027/0,027 secs] [Times: user=0,03 sys=0,00, real=0,03 secs] 
2017-07-31T16:10:41.143+0200: 15991,547: [CMS-concurrent-reset-start]
2017-07-31T16:10:41.143+0200: 15991,548: [CMS-concurrent-reset: 0,001/0,001 secs] [Times: user=0,00 sys=0,00, real=0,00 secs] 
2017-07-31T16:10:43.143+0200: 15993,547: [GC (CMS Initial Mark) [1 CMS-initial-mark: 240522K(393216K)] 242674K(502464K), 0,0010554 secs] [Times: user=0,01 sys=0,00, real=0,00 secs] 
2017-07-31T16:10:43.144+0200: 15993,548: Total time for which application threads were stopped: 0,0012174 seconds, Stopping threads took: 0,0000243 seconds
2017-07-31T16:10:43.144+0200: 15993,548: [CMS-concurrent-mark-start]
2017-07-31T16:10:43.172+0200: 15993,576: [CMS-concurrent-mark: 0,028/0,028 secs] [Times: user=0,11 sys=0,00, real=0,03 secs] 
2017-07-31T16:10:43.172+0200: 15993,576: [CMS-concurrent-preclean-start]
2017-07-31T16:10:43.173+0200: 15993,578: [CMS-concurrent-preclean: 0,001/0,001 secs] [Times: user=0,00 sys=0,00, real=0,00 secs] 
2017-07-31T16:10:43.173+0200: 15993,578: [CMS-concurrent-abortable-preclean-start]
 CMS: abort preclean due to time 2017-07-31T16:10:49.254+0200: 15999,659: [CMS-concurrent-abortable-preclean: 0,076/6,081 secs] [Times: user=0,07 sys=0,01, real=6,08 secs] 
2017-07-31T16:10:49.254+0200: 15999,659: [GC (CMS Final Remark) [YG occupancy: 2890 K (109248 K)]{Heap before GC invocations=294 (full 191):
 par new generation   total 109248K, used 2890K [0x00000000e0000000, 0x00000000e8000000, 0x00000000e8000000)
  eden space 87424K,   3% used [0x00000000e0000000, 0x00000000e02bbe80, 0x00000000e5560000)
  from space 21824K,   0% used [0x00000000e5560000, 0x00000000e5576ba0, 0x00000000e6ab0000)
  to   space 21824K,   0% used [0x00000000e6ab0000, 0x00000000e6ab0000, 0x00000000e8000000)
 concurrent mark-sweep generation total 393216K, used 240522K [0x00000000e8000000, 0x0000000100000000, 0x0000000100000000)
 Metaspace       used 32742K, capacity 33224K, committed 33732K, reserved 1079296K
  class space    used 3585K, capacity 3736K, committed 3836K, reserved 1048576K
2017-07-31T16:10:49.254+0200: 15999,659: [GC (CMS Final Remark) 2017-07-31T16:10:49.255+0200: 15999,659: [ParNew
Desired survivor size 20112992 bytes, new threshold 8 (max 8)
- age   1:        344 bytes,        344 total
: 2890K->22K(109248K), 0,0039251 secs] 243413K->240545K(502464K), 0,0039910 secs] [Times: user=0,01 sys=0,00, real=0,00 secs] 
Heap after GC invocations=295 (full 191):
 par new generation   total 109248K, used 22K [0x00000000e0000000, 0x00000000e8000000, 0x00000000e8000000)
  eden space 87424K,   0% used [0x00000000e0000000, 0x00000000e0000000, 0x00000000e5560000)
  from space 21824K,   0% used [0x00000000e6ab0000, 0x00000000e6ab5b00, 0x00000000e8000000)
  to   space 21824K,   0% used [0x00000000e5560000, 0x00000000e5560000, 0x00000000e6ab0000)
 concurrent mark-sweep generation total 393216K, used 240522K [0x00000000e8000000, 0x0000000100000000, 0x0000000100000000)
 Metaspace       used 32742K, capacity 33224K, committed 33732K, reserved 1079296K
  class space    used 3585K, capacity 3736K, committed 3836K, reserved 1048576K
}
2017-07-31T16:10:49.259+0200: 15999,663: [Rescan (parallel) , 0,0006986 secs]2017-07-31T16:10:49.259+0200: 15999,664: [weak refs processing, 0,0006605 secs]2017-07-31T16:10:49.260+0200: 15999,664: [class unloading, 0,0078152 secs]2017-07-31T16:10:49.268+0200: 15999,672: [scrub symbol table, 0,0035953 secs]2017-07-31T16:10:49.271+0200: 15999,676: [scrub string table, 0,0006402 secs][1 CMS-remark: 240522K(393216K)] 240545K(502464K), 0,0176752 secs] [Times: user=0,03 sys=0,00, real=0,02 secs] 
2017-07-31T16:10:49.272+0200: 15999,677: Total time for which application threads were stopped: 0,0178233 seconds, Stopping threads took: 0,0000332 seconds
2017-07-31T16:10:49.272+0200: 15999,677: [CMS-concurrent-sweep-start]
2017-07-31T16:10:49.301+0200: 15999,706: [CMS-concurrent-sweep: 0,029/0,029 secs] [Times: user=0,03 sys=0,00, real=0,03 secs] 
2017-07-31T16:10:49.302+0200: 15999,706: [CMS-concurrent-reset-start]
2017-07-31T16:10:49.302+0200: 15999,707: [CMS-concurrent-reset: 0,001/0,001 secs] [Times: user=0,00 sys=0,00, real=0,00 secs] 
2017-07-31T16:10:51.301+0200: 16001,706: [GC (CMS Initial Mark) [1 CMS-initial-mark: 240522K(393216K)] 240799K(502464K), 0,0009701 secs] [Times: user=0,00 sys=0,00, real=0,00 secs] 
2017-07-31T16:10:51.302+0200: 16001,707: Total time for which application threads were stopped: 0,0011328 seconds, Stopping threads took: 0,0000250 seconds
2017-07-31T16:10:51.302+0200: 16001,707: [CMS-concurrent-mark-start]
2017-07-31T16:10:51.327+0200: 16001,731: [CMS-concurrent-mark: 0,024/0,024 secs] [Times: user=0,10 sys=0,00, real=0,02 secs] 
2017-07-31T16:10:51.327+0200: 16001,731: [CMS-concurrent-preclean-start]
2017-07-31T16:10:51.328+0200: 16001,732: [CMS-concurrent-preclean: 0,001/0,001 secs] [Times: user=0,00 sys=0,00, real=0,00 secs] 
2017-07-31T16:10:51.328+0200: 16001,732: [GC (CMS Final Remark) [YG occupancy: 276 K (109248 K)]{Heap before GC invocations=295 (full 192):
 par new generation   total 109248K, used 276K [0x00000000e0000000, 0x00000000e8000000, 0x00000000e8000000)
  eden space 87424K,   0% used [0x00000000e0000000, 0x00000000e003f860, 0x00000000e5560000)
  from space 21824K,   0% used [0x00000000e6ab0000, 0x00000000e6ab5b00, 0x00000000e8000000)
  to   space 21824K,   0% used [0x00000000e5560000, 0x00000000e5560000, 0x00000000e6ab0000)
 concurrent mark-sweep generation total 393216K, used 240522K [0x00000000e8000000, 0x0000000100000000, 0x0000000100000000)
 Metaspace       used 32742K, capacity 33224K, committed 33732K, reserved 1079296K
  class space    used 3585K, capacity 3736K, committed 3836K, reserved 1048576K
2017-07-31T16:10:51.328+0200: 16001,733: [GC (CMS Final Remark) 2017-07-31T16:10:51.328+0200: 16001,733: [ParNew
Desired survivor size 20112992 bytes, new threshold 8 (max 8)
- age   1:         32 bytes,         32 total
- age   2:        312 bytes,        344 total
: 276K->6K(109248K), 0,0029090 secs] 240799K->240528K(502464K), 0,0029634 secs] [Times: user=0,01 sys=0,00, real=0,00 secs] 
Heap after GC invocations=296 (full 192):
 par new generation   total 109248K, used 6K [0x00000000e0000000, 0x00000000e8000000, 0x00000000e8000000)
  eden space 87424K,   0% used [0x00000000e0000000, 0x00000000e0000000, 0x00000000e5560000)
  from space 21824K,   0% used [0x00000000e5560000, 0x00000000e5561830, 0x00000000e6ab0000)
  to   space 21824K,   0% used [0x00000000e6ab0000, 0x00000000e6ab0000, 0x00000000e8000000)
 concurrent mark-sweep generation total 393216K, used 240522K [0x00000000e8000000, 0x0000000100000000, 0x0000000100000000)
 Metaspace       used 32742K, capacity 33224K, committed 33732K, reserved 1079296K
  class space    used 3585K, capacity 3736K, committed 3836K, reserved 1048576K
}
2017-07-31T16:10:51.331+0200: 16001,736: [Rescan (parallel) , 0,0006738 secs]2017-07-31T16:10:51.332+0200: 16001,736: [weak refs processing, 0,0005997 secs]2017-07-31T16:10:51.332+0200: 16001,737: [class unloading, 0,0076984 secs]2017-07-31T16:10:51.340+0200: 16001,745: [scrub symbol table, 0,0030902 secs]2017-07-31T16:10:51.343+0200: 16001,748: [scrub string table, 0,0005415 secs][1 CMS-remark: 240522K(393216K)] 240528K(502464K), 0,0158247 secs] [Times: user=0,02 sys=0,00, real=0,02 secs] 
2017-07-31T16:10:51.344+0200: 16001,748: Total time for which application threads were stopped: 0,0159578 seconds, Stopping threads took: 0,0000226 seconds
2017-07-31T16:10:51.344+0200: 16001,748: [CMS-concurrent-sweep-start]
2017-07-31T16:10:51.369+0200: 16001,773: [CMS-concurrent-sweep: 0,025/0,025 secs] [Times: user=0,02 sys=0,00, real=0,02 secs] 
2017-07-31T16:10:51.369+0200: 16001,773: [CMS-concurrent-reset-start]
2017-07-31T16:10:51.369+0200: 16001,774: [CMS-concurrent-reset: 0,000/0,000 secs] [Times: user=0,00 sys=0,00, real=0,00 secs] 
2017-07-31T16:10:53.369+0200: 16003,773: [GC (CMS Initial Mark) [1 CMS-initial-mark: 240522K(393216K)] 242589K(502464K), 0,0009568 secs] [Times: user=0,01 sys=0,00, real=0,00 secs] 
2017-07-31T16:10:53.370+0200: 16003,774: Total time for which application threads were stopped: 0,0011291 seconds, Stopping threads took: 0,0000455 seconds
2017-07-31T16:10:53.370+0200: 16003,774: [CMS-concurrent-mark-start]
2017-07-31T16:10:53.398+0200: 16003,802: [CMS-concurrent-mark: 0,028/0,028 secs] [Times: user=0,11 sys=0,00, real=0,03 secs] 
2017-07-31T16:10:53.398+0200: 16003,803: [CMS-concurrent-preclean-start]
2017-07-31T16:10:53.400+0200: 16003,804: [CMS-concurrent-preclean: 0,002/0,002 secs] [Times: user=0,00 sys=0,00, real=0,00 secs] 
2017-07-31T16:10:53.400+0200: 16003,804: [CMS-concurrent-abortable-preclean-start]
 CMS: abort preclean due to time 2017-07-31T16:10:59.484+0200: 16009,888: [CMS-concurrent-abortable-preclean: 0,079/6,084 secs] [Times: user=0,08 sys=0,00, real=6,09 secs] 
2017-07-31T16:10:59.484+0200: 16009,889: [GC (CMS Final Remark) [YG occupancy: 2753 K (109248 K)]{Heap before GC invocations=296 (full 193):
 par new generation   total 109248K, used 2753K [0x00000000e0000000, 0x00000000e8000000, 0x00000000e8000000)
  eden space 87424K,   3% used [0x00000000e0000000, 0x00000000e02aee70, 0x00000000e5560000)
  from space 21824K,   0% used [0x00000000e5560000, 0x00000000e5561830, 0x00000000e6ab0000)
  to   space 21824K,   0% used [0x00000000e6ab0000, 0x00000000e6ab0000, 0x00000000e8000000)
 concurrent mark-sweep generation total 393216K, used 240522K [0x00000000e8000000, 0x0000000100000000, 0x0000000100000000)
 Metaspace       used 32742K, capacity 33224K, committed 33732K, reserved 1079296K
  class space    used 3585K, capacity 3736K, committed 3836K, reserved 1048576K
2017-07-31T16:10:59.484+0200: 16009,889: [GC (CMS Final Remark) 2017-07-31T16:10:59.484+0200: 16009,889: [ParNew
Desired survivor size 20112992 bytes, new threshold 8 (max 8)
- age   1:        192 bytes,        192 total
- age   3:        152 bytes,        344 total
: 2753K->4K(109248K), 0,0022233 secs] 243276K->240526K(502464K), 0,0022746 secs] [Times: user=0,01 sys=0,00, real=0,00 secs] 
Heap after GC invocations=297 (full 193):
 par new generation   total 109248K, used 4K [0x00000000e0000000, 0x00000000e8000000, 0x00000000e8000000)
  eden space 87424K,   0% used [0x00000000e0000000, 0x00000000e0000000, 0x00000000e5560000)
  from space 21824K,   0% used [0x00000000e6ab0000, 0x00000000e6ab1020, 0x00000000e8000000)
  to   space 21824K,   0% used [0x00000000e5560000, 0x00000000e5560000, 0x00000000e6ab0000)
 concurrent mark-sweep generation total 393216K, used 240522K [0x00000000e8000000, 0x0000000100000000, 0x0000000100000000)
 Metaspace       used 32742K, capacity 33224K, committed 33732K, reserved 1079296K
  class space    used 3585K, capacity 3736K, committed 3836K, reserved 1048576K
}
2017-07-31T16:10:59.486+0200: 16009,891: [Rescan (parallel) , 0,0005033 secs]2017-07-31T16:10:59.487+0200: 16009,891: [weak refs processing, 0,0004420 secs]2017-07-31T16:10:59.487+0200: 16009,892: [class unloading, 0,0065064 secs]2017-07-31T16:10:59.494+0200: 16009,898: [scrub symbol table, 0,0033354 secs]2017-07-31T16:10:59.497+0200: 16009,902: [scrub string table, 0,0005516 secs][1 CMS-remark: 240522K(393216K)] 240526K(502464K), 0,0138474 secs] [Times: user=0,02 sys=0,00, real=0,01 secs] 
2017-07-31T16:10:59.498+0200: 16009,902: Total time for which application threads were stopped: 0,0139566 seconds, Stopping threads took: 0,0000179 seconds
2017-07-31T16:10:59.498+0200: 16009,903: [CMS-concurrent-sweep-start]
2017-07-31T16:10:59.523+0200: 16009,927: [CMS-concurrent-sweep: 0,025/0,025 secs] [Times: user=0,03 sys=0,00, real=0,03 secs] 
2017-07-31T16:10:59.523+0200: 16009,927: [CMS-concurrent-reset-start]
2017-07-31T16:10:59.523+0200: 16009,928: [CMS-concurrent-reset: 0,000/0,000 secs] [Times: user=0,00 sys=0,00, real=0,00 secs] 
2017-07-31T16:11:01.523+0200: 16011,927: [GC (CMS Initial Mark) [1 CMS-initial-mark: 240522K(393216K)] 241181K(502464K), 0,0010858 secs] [Times: user=0,00 sys=0,00, real=0,00 secs] 
2017-07-31T16:11:01.524+0200: 16011,928: Total time for which application threads were stopped: 0,0012451 seconds, Stopping threads took: 0,0000317 seconds
2017-07-31T16:11:01.524+0200: 16011,928: [CMS-concurrent-mark-start]
2017-07-31T16:11:01.551+0200: 16011,955: [CMS-concurrent-mark: 0,027/0,027 secs] [Times: user=0,11 sys=0,00, real=0,02 secs] 
2017-07-31T16:11:01.551+0200: 16011,955: [CMS-concurrent-preclean-start]
2017-07-31T16:11:01.552+0200: 16011,957: [CMS-concurrent-preclean: 0,001/0,001 secs] [Times: user=0,00 sys=0,00, real=0,01 secs] 
2017-07-31T16:11:01.552+0200: 16011,957: [GC (CMS Final Remark) [YG occupancy: 659 K (109248 K)]{Heap before GC invocations=297 (full 194):
 par new generation   total 109248K, used 659K [0x00000000e0000000, 0x00000000e8000000, 0x00000000e8000000)
  eden space 87424K,   0% used [0x00000000e0000000, 0x00000000e00a3d60, 0x00000000e5560000)
  from space 21824K,   0% used [0x00000000e6ab0000, 0x00000000e6ab1020, 0x00000000e8000000)
  to   space 21824K,   0% used [0x00000000e5560000, 0x00000000e5560000, 0x00000000e6ab0000)
 concurrent mark-sweep generation total 393216K, used 240522K [0x00000000e8000000, 0x0000000100000000, 0x0000000100000000)
 Metaspace       used 32742K, capacity 33224K, committed 33732K, reserved 1079296K
  class space    used 3585K, capacity 3736K, committed 3836K, reserved 1048576K
2017-07-31T16:11:01.552+0200: 16011,957: [GC (CMS Final Remark) 2017-07-31T16:11:01.552+0200: 16011,957: [ParNew
Desired survivor size 20112992 bytes, new threshold 8 (max 8)
- age   1:        216 bytes,        216 total
- age   2:        128 bytes,        344 total
- age   4:        152 bytes,        496 total
: 659K->8K(109248K), 0,0047564 secs] 241181K->240530K(502464K), 0,0048104 secs] [Times: user=0,01 sys=0,00, real=0,00 secs] 
Heap after GC invocations=298 (full 194):
 par new generation   total 109248K, used 8K [0x00000000e0000000, 0x00000000e8000000, 0x00000000e8000000)
  eden space 87424K,   0% used [0x00000000e0000000, 0x00000000e0000000, 0x00000000e5560000)
  from space 21824K,   0% used [0x00000000e5560000, 0x00000000e5562040, 0x00000000e6ab0000)
  to   space 21824K,   0% used [0x00000000e6ab0000, 0x00000000e6ab0000, 0x00000000e8000000)
 concurrent mark-sweep generation total 393216K, used 240522K [0x00000000e8000000, 0x0000000100000000, 0x0000000100000000)
 Metaspace       used 32742K, capacity 33224K, committed 33732K, reserved 1079296K
  class space    used 3585K, capacity 3736K, committed 3836K, reserved 1048576K
}
2017-07-31T16:11:01.557+0200: 16011,962: [Rescan (parallel) , 0,0006353 secs]2017-07-31T16:11:01.558+0200: 16011,962: [weak refs processing, 0,0005186 secs]2017-07-31T16:11:01.559+0200: 16011,963: [class unloading, 0,0074396 secs]2017-07-31T16:11:01.566+0200: 16011,970: [scrub symbol table, 0,0039554 secs]2017-07-31T16:11:01.570+0200: 16011,974: [scrub string table, 0,0006163 secs][1 CMS-remark: 240522K(393216K)] 240530K(502464K), 0,0183569 secs] [Times: user=0,02 sys=0,00, real=0,01 secs] 
2017-07-31T16:11:01.571+0200: 16011,975: Total time for which application threads were stopped: 0,0184811 seconds, Stopping threads took: 0,0000202 seconds
2017-07-31T16:11:01.571+0200: 16011,975: [CMS-concurrent-sweep-start]
2017-07-31T16:11:01.599+0200: 16012,003: [CMS-concurrent-sweep: 0,028/0,028 secs] [Times: user=0,03 sys=0,00, real=0,03 secs] 
2017-07-31T16:11:01.599+0200: 16012,003: [CMS-concurrent-reset-start]
2017-07-31T16:11:01.599+0200: 16012,004: [CMS-concurrent-reset: 0,001/0,001 secs] [Times: user=0,00 sys=0,00, real=0,00 secs] 
2017-07-31T16:11:03.598+0200: 16014,003: [GC (CMS Initial Mark) [1 CMS-initial-mark: 240522K(393216K)] 242770K(502464K), 0,0008069 secs] [Times: user=0,00 sys=0,00, real=0,00 secs] 
2017-07-31T16:11:03.599+0200: 16014,004: Total time for which application threads were stopped: 0,0009786 seconds, Stopping threads took: 0,0000327 seconds
2017-07-31T16:11:03.599+0200: 16014,004: [CMS-concurrent-mark-start]
2017-07-31T16:11:03.628+0200: 16014,032: [CMS-concurrent-mark: 0,028/0,028 secs] [Times: user=0,11 sys=0,01, real=0,03 secs] 
2017-07-31T16:11:03.628+0200: 16014,032: [CMS-concurrent-preclean-start]
2017-07-31T16:11:03.629+0200: 16014,034: [CMS-concurrent-preclean: 0,002/0,002 secs] [Times: user=0,00 sys=0,00, real=0,00 secs] 
2017-07-31T16:11:03.629+0200: 16014,034: [CMS-concurrent-abortable-preclean-start]
 CMS: abort preclean due to time 2017-07-31T16:11:09.714+0200: 16020,118: [CMS-concurrent-abortable-preclean: 0,079/6,084 secs] [Times: user=0,08 sys=0,00, real=6,09 secs] 
2017-07-31T16:11:09.714+0200: 16020,119: [GC (CMS Final Remark) [YG occupancy: 2935 K (109248 K)]{Heap before GC invocations=298 (full 195):
 par new generation   total 109248K, used 2935K [0x00000000e0000000, 0x00000000e8000000, 0x00000000e8000000)
  eden space 87424K,   3% used [0x00000000e0000000, 0x00000000e02dbdf8, 0x00000000e5560000)
  from space 21824K,   0% used [0x00000000e5560000, 0x00000000e5562040, 0x00000000e6ab0000)
  to   space 21824K,   0% used [0x00000000e6ab0000, 0x00000000e6ab0000, 0x00000000e8000000)
 concurrent mark-sweep generation total 393216K, used 240522K [0x00000000e8000000, 0x0000000100000000, 0x0000000100000000)
 Metaspace       used 32742K, capacity 33224K, committed 33732K, reserved 1079296K
  class space    used 3585K, capacity 3736K, committed 3836K, reserved 1048576K
2017-07-31T16:11:09.714+0200: 16020,119: [GC (CMS Final Remark) 2017-07-31T16:11:09.714+0200: 16020,119: [ParNew
Desired survivor size 20112992 bytes, new threshold 8 (max 8)
- age   1:        280 bytes,        280 total
- age   2:         32 bytes,        312 total
- age   5:        152 bytes,        464 total
: 2935K->8K(109248K), 0,0042621 secs] 243457K->240530K(502464K), 0,0043263 secs] [Times: user=0,01 sys=0,00, real=0,00 secs] 
Heap after GC invocations=299 (full 195):
 par new generation   total 109248K, used 8K [0x00000000e0000000, 0x00000000e8000000, 0x00000000e8000000)
  eden space 87424K,   0% used [0x00000000e0000000, 0x00000000e0000000, 0x00000000e5560000)
  from space 21824K,   0% used [0x00000000e6ab0000, 0x00000000e6ab2040, 0x00000000e8000000)
  to   space 21824K,   0% used [0x00000000e5560000, 0x00000000e5560000, 0x00000000e6ab0000)
 concurrent mark-sweep generation total 393216K, used 240522K [0x00000000e8000000, 0x0000000100000000, 0x0000000100000000)
 Metaspace       used 32742K, capacity 33224K, committed 33732K, reserved 1079296K
  class space    used 3585K, capacity 3736K, committed 3836K, reserved 1048576K
}
2017-07-31T16:11:09.719+0200: 16020,123: [Rescan (parallel) , 0,0004958 secs]2017-07-31T16:11:09.719+0200: 16020,124: [weak refs processing, 0,0006036 secs]2017-07-31T16:11:09.720+0200: 16020,124: [class unloading, 0,0069900 secs]2017-07-31T16:11:09.727+0200: 16020,131: [scrub symbol table, 0,0033273 secs]2017-07-31T16:11:09.730+0200: 16020,134: [scrub string table, 0,0006139 secs][1 CMS-remark: 240522K(393216K)] 240530K(502464K), 0,0166403 secs] [Times: user=0,02 sys=0,00, real=0,01 secs] 
2017-07-31T16:11:09.731+0200: 16020,135: Total time for which application threads were stopped: 0,0167809 seconds, Stopping threads took: 0,0000243 seconds
2017-07-31T16:11:09.731+0200: 16020,135: [CMS-concurrent-sweep-start]
2017-07-31T16:11:09.758+0200: 16020,163: [CMS-concurrent-sweep: 0,027/0,027 secs] [Times: user=0,03 sys=0,00, real=0,03 secs] 
2017-07-31T16:11:09.758+0200: 16020,163: [CMS-concurrent-reset-start]
2017-07-31T16:11:09.759+0200: 16020,163: [CMS-concurrent-reset: 0,001/0,001 secs] [Times: user=0,00 sys=0,00, real=0,00 secs] 
2017-07-31T16:11:11.758+0200: 16022,162: [GC (CMS Initial Mark) [1 CMS-initial-mark: 240522K(393216K)] 241554K(502464K), 0,0009563 secs] [Times: user=0,00 sys=0,00, real=0,00 secs] 
2017-07-31T16:11:11.759+0200: 16022,163: Total time for which application threads were stopped: 0,0011140 seconds, Stopping threads took: 0,0000236 seconds
2017-07-31T16:11:11.759+0200: 16022,164: [CMS-concurrent-mark-start]
2017-07-31T16:11:11.785+0200: 16022,190: [CMS-concurrent-mark: 0,026/0,026 secs] [Times: user=0,10 sys=0,00, real=0,03 secs] 
2017-07-31T16:11:11.785+0200: 16022,190: [CMS-concurrent-preclean-start]
2017-07-31T16:11:11.787+0200: 16022,191: [CMS-concurrent-preclean: 0,002/0,002 secs] [Times: user=0,00 sys=0,00, real=0,00 secs] 
2017-07-31T16:11:11.787+0200: 16022,192: [GC (CMS Final Remark) [YG occupancy: 1032 K (109248 K)]{Heap before GC invocations=299 (full 196):
 par new generation   total 109248K, used 1032K [0x00000000e0000000, 0x00000000e8000000, 0x00000000e8000000)
  eden space 87424K,   1% used [0x00000000e0000000, 0x00000000e0100198, 0x00000000e5560000)
  from space 21824K,   0% used [0x00000000e6ab0000, 0x00000000e6ab2040, 0x00000000e8000000)
  to   space 21824K,   0% used [0x00000000e5560000, 0x00000000e5560000, 0x00000000e6ab0000)
 concurrent mark-sweep generation total 393216K, used 240522K [0x00000000e8000000, 0x0000000100000000, 0x0000000100000000)
 Metaspace       used 32742K, capacity 33224K, committed 33732K, reserved 1079296K
  class space    used 3585K, capacity 3736K, committed 3836K, reserved 1048576K
2017-07-31T16:11:11.787+0200: 16022,192: [GC (CMS Final Remark) 2017-07-31T16:11:11.787+0200: 16022,192: [ParNew
Desired survivor size 20112992 bytes, new threshold 8 (max 8)
- age   1:         96 bytes,         96 total
- age   2:        184 bytes,        280 total
- age   3:         32 bytes,        312 total
- age   6:        152 bytes,        464 total
: 1032K->8K(109248K), 0,0032712 secs] 241554K->240530K(502464K), 0,0033188 secs] [Times: user=0,01 sys=0,00, real=0,00 secs] 
Heap after GC invocations=300 (full 196):
 par new generation   total 109248K, used 8K [0x00000000e0000000, 0x00000000e8000000, 0x00000000e8000000)
  eden space 87424K,   0% used [0x00000000e0000000, 0x00000000e0000000, 0x00000000e5560000)
  from space 21824K,   0% used [0x00000000e5560000, 0x00000000e5562040, 0x00000000e6ab0000)
  to   space 21824K,   0% used [0x00000000e6ab0000, 0x00000000e6ab0000, 0x00000000e8000000)
 concurrent mark-sweep generation total 393216K, used 240522K [0x00000000e8000000, 0x0000000100000000, 0x0000000100000000)
 Metaspace       used 32742K, capacity 33224K, committed 33732K, reserved 1079296K
  class space    used 3585K, capacity 3736K, committed 3836K, reserved 1048576K
}
2017-07-31T16:11:11.791+0200: 16022,195: [Rescan (parallel) , 0,0005904 secs]2017-07-31T16:11:11.791+0200: 16022,196: [weak refs processing, 0,0005678 secs]2017-07-31T16:11:11.792+0200: 16022,196: [class unloading, 0,0078152 secs]2017-07-31T16:11:11.800+0200: 16022,204: [scrub symbol table, 0,0037047 secs]2017-07-31T16:11:11.803+0200: 16022,208: [scrub string table, 0,0006908 secs][1 CMS-remark: 240522K(393216K)] 240530K(502464K), 0,0169461 secs] [Times: user=0,03 sys=0,00, real=0,02 secs] 
2017-07-31T16:11:11.804+0200: 16022,209: Total time for which application threads were stopped: 0,0170845 seconds, Stopping threads took: 0,0000226 seconds
2017-07-31T16:11:11.804+0200: 16022,209: [CMS-concurrent-sweep-start]
2017-07-31T16:11:11.833+0200: 16022,238: [CMS-concurrent-sweep: 0,029/0,029 secs] [Times: user=0,03 sys=0,00, real=0,03 secs] 
2017-07-31T16:11:11.833+0200: 16022,238: [CMS-concurrent-reset-start]
2017-07-31T16:11:11.834+0200: 16022,239: [CMS-concurrent-reset: 0,001/0,001 secs] [Times: user=0,00 sys=0,00, real=0,00 secs] 
2017-07-31T16:11:13.833+0200: 16024,238: [GC (CMS Initial Mark) [1 CMS-initial-mark: 240522K(393216K)] 242305K(502464K), 0,0010651 secs] [Times: user=0,00 sys=0,00, real=0,00 secs] 
2017-07-31T16:11:13.834+0200: 16024,239: Total time for which application threads were stopped: 0,0012284 seconds, Stopping threads took: 0,0000335 seconds
2017-07-31T16:11:13.834+0200: 16024,239: [CMS-concurrent-mark-start]
2017-07-31T16:11:13.859+0200: 16024,263: [CMS-concurrent-mark: 0,024/0,024 secs] [Times: user=0,10 sys=0,00, real=0,02 secs] 
2017-07-31T16:11:13.859+0200: 16024,263: [CMS-concurrent-preclean-start]
2017-07-31T16:11:13.860+0200: 16024,264: [CMS-concurrent-preclean: 0,001/0,001 secs] [Times: user=0,00 sys=0,00, real=0,00 secs] 
2017-07-31T16:11:13.860+0200: 16024,265: [GC (CMS Final Remark) [YG occupancy: 1783 K (109248 K)]{Heap before GC invocations=300 (full 197):
 par new generation   total 109248K, used 1783K [0x00000000e0000000, 0x00000000e8000000, 0x00000000e8000000)
  eden space 87424K,   2% used [0x00000000e0000000, 0x00000000e01bbce8, 0x00000000e5560000)
  from space 21824K,   0% used [0x00000000e5560000, 0x00000000e5562040, 0x00000000e6ab0000)
  to   space 21824K,   0% used [0x00000000e6ab0000, 0x00000000e6ab0000, 0x00000000e8000000)
 concurrent mark-sweep generation total 393216K, used 240522K [0x00000000e8000000, 0x0000000100000000, 0x0000000100000000)
 Metaspace       used 32742K, capacity 33224K, committed 33732K, reserved 1079296K
  class space    used 3585K, capacity 3736K, committed 3836K, reserved 1048576K
2017-07-31T16:11:13.860+0200: 16024,265: [GC (CMS Final Remark) 2017-07-31T16:11:13.860+0200: 16024,265: [ParNew
Desired survivor size 20112992 bytes, new threshold 8 (max 8)
- age   1:        216 bytes,        216 total
- age   2:         96 bytes,        312 total
- age   3:        120 bytes,        432 total
- age   4:         32 bytes,        464 total
- age   7:         32 bytes,        496 total
: 1783K->6K(109248K), 0,0038061 secs] 242305K->240528K(502464K), 0,0038775 secs] [Times: user=0,01 sys=0,00, real=0,00 secs] 
Heap after GC invocations=301 (full 197):
 par new generation   total 109248K, used 6K [0x00000000e0000000, 0x00000000e8000000, 0x00000000e8000000)
  eden space 87424K,   0% used [0x00000000e0000000, 0x00000000e0000000, 0x00000000e5560000)
  from space 21824K,   0% used [0x00000000e6ab0000, 0x00000000e6ab1830, 0x00000000e8000000)
  to   space 21824K,   0% used [0x00000000e5560000, 0x00000000e5560000, 0x00000000e6ab0000)
 concurrent mark-sweep generation total 393216K, used 240522K [0x00000000e8000000, 0x0000000100000000, 0x0000000100000000)
 Metaspace       used 32742K, capacity 33224K, committed 33732K, reserved 1079296K
  class space    used 3585K, capacity 3736K, committed 3836K, reserved 1048576K
}
2017-07-31T16:11:13.864+0200: 16024,268: [Rescan (parallel) , 0,0005780 secs]2017-07-31T16:11:13.865+0200: 16024,269: [weak refs processing, 0,0004355 secs]2017-07-31T16:11:13.865+0200: 16024,270: [class unloading, 0,0075809 secs]2017-07-31T16:11:13.873+0200: 16024,277: [scrub symbol table, 0,0035812 secs]2017-07-31T16:11:13.876+0200: 16024,281: [scrub string table, 0,0006143 secs][1 CMS-remark: 240522K(393216K)] 240528K(502464K), 0,0169196 secs] [Times: user=0,02 sys=0,00, real=0,01 secs] 
2017-07-31T16:11:13.877+0200: 16024,281: Total time for which application threads were stopped: 0,0170951 seconds, Stopping threads took: 0,0000285 seconds
2017-07-31T16:11:13.877+0200: 16024,282: [CMS-concurrent-sweep-start]
2017-07-31T16:11:13.905+0200: 16024,309: [CMS-concurrent-sweep: 0,028/0,028 secs] [Times: user=0,03 sys=0,00, real=0,03 secs] 
2017-07-31T16:11:13.905+0200: 16024,309: [CMS-concurrent-reset-start]
2017-07-31T16:11:13.905+0200: 16024,310: [CMS-concurrent-reset: 0,001/0,001 secs] [Times: user=0,00 sys=0,00, real=0,00 secs] 
2017-07-31T16:11:15.905+0200: 16026,309: [GC (CMS Initial Mark) [1 CMS-initial-mark: 240522K(393216K)] 241109K(502464K), 0,0010123 secs] [Times: user=0,00 sys=0,00, real=0,00 secs] 
2017-07-31T16:11:15.906+0200: 16026,310: Total time for which application threads were stopped: 0,0011628 seconds, Stopping threads took: 0,0000320 seconds
2017-07-31T16:11:15.906+0200: 16026,310: [CMS-concurrent-mark-start]
2017-07-31T16:11:15.931+0200: 16026,336: [CMS-concurrent-mark: 0,025/0,025 secs] [Times: user=0,11 sys=0,00, real=0,02 secs] 
2017-07-31T16:11:15.931+0200: 16026,336: [CMS-concurrent-preclean-start]
2017-07-31T16:11:15.933+0200: 16026,337: [CMS-concurrent-preclean: 0,002/0,002 secs] [Times: user=0,00 sys=0,00, real=0,01 secs] 
2017-07-31T16:11:15.933+0200: 16026,337: [GC (CMS Final Remark) [YG occupancy: 587 K (109248 K)]{Heap before GC invocations=301 (full 198):
 par new generation   total 109248K, used 587K [0x00000000e0000000, 0x00000000e8000000, 0x00000000e8000000)
  eden space 87424K,   0% used [0x00000000e0000000, 0x00000000e00915e8, 0x00000000e5560000)
  from space 21824K,   0% used [0x00000000e6ab0000, 0x00000000e6ab1830, 0x00000000e8000000)
  to   space 21824K,   0% used [0x00000000e5560000, 0x00000000e5560000, 0x00000000e6ab0000)
 concurrent mark-sweep generation total 393216K, used 240522K [0x00000000e8000000, 0x0000000100000000, 0x0000000100000000)
 Metaspace       used 32742K, capacity 33224K, committed 33732K, reserved 1079296K
  class space    used 3585K, capacity 3736K, committed 3836K, reserved 1048576K
2017-07-31T16:11:15.933+0200: 16026,337: [GC (CMS Final Remark) 2017-07-31T16:11:15.933+0200: 16026,337: [ParNew
Desired survivor size 20112992 bytes, new threshold 8 (max 8)
- age   1:         64 bytes,         64 total
- age   2:        216 bytes,        280 total
- age   3:         64 bytes,        344 total
- age   4:         88 bytes,        432 total
- age   5:         32 bytes,        464 total
- age   8:         32 bytes,        496 total
: 587K->6K(109248K), 0,0028833 secs] 241109K->240528K(502464K), 0,0029258 secs] [Times: user=0,00 sys=0,00, real=0,00 secs] 
Heap after GC invocations=302 (full 198):
 par new generation   total 109248K, used 6K [0x00000000e0000000, 0x00000000e8000000, 0x00000000e8000000)
  eden space 87424K,   0% used [0x00000000e0000000, 0x00000000e0000000, 0x00000000e5560000)
  from space 21824K,   0% used [0x00000000e5560000, 0x00000000e5561830, 0x00000000e6ab0000)
  to   space 21824K,   0% used [0x00000000e6ab0000, 0x00000000e6ab0000, 0x00000000e8000000)
 concurrent mark-sweep generation total 393216K, used 240522K [0x00000000e8000000, 0x0000000100000000, 0x0000000100000000)
 Metaspace       used 32742K, capacity 33224K, committed 33732K, reserved 1079296K
  class space    used 3585K, capacity 3736K, committed 3836K, reserved 1048576K
}
2017-07-31T16:11:15.936+0200: 16026,340: [Rescan (parallel) , 0,0005197 secs]2017-07-31T16:11:15.936+0200: 16026,341: [weak refs processing, 0,0004042 secs]2017-07-31T16:11:15.937+0200: 16026,341: [class unloading, 0,0064247 secs]2017-07-31T16:11:15.943+0200: 16026,348: [scrub symbol table, 0,0030835 secs]2017-07-31T16:11:15.946+0200: 16026,351: [scrub string table, 0,0005627 secs][1 CMS-remark: 240522K(393216K)] 240528K(502464K), 0,0141404 secs] [Times: user=0,02 sys=0,00, real=0,01 secs] 
2017-07-31T16:11:15.947+0200: 16026,352: Total time for which application threads were stopped: 0,0142637 seconds, Stopping threads took: 0,0000217 seconds
2017-07-31T16:11:15.947+0200: 16026,352: [CMS-concurrent-sweep-start]
2017-07-31T16:11:15.973+0200: 16026,377: [CMS-concurrent-sweep: 0,026/0,026 secs] [Times: user=0,02 sys=0,00, real=0,03 secs] 
2017-07-31T16:11:15.973+0200: 16026,377: [CMS-concurrent-reset-start]
2017-07-31T16:11:15.973+0200: 16026,378: [CMS-concurrent-reset: 0,001/0,001 secs] [Times: user=0,00 sys=0,00, real=0,00 secs] 
2017-07-31T16:11:17.972+0200: 16028,377: [GC (CMS Initial Mark) [1 CMS-initial-mark: 240522K(393216K)] 242262K(502464K), 0,0010370 secs] [Times: user=0,00 sys=0,00, real=0,00 secs] 
2017-07-31T16:11:17.974+0200: 16028,378: Total time for which application threads were stopped: 0,0011984 seconds, Stopping threads took: 0,0000233 seconds
2017-07-31T16:11:17.974+0200: 16028,378: [CMS-concurrent-mark-start]
2017-07-31T16:11:18.002+0200: 16028,407: [CMS-concurrent-mark: 0,028/0,028 secs] [Times: user=0,12 sys=0,00, real=0,03 secs] 
2017-07-31T16:11:18.002+0200: 16028,407: [CMS-concurrent-preclean-start]
2017-07-31T16:11:18.004+0200: 16028,408: [CMS-concurrent-preclean: 0,002/0,002 secs] [Times: user=0,00 sys=0,00, real=0,00 secs] 
2017-07-31T16:11:18.004+0200: 16028,408: [GC (CMS Final Remark) [YG occupancy: 1739 K (109248 K)]{Heap before GC invocations=302 (full 199):
 par new generation   total 109248K, used 1739K [0x00000000e0000000, 0x00000000e8000000, 0x00000000e8000000)
  eden space 87424K,   1% used [0x00000000e0000000, 0x00000000e01b1748, 0x00000000e5560000)
  from space 21824K,   0% used [0x00000000e5560000, 0x00000000e5561830, 0x00000000e6ab0000)
  to   space 21824K,   0% used [0x00000000e6ab0000, 0x00000000e6ab0000, 0x00000000e8000000)
 concurrent mark-sweep generation total 393216K, used 240522K [0x00000000e8000000, 0x0000000100000000, 0x0000000100000000)
 Metaspace       used 32742K, capacity 33224K, committed 33732K, reserved 1079296K
  class space    used 3585K, capacity 3736K, committed 3836K, reserved 1048576K
2017-07-31T16:11:18.004+0200: 16028,408: [GC (CMS Final Remark) 2017-07-31T16:11:18.004+0200: 16028,408: [ParNew
Desired survivor size 20112992 bytes, new threshold 8 (max 8)
- age   1:         64 bytes,         64 total
- age   2:         64 bytes,        128 total
- age   3:        216 bytes,        344 total
- age   5:         88 bytes,        432 total
- age   6:         32 bytes,        464 total
: 1739K->8K(109248K), 0,0037362 secs] 242262K->240530K(502464K), 0,0037828 secs] [Times: user=0,00 sys=0,01, real=0,00 secs] 
Heap after GC invocations=303 (full 199):
 par new generation   total 109248K, used 8K [0x00000000e0000000, 0x00000000e8000000, 0x00000000e8000000)
  eden space 87424K,   0% used [0x00000000e0000000, 0x00000000e0000000, 0x00000000e5560000)
  from space 21824K,   0% used [0x00000000e6ab0000, 0x00000000e6ab2040, 0x00000000e8000000)
  to   space 21824K,   0% used [0x00000000e5560000, 0x00000000e5560000, 0x00000000e6ab0000)
 concurrent mark-sweep generation total 393216K, used 240522K [0x00000000e8000000, 0x0000000100000000, 0x0000000100000000)
 Metaspace       used 32742K, capacity 33224K, committed 33732K, reserved 1079296K
  class space    used 3585K, capacity 3736K, committed 3836K, reserved 1048576K
}
2017-07-31T16:11:18.008+0200: 16028,412: [Rescan (parallel) , 0,0006312 secs]2017-07-31T16:11:18.008+0200: 16028,413: [weak refs processing, 0,0005057 secs]2017-07-31T16:11:18.009+0200: 16028,413: [class unloading, 0,0080253 secs]2017-07-31T16:11:18.017+0200: 16028,421: [scrub symbol table, 0,0037165 secs]2017-07-31T16:11:18.021+0200: 16028,425: [scrub string table, 0,0006795 secs][1 CMS-remark: 240522K(393216K)] 240530K(502464K), 0,0176724 secs] [Times: user=0,02 sys=0,01, real=0,02 secs] 
2017-07-31T16:11:18.022+0200: 16028,426: Total time for which application threads were stopped: 0,0178055 seconds, Stopping threads took: 0,0000221 seconds
2017-07-31T16:11:18.022+0200: 16028,426: [CMS-concurrent-sweep-start]
2017-07-31T16:11:18.051+0200: 16028,456: [CMS-concurrent-sweep: 0,030/0,030 secs] [Times: user=0,03 sys=0,00, real=0,02 secs] 
2017-07-31T16:11:18.051+0200: 16028,456: [CMS-concurrent-reset-start]
2017-07-31T16:11:18.052+0200: 16028,457: [CMS-concurrent-reset: 0,001/0,001 secs] [Times: user=0,00 sys=0,00, real=0,01 secs] 
2017-07-31T16:11:20.051+0200: 16030,456: [GC (CMS Initial Mark) [1 CMS-initial-mark: 240522K(393216K)] 240962K(502464K), 0,0009208 secs] [Times: user=0,01 sys=0,00, real=0,01 secs] 
2017-07-31T16:11:20.052+0200: 16030,457: Total time for which application threads were stopped: 0,0010657 seconds, Stopping threads took: 0,0000204 seconds
2017-07-31T16:11:20.052+0200: 16030,457: [CMS-concurrent-mark-start]
2017-07-31T16:11:20.074+0200: 16030,479: [CMS-concurrent-mark: 0,022/0,022 secs] [Times: user=0,08 sys=0,00, real=0,02 secs] 
2017-07-31T16:11:20.074+0200: 16030,479: [CMS-concurrent-preclean-start]
2017-07-31T16:11:20.075+0200: 16030,480: [CMS-concurrent-preclean: 0,001/0,001 secs] [Times: user=0,00 sys=0,00, real=0,00 secs] 
2017-07-31T16:11:20.075+0200: 16030,480: [GC (CMS Final Remark) [YG occupancy: 440 K (109248 K)]{Heap before GC invocations=303 (full 200):
 par new generation   total 109248K, used 440K [0x00000000e0000000, 0x00000000e8000000, 0x00000000e8000000)
  eden space 87424K,   0% used [0x00000000e0000000, 0x00000000e006c140, 0x00000000e5560000)
  from space 21824K,   0% used [0x00000000e6ab0000, 0x00000000e6ab2040, 0x00000000e8000000)
  to   space 21824K,   0% used [0x00000000e5560000, 0x00000000e5560000, 0x00000000e6ab0000)
 concurrent mark-sweep generation total 393216K, used 240522K [0x00000000e8000000, 0x0000000100000000, 0x0000000100000000)
 Metaspace       used 32742K, capacity 33224K, committed 33732K, reserved 1079296K
  class space    used 3585K, capacity 3736K, committed 3836K, reserved 1048576K
2017-07-31T16:11:20.075+0200: 16030,480: [GC (CMS Final Remark) 2017-07-31T16:11:20.075+0200: 16030,480: [ParNew
Desired survivor size 20112992 bytes, new threshold 8 (max 8)
- age   1:         32 bytes,         32 total
- age   2:         64 bytes,         96 total
- age   3:         64 bytes,        160 total
- age   4:        184 bytes,        344 total
- age   6:         88 bytes,        432 total
- age   7:         32 bytes,        464 total
: 440K->6K(109248K), 0,0017806 secs] 240962K->240528K(502464K), 0,0018219 secs] [Times: user=0,00 sys=0,00, real=0,00 secs] 
Heap after GC invocations=304 (full 200):
 par new generation   total 109248K, used 6K [0x00000000e0000000, 0x00000000e8000000, 0x00000000e8000000)
  eden space 87424K,   0% used [0x00000000e0000000, 0x00000000e0000000, 0x00000000e5560000)
  from space 21824K,   0% used [0x00000000e5560000, 0x00000000e5561830, 0x00000000e6ab0000)
  to   space 21824K,   0% used [0x00000000e6ab0000, 0x00000000e6ab0000, 0x00000000e8000000)
 concurrent mark-sweep generation total 393216K, used 240522K [0x00000000e8000000, 0x0000000100000000, 0x0000000100000000)
 Metaspace       used 32742K, capacity 33224K, committed 33732K, reserved 1079296K
  class space    used 3585K, capacity 3736K, committed 3836K, reserved 1048576K
}
2017-07-31T16:11:20.077+0200: 16030,482: [Rescan (parallel) , 0,0006401 secs]2017-07-31T16:11:20.078+0200: 16030,482: [weak refs processing, 0,0003873 secs]2017-07-31T16:11:20.078+0200: 16030,483: [class unloading, 0,0065163 secs]2017-07-31T16:11:20.085+0200: 16030,489: [scrub symbol table, 0,0031301 secs]2017-07-31T16:11:20.088+0200: 16030,493: [scrub string table, 0,0005507 secs][1 CMS-remark: 240522K(393216K)] 240528K(502464K), 0,0133199 secs] [Times: user=0,02 sys=0,00, real=0,01 secs] 
2017-07-31T16:11:20.089+0200: 16030,493: Total time for which application threads were stopped: 0,0134426 seconds, Stopping threads took: 0,0000187 seconds
2017-07-31T16:11:20.089+0200: 16030,493: [CMS-concurrent-sweep-start]
2017-07-31T16:11:20.114+0200: 16030,519: [CMS-concurrent-sweep: 0,026/0,026 secs] [Times: user=0,02 sys=0,00, real=0,03 secs] 
2017-07-31T16:11:20.114+0200: 16030,519: [CMS-concurrent-reset-start]
2017-07-31T16:11:20.115+0200: 16030,519: [CMS-concurrent-reset: 0,001/0,001 secs] [Times: user=0,00 sys=0,00, real=0,00 secs] 
2017-07-31T16:11:22.114+0200: 16032,519: [GC (CMS Initial Mark) [1 CMS-initial-mark: 240522K(393216K)] 241552K(502464K), 0,0005322 secs] [Times: user=0,01 sys=0,00, real=0,00 secs] 
2017-07-31T16:11:22.115+0200: 16032,519: Total time for which application threads were stopped: 0,0006383 seconds, Stopping threads took: 0,0000185 seconds
2017-07-31T16:11:22.115+0200: 16032,519: [CMS-concurrent-mark-start]
2017-07-31T16:11:22.132+0200: 16032,536: [CMS-concurrent-mark: 0,017/0,017 secs] [Times: user=0,06 sys=0,00, real=0,01 secs] 
2017-07-31T16:11:22.132+0200: 16032,536: [CMS-concurrent-preclean-start]
2017-07-31T16:11:22.133+0200: 16032,537: [CMS-concurrent-preclean: 0,001/0,001 secs] [Times: user=0,01 sys=0,00, real=0,01 secs] 
2017-07-31T16:11:22.133+0200: 16032,537: [GC (CMS Final Remark) [YG occupancy: 1030 K (109248 K)]{Heap before GC invocations=304 (full 201):
 par new generation   total 109248K, used 1030K [0x00000000e0000000, 0x00000000e8000000, 0x00000000e8000000)
  eden space 87424K,   1% used [0x00000000e0000000, 0x00000000e0100198, 0x00000000e5560000)
  from space 21824K,   0% used [0x00000000e5560000, 0x00000000e5561830, 0x00000000e6ab0000)
  to   space 21824K,   0% used [0x00000000e6ab0000, 0x00000000e6ab0000, 0x00000000e8000000)
 concurrent mark-sweep generation total 393216K, used 240522K [0x00000000e8000000, 0x0000000100000000, 0x0000000100000000)
 Metaspace       used 32742K, capacity 33224K, committed 33732K, reserved 1079296K
  class space    used 3585K, capacity 3736K, committed 3836K, reserved 1048576K
2017-07-31T16:11:22.133+0200: 16032,537: [GC (CMS Final Remark) 2017-07-31T16:11:22.133+0200: 16032,537: [ParNew
Desired survivor size 20112992 bytes, new threshold 8 (max 8)
- age   1:         96 bytes,         96 total
- age   2:         32 bytes,        128 total
- age   3:         64 bytes,        192 total
- age   5:        152 bytes,        344 total
- age   7:         88 bytes,        432 total
- age   8:         32 bytes,        464 total
: 1030K->6K(109248K), 0,0013941 secs] 241552K->240528K(502464K), 0,0014222 secs] [Times: user=0,00 sys=0,00, real=0,00 secs] 
Heap after GC invocations=305 (full 201):
 par new generation   total 109248K, used 6K [0x00000000e0000000, 0x00000000e8000000, 0x00000000e8000000)
  eden space 87424K,   0% used [0x00000000e0000000, 0x00000000e0000000, 0x00000000e5560000)
  from space 21824K,   0% used [0x00000000e6ab0000, 0x00000000e6ab1830, 0x00000000e8000000)
  to   space 21824K,   0% used [0x00000000e5560000, 0x00000000e5560000, 0x00000000e6ab0000)
 concurrent mark-sweep generation total 393216K, used 240522K [0x00000000e8000000, 0x0000000100000000, 0x0000000100000000)
 Metaspace       used 32742K, capacity 33224K, committed 33732K, reserved 1079296K
  class space    used 3585K, capacity 3736K, committed 3836K, reserved 1048576K
}
2017-07-31T16:11:22.134+0200: 16032,539: [Rescan (parallel) , 0,0003513 secs]2017-07-31T16:11:22.135+0200: 16032,539: [weak refs processing, 0,0002556 secs]2017-07-31T16:11:22.135+0200: 16032,539: [class unloading, 0,0052180 secs]2017-07-31T16:11:22.140+0200: 16032,545: [scrub symbol table, 0,0027639 secs]2017-07-31T16:11:22.143+0200: 16032,547: [scrub string table, 0,0004650 secs][1 CMS-remark: 240522K(393216K)] 240528K(502464K), 0,0107087 secs] [Times: user=0,01 sys=0,00, real=0,01 secs] 
2017-07-31T16:11:22.143+0200: 16032,548: Total time for which application threads were stopped: 0,0108015 seconds, Stopping threads took: 0,0000156 seconds
2017-07-31T16:11:22.144+0200: 16032,548: [CMS-concurrent-sweep-start]
2017-07-31T16:11:22.164+0200: 16032,568: [CMS-concurrent-sweep: 0,020/0,020 secs] [Times: user=0,02 sys=0,00, real=0,02 secs] 
2017-07-31T16:11:22.164+0200: 16032,568: [CMS-concurrent-reset-start]
2017-07-31T16:11:22.164+0200: 16032,569: [CMS-concurrent-reset: 0,000/0,000 secs] [Times: user=0,00 sys=0,00, real=0,00 secs] 
2017-07-31T16:11:24.163+0200: 16034,568: [GC (CMS Initial Mark) [1 CMS-initial-mark: 240522K(393216K)] 242251K(502464K), 0,0010576 secs] [Times: user=0,00 sys=0,00, real=0,00 secs] 
2017-07-31T16:11:24.164+0200: 16034,569: Total time for which application threads were stopped: 0,0012360 seconds, Stopping threads took: 0,0000423 seconds
2017-07-31T16:11:24.165+0200: 16034,569: [CMS-concurrent-mark-start]
2017-07-31T16:11:24.199+0200: 16034,603: [CMS-concurrent-mark: 0,034/0,034 secs] [Times: user=0,13 sys=0,01, real=0,03 secs] 
2017-07-31T16:11:24.199+0200: 16034,603: [CMS-concurrent-preclean-start]
2017-07-31T16:11:24.200+0200: 16034,605: [CMS-concurrent-preclean: 0,002/0,002 secs] [Times: user=0,00 sys=0,00, real=0,01 secs] 
2017-07-31T16:11:24.201+0200: 16034,605: [GC (CMS Final Remark) [YG occupancy: 1729 K (109248 K)]{Heap before GC invocations=305 (full 202):
 par new generation   total 109248K, used 1729K [0x00000000e0000000, 0x00000000e8000000, 0x00000000e8000000)
  eden space 87424K,   1% used [0x00000000e0000000, 0x00000000e01aecd8, 0x00000000e5560000)
  from space 21824K,   0% used [0x00000000e6ab0000, 0x00000000e6ab1830, 0x00000000e8000000)
  to   space 21824K,   0% used [0x00000000e5560000, 0x00000000e5560000, 0x00000000e6ab0000)
 concurrent mark-sweep generation total 393216K, used 240522K [0x00000000e8000000, 0x0000000100000000, 0x0000000100000000)
 Metaspace       used 32742K, capacity 33224K, committed 33732K, reserved 1079296K
  class space    used 3585K, capacity 3736K, committed 3836K, reserved 1048576K
2017-07-31T16:11:24.201+0200: 16034,605: [GC (CMS Final Remark) 2017-07-31T16:11:24.201+0200: 16034,605: [ParNew
Desired survivor size 20112992 bytes, new threshold 8 (max 8)
- age   1:         64 bytes,         64 total
- age   2:         96 bytes,        160 total
- age   3:         32 bytes,        192 total
- age   6:        152 bytes,        344 total
- age   8:         88 bytes,        432 total
: 1729K->8K(109248K), 0,0031478 secs] 242251K->240530K(502464K), 0,0032019 secs] [Times: user=0,00 sys=0,00, real=0,00 secs] 
Heap after GC invocations=306 (full 202):
 par new generation   total 109248K, used 8K [0x00000000e0000000, 0x00000000e8000000, 0x00000000e8000000)
  eden space 87424K,   0% used [0x00000000e0000000, 0x00000000e0000000, 0x00000000e5560000)
  from space 21824K,   0% used [0x00000000e5560000, 0x00000000e5562040, 0x00000000e6ab0000)
  to   space 21824K,   0% used [0x00000000e6ab0000, 0x00000000e6ab0000, 0x00000000e8000000)
 concurrent mark-sweep generation total 393216K, used 240522K [0x00000000e8000000, 0x0000000100000000, 0x0000000100000000)
 Metaspace       used 32742K, capacity 33224K, committed 33732K, reserved 1079296K
  class space    used 3585K, capacity 3736K, committed 3836K, reserved 1048576K
}
2017-07-31T16:11:24.204+0200: 16034,608: [Rescan (parallel) , 0,0006844 secs]2017-07-31T16:11:24.205+0200: 16034,609: [weak refs processing, 0,0005576 secs]2017-07-31T16:11:24.205+0200: 16034,610: [class unloading, 0,0080114 secs]2017-07-31T16:11:24.213+0200: 16034,618: [scrub symbol table, 0,0037443 secs]2017-07-31T16:11:24.217+0200: 16034,621: [scrub string table, 0,0006821 secs][1 CMS-remark: 240522K(393216K)] 240530K(502464K), 0,0171639 secs] [Times: user=0,03 sys=0,00, real=0,01 secs] 
2017-07-31T16:11:24.218+0200: 16034,622: Total time for which application threads were stopped: 0,0173134 seconds, Stopping threads took: 0,0000316 seconds
2017-07-31T16:11:24.218+0200: 16034,622: [CMS-concurrent-sweep-start]
2017-07-31T16:11:24.247+0200: 16034,651: [CMS-concurrent-sweep: 0,029/0,029 secs] [Times: user=0,03 sys=0,00, real=0,03 secs] 
2017-07-31T16:11:24.247+0200: 16034,651: [CMS-concurrent-reset-start]
2017-07-31T16:11:24.247+0200: 16034,652: [CMS-concurrent-reset: 0,001/0,001 secs] [Times: user=0,00 sys=0,00, real=0,00 secs] 
2017-07-31T16:11:26.247+0200: 16036,651: [GC (CMS Initial Mark) [1 CMS-initial-mark: 240522K(393216K)] 241111K(502464K), 0,0009105 secs] [Times: user=0,00 sys=0,00, real=0,00 secs] 
2017-07-31T16:11:26.248+0200: 16036,652: Total time for which application threads were stopped: 0,0010808 seconds, Stopping threads took: 0,0000325 seconds
2017-07-31T16:11:26.248+0200: 16036,652: [CMS-concurrent-mark-start]
2017-07-31T16:11:26.271+0200: 16036,675: [CMS-concurrent-mark: 0,023/0,023 secs] [Times: user=0,10 sys=0,00, real=0,02 secs] 
2017-07-31T16:11:26.271+0200: 16036,675: [CMS-concurrent-preclean-start]
2017-07-31T16:11:26.272+0200: 16036,677: [CMS-concurrent-preclean: 0,001/0,002 secs] [Times: user=0,00 sys=0,00, real=0,01 secs] 
2017-07-31T16:11:26.273+0200: 16036,677: [GC (CMS Final Remark) [YG occupancy: 589 K (109248 K)]{Heap before GC invocations=306 (full 203):
 par new generation   total 109248K, used 589K [0x00000000e0000000, 0x00000000e8000000, 0x00000000e8000000)
  eden space 87424K,   0% used [0x00000000e0000000, 0x00000000e00915e8, 0x00000000e5560000)
  from space 21824K,   0% used [0x00000000e5560000, 0x00000000e5562040, 0x00000000e6ab0000)
  to   space 21824K,   0% used [0x00000000e6ab0000, 0x00000000e6ab0000, 0x00000000e8000000)
 concurrent mark-sweep generation total 393216K, used 240522K [0x00000000e8000000, 0x0000000100000000, 0x0000000100000000)
 Metaspace       used 32742K, capacity 33224K, committed 33732K, reserved 1079296K
  class space    used 3585K, capacity 3736K, committed 3836K, reserved 1048576K
2017-07-31T16:11:26.273+0200: 16036,677: [GC (CMS Final Remark) 2017-07-31T16:11:26.273+0200: 16036,677: [ParNew
Desired survivor size 20112992 bytes, new threshold 8 (max 8)
- age   1:         64 bytes,         64 total
- age   2:         64 bytes,        128 total
- age   3:         64 bytes,        192 total
- age   7:        152 bytes,        344 total
: 589K->6K(109248K), 0,0025768 secs] 241111K->240528K(502464K), 0,0026170 secs] [Times: user=0,00 sys=0,00, real=0,00 secs] 
Heap after GC invocations=307 (full 203):
 par new generation   total 109248K, used 6K [0x00000000e0000000, 0x00000000e8000000, 0x00000000e8000000)
  eden space 87424K,   0% used [0x00000000e0000000, 0x00000000e0000000, 0x00000000e5560000)
  from space 21824K,   0% used [0x00000000e6ab0000, 0x00000000e6ab1830, 0x00000000e8000000)
  to   space 21824K,   0% used [0x00000000e5560000, 0x00000000e5560000, 0x00000000e6ab0000)
 concurrent mark-sweep generation total 393216K, used 240522K [0x00000000e8000000, 0x0000000100000000, 0x0000000100000000)
 Metaspace       used 32742K, capacity 33224K, committed 33732K, reserved 1079296K
  class space    used 3585K, capacity 3736K, committed 3836K, reserved 1048576K
}
2017-07-31T16:11:26.275+0200: 16036,680: [Rescan (parallel) , 0,0005750 secs]2017-07-31T16:11:26.276+0200: 16036,680: [weak refs processing, 0,0004465 secs]2017-07-31T16:11:26.276+0200: 16036,681: [class unloading, 0,0068365 secs]2017-07-31T16:11:26.283+0200: 16036,688: [scrub symbol table, 0,0034017 secs]2017-07-31T16:11:26.287+0200: 16036,691: [scrub string table, 0,0006171 secs][1 CMS-remark: 240522K(393216K)] 240528K(502464K), 0,0147238 secs] [Times: user=0,02 sys=0,00, real=0,01 secs] 
2017-07-31T16:11:26.287+0200: 16036,692: Total time for which application threads were stopped: 0,0148556 seconds, Stopping threads took: 0,0000288 seconds
2017-07-31T16:11:26.287+0200: 16036,692: [CMS-concurrent-sweep-start]
2017-07-31T16:11:26.314+0200: 16036,718: [CMS-concurrent-sweep: 0,026/0,026 secs] [Times: user=0,02 sys=0,00, real=0,03 secs] 
2017-07-31T16:11:26.314+0200: 16036,718: [CMS-concurrent-reset-start]
2017-07-31T16:11:26.314+0200: 16036,719: [CMS-concurrent-reset: 0,001/0,001 secs] [Times: user=0,00 sys=0,00, real=0,00 secs] 
2017-07-31T16:11:28.314+0200: 16038,718: [GC (CMS Initial Mark) [1 CMS-initial-mark: 240522K(393216K)] 242262K(502464K), 0,0007106 secs] [Times: user=0,01 sys=0,00, real=0,00 secs] 
2017-07-31T16:11:28.315+0200: 16038,719: Total time for which application threads were stopped: 0,0008748 seconds, Stopping threads took: 0,0000316 seconds
2017-07-31T16:11:28.315+0200: 16038,719: [CMS-concurrent-mark-start]
2017-07-31T16:11:28.345+0200: 16038,749: [CMS-concurrent-mark: 0,030/0,030 secs] [Times: user=0,12 sys=0,00, real=0,03 secs] 
2017-07-31T16:11:28.345+0200: 16038,749: [CMS-concurrent-preclean-start]
2017-07-31T16:11:28.346+0200: 16038,750: [CMS-concurrent-preclean: 0,001/0,001 secs] [Times: user=0,00 sys=0,00, real=0,00 secs] 
2017-07-31T16:11:28.346+0200: 16038,750: [GC (CMS Final Remark) [YG occupancy: 1739 K (109248 K)]{Heap before GC invocations=307 (full 204):
 par new generation   total 109248K, used 1739K [0x00000000e0000000, 0x00000000e8000000, 0x00000000e8000000)
  eden space 87424K,   1% used [0x00000000e0000000, 0x00000000e01b1748, 0x00000000e5560000)
  from space 21824K,   0% used [0x00000000e6ab0000, 0x00000000e6ab1830, 0x00000000e8000000)
  to   space 21824K,   0% used [0x00000000e5560000, 0x00000000e5560000, 0x00000000e6ab0000)
 concurrent mark-sweep generation total 393216K, used 240522K [0x00000000e8000000, 0x0000000100000000, 0x0000000100000000)
 Metaspace       used 32742K, capacity 33224K, committed 33732K, reserved 1079296K
  class space    used 3585K, capacity 3736K, committed 3836K, reserved 1048576K
2017-07-31T16:11:28.346+0200: 16038,750: [GC (CMS Final Remark) 2017-07-31T16:11:28.346+0200: 16038,750: [ParNew
Desired survivor size 20112992 bytes, new threshold 8 (max 8)
- age   1:         64 bytes,         64 total
- age   2:         64 bytes,        128 total
- age   3:         64 bytes,        192 total
- age   8:        152 bytes,        344 total
: 1739K->4K(109248K), 0,0015979 secs] 242262K->240526K(502464K), 0,0016472 secs] [Times: user=0,00 sys=0,00, real=0,00 secs] 
Heap after GC invocations=308 (full 204):
 par new generation   total 109248K, used 4K [0x00000000e0000000, 0x00000000e8000000, 0x00000000e8000000)
  eden space 87424K,   0% used [0x00000000e0000000, 0x00000000e0000000, 0x00000000e5560000)
  from space 21824K,   0% used [0x00000000e5560000, 0x00000000e5561020, 0x00000000e6ab0000)
  to   space 21824K,   0% used [0x00000000e6ab0000, 0x00000000e6ab0000, 0x00000000e8000000)
 concurrent mark-sweep generation total 393216K, used 240522K [0x00000000e8000000, 0x0000000100000000, 0x0000000100000000)
 Metaspace       used 32742K, capacity 33224K, committed 33732K, reserved 1079296K
  class space    used 3585K, capacity 3736K, committed 3836K, reserved 1048576K
}
2017-07-31T16:11:28.348+0200: 16038,752: [Rescan (parallel) , 0,0005424 secs]2017-07-31T16:11:28.348+0200: 16038,753: [weak refs processing, 0,0003726 secs]2017-07-31T16:11:28.349+0200: 16038,753: [class unloading, 0,0066483 secs]2017-07-31T16:11:28.355+0200: 16038,760: [scrub symbol table, 0,0030669 secs]2017-07-31T16:11:28.358+0200: 16038,763: [scrub string table, 0,0005491 secs][1 CMS-remark: 240522K(393216K)] 240526K(502464K), 0,0132075 secs] [Times: user=0,02 sys=0,00, real=0,01 secs] 
2017-07-31T16:11:28.359+0200: 16038,764: Total time for which application threads were stopped: 0,0133290 seconds, Stopping threads took: 0,0000212 seconds
2017-07-31T16:11:28.359+0200: 16038,764: [CMS-concurrent-sweep-start]
2017-07-31T16:11:28.384+0200: 16038,789: [CMS-concurrent-sweep: 0,025/0,025 secs] [Times: user=0,02 sys=0,00, real=0,03 secs] 
2017-07-31T16:11:28.385+0200: 16038,789: [CMS-concurrent-reset-start]
2017-07-31T16:11:28.385+0200: 16038,789: [CMS-concurrent-reset: 0,000/0,000 secs] [Times: user=0,00 sys=0,00, real=0,00 secs] 
2017-07-31T16:11:30.384+0200: 16040,789: [GC (CMS Initial Mark) [1 CMS-initial-mark: 240522K(393216K)] 241212K(502464K), 0,0007239 secs] [Times: user=0,01 sys=0,00, real=0,00 secs] 
2017-07-31T16:11:30.385+0200: 16040,789: Total time for which application threads were stopped: 0,0008718 seconds, Stopping threads took: 0,0000229 seconds
2017-07-31T16:11:30.385+0200: 16040,790: [CMS-concurrent-mark-start]
2017-07-31T16:11:30.408+0200: 16040,812: [CMS-concurrent-mark: 0,022/0,022 secs] [Times: user=0,08 sys=0,00, real=0,02 secs] 
2017-07-31T16:11:30.408+0200: 16040,812: [CMS-concurrent-preclean-start]
2017-07-31T16:11:30.409+0200: 16040,813: [CMS-concurrent-preclean: 0,001/0,001 secs] [Times: user=0,00 sys=0,00, real=0,00 secs] 
2017-07-31T16:11:30.409+0200: 16040,813: [GC (CMS Final Remark) [YG occupancy: 690 K (109248 K)]{Heap before GC invocations=308 (full 205):
 par new generation   total 109248K, used 690K [0x00000000e0000000, 0x00000000e8000000, 0x00000000e8000000)
  eden space 87424K,   0% used [0x00000000e0000000, 0x00000000e00ab9a0, 0x00000000e5560000)
  from space 21824K,   0% used [0x00000000e5560000, 0x00000000e5561020, 0x00000000e6ab0000)
  to   space 21824K,   0% used [0x00000000e6ab0000, 0x00000000e6ab0000, 0x00000000e8000000)
 concurrent mark-sweep generation total 393216K, used 240522K [0x00000000e8000000, 0x0000000100000000, 0x0000000100000000)
 Metaspace       used 32742K, capacity 33224K, committed 33732K, reserved 1079296K
  class space    used 3585K, capacity 3736K, committed 3836K, reserved 1048576K
2017-07-31T16:11:30.409+0200: 16040,813: [GC (CMS Final Remark) 2017-07-31T16:11:30.409+0200: 16040,813: [ParNew
Desired survivor size 20112992 bytes, new threshold 8 (max 8)
- age   1:         64 bytes,         64 total
- age   2:         64 bytes,        128 total
- age   3:         64 bytes,        192 total
: 690K->6K(109248K), 0,0016364 secs] 241212K->240528K(502464K), 0,0016729 secs] [Times: user=0,01 sys=0,00, real=0,00 secs] 
Heap after GC invocations=309 (full 205):
 par new generation   total 109248K, used 6K [0x00000000e0000000, 0x00000000e8000000, 0x00000000e8000000)
  eden space 87424K,   0% used [0x00000000e0000000, 0x00000000e0000000, 0x00000000e5560000)
  from space 21824K,   0% used [0x00000000e6ab0000, 0x00000000e6ab1830, 0x00000000e8000000)
  to   space 21824K,   0% used [0x00000000e5560000, 0x00000000e5560000, 0x00000000e6ab0000)
 concurrent mark-sweep generation total 393216K, used 240522K [0x00000000e8000000, 0x0000000100000000, 0x0000000100000000)
 Metaspace       used 32742K, capacity 33224K, committed 33732K, reserved 1079296K
  class space    used 3585K, capacity 3736K, committed 3836K, reserved 1048576K
}
2017-07-31T16:11:30.411+0200: 16040,815: [Rescan (parallel) , 0,0004384 secs]2017-07-31T16:11:30.411+0200: 16040,816: [weak refs processing, 0,0002788 secs]2017-07-31T16:11:30.411+0200: 16040,816: [class unloading, 0,0061159 secs]2017-07-31T16:11:30.418+0200: 16040,822: [scrub symbol table, 0,0031047 secs]2017-07-31T16:11:30.421+0200: 16040,825: [scrub string table, 0,0005389 secs][1 CMS-remark: 240522K(393216K)] 240528K(502464K), 0,0124697 secs] [Times: user=0,02 sys=0,00, real=0,02 secs] 
2017-07-31T16:11:30.421+0200: 16040,826: Total time for which application threads were stopped: 0,0125802 seconds, Stopping threads took: 0,0000226 seconds
2017-07-31T16:11:30.422+0200: 16040,826: [CMS-concurrent-sweep-start]
2017-07-31T16:11:30.447+0200: 16040,851: [CMS-concurrent-sweep: 0,025/0,025 secs] [Times: user=0,03 sys=0,00, real=0,02 secs] 
2017-07-31T16:11:30.447+0200: 16040,852: [CMS-concurrent-reset-start]
2017-07-31T16:11:30.448+0200: 16040,852: [CMS-concurrent-reset: 0,001/0,001 secs] [Times: user=0,00 sys=0,00, real=0,00 secs] 
2017-07-31T16:11:32.447+0200: 16042,851: [GC (CMS Initial Mark) [1 CMS-initial-mark: 240522K(393216K)] 241298K(502464K), 0,0007551 secs] [Times: user=0,00 sys=0,00, real=0,00 secs] 
2017-07-31T16:11:32.448+0200: 16042,852: Total time for which application threads were stopped: 0,0009048 seconds, Stopping threads took: 0,0000215 seconds
2017-07-31T16:11:32.448+0200: 16042,852: [CMS-concurrent-mark-start]
2017-07-31T16:11:32.476+0200: 16042,880: [CMS-concurrent-mark: 0,028/0,028 secs] [Times: user=0,11 sys=0,00, real=0,03 secs] 
2017-07-31T16:11:32.476+0200: 16042,880: [CMS-concurrent-preclean-start]
2017-07-31T16:11:32.477+0200: 16042,882: [CMS-concurrent-preclean: 0,001/0,001 secs] [Times: user=0,00 sys=0,00, real=0,00 secs] 
2017-07-31T16:11:32.477+0200: 16042,882: [GC (CMS Final Remark) [YG occupancy: 776 K (109248 K)]{Heap before GC invocations=309 (full 206):
 par new generation   total 109248K, used 776K [0x00000000e0000000, 0x00000000e8000000, 0x00000000e8000000)
  eden space 87424K,   0% used [0x00000000e0000000, 0x00000000e00c0938, 0x00000000e5560000)
  from space 21824K,   0% used [0x00000000e6ab0000, 0x00000000e6ab1830, 0x00000000e8000000)
  to   space 21824K,   0% used [0x00000000e5560000, 0x00000000e5560000, 0x00000000e6ab0000)
 concurrent mark-sweep generation total 393216K, used 240522K [0x00000000e8000000, 0x0000000100000000, 0x0000000100000000)
 Metaspace       used 32742K, capacity 33224K, committed 33732K, reserved 1079296K
  class space    used 3585K, capacity 3736K, committed 3836K, reserved 1048576K
2017-07-31T16:11:32.477+0200: 16042,882: [GC (CMS Final Remark) 2017-07-31T16:11:32.477+0200: 16042,882: [ParNew
Desired survivor size 20112992 bytes, new threshold 8 (max 8)
- age   1:         64 bytes,         64 total
- age   2:         64 bytes,        128 total
- age   3:         64 bytes,        192 total
: 776K->4K(109248K), 0,0028199 secs] 241298K->240526K(502464K), 0,0028748 secs] [Times: user=0,01 sys=0,00, real=0,01 secs] 
Heap after GC invocations=310 (full 206):
 par new generation   total 109248K, used 4K [0x00000000e0000000, 0x00000000e8000000, 0x00000000e8000000)
  eden space 87424K,   0% used [0x00000000e0000000, 0x00000000e0000000, 0x00000000e5560000)
  from space 21824K,   0% used [0x00000000e5560000, 0x00000000e5561020, 0x00000000e6ab0000)
  to   space 21824K,   0% used [0x00000000e6ab0000, 0x00000000e6ab0000, 0x00000000e8000000)
 concurrent mark-sweep generation total 393216K, used 240522K [0x00000000e8000000, 0x0000000100000000, 0x0000000100000000)
 Metaspace       used 32742K, capacity 33224K, committed 33732K, reserved 1079296K
  class space    used 3585K, capacity 3736K, committed 3836K, reserved 1048576K
}
2017-07-31T16:11:32.480+0200: 16042,885: [Rescan (parallel) , 0,0004951 secs]2017-07-31T16:11:32.481+0200: 16042,885: [weak refs processing, 0,0003901 secs]2017-07-31T16:11:32.481+0200: 16042,886: [class unloading, 0,0070156 secs]2017-07-31T16:11:32.488+0200: 16042,893: [scrub symbol table, 0,0033001 secs]2017-07-31T16:11:32.492+0200: 16042,896: [scrub string table, 0,0005927 secs][1 CMS-remark: 240522K(393216K)] 240526K(502464K), 0,0150129 secs] [Times: user=0,02 sys=0,00, real=0,02 secs] 
2017-07-31T16:11:32.492+0200: 16042,897: Total time for which application threads were stopped: 0,0151346 seconds, Stopping threads took: 0,0000201 seconds
2017-07-31T16:11:32.492+0200: 16042,897: [CMS-concurrent-sweep-start]
2017-07-31T16:11:32.519+0200: 16042,924: [CMS-concurrent-sweep: 0,027/0,027 secs] [Times: user=0,03 sys=0,00, real=0,02 secs] 
2017-07-31T16:11:32.519+0200: 16042,924: [CMS-concurrent-reset-start]
2017-07-31T16:11:32.520+0200: 16042,924: [CMS-concurrent-reset: 0,001/0,001 secs] [Times: user=0,00 sys=0,00, real=0,00 secs] 
2017-07-31T16:11:34.519+0200: 16044,923: [GC (CMS Initial Mark) [1 CMS-initial-mark: 240522K(393216K)] 242249K(502464K), 0,0007780 secs] [Times: user=0,00 sys=0,00, real=0,00 secs] 
2017-07-31T16:11:34.520+0200: 16044,924: Total time for which application threads were stopped: 0,0009424 seconds, Stopping threads took: 0,0000323 seconds
2017-07-31T16:11:34.520+0200: 16044,924: [CMS-concurrent-mark-start]
2017-07-31T16:11:34.546+0200: 16044,950: [CMS-concurrent-mark: 0,026/0,026 secs] [Times: user=0,10 sys=0,00, real=0,03 secs] 
2017-07-31T16:11:34.546+0200: 16044,950: [CMS-concurrent-preclean-start]
2017-07-31T16:11:34.547+0200: 16044,951: [CMS-concurrent-preclean: 0,001/0,001 secs] [Times: user=0,00 sys=0,00, real=0,00 secs] 
2017-07-31T16:11:34.547+0200: 16044,952: [GC (CMS Final Remark) [YG occupancy: 1727 K (109248 K)]{Heap before GC invocations=310 (full 207):
 par new generation   total 109248K, used 1727K [0x00000000e0000000, 0x00000000e8000000, 0x00000000e8000000)
  eden space 87424K,   1% used [0x00000000e0000000, 0x00000000e01aecd8, 0x00000000e5560000)
  from space 21824K,   0% used [0x00000000e5560000, 0x00000000e5561020, 0x00000000e6ab0000)
  to   space 21824K,   0% used [0x00000000e6ab0000, 0x00000000e6ab0000, 0x00000000e8000000)
 concurrent mark-sweep generation total 393216K, used 240522K [0x00000000e8000000, 0x0000000100000000, 0x0000000100000000)
 Metaspace       used 32742K, capacity 33224K, committed 33732K, reserved 1079296K
  class space    used 3585K, capacity 3736K, committed 3836K, reserved 1048576K
2017-07-31T16:11:34.547+0200: 16044,952: [GC (CMS Final Remark) 2017-07-31T16:11:34.547+0200: 16044,952: [ParNew
Desired survivor size 20112992 bytes, new threshold 8 (max 8)
- age   1:         64 bytes,         64 total
- age   2:         64 bytes,        128 total
- age   3:         64 bytes,        192 total
: 1727K->4K(109248K), 0,0031050 secs] 242249K->240526K(502464K), 0,0031674 secs] [Times: user=0,01 sys=0,00, real=0,00 secs] 
Heap after GC invocations=311 (full 207):
 par new generation   total 109248K, used 4K [0x00000000e0000000, 0x00000000e8000000, 0x00000000e8000000)
  eden space 87424K,   0% used [0x00000000e0000000, 0x00000000e0000000, 0x00000000e5560000)
  from space 21824K,   0% used [0x00000000e6ab0000, 0x00000000e6ab1020, 0x00000000e8000000)
  to   space 21824K,   0% used [0x00000000e5560000, 0x00000000e5560000, 0x00000000e6ab0000)
 concurrent mark-sweep generation total 393216K, used 240522K [0x00000000e8000000, 0x0000000100000000, 0x0000000100000000)
 Metaspace       used 32742K, capacity 33224K, committed 33732K, reserved 1079296K
  class space    used 3585K, capacity 3736K, committed 3836K, reserved 1048576K
}
2017-07-31T16:11:34.551+0200: 16044,955: [Rescan (parallel) , 0,0005395 secs]2017-07-31T16:11:34.551+0200: 16044,956: [weak refs processing, 0,0003533 secs]2017-07-31T16:11:34.551+0200: 16044,956: [class unloading, 0,0064769 secs]2017-07-31T16:11:34.558+0200: 16044,962: [scrub symbol table, 0,0034462 secs]2017-07-31T16:11:34.561+0200: 16044,966: [scrub string table, 0,0005654 secs][1 CMS-remark: 240522K(393216K)] 240526K(502464K), 0,0148656 secs] [Times: user=0,02 sys=0,00, real=0,02 secs] 
2017-07-31T16:11:34.562+0200: 16044,967: Total time for which application threads were stopped: 0,0150066 seconds, Stopping threads took: 0,0000320 seconds
2017-07-31T16:11:34.562+0200: 16044,967: [CMS-concurrent-sweep-start]
2017-07-31T16:11:34.588+0200: 16044,992: [CMS-concurrent-sweep: 0,025/0,025 secs] [Times: user=0,03 sys=0,00, real=0,02 secs] 
2017-07-31T16:11:34.588+0200: 16044,992: [CMS-concurrent-reset-start]
2017-07-31T16:11:34.588+0200: 16044,993: [CMS-concurrent-reset: 0,001/0,001 secs] [Times: user=0,00 sys=0,00, real=0,00 secs] 
2017-07-31T16:11:36.587+0200: 16046,992: [GC (CMS Initial Mark) [1 CMS-initial-mark: 240522K(393216K)] 241108K(502464K), 0,0011147 secs] [Times: user=0,00 sys=0,00, real=0,00 secs] 
2017-07-31T16:11:36.589+0200: 16046,993: Total time for which application threads were stopped: 0,0012769 seconds, Stopping threads took: 0,0000241 seconds
2017-07-31T16:11:36.589+0200: 16046,993: [CMS-concurrent-mark-start]
2017-07-31T16:11:36.626+0200: 16047,030: [CMS-concurrent-mark: 0,037/0,037 secs] [Times: user=0,15 sys=0,00, real=0,04 secs] 
2017-07-31T16:11:36.626+0200: 16047,030: [CMS-concurrent-preclean-start]
2017-07-31T16:11:36.627+0200: 16047,032: [CMS-concurrent-preclean: 0,002/0,002 secs] [Times: user=0,00 sys=0,00, real=0,00 secs] 
2017-07-31T16:11:36.628+0200: 16047,032: [GC (CMS Final Remark) [YG occupancy: 1028 K (109248 K)]{Heap before GC invocations=311 (full 208):
 par new generation   total 109248K, used 1028K [0x00000000e0000000, 0x00000000e8000000, 0x00000000e8000000)
  eden space 87424K,   1% used [0x00000000e0000000, 0x00000000e0100198, 0x00000000e5560000)
  from space 21824K,   0% used [0x00000000e6ab0000, 0x00000000e6ab1020, 0x00000000e8000000)
  to   space 21824K,   0% used [0x00000000e5560000, 0x00000000e5560000, 0x00000000e6ab0000)
 concurrent mark-sweep generation total 393216K, used 240522K [0x00000000e8000000, 0x0000000100000000, 0x0000000100000000)
 Metaspace       used 32742K, capacity 33224K, committed 33732K, reserved 1079296K
  class space    used 3585K, capacity 3736K, committed 3836K, reserved 1048576K
2017-07-31T16:11:36.628+0200: 16047,032: [GC (CMS Final Remark) 2017-07-31T16:11:36.628+0200: 16047,032: [ParNew
Desired survivor size 20112992 bytes, new threshold 8 (max 8)
- age   1:         96 bytes,         96 total
- age   2:         64 bytes,        160 total
- age   3:         32 bytes,        192 total
: 1028K->6K(109248K), 0,0045246 secs] 241550K->240528K(502464K), 0,0045981 secs] [Times: user=0,01 sys=0,00, real=0,01 secs] 
Heap after GC invocations=312 (full 208):
 par new generation   total 109248K, used 6K [0x00000000e0000000, 0x00000000e8000000, 0x00000000e8000000)
  eden space 87424K,   0% used [0x00000000e0000000, 0x00000000e0000000, 0x00000000e5560000)
  from space 21824K,   0% used [0x00000000e5560000, 0x00000000e5561830, 0x00000000e6ab0000)
  to   space 21824K,   0% used [0x00000000e6ab0000, 0x00000000e6ab0000, 0x00000000e8000000)
 concurrent mark-sweep generation total 393216K, used 240522K [0x00000000e8000000, 0x0000000100000000, 0x0000000100000000)
 Metaspace       used 32742K, capacity 33224K, committed 33732K, reserved 1079296K
  class space    used 3585K, capacity 3736K, committed 3836K, reserved 1048576K
}
2017-07-31T16:11:36.632+0200: 16047,037: [Rescan (parallel) , 0,0005591 secs]2017-07-31T16:11:36.633+0200: 16047,037: [weak refs processing, 0,0008154 secs]2017-07-31T16:11:36.634+0200: 16047,038: [class unloading, 0,0081224 secs]2017-07-31T16:11:36.642+0200: 16047,046: [scrub symbol table, 0,0035942 secs]2017-07-31T16:11:36.645+0200: 16047,050: [scrub string table, 0,0006569 secs][1 CMS-remark: 240522K(393216K)] 240528K(502464K), 0,0187458 secs] [Times: user=0,03 sys=0,00, real=0,02 secs] 
2017-07-31T16:11:36.646+0200: 16047,051: Total time for which application threads were stopped: 0,0188877 seconds, Stopping threads took: 0,0000255 seconds
2017-07-31T16:11:36.647+0200: 16047,051: [CMS-concurrent-sweep-start]
2017-07-31T16:11:36.675+0200: 16047,079: [CMS-concurrent-sweep: 0,028/0,028 secs] [Times: user=0,03 sys=0,00, real=0,03 secs] 
2017-07-31T16:11:36.675+0200: 16047,079: [CMS-concurrent-reset-start]
2017-07-31T16:11:36.675+0200: 16047,080: [CMS-concurrent-reset: 0,001/0,001 secs] [Times: user=0,00 sys=0,00, real=0,00 secs] 
2017-07-31T16:11:38.675+0200: 16049,079: [GC (CMS Initial Mark) [1 CMS-initial-mark: 240522K(393216K)] 242251K(502464K), 0,0009147 secs] [Times: user=0,00 sys=0,00, real=0,00 secs] 
2017-07-31T16:11:38.676+0200: 16049,080: Total time for which application threads were stopped: 0,0010618 seconds, Stopping threads took: 0,0000205 seconds
2017-07-31T16:11:38.676+0200: 16049,080: [CMS-concurrent-mark-start]
2017-07-31T16:11:38.700+0200: 16049,105: [CMS-concurrent-mark: 0,025/0,025 secs] [Times: user=0,10 sys=0,00, real=0,03 secs] 
2017-07-31T16:11:38.700+0200: 16049,105: [CMS-concurrent-preclean-start]
2017-07-31T16:11:38.702+0200: 16049,106: [CMS-concurrent-preclean: 0,001/0,001 secs] [Times: user=0,00 sys=0,00, real=0,00 secs] 
2017-07-31T16:11:38.702+0200: 16049,106: [GC (CMS Final Remark) [YG occupancy: 1729 K (109248 K)]{Heap before GC invocations=312 (full 209):
 par new generation   total 109248K, used 1729K [0x00000000e0000000, 0x00000000e8000000, 0x00000000e8000000)
  eden space 87424K,   1% used [0x00000000e0000000, 0x00000000e01aecd8, 0x00000000e5560000)
  from space 21824K,   0% used [0x00000000e5560000, 0x00000000e5561830, 0x00000000e6ab0000)
  to   space 21824K,   0% used [0x00000000e6ab0000, 0x00000000e6ab0000, 0x00000000e8000000)
 concurrent mark-sweep generation total 393216K, used 240522K [0x00000000e8000000, 0x0000000100000000, 0x0000000100000000)
 Metaspace       used 32742K, capacity 33224K, committed 33732K, reserved 1079296K
  class space    used 3585K, capacity 3736K, committed 3836K, reserved 1048576K
2017-07-31T16:11:38.702+0200: 16049,106: [GC (CMS Final Remark) 2017-07-31T16:11:38.702+0200: 16049,106: [ParNew
Desired survivor size 20112992 bytes, new threshold 8 (max 8)
- age   1:         64 bytes,         64 total
- age   2:         96 bytes,        160 total
- age   3:         32 bytes,        192 total
: 1729K->6K(109248K), 0,0019231 secs] 242251K->240528K(502464K), 0,0019608 secs] [Times: user=0,01 sys=0,00, real=0,00 secs] 
Heap after GC invocations=313 (full 209):
 par new generation   total 109248K, used 6K [0x00000000e0000000, 0x00000000e8000000, 0x00000000e8000000)
  eden space 87424K,   0% used [0x00000000e0000000, 0x00000000e0000000, 0x00000000e5560000)
  from space 21824K,   0% used [0x00000000e6ab0000, 0x00000000e6ab1830, 0x00000000e8000000)
  to   space 21824K,   0% used [0x00000000e5560000, 0x00000000e5560000, 0x00000000e6ab0000)
 concurrent mark-sweep generation total 393216K, used 240522K [0x00000000e8000000, 0x0000000100000000, 0x0000000100000000)
 Metaspace       used 32742K, capacity 33224K, committed 33732K, reserved 1079296K
  class space    used 3585K, capacity 3736K, committed 3836K, reserved 1048576K
}
2017-07-31T16:11:38.704+0200: 16049,108: [Rescan (parallel) , 0,0006475 secs]2017-07-31T16:11:38.705+0200: 16049,109: [weak refs processing, 0,0003479 secs]2017-07-31T16:11:38.705+0200: 16049,109: [class unloading, 0,0066453 secs]2017-07-31T16:11:38.712+0200: 16049,116: [scrub symbol table, 0,0031843 secs]2017-07-31T16:11:38.715+0200: 16049,119: [scrub string table, 0,0005802 secs][1 CMS-remark: 240522K(393216K)] 240528K(502464K), 0,0136279 secs] [Times: user=0,02 sys=0,00, real=0,01 secs] 
2017-07-31T16:11:38.716+0200: 16049,120: Total time for which application threads were stopped: 0,0137516 seconds, Stopping threads took: 0,0000277 seconds
2017-07-31T16:11:38.716+0200: 16049,120: [CMS-concurrent-sweep-start]
2017-07-31T16:11:38.742+0200: 16049,147: [CMS-concurrent-sweep: 0,027/0,027 secs] [Times: user=0,03 sys=0,00, real=0,03 secs] 
2017-07-31T16:11:38.742+0200: 16049,147: [CMS-concurrent-reset-start]
2017-07-31T16:11:38.743+0200: 16049,147: [CMS-concurrent-reset: 0,001/0,001 secs] [Times: user=0,00 sys=0,00, real=0,00 secs] 
2017-07-31T16:11:40.742+0200: 16051,147: [GC (CMS Initial Mark) [1 CMS-initial-mark: 240522K(393216K)] 241110K(502464K), 0,0009880 secs] [Times: user=0,00 sys=0,00, real=0,00 secs] 
2017-07-31T16:11:40.743+0200: 16051,148: Total time for which application threads were stopped: 0,0011450 seconds, Stopping threads took: 0,0000245 seconds
2017-07-31T16:11:40.743+0200: 16051,148: [CMS-concurrent-mark-start]
2017-07-31T16:11:40.779+0200: 16051,184: [CMS-concurrent-mark: 0,036/0,036 secs] [Times: user=0,14 sys=0,00, real=0,03 secs] 
2017-07-31T16:11:40.779+0200: 16051,184: [CMS-concurrent-preclean-start]
2017-07-31T16:11:40.781+0200: 16051,185: [CMS-concurrent-preclean: 0,002/0,002 secs] [Times: user=0,00 sys=0,00, real=0,01 secs] 
2017-07-31T16:11:40.781+0200: 16051,186: [GC (CMS Final Remark) [YG occupancy: 587 K (109248 K)]{Heap before GC invocations=313 (full 210):
 par new generation   total 109248K, used 587K [0x00000000e0000000, 0x00000000e8000000, 0x00000000e8000000)
  eden space 87424K,   0% used [0x00000000e0000000, 0x00000000e00915e8, 0x00000000e5560000)
  from space 21824K,   0% used [0x00000000e6ab0000, 0x00000000e6ab1830, 0x00000000e8000000)
  to   space 21824K,   0% used [0x00000000e5560000, 0x00000000e5560000, 0x00000000e6ab0000)
 concurrent mark-sweep generation total 393216K, used 240522K [0x00000000e8000000, 0x0000000100000000, 0x0000000100000000)
 Metaspace       used 32742K, capacity 33224K, committed 33732K, reserved 1079296K
  class space    used 3585K, capacity 3736K, committed 3836K, reserved 1048576K
2017-07-31T16:11:40.781+0200: 16051,186: [GC (CMS Final Remark) 2017-07-31T16:11:40.781+0200: 16051,186: [ParNew
Desired survivor size 20112992 bytes, new threshold 8 (max 8)
- age   1:         64 bytes,         64 total
- age   2:         64 bytes,        128 total
- age   3:         64 bytes,        192 total
: 587K->6K(109248K), 0,0037631 secs] 241110K->240528K(502464K), 0,0038110 secs] [Times: user=0,01 sys=0,00, real=0,00 secs] 
Heap after GC invocations=314 (full 210):
 par new generation   total 109248K, used 6K [0x00000000e0000000, 0x00000000e8000000, 0x00000000e8000000)
  eden space 87424K,   0% used [0x00000000e0000000, 0x00000000e0000000, 0x00000000e5560000)
  from space 21824K,   0% used [0x00000000e5560000, 0x00000000e5561830, 0x00000000e6ab0000)
  to   space 21824K,   0% used [0x00000000e6ab0000, 0x00000000e6ab0000, 0x00000000e8000000)
 concurrent mark-sweep generation total 393216K, used 240522K [0x00000000e8000000, 0x0000000100000000, 0x0000000100000000)
 Metaspace       used 32742K, capacity 33224K, committed 33732K, reserved 1079296K
  class space    used 3585K, capacity 3736K, committed 3836K, reserved 1048576K
}
2017-07-31T16:11:40.785+0200: 16051,190: [Rescan (parallel) , 0,0005203 secs]2017-07-31T16:11:40.786+0200: 16051,190: [weak refs processing, 0,0004140 secs]2017-07-31T16:11:40.786+0200: 16051,191: [class unloading, 0,0070139 secs]2017-07-31T16:11:40.793+0200: 16051,198: [scrub symbol table, 0,0032927 secs]2017-07-31T16:11:40.796+0200: 16051,201: [scrub string table, 0,0005783 secs][1 CMS-remark: 240522K(393216K)] 240528K(502464K), 0,0158780 secs] [Times: user=0,03 sys=0,00, real=0,01 secs] 
2017-07-31T16:11:40.797+0200: 16051,202: Total time for which application threads were stopped: 0,0160191 seconds, Stopping threads took: 0,0000240 seconds
2017-07-31T16:11:40.797+0200: 16051,202: [CMS-concurrent-sweep-start]
2017-07-31T16:11:40.823+0200: 16051,227: [CMS-concurrent-sweep: 0,025/0,025 secs] [Times: user=0,02 sys=0,00, real=0,03 secs] 
2017-07-31T16:11:40.823+0200: 16051,227: [CMS-concurrent-reset-start]
2017-07-31T16:11:40.823+0200: 16051,228: [CMS-concurrent-reset: 0,001/0,001 secs] [Times: user=0,00 sys=0,00, real=0,00 secs] 
2017-07-31T16:11:42.822+0200: 16053,227: [GC (CMS Initial Mark) [1 CMS-initial-mark: 240522K(393216K)] 240971K(502464K), 0,0009249 secs] [Times: user=0,01 sys=0,00, real=0,00 secs] 
2017-07-31T16:11:42.823+0200: 16053,228: Total time for which application threads were stopped: 0,0010867 seconds, Stopping threads took: 0,0000236 seconds
2017-07-31T16:11:42.823+0200: 16053,228: [CMS-concurrent-mark-start]
2017-07-31T16:11:42.860+0200: 16053,265: [CMS-concurrent-mark: 0,037/0,037 secs] [Times: user=0,14 sys=0,00, real=0,04 secs] 
2017-07-31T16:11:42.860+0200: 16053,265: [CMS-concurrent-preclean-start]
2017-07-31T16:11:42.862+0200: 16053,266: [CMS-concurrent-preclean: 0,002/0,002 secs] [Times: user=0,00 sys=0,00, real=0,00 secs] 
2017-07-31T16:11:42.862+0200: 16053,267: [GC (CMS Final Remark) [YG occupancy: 1739 K (109248 K)]{Heap before GC invocations=314 (full 211):
 par new generation   total 109248K, used 1739K [0x00000000e0000000, 0x00000000e8000000, 0x00000000e8000000)
  eden space 87424K,   1% used [0x00000000e0000000, 0x00000000e01b1748, 0x00000000e5560000)
  from space 21824K,   0% used [0x00000000e5560000, 0x00000000e5561830, 0x00000000e6ab0000)
  to   space 21824K,   0% used [0x00000000e6ab0000, 0x00000000e6ab0000, 0x00000000e8000000)
 concurrent mark-sweep generation total 393216K, used 240522K [0x00000000e8000000, 0x0000000100000000, 0x0000000100000000)
 Metaspace       used 32742K, capacity 33224K, committed 33732K, reserved 1079296K
  class space    used 3585K, capacity 3736K, committed 3836K, reserved 1048576K
2017-07-31T16:11:42.862+0200: 16053,267: [GC (CMS Final Remark) 2017-07-31T16:11:42.862+0200: 16053,267: [ParNew
Desired survivor size 20112992 bytes, new threshold 8 (max 8)
- age   1:         64 bytes,         64 total
- age   2:         64 bytes,        128 total
- age   3:         64 bytes,        192 total
: 1739K->6K(109248K), 0,0026942 secs] 242262K->240528K(502464K), 0,0027528 secs] [Times: user=0,01 sys=0,01, real=0,00 secs] 
Heap after GC invocations=315 (full 211):
 par new generation   total 109248K, used 6K [0x00000000e0000000, 0x00000000e8000000, 0x00000000e8000000)
  eden space 87424K,   0% used [0x00000000e0000000, 0x00000000e0000000, 0x00000000e5560000)
  from space 21824K,   0% used [0x00000000e6ab0000, 0x00000000e6ab1830, 0x00000000e8000000)
  to   space 21824K,   0% used [0x00000000e5560000, 0x00000000e5560000, 0x00000000e6ab0000)
 concurrent mark-sweep generation total 393216K, used 240522K [0x00000000e8000000, 0x0000000100000000, 0x0000000100000000)
 Metaspace       used 32742K, capacity 33224K, committed 33732K, reserved 1079296K
  class space    used 3585K, capacity 3736K, committed 3836K, reserved 1048576K
}
2017-07-31T16:11:42.865+0200: 16053,270: [Rescan (parallel) , 0,0006683 secs]2017-07-31T16:11:42.866+0200: 16053,270: [weak refs processing, 0,0005870 secs]2017-07-31T16:11:42.866+0200: 16053,271: [class unloading, 0,0077821 secs]2017-07-31T16:11:42.874+0200: 16053,279: [scrub symbol table, 0,0038018 secs]2017-07-31T16:11:42.878+0200: 16053,283: [scrub string table, 0,0006432 secs][1 CMS-remark: 240522K(393216K)] 240528K(502464K), 0,0166211 secs] [Times: user=0,02 sys=0,01, real=0,01 secs] 
2017-07-31T16:11:42.879+0200: 16053,283: Total time for which application threads were stopped: 0,0167650 seconds, Stopping threads took: 0,0000248 seconds
2017-07-31T16:11:42.879+0200: 16053,283: [CMS-concurrent-sweep-start]
2017-07-31T16:11:42.908+0200: 16053,312: [CMS-concurrent-sweep: 0,029/0,029 secs] [Times: user=0,03 sys=0,00, real=0,03 secs] 
2017-07-31T16:11:42.908+0200: 16053,312: [CMS-concurrent-reset-start]
2017-07-31T16:11:42.909+0200: 16053,313: [CMS-concurrent-reset: 0,001/0,001 secs] [Times: user=0,00 sys=0,00, real=0,00 secs] 
2017-07-31T16:11:44.908+0200: 16055,312: [GC (CMS Initial Mark) [1 CMS-initial-mark: 240522K(393216K)] 241012K(502464K), 0,0006549 secs] [Times: user=0,00 sys=0,00, real=0,00 secs] 
2017-07-31T16:11:44.908+0200: 16055,313: Total time for which application threads were stopped: 0,0007715 seconds, Stopping threads took: 0,0000332 seconds
2017-07-31T16:11:44.908+0200: 16055,313: [CMS-concurrent-mark-start]
2017-07-31T16:11:44.928+0200: 16055,333: [CMS-concurrent-mark: 0,020/0,020 secs] [Times: user=0,08 sys=0,00, real=0,02 secs] 
2017-07-31T16:11:44.928+0200: 16055,333: [CMS-concurrent-preclean-start]
2017-07-31T16:11:44.929+0200: 16055,334: [CMS-concurrent-preclean: 0,001/0,001 secs] [Times: user=0,00 sys=0,00, real=0,00 secs] 
2017-07-31T16:11:44.929+0200: 16055,334: [GC (CMS Final Remark) [YG occupancy: 490 K (109248 K)]{Heap before GC invocations=315 (full 212):
 par new generation   total 109248K, used 490K [0x00000000e0000000, 0x00000000e8000000, 0x00000000e8000000)
  eden space 87424K,   0% used [0x00000000e0000000, 0x00000000e0079150, 0x00000000e5560000)
  from space 21824K,   0% used [0x00000000e6ab0000, 0x00000000e6ab1830, 0x00000000e8000000)
  to   space 21824K,   0% used [0x00000000e5560000, 0x00000000e5560000, 0x00000000e6ab0000)
 concurrent mark-sweep generation total 393216K, used 240522K [0x00000000e8000000, 0x0000000100000000, 0x0000000100000000)
 Metaspace       used 32742K, capacity 33224K, committed 33732K, reserved 1079296K
  class space    used 3585K, capacity 3736K, committed 3836K, reserved 1048576K
2017-07-31T16:11:44.929+0200: 16055,334: [GC (CMS Final Remark) 2017-07-31T16:11:44.929+0200: 16055,334: [ParNew
Desired survivor size 20112992 bytes, new threshold 8 (max 8)
- age   1:        184 bytes,        184 total
- age   2:         64 bytes,        248 total
- age   3:         64 bytes,        312 total
- age   4:         32 bytes,        344 total
: 490K->8K(109248K), 0,0011204 secs] 241012K->240530K(502464K), 0,0011493 secs] [Times: user=0,01 sys=0,00, real=0,00 secs] 
Heap after GC invocations=316 (full 212):
 par new generation   total 109248K, used 8K [0x00000000e0000000, 0x00000000e8000000, 0x00000000e8000000)
  eden space 87424K,   0% used [0x00000000e0000000, 0x00000000e0000000, 0x00000000e5560000)
  from space 21824K,   0% used [0x00000000e5560000, 0x00000000e5562040, 0x00000000e6ab0000)
  to   space 21824K,   0% used [0x00000000e6ab0000, 0x00000000e6ab0000, 0x00000000e8000000)
 concurrent mark-sweep generation total 393216K, used 240522K [0x00000000e8000000, 0x0000000100000000, 0x0000000100000000)
 Metaspace       used 32742K, capacity 33224K, committed 33732K, reserved 1079296K
  class space    used 3585K, capacity 3736K, committed 3836K, reserved 1048576K
}
2017-07-31T16:11:44.930+0200: 16055,335: [Rescan (parallel) , 0,0004928 secs]2017-07-31T16:11:44.931+0200: 16055,335: [weak refs processing, 0,0002460 secs]2017-07-31T16:11:44.931+0200: 16055,336: [class unloading, 0,0053595 secs]2017-07-31T16:11:44.937+0200: 16055,341: [scrub symbol table, 0,0028283 secs]2017-07-31T16:11:44.939+0200: 16055,344: [scrub string table, 0,0004797 secs][1 CMS-remark: 240522K(393216K)] 240530K(502464K), 0,0107666 secs] [Times: user=0,01 sys=0,00, real=0,02 secs] 
2017-07-31T16:11:44.940+0200: 16055,344: Total time for which application threads were stopped: 0,0108676 seconds, Stopping threads took: 0,0000198 seconds
2017-07-31T16:11:44.940+0200: 16055,345: [CMS-concurrent-sweep-start]
2017-07-31T16:11:44.962+0200: 16055,366: [CMS-concurrent-sweep: 0,022/0,022 secs] [Times: user=0,03 sys=0,00, real=0,02 secs] 
2017-07-31T16:11:44.962+0200: 16055,366: [CMS-concurrent-reset-start]
2017-07-31T16:11:44.962+0200: 16055,367: [CMS-concurrent-reset: 0,000/0,000 secs] [Times: user=0,00 sys=0,00, real=0,00 secs] 
2017-07-31T16:11:46.962+0200: 16057,366: [GC (CMS Initial Mark) [1 CMS-initial-mark: 240522K(393216K)] 241554K(502464K), 0,0009396 secs] [Times: user=0,00 sys=0,00, real=0,00 secs] 
2017-07-31T16:11:46.963+0200: 16057,367: Total time for which application threads were stopped: 0,0011298 seconds, Stopping threads took: 0,0000372 seconds
2017-07-31T16:11:46.963+0200: 16057,367: [CMS-concurrent-mark-start]
2017-07-31T16:11:46.994+0200: 16057,398: [CMS-concurrent-mark: 0,031/0,031 secs] [Times: user=0,13 sys=0,00, real=0,03 secs] 
2017-07-31T16:11:46.994+0200: 16057,398: [CMS-concurrent-preclean-start]
2017-07-31T16:11:46.995+0200: 16057,400: [CMS-concurrent-preclean: 0,002/0,002 secs] [Times: user=0,00 sys=0,00, real=0,00 secs] 
2017-07-31T16:11:46.995+0200: 16057,400: [GC (CMS Final Remark) [YG occupancy: 1032 K (109248 K)]{Heap before GC invocations=316 (full 213):
 par new generation   total 109248K, used 1032K [0x00000000e0000000, 0x00000000e8000000, 0x00000000e8000000)
  eden space 87424K,   1% used [0x00000000e0000000, 0x00000000e0100198, 0x00000000e5560000)
  from space 21824K,   0% used [0x00000000e5560000, 0x00000000e5562040, 0x00000000e6ab0000)
  to   space 21824K,   0% used [0x00000000e6ab0000, 0x00000000e6ab0000, 0x00000000e8000000)
 concurrent mark-sweep generation total 393216K, used 240522K [0x00000000e8000000, 0x0000000100000000, 0x0000000100000000)
 Metaspace       used 32742K, capacity 33224K, committed 33732K, reserved 1079296K
  class space    used 3585K, capacity 3736K, committed 3836K, reserved 1048576K
2017-07-31T16:11:46.995+0200: 16057,400: [GC (CMS Final Remark) 2017-07-31T16:11:46.995+0200: 16057,400: [ParNew
Desired survivor size 20112992 bytes, new threshold 8 (max 8)
- age   1:         96 bytes,         96 total
- age   2:        184 bytes,        280 total
- age   3:         64 bytes,        344 total
: 1032K->4K(109248K), 0,0022622 secs] 241554K->240526K(502464K), 0,0023118 secs] [Times: user=0,00 sys=0,00, real=0,00 secs] 
Heap after GC invocations=317 (full 213):
 par new generation   total 109248K, used 4K [0x00000000e0000000, 0x00000000e8000000, 0x00000000e8000000)
  eden space 87424K,   0% used [0x00000000e0000000, 0x00000000e0000000, 0x00000000e5560000)
  from space 21824K,   0% used [0x00000000e6ab0000, 0x00000000e6ab1020, 0x00000000e8000000)
  to   space 21824K,   0% used [0x00000000e5560000, 0x00000000e5560000, 0x00000000e6ab0000)
 concurrent mark-sweep generation total 393216K, used 240522K [0x00000000e8000000, 0x0000000100000000, 0x0000000100000000)
 Metaspace       used 32742K, capacity 33224K, committed 33732K, reserved 1079296K
  class space    used 3585K, capacity 3736K, committed 3836K, reserved 1048576K
}
2017-07-31T16:11:46.998+0200: 16057,402: [Rescan (parallel) , 0,0006810 secs]2017-07-31T16:11:46.998+0200: 16057,403: [weak refs processing, 0,0004254 secs]2017-07-31T16:11:46.999+0200: 16057,403: [class unloading, 0,0075590 secs]2017-07-31T16:11:47.006+0200: 16057,411: [scrub symbol table, 0,0037712 secs]2017-07-31T16:11:47.010+0200: 16057,415: [scrub string table, 0,0006800 secs][1 CMS-remark: 240522K(393216K)] 240526K(502464K), 0,0157488 secs] [Times: user=0,02 sys=0,00, real=0,01 secs] 
2017-07-31T16:11:47.011+0200: 16057,416: Total time for which application threads were stopped: 0,0158819 seconds, Stopping threads took: 0,0000264 seconds
2017-07-31T16:11:47.011+0200: 16057,416: [CMS-concurrent-sweep-start]
2017-07-31T16:11:47.040+0200: 16057,444: [CMS-concurrent-sweep: 0,029/0,029 secs] [Times: user=0,03 sys=0,00, real=0,03 secs] 
2017-07-31T16:11:47.040+0200: 16057,444: [CMS-concurrent-reset-start]
2017-07-31T16:11:47.040+0200: 16057,445: [CMS-concurrent-reset: 0,001/0,001 secs] [Times: user=0,00 sys=0,00, real=0,01 secs] 
2017-07-31T16:11:49.040+0200: 16059,444: [GC (CMS Initial Mark) [1 CMS-initial-mark: 240522K(393216K)] 242249K(502464K), 0,0009280 secs] [Times: user=0,00 sys=0,01, real=0,01 secs] 
2017-07-31T16:11:49.041+0200: 16059,445: Total time for which application threads were stopped: 0,0010946 seconds, Stopping threads took: 0,0000337 seconds
2017-07-31T16:11:49.041+0200: 16059,445: [CMS-concurrent-mark-start]
2017-07-31T16:11:49.065+0200: 16059,470: [CMS-concurrent-mark: 0,025/0,025 secs] [Times: user=0,09 sys=0,00, real=0,02 secs] 
2017-07-31T16:11:49.066+0200: 16059,470: [CMS-concurrent-preclean-start]
2017-07-31T16:11:49.067+0200: 16059,471: [CMS-concurrent-preclean: 0,001/0,001 secs] [Times: user=0,01 sys=0,00, real=0,00 secs] 
2017-07-31T16:11:49.067+0200: 16059,472: [GC (CMS Final Remark) [YG occupancy: 1727 K (109248 K)]{Heap before GC invocations=317 (full 214):
 par new generation   total 109248K, used 1727K [0x00000000e0000000, 0x00000000e8000000, 0x00000000e8000000)
  eden space 87424K,   1% used [0x00000000e0000000, 0x00000000e01aecd8, 0x00000000e5560000)
  from space 21824K,   0% used [0x00000000e6ab0000, 0x00000000e6ab1020, 0x00000000e8000000)
  to   space 21824K,   0% used [0x00000000e5560000, 0x00000000e5560000, 0x00000000e6ab0000)
 concurrent mark-sweep generation total 393216K, used 240522K [0x00000000e8000000, 0x0000000100000000, 0x0000000100000000)
 Metaspace       used 32742K, capacity 33224K, committed 33732K, reserved 1079296K
  class space    used 3585K, capacity 3736K, committed 3836K, reserved 1048576K
2017-07-31T16:11:49.067+0200: 16059,472: [GC (CMS Final Remark) 2017-07-31T16:11:49.067+0200: 16059,472: [ParNew
Desired survivor size 20112992 bytes, new threshold 8 (max 8)
- age   1:         64 bytes,         64 total
- age   2:         96 bytes,        160 total
- age   3:        184 bytes,        344 total
: 1727K->4K(109248K), 0,0018256 secs] 242249K->240526K(502464K), 0,0018690 secs] [Times: user=0,00 sys=0,00, real=0,00 secs] 
Heap after GC invocations=318 (full 214):
 par new generation   total 109248K, used 4K [0x00000000e0000000, 0x00000000e8000000, 0x00000000e8000000)
  eden space 87424K,   0% used [0x00000000e0000000, 0x00000000e0000000, 0x00000000e5560000)
  from space 21824K,   0% used [0x00000000e5560000, 0x00000000e5561020, 0x00000000e6ab0000)
  to   space 21824K,   0% used [0x00000000e6ab0000, 0x00000000e6ab0000, 0x00000000e8000000)
 concurrent mark-sweep generation total 393216K, used 240522K [0x00000000e8000000, 0x0000000100000000, 0x0000000100000000)
 Metaspace       used 32742K, capacity 33224K, committed 33732K, reserved 1079296K
  class space    used 3585K, capacity 3736K, committed 3836K, reserved 1048576K
}
2017-07-31T16:11:49.069+0200: 16059,473: [Rescan (parallel) , 0,0005922 secs]2017-07-31T16:11:49.070+0200: 16059,474: [weak refs processing, 0,0004488 secs]2017-07-31T16:11:49.070+0200: 16059,475: [class unloading, 0,0073724 secs]2017-07-31T16:11:49.077+0200: 16059,482: [scrub symbol table, 0,0036912 secs]2017-07-31T16:11:49.081+0200: 16059,486: [scrub string table, 0,0006541 secs][1 CMS-remark: 240522K(393216K)] 240526K(502464K), 0,0150524 secs] [Times: user=0,02 sys=0,00, real=0,02 secs] 
2017-07-31T16:11:49.082+0200: 16059,487: Total time for which application threads were stopped: 0,0151819 seconds, Stopping threads took: 0,0000195 seconds
2017-07-31T16:11:49.082+0200: 16059,487: [CMS-concurrent-sweep-start]
2017-07-31T16:11:49.110+0200: 16059,514: [CMS-concurrent-sweep: 0,028/0,028 secs] [Times: user=0,03 sys=0,00, real=0,02 secs] 
2017-07-31T16:11:49.110+0200: 16059,514: [CMS-concurrent-reset-start]
2017-07-31T16:11:49.110+0200: 16059,515: [CMS-concurrent-reset: 0,001/0,001 secs] [Times: user=0,00 sys=0,00, real=0,00 secs] 
2017-07-31T16:11:51.110+0200: 16061,514: [GC (CMS Initial Mark) [1 CMS-initial-mark: 240522K(393216K)] 241107K(502464K), 0,0010387 secs] [Times: user=0,00 sys=0,00, real=0,00 secs] 
2017-07-31T16:11:51.111+0200: 16061,515: Total time for which application threads were stopped: 0,0012034 seconds, Stopping threads took: 0,0000242 seconds
2017-07-31T16:11:51.111+0200: 16061,515: [CMS-concurrent-mark-start]
2017-07-31T16:11:51.144+0200: 16061,548: [CMS-concurrent-mark: 0,033/0,033 secs] [Times: user=0,13 sys=0,00, real=0,04 secs] 
2017-07-31T16:11:51.144+0200: 16061,548: [CMS-concurrent-preclean-start]
2017-07-31T16:11:51.145+0200: 16061,550: [CMS-concurrent-preclean: 0,001/0,001 secs] [Times: user=0,00 sys=0,00, real=0,00 secs] 
2017-07-31T16:11:51.145+0200: 16061,550: [GC (CMS Final Remark) [YG occupancy: 585 K (109248 K)]{Heap before GC invocations=318 (full 215):
 par new generation   total 109248K, used 585K [0x00000000e0000000, 0x00000000e8000000, 0x00000000e8000000)
  eden space 87424K,   0% used [0x00000000e0000000, 0x00000000e00915e8, 0x00000000e5560000)
  from space 21824K,   0% used [0x00000000e5560000, 0x00000000e5561020, 0x00000000e6ab0000)
  to   space 21824K,   0% used [0x00000000e6ab0000, 0x00000000e6ab0000, 0x00000000e8000000)
 concurrent mark-sweep generation total 393216K, used 240522K [0x00000000e8000000, 0x0000000100000000, 0x0000000100000000)
 Metaspace       used 32742K, capacity 33224K, committed 33732K, reserved 1079296K
  class space    used 3585K, capacity 3736K, committed 3836K, reserved 1048576K
2017-07-31T16:11:51.145+0200: 16061,550: [GC (CMS Final Remark) 2017-07-31T16:11:51.145+0200: 16061,550: [ParNew
Desired survivor size 20112992 bytes, new threshold 8 (max 8)
- age   1:         64 bytes,         64 total
- age   2:         64 bytes,        128 total
- age   3:         64 bytes,        192 total
- age   4:        152 bytes,        344 total
: 585K->8K(109248K), 0,0043735 secs] 241107K->240530K(502464K), 0,0044219 secs] [Times: user=0,01 sys=0,00, real=0,00 secs] 
Heap after GC invocations=319 (full 215):
 par new generation   total 109248K, used 8K [0x00000000e0000000, 0x00000000e8000000, 0x00000000e8000000)
  eden space 87424K,   0% used [0x00000000e0000000, 0x00000000e0000000, 0x00000000e5560000)
  from space 21824K,   0% used [0x00000000e6ab0000, 0x00000000e6ab2040, 0x00000000e8000000)
  to   space 21824K,   0% used [0x00000000e5560000, 0x00000000e5560000, 0x00000000e6ab0000)
 concurrent mark-sweep generation total 393216K, used 240522K [0x00000000e8000000, 0x0000000100000000, 0x0000000100000000)
 Metaspace       used 32742K, capacity 33224K, committed 33732K, reserved 1079296K
  class space    used 3585K, capacity 3736K, committed 3836K, reserved 1048576K
}
2017-07-31T16:11:51.150+0200: 16061,554: [Rescan (parallel) , 0,0005311 secs]2017-07-31T16:11:51.150+0200: 16061,555: [weak refs processing, 0,0006262 secs]2017-07-31T16:11:51.151+0200: 16061,556: [class unloading, 0,0075557 secs]2017-07-31T16:11:51.159+0200: 16061,563: [scrub symbol table, 0,0036331 secs]2017-07-31T16:11:51.162+0200: 16061,567: [scrub string table, 0,0006555 secs][1 CMS-remark: 240522K(393216K)] 240530K(502464K), 0,0177525 secs] [Times: user=0,03 sys=0,00, real=0,02 secs] 
2017-07-31T16:11:51.163+0200: 16061,568: Total time for which application threads were stopped: 0,0178807 seconds, Stopping threads took: 0,0000207 seconds
2017-07-31T16:11:51.163+0200: 16061,568: [CMS-concurrent-sweep-start]
2017-07-31T16:11:51.193+0200: 16061,598: [CMS-concurrent-sweep: 0,030/0,030 secs] [Times: user=0,03 sys=0,00, real=0,03 secs] 
2017-07-31T16:11:51.193+0200: 16061,598: [CMS-concurrent-reset-start]
2017-07-31T16:11:51.194+0200: 16061,598: [CMS-concurrent-reset: 0,001/0,001 secs] [Times: user=0,00 sys=0,00, real=0,00 secs] 
2017-07-31T16:11:53.193+0200: 16063,598: [GC (CMS Initial Mark) [1 CMS-initial-mark: 240522K(393216K)] 242338K(502464K), 0,0010647 secs] [Times: user=0,00 sys=0,00, real=0,00 secs] 
2017-07-31T16:11:53.194+0200: 16063,599: Total time for which application threads were stopped: 0,0012236 seconds, Stopping threads took: 0,0000239 seconds
2017-07-31T16:11:53.194+0200: 16063,599: [CMS-concurrent-mark-start]
2017-07-31T16:11:53.220+0200: 16063,625: [CMS-concurrent-mark: 0,026/0,026 secs] [Times: user=0,10 sys=0,00, real=0,03 secs] 
2017-07-31T16:11:53.220+0200: 16063,625: [CMS-concurrent-preclean-start]
2017-07-31T16:11:53.222+0200: 16063,626: [CMS-concurrent-preclean: 0,001/0,001 secs] [Times: user=0,01 sys=0,00, real=0,00 secs] 
2017-07-31T16:11:53.222+0200: 16063,626: [GC (CMS Final Remark) [YG occupancy: 1815 K (109248 K)]{Heap before GC invocations=319 (full 216):
 par new generation   total 109248K, used 1815K [0x00000000e0000000, 0x00000000e8000000, 0x00000000e8000000)
  eden space 87424K,   2% used [0x00000000e0000000, 0x00000000e01c3ee0, 0x00000000e5560000)
  from space 21824K,   0% used [0x00000000e6ab0000, 0x00000000e6ab2040, 0x00000000e8000000)
  to   space 21824K,   0% used [0x00000000e5560000, 0x00000000e5560000, 0x00000000e6ab0000)
 concurrent mark-sweep generation total 393216K, used 240522K [0x00000000e8000000, 0x0000000100000000, 0x0000000100000000)
 Metaspace       used 32742K, capacity 33224K, committed 33732K, reserved 1079296K
  class space    used 3585K, capacity 3736K, committed 3836K, reserved 1048576K
2017-07-31T16:11:53.222+0200: 16063,626: [GC (CMS Final Remark) 2017-07-31T16:11:53.222+0200: 16063,626: [ParNew
Desired survivor size 20112992 bytes, new threshold 8 (max 8)
- age   1:         96 bytes,         96 total
- age   2:         64 bytes,        160 total
- age   3:         64 bytes,        224 total
- age   5:        152 bytes,        376 total
: 1815K->8K(109248K), 0,0039565 secs] 242338K->240530K(502464K), 0,0040191 secs] [Times: user=0,00 sys=0,00, real=0,00 secs] 
Heap after GC invocations=320 (full 216):
 par new generation   total 109248K, used 8K [0x00000000e0000000, 0x00000000e8000000, 0x00000000e8000000)
  eden space 87424K,   0% used [0x00000000e0000000, 0x00000000e0000000, 0x00000000e5560000)
  from space 21824K,   0% used [0x00000000e5560000, 0x00000000e5562040, 0x00000000e6ab0000)
  to   space 21824K,   0% used [0x00000000e6ab0000, 0x00000000e6ab0000, 0x00000000e8000000)
 concurrent mark-sweep generation total 393216K, used 240522K [0x00000000e8000000, 0x0000000100000000, 0x0000000100000000)
 Metaspace       used 32742K, capacity 33224K, committed 33732K, reserved 1079296K
  class space    used 3585K, capacity 3736K, committed 3836K, reserved 1048576K
}
2017-07-31T16:11:53.226+0200: 16063,630: [Rescan (parallel) , 0,0007092 secs]2017-07-31T16:11:53.227+0200: 16063,631: [weak refs processing, 0,0004599 secs]2017-07-31T16:11:53.227+0200: 16063,632: [class unloading, 0,0078417 secs]2017-07-31T16:11:53.235+0200: 16063,639: [scrub symbol table, 0,0036998 secs]2017-07-31T16:11:53.239+0200: 16063,643: [scrub string table, 0,0006797 secs][1 CMS-remark: 240522K(393216K)] 240530K(502464K), 0,0176909 secs] [Times: user=0,02 sys=0,00, real=0,01 secs] 
2017-07-31T16:11:53.240+0200: 16063,644: Total time for which application threads were stopped: 0,0178297 seconds, Stopping threads took: 0,0000227 seconds
2017-07-31T16:11:53.240+0200: 16063,644: [CMS-concurrent-sweep-start]
2017-07-31T16:11:53.269+0200: 16063,673: [CMS-concurrent-sweep: 0,029/0,029 secs] [Times: user=0,02 sys=0,00, real=0,03 secs] 
2017-07-31T16:11:53.269+0200: 16063,673: [CMS-concurrent-reset-start]
2017-07-31T16:11:53.269+0200: 16063,674: [CMS-concurrent-reset: 0,001/0,001 secs] [Times: user=0,00 sys=0,00, real=0,00 secs] 
2017-07-31T16:11:55.269+0200: 16065,673: [GC (CMS Initial Mark) [1 CMS-initial-mark: 240522K(393216K)] 241216K(502464K), 0,0009709 secs] [Times: user=0,00 sys=0,00, real=0,00 secs] 
2017-07-31T16:11:55.270+0200: 16065,674: Total time for which application threads were stopped: 0,0011457 seconds, Stopping threads took: 0,0000483 seconds
2017-07-31T16:11:55.270+0200: 16065,674: [CMS-concurrent-mark-start]
2017-07-31T16:11:55.296+0200: 16065,701: [CMS-concurrent-mark: 0,027/0,027 secs] [Times: user=0,11 sys=0,00, real=0,03 secs] 
2017-07-31T16:11:55.296+0200: 16065,701: [CMS-concurrent-preclean-start]
2017-07-31T16:11:55.298+0200: 16065,702: [CMS-concurrent-preclean: 0,001/0,001 secs] [Times: user=0,00 sys=0,00, real=0,00 secs] 
2017-07-31T16:11:55.298+0200: 16065,703: [GC (CMS Final Remark) [YG occupancy: 694 K (109248 K)]{Heap before GC invocations=320 (full 217):
 par new generation   total 109248K, used 694K [0x00000000e0000000, 0x00000000e8000000, 0x00000000e8000000)
  eden space 87424K,   0% used [0x00000000e0000000, 0x00000000e00ab9a0, 0x00000000e5560000)
  from space 21824K,   0% used [0x00000000e5560000, 0x00000000e5562040, 0x00000000e6ab0000)
  to   space 21824K,   0% used [0x00000000e6ab0000, 0x00000000e6ab0000, 0x00000000e8000000)
 concurrent mark-sweep generation total 393216K, used 240522K [0x00000000e8000000, 0x0000000100000000, 0x0000000100000000)
 Metaspace       used 32742K, capacity 33224K, committed 33732K, reserved 1079296K
  class space    used 3585K, capacity 3736K, committed 3836K, reserved 1048576K
2017-07-31T16:11:55.298+0200: 16065,703: [GC (CMS Final Remark) 2017-07-31T16:11:55.298+0200: 16065,703: [ParNew
Desired survivor size 20112992 bytes, new threshold 8 (max 8)
- age   1:         64 bytes,         64 total
- age   2:         96 bytes,        160 total
- age   3:         64 bytes,        224 total
- age   6:        152 bytes,        376 total
: 694K->6K(109248K), 0,0039190 secs] 241216K->240528K(502464K), 0,0039664 secs] [Times: user=0,00 sys=0,00, real=0,01 secs] 
Heap after GC invocations=321 (full 217):
 par new generation   total 109248K, used 6K [0x00000000e0000000, 0x00000000e8000000, 0x00000000e8000000)
  eden space 87424K,   0% used [0x00000000e0000000, 0x00000000e0000000, 0x00000000e5560000)
  from space 21824K,   0% used [0x00000000e6ab0000, 0x00000000e6ab1830, 0x00000000e8000000)
  to   space 21824K,   0% used [0x00000000e5560000, 0x00000000e5560000, 0x00000000e6ab0000)
 concurrent mark-sweep generation total 393216K, used 240522K [0x00000000e8000000, 0x0000000100000000, 0x0000000100000000)
 Metaspace       used 32742K, capacity 33224K, committed 33732K, reserved 1079296K
  class space    used 3585K, capacity 3736K, committed 3836K, reserved 1048576K
}
2017-07-31T16:11:55.302+0200: 16065,707: [Rescan (parallel) , 0,0005249 secs]2017-07-31T16:11:55.303+0200: 16065,707: [weak refs processing, 0,0004022 secs]2017-07-31T16:11:55.303+0200: 16065,708: [class unloading, 0,0078453 secs]2017-07-31T16:11:55.311+0200: 16065,716: [scrub symbol table, 0,0036454 secs]2017-07-31T16:11:55.315+0200: 16065,719: [scrub string table, 0,0006561 secs][1 CMS-remark: 240522K(393216K)] 240528K(502464K), 0,0173045 secs] [Times: user=0,02 sys=0,00, real=0,02 secs] 
2017-07-31T16:11:55.316+0200: 16065,720: Total time for which application threads were stopped: 0,0174380 seconds, Stopping threads took: 0,0000212 seconds
2017-07-31T16:11:55.316+0200: 16065,720: [CMS-concurrent-sweep-start]
2017-07-31T16:11:55.344+0200: 16065,749: [CMS-concurrent-sweep: 0,029/0,029 secs] [Times: user=0,03 sys=0,00, real=0,03 secs] 
2017-07-31T16:11:55.345+0200: 16065,749: [CMS-concurrent-reset-start]
2017-07-31T16:11:55.345+0200: 16065,750: [CMS-concurrent-reset: 0,001/0,001 secs] [Times: user=0,00 sys=0,00, real=0,00 secs] 
2017-07-31T16:11:57.344+0200: 16067,749: [GC (CMS Initial Mark) [1 CMS-initial-mark: 240522K(393216K)] 241298K(502464K), 0,0009823 secs] [Times: user=0,00 sys=0,00, real=0,00 secs] 
2017-07-31T16:11:57.345+0200: 16067,750: Total time for which application threads were stopped: 0,0011442 seconds, Stopping threads took: 0,0000242 seconds
2017-07-31T16:11:57.345+0200: 16067,750: [CMS-concurrent-mark-start]
2017-07-31T16:11:57.377+0200: 16067,782: [CMS-concurrent-mark: 0,032/0,032 secs] [Times: user=0,13 sys=0,00, real=0,03 secs] 
2017-07-31T16:11:57.377+0200: 16067,782: [CMS-concurrent-preclean-start]
2017-07-31T16:11:57.379+0200: 16067,783: [CMS-concurrent-preclean: 0,001/0,001 secs] [Times: user=0,00 sys=0,00, real=0,00 secs] 
2017-07-31T16:11:57.379+0200: 16067,783: [GC (CMS Final Remark) [YG occupancy: 776 K (109248 K)]{Heap before GC invocations=321 (full 218):
 par new generation   total 109248K, used 776K [0x00000000e0000000, 0x00000000e8000000, 0x00000000e8000000)
  eden space 87424K,   0% used [0x00000000e0000000, 0x00000000e00c0938, 0x00000000e5560000)
  from space 21824K,   0% used [0x00000000e6ab0000, 0x00000000e6ab1830, 0x00000000e8000000)
  to   space 21824K,   0% used [0x00000000e5560000, 0x00000000e5560000, 0x00000000e6ab0000)
 concurrent mark-sweep generation total 393216K, used 240522K [0x00000000e8000000, 0x0000000100000000, 0x0000000100000000)
 Metaspace       used 32742K, capacity 33224K, committed 33732K, reserved 1079296K
  class space    used 3585K, capacity 3736K, committed 3836K, reserved 1048576K
2017-07-31T16:11:57.379+0200: 16067,783: [GC (CMS Final Remark) 2017-07-31T16:11:57.379+0200: 16067,784: [ParNew
Desired survivor size 20112992 bytes, new threshold 8 (max 8)
- age   1:         64 bytes,         64 total
- age   2:         64 bytes,        128 total
- age   3:         96 bytes,        224 total
- age   7:        152 bytes,        376 total
: 776K->8K(109248K), 0,0031441 secs] 241298K->240530K(502464K), 0,0032132 secs] [Times: user=0,00 sys=0,00, real=0,01 secs] 
Heap after GC invocations=322 (full 218):
 par new generation   total 109248K, used 8K [0x00000000e0000000, 0x00000000e8000000, 0x00000000e8000000)
  eden space 87424K,   0% used [0x00000000e0000000, 0x00000000e0000000, 0x00000000e5560000)
  from space 21824K,   0% used [0x00000000e5560000, 0x00000000e5562040, 0x00000000e6ab0000)
  to   space 21824K,   0% used [0x00000000e6ab0000, 0x00000000e6ab0000, 0x00000000e8000000)
 concurrent mark-sweep generation total 393216K, used 240522K [0x00000000e8000000, 0x0000000100000000, 0x0000000100000000)
 Metaspace       used 32742K, capacity 33224K, committed 33732K, reserved 1079296K
  class space    used 3585K, capacity 3736K, committed 3836K, reserved 1048576K
}
2017-07-31T16:11:57.382+0200: 16067,787: [Rescan (parallel) , 0,0004350 secs]2017-07-31T16:11:57.383+0200: 16067,787: [weak refs processing, 0,0003835 secs]2017-07-31T16:11:57.383+0200: 16067,788: [class unloading, 0,0070694 secs]2017-07-31T16:11:57.390+0200: 16067,795: [scrub symbol table, 0,0034007 secs]2017-07-31T16:11:57.394+0200: 16067,798: [scrub string table, 0,0005840 secs][1 CMS-remark: 240522K(393216K)] 240530K(502464K), 0,0154178 secs] [Times: user=0,02 sys=0,00, real=0,02 secs] 
2017-07-31T16:11:57.394+0200: 16067,799: Total time for which application threads were stopped: 0,0155450 seconds, Stopping threads took: 0,0000286 seconds
2017-07-31T16:11:57.395+0200: 16067,799: [CMS-concurrent-sweep-start]
2017-07-31T16:11:57.421+0200: 16067,825: [CMS-concurrent-sweep: 0,026/0,026 secs] [Times: user=0,03 sys=0,00, real=0,03 secs] 
2017-07-31T16:11:57.421+0200: 16067,825: [CMS-concurrent-reset-start]
2017-07-31T16:11:57.421+0200: 16067,826: [CMS-concurrent-reset: 0,001/0,001 secs] [Times: user=0,00 sys=0,00, real=0,00 secs] 
2017-07-31T16:11:59.421+0200: 16069,825: [GC (CMS Initial Mark) [1 CMS-initial-mark: 240522K(393216K)] 242253K(502464K), 0,0010730 secs] [Times: user=0,00 sys=0,00, real=0,00 secs] 
2017-07-31T16:11:59.422+0200: 16069,826: Total time for which application threads were stopped: 0,0012268 seconds, Stopping threads took: 0,0000327 seconds
2017-07-31T16:11:59.422+0200: 16069,826: [CMS-concurrent-mark-start]
2017-07-31T16:11:59.449+0200: 16069,854: [CMS-concurrent-mark: 0,027/0,027 secs] [Times: user=0,11 sys=0,00, real=0,02 secs] 
2017-07-31T16:11:59.449+0200: 16069,854: [CMS-concurrent-preclean-start]
2017-07-31T16:11:59.451+0200: 16069,855: [CMS-concurrent-preclean: 0,001/0,001 secs] [Times: user=0,00 sys=0,00, real=0,00 secs] 
2017-07-31T16:11:59.451+0200: 16069,855: [GC (CMS Final Remark) [YG occupancy: 1731 K (109248 K)]{Heap before GC invocations=322 (full 219):
 par new generation   total 109248K, used 1731K [0x00000000e0000000, 0x00000000e8000000, 0x00000000e8000000)
  eden space 87424K,   1% used [0x00000000e0000000, 0x00000000e01aecd8, 0x00000000e5560000)
  from space 21824K,   0% used [0x00000000e5560000, 0x00000000e5562040, 0x00000000e6ab0000)
  to   space 21824K,   0% used [0x00000000e6ab0000, 0x00000000e6ab0000, 0x00000000e8000000)
 concurrent mark-sweep generation total 393216K, used 240522K [0x00000000e8000000, 0x0000000100000000, 0x0000000100000000)
 Metaspace       used 32742K, capacity 33224K, committed 33732K, reserved 1079296K
  class space    used 3585K, capacity 3736K, committed 3836K, reserved 1048576K
2017-07-31T16:11:59.451+0200: 16069,855: [GC (CMS Final Remark) 2017-07-31T16:11:59.451+0200: 16069,855: [ParNew
Desired survivor size 20112992 bytes, new threshold 8 (max 8)
- age   1:         64 bytes,         64 total
- age   2:         64 bytes,        128 total
- age   3:         64 bytes,        192 total
- age   4:         32 bytes,        224 total
- age   8:        152 bytes,        376 total
: 1731K->6K(109248K), 0,0046730 secs] 242253K->240528K(502464K), 0,0047407 secs] [Times: user=0,01 sys=0,00, real=0,01 secs] 
Heap after GC invocations=323 (full 219):
 par new generation   total 109248K, used 6K [0x00000000e0000000, 0x00000000e8000000, 0x00000000e8000000)
  eden space 87424K,   0% used [0x00000000e0000000, 0x00000000e0000000, 0x00000000e5560000)
  from space 21824K,   0% used [0x00000000e6ab0000, 0x00000000e6ab1830, 0x00000000e8000000)
  to   space 21824K,   0% used [0x00000000e5560000, 0x00000000e5560000, 0x00000000e6ab0000)
 concurrent mark-sweep generation total 393216K, used 240522K [0x00000000e8000000, 0x0000000100000000, 0x0000000100000000)
 Metaspace       used 32742K, capacity 33224K, committed 33732K, reserved 1079296K
  class space    used 3585K, capacity 3736K, committed 3836K, reserved 1048576K
}
2017-07-31T16:11:59.456+0200: 16069,860: [Rescan (parallel) , 0,0006176 secs]2017-07-31T16:11:59.456+0200: 16069,861: [weak refs processing, 0,0005512 secs]2017-07-31T16:11:59.457+0200: 16069,861: [class unloading, 0,0081137 secs]2017-07-31T16:11:59.465+0200: 16069,870: [scrub symbol table, 0,0038322 secs]2017-07-31T16:11:59.469+0200: 16069,873: [scrub string table, 0,0007063 secs][1 CMS-remark: 240522K(393216K)] 240528K(502464K), 0,0188394 secs] [Times: user=0,03 sys=0,00, real=0,02 secs] 
2017-07-31T16:11:59.470+0200: 16069,874: Total time for which application threads were stopped: 0,0189841 seconds, Stopping threads took: 0,0000229 seconds
2017-07-31T16:11:59.470+0200: 16069,874: [CMS-concurrent-sweep-start]
2017-07-31T16:11:59.501+0200: 16069,905: [CMS-concurrent-sweep: 0,031/0,031 secs] [Times: user=0,03 sys=0,00, real=0,04 secs] 
2017-07-31T16:11:59.501+0200: 16069,905: [CMS-concurrent-reset-start]
2017-07-31T16:11:59.502+0200: 16069,906: [CMS-concurrent-reset: 0,001/0,001 secs] [Times: user=0,00 sys=0,00, real=0,00 secs] 
2017-07-31T16:12:01.501+0200: 16071,905: [GC (CMS Initial Mark) [1 CMS-initial-mark: 240522K(393216K)] 241109K(502464K), 0,0008526 secs] [Times: user=0,00 sys=0,00, real=0,00 secs] 
2017-07-31T16:12:01.502+0200: 16071,906: Total time for which application threads were stopped: 0,0010438 seconds, Stopping threads took: 0,0000255 seconds
2017-07-31T16:12:01.502+0200: 16071,906: [CMS-concurrent-mark-start]
2017-07-31T16:12:01.534+0200: 16071,938: [CMS-concurrent-mark: 0,032/0,032 secs] [Times: user=0,13 sys=0,00, real=0,03 secs] 
2017-07-31T16:12:01.534+0200: 16071,938: [CMS-concurrent-preclean-start]
2017-07-31T16:12:01.535+0200: 16071,940: [CMS-concurrent-preclean: 0,001/0,001 secs] [Times: user=0,00 sys=0,00, real=0,00 secs] 
2017-07-31T16:12:01.535+0200: 16071,940: [GC (CMS Final Remark) [YG occupancy: 587 K (109248 K)]{Heap before GC invocations=323 (full 220):
 par new generation   total 109248K, used 587K [0x00000000e0000000, 0x00000000e8000000, 0x00000000e8000000)
  eden space 87424K,   0% used [0x00000000e0000000, 0x00000000e00915e8, 0x00000000e5560000)
  from space 21824K,   0% used [0x00000000e6ab0000, 0x00000000e6ab1830, 0x00000000e8000000)
  to   space 21824K,   0% used [0x00000000e5560000, 0x00000000e5560000, 0x00000000e6ab0000)
 concurrent mark-sweep generation total 393216K, used 240522K [0x00000000e8000000, 0x0000000100000000, 0x0000000100000000)
 Metaspace       used 32742K, capacity 33224K, committed 33732K, reserved 1079296K
  class space    used 3585K, capacity 3736K, committed 3836K, reserved 1048576K
2017-07-31T16:12:01.536+0200: 16071,940: [GC (CMS Final Remark) 2017-07-31T16:12:01.536+0200: 16071,940: [ParNew
Desired survivor size 20112992 bytes, new threshold 8 (max 8)
- age   1:         64 bytes,         64 total
- age   2:         64 bytes,        128 total
- age   3:         64 bytes,        192 total
- age   5:         32 bytes,        224 total
: 587K->6K(109248K), 0,0042027 secs] 241109K->240528K(502464K), 0,0042707 secs] [Times: user=0,01 sys=0,00, real=0,00 secs] 
Heap after GC invocations=324 (full 220):
 par new generation   total 109248K, used 6K [0x00000000e0000000, 0x00000000e8000000, 0x00000000e8000000)
  eden space 87424K,   0% used [0x00000000e0000000, 0x00000000e0000000, 0x00000000e5560000)
  from space 21824K,   0% used [0x00000000e5560000, 0x00000000e5561830, 0x00000000e6ab0000)
  to   space 21824K,   0% used [0x00000000e6ab0000, 0x00000000e6ab0000, 0x00000000e8000000)
 concurrent mark-sweep generation total 393216K, used 240522K [0x00000000e8000000, 0x0000000100000000, 0x0000000100000000)
 Metaspace       used 32742K, capacity 33224K, committed 33732K, reserved 1079296K
  class space    used 3585K, capacity 3736K, committed 3836K, reserved 1048576K
}
2017-07-31T16:12:01.540+0200: 16071,944: [Rescan (parallel) , 0,0005268 secs]2017-07-31T16:12:01.540+0200: 16071,945: [weak refs processing, 0,0004305 secs]2017-07-31T16:12:01.541+0200: 16071,945: [class unloading, 0,0078598 secs]2017-07-31T16:12:01.549+0200: 16071,953: [scrub symbol table, 0,0037527 secs]2017-07-31T16:12:01.553+0200: 16071,957: [scrub string table, 0,0006810 secs][1 CMS-remark: 240522K(393216K)] 240528K(502464K), 0,0178066 secs] [Times: user=0,03 sys=0,00, real=0,02 secs] 
2017-07-31T16:12:01.553+0200: 16071,958: Total time for which application threads were stopped: 0,0179521 seconds, Stopping threads took: 0,0000240 seconds
2017-07-31T16:12:01.553+0200: 16071,958: [CMS-concurrent-sweep-start]
2017-07-31T16:12:01.583+0200: 16071,988: [CMS-concurrent-sweep: 0,030/0,030 secs] [Times: user=0,02 sys=0,00, real=0,03 secs] 
2017-07-31T16:12:01.583+0200: 16071,988: [CMS-concurrent-reset-start]
2017-07-31T16:12:01.584+0200: 16071,988: [CMS-concurrent-reset: 0,001/0,001 secs] [Times: user=0,00 sys=0,00, real=0,00 secs] 
2017-07-31T16:12:03.583+0200: 16073,988: [GC (CMS Initial Mark) [1 CMS-initial-mark: 240522K(393216K)] 242694K(502464K), 0,0007175 secs] [Times: user=0,00 sys=0,00, real=0,00 secs] 
2017-07-31T16:12:03.584+0200: 16073,988: Total time for which application threads were stopped: 0,0008595 seconds, Stopping threads took: 0,0000201 seconds
2017-07-31T16:12:03.584+0200: 16073,988: [CMS-concurrent-mark-start]
2017-07-31T16:12:03.608+0200: 16074,012: [CMS-concurrent-mark: 0,024/0,024 secs] [Times: user=0,09 sys=0,01, real=0,02 secs] 
2017-07-31T16:12:03.608+0200: 16074,012: [CMS-concurrent-preclean-start]
2017-07-31T16:12:03.609+0200: 16074,013: [CMS-concurrent-preclean: 0,001/0,001 secs] [Times: user=0,00 sys=0,00, real=0,00 secs] 
2017-07-31T16:12:03.609+0200: 16074,013: [CMS-concurrent-abortable-preclean-start]
 CMS: abort preclean due to time 2017-07-31T16:12:09.687+0200: 16080,092: [CMS-concurrent-abortable-preclean: 0,074/6,079 secs] [Times: user=0,08 sys=0,00, real=6,08 secs] 
2017-07-31T16:12:09.688+0200: 16080,092: [GC (CMS Final Remark) [YG occupancy: 2753 K (109248 K)]{Heap before GC invocations=324 (full 221):
 par new generation   total 109248K, used 2753K [0x00000000e0000000, 0x00000000e8000000, 0x00000000e8000000)
  eden space 87424K,   3% used [0x00000000e0000000, 0x00000000e02aee70, 0x00000000e5560000)
  from space 21824K,   0% used [0x00000000e5560000, 0x00000000e5561830, 0x00000000e6ab0000)
  to   space 21824K,   0% used [0x00000000e6ab0000, 0x00000000e6ab0000, 0x00000000e8000000)
 concurrent mark-sweep generation total 393216K, used 240522K [0x00000000e8000000, 0x0000000100000000, 0x0000000100000000)
 Metaspace       used 32742K, capacity 33224K, committed 33732K, reserved 1079296K
  class space    used 3585K, capacity 3736K, committed 3836K, reserved 1048576K
2017-07-31T16:12:09.688+0200: 16080,092: [GC (CMS Final Remark) 2017-07-31T16:12:09.688+0200: 16080,092: [ParNew
Desired survivor size 20112992 bytes, new threshold 8 (max 8)
- age   1:        192 bytes,        192 total
- age   6:         32 bytes,        224 total
: 2753K->6K(109248K), 0,0022962 secs] 243276K->240528K(502464K), 0,0023642 secs] [Times: user=0,00 sys=0,00, real=0,00 secs] 
Heap after GC invocations=325 (full 221):
 par new generation   total 109248K, used 6K [0x00000000e0000000, 0x00000000e8000000, 0x00000000e8000000)
  eden space 87424K,   0% used [0x00000000e0000000, 0x00000000e0000000, 0x00000000e5560000)
  from space 21824K,   0% used [0x00000000e6ab0000, 0x00000000e6ab1830, 0x00000000e8000000)
  to   space 21824K,   0% used [0x00000000e5560000, 0x00000000e5560000, 0x00000000e6ab0000)
 concurrent mark-sweep generation total 393216K, used 240522K [0x00000000e8000000, 0x0000000100000000, 0x0000000100000000)
 Metaspace       used 32742K, capacity 33224K, committed 33732K, reserved 1079296K
  class space    used 3585K, capacity 3736K, committed 3836K, reserved 1048576K
}
2017-07-31T16:12:09.690+0200: 16080,095: [Rescan (parallel) , 0,0006167 secs]2017-07-31T16:12:09.691+0200: 16080,095: [weak refs processing, 0,0005719 secs]2017-07-31T16:12:09.691+0200: 16080,096: [class unloading, 0,0087091 secs]2017-07-31T16:12:09.700+0200: 16080,105: [scrub symbol table, 0,0039720 secs]2017-07-31T16:12:09.704+0200: 16080,109: [scrub string table, 0,0006799 secs][1 CMS-remark: 240522K(393216K)] 240528K(502464K), 0,0172899 secs] [Times: user=0,02 sys=0,00, real=0,02 secs] 
2017-07-31T16:12:09.705+0200: 16080,110: Total time for which application threads were stopped: 0,0174710 seconds, Stopping threads took: 0,0000383 seconds
2017-07-31T16:12:09.705+0200: 16080,110: [CMS-concurrent-sweep-start]
2017-07-31T16:12:09.737+0200: 16080,141: [CMS-concurrent-sweep: 0,031/0,031 secs] [Times: user=0,03 sys=0,00, real=0,03 secs] 
2017-07-31T16:12:09.737+0200: 16080,141: [CMS-concurrent-reset-start]
2017-07-31T16:12:09.737+0200: 16080,142: [CMS-concurrent-reset: 0,001/0,001 secs] [Times: user=0,00 sys=0,00, real=0,00 secs] 
2017-07-31T16:12:11.736+0200: 16082,141: [GC (CMS Initial Mark) [1 CMS-initial-mark: 240522K(393216K)] 241552K(502464K), 0,0008765 secs] [Times: user=0,00 sys=0,00, real=0,00 secs] 
2017-07-31T16:12:11.737+0200: 16082,142: Total time for which application threads were stopped: 0,0010415 seconds, Stopping threads took: 0,0000249 seconds
2017-07-31T16:12:11.737+0200: 16082,142: [CMS-concurrent-mark-start]
2017-07-31T16:12:11.763+0200: 16082,167: [CMS-concurrent-mark: 0,025/0,025 secs] [Times: user=0,11 sys=0,00, real=0,03 secs] 
2017-07-31T16:12:11.763+0200: 16082,167: [CMS-concurrent-preclean-start]
2017-07-31T16:12:11.765+0200: 16082,169: [CMS-concurrent-preclean: 0,002/0,002 secs] [Times: user=0,00 sys=0,00, real=0,00 secs] 
2017-07-31T16:12:11.765+0200: 16082,169: [GC (CMS Final Remark) [YG occupancy: 1030 K (109248 K)]{Heap before GC invocations=325 (full 222):
 par new generation   total 109248K, used 1030K [0x00000000e0000000, 0x00000000e8000000, 0x00000000e8000000)
  eden space 87424K,   1% used [0x00000000e0000000, 0x00000000e0100198, 0x00000000e5560000)
  from space 21824K,   0% used [0x00000000e6ab0000, 0x00000000e6ab1830, 0x00000000e8000000)
  to   space 21824K,   0% used [0x00000000e5560000, 0x00000000e5560000, 0x00000000e6ab0000)
 concurrent mark-sweep generation total 393216K, used 240522K [0x00000000e8000000, 0x0000000100000000, 0x0000000100000000)
 Metaspace       used 32742K, capacity 33224K, committed 33732K, reserved 1079296K
  class space    used 3585K, capacity 3736K, committed 3836K, reserved 1048576K
2017-07-31T16:12:11.765+0200: 16082,169: [GC (CMS Final Remark) 2017-07-31T16:12:11.765+0200: 16082,169: [ParNew
Desired survivor size 20112992 bytes, new threshold 8 (max 8)
- age   1:         96 bytes,         96 total
- age   2:         96 bytes,        192 total
- age   7:         32 bytes,        224 total
: 1030K->6K(109248K), 0,0032359 secs] 241552K->240528K(502464K), 0,0032853 secs] [Times: user=0,00 sys=0,00, real=0,00 secs] 
Heap after GC invocations=326 (full 222):
 par new generation   total 109248K, used 6K [0x00000000e0000000, 0x00000000e8000000, 0x00000000e8000000)
  eden space 87424K,   0% used [0x00000000e0000000, 0x00000000e0000000, 0x00000000e5560000)
  from space 21824K,   0% used [0x00000000e5560000, 0x00000000e5561830, 0x00000000e6ab0000)
  to   space 21824K,   0% used [0x00000000e6ab0000, 0x00000000e6ab0000, 0x00000000e8000000)
 concurrent mark-sweep generation total 393216K, used 240522K [0x00000000e8000000, 0x0000000100000000, 0x0000000100000000)
 Metaspace       used 32742K, capacity 33224K, committed 33732K, reserved 1079296K
  class space    used 3585K, capacity 3736K, committed 3836K, reserved 1048576K
}
2017-07-31T16:12:11.768+0200: 16082,173: [Rescan (parallel) , 0,0006087 secs]2017-07-31T16:12:11.769+0200: 16082,173: [weak refs processing, 0,0004411 secs]2017-07-31T16:12:11.769+0200: 16082,174: [class unloading, 0,0070292 secs]2017-07-31T16:12:11.776+0200: 16082,181: [scrub symbol table, 0,0033556 secs]2017-07-31T16:12:11.780+0200: 16082,184: [scrub string table, 0,0006220 secs][1 CMS-remark: 240522K(393216K)] 240528K(502464K), 0,0156013 secs] [Times: user=0,02 sys=0,00, real=0,02 secs] 
2017-07-31T16:12:11.781+0200: 16082,185: Total time for which application threads were stopped: 0,0157423 seconds, Stopping threads took: 0,0000241 seconds
2017-07-31T16:12:11.781+0200: 16082,185: [CMS-concurrent-sweep-start]
2017-07-31T16:12:11.808+0200: 16082,212: [CMS-concurrent-sweep: 0,027/0,027 secs] [Times: user=0,02 sys=0,00, real=0,02 secs] 
2017-07-31T16:12:11.808+0200: 16082,212: [CMS-concurrent-reset-start]
2017-07-31T16:12:11.808+0200: 16082,213: [CMS-concurrent-reset: 0,001/0,001 secs] [Times: user=0,01 sys=0,00, real=0,00 secs] 
2017-07-31T16:12:13.808+0200: 16084,212: [GC (CMS Initial Mark) [1 CMS-initial-mark: 240522K(393216K)] 242303K(502464K), 0,0011294 secs] [Times: user=0,00 sys=0,00, real=0,00 secs] 
2017-07-31T16:12:13.809+0200: 16084,213: Total time for which application threads were stopped: 0,0012867 seconds, Stopping threads took: 0,0000328 seconds
2017-07-31T16:12:13.809+0200: 16084,213: [CMS-concurrent-mark-start]
2017-07-31T16:12:13.835+0200: 16084,239: [CMS-concurrent-mark: 0,026/0,026 secs] [Times: user=0,10 sys=0,00, real=0,03 secs] 
2017-07-31T16:12:13.835+0200: 16084,239: [CMS-concurrent-preclean-start]
2017-07-31T16:12:13.836+0200: 16084,241: [CMS-concurrent-preclean: 0,001/0,001 secs] [Times: user=0,01 sys=0,00, real=0,00 secs] 
2017-07-31T16:12:13.837+0200: 16084,241: [GC (CMS Final Remark) [YG occupancy: 1781 K (109248 K)]{Heap before GC invocations=326 (full 223):
 par new generation   total 109248K, used 1781K [0x00000000e0000000, 0x00000000e8000000, 0x00000000e8000000)
  eden space 87424K,   2% used [0x00000000e0000000, 0x00000000e01bbce8, 0x00000000e5560000)
  from space 21824K,   0% used [0x00000000e5560000, 0x00000000e5561830, 0x00000000e6ab0000)
  to   space 21824K,   0% used [0x00000000e6ab0000, 0x00000000e6ab0000, 0x00000000e8000000)
 concurrent mark-sweep generation total 393216K, used 240522K [0x00000000e8000000, 0x0000000100000000, 0x0000000100000000)
 Metaspace       used 32742K, capacity 33224K, committed 33732K, reserved 1079296K
  class space    used 3585K, capacity 3736K, committed 3836K, reserved 1048576K
2017-07-31T16:12:13.837+0200: 16084,241: [GC (CMS Final Remark) 2017-07-31T16:12:13.837+0200: 16084,241: [ParNew
Desired survivor size 20112992 bytes, new threshold 8 (max 8)
- age   1:        216 bytes,        216 total
- age   2:         96 bytes,        312 total
- age   3:         32 bytes,        344 total
- age   8:         32 bytes,        376 total
: 1781K->8K(109248K), 0,0034321 secs] 242303K->240530K(502464K), 0,0034803 secs] [Times: user=0,00 sys=0,01, real=0,01 secs] 
Heap after GC invocations=327 (full 223):
 par new generation   total 109248K, used 8K [0x00000000e0000000, 0x00000000e8000000, 0x00000000e8000000)
  eden space 87424K,   0% used [0x00000000e0000000, 0x00000000e0000000, 0x00000000e5560000)
  from space 21824K,   0% used [0x00000000e6ab0000, 0x00000000e6ab2040, 0x00000000e8000000)
  to   space 21824K,   0% used [0x00000000e5560000, 0x00000000e5560000, 0x00000000e6ab0000)
 concurrent mark-sweep generation total 393216K, used 240522K [0x00000000e8000000, 0x0000000100000000, 0x0000000100000000)
 Metaspace       used 32742K, capacity 33224K, committed 33732K, reserved 1079296K
  class space    used 3585K, capacity 3736K, committed 3836K, reserved 1048576K
}
2017-07-31T16:12:13.840+0200: 16084,245: [Rescan (parallel) , 0,0006784 secs]2017-07-31T16:12:13.841+0200: 16084,245: [weak refs processing, 0,0004277 secs]2017-07-31T16:12:13.841+0200: 16084,246: [class unloading, 0,0077800 secs]2017-07-31T16:12:13.849+0200: 16084,254: [scrub symbol table, 0,0036131 secs]2017-07-31T16:12:13.853+0200: 16084,257: [scrub string table, 0,0006588 secs][1 CMS-remark: 240522K(393216K)] 240530K(502464K), 0,0168960 secs] [Times: user=0,02 sys=0,01, real=0,02 secs] 
2017-07-31T16:12:13.854+0200: 16084,258: Total time for which application threads were stopped: 0,0170458 seconds, Stopping threads took: 0,0000337 seconds
2017-07-31T16:12:13.854+0200: 16084,258: [CMS-concurrent-sweep-start]
2017-07-31T16:12:13.882+0200: 16084,286: [CMS-concurrent-sweep: 0,028/0,028 secs] [Times: user=0,02 sys=0,00, real=0,03 secs] 
2017-07-31T16:12:13.882+0200: 16084,286: [CMS-concurrent-reset-start]
2017-07-31T16:12:13.883+0200: 16084,287: [CMS-concurrent-reset: 0,001/0,001 secs] [Times: user=0,00 sys=0,00, real=0,00 secs] 
2017-07-31T16:12:15.882+0200: 16086,286: [GC (CMS Initial Mark) [1 CMS-initial-mark: 240522K(393216K)] 241111K(502464K), 0,0009139 secs] [Times: user=0,01 sys=0,00, real=0,00 secs] 
2017-07-31T16:12:15.883+0200: 16086,287: Total time for which application threads were stopped: 0,0010829 seconds, Stopping threads took: 0,0000252 seconds
2017-07-31T16:12:15.883+0200: 16086,287: [CMS-concurrent-mark-start]
2017-07-31T16:12:15.910+0200: 16086,314: [CMS-concurrent-mark: 0,027/0,027 secs] [Times: user=0,10 sys=0,00, real=0,02 secs] 
2017-07-31T16:12:15.910+0200: 16086,314: [CMS-concurrent-preclean-start]
2017-07-31T16:12:15.911+0200: 16086,315: [CMS-concurrent-preclean: 0,001/0,001 secs] [Times: user=0,01 sys=0,00, real=0,00 secs] 
2017-07-31T16:12:15.911+0200: 16086,316: [GC (CMS Final Remark) [YG occupancy: 589 K (109248 K)]{Heap before GC invocations=327 (full 224):
 par new generation   total 109248K, used 589K [0x00000000e0000000, 0x00000000e8000000, 0x00000000e8000000)
  eden space 87424K,   0% used [0x00000000e0000000, 0x00000000e00915e8, 0x00000000e5560000)
  from space 21824K,   0% used [0x00000000e6ab0000, 0x00000000e6ab2040, 0x00000000e8000000)
  to   space 21824K,   0% used [0x00000000e5560000, 0x00000000e5560000, 0x00000000e6ab0000)
 concurrent mark-sweep generation total 393216K, used 240522K [0x00000000e8000000, 0x0000000100000000, 0x0000000100000000)
 Metaspace       used 32742K, capacity 33224K, committed 33732K, reserved 1079296K
  class space    used 3585K, capacity 3736K, committed 3836K, reserved 1048576K
2017-07-31T16:12:15.911+0200: 16086,316: [GC (CMS Final Remark) 2017-07-31T16:12:15.911+0200: 16086,316: [ParNew
Desired survivor size 20112992 bytes, new threshold 8 (max 8)
- age   1:         64 bytes,         64 total
- age   2:        216 bytes,        280 total
- age   3:         64 bytes,        344 total
: 589K->8K(109248K), 0,0029719 secs] 241111K->240530K(502464K), 0,0030207 secs] [Times: user=0,00 sys=0,00, real=0,01 secs] 
Heap after GC invocations=328 (full 224):
 par new generation   total 109248K, used 8K [0x00000000e0000000, 0x00000000e8000000, 0x00000000e8000000)
  eden space 87424K,   0% used [0x00000000e0000000, 0x00000000e0000000, 0x00000000e5560000)
  from space 21824K,   0% used [0x00000000e5560000, 0x00000000e5562040, 0x00000000e6ab0000)
  to   space 21824K,   0% used [0x00000000e6ab0000, 0x00000000e6ab0000, 0x00000000e8000000)
 concurrent mark-sweep generation total 393216K, used 240522K [0x00000000e8000000, 0x0000000100000000, 0x0000000100000000)
 Metaspace       used 32742K, capacity 33224K, committed 33732K, reserved 1079296K
  class space    used 3585K, capacity 3736K, committed 3836K, reserved 1048576K
}
2017-07-31T16:12:15.914+0200: 16086,319: [Rescan (parallel) , 0,0006712 secs]2017-07-31T16:12:15.915+0200: 16086,319: [weak refs processing, 0,0004320 secs]2017-07-31T16:12:15.915+0200: 16086,320: [class unloading, 0,0075728 secs]2017-07-31T16:12:15.923+0200: 16086,327: [scrub symbol table, 0,0036790 secs]2017-07-31T16:12:15.927+0200: 16086,331: [scrub string table, 0,0006359 secs][1 CMS-remark: 240522K(393216K)] 240530K(502464K), 0,0163630 secs] [Times: user=0,02 sys=0,00, real=0,02 secs] 
2017-07-31T16:12:15.928+0200: 16086,332: Total time for which application threads were stopped: 0,0164863 seconds, Stopping threads took: 0,0000211 seconds
2017-07-31T16:12:15.928+0200: 16086,332: [CMS-concurrent-sweep-start]
2017-07-31T16:12:15.955+0200: 16086,360: [CMS-concurrent-sweep: 0,028/0,028 secs] [Times: user=0,02 sys=0,00, real=0,03 secs] 
2017-07-31T16:12:15.955+0200: 16086,360: [CMS-concurrent-reset-start]
2017-07-31T16:12:15.956+0200: 16086,360: [CMS-concurrent-reset: 0,001/0,001 secs] [Times: user=0,00 sys=0,00, real=0,00 secs] 
2017-07-31T16:12:17.955+0200: 16088,360: [GC (CMS Initial Mark) [1 CMS-initial-mark: 240522K(393216K)] 242264K(502464K), 0,0008382 secs] [Times: user=0,00 sys=0,00, real=0,00 secs] 
2017-07-31T16:12:17.956+0200: 16088,361: Total time for which application threads were stopped: 0,0009879 seconds, Stopping threads took: 0,0000208 seconds
2017-07-31T16:12:17.956+0200: 16088,361: [CMS-concurrent-mark-start]
2017-07-31T16:12:17.980+0200: 16088,385: [CMS-concurrent-mark: 0,024/0,024 secs] [Times: user=0,09 sys=0,00, real=0,03 secs] 
2017-07-31T16:12:17.980+0200: 16088,385: [CMS-concurrent-preclean-start]
2017-07-31T16:12:17.981+0200: 16088,386: [CMS-concurrent-preclean: 0,001/0,001 secs] [Times: user=0,00 sys=0,00, real=0,00 secs] 
2017-07-31T16:12:17.981+0200: 16088,386: [GC (CMS Final Remark) [YG occupancy: 1741 K (109248 K)]{Heap before GC invocations=328 (full 225):
 par new generation   total 109248K, used 1741K [0x00000000e0000000, 0x00000000e8000000, 0x00000000e8000000)
  eden space 87424K,   1% used [0x00000000e0000000, 0x00000000e01b1748, 0x00000000e5560000)
  from space 21824K,   0% used [0x00000000e5560000, 0x00000000e5562040, 0x00000000e6ab0000)
  to   space 21824K,   0% used [0x00000000e6ab0000, 0x00000000e6ab0000, 0x00000000e8000000)
 concurrent mark-sweep generation total 393216K, used 240522K [0x00000000e8000000, 0x0000000100000000, 0x0000000100000000)
 Metaspace       used 32742K, capacity 33224K, committed 33732K, reserved 1079296K
  class space    used 3585K, capacity 3736K, committed 3836K, reserved 1048576K
2017-07-31T16:12:17.982+0200: 16088,386: [GC (CMS Final Remark) 2017-07-31T16:12:17.982+0200: 16088,386: [ParNew
Desired survivor size 20112992 bytes, new threshold 8 (max 8)
- age   1:         64 bytes,         64 total
- age   2:         64 bytes,        128 total
- age   3:        216 bytes,        344 total
: 1741K->6K(109248K), 0,0020113 secs] 242264K->240528K(502464K), 0,0020485 secs] [Times: user=0,01 sys=0,00, real=0,00 secs] 
Heap after GC invocations=329 (full 225):
 par new generation   total 109248K, used 6K [0x00000000e0000000, 0x00000000e8000000, 0x00000000e8000000)
  eden space 87424K,   0% used [0x00000000e0000000, 0x00000000e0000000, 0x00000000e5560000)
  from space 21824K,   0% used [0x00000000e6ab0000, 0x00000000e6ab1830, 0x00000000e8000000)
  to   space 21824K,   0% used [0x00000000e5560000, 0x00000000e5560000, 0x00000000e6ab0000)
 concurrent mark-sweep generation total 393216K, used 240522K [0x00000000e8000000, 0x0000000100000000, 0x0000000100000000)
 Metaspace       used 32742K, capacity 33224K, committed 33732K, reserved 1079296K
  class space    used 3585K, capacity 3736K, committed 3836K, reserved 1048576K
}
2017-07-31T16:12:17.984+0200: 16088,388: [Rescan (parallel) , 0,0005515 secs]2017-07-31T16:12:17.984+0200: 16088,389: [weak refs processing, 0,0003650 secs]2017-07-31T16:12:17.985+0200: 16088,389: [class unloading, 0,0062737 secs]2017-07-31T16:12:17.991+0200: 16088,395: [scrub symbol table, 0,0034175 secs]2017-07-31T16:12:17.994+0200: 16088,399: [scrub string table, 0,0005556 secs][1 CMS-remark: 240522K(393216K)] 240528K(502464K), 0,0134751 secs] [Times: user=0,02 sys=0,00, real=0,01 secs] 
2017-07-31T16:12:17.995+0200: 16088,399: Total time for which application threads were stopped: 0,0135842 seconds, Stopping threads took: 0,0000190 seconds
2017-07-31T16:12:17.995+0200: 16088,400: [CMS-concurrent-sweep-start]
2017-07-31T16:12:18.020+0200: 16088,424: [CMS-concurrent-sweep: 0,025/0,025 secs] [Times: user=0,03 sys=0,00, real=0,02 secs] 
2017-07-31T16:12:18.020+0200: 16088,424: [CMS-concurrent-reset-start]
2017-07-31T16:12:18.020+0200: 16088,425: [CMS-concurrent-reset: 0,000/0,000 secs] [Times: user=0,00 sys=0,00, real=0,01 secs] 
2017-07-31T16:12:20.020+0200: 16090,424: [GC (CMS Initial Mark) [1 CMS-initial-mark: 240522K(393216K)] 240960K(502464K), 0,0010150 secs] [Times: user=0,00 sys=0,00, real=0,01 secs] 
2017-07-31T16:12:20.021+0200: 16090,425: Total time for which application threads were stopped: 0,0014104 seconds, Stopping threads took: 0,0000255 seconds
2017-07-31T16:12:20.021+0200: 16090,425: [CMS-concurrent-mark-start]
2017-07-31T16:12:20.048+0200: 16090,452: [CMS-concurrent-mark: 0,027/0,027 secs] [Times: user=0,11 sys=0,00, real=0,02 secs] 
2017-07-31T16:12:20.048+0200: 16090,452: [CMS-concurrent-preclean-start]
2017-07-31T16:12:20.049+0200: 16090,454: [CMS-concurrent-preclean: 0,002/0,002 secs] [Times: user=0,00 sys=0,00, real=0,00 secs] 
2017-07-31T16:12:20.050+0200: 16090,454: [GC (CMS Final Remark) [YG occupancy: 438 K (109248 K)]{Heap before GC invocations=329 (full 226):
 par new generation   total 109248K, used 438K [0x00000000e0000000, 0x00000000e8000000, 0x00000000e8000000)
  eden space 87424K,   0% used [0x00000000e0000000, 0x00000000e006c140, 0x00000000e5560000)
  from space 21824K,   0% used [0x00000000e6ab0000, 0x00000000e6ab1830, 0x00000000e8000000)
  to   space 21824K,   0% used [0x00000000e5560000, 0x00000000e5560000, 0x00000000e6ab0000)
 concurrent mark-sweep generation total 393216K, used 240522K [0x00000000e8000000, 0x0000000100000000, 0x0000000100000000)
 Metaspace       used 32742K, capacity 33224K, committed 33732K, reserved 1079296K
  class space    used 3585K, capacity 3736K, committed 3836K, reserved 1048576K
2017-07-31T16:12:20.050+0200: 16090,454: [GC (CMS Final Remark) 2017-07-31T16:12:20.050+0200: 16090,454: [ParNew
Desired survivor size 20112992 bytes, new threshold 8 (max 8)
- age   1:         32 bytes,         32 total
- age   2:         64 bytes,         96 total
- age   3:         64 bytes,        160 total
- age   4:        184 bytes,        344 total
: 438K->8K(109248K), 0,0032141 secs] 240960K->240530K(502464K), 0,0032619 secs] [Times: user=0,01 sys=0,00, real=0,01 secs] 
Heap after GC invocations=330 (full 226):
 par new generation   total 109248K, used 8K [0x00000000e0000000, 0x00000000e8000000, 0x00000000e8000000)
  eden space 87424K,   0% used [0x00000000e0000000, 0x00000000e0000000, 0x00000000e5560000)
  from space 21824K,   0% used [0x00000000e5560000, 0x00000000e5562040, 0x00000000e6ab0000)
  to   space 21824K,   0% used [0x00000000e6ab0000, 0x00000000e6ab0000, 0x00000000e8000000)
 concurrent mark-sweep generation total 393216K, used 240522K [0x00000000e8000000, 0x0000000100000000, 0x0000000100000000)
 Metaspace       used 32742K, capacity 33224K, committed 33732K, reserved 1079296K
  class space    used 3585K, capacity 3736K, committed 3836K, reserved 1048576K
}
2017-07-31T16:12:20.053+0200: 16090,458: [Rescan (parallel) , 0,0006924 secs]2017-07-31T16:12:20.054+0200: 16090,458: [weak refs processing, 0,0004600 secs]2017-07-31T16:12:20.054+0200: 16090,459: [class unloading, 0,0080697 secs]2017-07-31T16:12:20.062+0200: 16090,467: [scrub symbol table, 0,0037356 secs]2017-07-31T16:12:20.066+0200: 16090,471: [scrub string table, 0,0006836 secs][1 CMS-remark: 240522K(393216K)] 240530K(502464K), 0,0171681 secs] [Times: user=0,02 sys=0,00, real=0,02 secs] 
2017-07-31T16:12:20.067+0200: 16090,471: Total time for which application threads were stopped: 0,0173175 seconds, Stopping threads took: 0,0000330 seconds
2017-07-31T16:12:20.067+0200: 16090,472: [CMS-concurrent-sweep-start]
2017-07-31T16:12:20.095+0200: 16090,500: [CMS-concurrent-sweep: 0,028/0,028 secs] [Times: user=0,03 sys=0,00, real=0,03 secs] 
2017-07-31T16:12:20.095+0200: 16090,500: [CMS-concurrent-reset-start]
2017-07-31T16:12:20.096+0200: 16090,500: [CMS-concurrent-reset: 0,001/0,001 secs] [Times: user=0,00 sys=0,00, real=0,00 secs] 
2017-07-31T16:12:22.095+0200: 16092,500: [GC (CMS Initial Mark) [1 CMS-initial-mark: 240522K(393216K)] 241554K(502464K), 0,0006411 secs] [Times: user=0,00 sys=0,00, real=0,00 secs] 
2017-07-31T16:12:22.096+0200: 16092,500: Total time for which application threads were stopped: 0,0007693 seconds, Stopping threads took: 0,0000203 seconds
2017-07-31T16:12:22.096+0200: 16092,500: [CMS-concurrent-mark-start]
2017-07-31T16:12:22.116+0200: 16092,520: [CMS-concurrent-mark: 0,020/0,020 secs] [Times: user=0,08 sys=0,01, real=0,02 secs] 
2017-07-31T16:12:22.116+0200: 16092,521: [CMS-concurrent-preclean-start]
2017-07-31T16:12:22.117+0200: 16092,522: [CMS-concurrent-preclean: 0,001/0,001 secs] [Times: user=0,00 sys=0,00, real=0,00 secs] 
2017-07-31T16:12:22.117+0200: 16092,522: [GC (CMS Final Remark) [YG occupancy: 1032 K (109248 K)]{Heap before GC invocations=330 (full 227):
 par new generation   total 109248K, used 1032K [0x00000000e0000000, 0x00000000e8000000, 0x00000000e8000000)
  eden space 87424K,   1% used [0x00000000e0000000, 0x00000000e0100198, 0x00000000e5560000)
  from space 21824K,   0% used [0x00000000e5560000, 0x00000000e5562040, 0x00000000e6ab0000)
  to   space 21824K,   0% used [0x00000000e6ab0000, 0x00000000e6ab0000, 0x00000000e8000000)
 concurrent mark-sweep generation total 393216K, used 240522K [0x00000000e8000000, 0x0000000100000000, 0x0000000100000000)
 Metaspace       used 32742K, capacity 33224K, committed 33732K, reserved 1079296K
  class space    used 3585K, capacity 3736K, committed 3836K, reserved 1048576K
2017-07-31T16:12:22.117+0200: 16092,522: [GC (CMS Final Remark) 2017-07-31T16:12:22.117+0200: 16092,522: [ParNew
Desired survivor size 20112992 bytes, new threshold 8 (max 8)
- age   1:         96 bytes,         96 total
- age   2:         32 bytes,        128 total
- age   3:         64 bytes,        192 total
- age   5:        152 bytes,        344 total
: 1032K->8K(109248K), 0,0014442 secs] 241554K->240530K(502464K), 0,0014769 secs] [Times: user=0,00 sys=0,00, real=0,00 secs] 
Heap after GC invocations=331 (full 227):
 par new generation   total 109248K, used 8K [0x00000000e0000000, 0x00000000e8000000, 0x00000000e8000000)
  eden space 87424K,   0% used [0x00000000e0000000, 0x00000000e0000000, 0x00000000e5560000)
  from space 21824K,   0% used [0x00000000e6ab0000, 0x00000000e6ab2040, 0x00000000e8000000)
  to   space 21824K,   0% used [0x00000000e5560000, 0x00000000e5560000, 0x00000000e6ab0000)
 concurrent mark-sweep generation total 393216K, used 240522K [0x00000000e8000000, 0x0000000100000000, 0x0000000100000000)
 Metaspace       used 32742K, capacity 33224K, committed 33732K, reserved 1079296K
  class space    used 3585K, capacity 3736K, committed 3836K, reserved 1048576K
}
2017-07-31T16:12:22.119+0200: 16092,523: [Rescan (parallel) , 0,0005162 secs]2017-07-31T16:12:22.119+0200: 16092,524: [weak refs processing, 0,0003965 secs]2017-07-31T16:12:22.120+0200: 16092,524: [class unloading, 0,0065560 secs]2017-07-31T16:12:22.126+0200: 16092,531: [scrub symbol table, 0,0032001 secs]2017-07-31T16:12:22.130+0200: 16092,534: [scrub string table, 0,0005660 secs][1 CMS-remark: 240522K(393216K)] 240530K(502464K), 0,0131382 secs] [Times: user=0,01 sys=0,00, real=0,01 secs] 
2017-07-31T16:12:22.130+0200: 16092,535: Total time for which application threads were stopped: 0,0132413 seconds, Stopping threads took: 0,0000178 seconds
2017-07-31T16:12:22.131+0200: 16092,535: [CMS-concurrent-sweep-start]
2017-07-31T16:12:22.156+0200: 16092,560: [CMS-concurrent-sweep: 0,025/0,025 secs] [Times: user=0,03 sys=0,00, real=0,03 secs] 
2017-07-31T16:12:22.156+0200: 16092,560: [CMS-concurrent-reset-start]
2017-07-31T16:12:22.156+0200: 16092,561: [CMS-concurrent-reset: 0,001/0,001 secs] [Times: user=0,00 sys=0,00, real=0,00 secs] 
2017-07-31T16:12:24.156+0200: 16094,560: [GC (CMS Initial Mark) [1 CMS-initial-mark: 240522K(393216K)] 242253K(502464K), 0,0007381 secs] [Times: user=0,01 sys=0,00, real=0,00 secs] 
2017-07-31T16:12:24.156+0200: 16094,561: Total time for which application threads were stopped: 0,0009179 seconds, Stopping threads took: 0,0000260 seconds
2017-07-31T16:12:24.157+0200: 16094,561: [CMS-concurrent-mark-start]
2017-07-31T16:12:24.178+0200: 16094,583: [CMS-concurrent-mark: 0,022/0,022 secs] [Times: user=0,08 sys=0,00, real=0,02 secs] 
2017-07-31T16:12:24.178+0200: 16094,583: [CMS-concurrent-preclean-start]
2017-07-31T16:12:24.180+0200: 16094,584: [CMS-concurrent-preclean: 0,002/0,002 secs] [Times: user=0,00 sys=0,00, real=0,00 secs] 
2017-07-31T16:12:24.180+0200: 16094,585: [GC (CMS Final Remark) [YG occupancy: 1731 K (109248 K)]{Heap before GC invocations=331 (full 228):
 par new generation   total 109248K, used 1731K [0x00000000e0000000, 0x00000000e8000000, 0x00000000e8000000)
  eden space 87424K,   1% used [0x00000000e0000000, 0x00000000e01aecd8, 0x00000000e5560000)
  from space 21824K,   0% used [0x00000000e6ab0000, 0x00000000e6ab2040, 0x00000000e8000000)
  to   space 21824K,   0% used [0x00000000e5560000, 0x00000000e5560000, 0x00000000e6ab0000)
 concurrent mark-sweep generation total 393216K, used 240522K [0x00000000e8000000, 0x0000000100000000, 0x0000000100000000)
 Metaspace       used 32742K, capacity 33224K, committed 33732K, reserved 1079296K
  class space    used 3585K, capacity 3736K, committed 3836K, reserved 1048576K
2017-07-31T16:12:24.180+0200: 16094,585: [GC (CMS Final Remark) 2017-07-31T16:12:24.180+0200: 16094,585: [ParNew
Desired survivor size 20112992 bytes, new threshold 8 (max 8)
- age   1:         64 bytes,         64 total
- age   2:         96 bytes,        160 total
- age   3:         32 bytes,        192 total
- age   6:        152 bytes,        344 total
: 1731K->8K(109248K), 0,0035144 secs] 242253K->240530K(502464K), 0,0035556 secs] [Times: user=0,01 sys=0,00, real=0,00 secs] 
Heap after GC invocations=332 (full 228):
 par new generation   total 109248K, used 8K [0x00000000e0000000, 0x00000000e8000000, 0x00000000e8000000)
  eden space 87424K,   0% used [0x00000000e0000000, 0x00000000e0000000, 0x00000000e5560000)
  from space 21824K,   0% used [0x00000000e5560000, 0x00000000e5562040, 0x00000000e6ab0000)
  to   space 21824K,   0% used [0x00000000e6ab0000, 0x00000000e6ab0000, 0x00000000e8000000)
 concurrent mark-sweep generation total 393216K, used 240522K [0x00000000e8000000, 0x0000000100000000, 0x0000000100000000)
 Metaspace       used 32742K, capacity 33224K, committed 33732K, reserved 1079296K
  class space    used 3585K, capacity 3736K, committed 3836K, reserved 1048576K
}
2017-07-31T16:12:24.184+0200: 16094,588: [Rescan (parallel) , 0,0003732 secs]2017-07-31T16:12:24.184+0200: 16094,589: [weak refs processing, 0,0002948 secs]2017-07-31T16:12:24.185+0200: 16094,589: [class unloading, 0,0056462 secs]2017-07-31T16:12:24.190+0200: 16094,595: [scrub symbol table, 0,0028849 secs]2017-07-31T16:12:24.193+0200: 16094,598: [scrub string table, 0,0004953 secs][1 CMS-remark: 240522K(393216K)] 240530K(502464K), 0,0136108 secs] [Times: user=0,02 sys=0,00, real=0,01 secs] 
2017-07-31T16:12:24.194+0200: 16094,598: Total time for which application threads were stopped: 0,0137398 seconds, Stopping threads took: 0,0000243 seconds
2017-07-31T16:12:24.194+0200: 16094,598: [CMS-concurrent-sweep-start]
2017-07-31T16:12:24.216+0200: 16094,620: [CMS-concurrent-sweep: 0,022/0,022 secs] [Times: user=0,02 sys=0,00, real=0,02 secs] 
2017-07-31T16:12:24.216+0200: 16094,620: [CMS-concurrent-reset-start]
2017-07-31T16:12:24.216+0200: 16094,621: [CMS-concurrent-reset: 0,000/0,000 secs] [Times: user=0,00 sys=0,00, real=0,00 secs] 
2017-07-31T16:12:26.216+0200: 16096,620: [GC (CMS Initial Mark) [1 CMS-initial-mark: 240522K(393216K)] 241111K(502464K), 0,0006619 secs] [Times: user=0,01 sys=0,00, real=0,00 secs] 
2017-07-31T16:12:26.216+0200: 16096,621: Total time for which application threads were stopped: 0,0008222 seconds, Stopping threads took: 0,0000449 seconds
2017-07-31T16:12:26.216+0200: 16096,621: [CMS-concurrent-mark-start]
2017-07-31T16:12:26.233+0200: 16096,638: [CMS-concurrent-mark: 0,017/0,017 secs] [Times: user=0,06 sys=0,00, real=0,02 secs] 
2017-07-31T16:12:26.233+0200: 16096,638: [CMS-concurrent-preclean-start]
2017-07-31T16:12:26.234+0200: 16096,639: [CMS-concurrent-preclean: 0,001/0,001 secs] [Times: user=0,01 sys=0,00, real=0,00 secs] 
2017-07-31T16:12:26.234+0200: 16096,639: [GC (CMS Final Remark) [YG occupancy: 589 K (109248 K)]{Heap before GC invocations=332 (full 229):
 par new generation   total 109248K, used 589K [0x00000000e0000000, 0x00000000e8000000, 0x00000000e8000000)
  eden space 87424K,   0% used [0x00000000e0000000, 0x00000000e00915e8, 0x00000000e5560000)
  from space 21824K,   0% used [0x00000000e5560000, 0x00000000e5562040, 0x00000000e6ab0000)
  to   space 21824K,   0% used [0x00000000e6ab0000, 0x00000000e6ab0000, 0x00000000e8000000)
 concurrent mark-sweep generation total 393216K, used 240522K [0x00000000e8000000, 0x0000000100000000, 0x0000000100000000)
 Metaspace       used 32742K, capacity 33224K, committed 33732K, reserved 1079296K
  class space    used 3585K, capacity 3736K, committed 3836K, reserved 1048576K
2017-07-31T16:12:26.234+0200: 16096,639: [GC (CMS Final Remark) 2017-07-31T16:12:26.234+0200: 16096,639: [ParNew
Desired survivor size 20112992 bytes, new threshold 8 (max 8)
- age   1:         64 bytes,         64 total
- age   2:         64 bytes,        128 total
- age   3:         64 bytes,        192 total
- age   7:        152 bytes,        344 total
: 589K->8K(109248K), 0,0012960 secs] 241111K->240530K(502464K), 0,0013279 secs] [Times: user=0,00 sys=0,00, real=0,00 secs] 
Heap after GC invocations=333 (full 229):
 par new generation   total 109248K, used 8K [0x00000000e0000000, 0x00000000e8000000, 0x00000000e8000000)
  eden space 87424K,   0% used [0x00000000e0000000, 0x00000000e0000000, 0x00000000e5560000)
  from space 21824K,   0% used [0x00000000e6ab0000, 0x00000000e6ab2040, 0x00000000e8000000)
  to   space 21824K,   0% used [0x00000000e5560000, 0x00000000e5560000, 0x00000000e6ab0000)
 concurrent mark-sweep generation total 393216K, used 240522K [0x00000000e8000000, 0x0000000100000000, 0x0000000100000000)
 Metaspace       used 32742K, capacity 33224K, committed 33732K, reserved 1079296K
  class space    used 3585K, capacity 3736K, committed 3836K, reserved 1048576K
}
2017-07-31T16:12:26.236+0200: 16096,640: [Rescan (parallel) , 0,0004201 secs]2017-07-31T16:12:26.236+0200: 16096,641: [weak refs processing, 0,0007353 secs]2017-07-31T16:12:26.237+0200: 16096,641: [class unloading, 0,0056686 secs]2017-07-31T16:12:26.243+0200: 16096,647: [scrub symbol table, 0,0032967 secs]2017-07-31T16:12:26.246+0200: 16096,650: [scrub string table, 0,0004949 secs][1 CMS-remark: 240522K(393216K)] 240530K(502464K), 0,0122066 secs] [Times: user=0,01 sys=0,00, real=0,01 secs] 
2017-07-31T16:12:26.247+0200: 16096,651: Total time for which application threads were stopped: 0,0123105 seconds, Stopping threads took: 0,0000203 seconds
2017-07-31T16:12:26.247+0200: 16096,651: [CMS-concurrent-sweep-start]
2017-07-31T16:12:26.269+0200: 16096,674: [CMS-concurrent-sweep: 0,023/0,023 secs] [Times: user=0,02 sys=0,00, real=0,02 secs] 
2017-07-31T16:12:26.269+0200: 16096,674: [CMS-concurrent-reset-start]
2017-07-31T16:12:26.270+0200: 16096,674: [CMS-concurrent-reset: 0,000/0,000 secs] [Times: user=0,00 sys=0,00, real=0,00 secs] 
2017-07-31T16:12:28.269+0200: 16098,673: [GC (CMS Initial Mark) [1 CMS-initial-mark: 240522K(393216K)] 242264K(502464K), 0,0009786 secs] [Times: user=0,01 sys=0,00, real=0,00 secs] 
2017-07-31T16:12:28.270+0200: 16098,674: Total time for which application threads were stopped: 0,0011289 seconds, Stopping threads took: 0,0000235 seconds
2017-07-31T16:12:28.270+0200: 16098,674: [CMS-concurrent-mark-start]
2017-07-31T16:12:28.295+0200: 16098,700: [CMS-concurrent-mark: 0,025/0,025 secs] [Times: user=0,10 sys=0,00, real=0,03 secs] 
2017-07-31T16:12:28.295+0200: 16098,700: [CMS-concurrent-preclean-start]
2017-07-31T16:12:28.297+0200: 16098,701: [CMS-concurrent-preclean: 0,001/0,001 secs] [Times: user=0,00 sys=0,00, real=0,00 secs] 
2017-07-31T16:12:28.297+0200: 16098,702: [GC (CMS Final Remark) [YG occupancy: 1741 K (109248 K)]{Heap before GC invocations=333 (full 230):
 par new generation   total 109248K, used 1741K [0x00000000e0000000, 0x00000000e8000000, 0x00000000e8000000)
  eden space 87424K,   1% used [0x00000000e0000000, 0x00000000e01b1748, 0x00000000e5560000)
  from space 21824K,   0% used [0x00000000e6ab0000, 0x00000000e6ab2040, 0x00000000e8000000)
  to   space 21824K,   0% used [0x00000000e5560000, 0x00000000e5560000, 0x00000000e6ab0000)
 concurrent mark-sweep generation total 393216K, used 240522K [0x00000000e8000000, 0x0000000100000000, 0x0000000100000000)
 Metaspace       used 32742K, capacity 33224K, committed 33732K, reserved 1079296K
  class space    used 3585K, capacity 3736K, committed 3836K, reserved 1048576K
2017-07-31T16:12:28.297+0200: 16098,702: [GC (CMS Final Remark) 2017-07-31T16:12:28.297+0200: 16098,702: [ParNew
Desired survivor size 20112992 bytes, new threshold 8 (max 8)
- age   1:         64 bytes,         64 total
- age   2:         64 bytes,        128 total
- age   3:         64 bytes,        192 total
- age   8:        152 bytes,        344 total
: 1741K->6K(109248K), 0,0032033 secs] 242264K->240528K(502464K), 0,0032583 secs] [Times: user=0,00 sys=0,00, real=0,01 secs] 
Heap after GC invocations=334 (full 230):
 par new generation   total 109248K, used 6K [0x00000000e0000000, 0x00000000e8000000, 0x00000000e8000000)
  eden space 87424K,   0% used [0x00000000e0000000, 0x00000000e0000000, 0x00000000e5560000)
  from space 21824K,   0% used [0x00000000e5560000, 0x00000000e5561830, 0x00000000e6ab0000)
  to   space 21824K,   0% used [0x00000000e6ab0000, 0x00000000e6ab0000, 0x00000000e8000000)
 concurrent mark-sweep generation total 393216K, used 240522K [0x00000000e8000000, 0x0000000100000000, 0x0000000100000000)
 Metaspace       used 32742K, capacity 33224K, committed 33732K, reserved 1079296K
  class space    used 3585K, capacity 3736K, committed 3836K, reserved 1048576K
}
2017-07-31T16:12:28.300+0200: 16098,705: [Rescan (parallel) , 0,0005680 secs]2017-07-31T16:12:28.301+0200: 16098,706: [weak refs processing, 0,0006930 secs]2017-07-31T16:12:28.302+0200: 16098,706: [class unloading, 0,0076981 secs]2017-07-31T16:12:28.309+0200: 16098,714: [scrub symbol table, 0,0036336 secs]2017-07-31T16:12:28.313+0200: 16098,718: [scrub string table, 0,0006884 secs][1 CMS-remark: 240522K(393216K)] 240528K(502464K), 0,0169017 secs] [Times: user=0,02 sys=0,00, real=0,02 secs] 
2017-07-31T16:12:28.314+0200: 16098,719: Total time for which application threads were stopped: 0,0170349 seconds, Stopping threads took: 0,0000246 seconds
2017-07-31T16:12:28.314+0200: 16098,719: [CMS-concurrent-sweep-start]
2017-07-31T16:12:28.344+0200: 16098,748: [CMS-concurrent-sweep: 0,029/0,029 secs] [Times: user=0,03 sys=0,00, real=0,03 secs] 
2017-07-31T16:12:28.344+0200: 16098,748: [CMS-concurrent-reset-start]
2017-07-31T16:12:28.344+0200: 16098,749: [CMS-concurrent-reset: 0,001/0,001 secs] [Times: user=0,00 sys=0,00, real=0,00 secs] 
2017-07-31T16:12:30.344+0200: 16100,748: [GC (CMS Initial Mark) [1 CMS-initial-mark: 240522K(393216K)] 241214K(502464K), 0,0006946 secs] [Times: user=0,00 sys=0,00, real=0,00 secs] 
2017-07-31T16:12:30.344+0200: 16100,749: Total time for which application threads were stopped: 0,0008203 seconds, Stopping threads took: 0,0000203 seconds
2017-07-31T16:12:30.344+0200: 16100,749: [CMS-concurrent-mark-start]
2017-07-31T16:12:30.377+0200: 16100,781: [CMS-concurrent-mark: 0,032/0,032 secs] [Times: user=0,13 sys=0,00, real=0,03 secs] 
2017-07-31T16:12:30.377+0200: 16100,781: [CMS-concurrent-preclean-start]
2017-07-31T16:12:30.378+0200: 16100,782: [CMS-concurrent-preclean: 0,001/0,001 secs] [Times: user=0,00 sys=0,00, real=0,00 secs] 
2017-07-31T16:12:30.378+0200: 16100,782: [GC (CMS Final Remark) [YG occupancy: 692 K (109248 K)]{Heap before GC invocations=334 (full 231):
 par new generation   total 109248K, used 692K [0x00000000e0000000, 0x00000000e8000000, 0x00000000e8000000)
  eden space 87424K,   0% used [0x00000000e0000000, 0x00000000e00ab9a0, 0x00000000e5560000)
  from space 21824K,   0% used [0x00000000e5560000, 0x00000000e5561830, 0x00000000e6ab0000)
  to   space 21824K,   0% used [0x00000000e6ab0000, 0x00000000e6ab0000, 0x00000000e8000000)
 concurrent mark-sweep generation total 393216K, used 240522K [0x00000000e8000000, 0x0000000100000000, 0x0000000100000000)
 Metaspace       used 32742K, capacity 33224K, committed 33732K, reserved 1079296K
  class space    used 3585K, capacity 3736K, committed 3836K, reserved 1048576K
2017-07-31T16:12:30.378+0200: 16100,782: [GC (CMS Final Remark) 2017-07-31T16:12:30.378+0200: 16100,782: [ParNew
Desired survivor size 20112992 bytes, new threshold 8 (max 8)
- age   1:         64 bytes,         64 total
- age   2:         64 bytes,        128 total
- age   3:         64 bytes,        192 total
: 692K->6K(109248K), 0,0012759 secs] 241214K->240528K(502464K), 0,0013127 secs] [Times: user=0,01 sys=0,00, real=0,00 secs] 
Heap after GC invocations=335 (full 231):
 par new generation   total 109248K, used 6K [0x00000000e0000000, 0x00000000e8000000, 0x00000000e8000000)
  eden space 87424K,   0% used [0x00000000e0000000, 0x00000000e0000000, 0x00000000e5560000)
  from space 21824K,   0% used [0x00000000e6ab0000, 0x00000000e6ab1830, 0x00000000e8000000)
  to   space 21824K,   0% used [0x00000000e5560000, 0x00000000e5560000, 0x00000000e6ab0000)
 concurrent mark-sweep generation total 393216K, used 240522K [0x00000000e8000000, 0x0000000100000000, 0x0000000100000000)
 Metaspace       used 32742K, capacity 33224K, committed 33732K, reserved 1079296K
  class space    used 3585K, capacity 3736K, committed 3836K, reserved 1048576K
}
2017-07-31T16:12:30.379+0200: 16100,784: [Rescan (parallel) , 0,0005262 secs]2017-07-31T16:12:30.380+0200: 16100,784: [weak refs processing, 0,0004194 secs]2017-07-31T16:12:30.380+0200: 16100,785: [class unloading, 0,0060300 secs]2017-07-31T16:12:30.386+0200: 16100,791: [scrub symbol table, 0,0029927 secs]2017-07-31T16:12:30.389+0200: 16100,794: [scrub string table, 0,0005239 secs][1 CMS-remark: 240522K(393216K)] 240528K(502464K), 0,0120614 secs] [Times: user=0,02 sys=0,00, real=0,01 secs] 
2017-07-31T16:12:30.390+0200: 16100,794: Total time for which application threads were stopped: 0,0121751 seconds, Stopping threads took: 0,0000224 seconds
2017-07-31T16:12:30.390+0200: 16100,795: [CMS-concurrent-sweep-start]
2017-07-31T16:12:30.415+0200: 16100,820: [CMS-concurrent-sweep: 0,025/0,025 secs] [Times: user=0,02 sys=0,00, real=0,03 secs] 
2017-07-31T16:12:30.415+0200: 16100,820: [CMS-concurrent-reset-start]
2017-07-31T16:12:30.416+0200: 16100,820: [CMS-concurrent-reset: 0,000/0,000 secs] [Times: user=0,01 sys=0,00, real=0,00 secs] 
2017-07-31T16:12:32.415+0200: 16102,819: [GC (CMS Initial Mark) [1 CMS-initial-mark: 240510K(393216K)] 241286K(502464K), 0,0009471 secs] [Times: user=0,00 sys=0,00, real=0,00 secs] 
2017-07-31T16:12:32.416+0200: 16102,820: Total time for which application threads were stopped: 0,0011509 seconds, Stopping threads took: 0,0000257 seconds
2017-07-31T16:12:32.416+0200: 16102,821: [CMS-concurrent-mark-start]
2017-07-31T16:12:32.453+0200: 16102,857: [CMS-concurrent-mark: 0,037/0,037 secs] [Times: user=0,15 sys=0,00, real=0,04 secs] 
2017-07-31T16:12:32.453+0200: 16102,857: [CMS-concurrent-preclean-start]
2017-07-31T16:12:32.454+0200: 16102,859: [CMS-concurrent-preclean: 0,001/0,001 secs] [Times: user=0,00 sys=0,00, real=0,00 secs] 
2017-07-31T16:12:32.455+0200: 16102,859: [GC (CMS Final Remark) [YG occupancy: 776 K (109248 K)]{Heap before GC invocations=335 (full 232):
 par new generation   total 109248K, used 776K [0x00000000e0000000, 0x00000000e8000000, 0x00000000e8000000)
  eden space 87424K,   0% used [0x00000000e0000000, 0x00000000e00c0938, 0x00000000e5560000)
  from space 21824K,   0% used [0x00000000e6ab0000, 0x00000000e6ab1830, 0x00000000e8000000)
  to   space 21824K,   0% used [0x00000000e5560000, 0x00000000e5560000, 0x00000000e6ab0000)
 concurrent mark-sweep generation total 393216K, used 240510K [0x00000000e8000000, 0x0000000100000000, 0x0000000100000000)
 Metaspace       used 32742K, capacity 33224K, committed 33732K, reserved 1079296K
  class space    used 3585K, capacity 3736K, committed 3836K, reserved 1048576K
2017-07-31T16:12:32.455+0200: 16102,859: [GC (CMS Final Remark) 2017-07-31T16:12:32.455+0200: 16102,859: [ParNew
Desired survivor size 20112992 bytes, new threshold 8 (max 8)
- age   1:         64 bytes,         64 total
- age   2:         64 bytes,        128 total
- age   3:         64 bytes,        192 total
: 776K->6K(109248K), 0,0035602 secs] 241286K->240516K(502464K), 0,0036198 secs] [Times: user=0,01 sys=0,00, real=0,00 secs] 
Heap after GC invocations=336 (full 232):
 par new generation   total 109248K, used 6K [0x00000000e0000000, 0x00000000e8000000, 0x00000000e8000000)
  eden space 87424K,   0% used [0x00000000e0000000, 0x00000000e0000000, 0x00000000e5560000)
  from space 21824K,   0% used [0x00000000e5560000, 0x00000000e5561830, 0x00000000e6ab0000)
  to   space 21824K,   0% used [0x00000000e6ab0000, 0x00000000e6ab0000, 0x00000000e8000000)
 concurrent mark-sweep generation total 393216K, used 240510K [0x00000000e8000000, 0x0000000100000000, 0x0000000100000000)
 Metaspace       used 32742K, capacity 33224K, committed 33732K, reserved 1079296K
  class space    used 3585K, capacity 3736K, committed 3836K, reserved 1048576K
}
2017-07-31T16:12:32.458+0200: 16102,863: [Rescan (parallel) , 0,0004897 secs]2017-07-31T16:12:32.459+0200: 16102,863: [weak refs processing, 0,0004396 secs]2017-07-31T16:12:32.459+0200: 16102,864: [class unloading, 0,0071701 secs]2017-07-31T16:12:32.466+0200: 16102,871: [scrub symbol table, 0,0034971 secs]2017-07-31T16:12:32.470+0200: 16102,874: [scrub string table, 0,0006182 secs][1 CMS-remark: 240510K(393216K)] 240516K(502464K), 0,0161937 secs] [Times: user=0,02 sys=0,00, real=0,01 secs] 
2017-07-31T16:12:32.471+0200: 16102,875: Total time for which application threads were stopped: 0,0163185 seconds, Stopping threads took: 0,0000205 seconds
2017-07-31T16:12:32.471+0200: 16102,875: [CMS-concurrent-sweep-start]
2017-07-31T16:12:32.499+0200: 16102,904: [CMS-concurrent-sweep: 0,028/0,028 secs] [Times: user=0,03 sys=0,00, real=0,03 secs] 
2017-07-31T16:12:32.499+0200: 16102,904: [CMS-concurrent-reset-start]
2017-07-31T16:12:32.500+0200: 16102,904: [CMS-concurrent-reset: 0,001/0,001 secs] [Times: user=0,00 sys=0,00, real=0,00 secs] 
2017-07-31T16:12:34.499+0200: 16104,903: [GC (CMS Initial Mark) [1 CMS-initial-mark: 240510K(393216K)] 242239K(502464K), 0,0009211 secs] [Times: user=0,00 sys=0,00, real=0,00 secs] 
2017-07-31T16:12:34.500+0200: 16104,904: Total time for which application threads were stopped: 0,0010799 seconds, Stopping threads took: 0,0000245 seconds
2017-07-31T16:12:34.500+0200: 16104,904: [CMS-concurrent-mark-start]
2017-07-31T16:12:34.528+0200: 16104,933: [CMS-concurrent-mark: 0,028/0,028 secs] [Times: user=0,11 sys=0,00, real=0,02 secs] 
2017-07-31T16:12:34.528+0200: 16104,933: [CMS-concurrent-preclean-start]
2017-07-31T16:12:34.530+0200: 16104,934: [CMS-concurrent-preclean: 0,002/0,002 secs] [Times: user=0,01 sys=0,00, real=0,00 secs] 
2017-07-31T16:12:34.530+0200: 16104,935: [GC (CMS Final Remark) [YG occupancy: 1729 K (109248 K)]{Heap before GC invocations=336 (full 233):
 par new generation   total 109248K, used 1729K [0x00000000e0000000, 0x00000000e8000000, 0x00000000e8000000)
  eden space 87424K,   1% used [0x00000000e0000000, 0x00000000e01aecd8, 0x00000000e5560000)
  from space 21824K,   0% used [0x00000000e5560000, 0x00000000e5561830, 0x00000000e6ab0000)
  to   space 21824K,   0% used [0x00000000e6ab0000, 0x00000000e6ab0000, 0x00000000e8000000)
 concurrent mark-sweep generation total 393216K, used 240510K [0x00000000e8000000, 0x0000000100000000, 0x0000000100000000)
 Metaspace       used 32742K, capacity 33224K, committed 33732K, reserved 1079296K
  class space    used 3585K, capacity 3736K, committed 3836K, reserved 1048576K
2017-07-31T16:12:34.530+0200: 16104,935: [GC (CMS Final Remark) 2017-07-31T16:12:34.530+0200: 16104,935: [ParNew
Desired survivor size 20112992 bytes, new threshold 8 (max 8)
- age   1:         64 bytes,         64 total
- age   2:         64 bytes,        128 total
- age   3:         64 bytes,        192 total
: 1729K->6K(109248K), 0,0046012 secs] 242239K->240516K(502464K), 0,0046621 secs] [Times: user=0,01 sys=0,00, real=0,01 secs] 
Heap after GC invocations=337 (full 233):
 par new generation   total 109248K, used 6K [0x00000000e0000000, 0x00000000e8000000, 0x00000000e8000000)
  eden space 87424K,   0% used [0x00000000e0000000, 0x00000000e0000000, 0x00000000e5560000)
  from space 21824K,   0% used [0x00000000e6ab0000, 0x00000000e6ab1830, 0x00000000e8000000)
  to   space 21824K,   0% used [0x00000000e5560000, 0x00000000e5560000, 0x00000000e6ab0000)
 concurrent mark-sweep generation total 393216K, used 240510K [0x00000000e8000000, 0x0000000100000000, 0x0000000100000000)
 Metaspace       used 32742K, capacity 33224K, committed 33732K, reserved 1079296K
  class space    used 3585K, capacity 3736K, committed 3836K, reserved 1048576K
}
2017-07-31T16:12:34.535+0200: 16104,940: [Rescan (parallel) , 0,0005118 secs]2017-07-31T16:12:34.536+0200: 16104,940: [weak refs processing, 0,0006694 secs]2017-07-31T16:12:34.536+0200: 16104,941: [class unloading, 0,0078126 secs]2017-07-31T16:12:34.544+0200: 16104,949: [scrub symbol table, 0,0037135 secs]2017-07-31T16:12:34.548+0200: 16104,952: [scrub string table, 0,0006880 secs][1 CMS-remark: 240510K(393216K)] 240516K(502464K), 0,0183141 secs] [Times: user=0,02 sys=0,01, real=0,02 secs] 
2017-07-31T16:12:34.549+0200: 16104,953: Total time for which application threads were stopped: 0,0184644 seconds, Stopping threads took: 0,0000248 seconds
2017-07-31T16:12:34.549+0200: 16104,953: [CMS-concurrent-sweep-start]
2017-07-31T16:12:34.577+0200: 16104,981: [CMS-concurrent-sweep: 0,028/0,028 secs] [Times: user=0,03 sys=0,00, real=0,03 secs] 
2017-07-31T16:12:34.577+0200: 16104,981: [CMS-concurrent-reset-start]
2017-07-31T16:12:34.577+0200: 16104,982: [CMS-concurrent-reset: 0,001/0,001 secs] [Times: user=0,00 sys=0,00, real=0,00 secs] 
2017-07-31T16:12:36.577+0200: 16106,981: [GC (CMS Initial Mark) [1 CMS-initial-mark: 240510K(393216K)] 241098K(502464K), 0,0006341 secs] [Times: user=0,00 sys=0,00, real=0,00 secs] 
2017-07-31T16:12:36.577+0200: 16106,982: Total time for which application threads were stopped: 0,0007601 seconds, Stopping threads took: 0,0000201 seconds
2017-07-31T16:12:36.577+0200: 16106,982: [CMS-concurrent-mark-start]
2017-07-31T16:12:36.592+0200: 16106,996: [CMS-concurrent-mark: 0,015/0,015 secs] [Times: user=0,06 sys=0,00, real=0,02 secs] 
2017-07-31T16:12:36.592+0200: 16106,997: [CMS-concurrent-preclean-start]
2017-07-31T16:12:36.593+0200: 16106,997: [CMS-concurrent-preclean: 0,001/0,001 secs] [Times: user=0,00 sys=0,00, real=0,00 secs] 
2017-07-31T16:12:36.593+0200: 16106,998: [GC (CMS Final Remark) [YG occupancy: 587 K (109248 K)]{Heap before GC invocations=337 (full 234):
 par new generation   total 109248K, used 587K [0x00000000e0000000, 0x00000000e8000000, 0x00000000e8000000)
  eden space 87424K,   0% used [0x00000000e0000000, 0x00000000e00915e8, 0x00000000e5560000)
  from space 21824K,   0% used [0x00000000e6ab0000, 0x00000000e6ab1830, 0x00000000e8000000)
  to   space 21824K,   0% used [0x00000000e5560000, 0x00000000e5560000, 0x00000000e6ab0000)
 concurrent mark-sweep generation total 393216K, used 240510K [0x00000000e8000000, 0x0000000100000000, 0x0000000100000000)
 Metaspace       used 32742K, capacity 33224K, committed 33732K, reserved 1079296K
  class space    used 3585K, capacity 3736K, committed 3836K, reserved 1048576K
2017-07-31T16:12:36.593+0200: 16106,998: [GC (CMS Final Remark) 2017-07-31T16:12:36.593+0200: 16106,998: [ParNew
Desired survivor size 20112992 bytes, new threshold 8 (max 8)
- age   1:         64 bytes,         64 total
- age   2:         64 bytes,        128 total
- age   3:         64 bytes,        192 total
: 587K->6K(109248K), 0,0013263 secs] 241098K->240516K(502464K), 0,0013704 secs] [Times: user=0,00 sys=0,00, real=0,00 secs] 
Heap after GC invocations=338 (full 234):
 par new generation   total 109248K, used 6K [0x00000000e0000000, 0x00000000e8000000, 0x00000000e8000000)
  eden space 87424K,   0% used [0x00000000e0000000, 0x00000000e0000000, 0x00000000e5560000)
  from space 21824K,   0% used [0x00000000e5560000, 0x00000000e5561830, 0x00000000e6ab0000)
  to   space 21824K,   0% used [0x00000000e6ab0000, 0x00000000e6ab0000, 0x00000000e8000000)
 concurrent mark-sweep generation total 393216K, used 240510K [0x00000000e8000000, 0x0000000100000000, 0x0000000100000000)
 Metaspace       used 32742K, capacity 33224K, committed 33732K, reserved 1079296K
  class space    used 3585K, capacity 3736K, committed 3836K, reserved 1048576K
}
2017-07-31T16:12:36.595+0200: 16106,999: [Rescan (parallel) , 0,0003326 secs]2017-07-31T16:12:36.595+0200: 16106,999: [weak refs processing, 0,0006308 secs]2017-07-31T16:12:36.596+0200: 16107,000: [class unloading, 0,0052704 secs]2017-07-31T16:12:36.601+0200: 16107,005: [scrub symbol table, 0,0025910 secs]2017-07-31T16:12:36.603+0200: 16107,008: [scrub string table, 0,0004464 secs][1 CMS-remark: 240510K(393216K)] 240516K(502464K), 0,0109104 secs] [Times: user=0,01 sys=0,00, real=0,01 secs] 
2017-07-31T16:12:36.604+0200: 16107,009: Total time for which application threads were stopped: 0,0110186 seconds, Stopping threads took: 0,0000284 seconds
2017-07-31T16:12:36.604+0200: 16107,009: [CMS-concurrent-sweep-start]
2017-07-31T16:12:36.625+0200: 16107,029: [CMS-concurrent-sweep: 0,021/0,021 secs] [Times: user=0,02 sys=0,00, real=0,02 secs] 
2017-07-31T16:12:36.625+0200: 16107,029: [CMS-concurrent-reset-start]
2017-07-31T16:12:36.625+0200: 16107,030: [CMS-concurrent-reset: 0,000/0,000 secs] [Times: user=0,00 sys=0,00, real=0,00 secs] 
2017-07-31T16:12:38.624+0200: 16109,029: [GC (CMS Initial Mark) [1 CMS-initial-mark: 240510K(393216K)] 242682K(502464K), 0,0006785 secs] [Times: user=0,00 sys=0,00, real=0,00 secs] 
2017-07-31T16:12:38.625+0200: 16109,030: Total time for which application threads were stopped: 0,0008143 seconds, Stopping threads took: 0,0000182 seconds
2017-07-31T16:12:38.625+0200: 16109,030: [CMS-concurrent-mark-start]
2017-07-31T16:12:38.649+0200: 16109,054: [CMS-concurrent-mark: 0,024/0,024 secs] [Times: user=0,10 sys=0,00, real=0,02 secs] 
2017-07-31T16:12:38.649+0200: 16109,054: [CMS-concurrent-preclean-start]
2017-07-31T16:12:38.650+0200: 16109,055: [CMS-concurrent-preclean: 0,001/0,001 secs] [Times: user=0,00 sys=0,00, real=0,00 secs] 
2017-07-31T16:12:38.650+0200: 16109,055: [CMS-concurrent-abortable-preclean-start]
 CMS: abort preclean due to time 2017-07-31T16:12:44.731+0200: 16115,136: [CMS-concurrent-abortable-preclean: 0,075/6,081 secs] [Times: user=0,08 sys=0,00, real=6,08 secs] 
2017-07-31T16:12:44.731+0200: 16115,136: [GC (CMS Final Remark) [YG occupancy: 2805 K (109248 K)]{Heap before GC invocations=338 (full 235):
 par new generation   total 109248K, used 2805K [0x00000000e0000000, 0x00000000e8000000, 0x00000000e8000000)
  eden space 87424K,   3% used [0x00000000e0000000, 0x00000000e02bbe80, 0x00000000e5560000)
  from space 21824K,   0% used [0x00000000e5560000, 0x00000000e5561830, 0x00000000e6ab0000)
  to   space 21824K,   0% used [0x00000000e6ab0000, 0x00000000e6ab0000, 0x00000000e8000000)
 concurrent mark-sweep generation total 393216K, used 240510K [0x00000000e8000000, 0x0000000100000000, 0x0000000100000000)
 Metaspace       used 32742K, capacity 33224K, committed 33732K, reserved 1079296K
  class space    used 3585K, capacity 3736K, committed 3836K, reserved 1048576K
2017-07-31T16:12:44.731+0200: 16115,136: [GC (CMS Final Remark) 2017-07-31T16:12:44.731+0200: 16115,136: [ParNew
Desired survivor size 20112992 bytes, new threshold 8 (max 8)
- age   1:        344 bytes,        344 total
: 2805K->6K(109248K), 0,0042277 secs] 243316K->240516K(502464K), 0,0042844 secs] [Times: user=0,01 sys=0,00, real=0,01 secs] 
Heap after GC invocations=339 (full 235):
 par new generation   total 109248K, used 6K [0x00000000e0000000, 0x00000000e8000000, 0x00000000e8000000)
  eden space 87424K,   0% used [0x00000000e0000000, 0x00000000e0000000, 0x00000000e5560000)
  from space 21824K,   0% used [0x00000000e6ab0000, 0x00000000e6ab1830, 0x00000000e8000000)
  to   space 21824K,   0% used [0x00000000e5560000, 0x00000000e5560000, 0x00000000e6ab0000)
 concurrent mark-sweep generation total 393216K, used 240510K [0x00000000e8000000, 0x0000000100000000, 0x0000000100000000)
 Metaspace       used 32742K, capacity 33224K, committed 33732K, reserved 1079296K
  class space    used 3585K, capacity 3736K, committed 3836K, reserved 1048576K
}
2017-07-31T16:12:44.736+0200: 16115,140: [Rescan (parallel) , 0,0007300 secs]2017-07-31T16:12:44.737+0200: 16115,141: [weak refs processing, 0,0005520 secs]2017-07-31T16:12:44.737+0200: 16115,142: [class unloading, 0,0088245 secs]2017-07-31T16:12:44.746+0200: 16115,150: [scrub symbol table, 0,0040383 secs]2017-07-31T16:12:44.750+0200: 16115,154: [scrub string table, 0,0007357 secs][1 CMS-remark: 240510K(393216K)] 240516K(502464K), 0,0194643 secs] [Times: user=0,03 sys=0,00, real=0,02 secs] 
2017-07-31T16:12:44.751+0200: 16115,155: Total time for which application threads were stopped: 0,0196182 seconds, Stopping threads took: 0,0000246 seconds
2017-07-31T16:12:44.751+0200: 16115,155: [CMS-concurrent-sweep-start]
2017-07-31T16:12:44.784+0200: 16115,188: [CMS-concurrent-sweep: 0,033/0,033 secs] [Times: user=0,03 sys=0,00, real=0,04 secs] 
2017-07-31T16:12:44.784+0200: 16115,188: [CMS-concurrent-reset-start]
2017-07-31T16:12:44.785+0200: 16115,189: [CMS-concurrent-reset: 0,001/0,001 secs] [Times: user=0,00 sys=0,00, real=0,00 secs] 
2017-07-31T16:12:46.784+0200: 16117,188: [GC (CMS Initial Mark) [1 CMS-initial-mark: 240510K(393216K)] 241540K(502464K), 0,0010490 secs] [Times: user=0,00 sys=0,00, real=0,00 secs] 
2017-07-31T16:12:46.785+0200: 16117,189: Total time for which application threads were stopped: 0,0012056 seconds, Stopping threads took: 0,0000302 seconds
2017-07-31T16:12:46.785+0200: 16117,189: [CMS-concurrent-mark-start]
2017-07-31T16:12:46.816+0200: 16117,220: [CMS-concurrent-mark: 0,031/0,031 secs] [Times: user=0,13 sys=0,00, real=0,03 secs] 
2017-07-31T16:12:46.816+0200: 16117,220: [CMS-concurrent-preclean-start]
2017-07-31T16:12:46.817+0200: 16117,222: [CMS-concurrent-preclean: 0,001/0,001 secs] [Times: user=0,00 sys=0,00, real=0,00 secs] 
2017-07-31T16:12:46.818+0200: 16117,222: [GC (CMS Final Remark) [YG occupancy: 1030 K (109248 K)]{Heap before GC invocations=339 (full 236):
 par new generation   total 109248K, used 1030K [0x00000000e0000000, 0x00000000e8000000, 0x00000000e8000000)
  eden space 87424K,   1% used [0x00000000e0000000, 0x00000000e0100198, 0x00000000e5560000)
  from space 21824K,   0% used [0x00000000e6ab0000, 0x00000000e6ab1830, 0x00000000e8000000)
  to   space 21824K,   0% used [0x00000000e5560000, 0x00000000e5560000, 0x00000000e6ab0000)
 concurrent mark-sweep generation total 393216K, used 240510K [0x00000000e8000000, 0x0000000100000000, 0x0000000100000000)
 Metaspace       used 32742K, capacity 33224K, committed 33732K, reserved 1079296K
  class space    used 3585K, capacity 3736K, committed 3836K, reserved 1048576K
2017-07-31T16:12:46.818+0200: 16117,222: [GC (CMS Final Remark) 2017-07-31T16:12:46.818+0200: 16117,222: [ParNew
Desired survivor size 20112992 bytes, new threshold 8 (max 8)
- age   1:         96 bytes,         96 total
- age   2:        248 bytes,        344 total
: 1030K->6K(109248K), 0,0031746 secs] 241540K->240516K(502464K), 0,0032199 secs] [Times: user=0,00 sys=0,01, real=0,01 secs] 
Heap after GC invocations=340 (full 236):
 par new generation   total 109248K, used 6K [0x00000000e0000000, 0x00000000e8000000, 0x00000000e8000000)
  eden space 87424K,   0% used [0x00000000e0000000, 0x00000000e0000000, 0x00000000e5560000)
  from space 21824K,   0% used [0x00000000e5560000, 0x00000000e5561830, 0x00000000e6ab0000)
  to   space 21824K,   0% used [0x00000000e6ab0000, 0x00000000e6ab0000, 0x00000000e8000000)
 concurrent mark-sweep generation total 393216K, used 240510K [0x00000000e8000000, 0x0000000100000000, 0x0000000100000000)
 Metaspace       used 32742K, capacity 33224K, committed 33732K, reserved 1079296K
  class space    used 3585K, capacity 3736K, committed 3836K, reserved 1048576K
}
2017-07-31T16:12:46.821+0200: 16117,225: [Rescan (parallel) , 0,0005120 secs]2017-07-31T16:12:46.821+0200: 16117,226: [weak refs processing, 0,0004282 secs]2017-07-31T16:12:46.822+0200: 16117,226: [class unloading, 0,0070045 secs]2017-07-31T16:12:46.829+0200: 16117,233: [scrub symbol table, 0,0032283 secs]2017-07-31T16:12:46.832+0200: 16117,237: [scrub string table, 0,0005935 secs][1 CMS-remark: 240510K(393216K)] 240516K(502464K), 0,0152322 secs] [Times: user=0,01 sys=0,01, real=0,02 secs] 
2017-07-31T16:12:46.833+0200: 16117,237: Total time for which application threads were stopped: 0,0153676 seconds, Stopping threads took: 0,0000222 seconds
2017-07-31T16:12:46.833+0200: 16117,237: [CMS-concurrent-sweep-start]
2017-07-31T16:12:46.860+0200: 16117,264: [CMS-concurrent-sweep: 0,027/0,027 secs] [Times: user=0,03 sys=0,00, real=0,02 secs] 
2017-07-31T16:12:46.860+0200: 16117,264: [CMS-concurrent-reset-start]
2017-07-31T16:12:46.860+0200: 16117,265: [CMS-concurrent-reset: 0,001/0,001 secs] [Times: user=0,00 sys=0,00, real=0,01 secs] 
2017-07-31T16:12:48.860+0200: 16119,264: [GC (CMS Initial Mark) [1 CMS-initial-mark: 240510K(393216K)] 242239K(502464K), 0,0009626 secs] [Times: user=0,00 sys=0,00, real=0,01 secs] 
2017-07-31T16:12:48.861+0200: 16119,265: Total time for which application threads were stopped: 0,0011229 seconds, Stopping threads took: 0,0000231 seconds
2017-07-31T16:12:48.861+0200: 16119,265: [CMS-concurrent-mark-start]
2017-07-31T16:12:48.892+0200: 16119,297: [CMS-concurrent-mark: 0,031/0,031 secs] [Times: user=0,13 sys=0,00, real=0,03 secs] 
2017-07-31T16:12:48.892+0200: 16119,297: [CMS-concurrent-preclean-start]
2017-07-31T16:12:48.894+0200: 16119,298: [CMS-concurrent-preclean: 0,002/0,002 secs] [Times: user=0,00 sys=0,00, real=0,00 secs] 
2017-07-31T16:12:48.894+0200: 16119,299: [GC (CMS Final Remark) [YG occupancy: 1729 K (109248 K)]{Heap before GC invocations=340 (full 237):
 par new generation   total 109248K, used 1729K [0x00000000e0000000, 0x00000000e8000000, 0x00000000e8000000)
  eden space 87424K,   1% used [0x00000000e0000000, 0x00000000e01aecd8, 0x00000000e5560000)
  from space 21824K,   0% used [0x00000000e5560000, 0x00000000e5561830, 0x00000000e6ab0000)
  to   space 21824K,   0% used [0x00000000e6ab0000, 0x00000000e6ab0000, 0x00000000e8000000)
 concurrent mark-sweep generation total 393216K, used 240510K [0x00000000e8000000, 0x0000000100000000, 0x0000000100000000)
 Metaspace       used 32742K, capacity 33224K, committed 33732K, reserved 1079296K
  class space    used 3585K, capacity 3736K, committed 3836K, reserved 1048576K
2017-07-31T16:12:48.894+0200: 16119,299: [GC (CMS Final Remark) 2017-07-31T16:12:48.894+0200: 16119,299: [ParNew
Desired survivor size 20112992 bytes, new threshold 8 (max 8)
- age   1:         64 bytes,         64 total
- age   2:         96 bytes,        160 total
- age   3:        184 bytes,        344 total
: 1729K->6K(109248K), 0,0038470 secs] 242239K->240516K(502464K), 0,0038961 secs] [Times: user=0,01 sys=0,00, real=0,00 secs] 
Heap after GC invocations=341 (full 237):
 par new generation   total 109248K, used 6K [0x00000000e0000000, 0x00000000e8000000, 0x00000000e8000000)
  eden space 87424K,   0% used [0x00000000e0000000, 0x00000000e0000000, 0x00000000e5560000)
  from space 21824K,   0% used [0x00000000e6ab0000, 0x00000000e6ab1830, 0x00000000e8000000)
  to   space 21824K,   0% used [0x00000000e5560000, 0x00000000e5560000, 0x00000000e6ab0000)
 concurrent mark-sweep generation total 393216K, used 240510K [0x00000000e8000000, 0x0000000100000000, 0x0000000100000000)
 Metaspace       used 32742K, capacity 33224K, committed 33732K, reserved 1079296K
  class space    used 3585K, capacity 3736K, committed 3836K, reserved 1048576K
}
2017-07-31T16:12:48.898+0200: 16119,303: [Rescan (parallel) , 0,0005789 secs]2017-07-31T16:12:48.899+0200: 16119,303: [weak refs processing, 0,0004739 secs]2017-07-31T16:12:48.899+0200: 16119,304: [class unloading, 0,0081154 secs]2017-07-31T16:12:48.907+0200: 16119,312: [scrub symbol table, 0,0038332 secs]2017-07-31T16:12:48.911+0200: 16119,316: [scrub string table, 0,0007265 secs][1 CMS-remark: 240510K(393216K)] 240516K(502464K), 0,0179009 secs] [Times: user=0,02 sys=0,00, real=0,02 secs] 
2017-07-31T16:12:48.912+0200: 16119,317: Total time for which application threads were stopped: 0,0180541 seconds, Stopping threads took: 0,0000330 seconds
2017-07-31T16:12:48.912+0200: 16119,317: [CMS-concurrent-sweep-start]
2017-07-31T16:12:48.943+0200: 16119,348: [CMS-concurrent-sweep: 0,031/0,031 secs] [Times: user=0,03 sys=0,00, real=0,03 secs] 
2017-07-31T16:12:48.943+0200: 16119,348: [CMS-concurrent-reset-start]
2017-07-31T16:12:48.944+0200: 16119,348: [CMS-concurrent-reset: 0,001/0,001 secs] [Times: user=0,00 sys=0,00, real=0,00 secs] 
2017-07-31T16:12:50.943+0200: 16121,348: [GC (CMS Initial Mark) [1 CMS-initial-mark: 240510K(393216K)] 241097K(502464K), 0,0005901 secs] [Times: user=0,01 sys=0,00, real=0,00 secs] 
2017-07-31T16:12:50.944+0200: 16121,348: Total time for which application threads were stopped: 0,0007172 seconds, Stopping threads took: 0,0000190 seconds
2017-07-31T16:12:50.944+0200: 16121,348: [CMS-concurrent-mark-start]
2017-07-31T16:12:50.966+0200: 16121,370: [CMS-concurrent-mark: 0,022/0,022 secs] [Times: user=0,09 sys=0,00, real=0,02 secs] 
2017-07-31T16:12:50.966+0200: 16121,371: [CMS-concurrent-preclean-start]
2017-07-31T16:12:50.967+0200: 16121,372: [CMS-concurrent-preclean: 0,001/0,001 secs] [Times: user=0,00 sys=0,00, real=0,00 secs] 
2017-07-31T16:12:50.967+0200: 16121,372: [GC (CMS Final Remark) [YG occupancy: 587 K (109248 K)]{Heap before GC invocations=341 (full 238):
 par new generation   total 109248K, used 587K [0x00000000e0000000, 0x00000000e8000000, 0x00000000e8000000)
  eden space 87424K,   0% used [0x00000000e0000000, 0x00000000e00915e8, 0x00000000e5560000)
  from space 21824K,   0% used [0x00000000e6ab0000, 0x00000000e6ab1830, 0x00000000e8000000)
  to   space 21824K,   0% used [0x00000000e5560000, 0x00000000e5560000, 0x00000000e6ab0000)
 concurrent mark-sweep generation total 393216K, used 240510K [0x00000000e8000000, 0x0000000100000000, 0x0000000100000000)
 Metaspace       used 32742K, capacity 33224K, committed 33732K, reserved 1079296K
  class space    used 3585K, capacity 3736K, committed 3836K, reserved 1048576K
2017-07-31T16:12:50.967+0200: 16121,372: [GC (CMS Final Remark) 2017-07-31T16:12:50.967+0200: 16121,372: [ParNew
Desired survivor size 20112992 bytes, new threshold 8 (max 8)
- age   1:         64 bytes,         64 total
- age   2:         64 bytes,        128 total
- age   3:         64 bytes,        192 total
- age   4:        152 bytes,        344 total
: 587K->6K(109248K), 0,0017192 secs] 241097K->240516K(502464K), 0,0017706 secs] [Times: user=0,00 sys=0,00, real=0,00 secs] 
Heap after GC invocations=342 (full 238):
 par new generation   total 109248K, used 6K [0x00000000e0000000, 0x00000000e8000000, 0x00000000e8000000)
  eden space 87424K,   0% used [0x00000000e0000000, 0x00000000e0000000, 0x00000000e5560000)
  from space 21824K,   0% used [0x00000000e5560000, 0x00000000e5561830, 0x00000000e6ab0000)
  to   space 21824K,   0% used [0x00000000e6ab0000, 0x00000000e6ab0000, 0x00000000e8000000)
 concurrent mark-sweep generation total 393216K, used 240510K [0x00000000e8000000, 0x0000000100000000, 0x0000000100000000)
 Metaspace       used 32742K, capacity 33224K, committed 33732K, reserved 1079296K
  class space    used 3585K, capacity 3736K, committed 3836K, reserved 1048576K
}
2017-07-31T16:12:50.969+0200: 16121,374: [Rescan (parallel) , 0,0010063 secs]2017-07-31T16:12:50.970+0200: 16121,375: [weak refs processing, 0,0003229 secs]2017-07-31T16:12:50.971+0200: 16121,375: [class unloading, 0,0075954 secs]2017-07-31T16:12:50.978+0200: 16121,383: [scrub symbol table, 0,0041163 secs]2017-07-31T16:12:50.982+0200: 16121,387: [scrub string table, 0,0006331 secs][1 CMS-remark: 240510K(393216K)] 240516K(502464K), 0,0157149 secs] [Times: user=0,02 sys=0,00, real=0,02 secs] 
2017-07-31T16:12:50.983+0200: 16121,388: Total time for which application threads were stopped: 0,0158324 seconds, Stopping threads took: 0,0000178 seconds
2017-07-31T16:12:50.983+0200: 16121,388: [CMS-concurrent-sweep-start]
2017-07-31T16:12:51.005+0200: 16121,409: [CMS-concurrent-sweep: 0,022/0,022 secs] [Times: user=0,02 sys=0,00, real=0,02 secs] 
2017-07-31T16:12:51.005+0200: 16121,409: [CMS-concurrent-reset-start]
2017-07-31T16:12:51.005+0200: 16121,410: [CMS-concurrent-reset: 0,001/0,001 secs] [Times: user=0,00 sys=0,00, real=0,00 secs] 
2017-07-31T16:12:53.005+0200: 16123,409: [GC (CMS Initial Mark) [1 CMS-initial-mark: 240510K(393216K)] 242250K(502464K), 0,0009731 secs] [Times: user=0,00 sys=0,00, real=0,00 secs] 
2017-07-31T16:12:53.006+0200: 16123,410: Total time for which application threads were stopped: 0,0011236 seconds, Stopping threads took: 0,0000236 seconds
2017-07-31T16:12:53.006+0200: 16123,410: [CMS-concurrent-mark-start]
2017-07-31T16:12:53.034+0200: 16123,438: [CMS-concurrent-mark: 0,028/0,028 secs] [Times: user=0,11 sys=0,00, real=0,03 secs] 
2017-07-31T16:12:53.034+0200: 16123,438: [CMS-concurrent-preclean-start]
2017-07-31T16:12:53.035+0200: 16123,440: [CMS-concurrent-preclean: 0,001/0,001 secs] [Times: user=0,01 sys=0,00, real=0,00 secs] 
2017-07-31T16:12:53.035+0200: 16123,440: [GC (CMS Final Remark) [YG occupancy: 1739 K (109248 K)]{Heap before GC invocations=342 (full 239):
 par new generation   total 109248K, used 1739K [0x00000000e0000000, 0x00000000e8000000, 0x00000000e8000000)
  eden space 87424K,   1% used [0x00000000e0000000, 0x00000000e01b1748, 0x00000000e5560000)
  from space 21824K,   0% used [0x00000000e5560000, 0x00000000e5561830, 0x00000000e6ab0000)
  to   space 21824K,   0% used [0x00000000e6ab0000, 0x00000000e6ab0000, 0x00000000e8000000)
 concurrent mark-sweep generation total 393216K, used 240510K [0x00000000e8000000, 0x0000000100000000, 0x0000000100000000)
 Metaspace       used 32742K, capacity 33224K, committed 33732K, reserved 1079296K
  class space    used 3585K, capacity 3736K, committed 3836K, reserved 1048576K
2017-07-31T16:12:53.035+0200: 16123,440: [GC (CMS Final Remark) 2017-07-31T16:12:53.035+0200: 16123,440: [ParNew
Desired survivor size 20112992 bytes, new threshold 8 (max 8)
- age   1:         64 bytes,         64 total
- age   2:         64 bytes,        128 total
- age   3:         64 bytes,        192 total
- age   5:        152 bytes,        344 total
: 1739K->6K(109248K), 0,0034227 secs] 242250K->240516K(502464K), 0,0034753 secs] [Times: user=0,00 sys=0,00, real=0,00 secs] 
Heap after GC invocations=343 (full 239):
 par new generation   total 109248K, used 6K [0x00000000e0000000, 0x00000000e8000000, 0x00000000e8000000)
  eden space 87424K,   0% used [0x00000000e0000000, 0x00000000e0000000, 0x00000000e5560000)
  from space 21824K,   0% used [0x00000000e6ab0000, 0x00000000e6ab1830, 0x00000000e8000000)
  to   space 21824K,   0% used [0x00000000e5560000, 0x00000000e5560000, 0x00000000e6ab0000)
 concurrent mark-sweep generation total 393216K, used 240510K [0x00000000e8000000, 0x0000000100000000, 0x0000000100000000)
 Metaspace       used 32742K, capacity 33224K, committed 33732K, reserved 1079296K
  class space    used 3585K, capacity 3736K, committed 3836K, reserved 1048576K
}
2017-07-31T16:12:53.039+0200: 16123,443: [Rescan (parallel) , 0,0007253 secs]2017-07-31T16:12:53.040+0200: 16123,444: [weak refs processing, 0,0005040 secs]2017-07-31T16:12:53.040+0200: 16123,445: [class unloading, 0,0081208 secs]2017-07-31T16:12:53.048+0200: 16123,453: [scrub symbol table, 0,0038220 secs]2017-07-31T16:12:53.052+0200: 16123,457: [scrub string table, 0,0006785 secs][1 CMS-remark: 240510K(393216K)] 240516K(502464K), 0,0176169 secs] [Times: user=0,02 sys=0,01, real=0,02 secs] 
2017-07-31T16:12:53.053+0200: 16123,458: Total time for which application threads were stopped: 0,0177652 seconds, Stopping threads took: 0,0000252 seconds
2017-07-31T16:12:53.053+0200: 16123,458: [CMS-concurrent-sweep-start]
2017-07-31T16:12:53.083+0200: 16123,488: [CMS-concurrent-sweep: 0,030/0,030 secs] [Times: user=0,03 sys=0,00, real=0,03 secs] 
2017-07-31T16:12:53.083+0200: 16123,488: [CMS-concurrent-reset-start]
2017-07-31T16:12:53.084+0200: 16123,489: [CMS-concurrent-reset: 0,001/0,001 secs] [Times: user=0,00 sys=0,00, real=0,00 secs] 
2017-07-31T16:12:55.083+0200: 16125,488: [GC (CMS Initial Mark) [1 CMS-initial-mark: 240510K(393216K)] 240948K(502464K), 0,0010118 secs] [Times: user=0,00 sys=0,00, real=0,00 secs] 
2017-07-31T16:12:55.084+0200: 16125,489: Total time for which application threads were stopped: 0,0011767 seconds, Stopping threads took: 0,0000245 seconds
2017-07-31T16:12:55.085+0200: 16125,489: [CMS-concurrent-mark-start]
2017-07-31T16:12:55.115+0200: 16125,520: [CMS-concurrent-mark: 0,031/0,031 secs] [Times: user=0,12 sys=0,00, real=0,03 secs] 
2017-07-31T16:12:55.115+0200: 16125,520: [CMS-concurrent-preclean-start]
2017-07-31T16:12:55.117+0200: 16125,522: [CMS-concurrent-preclean: 0,002/0,002 secs] [Times: user=0,01 sys=0,00, real=0,00 secs] 
2017-07-31T16:12:55.117+0200: 16125,522: [GC (CMS Final Remark) [YG occupancy: 692 K (109248 K)]{Heap before GC invocations=343 (full 240):
 par new generation   total 109248K, used 692K [0x00000000e0000000, 0x00000000e8000000, 0x00000000e8000000)
  eden space 87424K,   0% used [0x00000000e0000000, 0x00000000e00ab9a0, 0x00000000e5560000)
  from space 21824K,   0% used [0x00000000e6ab0000, 0x00000000e6ab1830, 0x00000000e8000000)
  to   space 21824K,   0% used [0x00000000e5560000, 0x00000000e5560000, 0x00000000e6ab0000)
 concurrent mark-sweep generation total 393216K, used 240510K [0x00000000e8000000, 0x0000000100000000, 0x0000000100000000)
 Metaspace       used 32742K, capacity 33224K, committed 33732K, reserved 1079296K
  class space    used 3585K, capacity 3736K, committed 3836K, reserved 1048576K
2017-07-31T16:12:55.117+0200: 16125,522: [GC (CMS Final Remark) 2017-07-31T16:12:55.117+0200: 16125,522: [ParNew
Desired survivor size 20112992 bytes, new threshold 8 (max 8)
- age   1:         64 bytes,         64 total
- age   2:         64 bytes,        128 total
- age   3:         64 bytes,        192 total
- age   6:        152 bytes,        344 total
: 692K->6K(109248K), 0,0039786 secs] 241202K->240516K(502464K), 0,0040398 secs] [Times: user=0,00 sys=0,00, real=0,01 secs] 
Heap after GC invocations=344 (full 240):
 par new generation   total 109248K, used 6K [0x00000000e0000000, 0x00000000e8000000, 0x00000000e8000000)
  eden space 87424K,   0% used [0x00000000e0000000, 0x00000000e0000000, 0x00000000e5560000)
  from space 21824K,   0% used [0x00000000e5560000, 0x00000000e5561830, 0x00000000e6ab0000)
  to   space 21824K,   0% used [0x00000000e6ab0000, 0x00000000e6ab0000, 0x00000000e8000000)
 concurrent mark-sweep generation total 393216K, used 240510K [0x00000000e8000000, 0x0000000100000000, 0x0000000100000000)
 Metaspace       used 32742K, capacity 33224K, committed 33732K, reserved 1079296K
  class space    used 3585K, capacity 3736K, committed 3836K, reserved 1048576K
}
2017-07-31T16:12:55.122+0200: 16125,526: [Rescan (parallel) , 0,0006903 secs]2017-07-31T16:12:55.122+0200: 16125,527: [weak refs processing, 0,0004771 secs]2017-07-31T16:12:55.123+0200: 16125,527: [class unloading, 0,0081545 secs]2017-07-31T16:12:55.131+0200: 16125,535: [scrub symbol table, 0,0038155 secs]2017-07-31T16:12:55.135+0200: 16125,539: [scrub string table, 0,0007036 secs][1 CMS-remark: 240510K(393216K)] 240516K(502464K), 0,0181596 secs] [Times: user=0,02 sys=0,00, real=0,02 secs] 
2017-07-31T16:12:55.136+0200: 16125,540: Total time for which application threads were stopped: 0,0183073 seconds, Stopping threads took: 0,0000257 seconds
2017-07-31T16:12:55.136+0200: 16125,540: [CMS-concurrent-sweep-start]
2017-07-31T16:12:55.165+0200: 16125,569: [CMS-concurrent-sweep: 0,029/0,029 secs] [Times: user=0,03 sys=0,00, real=0,03 secs] 
2017-07-31T16:12:55.165+0200: 16125,569: [CMS-concurrent-reset-start]
2017-07-31T16:12:55.165+0200: 16125,570: [CMS-concurrent-reset: 0,001/0,001 secs] [Times: user=0,00 sys=0,00, real=0,00 secs] 
2017-07-31T16:12:57.165+0200: 16127,569: [GC (CMS Initial Mark) [1 CMS-initial-mark: 240510K(393216K)] 241286K(502464K), 0,0009719 secs] [Times: user=0,00 sys=0,00, real=0,00 secs] 
2017-07-31T16:12:57.166+0200: 16127,570: Total time for which application threads were stopped: 0,0011512 seconds, Stopping threads took: 0,0000428 seconds
2017-07-31T16:12:57.166+0200: 16127,570: [CMS-concurrent-mark-start]
2017-07-31T16:12:57.195+0200: 16127,599: [CMS-concurrent-mark: 0,029/0,029 secs] [Times: user=0,12 sys=0,00, real=0,03 secs] 
2017-07-31T16:12:57.195+0200: 16127,600: [CMS-concurrent-preclean-start]
2017-07-31T16:12:57.197+0200: 16127,601: [CMS-concurrent-preclean: 0,002/0,002 secs] [Times: user=0,00 sys=0,00, real=0,00 secs] 
2017-07-31T16:12:57.197+0200: 16127,601: [GC (CMS Final Remark) [YG occupancy: 776 K (109248 K)]{Heap before GC invocations=344 (full 241):
 par new generation   total 109248K, used 776K [0x00000000e0000000, 0x00000000e8000000, 0x00000000e8000000)
  eden space 87424K,   0% used [0x00000000e0000000, 0x00000000e00c0938, 0x00000000e5560000)
  from space 21824K,   0% used [0x00000000e5560000, 0x00000000e5561830, 0x00000000e6ab0000)
  to   space 21824K,   0% used [0x00000000e6ab0000, 0x00000000e6ab0000, 0x00000000e8000000)
 concurrent mark-sweep generation total 393216K, used 240510K [0x00000000e8000000, 0x0000000100000000, 0x0000000100000000)
 Metaspace       used 32742K, capacity 33224K, committed 33732K, reserved 1079296K
  class space    used 3585K, capacity 3736K, committed 3836K, reserved 1048576K
2017-07-31T16:12:57.197+0200: 16127,602: [GC (CMS Final Remark) 2017-07-31T16:12:57.197+0200: 16127,602: [ParNew
Desired survivor size 20112992 bytes, new threshold 8 (max 8)
- age   1:         64 bytes,         64 total
- age   2:         64 bytes,        128 total
- age   3:         64 bytes,        192 total
- age   7:        152 bytes,        344 total
: 776K->6K(109248K), 0,0038671 secs] 241286K->240516K(502464K), 0,0039158 secs] [Times: user=0,01 sys=0,00, real=0,01 secs] 
Heap after GC invocations=345 (full 241):
 par new generation   total 109248K, used 6K [0x00000000e0000000, 0x00000000e8000000, 0x00000000e8000000)
  eden space 87424K,   0% used [0x00000000e0000000, 0x00000000e0000000, 0x00000000e5560000)
  from space 21824K,   0% used [0x00000000e6ab0000, 0x00000000e6ab1830, 0x00000000e8000000)
  to   space 21824K,   0% used [0x00000000e5560000, 0x00000000e5560000, 0x00000000e6ab0000)
 concurrent mark-sweep generation total 393216K, used 240510K [0x00000000e8000000, 0x0000000100000000, 0x0000000100000000)
 Metaspace       used 32742K, capacity 33224K, committed 33732K, reserved 1079296K
  class space    used 3585K, capacity 3736K, committed 3836K, reserved 1048576K
}
2017-07-31T16:12:57.201+0200: 16127,605: [Rescan (parallel) , 0,0006847 secs]2017-07-31T16:12:57.202+0200: 16127,606: [weak refs processing, 0,0004873 secs]2017-07-31T16:12:57.202+0200: 16127,607: [class unloading, 0,0081165 secs]2017-07-31T16:12:57.210+0200: 16127,615: [scrub symbol table, 0,0038309 secs]2017-07-31T16:12:57.214+0200: 16127,619: [scrub string table, 0,0007062 secs][1 CMS-remark: 240510K(393216K)] 240516K(502464K), 0,0180149 secs] [Times: user=0,02 sys=0,00, real=0,02 secs] 
2017-07-31T16:12:57.215+0200: 16127,620: Total time for which application threads were stopped: 0,0181666 seconds, Stopping threads took: 0,0000324 seconds
2017-07-31T16:12:57.215+0200: 16127,620: [CMS-concurrent-sweep-start]
2017-07-31T16:12:57.245+0200: 16127,650: [CMS-concurrent-sweep: 0,030/0,030 secs] [Times: user=0,03 sys=0,00, real=0,03 secs] 
2017-07-31T16:12:57.246+0200: 16127,650: [CMS-concurrent-reset-start]
2017-07-31T16:12:57.246+0200: 16127,651: [CMS-concurrent-reset: 0,001/0,001 secs] [Times: user=0,00 sys=0,00, real=0,00 secs] 
2017-07-31T16:12:59.245+0200: 16129,650: [GC (CMS Initial Mark) [1 CMS-initial-mark: 240510K(393216K)] 242239K(502464K), 0,0009714 secs] [Times: user=0,01 sys=0,00, real=0,00 secs] 
2017-07-31T16:12:59.246+0200: 16129,651: Total time for which application threads were stopped: 0,0011332 seconds, Stopping threads took: 0,0000251 seconds
2017-07-31T16:12:59.247+0200: 16129,651: [CMS-concurrent-mark-start]
2017-07-31T16:12:59.280+0200: 16129,685: [CMS-concurrent-mark: 0,034/0,034 secs] [Times: user=0,13 sys=0,00, real=0,04 secs] 
2017-07-31T16:12:59.280+0200: 16129,685: [CMS-concurrent-preclean-start]
2017-07-31T16:12:59.282+0200: 16129,686: [CMS-concurrent-preclean: 0,002/0,002 secs] [Times: user=0,00 sys=0,00, real=0,00 secs] 
2017-07-31T16:12:59.282+0200: 16129,687: [GC (CMS Final Remark) [YG occupancy: 1729 K (109248 K)]{Heap before GC invocations=345 (full 242):
 par new generation   total 109248K, used 1729K [0x00000000e0000000, 0x00000000e8000000, 0x00000000e8000000)
  eden space 87424K,   1% used [0x00000000e0000000, 0x00000000e01aecd8, 0x00000000e5560000)
  from space 21824K,   0% used [0x00000000e6ab0000, 0x00000000e6ab1830, 0x00000000e8000000)
  to   space 21824K,   0% used [0x00000000e5560000, 0x00000000e5560000, 0x00000000e6ab0000)
 concurrent mark-sweep generation total 393216K, used 240510K [0x00000000e8000000, 0x0000000100000000, 0x0000000100000000)
 Metaspace       used 32742K, capacity 33224K, committed 33732K, reserved 1079296K
  class space    used 3585K, capacity 3736K, committed 3836K, reserved 1048576K
2017-07-31T16:12:59.282+0200: 16129,687: [GC (CMS Final Remark) 2017-07-31T16:12:59.282+0200: 16129,687: [ParNew
Desired survivor size 20112992 bytes, new threshold 8 (max 8)
- age   1:         64 bytes,         64 total
- age   2:         64 bytes,        128 total
- age   3:         64 bytes,        192 total
- age   8:        152 bytes,        344 total
: 1729K->6K(109248K), 0,0036645 secs] 242239K->240516K(502464K), 0,0037112 secs] [Times: user=0,01 sys=0,00, real=0,00 secs] 
Heap after GC invocations=346 (full 242):
 par new generation   total 109248K, used 6K [0x00000000e0000000, 0x00000000e8000000, 0x00000000e8000000)
  eden space 87424K,   0% used [0x00000000e0000000, 0x00000000e0000000, 0x00000000e5560000)
  from space 21824K,   0% used [0x00000000e5560000, 0x00000000e5561830, 0x00000000e6ab0000)
  to   space 21824K,   0% used [0x00000000e6ab0000, 0x00000000e6ab0000, 0x00000000e8000000)
 concurrent mark-sweep generation total 393216K, used 240510K [0x00000000e8000000, 0x0000000100000000, 0x0000000100000000)
 Metaspace       used 32742K, capacity 33224K, committed 33732K, reserved 1079296K
  class space    used 3585K, capacity 3736K, committed 3836K, reserved 1048576K
}
2017-07-31T16:12:59.286+0200: 16129,690: [Rescan (parallel) , 0,0006483 secs]2017-07-31T16:12:59.287+0200: 16129,691: [weak refs processing, 0,0004453 secs]2017-07-31T16:12:59.287+0200: 16129,692: [class unloading, 0,0078204 secs]2017-07-31T16:12:59.295+0200: 16129,699: [scrub symbol table, 0,0039696 secs]2017-07-31T16:12:59.299+0200: 16129,703: [scrub string table, 0,0006776 secs][1 CMS-remark: 240510K(393216K)] 240516K(502464K), 0,0176541 secs] [Times: user=0,02 sys=0,00, real=0,01 secs] 
2017-07-31T16:12:59.300+0200: 16129,704: Total time for which application threads were stopped: 0,0177986 seconds, Stopping threads took: 0,0000337 seconds
2017-07-31T16:12:59.300+0200: 16129,704: [CMS-concurrent-sweep-start]
2017-07-31T16:12:59.328+0200: 16129,733: [CMS-concurrent-sweep: 0,028/0,028 secs] [Times: user=0,03 sys=0,00, real=0,02 secs] 
2017-07-31T16:12:59.328+0200: 16129,733: [CMS-concurrent-reset-start]
2017-07-31T16:12:59.329+0200: 16129,733: [CMS-concurrent-reset: 0,001/0,001 secs] [Times: user=0,00 sys=0,00, real=0,00 secs] 
2017-07-31T16:13:01.328+0200: 16131,733: [GC (CMS Initial Mark) [1 CMS-initial-mark: 240510K(393216K)] 241097K(502464K), 0,0009211 secs] [Times: user=0,00 sys=0,00, real=0,00 secs] 
2017-07-31T16:13:01.329+0200: 16131,734: Total time for which application threads were stopped: 0,0010946 seconds, Stopping threads took: 0,0000286 seconds
2017-07-31T16:13:01.329+0200: 16131,734: [CMS-concurrent-mark-start]
2017-07-31T16:13:01.357+0200: 16131,761: [CMS-concurrent-mark: 0,028/0,028 secs] [Times: user=0,11 sys=0,00, real=0,03 secs] 
2017-07-31T16:13:01.357+0200: 16131,761: [CMS-concurrent-preclean-start]
2017-07-31T16:13:01.358+0200: 16131,763: [CMS-concurrent-preclean: 0,001/0,001 secs] [Times: user=0,00 sys=0,00, real=0,00 secs] 
2017-07-31T16:13:01.359+0200: 16131,763: [GC (CMS Final Remark) [YG occupancy: 587 K (109248 K)]{Heap before GC invocations=346 (full 243):
 par new generation   total 109248K, used 587K [0x00000000e0000000, 0x00000000e8000000, 0x00000000e8000000)
  eden space 87424K,   0% used [0x00000000e0000000, 0x00000000e00915e8, 0x00000000e5560000)
  from space 21824K,   0% used [0x00000000e5560000, 0x00000000e5561830, 0x00000000e6ab0000)
  to   space 21824K,   0% used [0x00000000e6ab0000, 0x00000000e6ab0000, 0x00000000e8000000)
 concurrent mark-sweep generation total 393216K, used 240510K [0x00000000e8000000, 0x0000000100000000, 0x0000000100000000)
 Metaspace       used 32742K, capacity 33224K, committed 33732K, reserved 1079296K
  class space    used 3585K, capacity 3736K, committed 3836K, reserved 1048576K
2017-07-31T16:13:01.359+0200: 16131,763: [GC (CMS Final Remark) 2017-07-31T16:13:01.359+0200: 16131,763: [ParNew
Desired survivor size 20112992 bytes, new threshold 8 (max 8)
- age   1:         64 bytes,         64 total
- age   2:         64 bytes,        128 total
- age   3:         64 bytes,        192 total
: 587K->6K(109248K), 0,0034588 secs] 241097K->240516K(502464K), 0,0035050 secs] [Times: user=0,01 sys=0,00, real=0,01 secs] 
Heap after GC invocations=347 (full 243):
 par new generation   total 109248K, used 6K [0x00000000e0000000, 0x00000000e8000000, 0x00000000e8000000)
  eden space 87424K,   0% used [0x00000000e0000000, 0x00000000e0000000, 0x00000000e5560000)
  from space 21824K,   0% used [0x00000000e6ab0000, 0x00000000e6ab1830, 0x00000000e8000000)
  to   space 21824K,   0% used [0x00000000e5560000, 0x00000000e5560000, 0x00000000e6ab0000)
 concurrent mark-sweep generation total 393216K, used 240510K [0x00000000e8000000, 0x0000000100000000, 0x0000000100000000)
 Metaspace       used 32742K, capacity 33224K, committed 33732K, reserved 1079296K
  class space    used 3585K, capacity 3736K, committed 3836K, reserved 1048576K
}
2017-07-31T16:13:01.362+0200: 16131,767: [Rescan (parallel) , 0,0006744 secs]2017-07-31T16:13:01.363+0200: 16131,767: [weak refs processing, 0,0004352 secs]2017-07-31T16:13:01.363+0200: 16131,768: [class unloading, 0,0078037 secs]2017-07-31T16:13:01.371+0200: 16131,776: [scrub symbol table, 0,0036873 secs]2017-07-31T16:13:01.375+0200: 16131,779: [scrub string table, 0,0006820 secs][1 CMS-remark: 240510K(393216K)] 240516K(502464K), 0,0170504 secs] [Times: user=0,02 sys=0,00, real=0,02 secs] 
2017-07-31T16:13:01.376+0200: 16131,780: Total time for which application threads were stopped: 0,0171869 seconds, Stopping threads took: 0,0000225 seconds
2017-07-31T16:13:01.376+0200: 16131,780: [CMS-concurrent-sweep-start]
2017-07-31T16:13:01.405+0200: 16131,810: [CMS-concurrent-sweep: 0,030/0,030 secs] [Times: user=0,03 sys=0,00, real=0,03 secs] 
2017-07-31T16:13:01.405+0200: 16131,810: [CMS-concurrent-reset-start]
2017-07-31T16:13:01.406+0200: 16131,811: [CMS-concurrent-reset: 0,001/0,001 secs] [Times: user=0,00 sys=0,00, real=0,00 secs] 
2017-07-31T16:13:03.405+0200: 16133,810: [GC (CMS Initial Mark) [1 CMS-initial-mark: 240510K(393216K)] 242250K(502464K), 0,0010242 secs] [Times: user=0,01 sys=0,00, real=0,00 secs] 
2017-07-31T16:13:03.406+0200: 16133,811: Total time for which application threads were stopped: 0,0011890 seconds, Stopping threads took: 0,0000328 seconds
2017-07-31T16:13:03.407+0200: 16133,811: [CMS-concurrent-mark-start]
2017-07-31T16:13:03.433+0200: 16133,838: [CMS-concurrent-mark: 0,027/0,027 secs] [Times: user=0,10 sys=0,00, real=0,03 secs] 
2017-07-31T16:13:03.433+0200: 16133,838: [CMS-concurrent-preclean-start]
2017-07-31T16:13:03.435+0200: 16133,839: [CMS-concurrent-preclean: 0,002/0,002 secs] [Times: user=0,01 sys=0,00, real=0,00 secs] 
2017-07-31T16:13:03.435+0200: 16133,840: [GC (CMS Final Remark) [YG occupancy: 1739 K (109248 K)]{Heap before GC invocations=347 (full 244):
 par new generation   total 109248K, used 1739K [0x00000000e0000000, 0x00000000e8000000, 0x00000000e8000000)
  eden space 87424K,   1% used [0x00000000e0000000, 0x00000000e01b1748, 0x00000000e5560000)
  from space 21824K,   0% used [0x00000000e6ab0000, 0x00000000e6ab1830, 0x00000000e8000000)
  to   space 21824K,   0% used [0x00000000e5560000, 0x00000000e5560000, 0x00000000e6ab0000)
 concurrent mark-sweep generation total 393216K, used 240510K [0x00000000e8000000, 0x0000000100000000, 0x0000000100000000)
 Metaspace       used 32742K, capacity 33224K, committed 33732K, reserved 1079296K
  class space    used 3585K, capacity 3736K, committed 3836K, reserved 1048576K
2017-07-31T16:13:03.435+0200: 16133,840: [GC (CMS Final Remark) 2017-07-31T16:13:03.435+0200: 16133,840: [ParNew
Desired survivor size 20112992 bytes, new threshold 8 (max 8)
- age   1:         64 bytes,         64 total
- age   2:         64 bytes,        128 total
- age   3:         64 bytes,        192 total
: 1739K->6K(109248K), 0,0034424 secs] 242250K->240516K(502464K), 0,0035055 secs] [Times: user=0,00 sys=0,00, real=0,00 secs] 
Heap after GC invocations=348 (full 244):
 par new generation   total 109248K, used 6K [0x00000000e0000000, 0x00000000e8000000, 0x00000000e8000000)
  eden space 87424K,   0% used [0x00000000e0000000, 0x00000000e0000000, 0x00000000e5560000)
  from space 21824K,   0% used [0x00000000e5560000, 0x00000000e5561830, 0x00000000e6ab0000)
  to   space 21824K,   0% used [0x00000000e6ab0000, 0x00000000e6ab0000, 0x00000000e8000000)
 concurrent mark-sweep generation total 393216K, used 240510K [0x00000000e8000000, 0x0000000100000000, 0x0000000100000000)
 Metaspace       used 32742K, capacity 33224K, committed 33732K, reserved 1079296K
  class space    used 3585K, capacity 3736K, committed 3836K, reserved 1048576K
}
2017-07-31T16:13:03.439+0200: 16133,843: [Rescan (parallel) , 0,0006481 secs]2017-07-31T16:13:03.439+0200: 16133,844: [weak refs processing, 0,0004468 secs]2017-07-31T16:13:03.440+0200: 16133,844: [class unloading, 0,0078155 secs]2017-07-31T16:13:03.448+0200: 16133,852: [scrub symbol table, 0,0036593 secs]2017-07-31T16:13:03.451+0200: 16133,856: [scrub string table, 0,0006438 secs][1 CMS-remark: 240510K(393216K)] 240516K(502464K), 0,0169617 secs] [Times: user=0,02 sys=0,00, real=0,02 secs] 
2017-07-31T16:13:03.452+0200: 16133,857: Total time for which application threads were stopped: 0,0171054 seconds, Stopping threads took: 0,0000319 seconds
2017-07-31T16:13:03.452+0200: 16133,857: [CMS-concurrent-sweep-start]
2017-07-31T16:13:03.481+0200: 16133,886: [CMS-concurrent-sweep: 0,029/0,029 secs] [Times: user=0,03 sys=0,00, real=0,03 secs] 
2017-07-31T16:13:03.481+0200: 16133,886: [CMS-concurrent-reset-start]
2017-07-31T16:13:03.482+0200: 16133,886: [CMS-concurrent-reset: 0,001/0,001 secs] [Times: user=0,00 sys=0,00, real=0,00 secs] 
2017-07-31T16:13:05.481+0200: 16135,886: [GC (CMS Initial Mark) [1 CMS-initial-mark: 240510K(393216K)] 241202K(502464K), 0,0008176 secs] [Times: user=0,00 sys=0,00, real=0,00 secs] 
2017-07-31T16:13:05.482+0200: 16135,886: Total time for which application threads were stopped: 0,0009783 seconds, Stopping threads took: 0,0000237 seconds
2017-07-31T16:13:05.482+0200: 16135,886: [CMS-concurrent-mark-start]
2017-07-31T16:13:05.504+0200: 16135,908: [CMS-concurrent-mark: 0,022/0,022 secs] [Times: user=0,09 sys=0,00, real=0,02 secs] 
2017-07-31T16:13:05.504+0200: 16135,908: [CMS-concurrent-preclean-start]
2017-07-31T16:13:05.505+0200: 16135,909: [CMS-concurrent-preclean: 0,001/0,001 secs] [Times: user=0,00 sys=0,00, real=0,00 secs] 
2017-07-31T16:13:05.505+0200: 16135,910: [GC (CMS Final Remark) [YG occupancy: 692 K (109248 K)]{Heap before GC invocations=348 (full 245):
 par new generation   total 109248K, used 692K [0x00000000e0000000, 0x00000000e8000000, 0x00000000e8000000)
  eden space 87424K,   0% used [0x00000000e0000000, 0x00000000e00ab9a0, 0x00000000e5560000)
  from space 21824K,   0% used [0x00000000e5560000, 0x00000000e5561830, 0x00000000e6ab0000)
  to   space 21824K,   0% used [0x00000000e6ab0000, 0x00000000e6ab0000, 0x00000000e8000000)
 concurrent mark-sweep generation total 393216K, used 240510K [0x00000000e8000000, 0x0000000100000000, 0x0000000100000000)
 Metaspace       used 32742K, capacity 33224K, committed 33732K, reserved 1079296K
  class space    used 3585K, capacity 3736K, committed 3836K, reserved 1048576K
2017-07-31T16:13:05.505+0200: 16135,910: [GC (CMS Final Remark) 2017-07-31T16:13:05.505+0200: 16135,910: [ParNew
Desired survivor size 20112992 bytes, new threshold 8 (max 8)
- age   1:         64 bytes,         64 total
- age   2:         64 bytes,        128 total
- age   3:         64 bytes,        192 total
: 692K->8K(109248K), 0,0027888 secs] 241202K->240518K(502464K), 0,0028431 secs] [Times: user=0,00 sys=0,00, real=0,00 secs] 
Heap after GC invocations=349 (full 245):
 par new generation   total 109248K, used 8K [0x00000000e0000000, 0x00000000e8000000, 0x00000000e8000000)
  eden space 87424K,   0% used [0x00000000e0000000, 0x00000000e0000000, 0x00000000e5560000)
  from space 21824K,   0% used [0x00000000e6ab0000, 0x00000000e6ab2040, 0x00000000e8000000)
  to   space 21824K,   0% used [0x00000000e5560000, 0x00000000e5560000, 0x00000000e6ab0000)
 concurrent mark-sweep generation total 393216K, used 240510K [0x00000000e8000000, 0x0000000100000000, 0x0000000100000000)
 Metaspace       used 32742K, capacity 33224K, committed 33732K, reserved 1079296K
  class space    used 3585K, capacity 3736K, committed 3836K, reserved 1048576K
}
2017-07-31T16:13:05.508+0200: 16135,913: [Rescan (parallel) , 0,0004456 secs]2017-07-31T16:13:05.509+0200: 16135,913: [weak refs processing, 0,0003463 secs]2017-07-31T16:13:05.509+0200: 16135,913: [class unloading, 0,0064907 secs]2017-07-31T16:13:05.515+0200: 16135,920: [scrub symbol table, 0,0032331 secs]2017-07-31T16:13:05.519+0200: 16135,923: [scrub string table, 0,0005512 secs][1 CMS-remark: 240510K(393216K)] 240518K(502464K), 0,0141420 secs] [Times: user=0,02 sys=0,00, real=0,01 secs] 
2017-07-31T16:13:05.519+0200: 16135,924: Total time for which application threads were stopped: 0,0142633 seconds, Stopping threads took: 0,0000285 seconds
2017-07-31T16:13:05.519+0200: 16135,924: [CMS-concurrent-sweep-start]
2017-07-31T16:13:05.545+0200: 16135,949: [CMS-concurrent-sweep: 0,025/0,025 secs] [Times: user=0,02 sys=0,00, real=0,03 secs] 
2017-07-31T16:13:05.545+0200: 16135,949: [CMS-concurrent-reset-start]
2017-07-31T16:13:05.546+0200: 16135,950: [CMS-concurrent-reset: 0,001/0,001 secs] [Times: user=0,00 sys=0,00, real=0,00 secs] 
2017-07-31T16:13:07.545+0200: 16137,949: [GC (CMS Initial Mark) [1 CMS-initial-mark: 240510K(393216K)] 241288K(502464K), 0,0007060 secs] [Times: user=0,01 sys=0,00, real=0,00 secs] 
2017-07-31T16:13:07.545+0200: 16137,950: Total time for which application threads were stopped: 0,0008445 seconds, Stopping threads took: 0,0000205 seconds
2017-07-31T16:13:07.546+0200: 16137,950: [CMS-concurrent-mark-start]
2017-07-31T16:13:07.565+0200: 16137,970: [CMS-concurrent-mark: 0,020/0,020 secs] [Times: user=0,07 sys=0,00, real=0,02 secs] 
2017-07-31T16:13:07.565+0200: 16137,970: [CMS-concurrent-preclean-start]
2017-07-31T16:13:07.567+0200: 16137,971: [CMS-concurrent-preclean: 0,002/0,002 secs] [Times: user=0,01 sys=0,00, real=0,00 secs] 
2017-07-31T16:13:07.567+0200: 16137,972: [GC (CMS Final Remark) [YG occupancy: 778 K (109248 K)]{Heap before GC invocations=349 (full 246):
 par new generation   total 109248K, used 778K [0x00000000e0000000, 0x00000000e8000000, 0x00000000e8000000)
  eden space 87424K,   0% used [0x00000000e0000000, 0x00000000e00c0938, 0x00000000e5560000)
  from space 21824K,   0% used [0x00000000e6ab0000, 0x00000000e6ab2040, 0x00000000e8000000)
  to   space 21824K,   0% used [0x00000000e5560000, 0x00000000e5560000, 0x00000000e6ab0000)
 concurrent mark-sweep generation total 393216K, used 240510K [0x00000000e8000000, 0x0000000100000000, 0x0000000100000000)
 Metaspace       used 32742K, capacity 33224K, committed 33732K, reserved 1079296K
  class space    used 3585K, capacity 3736K, committed 3836K, reserved 1048576K
2017-07-31T16:13:07.567+0200: 16137,972: [GC (CMS Final Remark) 2017-07-31T16:13:07.567+0200: 16137,972: [ParNew
Desired survivor size 20112992 bytes, new threshold 8 (max 8)
- age   1:         64 bytes,         64 total
- age   2:         64 bytes,        128 total
- age   3:         64 bytes,        192 total
: 778K->8K(109248K), 0,0039077 secs] 241288K->240518K(502464K), 0,0039584 secs] [Times: user=0,01 sys=0,00, real=0,00 secs] 
Heap after GC invocations=350 (full 246):
 par new generation   total 109248K, used 8K [0x00000000e0000000, 0x00000000e8000000, 0x00000000e8000000)
  eden space 87424K,   0% used [0x00000000e0000000, 0x00000000e0000000, 0x00000000e5560000)
  from space 21824K,   0% used [0x00000000e5560000, 0x00000000e5562040, 0x00000000e6ab0000)
  to   space 21824K,   0% used [0x00000000e6ab0000, 0x00000000e6ab0000, 0x00000000e8000000)
 concurrent mark-sweep generation total 393216K, used 240510K [0x00000000e8000000, 0x0000000100000000, 0x0000000100000000)
 Metaspace       used 32742K, capacity 33224K, committed 33732K, reserved 1079296K
  class space    used 3585K, capacity 3736K, committed 3836K, reserved 1048576K
}
2017-07-31T16:13:07.571+0200: 16137,976: [Rescan (parallel) , 0,0004993 secs]2017-07-31T16:13:07.572+0200: 16137,976: [weak refs processing, 0,0003713 secs]2017-07-31T16:13:07.572+0200: 16137,977: [class unloading, 0,0062644 secs]2017-07-31T16:13:07.579+0200: 16137,983: [scrub symbol table, 0,0030359 secs]2017-07-31T16:13:07.582+0200: 16137,986: [scrub string table, 0,0005522 secs][1 CMS-remark: 240510K(393216K)] 240518K(502464K), 0,0149796 secs] [Times: user=0,01 sys=0,01, real=0,02 secs] 
2017-07-31T16:13:07.582+0200: 16137,987: Total time for which application threads were stopped: 0,0151115 seconds, Stopping threads took: 0,0000241 seconds
2017-07-31T16:13:07.582+0200: 16137,987: [CMS-concurrent-sweep-start]
2017-07-31T16:13:07.607+0200: 16138,012: [CMS-concurrent-sweep: 0,025/0,025 secs] [Times: user=0,03 sys=0,00, real=0,02 secs] 
2017-07-31T16:13:07.607+0200: 16138,012: [CMS-concurrent-reset-start]
2017-07-31T16:13:07.608+0200: 16138,012: [CMS-concurrent-reset: 0,001/0,001 secs] [Times: user=0,00 sys=0,00, real=0,00 secs] 
2017-07-31T16:13:09.607+0200: 16140,012: [GC (CMS Initial Mark) [1 CMS-initial-mark: 240510K(393216K)] 242241K(502464K), 0,0008621 secs] [Times: user=0,00 sys=0,00, real=0,00 secs] 
2017-07-31T16:13:09.608+0200: 16140,012: Total time for which application threads were stopped: 0,0011131 seconds, Stopping threads took: 0,0000291 seconds
2017-07-31T16:13:09.608+0200: 16140,013: [CMS-concurrent-mark-start]
2017-07-31T16:13:09.636+0200: 16140,041: [CMS-concurrent-mark: 0,028/0,028 secs] [Times: user=0,11 sys=0,00, real=0,03 secs] 
2017-07-31T16:13:09.637+0200: 16140,041: [CMS-concurrent-preclean-start]
2017-07-31T16:13:09.638+0200: 16140,043: [CMS-concurrent-preclean: 0,002/0,002 secs] [Times: user=0,00 sys=0,00, real=0,00 secs] 
2017-07-31T16:13:09.638+0200: 16140,043: [GC (CMS Final Remark) [YG occupancy: 1731 K (109248 K)]{Heap before GC invocations=350 (full 247):
 par new generation   total 109248K, used 1731K [0x00000000e0000000, 0x00000000e8000000, 0x00000000e8000000)
  eden space 87424K,   1% used [0x00000000e0000000, 0x00000000e01aecd8, 0x00000000e5560000)
  from space 21824K,   0% used [0x00000000e5560000, 0x00000000e5562040, 0x00000000e6ab0000)
  to   space 21824K,   0% used [0x00000000e6ab0000, 0x00000000e6ab0000, 0x00000000e8000000)
 concurrent mark-sweep generation total 393216K, used 240510K [0x00000000e8000000, 0x0000000100000000, 0x0000000100000000)
 Metaspace       used 32742K, capacity 33224K, committed 33732K, reserved 1079296K
  class space    used 3585K, capacity 3736K, committed 3836K, reserved 1048576K
2017-07-31T16:13:09.638+0200: 16140,043: [GC (CMS Final Remark) 2017-07-31T16:13:09.639+0200: 16140,043: [ParNew
Desired survivor size 20112992 bytes, new threshold 8 (max 8)
- age   1:         64 bytes,         64 total
- age   2:         64 bytes,        128 total
- age   3:         64 bytes,        192 total
: 1731K->6K(109248K), 0,0037688 secs] 242241K->240516K(502464K), 0,0038146 secs] [Times: user=0,01 sys=0,01, real=0,01 secs] 
Heap after GC invocations=351 (full 247):
 par new generation   total 109248K, used 6K [0x00000000e0000000, 0x00000000e8000000, 0x00000000e8000000)
  eden space 87424K,   0% used [0x00000000e0000000, 0x00000000e0000000, 0x00000000e5560000)
  from space 21824K,   0% used [0x00000000e6ab0000, 0x00000000e6ab1830, 0x00000000e8000000)
  to   space 21824K,   0% used [0x00000000e5560000, 0x00000000e5560000, 0x00000000e6ab0000)
 concurrent mark-sweep generation total 393216K, used 240510K [0x00000000e8000000, 0x0000000100000000, 0x0000000100000000)
 Metaspace       used 32742K, capacity 33224K, committed 33732K, reserved 1079296K
  class space    used 3585K, capacity 3736K, committed 3836K, reserved 1048576K
}
2017-07-31T16:13:09.642+0200: 16140,047: [Rescan (parallel) , 0,0006170 secs]2017-07-31T16:13:09.643+0200: 16140,047: [weak refs processing, 0,0007268 secs]2017-07-31T16:13:09.644+0200: 16140,048: [class unloading, 0,0077274 secs]2017-07-31T16:13:09.651+0200: 16140,056: [scrub symbol table, 0,0036304 secs]2017-07-31T16:13:09.655+0200: 16140,060: [scrub string table, 0,0006571 secs][1 CMS-remark: 240510K(393216K)] 240516K(502464K), 0,0174607 secs] [Times: user=0,02 sys=0,01, real=0,02 secs] 
2017-07-31T16:13:09.656+0200: 16140,060: Total time for which application threads were stopped: 0,0176359 seconds, Stopping threads took: 0,0000312 seconds
2017-07-31T16:13:09.656+0200: 16140,061: [CMS-concurrent-sweep-start]
2017-07-31T16:13:09.684+0200: 16140,089: [CMS-concurrent-sweep: 0,028/0,028 secs] [Times: user=0,03 sys=0,00, real=0,03 secs] 
2017-07-31T16:13:09.684+0200: 16140,089: [CMS-concurrent-reset-start]
2017-07-31T16:13:09.685+0200: 16140,089: [CMS-concurrent-reset: 0,001/0,001 secs] [Times: user=0,00 sys=0,00, real=0,00 secs] 
2017-07-31T16:13:11.684+0200: 16142,089: [GC (CMS Initial Mark) [1 CMS-initial-mark: 240510K(393216K)] 241540K(502464K), 0,0009764 secs] [Times: user=0,00 sys=0,00, real=0,00 secs] 
2017-07-31T16:13:11.685+0200: 16142,090: Total time for which application threads were stopped: 0,0011608 seconds, Stopping threads took: 0,0000552 seconds
2017-07-31T16:13:11.685+0200: 16142,090: [CMS-concurrent-mark-start]
2017-07-31T16:13:11.708+0200: 16142,113: [CMS-concurrent-mark: 0,023/0,023 secs] [Times: user=0,09 sys=0,00, real=0,02 secs] 
2017-07-31T16:13:11.708+0200: 16142,113: [CMS-concurrent-preclean-start]
2017-07-31T16:13:11.710+0200: 16142,114: [CMS-concurrent-preclean: 0,001/0,001 secs] [Times: user=0,00 sys=0,00, real=0,00 secs] 
2017-07-31T16:13:11.710+0200: 16142,114: [GC (CMS Final Remark) [YG occupancy: 1030 K (109248 K)]{Heap before GC invocations=351 (full 248):
 par new generation   total 109248K, used 1030K [0x00000000e0000000, 0x00000000e8000000, 0x00000000e8000000)
  eden space 87424K,   1% used [0x00000000e0000000, 0x00000000e0100198, 0x00000000e5560000)
  from space 21824K,   0% used [0x00000000e6ab0000, 0x00000000e6ab1830, 0x00000000e8000000)
  to   space 21824K,   0% used [0x00000000e5560000, 0x00000000e5560000, 0x00000000e6ab0000)
 concurrent mark-sweep generation total 393216K, used 240510K [0x00000000e8000000, 0x0000000100000000, 0x0000000100000000)
 Metaspace       used 32742K, capacity 33224K, committed 33732K, reserved 1079296K
  class space    used 3585K, capacity 3736K, committed 3836K, reserved 1048576K
2017-07-31T16:13:11.710+0200: 16142,114: [GC (CMS Final Remark) 2017-07-31T16:13:11.710+0200: 16142,114: [ParNew
Desired survivor size 20112992 bytes, new threshold 8 (max 8)
- age   1:         96 bytes,         96 total
- age   2:         64 bytes,        160 total
- age   3:         32 bytes,        192 total
: 1030K->4K(109248K), 0,0035100 secs] 241540K->240514K(502464K), 0,0035518 secs] [Times: user=0,01 sys=0,00, real=0,01 secs] 
Heap after GC invocations=352 (full 248):
 par new generation   total 109248K, used 4K [0x00000000e0000000, 0x00000000e8000000, 0x00000000e8000000)
  eden space 87424K,   0% used [0x00000000e0000000, 0x00000000e0000000, 0x00000000e5560000)
  from space 21824K,   0% used [0x00000000e5560000, 0x00000000e5561020, 0x00000000e6ab0000)
  to   space 21824K,   0% used [0x00000000e6ab0000, 0x00000000e6ab0000, 0x00000000e8000000)
 concurrent mark-sweep generation total 393216K, used 240510K [0x00000000e8000000, 0x0000000100000000, 0x0000000100000000)
 Metaspace       used 32742K, capacity 33224K, committed 33732K, reserved 1079296K
  class space    used 3585K, capacity 3736K, committed 3836K, reserved 1048576K
}
2017-07-31T16:13:11.713+0200: 16142,118: [Rescan (parallel) , 0,0005161 secs]2017-07-31T16:13:11.714+0200: 16142,118: [weak refs processing, 0,0003667 secs]2017-07-31T16:13:11.714+0200: 16142,119: [class unloading, 0,0068152 secs]2017-07-31T16:13:11.721+0200: 16142,126: [scrub symbol table, 0,0032587 secs]2017-07-31T16:13:11.724+0200: 16142,129: [scrub string table, 0,0005928 secs][1 CMS-remark: 240510K(393216K)] 240514K(502464K), 0,0153357 secs] [Times: user=0,02 sys=0,00, real=0,02 secs] 
2017-07-31T16:13:11.725+0200: 16142,130: Total time for which application threads were stopped: 0,0154572 seconds, Stopping threads took: 0,0000200 seconds
2017-07-31T16:13:11.725+0200: 16142,130: [CMS-concurrent-sweep-start]
2017-07-31T16:13:11.752+0200: 16142,156: [CMS-concurrent-sweep: 0,026/0,026 secs] [Times: user=0,03 sys=0,00, real=0,02 secs] 
2017-07-31T16:13:11.752+0200: 16142,156: [CMS-concurrent-reset-start]
2017-07-31T16:13:11.752+0200: 16142,157: [CMS-concurrent-reset: 0,001/0,001 secs] [Times: user=0,00 sys=0,00, real=0,01 secs] 
2017-07-31T16:13:13.752+0200: 16144,156: [GC (CMS Initial Mark) [1 CMS-initial-mark: 240510K(393216K)] 242289K(502464K), 0,0010379 secs] [Times: user=0,00 sys=0,00, real=0,01 secs] 
2017-07-31T16:13:13.753+0200: 16144,157: Total time for which application threads were stopped: 0,0011969 seconds, Stopping threads took: 0,0000246 seconds
2017-07-31T16:13:13.753+0200: 16144,157: [CMS-concurrent-mark-start]
2017-07-31T16:13:13.784+0200: 16144,189: [CMS-concurrent-mark: 0,031/0,031 secs] [Times: user=0,13 sys=0,00, real=0,03 secs] 
2017-07-31T16:13:13.784+0200: 16144,189: [CMS-concurrent-preclean-start]
2017-07-31T16:13:13.786+0200: 16144,190: [CMS-concurrent-preclean: 0,002/0,002 secs] [Times: user=0,00 sys=0,00, real=0,00 secs] 
2017-07-31T16:13:13.786+0200: 16144,190: [GC (CMS Final Remark) [YG occupancy: 1779 K (109248 K)]{Heap before GC invocations=352 (full 249):
 par new generation   total 109248K, used 1779K [0x00000000e0000000, 0x00000000e8000000, 0x00000000e8000000)
  eden space 87424K,   2% used [0x00000000e0000000, 0x00000000e01bbce8, 0x00000000e5560000)
  from space 21824K,   0% used [0x00000000e5560000, 0x00000000e5561020, 0x00000000e6ab0000)
  to   space 21824K,   0% used [0x00000000e6ab0000, 0x00000000e6ab0000, 0x00000000e8000000)
 concurrent mark-sweep generation total 393216K, used 240510K [0x00000000e8000000, 0x0000000100000000, 0x0000000100000000)
 Metaspace       used 32742K, capacity 33224K, committed 33732K, reserved 1079296K
  class space    used 3585K, capacity 3736K, committed 3836K, reserved 1048576K
2017-07-31T16:13:13.786+0200: 16144,191: [GC (CMS Final Remark) 2017-07-31T16:13:13.786+0200: 16144,191: [ParNew
Desired survivor size 20112992 bytes, new threshold 8 (max 8)
- age   1:        216 bytes,        216 total
- age   2:         96 bytes,        312 total
- age   3:         32 bytes,        344 total
: 1779K->6K(109248K), 0,0046753 secs] 242289K->240516K(502464K), 0,0047260 secs] [Times: user=0,01 sys=0,00, real=0,00 secs] 
Heap after GC invocations=353 (full 249):
 par new generation   total 109248K, used 6K [0x00000000e0000000, 0x00000000e8000000, 0x00000000e8000000)
  eden space 87424K,   0% used [0x00000000e0000000, 0x00000000e0000000, 0x00000000e5560000)
  from space 21824K,   0% used [0x00000000e6ab0000, 0x00000000e6ab1830, 0x00000000e8000000)
  to   space 21824K,   0% used [0x00000000e5560000, 0x00000000e5560000, 0x00000000e6ab0000)
 concurrent mark-sweep generation total 393216K, used 240510K [0x00000000e8000000, 0x0000000100000000, 0x0000000100000000)
 Metaspace       used 32742K, capacity 33224K, committed 33732K, reserved 1079296K
  class space    used 3585K, capacity 3736K, committed 3836K, reserved 1048576K
}
2017-07-31T16:13:13.791+0200: 16144,195: [Rescan (parallel) , 0,0005853 secs]2017-07-31T16:13:13.791+0200: 16144,196: [weak refs processing, 0,0005589 secs]2017-07-31T16:13:13.792+0200: 16144,196: [class unloading, 0,0081444 secs]2017-07-31T16:13:13.800+0200: 16144,205: [scrub symbol table, 0,0038837 secs]2017-07-31T16:13:13.804+0200: 16144,209: [scrub string table, 0,0007070 secs][1 CMS-remark: 240510K(393216K)] 240516K(502464K), 0,0188816 secs] [Times: user=0,02 sys=0,00, real=0,02 secs] 
2017-07-31T16:13:13.805+0200: 16144,209: Total time for which application threads were stopped: 0,0190247 seconds, Stopping threads took: 0,0000234 seconds
2017-07-31T16:13:13.805+0200: 16144,209: [CMS-concurrent-sweep-start]
2017-07-31T16:13:13.836+0200: 16144,241: [CMS-concurrent-sweep: 0,031/0,031 secs] [Times: user=0,03 sys=0,00, real=0,03 secs] 
2017-07-31T16:13:13.836+0200: 16144,241: [CMS-concurrent-reset-start]
2017-07-31T16:13:13.837+0200: 16144,241: [CMS-concurrent-reset: 0,001/0,001 secs] [Times: user=0,00 sys=0,00, real=0,00 secs] 
2017-07-31T16:13:15.836+0200: 16146,241: [GC (CMS Initial Mark) [1 CMS-initial-mark: 240510K(393216K)] 241097K(502464K), 0,0008902 secs] [Times: user=0,01 sys=0,00, real=0,00 secs] 
2017-07-31T16:13:15.837+0200: 16146,242: Total time for which application threads were stopped: 0,0010475 seconds, Stopping threads took: 0,0000239 seconds
2017-07-31T16:13:15.837+0200: 16146,242: [CMS-concurrent-mark-start]
2017-07-31T16:13:15.863+0200: 16146,267: [CMS-concurrent-mark: 0,026/0,026 secs] [Times: user=0,10 sys=0,00, real=0,03 secs] 
2017-07-31T16:13:15.863+0200: 16146,267: [CMS-concurrent-preclean-start]
2017-07-31T16:13:15.864+0200: 16146,269: [CMS-concurrent-preclean: 0,001/0,001 secs] [Times: user=0,00 sys=0,00, real=0,00 secs] 
2017-07-31T16:13:15.865+0200: 16146,269: [GC (CMS Final Remark) [YG occupancy: 587 K (109248 K)]{Heap before GC invocations=353 (full 250):
 par new generation   total 109248K, used 587K [0x00000000e0000000, 0x00000000e8000000, 0x00000000e8000000)
  eden space 87424K,   0% used [0x00000000e0000000, 0x00000000e00915e8, 0x00000000e5560000)
  from space 21824K,   0% used [0x00000000e6ab0000, 0x00000000e6ab1830, 0x00000000e8000000)
  to   space 21824K,   0% used [0x00000000e5560000, 0x00000000e5560000, 0x00000000e6ab0000)
 concurrent mark-sweep generation total 393216K, used 240510K [0x00000000e8000000, 0x0000000100000000, 0x0000000100000000)
 Metaspace       used 32742K, capacity 33224K, committed 33732K, reserved 1079296K
  class space    used 3585K, capacity 3736K, committed 3836K, reserved 1048576K
2017-07-31T16:13:15.865+0200: 16146,269: [GC (CMS Final Remark) 2017-07-31T16:13:15.865+0200: 16146,269: [ParNew
Desired survivor size 20112992 bytes, new threshold 8 (max 8)
- age   1:         64 bytes,         64 total
- age   2:        216 bytes,        280 total
- age   3:         64 bytes,        344 total
: 587K->6K(109248K), 0,0027573 secs] 241097K->240516K(502464K), 0,0028034 secs] [Times: user=0,01 sys=0,00, real=0,00 secs] 
Heap after GC invocations=354 (full 250):
 par new generation   total 109248K, used 6K [0x00000000e0000000, 0x00000000e8000000, 0x00000000e8000000)
  eden space 87424K,   0% used [0x00000000e0000000, 0x00000000e0000000, 0x00000000e5560000)
  from space 21824K,   0% used [0x00000000e5560000, 0x00000000e5561830, 0x00000000e6ab0000)
  to   space 21824K,   0% used [0x00000000e6ab0000, 0x00000000e6ab0000, 0x00000000e8000000)
 concurrent mark-sweep generation total 393216K, used 240510K [0x00000000e8000000, 0x0000000100000000, 0x0000000100000000)
 Metaspace       used 32742K, capacity 33224K, committed 33732K, reserved 1079296K
  class space    used 3585K, capacity 3736K, committed 3836K, reserved 1048576K
}
2017-07-31T16:13:15.867+0200: 16146,272: [Rescan (parallel) , 0,0006007 secs]2017-07-31T16:13:15.868+0200: 16146,273: [weak refs processing, 0,0004849 secs]2017-07-31T16:13:15.869+0200: 16146,273: [class unloading, 0,0078875 secs]2017-07-31T16:13:15.876+0200: 16146,281: [scrub symbol table, 0,0037144 secs]2017-07-31T16:13:15.880+0200: 16146,285: [scrub string table, 0,0006384 secs][1 CMS-remark: 240510K(393216K)] 240516K(502464K), 0,0165362 secs] [Times: user=0,02 sys=0,00, real=0,02 secs] 
2017-07-31T16:13:15.881+0200: 16146,286: Total time for which application threads were stopped: 0,0166676 seconds, Stopping threads took: 0,0000226 seconds
2017-07-31T16:13:15.881+0200: 16146,286: [CMS-concurrent-sweep-start]
2017-07-31T16:13:15.912+0200: 16146,316: [CMS-concurrent-sweep: 0,031/0,031 secs] [Times: user=0,03 sys=0,00, real=0,03 secs] 
2017-07-31T16:13:15.912+0200: 16146,317: [CMS-concurrent-reset-start]
2017-07-31T16:13:15.913+0200: 16146,317: [CMS-concurrent-reset: 0,001/0,001 secs] [Times: user=0,00 sys=0,00, real=0,00 secs] 
2017-07-31T16:13:17.912+0200: 16148,316: [GC (CMS Initial Mark) [1 CMS-initial-mark: 240510K(393216K)] 242250K(502464K), 0,0010130 secs] [Times: user=0,00 sys=0,00, real=0,00 secs] 
2017-07-31T16:13:17.913+0200: 16148,318: Total time for which application threads were stopped: 0,0011905 seconds, Stopping threads took: 0,0000301 seconds
2017-07-31T16:13:17.913+0200: 16148,318: [CMS-concurrent-mark-start]
2017-07-31T16:13:17.940+0200: 16148,344: [CMS-concurrent-mark: 0,027/0,027 secs] [Times: user=0,11 sys=0,00, real=0,02 secs] 
2017-07-31T16:13:17.940+0200: 16148,344: [CMS-concurrent-preclean-start]
2017-07-31T16:13:17.941+0200: 16148,346: [CMS-concurrent-preclean: 0,002/0,002 secs] [Times: user=0,00 sys=0,00, real=0,01 secs] 
2017-07-31T16:13:17.942+0200: 16148,346: [GC (CMS Final Remark) [YG occupancy: 1739 K (109248 K)]{Heap before GC invocations=354 (full 251):
 par new generation   total 109248K, used 1739K [0x00000000e0000000, 0x00000000e8000000, 0x00000000e8000000)
  eden space 87424K,   1% used [0x00000000e0000000, 0x00000000e01b1748, 0x00000000e5560000)
  from space 21824K,   0% used [0x00000000e5560000, 0x00000000e5561830, 0x00000000e6ab0000)
  to   space 21824K,   0% used [0x00000000e6ab0000, 0x00000000e6ab0000, 0x00000000e8000000)
 concurrent mark-sweep generation total 393216K, used 240510K [0x00000000e8000000, 0x0000000100000000, 0x0000000100000000)
 Metaspace       used 32742K, capacity 33224K, committed 33732K, reserved 1079296K
  class space    used 3585K, capacity 3736K, committed 3836K, reserved 1048576K
2017-07-31T16:13:17.942+0200: 16148,346: [GC (CMS Final Remark) 2017-07-31T16:13:17.942+0200: 16148,346: [ParNew
Desired survivor size 20112992 bytes, new threshold 8 (max 8)
- age   1:         64 bytes,         64 total
- age   2:         64 bytes,        128 total
- age   3:        216 bytes,        344 total
: 1739K->6K(109248K), 0,0040105 secs] 242250K->240516K(502464K), 0,0040579 secs] [Times: user=0,01 sys=0,01, real=0,00 secs] 
Heap after GC invocations=355 (full 251):
 par new generation   total 109248K, used 6K [0x00000000e0000000, 0x00000000e8000000, 0x00000000e8000000)
  eden space 87424K,   0% used [0x00000000e0000000, 0x00000000e0000000, 0x00000000e5560000)
  from space 21824K,   0% used [0x00000000e6ab0000, 0x00000000e6ab1830, 0x00000000e8000000)
  to   space 21824K,   0% used [0x00000000e5560000, 0x00000000e5560000, 0x00000000e6ab0000)
 concurrent mark-sweep generation total 393216K, used 240510K [0x00000000e8000000, 0x0000000100000000, 0x0000000100000000)
 Metaspace       used 32742K, capacity 33224K, committed 33732K, reserved 1079296K
  class space    used 3585K, capacity 3736K, committed 3836K, reserved 1048576K
}
2017-07-31T16:13:17.946+0200: 16148,350: [Rescan (parallel) , 0,0005655 secs]2017-07-31T16:13:17.946+0200: 16148,351: [weak refs processing, 0,0005195 secs]2017-07-31T16:13:17.947+0200: 16148,351: [class unloading, 0,0080184 secs]2017-07-31T16:13:17.955+0200: 16148,359: [scrub symbol table, 0,0037868 secs]2017-07-31T16:13:17.959+0200: 16148,363: [scrub string table, 0,0006516 secs][1 CMS-remark: 240510K(393216K)] 240516K(502464K), 0,0178966 secs] [Times: user=0,02 sys=0,01, real=0,01 secs] 
2017-07-31T16:13:17.959+0200: 16148,364: Total time for which application threads were stopped: 0,0180255 seconds, Stopping threads took: 0,0000220 seconds
2017-07-31T16:13:17.960+0200: 16148,364: [CMS-concurrent-sweep-start]
2017-07-31T16:13:17.989+0200: 16148,394: [CMS-concurrent-sweep: 0,030/0,030 secs] [Times: user=0,03 sys=0,00, real=0,03 secs] 
2017-07-31T16:13:17.989+0200: 16148,394: [CMS-concurrent-reset-start]
2017-07-31T16:13:17.990+0200: 16148,395: [CMS-concurrent-reset: 0,001/0,001 secs] [Times: user=0,00 sys=0,00, real=0,00 secs] 
2017-07-31T16:13:19.989+0200: 16150,394: [GC (CMS Initial Mark) [1 CMS-initial-mark: 240510K(393216K)] 240948K(502464K), 0,0010021 secs] [Times: user=0,00 sys=0,00, real=0,00 secs] 
2017-07-31T16:13:19.990+0200: 16150,395: Total time for which application threads were stopped: 0,0011558 seconds, Stopping threads took: 0,0000245 seconds
2017-07-31T16:13:19.990+0200: 16150,395: [CMS-concurrent-mark-start]
2017-07-31T16:13:20.017+0200: 16150,421: [CMS-concurrent-mark: 0,026/0,026 secs] [Times: user=0,11 sys=0,00, real=0,03 secs] 
2017-07-31T16:13:20.017+0200: 16150,421: [CMS-concurrent-preclean-start]
2017-07-31T16:13:20.018+0200: 16150,423: [CMS-concurrent-preclean: 0,001/0,001 secs] [Times: user=0,00 sys=0,00, real=0,00 secs] 
2017-07-31T16:13:20.019+0200: 16150,423: [GC (CMS Final Remark) [YG occupancy: 438 K (109248 K)]{Heap before GC invocations=355 (full 252):
 par new generation   total 109248K, used 438K [0x00000000e0000000, 0x00000000e8000000, 0x00000000e8000000)
  eden space 87424K,   0% used [0x00000000e0000000, 0x00000000e006c140, 0x00000000e5560000)
  from space 21824K,   0% used [0x00000000e6ab0000, 0x00000000e6ab1830, 0x00000000e8000000)
  to   space 21824K,   0% used [0x00000000e5560000, 0x00000000e5560000, 0x00000000e6ab0000)
 concurrent mark-sweep generation total 393216K, used 240510K [0x00000000e8000000, 0x0000000100000000, 0x0000000100000000)
 Metaspace       used 32742K, capacity 33224K, committed 33732K, reserved 1079296K
  class space    used 3585K, capacity 3736K, committed 3836K, reserved 1048576K
2017-07-31T16:13:20.019+0200: 16150,423: [GC (CMS Final Remark) 2017-07-31T16:13:20.019+0200: 16150,423: [ParNew
Desired survivor size 20112992 bytes, new threshold 8 (max 8)
- age   1:         32 bytes,         32 total
- age   2:         64 bytes,         96 total
- age   3:         64 bytes,        160 total
- age   4:        184 bytes,        344 total
: 438K->6K(109248K), 0,0027511 secs] 240948K->240516K(502464K), 0,0028005 secs] [Times: user=0,01 sys=0,00, real=0,01 secs] 
Heap after GC invocations=356 (full 252):
 par new generation   total 109248K, used 6K [0x00000000e0000000, 0x00000000e8000000, 0x00000000e8000000)
  eden space 87424K,   0% used [0x00000000e0000000, 0x00000000e0000000, 0x00000000e5560000)
  from space 21824K,   0% used [0x00000000e5560000, 0x00000000e5561830, 0x00000000e6ab0000)
  to   space 21824K,   0% used [0x00000000e6ab0000, 0x00000000e6ab0000, 0x00000000e8000000)
 concurrent mark-sweep generation total 393216K, used 240510K [0x00000000e8000000, 0x0000000100000000, 0x0000000100000000)
 Metaspace       used 32742K, capacity 33224K, committed 33732K, reserved 1079296K
  class space    used 3585K, capacity 3736K, committed 3836K, reserved 1048576K
}
2017-07-31T16:13:20.022+0200: 16150,426: [Rescan (parallel) , 0,0006480 secs]2017-07-31T16:13:20.022+0200: 16150,427: [weak refs processing, 0,0007322 secs]2017-07-31T16:13:20.023+0200: 16150,427: [class unloading, 0,0079749 secs]2017-07-31T16:13:20.031+0200: 16150,435: [scrub symbol table, 0,0038523 secs]2017-07-31T16:13:20.035+0200: 16150,439: [scrub string table, 0,0006951 secs][1 CMS-remark: 240510K(393216K)] 240516K(502464K), 0,0171774 secs] [Times: user=0,03 sys=0,00, real=0,02 secs] 
2017-07-31T16:13:20.036+0200: 16150,440: Total time for which application threads were stopped: 0,0173089 seconds, Stopping threads took: 0,0000222 seconds
2017-07-31T16:13:20.036+0200: 16150,441: [CMS-concurrent-sweep-start]
2017-07-31T16:13:20.067+0200: 16150,472: [CMS-concurrent-sweep: 0,031/0,031 secs] [Times: user=0,03 sys=0,00, real=0,03 secs] 
2017-07-31T16:13:20.067+0200: 16150,472: [CMS-concurrent-reset-start]
2017-07-31T16:13:20.068+0200: 16150,472: [CMS-concurrent-reset: 0,001/0,001 secs] [Times: user=0,00 sys=0,00, real=0,00 secs] 
2017-07-31T16:13:22.067+0200: 16152,472: [GC (CMS Initial Mark) [1 CMS-initial-mark: 240510K(393216K)] 241540K(502464K), 0,0010091 secs] [Times: user=0,00 sys=0,00, real=0,00 secs] 
2017-07-31T16:13:22.068+0200: 16152,473: Total time for which application threads were stopped: 0,0011706 seconds, Stopping threads took: 0,0000254 seconds
2017-07-31T16:13:22.068+0200: 16152,473: [CMS-concurrent-mark-start]
2017-07-31T16:13:22.101+0200: 16152,505: [CMS-concurrent-mark: 0,032/0,032 secs] [Times: user=0,13 sys=0,00, real=0,04 secs] 
2017-07-31T16:13:22.101+0200: 16152,505: [CMS-concurrent-preclean-start]
2017-07-31T16:13:22.102+0200: 16152,507: [CMS-concurrent-preclean: 0,001/0,001 secs] [Times: user=0,00 sys=0,00, real=0,00 secs] 
2017-07-31T16:13:22.102+0200: 16152,507: [GC (CMS Final Remark) [YG occupancy: 1030 K (109248 K)]{Heap before GC invocations=356 (full 253):
 par new generation   total 109248K, used 1030K [0x00000000e0000000, 0x00000000e8000000, 0x00000000e8000000)
  eden space 87424K,   1% used [0x00000000e0000000, 0x00000000e0100198, 0x00000000e5560000)
  from space 21824K,   0% used [0x00000000e5560000, 0x00000000e5561830, 0x00000000e6ab0000)
  to   space 21824K,   0% used [0x00000000e6ab0000, 0x00000000e6ab0000, 0x00000000e8000000)
 concurrent mark-sweep generation total 393216K, used 240510K [0x00000000e8000000, 0x0000000100000000, 0x0000000100000000)
 Metaspace       used 32742K, capacity 33224K, committed 33732K, reserved 1079296K
  class space    used 3585K, capacity 3736K, committed 3836K, reserved 1048576K
2017-07-31T16:13:22.103+0200: 16152,507: [GC (CMS Final Remark) 2017-07-31T16:13:22.103+0200: 16152,507: [ParNew
Desired survivor size 20112992 bytes, new threshold 8 (max 8)
- age   1:         96 bytes,         96 total
- age   2:         32 bytes,        128 total
- age   3:         64 bytes,        192 total
- age   5:        152 bytes,        344 total
: 1030K->6K(109248K), 0,0035166 secs] 241540K->240516K(502464K), 0,0035627 secs] [Times: user=0,00 sys=0,01, real=0,00 secs] 
Heap after GC invocations=357 (full 253):
 par new generation   total 109248K, used 6K [0x00000000e0000000, 0x00000000e8000000, 0x00000000e8000000)
  eden space 87424K,   0% used [0x00000000e0000000, 0x00000000e0000000, 0x00000000e5560000)
  from space 21824K,   0% used [0x00000000e6ab0000, 0x00000000e6ab1830, 0x00000000e8000000)
  to   space 21824K,   0% used [0x00000000e5560000, 0x00000000e5560000, 0x00000000e6ab0000)
 concurrent mark-sweep generation total 393216K, used 240510K [0x00000000e8000000, 0x0000000100000000, 0x0000000100000000)
 Metaspace       used 32742K, capacity 33224K, committed 33732K, reserved 1079296K
  class space    used 3585K, capacity 3736K, committed 3836K, reserved 1048576K
}
2017-07-31T16:13:22.106+0200: 16152,511: [Rescan (parallel) , 0,0005368 secs]2017-07-31T16:13:22.107+0200: 16152,511: [weak refs processing, 0,0004469 secs]2017-07-31T16:13:22.107+0200: 16152,512: [class unloading, 0,0074088 secs]2017-07-31T16:13:22.115+0200: 16152,519: [scrub symbol table, 0,0035869 secs]2017-07-31T16:13:22.118+0200: 16152,523: [scrub string table, 0,0006568 secs][1 CMS-remark: 240510K(393216K)] 240516K(502464K), 0,0164708 secs] [Times: user=0,02 sys=0,01, real=0,01 secs] 
2017-07-31T16:13:22.119+0200: 16152,523: Total time for which application threads were stopped: 0,0166144 seconds, Stopping threads took: 0,0000306 seconds
2017-07-31T16:13:22.119+0200: 16152,524: [CMS-concurrent-sweep-start]
2017-07-31T16:13:22.148+0200: 16152,552: [CMS-concurrent-sweep: 0,028/0,028 secs] [Times: user=0,02 sys=0,00, real=0,03 secs] 
2017-07-31T16:13:22.148+0200: 16152,552: [CMS-concurrent-reset-start]
2017-07-31T16:13:22.148+0200: 16152,553: [CMS-concurrent-reset: 0,001/0,001 secs] [Times: user=0,01 sys=0,00, real=0,00 secs] 
2017-07-31T16:13:24.147+0200: 16154,552: [GC (CMS Initial Mark) [1 CMS-initial-mark: 240510K(393216K)] 242239K(502464K), 0,0011086 secs] [Times: user=0,00 sys=0,00, real=0,00 secs] 
2017-07-31T16:13:24.149+0200: 16154,553: Total time for which application threads were stopped: 0,0012658 seconds, Stopping threads took: 0,0000231 seconds
2017-07-31T16:13:24.149+0200: 16154,553: [CMS-concurrent-mark-start]
2017-07-31T16:13:24.175+0200: 16154,579: [CMS-concurrent-mark: 0,026/0,026 secs] [Times: user=0,10 sys=0,00, real=0,03 secs] 
2017-07-31T16:13:24.175+0200: 16154,579: [CMS-concurrent-preclean-start]
2017-07-31T16:13:24.176+0200: 16154,581: [CMS-concurrent-preclean: 0,001/0,001 secs] [Times: user=0,00 sys=0,00, real=0,00 secs] 
2017-07-31T16:13:24.176+0200: 16154,581: [GC (CMS Final Remark) [YG occupancy: 1729 K (109248 K)]{Heap before GC invocations=357 (full 254):
 par new generation   total 109248K, used 1729K [0x00000000e0000000, 0x00000000e8000000, 0x00000000e8000000)
  eden space 87424K,   1% used [0x00000000e0000000, 0x00000000e01aecd8, 0x00000000e5560000)
  from space 21824K,   0% used [0x00000000e6ab0000, 0x00000000e6ab1830, 0x00000000e8000000)
  to   space 21824K,   0% used [0x00000000e5560000, 0x00000000e5560000, 0x00000000e6ab0000)
 concurrent mark-sweep generation total 393216K, used 240510K [0x00000000e8000000, 0x0000000100000000, 0x0000000100000000)
 Metaspace       used 32742K, capacity 33224K, committed 33732K, reserved 1079296K
  class space    used 3585K, capacity 3736K, committed 3836K, reserved 1048576K
2017-07-31T16:13:24.177+0200: 16154,581: [GC (CMS Final Remark) 2017-07-31T16:13:24.177+0200: 16154,581: [ParNew
Desired survivor size 20112992 bytes, new threshold 8 (max 8)
- age   1:         64 bytes,         64 total
- age   2:         96 bytes,        160 total
- age   3:         32 bytes,        192 total
- age   6:        152 bytes,        344 total
: 1729K->6K(109248K), 0,0039756 secs] 242239K->240516K(502464K), 0,0040237 secs] [Times: user=0,01 sys=0,00, real=0,01 secs] 
Heap after GC invocations=358 (full 254):
 par new generation   total 109248K, used 6K [0x00000000e0000000, 0x00000000e8000000, 0x00000000e8000000)
  eden space 87424K,   0% used [0x00000000e0000000, 0x00000000e0000000, 0x00000000e5560000)
  from space 21824K,   0% used [0x00000000e5560000, 0x00000000e5561830, 0x00000000e6ab0000)
  to   space 21824K,   0% used [0x00000000e6ab0000, 0x00000000e6ab0000, 0x00000000e8000000)
 concurrent mark-sweep generation total 393216K, used 240510K [0x00000000e8000000, 0x0000000100000000, 0x0000000100000000)
 Metaspace       used 32742K, capacity 33224K, committed 33732K, reserved 1079296K
  class space    used 3585K, capacity 3736K, committed 3836K, reserved 1048576K
}
2017-07-31T16:13:24.181+0200: 16154,585: [Rescan (parallel) , 0,0005689 secs]2017-07-31T16:13:24.181+0200: 16154,586: [weak refs processing, 0,0004834 secs]2017-07-31T16:13:24.182+0200: 16154,586: [class unloading, 0,0080704 secs]2017-07-31T16:13:24.190+0200: 16154,594: [scrub symbol table, 0,0036911 secs]2017-07-31T16:13:24.193+0200: 16154,598: [scrub string table, 0,0006770 secs][1 CMS-remark: 240510K(393216K)] 240516K(502464K), 0,0177851 secs] [Times: user=0,03 sys=0,00, real=0,02 secs] 
2017-07-31T16:13:24.194+0200: 16154,599: Total time for which application threads were stopped: 0,0179365 seconds, Stopping threads took: 0,0000316 seconds
2017-07-31T16:13:24.194+0200: 16154,599: [CMS-concurrent-sweep-start]
2017-07-31T16:13:24.223+0200: 16154,628: [CMS-concurrent-sweep: 0,029/0,029 secs] [Times: user=0,02 sys=0,00, real=0,03 secs] 
2017-07-31T16:13:24.223+0200: 16154,628: [CMS-concurrent-reset-start]
2017-07-31T16:13:24.224+0200: 16154,628: [CMS-concurrent-reset: 0,001/0,001 secs] [Times: user=0,00 sys=0,00, real=0,00 secs] 
2017-07-31T16:13:26.223+0200: 16156,628: [GC (CMS Initial Mark) [1 CMS-initial-mark: 240510K(393216K)] 241097K(502464K), 0,0010489 secs] [Times: user=0,00 sys=0,00, real=0,00 secs] 
2017-07-31T16:13:26.224+0200: 16156,629: Total time for which application threads were stopped: 0,0012082 seconds, Stopping threads took: 0,0000239 seconds
2017-07-31T16:13:26.224+0200: 16156,629: [CMS-concurrent-mark-start]
2017-07-31T16:13:26.254+0200: 16156,659: [CMS-concurrent-mark: 0,030/0,030 secs] [Times: user=0,11 sys=0,00, real=0,03 secs] 
2017-07-31T16:13:26.254+0200: 16156,659: [CMS-concurrent-preclean-start]
2017-07-31T16:13:26.256+0200: 16156,660: [CMS-concurrent-preclean: 0,002/0,002 secs] [Times: user=0,00 sys=0,00, real=0,00 secs] 
2017-07-31T16:13:26.256+0200: 16156,661: [GC (CMS Final Remark) [YG occupancy: 587 K (109248 K)]{Heap before GC invocations=358 (full 255):
 par new generation   total 109248K, used 587K [0x00000000e0000000, 0x00000000e8000000, 0x00000000e8000000)
  eden space 87424K,   0% used [0x00000000e0000000, 0x00000000e00915e8, 0x00000000e5560000)
  from space 21824K,   0% used [0x00000000e5560000, 0x00000000e5561830, 0x00000000e6ab0000)
  to   space 21824K,   0% used [0x00000000e6ab0000, 0x00000000e6ab0000, 0x00000000e8000000)
 concurrent mark-sweep generation total 393216K, used 240510K [0x00000000e8000000, 0x0000000100000000, 0x0000000100000000)
 Metaspace       used 32742K, capacity 33224K, committed 33732K, reserved 1079296K
  class space    used 3585K, capacity 3736K, committed 3836K, reserved 1048576K
2017-07-31T16:13:26.256+0200: 16156,661: [GC (CMS Final Remark) 2017-07-31T16:13:26.256+0200: 16156,661: [ParNew
Desired survivor size 20112992 bytes, new threshold 8 (max 8)
- age   1:         64 bytes,         64 total
- age   2:         64 bytes,        128 total
- age   3:         64 bytes,        192 total
- age   7:        152 bytes,        344 total
: 587K->4K(109248K), 0,0038901 secs] 241097K->240514K(502464K), 0,0039385 secs] [Times: user=0,01 sys=0,01, real=0,01 secs] 
Heap after GC invocations=359 (full 255):
 par new generation   total 109248K, used 4K [0x00000000e0000000, 0x00000000e8000000, 0x00000000e8000000)
  eden space 87424K,   0% used [0x00000000e0000000, 0x00000000e0000000, 0x00000000e5560000)
  from space 21824K,   0% used [0x00000000e6ab0000, 0x00000000e6ab1020, 0x00000000e8000000)
  to   space 21824K,   0% used [0x00000000e5560000, 0x00000000e5560000, 0x00000000e6ab0000)
 concurrent mark-sweep generation total 393216K, used 240510K [0x00000000e8000000, 0x0000000100000000, 0x0000000100000000)
 Metaspace       used 32742K, capacity 33224K, committed 33732K, reserved 1079296K
  class space    used 3585K, capacity 3736K, committed 3836K, reserved 1048576K
}
2017-07-31T16:13:26.260+0200: 16156,665: [Rescan (parallel) , 0,0006076 secs]2017-07-31T16:13:26.261+0200: 16156,665: [weak refs processing, 0,0006007 secs]2017-07-31T16:13:26.261+0200: 16156,666: [class unloading, 0,0081544 secs]2017-07-31T16:13:26.270+0200: 16156,674: [scrub symbol table, 0,0038251 secs]2017-07-31T16:13:26.273+0200: 16156,678: [scrub string table, 0,0007058 secs][1 CMS-remark: 240510K(393216K)] 240514K(502464K), 0,0182113 secs] [Times: user=0,03 sys=0,01, real=0,02 secs] 
2017-07-31T16:13:26.274+0200: 16156,679: Total time for which application threads were stopped: 0,0183656 seconds, Stopping threads took: 0,0000335 seconds
2017-07-31T16:13:26.275+0200: 16156,679: [CMS-concurrent-sweep-start]
2017-07-31T16:13:26.304+0200: 16156,709: [CMS-concurrent-sweep: 0,030/0,030 secs] [Times: user=0,03 sys=0,00, real=0,03 secs] 
2017-07-31T16:13:26.304+0200: 16156,709: [CMS-concurrent-reset-start]
2017-07-31T16:13:26.305+0200: 16156,710: [CMS-concurrent-reset: 0,001/0,001 secs] [Times: user=0,00 sys=0,00, real=0,00 secs] 
2017-07-31T16:13:28.304+0200: 16158,709: [GC (CMS Initial Mark) [1 CMS-initial-mark: 240509K(393216K)] 242247K(502464K), 0,0009476 secs] [Times: user=0,00 sys=0,00, real=0,00 secs] 
2017-07-31T16:13:28.305+0200: 16158,710: Total time for which application threads were stopped: 0,0011306 seconds, Stopping threads took: 0,0000492 seconds
2017-07-31T16:13:28.305+0200: 16158,710: [CMS-concurrent-mark-start]
2017-07-31T16:13:28.337+0200: 16158,741: [CMS-concurrent-mark: 0,032/0,032 secs] [Times: user=0,12 sys=0,00, real=0,03 secs] 
2017-07-31T16:13:28.337+0200: 16158,742: [CMS-concurrent-preclean-start]
2017-07-31T16:13:28.339+0200: 16158,743: [CMS-concurrent-preclean: 0,002/0,002 secs] [Times: user=0,01 sys=0,00, real=0,00 secs] 
2017-07-31T16:13:28.339+0200: 16158,743: [GC (CMS Final Remark) [YG occupancy: 1737 K (109248 K)]{Heap before GC invocations=359 (full 256):
 par new generation   total 109248K, used 1737K [0x00000000e0000000, 0x00000000e8000000, 0x00000000e8000000)
  eden space 87424K,   1% used [0x00000000e0000000, 0x00000000e01b1748, 0x00000000e5560000)
  from space 21824K,   0% used [0x00000000e6ab0000, 0x00000000e6ab1020, 0x00000000e8000000)
  to   space 21824K,   0% used [0x00000000e5560000, 0x00000000e5560000, 0x00000000e6ab0000)
 concurrent mark-sweep generation total 393216K, used 240509K [0x00000000e8000000, 0x0000000100000000, 0x0000000100000000)
 Metaspace       used 32742K, capacity 33224K, committed 33732K, reserved 1079296K
  class space    used 3585K, capacity 3736K, committed 3836K, reserved 1048576K
2017-07-31T16:13:28.339+0200: 16158,743: [GC (CMS Final Remark) 2017-07-31T16:13:28.339+0200: 16158,744: [ParNew
Desired survivor size 20112992 bytes, new threshold 8 (max 8)
- age   1:         64 bytes,         64 total
- age   2:         64 bytes,        128 total
- age   3:         64 bytes,        192 total
- age   8:        152 bytes,        344 total
: 1737K->6K(109248K), 0,0035213 secs] 242247K->240515K(502464K), 0,0035799 secs] [Times: user=0,01 sys=0,00, real=0,01 secs] 
Heap after GC invocations=360 (full 256):
 par new generation   total 109248K, used 6K [0x00000000e0000000, 0x00000000e8000000, 0x00000000e8000000)
  eden space 87424K,   0% used [0x00000000e0000000, 0x00000000e0000000, 0x00000000e5560000)
  from space 21824K,   0% used [0x00000000e5560000, 0x00000000e5561830, 0x00000000e6ab0000)
  to   space 21824K,   0% used [0x00000000e6ab0000, 0x00000000e6ab0000, 0x00000000e8000000)
 concurrent mark-sweep generation total 393216K, used 240509K [0x00000000e8000000, 0x0000000100000000, 0x0000000100000000)
 Metaspace       used 32742K, capacity 33224K, committed 33732K, reserved 1079296K
  class space    used 3585K, capacity 3736K, committed 3836K, reserved 1048576K
}
2017-07-31T16:13:28.343+0200: 16158,747: [Rescan (parallel) , 0,0005121 secs]2017-07-31T16:13:28.343+0200: 16158,748: [weak refs processing, 0,0004144 secs]2017-07-31T16:13:28.344+0200: 16158,748: [class unloading, 0,0070480 secs]2017-07-31T16:13:28.351+0200: 16158,755: [scrub symbol table, 0,0035827 secs]2017-07-31T16:13:28.354+0200: 16158,759: [scrub string table, 0,0006384 secs][1 CMS-remark: 240509K(393216K)] 240515K(502464K), 0,0160555 secs] [Times: user=0,02 sys=0,00, real=0,02 secs] 
2017-07-31T16:13:28.355+0200: 16158,760: Total time for which application threads were stopped: 0,0161930 seconds, Stopping threads took: 0,0000322 seconds
2017-07-31T16:13:28.355+0200: 16158,760: [CMS-concurrent-sweep-start]
2017-07-31T16:13:28.382+0200: 16158,786: [CMS-concurrent-sweep: 0,026/0,026 secs] [Times: user=0,03 sys=0,00, real=0,03 secs] 
2017-07-31T16:13:28.382+0200: 16158,786: [CMS-concurrent-reset-start]
2017-07-31T16:13:28.382+0200: 16158,787: [CMS-concurrent-reset: 0,001/0,001 secs] [Times: user=0,00 sys=0,00, real=0,00 secs] 
2017-07-31T16:13:30.381+0200: 16160,786: [GC (CMS Initial Mark) [1 CMS-initial-mark: 240509K(393216K)] 241202K(502464K), 0,0010253 secs] [Times: user=0,00 sys=0,00, real=0,00 secs] 
2017-07-31T16:13:30.382+0200: 16160,787: Total time for which application threads were stopped: 0,0011859 seconds, Stopping threads took: 0,0000315 seconds
2017-07-31T16:13:30.383+0200: 16160,787: [CMS-concurrent-mark-start]
2017-07-31T16:13:30.407+0200: 16160,812: [CMS-concurrent-mark: 0,025/0,025 secs] [Times: user=0,10 sys=0,00, real=0,02 secs] 
2017-07-31T16:13:30.407+0200: 16160,812: [CMS-concurrent-preclean-start]
2017-07-31T16:13:30.409+0200: 16160,813: [CMS-concurrent-preclean: 0,001/0,001 secs] [Times: user=0,00 sys=0,00, real=0,00 secs] 
2017-07-31T16:13:30.409+0200: 16160,814: [GC (CMS Final Remark) [YG occupancy: 692 K (109248 K)]{Heap before GC invocations=360 (full 257):
 par new generation   total 109248K, used 692K [0x00000000e0000000, 0x00000000e8000000, 0x00000000e8000000)
  eden space 87424K,   0% used [0x00000000e0000000, 0x00000000e00ab9a0, 0x00000000e5560000)
  from space 21824K,   0% used [0x00000000e5560000, 0x00000000e5561830, 0x00000000e6ab0000)
  to   space 21824K,   0% used [0x00000000e6ab0000, 0x00000000e6ab0000, 0x00000000e8000000)
 concurrent mark-sweep generation total 393216K, used 240509K [0x00000000e8000000, 0x0000000100000000, 0x0000000100000000)
 Metaspace       used 32742K, capacity 33224K, committed 33732K, reserved 1079296K
  class space    used 3585K, capacity 3736K, committed 3836K, reserved 1048576K
2017-07-31T16:13:30.409+0200: 16160,814: [GC (CMS Final Remark) 2017-07-31T16:13:30.409+0200: 16160,814: [ParNew
Desired survivor size 20112992 bytes, new threshold 8 (max 8)
- age   1:         64 bytes,         64 total
- age   2:         64 bytes,        128 total
- age   3:         64 bytes,        192 total
: 692K->8K(109248K), 0,0030707 secs] 241202K->240518K(502464K), 0,0031359 secs] [Times: user=0,00 sys=0,00, real=0,01 secs] 
Heap after GC invocations=361 (full 257):
 par new generation   total 109248K, used 8K [0x00000000e0000000, 0x00000000e8000000, 0x00000000e8000000)
  eden space 87424K,   0% used [0x00000000e0000000, 0x00000000e0000000, 0x00000000e5560000)
  from space 21824K,   0% used [0x00000000e6ab0000, 0x00000000e6ab2040, 0x00000000e8000000)
  to   space 21824K,   0% used [0x00000000e5560000, 0x00000000e5560000, 0x00000000e6ab0000)
 concurrent mark-sweep generation total 393216K, used 240510K [0x00000000e8000000, 0x0000000100000000, 0x0000000100000000)
 Metaspace       used 32742K, capacity 33224K, committed 33732K, reserved 1079296K
  class space    used 3585K, capacity 3736K, committed 3836K, reserved 1048576K
}
2017-07-31T16:13:30.412+0200: 16160,817: [Rescan (parallel) , 0,0005434 secs]2017-07-31T16:13:30.413+0200: 16160,817: [weak refs processing, 0,0004512 secs]2017-07-31T16:13:30.413+0200: 16160,818: [class unloading, 0,0073564 secs]2017-07-31T16:13:30.421+0200: 16160,825: [scrub symbol table, 0,0035860 secs]2017-07-31T16:13:30.424+0200: 16160,829: [scrub string table, 0,0006316 secs][1 CMS-remark: 240510K(393216K)] 240518K(502464K), 0,0159484 secs] [Times: user=0,02 sys=0,00, real=0,02 secs] 
2017-07-31T16:13:30.425+0200: 16160,830: Total time for which application threads were stopped: 0,0160820 seconds, Stopping threads took: 0,0000215 seconds
2017-07-31T16:13:30.425+0200: 16160,830: [CMS-concurrent-sweep-start]
2017-07-31T16:13:30.454+0200: 16160,858: [CMS-concurrent-sweep: 0,029/0,029 secs] [Times: user=0,03 sys=0,00, real=0,03 secs] 
2017-07-31T16:13:30.454+0200: 16160,858: [CMS-concurrent-reset-start]
2017-07-31T16:13:30.455+0200: 16160,859: [CMS-concurrent-reset: 0,001/0,001 secs] [Times: user=0,00 sys=0,00, real=0,00 secs] 
2017-07-31T16:13:32.454+0200: 16162,858: [GC (CMS Initial Mark) [1 CMS-initial-mark: 240510K(393216K)] 241288K(502464K), 0,0010028 secs] [Times: user=0,00 sys=0,00, real=0,00 secs] 
2017-07-31T16:13:32.455+0200: 16162,859: Total time for which application threads were stopped: 0,0011650 seconds, Stopping threads took: 0,0000259 seconds
2017-07-31T16:13:32.455+0200: 16162,859: [CMS-concurrent-mark-start]
2017-07-31T16:13:32.486+0200: 16162,890: [CMS-concurrent-mark: 0,031/0,031 secs] [Times: user=0,13 sys=0,00, real=0,03 secs] 
2017-07-31T16:13:32.486+0200: 16162,890: [CMS-concurrent-preclean-start]
2017-07-31T16:13:32.487+0200: 16162,892: [CMS-concurrent-preclean: 0,001/0,001 secs] [Times: user=0,00 sys=0,00, real=0,00 secs] 
2017-07-31T16:13:32.487+0200: 16162,892: [GC (CMS Final Remark) [YG occupancy: 778 K (109248 K)]{Heap before GC invocations=361 (full 258):
 par new generation   total 109248K, used 778K [0x00000000e0000000, 0x00000000e8000000, 0x00000000e8000000)
  eden space 87424K,   0% used [0x00000000e0000000, 0x00000000e00c0938, 0x00000000e5560000)
  from space 21824K,   0% used [0x00000000e6ab0000, 0x00000000e6ab2040, 0x00000000e8000000)
  to   space 21824K,   0% used [0x00000000e5560000, 0x00000000e5560000, 0x00000000e6ab0000)
 concurrent mark-sweep generation total 393216K, used 240510K [0x00000000e8000000, 0x0000000100000000, 0x0000000100000000)
 Metaspace       used 32742K, capacity 33224K, committed 33732K, reserved 1079296K
  class space    used 3585K, capacity 3736K, committed 3836K, reserved 1048576K
2017-07-31T16:13:32.487+0200: 16162,892: [GC (CMS Final Remark) 2017-07-31T16:13:32.487+0200: 16162,892: [ParNew
Desired survivor size 20112992 bytes, new threshold 8 (max 8)
- age   1:         64 bytes,         64 total
- age   2:         64 bytes,        128 total
- age   3:         64 bytes,        192 total
: 778K->6K(109248K), 0,0040774 secs] 241288K->240516K(502464K), 0,0041419 secs] [Times: user=0,00 sys=0,00, real=0,00 secs] 
Heap after GC invocations=362 (full 258):
 par new generation   total 109248K, used 6K [0x00000000e0000000, 0x00000000e8000000, 0x00000000e8000000)
  eden space 87424K,   0% used [0x00000000e0000000, 0x00000000e0000000, 0x00000000e5560000)
  from space 21824K,   0% used [0x00000000e5560000, 0x00000000e5561830, 0x00000000e6ab0000)
  to   space 21824K,   0% used [0x00000000e6ab0000, 0x00000000e6ab0000, 0x00000000e8000000)
 concurrent mark-sweep generation total 393216K, used 240510K [0x00000000e8000000, 0x0000000100000000, 0x0000000100000000)
 Metaspace       used 32742K, capacity 33224K, committed 33732K, reserved 1079296K
  class space    used 3585K, capacity 3736K, committed 3836K, reserved 1048576K
}
2017-07-31T16:13:32.492+0200: 16162,896: [Rescan (parallel) , 0,0005202 secs]2017-07-31T16:13:32.492+0200: 16162,897: [weak refs processing, 0,0004538 secs]2017-07-31T16:13:32.493+0200: 16162,897: [class unloading, 0,0075535 secs]2017-07-31T16:13:32.500+0200: 16162,905: [scrub symbol table, 0,0034924 secs]2017-07-31T16:13:32.504+0200: 16162,908: [scrub string table, 0,0006505 secs][1 CMS-remark: 240510K(393216K)] 240516K(502464K), 0,0170753 secs] [Times: user=0,02 sys=0,00, real=0,02 secs] 
2017-07-31T16:13:32.504+0200: 16162,909: Total time for which application threads were stopped: 0,0172109 seconds, Stopping threads took: 0,0000254 seconds
2017-07-31T16:13:32.504+0200: 16162,909: [CMS-concurrent-sweep-start]
2017-07-31T16:13:32.532+0200: 16162,937: [CMS-concurrent-sweep: 0,028/0,028 secs] [Times: user=0,03 sys=0,00, real=0,03 secs] 
2017-07-31T16:13:32.532+0200: 16162,937: [CMS-concurrent-reset-start]
2017-07-31T16:13:32.533+0200: 16162,937: [CMS-concurrent-reset: 0,001/0,001 secs] [Times: user=0,00 sys=0,00, real=0,00 secs] 
2017-07-31T16:13:34.532+0200: 16164,937: [GC (CMS Initial Mark) [1 CMS-initial-mark: 240510K(393216K)] 242239K(502464K), 0,0009391 secs] [Times: user=0,00 sys=0,00, real=0,00 secs] 
2017-07-31T16:13:34.533+0200: 16164,938: Total time for which application threads were stopped: 0,0011002 seconds, Stopping threads took: 0,0000232 seconds
2017-07-31T16:13:34.533+0200: 16164,938: [CMS-concurrent-mark-start]
2017-07-31T16:13:34.557+0200: 16164,962: [CMS-concurrent-mark: 0,024/0,024 secs] [Times: user=0,10 sys=0,00, real=0,02 secs] 
2017-07-31T16:13:34.557+0200: 16164,962: [CMS-concurrent-preclean-start]
2017-07-31T16:13:34.559+0200: 16164,963: [CMS-concurrent-preclean: 0,001/0,001 secs] [Times: user=0,00 sys=0,00, real=0,00 secs] 
2017-07-31T16:13:34.559+0200: 16164,963: [GC (CMS Final Remark) [YG occupancy: 1729 K (109248 K)]{Heap before GC invocations=362 (full 259):
 par new generation   total 109248K, used 1729K [0x00000000e0000000, 0x00000000e8000000, 0x00000000e8000000)
  eden space 87424K,   1% used [0x00000000e0000000, 0x00000000e01aecd8, 0x00000000e5560000)
  from space 21824K,   0% used [0x00000000e5560000, 0x00000000e5561830, 0x00000000e6ab0000)
  to   space 21824K,   0% used [0x00000000e6ab0000, 0x00000000e6ab0000, 0x00000000e8000000)
 concurrent mark-sweep generation total 393216K, used 240510K [0x00000000e8000000, 0x0000000100000000, 0x0000000100000000)
 Metaspace       used 32742K, capacity 33224K, committed 33732K, reserved 1079296K
  class space    used 3585K, capacity 3736K, committed 3836K, reserved 1048576K
2017-07-31T16:13:34.559+0200: 16164,963: [GC (CMS Final Remark) 2017-07-31T16:13:34.559+0200: 16164,963: [ParNew
Desired survivor size 20112992 bytes, new threshold 8 (max 8)
- age   1:         64 bytes,         64 total
- age   2:         64 bytes,        128 total
- age   3:         64 bytes,        192 total
: 1729K->8K(109248K), 0,0020777 secs] 242239K->240518K(502464K), 0,0021397 secs] [Times: user=0,00 sys=0,01, real=0,01 secs] 
Heap after GC invocations=363 (full 259):
 par new generation   total 109248K, used 8K [0x00000000e0000000, 0x00000000e8000000, 0x00000000e8000000)
  eden space 87424K,   0% used [0x00000000e0000000, 0x00000000e0000000, 0x00000000e5560000)
  from space 21824K,   0% used [0x00000000e6ab0000, 0x00000000e6ab2040, 0x00000000e8000000)
  to   space 21824K,   0% used [0x00000000e5560000, 0x00000000e5560000, 0x00000000e6ab0000)
 concurrent mark-sweep generation total 393216K, used 240510K [0x00000000e8000000, 0x0000000100000000, 0x0000000100000000)
 Metaspace       used 32742K, capacity 33224K, committed 33732K, reserved 1079296K
  class space    used 3585K, capacity 3736K, committed 3836K, reserved 1048576K
}
2017-07-31T16:13:34.561+0200: 16164,966: [Rescan (parallel) , 0,0005167 secs]2017-07-31T16:13:34.562+0200: 16164,966: [weak refs processing, 0,0003863 secs]2017-07-31T16:13:34.562+0200: 16164,966: [class unloading, 0,0072420 secs]2017-07-31T16:13:34.569+0200: 16164,974: [scrub symbol table, 0,0034326 secs]2017-07-31T16:13:34.573+0200: 16164,977: [scrub string table, 0,0006139 secs][1 CMS-remark: 240510K(393216K)] 240518K(502464K), 0,0147860 secs] [Times: user=0,01 sys=0,01, real=0,02 secs] 
2017-07-31T16:13:34.574+0200: 16164,978: Total time for which application threads were stopped: 0,0149108 seconds, Stopping threads took: 0,0000204 seconds
2017-07-31T16:13:34.574+0200: 16164,978: [CMS-concurrent-sweep-start]
2017-07-31T16:13:34.601+0200: 16165,006: [CMS-concurrent-sweep: 0,027/0,027 secs] [Times: user=0,03 sys=0,00, real=0,03 secs] 
2017-07-31T16:13:34.601+0200: 16165,006: [CMS-concurrent-reset-start]
2017-07-31T16:13:34.602+0200: 16165,006: [CMS-concurrent-reset: 0,001/0,001 secs] [Times: user=0,00 sys=0,00, real=0,00 secs] 
2017-07-31T16:13:36.601+0200: 16167,006: [GC (CMS Initial Mark) [1 CMS-initial-mark: 240510K(393216K)] 241099K(502464K), 0,0008334 secs] [Times: user=0,00 sys=0,00, real=0,00 secs] 
2017-07-31T16:13:36.602+0200: 16167,007: Total time for which application threads were stopped: 0,0009879 seconds, Stopping threads took: 0,0000242 seconds
2017-07-31T16:13:36.602+0200: 16167,007: [CMS-concurrent-mark-start]
2017-07-31T16:13:36.625+0200: 16167,029: [CMS-concurrent-mark: 0,023/0,023 secs] [Times: user=0,09 sys=0,00, real=0,02 secs] 
2017-07-31T16:13:36.625+0200: 16167,029: [CMS-concurrent-preclean-start]
2017-07-31T16:13:36.626+0200: 16167,031: [CMS-concurrent-preclean: 0,001/0,001 secs] [Times: user=0,00 sys=0,00, real=0,00 secs] 
2017-07-31T16:13:36.626+0200: 16167,031: [GC (CMS Final Remark) [YG occupancy: 1032 K (109248 K)]{Heap before GC invocations=363 (full 260):
 par new generation   total 109248K, used 1032K [0x00000000e0000000, 0x00000000e8000000, 0x00000000e8000000)
  eden space 87424K,   1% used [0x00000000e0000000, 0x00000000e0100198, 0x00000000e5560000)
  from space 21824K,   0% used [0x00000000e6ab0000, 0x00000000e6ab2040, 0x00000000e8000000)
  to   space 21824K,   0% used [0x00000000e5560000, 0x00000000e5560000, 0x00000000e6ab0000)
 concurrent mark-sweep generation total 393216K, used 240510K [0x00000000e8000000, 0x0000000100000000, 0x0000000100000000)
 Metaspace       used 32742K, capacity 33224K, committed 33732K, reserved 1079296K
  class space    used 3585K, capacity 3736K, committed 3836K, reserved 1048576K
2017-07-31T16:13:36.627+0200: 16167,031: [GC (CMS Final Remark) 2017-07-31T16:13:36.627+0200: 16167,031: [ParNew
Desired survivor size 20112992 bytes, new threshold 8 (max 8)
- age   1:         96 bytes,         96 total
- age   2:         64 bytes,        160 total
- age   3:         32 bytes,        192 total
: 1032K->6K(109248K), 0,0024501 secs] 241542K->240516K(502464K), 0,0024929 secs] [Times: user=0,01 sys=0,00, real=0,00 secs] 
Heap after GC invocations=364 (full 260):
 par new generation   total 109248K, used 6K [0x00000000e0000000, 0x00000000e8000000, 0x00000000e8000000)
  eden space 87424K,   0% used [0x00000000e0000000, 0x00000000e0000000, 0x00000000e5560000)
  from space 21824K,   0% used [0x00000000e5560000, 0x00000000e5561830, 0x00000000e6ab0000)
  to   space 21824K,   0% used [0x00000000e6ab0000, 0x00000000e6ab0000, 0x00000000e8000000)
 concurrent mark-sweep generation total 393216K, used 240510K [0x00000000e8000000, 0x0000000100000000, 0x0000000100000000)
 Metaspace       used 32742K, capacity 33224K, committed 33732K, reserved 1079296K
  class space    used 3585K, capacity 3736K, committed 3836K, reserved 1048576K
}
2017-07-31T16:13:36.629+0200: 16167,034: [Rescan (parallel) , 0,0005027 secs]2017-07-31T16:13:36.630+0200: 16167,034: [weak refs processing, 0,0004038 secs]2017-07-31T16:13:36.630+0200: 16167,034: [class unloading, 0,0068182 secs]2017-07-31T16:13:36.637+0200: 16167,041: [scrub symbol table, 0,0033613 secs]2017-07-31T16:13:36.640+0200: 16167,045: [scrub string table, 0,0005822 secs][1 CMS-remark: 240510K(393216K)] 240516K(502464K), 0,0143900 secs] [Times: user=0,02 sys=0,00, real=0,02 secs] 
2017-07-31T16:13:36.641+0200: 16167,045: Total time for which application threads were stopped: 0,0145212 seconds, Stopping threads took: 0,0000288 seconds
2017-07-31T16:13:36.641+0200: 16167,045: [CMS-concurrent-sweep-start]
2017-07-31T16:13:36.667+0200: 16167,072: [CMS-concurrent-sweep: 0,026/0,026 secs] [Times: user=0,03 sys=0,00, real=0,02 secs] 
2017-07-31T16:13:36.667+0200: 16167,072: [CMS-concurrent-reset-start]
2017-07-31T16:13:36.668+0200: 16167,072: [CMS-concurrent-reset: 0,001/0,001 secs] [Times: user=0,00 sys=0,00, real=0,00 secs] 
2017-07-31T16:13:38.667+0200: 16169,072: [GC (CMS Initial Mark) [1 CMS-initial-mark: 240510K(393216K)] 242239K(502464K), 0,0010769 secs] [Times: user=0,00 sys=0,00, real=0,00 secs] 
2017-07-31T16:13:38.668+0200: 16169,073: Total time for which application threads were stopped: 0,0012509 seconds, Stopping threads took: 0,0000247 seconds
2017-07-31T16:13:38.668+0200: 16169,073: [CMS-concurrent-mark-start]
2017-07-31T16:13:38.700+0200: 16169,104: [CMS-concurrent-mark: 0,032/0,032 secs] [Times: user=0,12 sys=0,00, real=0,04 secs] 
2017-07-31T16:13:38.700+0200: 16169,105: [CMS-concurrent-preclean-start]
2017-07-31T16:13:38.702+0200: 16169,106: [CMS-concurrent-preclean: 0,001/0,001 secs] [Times: user=0,01 sys=0,00, real=0,00 secs] 
2017-07-31T16:13:38.702+0200: 16169,106: [GC (CMS Final Remark) [YG occupancy: 1729 K (109248 K)]{Heap before GC invocations=364 (full 261):
 par new generation   total 109248K, used 1729K [0x00000000e0000000, 0x00000000e8000000, 0x00000000e8000000)
  eden space 87424K,   1% used [0x00000000e0000000, 0x00000000e01aecd8, 0x00000000e5560000)
  from space 21824K,   0% used [0x00000000e5560000, 0x00000000e5561830, 0x00000000e6ab0000)
  to   space 21824K,   0% used [0x00000000e6ab0000, 0x00000000e6ab0000, 0x00000000e8000000)
 concurrent mark-sweep generation total 393216K, used 240510K [0x00000000e8000000, 0x0000000100000000, 0x0000000100000000)
 Metaspace       used 32742K, capacity 33224K, committed 33732K, reserved 1079296K
  class space    used 3585K, capacity 3736K, committed 3836K, reserved 1048576K
2017-07-31T16:13:38.702+0200: 16169,106: [GC (CMS Final Remark) 2017-07-31T16:13:38.702+0200: 16169,106: [ParNew
Desired survivor size 20112992 bytes, new threshold 8 (max 8)
- age   1:         64 bytes,         64 total
- age   2:         96 bytes,        160 total
- age   3:         32 bytes,        192 total
: 1729K->4K(109248K), 0,0041722 secs] 242239K->240514K(502464K), 0,0042202 secs] [Times: user=0,01 sys=0,00, real=0,00 secs] 
Heap after GC invocations=365 (full 261):
 par new generation   total 109248K, used 4K [0x00000000e0000000, 0x00000000e8000000, 0x00000000e8000000)
  eden space 87424K,   0% used [0x00000000e0000000, 0x00000000e0000000, 0x00000000e5560000)
  from space 21824K,   0% used [0x00000000e6ab0000, 0x00000000e6ab1020, 0x00000000e8000000)
  to   space 21824K,   0% used [0x00000000e5560000, 0x00000000e5560000, 0x00000000e6ab0000)
 concurrent mark-sweep generation total 393216K, used 240510K [0x00000000e8000000, 0x0000000100000000, 0x0000000100000000)
 Metaspace       used 32742K, capacity 33224K, committed 33732K, reserved 1079296K
  class space    used 3585K, capacity 3736K, committed 3836K, reserved 1048576K
}
2017-07-31T16:13:38.706+0200: 16169,111: [Rescan (parallel) , 0,0006197 secs]2017-07-31T16:13:38.707+0200: 16169,111: [weak refs processing, 0,0004708 secs]2017-07-31T16:13:38.707+0200: 16169,112: [class unloading, 0,0081367 secs]2017-07-31T16:13:38.715+0200: 16169,120: [scrub symbol table, 0,0038053 secs]2017-07-31T16:13:38.719+0200: 16169,124: [scrub string table, 0,0006805 secs][1 CMS-remark: 240510K(393216K)] 240514K(502464K), 0,0182437 secs] [Times: user=0,01 sys=0,00, real=0,02 secs] 
2017-07-31T16:13:38.720+0200: 16169,125: Total time for which application threads were stopped: 0,0183840 seconds, Stopping threads took: 0,0000213 seconds
2017-07-31T16:13:38.720+0200: 16169,125: [CMS-concurrent-sweep-start]
2017-07-31T16:13:38.749+0200: 16169,154: [CMS-concurrent-sweep: 0,029/0,029 secs] [Times: user=0,04 sys=0,00, real=0,02 secs] 
2017-07-31T16:13:38.749+0200: 16169,154: [CMS-concurrent-reset-start]
2017-07-31T16:13:38.750+0200: 16169,154: [CMS-concurrent-reset: 0,001/0,001 secs] [Times: user=0,00 sys=0,00, real=0,00 secs] 
2017-07-31T16:13:40.749+0200: 16171,154: [GC (CMS Initial Mark) [1 CMS-initial-mark: 240510K(393216K)] 241095K(502464K), 0,0010372 secs] [Times: user=0,00 sys=0,00, real=0,00 secs] 
2017-07-31T16:13:40.750+0200: 16171,155: Total time for which application threads were stopped: 0,0011938 seconds, Stopping threads took: 0,0000242 seconds
2017-07-31T16:13:40.750+0200: 16171,155: [CMS-concurrent-mark-start]
2017-07-31T16:13:40.778+0200: 16171,182: [CMS-concurrent-mark: 0,028/0,028 secs] [Times: user=0,11 sys=0,00, real=0,03 secs] 
2017-07-31T16:13:40.778+0200: 16171,183: [CMS-concurrent-preclean-start]
2017-07-31T16:13:40.780+0200: 16171,184: [CMS-concurrent-preclean: 0,002/0,002 secs] [Times: user=0,00 sys=0,00, real=0,00 secs] 
2017-07-31T16:13:40.780+0200: 16171,184: [GC (CMS Final Remark) [YG occupancy: 585 K (109248 K)]{Heap before GC invocations=365 (full 262):
 par new generation   total 109248K, used 585K [0x00000000e0000000, 0x00000000e8000000, 0x00000000e8000000)
  eden space 87424K,   0% used [0x00000000e0000000, 0x00000000e00915e8, 0x00000000e5560000)
  from space 21824K,   0% used [0x00000000e6ab0000, 0x00000000e6ab1020, 0x00000000e8000000)
  to   space 21824K,   0% used [0x00000000e5560000, 0x00000000e5560000, 0x00000000e6ab0000)
 concurrent mark-sweep generation total 393216K, used 240510K [0x00000000e8000000, 0x0000000100000000, 0x0000000100000000)
 Metaspace       used 32742K, capacity 33224K, committed 33732K, reserved 1079296K
  class space    used 3585K, capacity 3736K, committed 3836K, reserved 1048576K
2017-07-31T16:13:40.780+0200: 16171,185: [GC (CMS Final Remark) 2017-07-31T16:13:40.780+0200: 16171,185: [ParNew
Desired survivor size 20112992 bytes, new threshold 8 (max 8)
- age   1:         64 bytes,         64 total
- age   2:         64 bytes,        128 total
- age   3:         64 bytes,        192 total
: 585K->6K(109248K), 0,0031499 secs] 241095K->240516K(502464K), 0,0031976 secs] [Times: user=0,01 sys=0,00, real=0,00 secs] 
Heap after GC invocations=366 (full 262):
 par new generation   total 109248K, used 6K [0x00000000e0000000, 0x00000000e8000000, 0x00000000e8000000)
  eden space 87424K,   0% used [0x00000000e0000000, 0x00000000e0000000, 0x00000000e5560000)
  from space 21824K,   0% used [0x00000000e5560000, 0x00000000e5561830, 0x00000000e6ab0000)
  to   space 21824K,   0% used [0x00000000e6ab0000, 0x00000000e6ab0000, 0x00000000e8000000)
 concurrent mark-sweep generation total 393216K, used 240510K [0x00000000e8000000, 0x0000000100000000, 0x0000000100000000)
 Metaspace       used 32742K, capacity 33224K, committed 33732K, reserved 1079296K
  class space    used 3585K, capacity 3736K, committed 3836K, reserved 1048576K
}
2017-07-31T16:13:40.783+0200: 16171,188: [Rescan (parallel) , 0,0007395 secs]2017-07-31T16:13:40.784+0200: 16171,189: [weak refs processing, 0,0009141 secs]2017-07-31T16:13:40.785+0200: 16171,189: [class unloading, 0,0082693 secs]2017-07-31T16:13:40.793+0200: 16171,198: [scrub symbol table, 0,0038628 secs]2017-07-31T16:13:40.797+0200: 16171,202: [scrub string table, 0,0007022 secs][1 CMS-remark: 240510K(393216K)] 240516K(502464K), 0,0179616 secs] [Times: user=0,03 sys=0,00, real=0,01 secs] 
2017-07-31T16:13:40.798+0200: 16171,202: Total time for which application threads were stopped: 0,0181353 seconds, Stopping threads took: 0,0000227 seconds
2017-07-31T16:13:40.798+0200: 16171,203: [CMS-concurrent-sweep-start]
2017-07-31T16:13:40.829+0200: 16171,234: [CMS-concurrent-sweep: 0,031/0,031 secs] [Times: user=0,03 sys=0,00, real=0,03 secs] 
2017-07-31T16:13:40.829+0200: 16171,234: [CMS-concurrent-reset-start]
2017-07-31T16:13:40.830+0200: 16171,234: [CMS-concurrent-reset: 0,001/0,001 secs] [Times: user=0,00 sys=0,00, real=0,00 secs] 
2017-07-31T16:13:42.829+0200: 16173,234: [GC (CMS Initial Mark) [1 CMS-initial-mark: 240510K(393216K)] 240959K(502464K), 0,0007897 secs] [Times: user=0,00 sys=0,00, real=0,00 secs] 
2017-07-31T16:13:42.830+0200: 16173,234: Total time for which application threads were stopped: 0,0009271 seconds, Stopping threads took: 0,0000212 seconds
2017-07-31T16:13:42.830+0200: 16173,234: [CMS-concurrent-mark-start]
2017-07-31T16:13:42.860+0200: 16173,264: [CMS-concurrent-mark: 0,030/0,030 secs] [Times: user=0,12 sys=0,00, real=0,03 secs] 
2017-07-31T16:13:42.860+0200: 16173,264: [CMS-concurrent-preclean-start]
2017-07-31T16:13:42.861+0200: 16173,265: [CMS-concurrent-preclean: 0,001/0,001 secs] [Times: user=0,00 sys=0,00, real=0,01 secs] 
2017-07-31T16:13:42.861+0200: 16173,266: [GC (CMS Final Remark) [YG occupancy: 1739 K (109248 K)]{Heap before GC invocations=366 (full 263):
 par new generation   total 109248K, used 1739K [0x00000000e0000000, 0x00000000e8000000, 0x00000000e8000000)
  eden space 87424K,   1% used [0x00000000e0000000, 0x00000000e01b1748, 0x00000000e5560000)
  from space 21824K,   0% used [0x00000000e5560000, 0x00000000e5561830, 0x00000000e6ab0000)
  to   space 21824K,   0% used [0x00000000e6ab0000, 0x00000000e6ab0000, 0x00000000e8000000)
 concurrent mark-sweep generation total 393216K, used 240510K [0x00000000e8000000, 0x0000000100000000, 0x0000000100000000)
 Metaspace       used 32742K, capacity 33224K, committed 33732K, reserved 1079296K
  class space    used 3585K, capacity 3736K, committed 3836K, reserved 1048576K
2017-07-31T16:13:42.861+0200: 16173,266: [GC (CMS Final Remark) 2017-07-31T16:13:42.861+0200: 16173,266: [ParNew
Desired survivor size 20112992 bytes, new threshold 8 (max 8)
- age   1:         64 bytes,         64 total
- age   2:         64 bytes,        128 total
- age   3:         64 bytes,        192 total
: 1739K->4K(109248K), 0,0036489 secs] 242249K->240514K(502464K), 0,0037144 secs] [Times: user=0,01 sys=0,00, real=0,00 secs] 
Heap after GC invocations=367 (full 263):
 par new generation   total 109248K, used 4K [0x00000000e0000000, 0x00000000e8000000, 0x00000000e8000000)
  eden space 87424K,   0% used [0x00000000e0000000, 0x00000000e0000000, 0x00000000e5560000)
  from space 21824K,   0% used [0x00000000e6ab0000, 0x00000000e6ab1020, 0x00000000e8000000)
  to   space 21824K,   0% used [0x00000000e5560000, 0x00000000e5560000, 0x00000000e6ab0000)
 concurrent mark-sweep generation total 393216K, used 240510K [0x00000000e8000000, 0x0000000100000000, 0x0000000100000000)
 Metaspace       used 32742K, capacity 33224K, committed 33732K, reserved 1079296K
  class space    used 3585K, capacity 3736K, committed 3836K, reserved 1048576K
}
2017-07-31T16:13:42.865+0200: 16173,269: [Rescan (parallel) , 0,0006520 secs]2017-07-31T16:13:42.866+0200: 16173,270: [weak refs processing, 0,0004623 secs]2017-07-31T16:13:42.866+0200: 16173,271: [class unloading, 0,0066463 secs]2017-07-31T16:13:42.873+0200: 16173,277: [scrub symbol table, 0,0032242 secs]2017-07-31T16:13:42.876+0200: 16173,281: [scrub string table, 0,0005380 secs][1 CMS-remark: 240510K(393216K)] 240514K(502464K), 0,0155850 secs] [Times: user=0,02 sys=0,00, real=0,01 secs] 
2017-07-31T16:13:42.877+0200: 16173,281: Total time for which application threads were stopped: 0,0156992 seconds, Stopping threads took: 0,0000193 seconds
2017-07-31T16:13:42.877+0200: 16173,281: [CMS-concurrent-sweep-start]
2017-07-31T16:13:42.903+0200: 16173,307: [CMS-concurrent-sweep: 0,026/0,026 secs] [Times: user=0,03 sys=0,00, real=0,03 secs] 
2017-07-31T16:13:42.903+0200: 16173,308: [CMS-concurrent-reset-start]
2017-07-31T16:13:42.904+0200: 16173,308: [CMS-concurrent-reset: 0,001/0,001 secs] [Times: user=0,00 sys=0,00, real=0,00 secs] 
2017-07-31T16:13:44.903+0200: 16175,307: [GC (CMS Initial Mark) [1 CMS-initial-mark: 240510K(393216K)] 240998K(502464K), 0,0008715 secs] [Times: user=0,00 sys=0,00, real=0,00 secs] 
2017-07-31T16:13:44.904+0200: 16175,308: Total time for which application threads were stopped: 0,0010287 seconds, Stopping threads took: 0,0000224 seconds
2017-07-31T16:13:44.904+0200: 16175,308: [CMS-concurrent-mark-start]
2017-07-31T16:13:44.929+0200: 16175,334: [CMS-concurrent-mark: 0,025/0,025 secs] [Times: user=0,10 sys=0,00, real=0,02 secs] 
2017-07-31T16:13:44.929+0200: 16175,334: [CMS-concurrent-preclean-start]
2017-07-31T16:13:44.930+0200: 16175,335: [CMS-concurrent-preclean: 0,001/0,001 secs] [Times: user=0,00 sys=0,00, real=0,00 secs] 
2017-07-31T16:13:44.931+0200: 16175,335: [GC (CMS Final Remark) [YG occupancy: 488 K (109248 K)]{Heap before GC invocations=367 (full 264):
 par new generation   total 109248K, used 488K [0x00000000e0000000, 0x00000000e8000000, 0x00000000e8000000)
  eden space 87424K,   0% used [0x00000000e0000000, 0x00000000e0079150, 0x00000000e5560000)
  from space 21824K,   0% used [0x00000000e6ab0000, 0x00000000e6ab1020, 0x00000000e8000000)
  to   space 21824K,   0% used [0x00000000e5560000, 0x00000000e5560000, 0x00000000e6ab0000)
 concurrent mark-sweep generation total 393216K, used 240510K [0x00000000e8000000, 0x0000000100000000, 0x0000000100000000)
 Metaspace       used 32742K, capacity 33224K, committed 33732K, reserved 1079296K
  class space    used 3585K, capacity 3736K, committed 3836K, reserved 1048576K
2017-07-31T16:13:44.931+0200: 16175,335: [GC (CMS Final Remark) 2017-07-31T16:13:44.931+0200: 16175,335: [ParNew
Desired survivor size 20112992 bytes, new threshold 8 (max 8)
- age   1:        184 bytes,        184 total
- age   2:         64 bytes,        248 total
- age   3:         64 bytes,        312 total
- age   4:         32 bytes,        344 total
: 488K->8K(109248K), 0,0022233 secs] 240998K->240518K(502464K), 0,0022663 secs] [Times: user=0,01 sys=0,00, real=0,01 secs] 
Heap after GC invocations=368 (full 264):
 par new generation   total 109248K, used 8K [0x00000000e0000000, 0x00000000e8000000, 0x00000000e8000000)
  eden space 87424K,   0% used [0x00000000e0000000, 0x00000000e0000000, 0x00000000e5560000)
  from space 21824K,   0% used [0x00000000e5560000, 0x00000000e5562040, 0x00000000e6ab0000)
  to   space 21824K,   0% used [0x00000000e6ab0000, 0x00000000e6ab0000, 0x00000000e8000000)
 concurrent mark-sweep generation total 393216K, used 240510K [0x00000000e8000000, 0x0000000100000000, 0x0000000100000000)
 Metaspace       used 32742K, capacity 33224K, committed 33732K, reserved 1079296K
  class space    used 3585K, capacity 3736K, committed 3836K, reserved 1048576K
}
2017-07-31T16:13:44.933+0200: 16175,337: [Rescan (parallel) , 0,0004470 secs]2017-07-31T16:13:44.933+0200: 16175,338: [weak refs processing, 0,0003997 secs]2017-07-31T16:13:44.934+0200: 16175,338: [class unloading, 0,0070321 secs]2017-07-31T16:13:44.941+0200: 16175,345: [scrub symbol table, 0,0033646 secs]2017-07-31T16:13:44.944+0200: 16175,349: [scrub string table, 0,0006174 secs][1 CMS-remark: 240510K(393216K)] 240518K(502464K), 0,0144058 secs] [Times: user=0,02 sys=0,00, real=0,02 secs] 
2017-07-31T16:13:44.945+0200: 16175,349: Total time for which application threads were stopped: 0,0145326 seconds, Stopping threads took: 0,0000203 seconds
2017-07-31T16:13:44.945+0200: 16175,350: [CMS-concurrent-sweep-start]
2017-07-31T16:13:44.973+0200: 16175,378: [CMS-concurrent-sweep: 0,028/0,028 secs] [Times: user=0,03 sys=0,00, real=0,03 secs] 
2017-07-31T16:13:44.973+0200: 16175,378: [CMS-concurrent-reset-start]
2017-07-31T16:13:44.974+0200: 16175,378: [CMS-concurrent-reset: 0,001/0,001 secs] [Times: user=0,00 sys=0,00, real=0,00 secs] 
2017-07-31T16:13:46.973+0200: 16177,378: [GC (CMS Initial Mark) [1 CMS-initial-mark: 240509K(393216K)] 241542K(502464K), 0,0008445 secs] [Times: user=0,01 sys=0,00, real=0,00 secs] 
2017-07-31T16:13:46.974+0200: 16177,379: Total time for which application threads were stopped: 0,0010031 seconds, Stopping threads took: 0,0000221 seconds
2017-07-31T16:13:46.974+0200: 16177,379: [CMS-concurrent-mark-start]
2017-07-31T16:13:47.001+0200: 16177,406: [CMS-concurrent-mark: 0,027/0,027 secs] [Times: user=0,10 sys=0,00, real=0,03 secs] 
2017-07-31T16:13:47.001+0200: 16177,406: [CMS-concurrent-preclean-start]
2017-07-31T16:13:47.002+0200: 16177,407: [CMS-concurrent-preclean: 0,001/0,001 secs] [Times: user=0,00 sys=0,00, real=0,00 secs] 
2017-07-31T16:13:47.002+0200: 16177,407: [GC (CMS Final Remark) [YG occupancy: 1032 K (109248 K)]{Heap before GC invocations=368 (full 265):
 par new generation   total 109248K, used 1032K [0x00000000e0000000, 0x00000000e8000000, 0x00000000e8000000)
  eden space 87424K,   1% used [0x00000000e0000000, 0x00000000e0100198, 0x00000000e5560000)
  from space 21824K,   0% used [0x00000000e5560000, 0x00000000e5562040, 0x00000000e6ab0000)
  to   space 21824K,   0% used [0x00000000e6ab0000, 0x00000000e6ab0000, 0x00000000e8000000)
 concurrent mark-sweep generation total 393216K, used 240509K [0x00000000e8000000, 0x0000000100000000, 0x0000000100000000)
 Metaspace       used 32742K, capacity 33224K, committed 33732K, reserved 1079296K
  class space    used 3585K, capacity 3736K, committed 3836K, reserved 1048576K
2017-07-31T16:13:47.002+0200: 16177,407: [GC (CMS Final Remark) 2017-07-31T16:13:47.002+0200: 16177,407: [ParNew
Desired survivor size 20112992 bytes, new threshold 8 (max 8)
- age   1:         96 bytes,         96 total
- age   2:        184 bytes,        280 total
- age   3:         64 bytes,        344 total
: 1032K->6K(109248K), 0,0019640 secs] 241542K->240515K(502464K), 0,0020087 secs] [Times: user=0,00 sys=0,01, real=0,00 secs] 
Heap after GC invocations=369 (full 265):
 par new generation   total 109248K, used 6K [0x00000000e0000000, 0x00000000e8000000, 0x00000000e8000000)
  eden space 87424K,   0% used [0x00000000e0000000, 0x00000000e0000000, 0x00000000e5560000)
  from space 21824K,   0% used [0x00000000e6ab0000, 0x00000000e6ab1830, 0x00000000e8000000)
  to   space 21824K,   0% used [0x00000000e5560000, 0x00000000e5560000, 0x00000000e6ab0000)
 concurrent mark-sweep generation total 393216K, used 240509K [0x00000000e8000000, 0x0000000100000000, 0x0000000100000000)
 Metaspace       used 32742K, capacity 33224K, committed 33732K, reserved 1079296K
  class space    used 3585K, capacity 3736K, committed 3836K, reserved 1048576K
}
2017-07-31T16:13:47.004+0200: 16177,409: [Rescan (parallel) , 0,0006617 secs]2017-07-31T16:13:47.005+0200: 16177,410: [weak refs processing, 0,0003718 secs]2017-07-31T16:13:47.006+0200: 16177,410: [class unloading, 0,0067705 secs]2017-07-31T16:13:47.012+0200: 16177,417: [scrub symbol table, 0,0032107 secs]2017-07-31T16:13:47.016+0200: 16177,420: [scrub string table, 0,0006147 secs][1 CMS-remark: 240509K(393216K)] 240515K(502464K), 0,0139115 secs] [Times: user=0,02 sys=0,01, real=0,01 secs] 
2017-07-31T16:13:47.016+0200: 16177,421: Total time for which application threads were stopped: 0,0140488 seconds, Stopping threads took: 0,0000304 seconds
2017-07-31T16:13:47.016+0200: 16177,421: [CMS-concurrent-sweep-start]
2017-07-31T16:13:47.043+0200: 16177,447: [CMS-concurrent-sweep: 0,026/0,026 secs] [Times: user=0,02 sys=0,00, real=0,03 secs] 
2017-07-31T16:13:47.043+0200: 16177,447: [CMS-concurrent-reset-start]
2017-07-31T16:13:47.043+0200: 16177,448: [CMS-concurrent-reset: 0,001/0,001 secs] [Times: user=0,00 sys=0,00, real=0,00 secs] 
2017-07-31T16:13:49.043+0200: 16179,447: [GC (CMS Initial Mark) [1 CMS-initial-mark: 240509K(393216K)] 242239K(502464K), 0,0008635 secs] [Times: user=0,01 sys=0,00, real=0,00 secs] 
2017-07-31T16:13:49.044+0200: 16179,448: Total time for which application threads were stopped: 0,0010372 seconds, Stopping threads took: 0,0000317 seconds
2017-07-31T16:13:49.044+0200: 16179,448: [CMS-concurrent-mark-start]
2017-07-31T16:13:49.066+0200: 16179,470: [CMS-concurrent-mark: 0,022/0,022 secs] [Times: user=0,09 sys=0,00, real=0,02 secs] 
2017-07-31T16:13:49.066+0200: 16179,470: [CMS-concurrent-preclean-start]
2017-07-31T16:13:49.067+0200: 16179,471: [CMS-concurrent-preclean: 0,001/0,001 secs] [Times: user=0,00 sys=0,00, real=0,00 secs] 
2017-07-31T16:13:49.067+0200: 16179,472: [GC (CMS Final Remark) [YG occupancy: 1729 K (109248 K)]{Heap before GC invocations=369 (full 266):
 par new generation   total 109248K, used 1729K [0x00000000e0000000, 0x00000000e8000000, 0x00000000e8000000)
  eden space 87424K,   1% used [0x00000000e0000000, 0x00000000e01aecd8, 0x00000000e5560000)
  from space 21824K,   0% used [0x00000000e6ab0000, 0x00000000e6ab1830, 0x00000000e8000000)
  to   space 21824K,   0% used [0x00000000e5560000, 0x00000000e5560000, 0x00000000e6ab0000)
 concurrent mark-sweep generation total 393216K, used 240509K [0x00000000e8000000, 0x0000000100000000, 0x0000000100000000)
 Metaspace       used 32742K, capacity 33224K, committed 33732K, reserved 1079296K
  class space    used 3585K, capacity 3736K, committed 3836K, reserved 1048576K
2017-07-31T16:13:49.067+0200: 16179,472: [GC (CMS Final Remark) 2017-07-31T16:13:49.067+0200: 16179,472: [ParNew
Desired survivor size 20112992 bytes, new threshold 8 (max 8)
- age   1:         64 bytes,         64 total
- age   2:         96 bytes,        160 total
- age   3:        184 bytes,        344 total
: 1729K->6K(109248K), 0,0026966 secs] 242239K->240515K(502464K), 0,0027457 secs] [Times: user=0,00 sys=0,00, real=0,00 secs] 
Heap after GC invocations=370 (full 266):
 par new generation   total 109248K, used 6K [0x00000000e0000000, 0x00000000e8000000, 0x00000000e8000000)
  eden space 87424K,   0% used [0x00000000e0000000, 0x00000000e0000000, 0x00000000e5560000)
  from space 21824K,   0% used [0x00000000e5560000, 0x00000000e5561830, 0x00000000e6ab0000)
  to   space 21824K,   0% used [0x00000000e6ab0000, 0x00000000e6ab0000, 0x00000000e8000000)
 concurrent mark-sweep generation total 393216K, used 240509K [0x00000000e8000000, 0x0000000100000000, 0x0000000100000000)
 Metaspace       used 32742K, capacity 33224K, committed 33732K, reserved 1079296K
  class space    used 3585K, capacity 3736K, committed 3836K, reserved 1048576K
}
2017-07-31T16:13:49.070+0200: 16179,474: [Rescan (parallel) , 0,0004859 secs]2017-07-31T16:13:49.070+0200: 16179,475: [weak refs processing, 0,0003749 secs]2017-07-31T16:13:49.071+0200: 16179,475: [class unloading, 0,0068302 secs]2017-07-31T16:13:49.078+0200: 16179,482: [scrub symbol table, 0,0031614 secs]2017-07-31T16:13:49.081+0200: 16179,485: [scrub string table, 0,0006670 secs][1 CMS-remark: 240509K(393216K)] 240515K(502464K), 0,0145352 secs] [Times: user=0,02 sys=0,00, real=0,02 secs] 
2017-07-31T16:13:49.082+0200: 16179,486: Total time for which application threads were stopped: 0,0146923 seconds, Stopping threads took: 0,0000233 seconds
2017-07-31T16:13:49.082+0200: 16179,486: [CMS-concurrent-sweep-start]
2017-07-31T16:13:49.108+0200: 16179,513: [CMS-concurrent-sweep: 0,027/0,027 secs] [Times: user=0,02 sys=0,00, real=0,02 secs] 
2017-07-31T16:13:49.109+0200: 16179,513: [CMS-concurrent-reset-start]
2017-07-31T16:13:49.109+0200: 16179,514: [CMS-concurrent-reset: 0,001/0,001 secs] [Times: user=0,00 sys=0,00, real=0,00 secs] 
2017-07-31T16:13:51.108+0200: 16181,513: [GC (CMS Initial Mark) [1 CMS-initial-mark: 240509K(393216K)] 241097K(502464K), 0,0008123 secs] [Times: user=0,01 sys=0,00, real=0,00 secs] 
2017-07-31T16:13:51.109+0200: 16181,514: Total time for which application threads were stopped: 0,0009611 seconds, Stopping threads took: 0,0000230 seconds
2017-07-31T16:13:51.109+0200: 16181,514: [CMS-concurrent-mark-start]
2017-07-31T16:13:51.135+0200: 16181,539: [CMS-concurrent-mark: 0,026/0,026 secs] [Times: user=0,10 sys=0,00, real=0,03 secs] 
2017-07-31T16:13:51.135+0200: 16181,539: [CMS-concurrent-preclean-start]
2017-07-31T16:13:51.136+0200: 16181,541: [CMS-concurrent-preclean: 0,001/0,001 secs] [Times: user=0,00 sys=0,00, real=0,00 secs] 
2017-07-31T16:13:51.136+0200: 16181,541: [GC (CMS Final Remark) [YG occupancy: 587 K (109248 K)]{Heap before GC invocations=370 (full 267):
 par new generation   total 109248K, used 587K [0x00000000e0000000, 0x00000000e8000000, 0x00000000e8000000)
  eden space 87424K,   0% used [0x00000000e0000000, 0x00000000e00915e8, 0x00000000e5560000)
  from space 21824K,   0% used [0x00000000e5560000, 0x00000000e5561830, 0x00000000e6ab0000)
  to   space 21824K,   0% used [0x00000000e6ab0000, 0x00000000e6ab0000, 0x00000000e8000000)
 concurrent mark-sweep generation total 393216K, used 240509K [0x00000000e8000000, 0x0000000100000000, 0x0000000100000000)
 Metaspace       used 32742K, capacity 33224K, committed 33732K, reserved 1079296K
  class space    used 3585K, capacity 3736K, committed 3836K, reserved 1048576K
2017-07-31T16:13:51.136+0200: 16181,541: [GC (CMS Final Remark) 2017-07-31T16:13:51.136+0200: 16181,541: [ParNew
Desired survivor size 20112992 bytes, new threshold 8 (max 8)
- age   1:         64 bytes,         64 total
- age   2:         64 bytes,        128 total
- age   3:         64 bytes,        192 total
- age   4:        152 bytes,        344 total
: 587K->6K(109248K), 0,0029023 secs] 241097K->240515K(502464K), 0,0029441 secs] [Times: user=0,01 sys=0,00, real=0,00 secs] 
Heap after GC invocations=371 (full 267):
 par new generation   total 109248K, used 6K [0x00000000e0000000, 0x00000000e8000000, 0x00000000e8000000)
  eden space 87424K,   0% used [0x00000000e0000000, 0x00000000e0000000, 0x00000000e5560000)
  from space 21824K,   0% used [0x00000000e6ab0000, 0x00000000e6ab1830, 0x00000000e8000000)
  to   space 21824K,   0% used [0x00000000e5560000, 0x00000000e5560000, 0x00000000e6ab0000)
 concurrent mark-sweep generation total 393216K, used 240509K [0x00000000e8000000, 0x0000000100000000, 0x0000000100000000)
 Metaspace       used 32742K, capacity 33224K, committed 33732K, reserved 1079296K
  class space    used 3585K, capacity 3736K, committed 3836K, reserved 1048576K
}
2017-07-31T16:13:51.139+0200: 16181,544: [Rescan (parallel) , 0,0004908 secs]2017-07-31T16:13:51.140+0200: 16181,544: [weak refs processing, 0,0004501 secs]2017-07-31T16:13:51.140+0200: 16181,545: [class unloading, 0,0068669 secs]2017-07-31T16:13:51.147+0200: 16181,552: [scrub symbol table, 0,0033225 secs]2017-07-31T16:13:51.151+0200: 16181,555: [scrub string table, 0,0005806 secs][1 CMS-remark: 240509K(393216K)] 240515K(502464K), 0,0149116 secs] [Times: user=0,02 sys=0,00, real=0,01 secs] 
2017-07-31T16:13:51.151+0200: 16181,556: Total time for which application threads were stopped: 0,0150295 seconds, Stopping threads took: 0,0000197 seconds
2017-07-31T16:13:51.151+0200: 16181,556: [CMS-concurrent-sweep-start]
2017-07-31T16:13:51.176+0200: 16181,580: [CMS-concurrent-sweep: 0,025/0,025 secs] [Times: user=0,03 sys=0,00, real=0,03 secs] 
2017-07-31T16:13:51.176+0200: 16181,581: [CMS-concurrent-reset-start]
2017-07-31T16:13:51.177+0200: 16181,581: [CMS-concurrent-reset: 0,000/0,000 secs] [Times: user=0,00 sys=0,00, real=0,00 secs] 
2017-07-31T16:13:53.176+0200: 16183,580: [GC (CMS Initial Mark) [1 CMS-initial-mark: 240509K(393216K)] 242249K(502464K), 0,0008264 secs] [Times: user=0,00 sys=0,00, real=0,00 secs] 
2017-07-31T16:13:53.177+0200: 16183,581: Total time for which application threads were stopped: 0,0009728 seconds, Stopping threads took: 0,0000239 seconds
2017-07-31T16:13:53.177+0200: 16183,581: [CMS-concurrent-mark-start]
2017-07-31T16:13:53.200+0200: 16183,604: [CMS-concurrent-mark: 0,023/0,023 secs] [Times: user=0,09 sys=0,00, real=0,02 secs] 
2017-07-31T16:13:53.200+0200: 16183,604: [CMS-concurrent-preclean-start]
2017-07-31T16:13:53.201+0200: 16183,606: [CMS-concurrent-preclean: 0,001/0,001 secs] [Times: user=0,00 sys=0,00, real=0,01 secs] 
2017-07-31T16:13:53.202+0200: 16183,606: [GC (CMS Final Remark) [YG occupancy: 1739 K (109248 K)]{Heap before GC invocations=371 (full 268):
 par new generation   total 109248K, used 1739K [0x00000000e0000000, 0x00000000e8000000, 0x00000000e8000000)
  eden space 87424K,   1% used [0x00000000e0000000, 0x00000000e01b1748, 0x00000000e5560000)
  from space 21824K,   0% used [0x00000000e6ab0000, 0x00000000e6ab1830, 0x00000000e8000000)
  to   space 21824K,   0% used [0x00000000e5560000, 0x00000000e5560000, 0x00000000e6ab0000)
 concurrent mark-sweep generation total 393216K, used 240509K [0x00000000e8000000, 0x0000000100000000, 0x0000000100000000)
 Metaspace       used 32742K, capacity 33224K, committed 33732K, reserved 1079296K
  class space    used 3585K, capacity 3736K, committed 3836K, reserved 1048576K
2017-07-31T16:13:53.202+0200: 16183,606: [GC (CMS Final Remark) 2017-07-31T16:13:53.202+0200: 16183,606: [ParNew
Desired survivor size 20112992 bytes, new threshold 8 (max 8)
- age   1:         64 bytes,         64 total
- age   2:         64 bytes,        128 total
- age   3:         64 bytes,        192 total
- age   5:        152 bytes,        344 total
: 1739K->8K(109248K), 0,0036411 secs] 242249K->240517K(502464K), 0,0036981 secs] [Times: user=0,00 sys=0,00, real=0,00 secs] 
Heap after GC invocations=372 (full 268):
 par new generation   total 109248K, used 8K [0x00000000e0000000, 0x00000000e8000000, 0x00000000e8000000)
  eden space 87424K,   0% used [0x00000000e0000000, 0x00000000e0000000, 0x00000000e5560000)
  from space 21824K,   0% used [0x00000000e5560000, 0x00000000e5562040, 0x00000000e6ab0000)
  to   space 21824K,   0% used [0x00000000e6ab0000, 0x00000000e6ab0000, 0x00000000e8000000)
 concurrent mark-sweep generation total 393216K, used 240509K [0x00000000e8000000, 0x0000000100000000, 0x0000000100000000)
 Metaspace       used 32742K, capacity 33224K, committed 33732K, reserved 1079296K
  class space    used 3585K, capacity 3736K, committed 3836K, reserved 1048576K
}
2017-07-31T16:13:53.205+0200: 16183,610: [Rescan (parallel) , 0,0005672 secs]2017-07-31T16:13:53.206+0200: 16183,611: [weak refs processing, 0,0004003 secs]2017-07-31T16:13:53.206+0200: 16183,611: [class unloading, 0,0071043 secs]2017-07-31T16:13:53.214+0200: 16183,618: [scrub symbol table, 0,0035899 secs]2017-07-31T16:13:53.217+0200: 16183,622: [scrub string table, 0,0006287 secs][1 CMS-remark: 240509K(393216K)] 240517K(502464K), 0,0162487 secs] [Times: user=0,03 sys=0,00, real=0,01 secs] 
2017-07-31T16:13:53.218+0200: 16183,622: Total time for which application threads were stopped: 0,0163838 seconds, Stopping threads took: 0,0000294 seconds
2017-07-31T16:13:53.218+0200: 16183,622: [CMS-concurrent-sweep-start]
2017-07-31T16:13:53.244+0200: 16183,649: [CMS-concurrent-sweep: 0,026/0,026 secs] [Times: user=0,02 sys=0,00, real=0,03 secs] 
2017-07-31T16:13:53.244+0200: 16183,649: [CMS-concurrent-reset-start]
2017-07-31T16:13:53.245+0200: 16183,649: [CMS-concurrent-reset: 0,001/0,001 secs] [Times: user=0,00 sys=0,00, real=0,00 secs] 
2017-07-31T16:13:55.244+0200: 16185,649: [GC (CMS Initial Mark) [1 CMS-initial-mark: 240509K(393216K)] 241204K(502464K), 0,0009983 secs] [Times: user=0,00 sys=0,00, real=0,00 secs] 
2017-07-31T16:13:55.245+0200: 16185,650: Total time for which application threads were stopped: 0,0011834 seconds, Stopping threads took: 0,0000565 seconds
2017-07-31T16:13:55.245+0200: 16185,650: [CMS-concurrent-mark-start]
2017-07-31T16:13:55.271+0200: 16185,676: [CMS-concurrent-mark: 0,026/0,026 secs] [Times: user=0,11 sys=0,00, real=0,02 secs] 
2017-07-31T16:13:55.272+0200: 16185,676: [CMS-concurrent-preclean-start]
2017-07-31T16:13:55.273+0200: 16185,678: [CMS-concurrent-preclean: 0,002/0,002 secs] [Times: user=0,00 sys=0,00, real=0,01 secs] 
2017-07-31T16:13:55.273+0200: 16185,678: [GC (CMS Final Remark) [YG occupancy: 694 K (109248 K)]{Heap before GC invocations=372 (full 269):
 par new generation   total 109248K, used 694K [0x00000000e0000000, 0x00000000e8000000, 0x00000000e8000000)
  eden space 87424K,   0% used [0x00000000e0000000, 0x00000000e00ab9a0, 0x00000000e5560000)
  from space 21824K,   0% used [0x00000000e5560000, 0x00000000e5562040, 0x00000000e6ab0000)
  to   space 21824K,   0% used [0x00000000e6ab0000, 0x00000000e6ab0000, 0x00000000e8000000)
 concurrent mark-sweep generation total 393216K, used 240509K [0x00000000e8000000, 0x0000000100000000, 0x0000000100000000)
 Metaspace       used 32742K, capacity 33224K, committed 33732K, reserved 1079296K
  class space    used 3585K, capacity 3736K, committed 3836K, reserved 1048576K
2017-07-31T16:13:55.274+0200: 16185,678: [GC (CMS Final Remark) 2017-07-31T16:13:55.274+0200: 16185,678: [ParNew
Desired survivor size 20112992 bytes, new threshold 8 (max 8)
- age   1:         64 bytes,         64 total
- age   2:         64 bytes,        128 total
- age   3:         64 bytes,        192 total
- age   6:        152 bytes,        344 total
: 694K->6K(109248K), 0,0027934 secs] 241204K->240515K(502464K), 0,0028543 secs] [Times: user=0,00 sys=0,01, real=0,00 secs] 
Heap after GC invocations=373 (full 269):
 par new generation   total 109248K, used 6K [0x00000000e0000000, 0x00000000e8000000, 0x00000000e8000000)
  eden space 87424K,   0% used [0x00000000e0000000, 0x00000000e0000000, 0x00000000e5560000)
  from space 21824K,   0% used [0x00000000e6ab0000, 0x00000000e6ab1830, 0x00000000e8000000)
  to   space 21824K,   0% used [0x00000000e5560000, 0x00000000e5560000, 0x00000000e6ab0000)
 concurrent mark-sweep generation total 393216K, used 240509K [0x00000000e8000000, 0x0000000100000000, 0x0000000100000000)
 Metaspace       used 32742K, capacity 33224K, committed 33732K, reserved 1079296K
  class space    used 3585K, capacity 3736K, committed 3836K, reserved 1048576K
}
2017-07-31T16:13:55.276+0200: 16185,681: [Rescan (parallel) , 0,0005370 secs]2017-07-31T16:13:55.277+0200: 16185,681: [weak refs processing, 0,0004679 secs]2017-07-31T16:13:55.277+0200: 16185,682: [class unloading, 0,0075539 secs]2017-07-31T16:13:55.285+0200: 16185,690: [scrub symbol table, 0,0036239 secs]2017-07-31T16:13:55.289+0200: 16185,693: [scrub string table, 0,0006572 secs][1 CMS-remark: 240509K(393216K)] 240515K(502464K), 0,0159418 secs] [Times: user=0,01 sys=0,01, real=0,01 secs] 
2017-07-31T16:13:55.289+0200: 16185,694: Total time for which application threads were stopped: 0,0160895 seconds, Stopping threads took: 0,0000333 seconds
2017-07-31T16:13:55.290+0200: 16185,694: [CMS-concurrent-sweep-start]
2017-07-31T16:13:55.319+0200: 16185,723: [CMS-concurrent-sweep: 0,029/0,029 secs] [Times: user=0,03 sys=0,00, real=0,03 secs] 
2017-07-31T16:13:55.319+0200: 16185,723: [CMS-concurrent-reset-start]
2017-07-31T16:13:55.319+0200: 16185,724: [CMS-concurrent-reset: 0,001/0,001 secs] [Times: user=0,00 sys=0,00, real=0,00 secs] 
2017-07-31T16:13:57.318+0200: 16187,723: [GC (CMS Initial Mark) [1 CMS-initial-mark: 240509K(393216K)] 241286K(502464K), 0,0008083 secs] [Times: user=0,00 sys=0,00, real=0,00 secs] 
2017-07-31T16:13:57.319+0200: 16187,724: Total time for which application threads were stopped: 0,0009635 seconds, Stopping threads took: 0,0000239 seconds
2017-07-31T16:13:57.319+0200: 16187,724: [CMS-concurrent-mark-start]
2017-07-31T16:13:57.347+0200: 16187,751: [CMS-concurrent-mark: 0,028/0,028 secs] [Times: user=0,11 sys=0,00, real=0,03 secs] 
2017-07-31T16:13:57.347+0200: 16187,752: [CMS-concurrent-preclean-start]
2017-07-31T16:13:57.349+0200: 16187,753: [CMS-concurrent-preclean: 0,002/0,002 secs] [Times: user=0,00 sys=0,00, real=0,00 secs] 
2017-07-31T16:13:57.349+0200: 16187,754: [GC (CMS Final Remark) [YG occupancy: 776 K (109248 K)]{Heap before GC invocations=373 (full 270):
 par new generation   total 109248K, used 776K [0x00000000e0000000, 0x00000000e8000000, 0x00000000e8000000)
  eden space 87424K,   0% used [0x00000000e0000000, 0x00000000e00c0938, 0x00000000e5560000)
  from space 21824K,   0% used [0x00000000e6ab0000, 0x00000000e6ab1830, 0x00000000e8000000)
  to   space 21824K,   0% used [0x00000000e5560000, 0x00000000e5560000, 0x00000000e6ab0000)
 concurrent mark-sweep generation total 393216K, used 240509K [0x00000000e8000000, 0x0000000100000000, 0x0000000100000000)
 Metaspace       used 32742K, capacity 33224K, committed 33732K, reserved 1079296K
  class space    used 3585K, capacity 3736K, committed 3836K, reserved 1048576K
2017-07-31T16:13:57.349+0200: 16187,754: [GC (CMS Final Remark) 2017-07-31T16:13:57.349+0200: 16187,754: [ParNew
Desired survivor size 20112992 bytes, new threshold 8 (max 8)
- age   1:         64 bytes,         64 total
- age   2:         64 bytes,        128 total
- age   3:         64 bytes,        192 total
- age   7:        152 bytes,        344 total
: 776K->8K(109248K), 0,0040440 secs] 241286K->240517K(502464K), 0,0041091 secs] [Times: user=0,01 sys=0,00, real=0,01 secs] 
Heap after GC invocations=374 (full 270):
 par new generation   total 109248K, used 8K [0x00000000e0000000, 0x00000000e8000000, 0x00000000e8000000)
  eden space 87424K,   0% used [0x00000000e0000000, 0x00000000e0000000, 0x00000000e5560000)
  from space 21824K,   0% used [0x00000000e5560000, 0x00000000e5562040, 0x00000000e6ab0000)
  to   space 21824K,   0% used [0x00000000e6ab0000, 0x00000000e6ab0000, 0x00000000e8000000)
 concurrent mark-sweep generation total 393216K, used 240509K [0x00000000e8000000, 0x0000000100000000, 0x0000000100000000)
 Metaspace       used 32742K, capacity 33224K, committed 33732K, reserved 1079296K
  class space    used 3585K, capacity 3736K, committed 3836K, reserved 1048576K
}
2017-07-31T16:13:57.353+0200: 16187,758: [Rescan (parallel) , 0,0004906 secs]2017-07-31T16:13:57.354+0200: 16187,758: [weak refs processing, 0,0004785 secs]2017-07-31T16:13:57.354+0200: 16187,759: [class unloading, 0,0089147 secs]2017-07-31T16:13:57.363+0200: 16187,768: [scrub symbol table, 0,0038048 secs]2017-07-31T16:13:57.367+0200: 16187,772: [scrub string table, 0,0006568 secs][1 CMS-remark: 240509K(393216K)] 240517K(502464K), 0,0187823 secs] [Times: user=0,03 sys=0,00, real=0,02 secs] 
2017-07-31T16:13:57.368+0200: 16187,772: Total time for which application threads were stopped: 0,0189340 seconds, Stopping threads took: 0,0000336 seconds
2017-07-31T16:13:57.368+0200: 16187,772: [CMS-concurrent-sweep-start]
2017-07-31T16:13:57.398+0200: 16187,802: [CMS-concurrent-sweep: 0,030/0,030 secs] [Times: user=0,03 sys=0,00, real=0,03 secs] 
2017-07-31T16:13:57.398+0200: 16187,802: [CMS-concurrent-reset-start]
2017-07-31T16:13:57.399+0200: 16187,803: [CMS-concurrent-reset: 0,001/0,001 secs] [Times: user=0,00 sys=0,00, real=0,00 secs] 
2017-07-31T16:13:59.398+0200: 16189,802: [GC (CMS Initial Mark) [1 CMS-initial-mark: 240509K(393216K)] 242241K(502464K), 0,0006830 secs] [Times: user=0,00 sys=0,00, real=0,00 secs] 
2017-07-31T16:13:59.399+0200: 16189,803: Total time for which application threads were stopped: 0,0008264 seconds, Stopping threads took: 0,0000433 seconds
2017-07-31T16:13:59.399+0200: 16189,803: [CMS-concurrent-mark-start]
2017-07-31T16:13:59.418+0200: 16189,822: [CMS-concurrent-mark: 0,019/0,019 secs] [Times: user=0,08 sys=0,00, real=0,02 secs] 
2017-07-31T16:13:59.418+0200: 16189,822: [CMS-concurrent-preclean-start]
2017-07-31T16:13:59.419+0200: 16189,823: [CMS-concurrent-preclean: 0,001/0,001 secs] [Times: user=0,00 sys=0,00, real=0,00 secs] 
2017-07-31T16:13:59.419+0200: 16189,823: [GC (CMS Final Remark) [YG occupancy: 1731 K (109248 K)]{Heap before GC invocations=374 (full 271):
 par new generation   total 109248K, used 1731K [0x00000000e0000000, 0x00000000e8000000, 0x00000000e8000000)
  eden space 87424K,   1% used [0x00000000e0000000, 0x00000000e01aecd8, 0x00000000e5560000)
  from space 21824K,   0% used [0x00000000e5560000, 0x00000000e5562040, 0x00000000e6ab0000)
  to   space 21824K,   0% used [0x00000000e6ab0000, 0x00000000e6ab0000, 0x00000000e8000000)
 concurrent mark-sweep generation total 393216K, used 240509K [0x00000000e8000000, 0x0000000100000000, 0x0000000100000000)
 Metaspace       used 32742K, capacity 33224K, committed 33732K, reserved 1079296K
  class space    used 3585K, capacity 3736K, committed 3836K, reserved 1048576K
2017-07-31T16:13:59.419+0200: 16189,823: [GC (CMS Final Remark) 2017-07-31T16:13:59.419+0200: 16189,823: [ParNew
Desired survivor size 20112992 bytes, new threshold 8 (max 8)
- age   1:         64 bytes,         64 total
- age   2:         64 bytes,        128 total
- age   3:         64 bytes,        192 total
- age   8:        152 bytes,        344 total
: 1731K->8K(109248K), 0,0013782 secs] 242241K->240517K(502464K), 0,0014183 secs] [Times: user=0,00 sys=0,00, real=0,01 secs] 
Heap after GC invocations=375 (full 271):
 par new generation   total 109248K, used 8K [0x00000000e0000000, 0x00000000e8000000, 0x00000000e8000000)
  eden space 87424K,   0% used [0x00000000e0000000, 0x00000000e0000000, 0x00000000e5560000)
  from space 21824K,   0% used [0x00000000e6ab0000, 0x00000000e6ab2040, 0x00000000e8000000)
  to   space 21824K,   0% used [0x00000000e5560000, 0x00000000e5560000, 0x00000000e6ab0000)
 concurrent mark-sweep generation total 393216K, used 240509K [0x00000000e8000000, 0x0000000100000000, 0x0000000100000000)
 Metaspace       used 32742K, capacity 33224K, committed 33732K, reserved 1079296K
  class space    used 3585K, capacity 3736K, committed 3836K, reserved 1048576K
}
2017-07-31T16:13:59.420+0200: 16189,825: [Rescan (parallel) , 0,0004136 secs]2017-07-31T16:13:59.421+0200: 16189,825: [weak refs processing, 0,0002770 secs]2017-07-31T16:13:59.421+0200: 16189,825: [class unloading, 0,0061878 secs]2017-07-31T16:13:59.427+0200: 16189,832: [scrub symbol table, 0,0029199 secs]2017-07-31T16:13:59.430+0200: 16189,835: [scrub string table, 0,0004948 secs][1 CMS-remark: 240509K(393216K)] 240517K(502464K), 0,0119577 secs] [Times: user=0,01 sys=0,01, real=0,01 secs] 
2017-07-31T16:13:59.431+0200: 16189,835: Total time for which application threads were stopped: 0,0120588 seconds, Stopping threads took: 0,0000205 seconds
2017-07-31T16:13:59.431+0200: 16189,835: [CMS-concurrent-sweep-start]
2017-07-31T16:13:59.453+0200: 16189,857: [CMS-concurrent-sweep: 0,022/0,022 secs] [Times: user=0,02 sys=0,00, real=0,03 secs] 
2017-07-31T16:13:59.453+0200: 16189,858: [CMS-concurrent-reset-start]
2017-07-31T16:13:59.454+0200: 16189,858: [CMS-concurrent-reset: 0,000/0,000 secs] [Times: user=0,00 sys=0,00, real=0,00 secs] 
2017-07-31T16:14:01.453+0200: 16191,857: [GC (CMS Initial Mark) [1 CMS-initial-mark: 240509K(393216K)] 241099K(502464K), 0,0007390 secs] [Times: user=0,01 sys=0,00, real=0,00 secs] 
2017-07-31T16:14:01.453+0200: 16191,858: Total time for which application threads were stopped: 0,0008612 seconds, Stopping threads took: 0,0000197 seconds
2017-07-31T16:14:01.454+0200: 16191,858: [CMS-concurrent-mark-start]
2017-07-31T16:14:01.473+0200: 16191,877: [CMS-concurrent-mark: 0,019/0,019 secs] [Times: user=0,07 sys=0,00, real=0,02 secs] 
2017-07-31T16:14:01.473+0200: 16191,877: [CMS-concurrent-preclean-start]
2017-07-31T16:14:01.474+0200: 16191,878: [CMS-concurrent-preclean: 0,001/0,001 secs] [Times: user=0,00 sys=0,00, real=0,00 secs] 
2017-07-31T16:14:01.474+0200: 16191,878: [GC (CMS Final Remark) [YG occupancy: 589 K (109248 K)]{Heap before GC invocations=375 (full 272):
 par new generation   total 109248K, used 589K [0x00000000e0000000, 0x00000000e8000000, 0x00000000e8000000)
  eden space 87424K,   0% used [0x00000000e0000000, 0x00000000e00915e8, 0x00000000e5560000)
  from space 21824K,   0% used [0x00000000e6ab0000, 0x00000000e6ab2040, 0x00000000e8000000)
  to   space 21824K,   0% used [0x00000000e5560000, 0x00000000e5560000, 0x00000000e6ab0000)
 concurrent mark-sweep generation total 393216K, used 240509K [0x00000000e8000000, 0x0000000100000000, 0x0000000100000000)
 Metaspace       used 32742K, capacity 33224K, committed 33732K, reserved 1079296K
  class space    used 3585K, capacity 3736K, committed 3836K, reserved 1048576K
2017-07-31T16:14:01.474+0200: 16191,878: [GC (CMS Final Remark) 2017-07-31T16:14:01.474+0200: 16191,878: [ParNew
Desired survivor size 20112992 bytes, new threshold 8 (max 8)
- age   1:         64 bytes,         64 total
- age   2:         64 bytes,        128 total
- age   3:         64 bytes,        192 total
: 589K->6K(109248K), 0,0012496 secs] 241099K->240516K(502464K), 0,0012922 secs] [Times: user=0,01 sys=0,00, real=0,00 secs] 
Heap after GC invocations=376 (full 272):
 par new generation   total 109248K, used 6K [0x00000000e0000000, 0x00000000e8000000, 0x00000000e8000000)
  eden space 87424K,   0% used [0x00000000e0000000, 0x00000000e0000000, 0x00000000e5560000)
  from space 21824K,   0% used [0x00000000e5560000, 0x00000000e5561830, 0x00000000e6ab0000)
  to   space 21824K,   0% used [0x00000000e6ab0000, 0x00000000e6ab0000, 0x00000000e8000000)
 concurrent mark-sweep generation total 393216K, used 240510K [0x00000000e8000000, 0x0000000100000000, 0x0000000100000000)
 Metaspace       used 32742K, capacity 33224K, committed 33732K, reserved 1079296K
  class space    used 3585K, capacity 3736K, committed 3836K, reserved 1048576K
}
2017-07-31T16:14:01.475+0200: 16191,880: [Rescan (parallel) , 0,0004507 secs]2017-07-31T16:14:01.476+0200: 16191,880: [weak refs processing, 0,0019970 secs]2017-07-31T16:14:01.478+0200: 16191,882: [class unloading, 0,0060611 secs]2017-07-31T16:14:01.484+0200: 16191,888: [scrub symbol table, 0,0029835 secs]2017-07-31T16:14:01.487+0200: 16191,891: [scrub string table, 0,0005013 secs][1 CMS-remark: 240510K(393216K)] 240516K(502464K), 0,0135396 secs] [Times: user=0,02 sys=0,00, real=0,01 secs] 
2017-07-31T16:14:01.487+0200: 16191,892: Total time for which application threads were stopped: 0,0136666 seconds, Stopping threads took: 0,0000285 seconds
2017-07-31T16:14:01.487+0200: 16191,892: [CMS-concurrent-sweep-start]
2017-07-31T16:14:01.509+0200: 16191,913: [CMS-concurrent-sweep: 0,022/0,022 secs] [Times: user=0,03 sys=0,00, real=0,02 secs] 
2017-07-31T16:14:01.509+0200: 16191,913: [CMS-concurrent-reset-start]
2017-07-31T16:14:01.509+0200: 16191,914: [CMS-concurrent-reset: 0,000/0,000 secs] [Times: user=0,00 sys=0,00, real=0,00 secs] 
2017-07-31T16:14:03.509+0200: 16193,913: [GC (CMS Initial Mark) [1 CMS-initial-mark: 240510K(393216K)] 242682K(502464K), 0,0010176 secs] [Times: user=0,00 sys=0,00, real=0,00 secs] 
2017-07-31T16:14:03.510+0200: 16193,914: Total time for which application threads were stopped: 0,0011694 seconds, Stopping threads took: 0,0000321 seconds
2017-07-31T16:14:03.510+0200: 16193,914: [CMS-concurrent-mark-start]
2017-07-31T16:14:03.540+0200: 16193,945: [CMS-concurrent-mark: 0,030/0,030 secs] [Times: user=0,12 sys=0,00, real=0,04 secs] 
2017-07-31T16:14:03.540+0200: 16193,945: [CMS-concurrent-preclean-start]
2017-07-31T16:14:03.541+0200: 16193,946: [CMS-concurrent-preclean: 0,001/0,001 secs] [Times: user=0,00 sys=0,00, real=0,00 secs] 
2017-07-31T16:14:03.541+0200: 16193,946: [CMS-concurrent-abortable-preclean-start]
2017-07-31T16:14:07.977+0200: 16198,381: Total time for which application threads were stopped: 0,0001069 seconds, Stopping threads took: 0,0000240 seconds
2017-07-31T16:14:07.997+0200: 16198,401: Total time for which application threads were stopped: 0,0001478 seconds, Stopping threads took: 0,0000440 seconds
2017-07-31T16:14:07.998+0200: 16198,402: Total time for which application threads were stopped: 0,0001097 seconds, Stopping threads took: 0,0000400 seconds
2017-07-31T16:14:07.998+0200: 16198,403: Total time for which application threads were stopped: 0,0001051 seconds, Stopping threads took: 0,0000426 seconds
2017-07-31T16:14:07.999+0200: 16198,404: Total time for which application threads were stopped: 0,0000950 seconds, Stopping threads took: 0,0000342 seconds
2017-07-31T16:14:08.001+0200: 16198,405: Total time for which application threads were stopped: 0,0001336 seconds, Stopping threads took: 0,0000238 seconds
2017-07-31T16:14:08.002+0200: 16198,406: Total time for which application threads were stopped: 0,0001129 seconds, Stopping threads took: 0,0000228 seconds
2017-07-31T16:14:08.003+0200: 16198,408: Total time for which application threads were stopped: 0,0001279 seconds, Stopping threads took: 0,0000257 seconds
2017-07-31T16:14:08.005+0200: 16198,409: Total time for which application threads were stopped: 0,0001224 seconds, Stopping threads took: 0,0000238 seconds
 CMS: abort preclean due to time 2017-07-31T16:14:09.628+0200: 16200,033: [CMS-concurrent-abortable-preclean: 0,090/6,087 secs] [Times: user=0,29 sys=0,00, real=6,08 secs] 
2017-07-31T16:14:09.628+0200: 16200,033: [GC (CMS Final Remark) [YG occupancy: 7828 K (109248 K)]{Heap before GC invocations=376 (full 273):
 par new generation   total 109248K, used 7828K [0x00000000e0000000, 0x00000000e8000000, 0x00000000e8000000)
  eden space 87424K,   8% used [0x00000000e0000000, 0x00000000e07a3a00, 0x00000000e5560000)
  from space 21824K,   0% used [0x00000000e5560000, 0x00000000e5561830, 0x00000000e6ab0000)
  to   space 21824K,   0% used [0x00000000e6ab0000, 0x00000000e6ab0000, 0x00000000e8000000)
 concurrent mark-sweep generation total 393216K, used 240510K [0x00000000e8000000, 0x0000000100000000, 0x0000000100000000)
 Metaspace       used 32755K, capacity 33224K, committed 33732K, reserved 1079296K
  class space    used 3585K, capacity 3736K, committed 3836K, reserved 1048576K
2017-07-31T16:14:09.629+0200: 16200,033: [GC (CMS Final Remark) 2017-07-31T16:14:09.629+0200: 16200,033: [ParNew
Desired survivor size 20112992 bytes, new threshold 8 (max 8)
- age   1:     104416 bytes,     104416 total
: 7828K->107K(109248K), 0,0030643 secs] 248338K->240617K(502464K), 0,0031244 secs] [Times: user=0,01 sys=0,00, real=0,00 secs] 
Heap after GC invocations=377 (full 273):
 par new generation   total 109248K, used 107K [0x00000000e0000000, 0x00000000e8000000, 0x00000000e8000000)
  eden space 87424K,   0% used [0x00000000e0000000, 0x00000000e0000000, 0x00000000e5560000)
  from space 21824K,   0% used [0x00000000e6ab0000, 0x00000000e6acad80, 0x00000000e8000000)
  to   space 21824K,   0% used [0x00000000e5560000, 0x00000000e5560000, 0x00000000e6ab0000)
 concurrent mark-sweep generation total 393216K, used 240510K [0x00000000e8000000, 0x0000000100000000, 0x0000000100000000)
 Metaspace       used 32755K, capacity 33224K, committed 33732K, reserved 1079296K
  class space    used 3585K, capacity 3736K, committed 3836K, reserved 1048576K
}
2017-07-31T16:14:09.632+0200: 16200,036: [Rescan (parallel) , 0,0009628 secs]2017-07-31T16:14:09.633+0200: 16200,037: [weak refs processing, 0,0005121 secs]2017-07-31T16:14:09.633+0200: 16200,038: [class unloading, 0,0089445 secs]2017-07-31T16:14:09.642+0200: 16200,047: [scrub symbol table, 0,0040427 secs]2017-07-31T16:14:09.646+0200: 16200,051: [scrub string table, 0,0007406 secs][1 CMS-remark: 240510K(393216K)] 240617K(502464K), 0,0187531 secs] [Times: user=0,03 sys=0,00, real=0,02 secs] 
2017-07-31T16:14:09.647+0200: 16200,052: Total time for which application threads were stopped: 0,0188986 seconds, Stopping threads took: 0,0000250 seconds
2017-07-31T16:14:09.647+0200: 16200,052: [CMS-concurrent-sweep-start]
2017-07-31T16:14:09.683+0200: 16200,087: [CMS-concurrent-sweep: 0,035/0,035 secs] [Times: user=0,03 sys=0,00, real=0,04 secs] 
2017-07-31T16:14:09.683+0200: 16200,087: [CMS-concurrent-reset-start]
2017-07-31T16:14:09.684+0200: 16200,088: [CMS-concurrent-reset: 0,001/0,001 secs] [Times: user=0,00 sys=0,00, real=0,00 secs] 
2017-07-31T16:14:11.683+0200: 16202,087: [GC (CMS Initial Mark) [1 CMS-initial-mark: 240510K(393216K)] 241641K(502464K), 0,0012113 secs] [Times: user=0,00 sys=0,00, real=0,00 secs] 
2017-07-31T16:14:11.684+0200: 16202,089: Total time for which application threads were stopped: 0,0013703 seconds, Stopping threads took: 0,0000238 seconds
2017-07-31T16:14:11.684+0200: 16202,089: [CMS-concurrent-mark-start]
2017-07-31T16:14:11.712+0200: 16202,116: [CMS-concurrent-mark: 0,027/0,027 secs] [Times: user=0,10 sys=0,00, real=0,02 secs] 
2017-07-31T16:14:11.712+0200: 16202,116: [CMS-concurrent-preclean-start]
2017-07-31T16:14:11.713+0200: 16202,118: [CMS-concurrent-preclean: 0,002/0,002 secs] [Times: user=0,00 sys=0,00, real=0,01 secs] 
2017-07-31T16:14:11.714+0200: 16202,118: [GC (CMS Final Remark) [YG occupancy: 1131 K (109248 K)]{Heap before GC invocations=377 (full 274):
 par new generation   total 109248K, used 1131K [0x00000000e0000000, 0x00000000e8000000, 0x00000000e8000000)
  eden space 87424K,   1% used [0x00000000e0000000, 0x00000000e0100198, 0x00000000e5560000)
  from space 21824K,   0% used [0x00000000e6ab0000, 0x00000000e6acad80, 0x00000000e8000000)
  to   space 21824K,   0% used [0x00000000e5560000, 0x00000000e5560000, 0x00000000e6ab0000)
 concurrent mark-sweep generation total 393216K, used 240510K [0x00000000e8000000, 0x0000000100000000, 0x0000000100000000)
 Metaspace       used 32755K, capacity 33224K, committed 33732K, reserved 1079296K
  class space    used 3585K, capacity 3736K, committed 3836K, reserved 1048576K
2017-07-31T16:14:11.714+0200: 16202,118: [GC (CMS Final Remark) 2017-07-31T16:14:11.714+0200: 16202,118: [ParNew
Desired survivor size 20112992 bytes, new threshold 8 (max 8)
- age   1:         96 bytes,         96 total
- age   2:     104320 bytes,     104416 total
: 1131K->138K(109248K), 0,0048748 secs] 241641K->240648K(502464K), 0,0049445 secs] [Times: user=0,01 sys=0,00, real=0,00 secs] 
Heap after GC invocations=378 (full 274):
 par new generation   total 109248K, used 138K [0x00000000e0000000, 0x00000000e8000000, 0x00000000e8000000)
  eden space 87424K,   0% used [0x00000000e0000000, 0x00000000e0000000, 0x00000000e5560000)
  from space 21824K,   0% used [0x00000000e5560000, 0x00000000e5582a28, 0x00000000e6ab0000)
  to   space 21824K,   0% used [0x00000000e6ab0000, 0x00000000e6ab0000, 0x00000000e8000000)
 concurrent mark-sweep generation total 393216K, used 240510K [0x00000000e8000000, 0x0000000100000000, 0x0000000100000000)
 Metaspace       used 32755K, capacity 33224K, committed 33732K, reserved 1079296K
  class space    used 3585K, capacity 3736K, committed 3836K, reserved 1048576K
}
2017-07-31T16:14:11.719+0200: 16202,123: [Rescan (parallel) , 0,0007067 secs]2017-07-31T16:14:11.719+0200: 16202,124: [weak refs processing, 0,0005547 secs]2017-07-31T16:14:11.720+0200: 16202,124: [class unloading, 0,0080149 secs]2017-07-31T16:14:11.728+0200: 16202,132: [scrub symbol table, 0,0036530 secs]2017-07-31T16:14:11.732+0200: 16202,136: [scrub string table, 0,0006908 secs][1 CMS-remark: 240510K(393216K)] 240648K(502464K), 0,0188419 secs] [Times: user=0,03 sys=0,00, real=0,02 secs] 
2017-07-31T16:14:11.732+0200: 16202,137: Total time for which application threads were stopped: 0,0189848 seconds, Stopping threads took: 0,0000225 seconds
2017-07-31T16:14:11.733+0200: 16202,137: [CMS-concurrent-sweep-start]
2017-07-31T16:14:11.763+0200: 16202,167: [CMS-concurrent-sweep: 0,030/0,030 secs] [Times: user=0,03 sys=0,00, real=0,03 secs] 
2017-07-31T16:14:11.763+0200: 16202,167: [CMS-concurrent-reset-start]
2017-07-31T16:14:11.763+0200: 16202,168: [CMS-concurrent-reset: 0,001/0,001 secs] [Times: user=0,00 sys=0,00, real=0,00 secs] 
2017-07-31T16:14:13.556+0200: 16203,961: Total time for which application threads were stopped: 0,0001212 seconds, Stopping threads took: 0,0000239 seconds
2017-07-31T16:14:13.764+0200: 16204,168: [GC (CMS Initial Mark) [1 CMS-initial-mark: 240429K(393216K)] 242599K(502464K), 0,0011233 secs] [Times: user=0,00 sys=0,01, real=0,00 secs] 
2017-07-31T16:14:13.765+0200: 16204,169: Total time for which application threads were stopped: 0,0012849 seconds, Stopping threads took: 0,0000245 seconds
2017-07-31T16:14:13.765+0200: 16204,169: [CMS-concurrent-mark-start]
2017-07-31T16:14:13.792+0200: 16204,196: [CMS-concurrent-mark: 0,027/0,027 secs] [Times: user=0,10 sys=0,00, real=0,02 secs] 
2017-07-31T16:14:13.792+0200: 16204,196: [CMS-concurrent-preclean-start]
2017-07-31T16:14:13.793+0200: 16204,198: [CMS-concurrent-preclean: 0,002/0,002 secs] [Times: user=0,00 sys=0,00, real=0,01 secs] 
2017-07-31T16:14:13.794+0200: 16204,198: [GC (CMS Final Remark) [YG occupancy: 2169 K (109248 K)]{Heap before GC invocations=378 (full 275):
 par new generation   total 109248K, used 2169K [0x00000000e0000000, 0x00000000e8000000, 0x00000000e8000000)
  eden space 87424K,   2% used [0x00000000e0000000, 0x00000000e01fbd58, 0x00000000e5560000)
  from space 21824K,   0% used [0x00000000e5560000, 0x00000000e5582a28, 0x00000000e6ab0000)
  to   space 21824K,   0% used [0x00000000e6ab0000, 0x00000000e6ab0000, 0x00000000e8000000)
 concurrent mark-sweep generation total 393216K, used 240429K [0x00000000e8000000, 0x0000000100000000, 0x0000000100000000)
 Metaspace       used 32762K, capacity 33224K, committed 33732K, reserved 1079296K
  class space    used 3585K, capacity 3736K, committed 3836K, reserved 1048576K
2017-07-31T16:14:13.794+0200: 16204,198: [GC (CMS Final Remark) 2017-07-31T16:14:13.794+0200: 16204,198: [ParNew
Desired survivor size 20112992 bytes, new threshold 8 (max 8)
- age   1:       3536 bytes,       3536 total
- age   2:         96 bytes,       3632 total
- age   3:     103960 bytes,     107592 total
: 2169K->131K(109248K), 0,0049557 secs] 242599K->240561K(502464K), 0,0050332 secs] [Times: user=0,01 sys=0,00, real=0,00 secs] 
Heap after GC invocations=379 (full 275):
 par new generation   total 109248K, used 131K [0x00000000e0000000, 0x00000000e8000000, 0x00000000e8000000)
  eden space 87424K,   0% used [0x00000000e0000000, 0x00000000e0000000, 0x00000000e5560000)
  from space 21824K,   0% used [0x00000000e6ab0000, 0x00000000e6ad0e30, 0x00000000e8000000)
  to   space 21824K,   0% used [0x00000000e5560000, 0x00000000e5560000, 0x00000000e6ab0000)
 concurrent mark-sweep generation total 393216K, used 240429K [0x00000000e8000000, 0x0000000100000000, 0x0000000100000000)
 Metaspace       used 32762K, capacity 33224K, committed 33732K, reserved 1079296K
  class space    used 3585K, capacity 3736K, committed 3836K, reserved 1048576K
}
2017-07-31T16:14:13.799+0200: 16204,203: [Rescan (parallel) , 0,0007213 secs]2017-07-31T16:14:13.800+0200: 16204,204: [weak refs processing, 0,0005803 secs]2017-07-31T16:14:13.800+0200: 16204,205: [class unloading, 0,0081403 secs]2017-07-31T16:14:13.808+0200: 16204,213: [scrub symbol table, 0,0037258 secs]2017-07-31T16:14:13.812+0200: 16204,217: [scrub string table, 0,0006786 secs][1 CMS-remark: 240429K(393216K)] 240561K(502464K), 0,0191617 secs] [Times: user=0,03 sys=0,00, real=0,02 secs] 
2017-07-31T16:14:13.813+0200: 16204,217: Total time for which application threads were stopped: 0,0193042 seconds, Stopping threads took: 0,0000237 seconds
2017-07-31T16:14:13.813+0200: 16204,217: [CMS-concurrent-sweep-start]
2017-07-31T16:14:13.843+0200: 16204,247: [CMS-concurrent-sweep: 0,030/0,030 secs] [Times: user=0,03 sys=0,00, real=0,03 secs] 
2017-07-31T16:14:13.843+0200: 16204,247: [CMS-concurrent-reset-start]
2017-07-31T16:14:13.843+0200: 16204,248: [CMS-concurrent-reset: 0,001/0,001 secs] [Times: user=0,00 sys=0,00, real=0,00 secs] 
2017-07-31T16:14:15.843+0200: 16206,247: [GC (CMS Initial Mark) [1 CMS-initial-mark: 240429K(393216K)] 240887K(502464K), 0,0011439 secs] [Times: user=0,00 sys=0,00, real=0,00 secs] 
2017-07-31T16:14:15.844+0200: 16206,248: Total time for which application threads were stopped: 0,0013088 seconds, Stopping threads took: 0,0000334 seconds
2017-07-31T16:14:15.844+0200: 16206,248: [CMS-concurrent-mark-start]
2017-07-31T16:14:15.875+0200: 16206,279: [CMS-concurrent-mark: 0,031/0,031 secs] [Times: user=0,12 sys=0,00, real=0,03 secs] 
2017-07-31T16:14:15.875+0200: 16206,279: [CMS-concurrent-preclean-start]
2017-07-31T16:14:15.876+0200: 16206,281: [CMS-concurrent-preclean: 0,001/0,001 secs] [Times: user=0,00 sys=0,00, real=0,00 secs] 
2017-07-31T16:14:15.876+0200: 16206,281: [GC (CMS Final Remark) [YG occupancy: 458 K (109248 K)]{Heap before GC invocations=379 (full 276):
 par new generation   total 109248K, used 458K [0x00000000e0000000, 0x00000000e8000000, 0x00000000e8000000)
  eden space 87424K,   0% used [0x00000000e0000000, 0x00000000e0051d88, 0x00000000e5560000)
  from space 21824K,   0% used [0x00000000e6ab0000, 0x00000000e6ad0e30, 0x00000000e8000000)
  to   space 21824K,   0% used [0x00000000e5560000, 0x00000000e5560000, 0x00000000e6ab0000)
 concurrent mark-sweep generation total 393216K, used 240429K [0x00000000e8000000, 0x0000000100000000, 0x0000000100000000)
 Metaspace       used 32762K, capacity 33224K, committed 33732K, reserved 1079296K
  class space    used 3585K, capacity 3736K, committed 3836K, reserved 1048576K
2017-07-31T16:14:15.876+0200: 16206,281: [GC (CMS Final Remark) 2017-07-31T16:14:15.876+0200: 16206,281: [ParNew
Desired survivor size 20112992 bytes, new threshold 8 (max 8)
- age   1:         32 bytes,         32 total
- age   2:       3536 bytes,       3568 total
- age   3:         64 bytes,       3632 total
- age   4:     103960 bytes,     107592 total
: 458K->135K(109248K), 0,0044923 secs] 240887K->240564K(502464K), 0,0045535 secs] [Times: user=0,01 sys=0,00, real=0,01 secs] 
Heap after GC invocations=380 (full 276):
 par new generation   total 109248K, used 135K [0x00000000e0000000, 0x00000000e8000000, 0x00000000e8000000)
  eden space 87424K,   0% used [0x00000000e0000000, 0x00000000e0000000, 0x00000000e5560000)
  from space 21824K,   0% used [0x00000000e5560000, 0x00000000e5581d80, 0x00000000e6ab0000)
  to   space 21824K,   0% used [0x00000000e6ab0000, 0x00000000e6ab0000, 0x00000000e8000000)
 concurrent mark-sweep generation total 393216K, used 240429K [0x00000000e8000000, 0x0000000100000000, 0x0000000100000000)
 Metaspace       used 32762K, capacity 33224K, committed 33732K, reserved 1079296K
  class space    used 3585K, capacity 3736K, committed 3836K, reserved 1048576K
}
2017-07-31T16:14:15.881+0200: 16206,285: [Rescan (parallel) , 0,0006280 secs]2017-07-31T16:14:15.882+0200: 16206,286: [weak refs processing, 0,0007524 secs]2017-07-31T16:14:15.882+0200: 16206,287: [class unloading, 0,0075416 secs]2017-07-31T16:14:15.890+0200: 16206,294: [scrub symbol table, 0,0036508 secs]2017-07-31T16:14:15.894+0200: 16206,298: [scrub string table, 0,0006587 secs][1 CMS-remark: 240429K(393216K)] 240564K(502464K), 0,0180548 secs] [Times: user=0,03 sys=0,00, real=0,02 secs] 
2017-07-31T16:14:15.894+0200: 16206,299: Total time for which application threads were stopped: 0,0181845 seconds, Stopping threads took: 0,0000218 seconds
2017-07-31T16:14:15.894+0200: 16206,299: [CMS-concurrent-sweep-start]
2017-07-31T16:14:15.922+0200: 16206,327: [CMS-concurrent-sweep: 0,028/0,028 secs] [Times: user=0,03 sys=0,00, real=0,03 secs] 
2017-07-31T16:14:15.922+0200: 16206,327: [CMS-concurrent-reset-start]
2017-07-31T16:14:15.923+0200: 16206,327: [CMS-concurrent-reset: 0,001/0,001 secs] [Times: user=0,00 sys=0,00, real=0,00 secs] 
2017-07-31T16:14:17.922+0200: 16208,327: [GC (CMS Initial Mark) [1 CMS-initial-mark: 240429K(393216K)] 242298K(502464K), 0,0010107 secs] [Times: user=0,00 sys=0,00, real=0,00 secs] 
2017-07-31T16:14:17.923+0200: 16208,328: Total time for which application threads were stopped: 0,0011803 seconds, Stopping threads took: 0,0000252 seconds
2017-07-31T16:14:17.923+0200: 16208,328: [CMS-concurrent-mark-start]
2017-07-31T16:14:17.952+0200: 16208,357: [CMS-concurrent-mark: 0,029/0,029 secs] [Times: user=0,11 sys=0,00, real=0,03 secs] 
2017-07-31T16:14:17.952+0200: 16208,357: [CMS-concurrent-preclean-start]
2017-07-31T16:14:17.954+0200: 16208,358: [CMS-concurrent-preclean: 0,001/0,001 secs] [Times: user=0,01 sys=0,00, real=0,00 secs] 
2017-07-31T16:14:17.954+0200: 16208,358: [GC (CMS Final Remark) [YG occupancy: 1869 K (109248 K)]{Heap before GC invocations=380 (full 277):
 par new generation   total 109248K, used 1869K [0x00000000e0000000, 0x00000000e8000000, 0x00000000e8000000)
  eden space 87424K,   1% used [0x00000000e0000000, 0x00000000e01b1748, 0x00000000e5560000)
  from space 21824K,   0% used [0x00000000e5560000, 0x00000000e5581d80, 0x00000000e6ab0000)
  to   space 21824K,   0% used [0x00000000e6ab0000, 0x00000000e6ab0000, 0x00000000e8000000)
 concurrent mark-sweep generation total 393216K, used 240429K [0x00000000e8000000, 0x0000000100000000, 0x0000000100000000)
 Metaspace       used 32762K, capacity 33224K, committed 33732K, reserved 1079296K
  class space    used 3585K, capacity 3736K, committed 3836K, reserved 1048576K
2017-07-31T16:14:17.954+0200: 16208,358: [GC (CMS Final Remark) 2017-07-31T16:14:17.954+0200: 16208,358: [ParNew
Desired survivor size 20112992 bytes, new threshold 8 (max 8)
- age   1:         64 bytes,         64 total
- age   2:         32 bytes,         96 total
- age   3:       3536 bytes,       3632 total
- age   5:     103960 bytes,     107592 total
: 1869K->125K(109248K), 0,0020941 secs] 242298K->240554K(502464K), 0,0021377 secs] [Times: user=0,00 sys=0,00, real=0,00 secs] 
Heap after GC invocations=381 (full 277):
 par new generation   total 109248K, used 125K [0x00000000e0000000, 0x00000000e8000000, 0x00000000e8000000)
  eden space 87424K,   0% used [0x00000000e0000000, 0x00000000e0000000, 0x00000000e5560000)
  from space 21824K,   0% used [0x00000000e6ab0000, 0x00000000e6acf6c8, 0x00000000e8000000)
  to   space 21824K,   0% used [0x00000000e5560000, 0x00000000e5560000, 0x00000000e6ab0000)
 concurrent mark-sweep generation total 393216K, used 240429K [0x00000000e8000000, 0x0000000100000000, 0x0000000100000000)
 Metaspace       used 32762K, capacity 33224K, committed 33732K, reserved 1079296K
  class space    used 3585K, capacity 3736K, committed 3836K, reserved 1048576K
}
2017-07-31T16:14:17.956+0200: 16208,361: [Rescan (parallel) , 0,0006205 secs]2017-07-31T16:14:17.957+0200: 16208,361: [weak refs processing, 0,0003849 secs]2017-07-31T16:14:17.957+0200: 16208,362: [class unloading, 0,0070481 secs]2017-07-31T16:14:17.964+0200: 16208,369: [scrub symbol table, 0,0033408 secs]2017-07-31T16:14:17.968+0200: 16208,372: [scrub string table, 0,0006413 secs][1 CMS-remark: 240429K(393216K)] 240554K(502464K), 0,0144097 secs] [Times: user=0,02 sys=0,00, real=0,01 secs] 
2017-07-31T16:14:17.968+0200: 16208,373: Total time for which application threads were stopped: 0,0145344 seconds, Stopping threads took: 0,0000206 seconds
2017-07-31T16:14:17.968+0200: 16208,373: [CMS-concurrent-sweep-start]
2017-07-31T16:14:17.995+0200: 16208,400: [CMS-concurrent-sweep: 0,027/0,027 secs] [Times: user=0,02 sys=0,00, real=0,03 secs] 
2017-07-31T16:14:17.996+0200: 16208,400: [CMS-concurrent-reset-start]
2017-07-31T16:14:17.996+0200: 16208,401: [CMS-concurrent-reset: 0,001/0,001 secs] [Times: user=0,00 sys=0,00, real=0,00 secs] 
2017-07-31T16:14:19.995+0200: 16210,400: [GC (CMS Initial Mark) [1 CMS-initial-mark: 240429K(393216K)] 241241K(502464K), 0,0011315 secs] [Times: user=0,00 sys=0,01, real=0,00 secs] 
2017-07-31T16:14:19.997+0200: 16210,401: Total time for which application threads were stopped: 0,0012933 seconds, Stopping threads took: 0,0000244 seconds
2017-07-31T16:14:19.997+0200: 16210,401: [CMS-concurrent-mark-start]
2017-07-31T16:14:20.040+0200: 16210,444: [CMS-concurrent-mark: 0,043/0,043 secs] [Times: user=0,18 sys=0,00, real=0,04 secs] 
2017-07-31T16:14:20.040+0200: 16210,444: [CMS-concurrent-preclean-start]
2017-07-31T16:14:20.041+0200: 16210,446: [CMS-concurrent-preclean: 0,001/0,001 secs] [Times: user=0,00 sys=0,00, real=0,01 secs] 
2017-07-31T16:14:20.041+0200: 16210,446: [GC (CMS Final Remark) [YG occupancy: 812 K (109248 K)]{Heap before GC invocations=381 (full 278):
 par new generation   total 109248K, used 812K [0x00000000e0000000, 0x00000000e8000000, 0x00000000e8000000)
  eden space 87424K,   0% used [0x00000000e0000000, 0x00000000e00ab9a0, 0x00000000e5560000)
  from space 21824K,   0% used [0x00000000e6ab0000, 0x00000000e6acf6c8, 0x00000000e8000000)
  to   space 21824K,   0% used [0x00000000e5560000, 0x00000000e5560000, 0x00000000e6ab0000)
 concurrent mark-sweep generation total 393216K, used 240429K [0x00000000e8000000, 0x0000000100000000, 0x0000000100000000)
 Metaspace       used 32762K, capacity 33224K, committed 33732K, reserved 1079296K
  class space    used 3585K, capacity 3736K, committed 3836K, reserved 1048576K
2017-07-31T16:14:20.042+0200: 16210,446: [GC (CMS Final Remark) 2017-07-31T16:14:20.042+0200: 16210,446: [ParNew
Desired survivor size 20112992 bytes, new threshold 8 (max 8)
- age   1:         64 bytes,         64 total
- age   2:         64 bytes,        128 total
- age   3:         32 bytes,        160 total
- age   4:       3472 bytes,       3632 total
- age   6:     103960 bytes,     107592 total
: 812K->162K(109248K), 0,0043885 secs] 241241K->240591K(502464K), 0,0044371 secs] [Times: user=0,00 sys=0,00, real=0,00 secs] 
Heap after GC invocations=382 (full 278):
 par new generation   total 109248K, used 162K [0x00000000e0000000, 0x00000000e8000000, 0x00000000e8000000)
  eden space 87424K,   0% used [0x00000000e0000000, 0x00000000e0000000, 0x00000000e5560000)
  from space 21824K,   0% used [0x00000000e5560000, 0x00000000e5588b00, 0x00000000e6ab0000)
  to   space 21824K,   0% used [0x00000000e6ab0000, 0x00000000e6ab0000, 0x00000000e8000000)
 concurrent mark-sweep generation total 393216K, used 240429K [0x00000000e8000000, 0x0000000100000000, 0x0000000100000000)
 Metaspace       used 32762K, capacity 33224K, committed 33732K, reserved 1079296K
  class space    used 3585K, capacity 3736K, committed 3836K, reserved 1048576K
}
2017-07-31T16:14:20.046+0200: 16210,450: [Rescan (parallel) , 0,0006497 secs]2017-07-31T16:14:20.047+0200: 16210,451: [weak refs processing, 0,0004312 secs]2017-07-31T16:14:20.047+0200: 16210,452: [class unloading, 0,0075236 secs]2017-07-31T16:14:20.055+0200: 16210,459: [scrub symbol table, 0,0037808 secs]2017-07-31T16:14:20.058+0200: 16210,463: [scrub string table, 0,0006406 secs][1 CMS-remark: 240429K(393216K)] 240591K(502464K), 0,0177840 secs] [Times: user=0,02 sys=0,00, real=0,01 secs] 
2017-07-31T16:14:20.059+0200: 16210,464: Total time for which application threads were stopped: 0,0179086 seconds, Stopping threads took: 0,0000207 seconds
2017-07-31T16:14:20.059+0200: 16210,464: [CMS-concurrent-sweep-start]
2017-07-31T16:14:20.087+0200: 16210,492: [CMS-concurrent-sweep: 0,028/0,028 secs] [Times: user=0,03 sys=0,00, real=0,03 secs] 
2017-07-31T16:14:20.087+0200: 16210,492: [CMS-concurrent-reset-start]
2017-07-31T16:14:20.088+0200: 16210,492: [CMS-concurrent-reset: 0,001/0,001 secs] [Times: user=0,00 sys=0,00, real=0,00 secs] 
2017-07-31T16:14:22.087+0200: 16212,492: [GC (CMS Initial Mark) [1 CMS-initial-mark: 240429K(393216K)] 241362K(502464K), 0,0011263 secs] [Times: user=0,00 sys=0,00, real=0,00 secs] 
2017-07-31T16:14:22.088+0200: 16212,493: Total time for which application threads were stopped: 0,0012905 seconds, Stopping threads took: 0,0000245 seconds
2017-07-31T16:14:22.088+0200: 16212,493: [CMS-concurrent-mark-start]
2017-07-31T16:14:22.116+0200: 16212,521: [CMS-concurrent-mark: 0,028/0,028 secs] [Times: user=0,11 sys=0,00, real=0,03 secs] 
2017-07-31T16:14:22.116+0200: 16212,521: [CMS-concurrent-preclean-start]
2017-07-31T16:14:22.118+0200: 16212,522: [CMS-concurrent-preclean: 0,001/0,001 secs] [Times: user=0,00 sys=0,00, real=0,00 secs] 
2017-07-31T16:14:22.118+0200: 16212,523: [GC (CMS Final Remark) [YG occupancy: 933 K (109248 K)]{Heap before GC invocations=382 (full 279):
 par new generation   total 109248K, used 933K [0x00000000e0000000, 0x00000000e8000000, 0x00000000e8000000)
  eden space 87424K,   0% used [0x00000000e0000000, 0x00000000e00c0938, 0x00000000e5560000)
  from space 21824K,   0% used [0x00000000e5560000, 0x00000000e5588b00, 0x00000000e6ab0000)
  to   space 21824K,   0% used [0x00000000e6ab0000, 0x00000000e6ab0000, 0x00000000e8000000)
 concurrent mark-sweep generation total 393216K, used 240429K [0x00000000e8000000, 0x0000000100000000, 0x0000000100000000)
 Metaspace       used 32762K, capacity 33224K, committed 33732K, reserved 1079296K
  class space    used 3585K, capacity 3736K, committed 3836K, reserved 1048576K
2017-07-31T16:14:22.118+0200: 16212,523: [GC (CMS Final Remark) 2017-07-31T16:14:22.118+0200: 16212,523: [ParNew
Desired survivor size 20112992 bytes, new threshold 8 (max 8)
- age   1:         64 bytes,         64 total
- age   2:         64 bytes,        128 total
- age   3:         64 bytes,        192 total
- age   5:       3440 bytes,       3632 total
- age   7:     103992 bytes,     107624 total
: 933K->125K(109248K), 0,0047717 secs] 241362K->240554K(502464K), 0,0048225 secs] [Times: user=0,02 sys=0,00, real=0,01 secs] 
Heap after GC invocations=383 (full 279):
 par new generation   total 109248K, used 125K [0x00000000e0000000, 0x00000000e8000000, 0x00000000e8000000)
  eden space 87424K,   0% used [0x00000000e0000000, 0x00000000e0000000, 0x00000000e5560000)
  from space 21824K,   0% used [0x00000000e6ab0000, 0x00000000e6acf710, 0x00000000e8000000)
  to   space 21824K,   0% used [0x00000000e5560000, 0x00000000e5560000, 0x00000000e6ab0000)
 concurrent mark-sweep generation total 393216K, used 240429K [0x00000000e8000000, 0x0000000100000000, 0x0000000100000000)
 Metaspace       used 32762K, capacity 33224K, committed 33732K, reserved 1079296K
  class space    used 3585K, capacity 3736K, committed 3836K, reserved 1048576K
}
2017-07-31T16:14:22.123+0200: 16212,528: [Rescan (parallel) , 0,0007405 secs]2017-07-31T16:14:22.124+0200: 16212,528: [weak refs processing, 0,0005916 secs]2017-07-31T16:14:22.124+0200: 16212,529: [class unloading, 0,0081391 secs]2017-07-31T16:14:22.133+0200: 16212,537: [scrub symbol table, 0,0038744 secs]2017-07-31T16:14:22.136+0200: 16212,541: [scrub string table, 0,0007088 secs][1 CMS-remark: 240429K(393216K)] 240554K(502464K), 0,0191484 secs] [Times: user=0,03 sys=0,01, real=0,02 secs] 
2017-07-31T16:14:22.137+0200: 16212,542: Total time for which application threads were stopped: 0,0192910 seconds, Stopping threads took: 0,0000234 seconds
2017-07-31T16:14:22.137+0200: 16212,542: [CMS-concurrent-sweep-start]
2017-07-31T16:14:22.169+0200: 16212,573: [CMS-concurrent-sweep: 0,031/0,031 secs] [Times: user=0,03 sys=0,00, real=0,03 secs] 
2017-07-31T16:14:22.169+0200: 16212,573: [CMS-concurrent-reset-start]
2017-07-31T16:14:22.169+0200: 16212,574: [CMS-concurrent-reset: 0,001/0,001 secs] [Times: user=0,00 sys=0,00, real=0,00 secs] 
2017-07-31T16:14:24.169+0200: 16214,573: [GC (CMS Initial Mark) [1 CMS-initial-mark: 240429K(393216K)] 242532K(502464K), 0,0010076 secs] [Times: user=0,00 sys=0,00, real=0,00 secs] 
2017-07-31T16:14:24.170+0200: 16214,574: Total time for which application threads were stopped: 0,0011765 seconds, Stopping threads took: 0,0000239 seconds
2017-07-31T16:14:24.170+0200: 16214,574: [CMS-concurrent-mark-start]
2017-07-31T16:14:24.206+0200: 16214,610: [CMS-concurrent-mark: 0,036/0,036 secs] [Times: user=0,15 sys=0,00, real=0,04 secs] 
2017-07-31T16:14:24.206+0200: 16214,611: [CMS-concurrent-preclean-start]
2017-07-31T16:14:24.208+0200: 16214,612: [CMS-concurrent-preclean: 0,002/0,002 secs] [Times: user=0,00 sys=0,00, real=0,00 secs] 
2017-07-31T16:14:24.208+0200: 16214,613: [GC (CMS Final Remark) [YG occupancy: 2103 K (109248 K)]{Heap before GC invocations=383 (full 280):
 par new generation   total 109248K, used 2103K [0x00000000e0000000, 0x00000000e8000000, 0x00000000e8000000)
  eden space 87424K,   2% used [0x00000000e0000000, 0x00000000e01ee538, 0x00000000e5560000)
  from space 21824K,   0% used [0x00000000e6ab0000, 0x00000000e6acf710, 0x00000000e8000000)
  to   space 21824K,   0% used [0x00000000e5560000, 0x00000000e5560000, 0x00000000e6ab0000)
 concurrent mark-sweep generation total 393216K, used 240429K [0x00000000e8000000, 0x0000000100000000, 0x0000000100000000)
 Metaspace       used 32762K, capacity 33224K, committed 33732K, reserved 1079296K
  class space    used 3585K, capacity 3736K, committed 3836K, reserved 1048576K
2017-07-31T16:14:24.208+0200: 16214,613: [GC (CMS Final Remark) 2017-07-31T16:14:24.208+0200: 16214,613: [ParNew
Desired survivor size 20112992 bytes, new threshold 8 (max 8)
- age   1:         96 bytes,         96 total
- age   2:         64 bytes,        160 total
- age   3:         32 bytes,        192 total
- age   6:       3440 bytes,       3632 total
- age   8:     103960 bytes,     107592 total
: 2103K->134K(109248K), 0,0047379 secs] 242532K->240563K(502464K), 0,0047970 secs] [Times: user=0,01 sys=0,00, real=0,01 secs] 
Heap after GC invocations=384 (full 280):
 par new generation   total 109248K, used 134K [0x00000000e0000000, 0x00000000e8000000, 0x00000000e8000000)
  eden space 87424K,   0% used [0x00000000e0000000, 0x00000000e0000000, 0x00000000e5560000)
  from space 21824K,   0% used [0x00000000e5560000, 0x00000000e5581a20, 0x00000000e6ab0000)
  to   space 21824K,   0% used [0x00000000e6ab0000, 0x00000000e6ab0000, 0x00000000e8000000)
 concurrent mark-sweep generation total 393216K, used 240429K [0x00000000e8000000, 0x0000000100000000, 0x0000000100000000)
 Metaspace       used 32762K, capacity 33224K, committed 33732K, reserved 1079296K
  class space    used 3585K, capacity 3736K, committed 3836K, reserved 1048576K
}
2017-07-31T16:14:24.213+0200: 16214,617: [Rescan (parallel) , 0,0006834 secs]2017-07-31T16:14:24.214+0200: 16214,618: [weak refs processing, 0,0006687 secs]2017-07-31T16:14:24.214+0200: 16214,619: [class unloading, 0,0081205 secs]2017-07-31T16:14:24.222+0200: 16214,627: [scrub symbol table, 0,0038477 secs]2017-07-31T16:14:24.226+0200: 16214,631: [scrub string table, 0,0007059 secs][1 CMS-remark: 240429K(393216K)] 240563K(502464K), 0,0190998 secs] [Times: user=0,03 sys=0,00, real=0,02 secs] 
2017-07-31T16:14:24.227+0200: 16214,632: Total time for which application threads were stopped: 0,0192397 seconds, Stopping threads took: 0,0000230 seconds
2017-07-31T16:14:24.227+0200: 16214,632: [CMS-concurrent-sweep-start]
2017-07-31T16:14:24.257+0200: 16214,661: [CMS-concurrent-sweep: 0,029/0,029 secs] [Times: user=0,03 sys=0,00, real=0,03 secs] 
2017-07-31T16:14:24.257+0200: 16214,661: [CMS-concurrent-reset-start]
2017-07-31T16:14:24.257+0200: 16214,662: [CMS-concurrent-reset: 0,001/0,001 secs] [Times: user=0,00 sys=0,00, real=0,00 secs] 
2017-07-31T16:14:26.257+0200: 16216,661: [GC (CMS Initial Mark) [1 CMS-initial-mark: 240429K(393216K)] 240890K(502464K), 0,0010379 secs] [Times: user=0,00 sys=0,00, real=0,00 secs] 
2017-07-31T16:14:26.258+0200: 16216,662: Total time for which application threads were stopped: 0,0012006 seconds, Stopping threads took: 0,0000248 seconds
2017-07-31T16:14:26.258+0200: 16216,662: [CMS-concurrent-mark-start]
2017-07-31T16:14:26.285+0200: 16216,690: [CMS-concurrent-mark: 0,028/0,028 secs] [Times: user=0,11 sys=0,00, real=0,03 secs] 
2017-07-31T16:14:26.285+0200: 16216,690: [CMS-concurrent-preclean-start]
2017-07-31T16:14:26.287+0200: 16216,692: [CMS-concurrent-preclean: 0,002/0,002 secs] [Times: user=0,00 sys=0,00, real=0,00 secs] 
2017-07-31T16:14:26.287+0200: 16216,692: [GC (CMS Final Remark) [YG occupancy: 461 K (109248 K)]{Heap before GC invocations=384 (full 281):
 par new generation   total 109248K, used 461K [0x00000000e0000000, 0x00000000e8000000, 0x00000000e8000000)
  eden space 87424K,   0% used [0x00000000e0000000, 0x00000000e0051d88, 0x00000000e5560000)
  from space 21824K,   0% used [0x00000000e5560000, 0x00000000e5581a20, 0x00000000e6ab0000)
  to   space 21824K,   0% used [0x00000000e6ab0000, 0x00000000e6ab0000, 0x00000000e8000000)
 concurrent mark-sweep generation total 393216K, used 240429K [0x00000000e8000000, 0x0000000100000000, 0x0000000100000000)
 Metaspace       used 32762K, capacity 33224K, committed 33732K, reserved 1079296K
  class space    used 3585K, capacity 3736K, committed 3836K, reserved 1048576K
2017-07-31T16:14:26.287+0200: 16216,692: [GC (CMS Final Remark) 2017-07-31T16:14:26.287+0200: 16216,692: [ParNew
Desired survivor size 20112992 bytes, new threshold 8 (max 8)
- age   1:         32 bytes,         32 total
- age   2:         96 bytes,        128 total
- age   3:         64 bytes,        192 total
- age   7:       3440 bytes,       3632 total
: 461K->101K(109248K), 0,0055574 secs] 240890K->240632K(502464K), 0,0056090 secs] [Times: user=0,01 sys=0,00, real=0,01 secs] 
Heap after GC invocations=385 (full 281):
 par new generation   total 109248K, used 101K [0x00000000e0000000, 0x00000000e8000000, 0x00000000e8000000)
  eden space 87424K,   0% used [0x00000000e0000000, 0x00000000e0000000, 0x00000000e5560000)
  from space 21824K,   0% used [0x00000000e6ab0000, 0x00000000e6ac9500, 0x00000000e8000000)
  to   space 21824K,   0% used [0x00000000e5560000, 0x00000000e5560000, 0x00000000e6ab0000)
 concurrent mark-sweep generation total 393216K, used 240531K [0x00000000e8000000, 0x0000000100000000, 0x0000000100000000)
 Metaspace       used 32762K, capacity 33224K, committed 33732K, reserved 1079296K
  class space    used 3585K, capacity 3736K, committed 3836K, reserved 1048576K
}
2017-07-31T16:14:26.293+0200: 16216,698: [Rescan (parallel) , 0,0009022 secs]2017-07-31T16:14:26.294+0200: 16216,699: [weak refs processing, 0,0007618 secs]2017-07-31T16:14:26.295+0200: 16216,699: [class unloading, 0,0081085 secs]2017-07-31T16:14:26.303+0200: 16216,707: [scrub symbol table, 0,0037411 secs]2017-07-31T16:14:26.307+0200: 16216,711: [scrub string table, 0,0006803 secs][1 CMS-remark: 240531K(393216K)] 240632K(502464K), 0,0200907 secs] [Times: user=0,03 sys=0,00, real=0,02 secs] 
2017-07-31T16:14:26.308+0200: 16216,712: Total time for which application threads were stopped: 0,0202582 seconds, Stopping threads took: 0,0000328 seconds
2017-07-31T16:14:26.308+0200: 16216,712: [CMS-concurrent-sweep-start]
2017-07-31T16:14:26.338+0200: 16216,742: [CMS-concurrent-sweep: 0,030/0,030 secs] [Times: user=0,03 sys=0,00, real=0,03 secs] 
2017-07-31T16:14:26.338+0200: 16216,742: [CMS-concurrent-reset-start]
2017-07-31T16:14:26.338+0200: 16216,743: [CMS-concurrent-reset: 0,001/0,001 secs] [Times: user=0,00 sys=0,00, real=0,00 secs] 
2017-07-31T16:14:28.338+0200: 16218,742: [GC (CMS Initial Mark) [1 CMS-initial-mark: 240531K(393216K)] 242798K(502464K), 0,0010295 secs] [Times: user=0,00 sys=0,00, real=0,00 secs] 
2017-07-31T16:14:28.339+0200: 16218,743: Total time for which application threads were stopped: 0,0011902 seconds, Stopping threads took: 0,0000239 seconds
2017-07-31T16:14:28.339+0200: 16218,743: [CMS-concurrent-mark-start]
2017-07-31T16:14:28.368+0200: 16218,772: [CMS-concurrent-mark: 0,029/0,029 secs] [Times: user=0,12 sys=0,00, real=0,03 secs] 
2017-07-31T16:14:28.368+0200: 16218,773: [CMS-concurrent-preclean-start]
2017-07-31T16:14:28.370+0200: 16218,774: [CMS-concurrent-preclean: 0,002/0,002 secs] [Times: user=0,00 sys=0,00, real=0,00 secs] 
2017-07-31T16:14:28.370+0200: 16218,774: [CMS-concurrent-abortable-preclean-start]
 CMS: abort preclean due to time 2017-07-31T16:14:34.454+0200: 16224,858: [CMS-concurrent-abortable-preclean: 0,079/6,084 secs] [Times: user=0,08 sys=0,00, real=6,09 secs] 
2017-07-31T16:14:34.454+0200: 16224,859: [GC (CMS Final Remark) [YG occupancy: 2848 K (109248 K)]{Heap before GC invocations=385 (full 282):
 par new generation   total 109248K, used 2848K [0x00000000e0000000, 0x00000000e8000000, 0x00000000e8000000)
  eden space 87424K,   3% used [0x00000000e0000000, 0x00000000e02aee70, 0x00000000e5560000)
  from space 21824K,   0% used [0x00000000e6ab0000, 0x00000000e6ac9500, 0x00000000e8000000)
  to   space 21824K,   0% used [0x00000000e5560000, 0x00000000e5560000, 0x00000000e6ab0000)
 concurrent mark-sweep generation total 393216K, used 240531K [0x00000000e8000000, 0x0000000100000000, 0x0000000100000000)
 Metaspace       used 32762K, capacity 33224K, committed 33732K, reserved 1079296K
  class space    used 3585K, capacity 3736K, committed 3836K, reserved 1048576K
2017-07-31T16:14:34.454+0200: 16224,859: [GC (CMS Final Remark) 2017-07-31T16:14:34.454+0200: 16224,859: [ParNew
Desired survivor size 20112992 bytes, new threshold 8 (max 8)
- age   1:        192 bytes,        192 total
- age   8:       3440 bytes,       3632 total
: 2848K->25K(109248K), 0,0044683 secs] 243379K->240556K(502464K), 0,0045283 secs] [Times: user=0,00 sys=0,01, real=0,00 secs] 
Heap after GC invocations=386 (full 282):
 par new generation   total 109248K, used 25K [0x00000000e0000000, 0x00000000e8000000, 0x00000000e8000000)
  eden space 87424K,   0% used [0x00000000e0000000, 0x00000000e0000000, 0x00000000e5560000)
  from space 21824K,   0% used [0x00000000e5560000, 0x00000000e5566680, 0x00000000e6ab0000)
  to   space 21824K,   0% used [0x00000000e6ab0000, 0x00000000e6ab0000, 0x00000000e8000000)
 concurrent mark-sweep generation total 393216K, used 240531K [0x00000000e8000000, 0x0000000100000000, 0x0000000100000000)
 Metaspace       used 32762K, capacity 33224K, committed 33732K, reserved 1079296K
  class space    used 3585K, capacity 3736K, committed 3836K, reserved 1048576K
}
2017-07-31T16:14:34.459+0200: 16224,863: [Rescan (parallel) , 0,0007151 secs]2017-07-31T16:14:34.460+0200: 16224,864: [weak refs processing, 0,0006264 secs]2017-07-31T16:14:34.460+0200: 16224,865: [class unloading, 0,0092250 secs]2017-07-31T16:14:34.469+0200: 16224,874: [scrub symbol table, 0,0041502 secs]2017-07-31T16:14:34.474+0200: 16224,878: [scrub string table, 0,0007642 secs][1 CMS-remark: 240531K(393216K)] 240556K(502464K), 0,0203246 secs] [Times: user=0,02 sys=0,02, real=0,02 secs] 
2017-07-31T16:14:34.475+0200: 16224,879: Total time for which application threads were stopped: 0,0205029 seconds, Stopping threads took: 0,0000460 seconds
2017-07-31T16:14:34.475+0200: 16224,879: [CMS-concurrent-sweep-start]
2017-07-31T16:14:34.508+0200: 16224,913: [CMS-concurrent-sweep: 0,033/0,033 secs] [Times: user=0,03 sys=0,00, real=0,03 secs] 
2017-07-31T16:14:34.508+0200: 16224,913: [CMS-concurrent-reset-start]
2017-07-31T16:14:34.509+0200: 16224,913: [CMS-concurrent-reset: 0,001/0,001 secs] [Times: user=0,00 sys=0,00, real=0,00 secs] 
2017-07-31T16:14:36.508+0200: 16226,913: [GC (CMS Initial Mark) [1 CMS-initial-mark: 240531K(393216K)] 240884K(502464K), 0,0011212 secs] [Times: user=0,00 sys=0,00, real=0,00 secs] 
2017-07-31T16:14:36.509+0200: 16226,914: Total time for which application threads were stopped: 0,0012869 seconds, Stopping threads took: 0,0000335 seconds
2017-07-31T16:14:36.509+0200: 16226,914: [CMS-concurrent-mark-start]
2017-07-31T16:14:36.546+0200: 16226,950: [CMS-concurrent-mark: 0,037/0,037 secs] [Times: user=0,14 sys=0,00, real=0,04 secs] 
2017-07-31T16:14:36.546+0200: 16226,951: [CMS-concurrent-preclean-start]
2017-07-31T16:14:36.547+0200: 16226,952: [CMS-concurrent-preclean: 0,001/0,001 secs] [Times: user=0,00 sys=0,00, real=0,00 secs] 
2017-07-31T16:14:36.548+0200: 16226,952: [GC (CMS Final Remark) [YG occupancy: 353 K (109248 K)]{Heap before GC invocations=386 (full 283):
 par new generation   total 109248K, used 353K [0x00000000e0000000, 0x00000000e8000000, 0x00000000e8000000)
  eden space 87424K,   0% used [0x00000000e0000000, 0x00000000e0051d88, 0x00000000e5560000)
  from space 21824K,   0% used [0x00000000e5560000, 0x00000000e5566680, 0x00000000e6ab0000)
  to   space 21824K,   0% used [0x00000000e6ab0000, 0x00000000e6ab0000, 0x00000000e8000000)
 concurrent mark-sweep generation total 393216K, used 240531K [0x00000000e8000000, 0x0000000100000000, 0x0000000100000000)
 Metaspace       used 32762K, capacity 33224K, committed 33732K, reserved 1079296K
  class space    used 3585K, capacity 3736K, committed 3836K, reserved 1048576K
2017-07-31T16:14:36.548+0200: 16226,952: [GC (CMS Final Remark) 2017-07-31T16:14:36.548+0200: 16226,952: [ParNew
Desired survivor size 20112992 bytes, new threshold 8 (max 8)
- age   1:         32 bytes,         32 total
- age   2:        160 bytes,        192 total
: 353K->8K(109248K), 0,0022845 secs] 240884K->240542K(502464K), 0,0023295 secs] [Times: user=0,01 sys=0,00, real=0,00 secs] 
Heap after GC invocations=387 (full 283):
 par new generation   total 109248K, used 8K [0x00000000e0000000, 0x00000000e8000000, 0x00000000e8000000)
  eden space 87424K,   0% used [0x00000000e0000000, 0x00000000e0000000, 0x00000000e5560000)
  from space 21824K,   0% used [0x00000000e6ab0000, 0x00000000e6ab2040, 0x00000000e8000000)
  to   space 21824K,   0% used [0x00000000e5560000, 0x00000000e5560000, 0x00000000e6ab0000)
 concurrent mark-sweep generation total 393216K, used 240534K [0x00000000e8000000, 0x0000000100000000, 0x0000000100000000)
 Metaspace       used 32762K, capacity 33224K, committed 33732K, reserved 1079296K
  class space    used 3585K, capacity 3736K, committed 3836K, reserved 1048576K
}
2017-07-31T16:14:36.550+0200: 16226,955: [Rescan (parallel) , 0,0005462 secs]2017-07-31T16:14:36.551+0200: 16226,955: [weak refs processing, 0,0004276 secs]2017-07-31T16:14:36.551+0200: 16226,956: [class unloading, 0,0070250 secs]2017-07-31T16:14:36.558+0200: 16226,963: [scrub symbol table, 0,0033820 secs]2017-07-31T16:14:36.562+0200: 16226,966: [scrub string table, 0,0006139 secs][1 CMS-remark: 240534K(393216K)] 240542K(502464K), 0,0145673 secs] [Times: user=0,02 sys=0,00, real=0,02 secs] 
2017-07-31T16:14:36.562+0200: 16226,967: Total time for which application threads were stopped: 0,0146979 seconds, Stopping threads took: 0,0000221 seconds
2017-07-31T16:14:36.562+0200: 16226,967: [CMS-concurrent-sweep-start]
2017-07-31T16:14:36.589+0200: 16226,994: [CMS-concurrent-sweep: 0,027/0,027 secs] [Times: user=0,03 sys=0,00, real=0,02 secs] 
2017-07-31T16:14:36.590+0200: 16226,994: [CMS-concurrent-reset-start]
2017-07-31T16:14:36.590+0200: 16226,995: [CMS-concurrent-reset: 0,001/0,001 secs] [Times: user=0,00 sys=0,00, real=0,00 secs] 
2017-07-31T16:14:38.589+0200: 16228,994: [GC (CMS Initial Mark) [1 CMS-initial-mark: 240534K(393216K)] 242962K(502464K), 0,0010339 secs] [Times: user=0,00 sys=0,00, real=0,00 secs] 
2017-07-31T16:14:38.590+0200: 16228,995: Total time for which application threads were stopped: 0,0011949 seconds, Stopping threads took: 0,0000330 seconds
2017-07-31T16:14:38.591+0200: 16228,995: [CMS-concurrent-mark-start]
2017-07-31T16:14:38.618+0200: 16229,023: [CMS-concurrent-mark: 0,028/0,028 secs] [Times: user=0,11 sys=0,00, real=0,03 secs] 
2017-07-31T16:14:38.618+0200: 16229,023: [CMS-concurrent-preclean-start]
2017-07-31T16:14:38.620+0200: 16229,024: [CMS-concurrent-preclean: 0,001/0,001 secs] [Times: user=0,00 sys=0,00, real=0,00 secs] 
2017-07-31T16:14:38.620+0200: 16229,024: [CMS-concurrent-abortable-preclean-start]
 CMS: abort preclean due to time 2017-07-31T16:14:44.701+0200: 16235,105: [CMS-concurrent-abortable-preclean: 0,076/6,081 secs] [Times: user=0,08 sys=0,00, real=6,09 secs] 
2017-07-31T16:14:44.701+0200: 16235,106: [GC (CMS Final Remark) [YG occupancy: 2807 K (109248 K)]{Heap before GC invocations=387 (full 284):
 par new generation   total 109248K, used 2807K [0x00000000e0000000, 0x00000000e8000000, 0x00000000e8000000)
  eden space 87424K,   3% used [0x00000000e0000000, 0x00000000e02bbe80, 0x00000000e5560000)
  from space 21824K,   0% used [0x00000000e6ab0000, 0x00000000e6ab2040, 0x00000000e8000000)
  to   space 21824K,   0% used [0x00000000e5560000, 0x00000000e5560000, 0x00000000e6ab0000)
 concurrent mark-sweep generation total 393216K, used 240534K [0x00000000e8000000, 0x0000000100000000, 0x0000000100000000)
 Metaspace       used 32762K, capacity 33224K, committed 33732K, reserved 1079296K
  class space    used 3585K, capacity 3736K, committed 3836K, reserved 1048576K
2017-07-31T16:14:44.701+0200: 16235,106: [GC (CMS Final Remark) 2017-07-31T16:14:44.701+0200: 16235,106: [ParNew
Desired survivor size 20112992 bytes, new threshold 8 (max 8)
- age   1:        344 bytes,        344 total
: 2807K->8K(109248K), 0,0044642 secs] 243342K->240542K(502464K), 0,0045261 secs] [Times: user=0,01 sys=0,00, real=0,00 secs] 
Heap after GC invocations=388 (full 284):
 par new generation   total 109248K, used 8K [0x00000000e0000000, 0x00000000e8000000, 0x00000000e8000000)
  eden space 87424K,   0% used [0x00000000e0000000, 0x00000000e0000000, 0x00000000e5560000)
  from space 21824K,   0% used [0x00000000e5560000, 0x00000000e5562040, 0x00000000e6ab0000)
  to   space 21824K,   0% used [0x00000000e6ab0000, 0x00000000e6ab0000, 0x00000000e8000000)
 concurrent mark-sweep generation total 393216K, used 240534K [0x00000000e8000000, 0x0000000100000000, 0x0000000100000000)
 Metaspace       used 32762K, capacity 33224K, committed 33732K, reserved 1079296K
  class space    used 3585K, capacity 3736K, committed 3836K, reserved 1048576K
}
2017-07-31T16:14:44.706+0200: 16235,110: [Rescan (parallel) , 0,0007366 secs]2017-07-31T16:14:44.707+0200: 16235,111: [weak refs processing, 0,0007738 secs]2017-07-31T16:14:44.707+0200: 16235,112: [class unloading, 0,0092404 secs]2017-07-31T16:14:44.717+0200: 16235,121: [scrub symbol table, 0,0039611 secs]2017-07-31T16:14:44.721+0200: 16235,125: [scrub string table, 0,0007400 secs][1 CMS-remark: 240534K(393216K)] 240542K(502464K), 0,0202818 secs] [Times: user=0,03 sys=0,00, real=0,02 secs] 
2017-07-31T16:14:44.722+0200: 16235,126: Total time for which application threads were stopped: 0,0204330 seconds, Stopping threads took: 0,0000243 seconds
2017-07-31T16:14:44.722+0200: 16235,126: [CMS-concurrent-sweep-start]
2017-07-31T16:14:44.756+0200: 16235,160: [CMS-concurrent-sweep: 0,034/0,034 secs] [Times: user=0,03 sys=0,00, real=0,03 secs] 
2017-07-31T16:14:44.756+0200: 16235,160: [CMS-concurrent-reset-start]
2017-07-31T16:14:44.756+0200: 16235,161: [CMS-concurrent-reset: 0,001/0,001 secs] [Times: user=0,00 sys=0,00, real=0,00 secs] 
2017-07-31T16:14:46.756+0200: 16237,160: [GC (CMS Initial Mark) [1 CMS-initial-mark: 240534K(393216K)] 241312K(502464K), 0,0010147 secs] [Times: user=0,01 sys=0,00, real=0,00 secs] 
2017-07-31T16:14:46.757+0200: 16237,161: Total time for which application threads were stopped: 0,0011926 seconds, Stopping threads took: 0,0000255 seconds
2017-07-31T16:14:46.757+0200: 16237,161: [CMS-concurrent-mark-start]
2017-07-31T16:14:46.789+0200: 16237,194: [CMS-concurrent-mark: 0,032/0,032 secs] [Times: user=0,13 sys=0,00, real=0,03 secs] 
2017-07-31T16:14:46.789+0200: 16237,194: [CMS-concurrent-preclean-start]
2017-07-31T16:14:46.791+0200: 16237,195: [CMS-concurrent-preclean: 0,002/0,002 secs] [Times: user=0,00 sys=0,00, real=0,00 secs] 
2017-07-31T16:14:46.791+0200: 16237,196: [GC (CMS Final Remark) [YG occupancy: 778 K (109248 K)]{Heap before GC invocations=388 (full 285):
 par new generation   total 109248K, used 778K [0x00000000e0000000, 0x00000000e8000000, 0x00000000e8000000)
  eden space 87424K,   0% used [0x00000000e0000000, 0x00000000e00c0938, 0x00000000e5560000)
  from space 21824K,   0% used [0x00000000e5560000, 0x00000000e5562040, 0x00000000e6ab0000)
  to   space 21824K,   0% used [0x00000000e6ab0000, 0x00000000e6ab0000, 0x00000000e8000000)
 concurrent mark-sweep generation total 393216K, used 240534K [0x00000000e8000000, 0x0000000100000000, 0x0000000100000000)
 Metaspace       used 32762K, capacity 33224K, committed 33732K, reserved 1079296K
  class space    used 3585K, capacity 3736K, committed 3836K, reserved 1048576K
2017-07-31T16:14:46.791+0200: 16237,196: [GC (CMS Final Remark) 2017-07-31T16:14:46.791+0200: 16237,196: [ParNew
Desired survivor size 20112992 bytes, new threshold 8 (max 8)
- age   1:         64 bytes,         64 total
- age   2:        280 bytes,        344 total
: 778K->6K(109248K), 0,0045907 secs] 241312K->240540K(502464K), 0,0046397 secs] [Times: user=0,01 sys=0,00, real=0,01 secs] 
Heap after GC invocations=389 (full 285):
 par new generation   total 109248K, used 6K [0x00000000e0000000, 0x00000000e8000000, 0x00000000e8000000)
  eden space 87424K,   0% used [0x00000000e0000000, 0x00000000e0000000, 0x00000000e5560000)
  from space 21824K,   0% used [0x00000000e6ab0000, 0x00000000e6ab1830, 0x00000000e8000000)
  to   space 21824K,   0% used [0x00000000e5560000, 0x00000000e5560000, 0x00000000e6ab0000)
 concurrent mark-sweep generation total 393216K, used 240534K [0x00000000e8000000, 0x0000000100000000, 0x0000000100000000)
 Metaspace       used 32762K, capacity 33224K, committed 33732K, reserved 1079296K
  class space    used 3585K, capacity 3736K, committed 3836K, reserved 1048576K
}
2017-07-31T16:14:46.796+0200: 16237,200: [Rescan (parallel) , 0,0005938 secs]2017-07-31T16:14:46.797+0200: 16237,201: [weak refs processing, 0,0005623 secs]2017-07-31T16:14:46.797+0200: 16237,202: [class unloading, 0,0081239 secs]2017-07-31T16:14:46.805+0200: 16237,210: [scrub symbol table, 0,0037316 secs]2017-07-31T16:14:46.809+0200: 16237,213: [scrub string table, 0,0006838 secs][1 CMS-remark: 240534K(393216K)] 240540K(502464K), 0,0186024 secs] [Times: user=0,02 sys=0,00, real=0,02 secs] 
2017-07-31T16:14:46.810+0200: 16237,214: Total time for which application threads were stopped: 0,0187536 seconds, Stopping threads took: 0,0000329 seconds
2017-07-31T16:14:46.810+0200: 16237,214: [CMS-concurrent-sweep-start]
2017-07-31T16:14:46.839+0200: 16237,243: [CMS-concurrent-sweep: 0,029/0,029 secs] [Times: user=0,04 sys=0,00, real=0,03 secs] 
2017-07-31T16:14:46.839+0200: 16237,243: [CMS-concurrent-reset-start]
2017-07-31T16:14:46.840+0200: 16237,244: [CMS-concurrent-reset: 0,001/0,001 secs] [Times: user=0,00 sys=0,00, real=0,00 secs] 
2017-07-31T16:14:48.839+0200: 16239,243: [GC (CMS Initial Mark) [1 CMS-initial-mark: 240534K(393216K)] 242517K(502464K), 0,0008759 secs] [Times: user=0,00 sys=0,00, real=0,00 secs] 
2017-07-31T16:14:48.840+0200: 16239,244: Total time for which application threads were stopped: 0,0010494 seconds, Stopping threads took: 0,0000247 seconds
2017-07-31T16:14:48.840+0200: 16239,244: [CMS-concurrent-mark-start]
2017-07-31T16:14:48.871+0200: 16239,275: [CMS-concurrent-mark: 0,031/0,031 secs] [Times: user=0,12 sys=0,00, real=0,03 secs] 
2017-07-31T16:14:48.871+0200: 16239,276: [CMS-concurrent-preclean-start]
2017-07-31T16:14:48.872+0200: 16239,277: [CMS-concurrent-preclean: 0,001/0,001 secs] [Times: user=0,00 sys=0,00, real=0,01 secs] 
2017-07-31T16:14:48.872+0200: 16239,277: [GC (CMS Final Remark) [YG occupancy: 1983 K (109248 K)]{Heap before GC invocations=389 (full 286):
 par new generation   total 109248K, used 1983K [0x00000000e0000000, 0x00000000e8000000, 0x00000000e8000000)
  eden space 87424K,   2% used [0x00000000e0000000, 0x00000000e01ee538, 0x00000000e5560000)
  from space 21824K,   0% used [0x00000000e6ab0000, 0x00000000e6ab1830, 0x00000000e8000000)
  to   space 21824K,   0% used [0x00000000e5560000, 0x00000000e5560000, 0x00000000e6ab0000)
 concurrent mark-sweep generation total 393216K, used 240534K [0x00000000e8000000, 0x0000000100000000, 0x0000000100000000)
 Metaspace       used 32762K, capacity 33224K, committed 33732K, reserved 1079296K
  class space    used 3585K, capacity 3736K, committed 3836K, reserved 1048576K
2017-07-31T16:14:48.873+0200: 16239,277: [GC (CMS Final Remark) 2017-07-31T16:14:48.873+0200: 16239,277: [ParNew
Desired survivor size 20112992 bytes, new threshold 8 (max 8)
- age   1:         96 bytes,         96 total
- age   2:         64 bytes,        160 total
- age   3:        184 bytes,        344 total
: 1983K->8K(109248K), 0,0017594 secs] 242517K->240542K(502464K), 0,0018036 secs] [Times: user=0,00 sys=0,00, real=0,00 secs] 
Heap after GC invocations=390 (full 286):
 par new generation   total 109248K, used 8K [0x00000000e0000000, 0x00000000e8000000, 0x00000000e8000000)
  eden space 87424K,   0% used [0x00000000e0000000, 0x00000000e0000000, 0x00000000e5560000)
  from space 21824K,   0% used [0x00000000e5560000, 0x00000000e5562040, 0x00000000e6ab0000)
  to   space 21824K,   0% used [0x00000000e6ab0000, 0x00000000e6ab0000, 0x00000000e8000000)
 concurrent mark-sweep generation total 393216K, used 240534K [0x00000000e8000000, 0x0000000100000000, 0x0000000100000000)
 Metaspace       used 32762K, capacity 33224K, committed 33732K, reserved 1079296K
  class space    used 3585K, capacity 3736K, committed 3836K, reserved 1048576K
}
2017-07-31T16:14:48.874+0200: 16239,279: [Rescan (parallel) , 0,0005440 secs]2017-07-31T16:14:48.875+0200: 16239,279: [weak refs processing, 0,0004063 secs]2017-07-31T16:14:48.875+0200: 16239,280: [class unloading, 0,0076327 secs]2017-07-31T16:14:48.883+0200: 16239,288: [scrub symbol table, 0,0035396 secs]2017-07-31T16:14:48.887+0200: 16239,291: [scrub string table, 0,0006328 secs][1 CMS-remark: 240534K(393216K)] 240542K(502464K), 0,0148270 secs] [Times: user=0,02 sys=0,00, real=0,01 secs] 
2017-07-31T16:14:48.887+0200: 16239,292: Total time for which application threads were stopped: 0,0149480 seconds, Stopping threads took: 0,0000207 seconds
2017-07-31T16:14:48.887+0200: 16239,292: [CMS-concurrent-sweep-start]
2017-07-31T16:14:48.916+0200: 16239,321: [CMS-concurrent-sweep: 0,029/0,029 secs] [Times: user=0,03 sys=0,00, real=0,03 secs] 
2017-07-31T16:14:48.916+0200: 16239,321: [CMS-concurrent-reset-start]
2017-07-31T16:14:48.917+0200: 16239,321: [CMS-concurrent-reset: 0,001/0,001 secs] [Times: user=0,00 sys=0,00, real=0,00 secs] 
2017-07-31T16:14:50.916+0200: 16241,321: [GC (CMS Initial Mark) [1 CMS-initial-mark: 240534K(393216K)] 240869K(502464K), 0,0008838 secs] [Times: user=0,00 sys=0,00, real=0,00 secs] 
2017-07-31T16:14:50.917+0200: 16241,322: Total time for which application threads were stopped: 0,0010408 seconds, Stopping threads took: 0,0000238 seconds
2017-07-31T16:14:50.917+0200: 16241,322: [CMS-concurrent-mark-start]
2017-07-31T16:14:50.957+0200: 16241,361: [CMS-concurrent-mark: 0,040/0,040 secs] [Times: user=0,16 sys=0,00, real=0,04 secs] 
2017-07-31T16:14:50.957+0200: 16241,361: [CMS-concurrent-preclean-start]
2017-07-31T16:14:50.958+0200: 16241,363: [CMS-concurrent-preclean: 0,001/0,001 secs] [Times: user=0,00 sys=0,00, real=0,00 secs] 
2017-07-31T16:14:50.958+0200: 16241,363: [GC (CMS Final Remark) [YG occupancy: 335 K (109248 K)]{Heap before GC invocations=390 (full 287):
 par new generation   total 109248K, used 335K [0x00000000e0000000, 0x00000000e8000000, 0x00000000e8000000)
  eden space 87424K,   0% used [0x00000000e0000000, 0x00000000e0051d88, 0x00000000e5560000)
  from space 21824K,   0% used [0x00000000e5560000, 0x00000000e5562040, 0x00000000e6ab0000)
  to   space 21824K,   0% used [0x00000000e6ab0000, 0x00000000e6ab0000, 0x00000000e8000000)
 concurrent mark-sweep generation total 393216K, used 240534K [0x00000000e8000000, 0x0000000100000000, 0x0000000100000000)
 Metaspace       used 32762K, capacity 33224K, committed 33732K, reserved 1079296K
  class space    used 3585K, capacity 3736K, committed 3836K, reserved 1048576K
2017-07-31T16:14:50.959+0200: 16241,363: [GC (CMS Final Remark) 2017-07-31T16:14:50.959+0200: 16241,363: [ParNew
Desired survivor size 20112992 bytes, new threshold 8 (max 8)
- age   1:         32 bytes,         32 total
- age   2:         96 bytes,        128 total
- age   3:         64 bytes,        192 total
- age   4:        152 bytes,        344 total
: 335K->8K(109248K), 0,0035928 secs] 240869K->240542K(502464K), 0,0036620 secs] [Times: user=0,01 sys=0,01, real=0,01 secs] 
Heap after GC invocations=391 (full 287):
 par new generation   total 109248K, used 8K [0x00000000e0000000, 0x00000000e8000000, 0x00000000e8000000)
  eden space 87424K,   0% used [0x00000000e0000000, 0x00000000e0000000, 0x00000000e5560000)
  from space 21824K,   0% used [0x00000000e6ab0000, 0x00000000e6ab2040, 0x00000000e8000000)
  to   space 21824K,   0% used [0x00000000e5560000, 0x00000000e5560000, 0x00000000e6ab0000)
 concurrent mark-sweep generation total 393216K, used 240534K [0x00000000e8000000, 0x0000000100000000, 0x0000000100000000)
 Metaspace       used 32762K, capacity 33224K, committed 33732K, reserved 1079296K
  class space    used 3585K, capacity 3736K, committed 3836K, reserved 1048576K
}
2017-07-31T16:14:50.962+0200: 16241,367: [Rescan (parallel) , 0,0005985 secs]2017-07-31T16:14:50.963+0200: 16241,367: [weak refs processing, 0,0004826 secs]2017-07-31T16:14:50.963+0200: 16241,368: [class unloading, 0,0080932 secs]2017-07-31T16:14:50.971+0200: 16241,376: [scrub symbol table, 0,0036951 secs]2017-07-31T16:14:50.975+0200: 16241,380: [scrub string table, 0,0006813 secs][1 CMS-remark: 240534K(393216K)] 240542K(502464K), 0,0175334 secs] [Times: user=0,02 sys=0,01, real=0,02 secs] 
2017-07-31T16:14:50.976+0200: 16241,381: Total time for which application threads were stopped: 0,0176855 seconds, Stopping threads took: 0,0000256 seconds
2017-07-31T16:14:50.976+0200: 16241,381: [CMS-concurrent-sweep-start]
2017-07-31T16:14:51.006+0200: 16241,411: [CMS-concurrent-sweep: 0,030/0,030 secs] [Times: user=0,03 sys=0,00, real=0,03 secs] 
2017-07-31T16:14:51.006+0200: 16241,411: [CMS-concurrent-reset-start]
2017-07-31T16:14:51.007+0200: 16241,411: [CMS-concurrent-reset: 0,001/0,001 secs] [Times: user=0,00 sys=0,00, real=0,00 secs] 
2017-07-31T16:14:53.006+0200: 16243,411: [GC (CMS Initial Mark) [1 CMS-initial-mark: 240530K(393216K)] 242272K(502464K), 0,0009894 secs] [Times: user=0,00 sys=0,00, real=0,00 secs] 
2017-07-31T16:14:53.007+0200: 16243,412: Total time for which application threads were stopped: 0,0011489 seconds, Stopping threads took: 0,0000248 seconds
2017-07-31T16:14:53.007+0200: 16243,412: [CMS-concurrent-mark-start]
2017-07-31T16:14:53.036+0200: 16243,440: [CMS-concurrent-mark: 0,028/0,028 secs] [Times: user=0,12 sys=0,00, real=0,03 secs] 
2017-07-31T16:14:53.036+0200: 16243,440: [CMS-concurrent-preclean-start]
2017-07-31T16:14:53.037+0200: 16243,442: [CMS-concurrent-preclean: 0,001/0,001 secs] [Times: user=0,00 sys=0,00, real=0,00 secs] 
2017-07-31T16:14:53.037+0200: 16243,442: [CMS-concurrent-abortable-preclean-start]
 CMS: abort preclean due to time 2017-07-31T16:14:59.118+0200: 16249,523: [CMS-concurrent-abortable-preclean: 0,076/6,081 secs] [Times: user=0,07 sys=0,01, real=6,08 secs] 
2017-07-31T16:14:59.119+0200: 16249,523: [GC (CMS Final Remark) [YG occupancy: 2829 K (109248 K)]{Heap before GC invocations=391 (full 288):
 par new generation   total 109248K, used 2829K [0x00000000e0000000, 0x00000000e8000000, 0x00000000e8000000)
  eden space 87424K,   3% used [0x00000000e0000000, 0x00000000e02c15e8, 0x00000000e5560000)
  from space 21824K,   0% used [0x00000000e6ab0000, 0x00000000e6ab2040, 0x00000000e8000000)
  to   space 21824K,   0% used [0x00000000e5560000, 0x00000000e5560000, 0x00000000e6ab0000)
 concurrent mark-sweep generation total 393216K, used 240530K [0x00000000e8000000, 0x0000000100000000, 0x0000000100000000)
 Metaspace       used 32762K, capacity 33224K, committed 33732K, reserved 1079296K
  class space    used 3585K, capacity 3736K, committed 3836K, reserved 1048576K
2017-07-31T16:14:59.119+0200: 16249,523: [GC (CMS Final Remark) 2017-07-31T16:14:59.119+0200: 16249,523: [ParNew
Desired survivor size 20112992 bytes, new threshold 8 (max 8)
- age   1:        344 bytes,        344 total
- age   5:        152 bytes,        496 total
: 2829K->8K(109248K), 0,0043936 secs] 243359K->240538K(502464K), 0,0044881 secs] [Times: user=0,00 sys=0,00, real=0,01 secs] 
Heap after GC invocations=392 (full 288):
 par new generation   total 109248K, used 8K [0x00000000e0000000, 0x00000000e8000000, 0x00000000e8000000)
  eden space 87424K,   0% used [0x00000000e0000000, 0x00000000e0000000, 0x00000000e5560000)
  from space 21824K,   0% used [0x00000000e5560000, 0x00000000e5562040, 0x00000000e6ab0000)
  to   space 21824K,   0% used [0x00000000e6ab0000, 0x00000000e6ab0000, 0x00000000e8000000)
 concurrent mark-sweep generation total 393216K, used 240530K [0x00000000e8000000, 0x0000000100000000, 0x0000000100000000)
 Metaspace       used 32762K, capacity 33224K, committed 33732K, reserved 1079296K
  class space    used 3585K, capacity 3736K, committed 3836K, reserved 1048576K
}
2017-07-31T16:14:59.123+0200: 16249,528: [Rescan (parallel) , 0,0007420 secs]2017-07-31T16:14:59.124+0200: 16249,529: [weak refs processing, 0,0006114 secs]2017-07-31T16:14:59.125+0200: 16249,529: [class unloading, 0,0090150 secs]2017-07-31T16:14:59.134+0200: 16249,538: [scrub symbol table, 0,0042487 secs]2017-07-31T16:14:59.138+0200: 16249,543: [scrub string table, 0,0007391 secs][1 CMS-remark: 240530K(393216K)] 240538K(502464K), 0,0201887 secs] [Times: user=0,02 sys=0,00, real=0,02 secs] 
2017-07-31T16:14:59.139+0200: 16249,544: Total time for which application threads were stopped: 0,0203789 seconds, Stopping threads took: 0,0000452 seconds
2017-07-31T16:14:59.139+0200: 16249,544: [CMS-concurrent-sweep-start]
2017-07-31T16:14:59.172+0200: 16249,576: [CMS-concurrent-sweep: 0,033/0,033 secs] [Times: user=0,04 sys=0,00, real=0,03 secs] 
2017-07-31T16:14:59.172+0200: 16249,576: [CMS-concurrent-reset-start]
2017-07-31T16:14:59.173+0200: 16249,577: [CMS-concurrent-reset: 0,001/0,001 secs] [Times: user=0,00 sys=0,00, real=0,01 secs] 
2017-07-31T16:15:01.172+0200: 16251,576: [GC (CMS Initial Mark) [1 CMS-initial-mark: 240530K(393216K)] 240865K(502464K), 0,0008888 secs] [Times: user=0,00 sys=0,00, real=0,01 secs] 
2017-07-31T16:15:01.173+0200: 16251,577: Total time for which application threads were stopped: 0,0010599 seconds, Stopping threads took: 0,0000249 seconds
2017-07-31T16:15:01.173+0200: 16251,577: [CMS-concurrent-mark-start]
2017-07-31T16:15:01.218+0200: 16251,622: [CMS-concurrent-mark: 0,045/0,045 secs] [Times: user=0,18 sys=0,00, real=0,04 secs] 
2017-07-31T16:15:01.218+0200: 16251,623: [CMS-concurrent-preclean-start]
2017-07-31T16:15:01.219+0200: 16251,624: [CMS-concurrent-preclean: 0,001/0,001 secs] [Times: user=0,00 sys=0,00, real=0,00 secs] 
2017-07-31T16:15:01.220+0200: 16251,624: [GC (CMS Final Remark) [YG occupancy: 335 K (109248 K)]{Heap before GC invocations=392 (full 289):
 par new generation   total 109248K, used 335K [0x00000000e0000000, 0x00000000e8000000, 0x00000000e8000000)
  eden space 87424K,   0% used [0x00000000e0000000, 0x00000000e0051d88, 0x00000000e5560000)
  from space 21824K,   0% used [0x00000000e5560000, 0x00000000e5562040, 0x00000000e6ab0000)
  to   space 21824K,   0% used [0x00000000e6ab0000, 0x00000000e6ab0000, 0x00000000e8000000)
 concurrent mark-sweep generation total 393216K, used 240530K [0x00000000e8000000, 0x0000000100000000, 0x0000000100000000)
 Metaspace       used 32762K, capacity 33224K, committed 33732K, reserved 1079296K
  class space    used 3585K, capacity 3736K, committed 3836K, reserved 1048576K
2017-07-31T16:15:01.220+0200: 16251,624: [GC (CMS Final Remark) 2017-07-31T16:15:01.220+0200: 16251,624: [ParNew
Desired survivor size 20112992 bytes, new threshold 8 (max 8)
- age   1:         32 bytes,         32 total
- age   2:        312 bytes,        344 total
- age   6:        152 bytes,        496 total
: 335K->8K(109248K), 0,0036696 secs] 240865K->240538K(502464K), 0,0037364 secs] [Times: user=0,00 sys=0,00, real=0,01 secs] 
Heap after GC invocations=393 (full 289):
 par new generation   total 109248K, used 8K [0x00000000e0000000, 0x00000000e8000000, 0x00000000e8000000)
  eden space 87424K,   0% used [0x00000000e0000000, 0x00000000e0000000, 0x00000000e5560000)
  from space 21824K,   0% used [0x00000000e6ab0000, 0x00000000e6ab2040, 0x00000000e8000000)
  to   space 21824K,   0% used [0x00000000e5560000, 0x00000000e5560000, 0x00000000e6ab0000)
 concurrent mark-sweep generation total 393216K, used 240530K [0x00000000e8000000, 0x0000000100000000, 0x0000000100000000)
 Metaspace       used 32762K, capacity 33224K, committed 33732K, reserved 1079296K
  class space    used 3585K, capacity 3736K, committed 3836K, reserved 1048576K
}
2017-07-31T16:15:01.223+0200: 16251,628: [Rescan (parallel) , 0,0005393 secs]2017-07-31T16:15:01.224+0200: 16251,628: [weak refs processing, 0,0004458 secs]2017-07-31T16:15:01.224+0200: 16251,629: [class unloading, 0,0075833 secs]2017-07-31T16:15:01.232+0200: 16251,637: [scrub symbol table, 0,0033808 secs]2017-07-31T16:15:01.235+0200: 16251,640: [scrub string table, 0,0006286 secs][1 CMS-remark: 240530K(393216K)] 240538K(502464K), 0,0165867 secs] [Times: user=0,02 sys=0,00, real=0,02 secs] 
2017-07-31T16:15:01.236+0200: 16251,641: Total time for which application threads were stopped: 0,0167321 seconds, Stopping threads took: 0,0000237 seconds
2017-07-31T16:15:01.236+0200: 16251,641: [CMS-concurrent-sweep-start]
2017-07-31T16:15:01.265+0200: 16251,669: [CMS-concurrent-sweep: 0,028/0,028 secs] [Times: user=0,02 sys=0,00, real=0,03 secs] 
2017-07-31T16:15:01.265+0200: 16251,669: [CMS-concurrent-reset-start]
2017-07-31T16:15:01.265+0200: 16251,670: [CMS-concurrent-reset: 0,001/0,001 secs] [Times: user=0,00 sys=0,00, real=0,00 secs] 
2017-07-31T16:15:03.264+0200: 16253,669: [GC (CMS Initial Mark) [1 CMS-initial-mark: 240530K(393216K)] 242704K(502464K), 0,0009565 secs] [Times: user=0,00 sys=0,00, real=0,00 secs] 
2017-07-31T16:15:03.265+0200: 16253,670: Total time for which application threads were stopped: 0,0011205 seconds, Stopping threads took: 0,0000246 seconds
2017-07-31T16:15:03.265+0200: 16253,670: [CMS-concurrent-mark-start]
2017-07-31T16:15:03.293+0200: 16253,697: [CMS-concurrent-mark: 0,027/0,027 secs] [Times: user=0,11 sys=0,00, real=0,03 secs] 
2017-07-31T16:15:03.293+0200: 16253,697: [CMS-concurrent-preclean-start]
2017-07-31T16:15:03.294+0200: 16253,699: [CMS-concurrent-preclean: 0,001/0,001 secs] [Times: user=0,00 sys=0,00, real=0,00 secs] 
2017-07-31T16:15:03.294+0200: 16253,699: [CMS-concurrent-abortable-preclean-start]
 CMS: abort preclean due to time 2017-07-31T16:15:09.376+0200: 16259,780: [CMS-concurrent-abortable-preclean: 0,076/6,082 secs] [Times: user=0,08 sys=0,00, real=6,08 secs] 
2017-07-31T16:15:09.376+0200: 16259,781: [GC (CMS Final Remark) [YG occupancy: 2829 K (109248 K)]{Heap before GC invocations=393 (full 290):
 par new generation   total 109248K, used 2829K [0x00000000e0000000, 0x00000000e8000000, 0x00000000e8000000)
  eden space 87424K,   3% used [0x00000000e0000000, 0x00000000e02c1650, 0x00000000e5560000)
  from space 21824K,   0% used [0x00000000e6ab0000, 0x00000000e6ab2040, 0x00000000e8000000)
  to   space 21824K,   0% used [0x00000000e5560000, 0x00000000e5560000, 0x00000000e6ab0000)
 concurrent mark-sweep generation total 393216K, used 240530K [0x00000000e8000000, 0x0000000100000000, 0x0000000100000000)
 Metaspace       used 32762K, capacity 33224K, committed 33732K, reserved 1079296K
  class space    used 3585K, capacity 3736K, committed 3836K, reserved 1048576K
2017-07-31T16:15:09.376+0200: 16259,781: [GC (CMS Final Remark) 2017-07-31T16:15:09.376+0200: 16259,781: [ParNew
Desired survivor size 20112992 bytes, new threshold 8 (max 8)
- age   1:        344 bytes,        344 total
- age   3:         32 bytes,        376 total
- age   7:        152 bytes,        528 total
: 2829K->8K(109248K), 0,0037899 secs] 243359K->240538K(502464K), 0,0038587 secs] [Times: user=0,01 sys=0,00, real=0,01 secs] 
Heap after GC invocations=394 (full 290):
 par new generation   total 109248K, used 8K [0x00000000e0000000, 0x00000000e8000000, 0x00000000e8000000)
  eden space 87424K,   0% used [0x00000000e0000000, 0x00000000e0000000, 0x00000000e5560000)
  from space 21824K,   0% used [0x00000000e5560000, 0x00000000e5562040, 0x00000000e6ab0000)
  to   space 21824K,   0% used [0x00000000e6ab0000, 0x00000000e6ab0000, 0x00000000e8000000)
 concurrent mark-sweep generation total 393216K, used 240530K [0x00000000e8000000, 0x0000000100000000, 0x0000000100000000)
 Metaspace       used 32762K, capacity 33224K, committed 33732K, reserved 1079296K
  class space    used 3585K, capacity 3736K, committed 3836K, reserved 1048576K
}
2017-07-31T16:15:09.380+0200: 16259,785: [Rescan (parallel) , 0,0006867 secs]2017-07-31T16:15:09.381+0200: 16259,785: [weak refs processing, 0,0005968 secs]2017-07-31T16:15:09.382+0200: 16259,786: [class unloading, 0,0087397 secs]2017-07-31T16:15:09.390+0200: 16259,795: [scrub symbol table, 0,0039692 secs]2017-07-31T16:15:09.394+0200: 16259,799: [scrub string table, 0,0007313 secs][1 CMS-remark: 240530K(393216K)] 240538K(502464K), 0,0188770 secs] [Times: user=0,03 sys=0,00, real=0,02 secs] 
2017-07-31T16:15:09.395+0200: 16259,800: Total time for which application threads were stopped: 0,0190306 seconds, Stopping threads took: 0,0000248 seconds
2017-07-31T16:15:09.395+0200: 16259,800: [CMS-concurrent-sweep-start]
2017-07-31T16:15:09.427+0200: 16259,832: [CMS-concurrent-sweep: 0,032/0,032 secs] [Times: user=0,03 sys=0,00, real=0,03 secs] 
2017-07-31T16:15:09.427+0200: 16259,832: [CMS-concurrent-reset-start]
2017-07-31T16:15:09.428+0200: 16259,832: [CMS-concurrent-reset: 0,001/0,001 secs] [Times: user=0,00 sys=0,00, real=0,00 secs] 
2017-07-31T16:15:11.427+0200: 16261,832: [GC (CMS Initial Mark) [1 CMS-initial-mark: 240530K(393216K)] 240865K(502464K), 0,0007686 secs] [Times: user=0,00 sys=0,00, real=0,00 secs] 
2017-07-31T16:15:11.428+0200: 16261,832: Total time for which application threads were stopped: 0,0009404 seconds, Stopping threads took: 0,0000240 seconds
2017-07-31T16:15:11.428+0200: 16261,832: [CMS-concurrent-mark-start]
2017-07-31T16:15:11.455+0200: 16261,859: [CMS-concurrent-mark: 0,027/0,027 secs] [Times: user=0,11 sys=0,00, real=0,03 secs] 
2017-07-31T16:15:11.455+0200: 16261,860: [CMS-concurrent-preclean-start]
2017-07-31T16:15:11.457+0200: 16261,861: [CMS-concurrent-preclean: 0,001/0,001 secs] [Times: user=0,00 sys=0,00, real=0,00 secs] 
2017-07-31T16:15:11.457+0200: 16261,861: [GC (CMS Final Remark) [YG occupancy: 335 K (109248 K)]{Heap before GC invocations=394 (full 291):
 par new generation   total 109248K, used 335K [0x00000000e0000000, 0x00000000e8000000, 0x00000000e8000000)
  eden space 87424K,   0% used [0x00000000e0000000, 0x00000000e0051d88, 0x00000000e5560000)
  from space 21824K,   0% used [0x00000000e5560000, 0x00000000e5562040, 0x00000000e6ab0000)
  to   space 21824K,   0% used [0x00000000e6ab0000, 0x00000000e6ab0000, 0x00000000e8000000)
 concurrent mark-sweep generation total 393216K, used 240530K [0x00000000e8000000, 0x0000000100000000, 0x0000000100000000)
 Metaspace       used 32762K, capacity 33224K, committed 33732K, reserved 1079296K
  class space    used 3585K, capacity 3736K, committed 3836K, reserved 1048576K
2017-07-31T16:15:11.457+0200: 16261,861: [GC (CMS Final Remark) 2017-07-31T16:15:11.457+0200: 16261,861: [ParNew
Desired survivor size 20112992 bytes, new threshold 8 (max 8)
- age   1:         32 bytes,         32 total
- age   2:        312 bytes,        344 total
- age   4:         32 bytes,        376 total
- age   8:        152 bytes,        528 total
: 335K->8K(109248K), 0,0040047 secs] 240865K->240538K(502464K), 0,0040776 secs] [Times: user=0,01 sys=0,01, real=0,01 secs] 
Heap after GC invocations=395 (full 291):
 par new generation   total 109248K, used 8K [0x00000000e0000000, 0x00000000e8000000, 0x00000000e8000000)
  eden space 87424K,   0% used [0x00000000e0000000, 0x00000000e0000000, 0x00000000e5560000)
  from space 21824K,   0% used [0x00000000e6ab0000, 0x00000000e6ab2040, 0x00000000e8000000)
  to   space 21824K,   0% used [0x00000000e5560000, 0x00000000e5560000, 0x00000000e6ab0000)
 concurrent mark-sweep generation total 393216K, used 240530K [0x00000000e8000000, 0x0000000100000000, 0x0000000100000000)
 Metaspace       used 32762K, capacity 33224K, committed 33732K, reserved 1079296K
  class space    used 3585K, capacity 3736K, committed 3836K, reserved 1048576K
}
2017-07-31T16:15:11.461+0200: 16261,866: [Rescan (parallel) , 0,0006092 secs]2017-07-31T16:15:11.462+0200: 16261,866: [weak refs processing, 0,0004914 secs]2017-07-31T16:15:11.462+0200: 16261,867: [class unloading, 0,0080294 secs]2017-07-31T16:15:11.470+0200: 16261,875: [scrub symbol table, 0,0036664 secs]2017-07-31T16:15:11.474+0200: 16261,878: [scrub string table, 0,0006548 secs][1 CMS-remark: 240530K(393216K)] 240538K(502464K), 0,0178450 secs] [Times: user=0,02 sys=0,01, real=0,02 secs] 
2017-07-31T16:15:11.475+0200: 16261,879: Total time for which application threads were stopped: 0,0179916 seconds, Stopping threads took: 0,0000238 seconds
2017-07-31T16:15:11.475+0200: 16261,879: [CMS-concurrent-sweep-start]
2017-07-31T16:15:11.504+0200: 16261,909: [CMS-concurrent-sweep: 0,029/0,029 secs] [Times: user=0,03 sys=0,00, real=0,03 secs] 
2017-07-31T16:15:11.504+0200: 16261,909: [CMS-concurrent-reset-start]
2017-07-31T16:15:11.505+0200: 16261,909: [CMS-concurrent-reset: 0,001/0,001 secs] [Times: user=0,00 sys=0,00, real=0,00 secs] 
2017-07-31T16:15:13.504+0200: 16263,909: [GC (CMS Initial Mark) [1 CMS-initial-mark: 240530K(393216K)] 242756K(502464K), 0,0009326 secs] [Times: user=0,00 sys=0,00, real=0,00 secs] 
2017-07-31T16:15:13.505+0200: 16263,910: Total time for which application threads were stopped: 0,0010915 seconds, Stopping threads took: 0,0000239 seconds
2017-07-31T16:15:13.505+0200: 16263,910: [CMS-concurrent-mark-start]
2017-07-31T16:15:13.536+0200: 16263,941: [CMS-concurrent-mark: 0,031/0,031 secs] [Times: user=0,13 sys=0,00, real=0,03 secs] 
2017-07-31T16:15:13.537+0200: 16263,941: [CMS-concurrent-preclean-start]
2017-07-31T16:15:13.538+0200: 16263,942: [CMS-concurrent-preclean: 0,001/0,001 secs] [Times: user=0,00 sys=0,00, real=0,00 secs] 
2017-07-31T16:15:13.538+0200: 16263,942: [CMS-concurrent-abortable-preclean-start]
 CMS: abort preclean due to time 2017-07-31T16:15:19.620+0200: 16270,024: [CMS-concurrent-abortable-preclean: 0,077/6,082 secs] [Times: user=0,08 sys=0,00, real=6,08 secs] 
2017-07-31T16:15:19.620+0200: 16270,024: [GC (CMS Final Remark) [YG occupancy: 2807 K (109248 K)]{Heap before GC invocations=395 (full 292):
 par new generation   total 109248K, used 2807K [0x00000000e0000000, 0x00000000e8000000, 0x00000000e8000000)
  eden space 87424K,   3% used [0x00000000e0000000, 0x00000000e02bbe80, 0x00000000e5560000)
  from space 21824K,   0% used [0x00000000e6ab0000, 0x00000000e6ab2040, 0x00000000e8000000)
  to   space 21824K,   0% used [0x00000000e5560000, 0x00000000e5560000, 0x00000000e6ab0000)
 concurrent mark-sweep generation total 393216K, used 240530K [0x00000000e8000000, 0x0000000100000000, 0x0000000100000000)
 Metaspace       used 32762K, capacity 33224K, committed 33732K, reserved 1079296K
  class space    used 3585K, capacity 3736K, committed 3836K, reserved 1048576K
2017-07-31T16:15:19.620+0200: 16270,024: [GC (CMS Final Remark) 2017-07-31T16:15:19.620+0200: 16270,024: [ParNew
Desired survivor size 20112992 bytes, new threshold 8 (max 8)
- age   1:        344 bytes,        344 total
- age   3:        152 bytes,        496 total
- age   5:         32 bytes,        528 total
: 2807K->8K(109248K), 0,0027493 secs] 243337K->240538K(502464K), 0,0027946 secs] [Times: user=0,00 sys=0,01, real=0,01 secs] 
Heap after GC invocations=396 (full 292):
 par new generation   total 109248K, used 8K [0x00000000e0000000, 0x00000000e8000000, 0x00000000e8000000)
  eden space 87424K,   0% used [0x00000000e0000000, 0x00000000e0000000, 0x00000000e5560000)
  from space 21824K,   0% used [0x00000000e5560000, 0x00000000e5562040, 0x00000000e6ab0000)
  to   space 21824K,   0% used [0x00000000e6ab0000, 0x00000000e6ab0000, 0x00000000e8000000)
 concurrent mark-sweep generation total 393216K, used 240530K [0x00000000e8000000, 0x0000000100000000, 0x0000000100000000)
 Metaspace       used 32762K, capacity 33224K, committed 33732K, reserved 1079296K
  class space    used 3585K, capacity 3736K, committed 3836K, reserved 1048576K
}
2017-07-31T16:15:19.623+0200: 16270,027: [Rescan (parallel) , 0,0003910 secs]2017-07-31T16:15:19.623+0200: 16270,028: [weak refs processing, 0,0003321 secs]2017-07-31T16:15:19.623+0200: 16270,028: [class unloading, 0,0057311 secs]2017-07-31T16:15:19.629+0200: 16270,034: [scrub symbol table, 0,0030898 secs]2017-07-31T16:15:19.632+0200: 16270,037: [scrub string table, 0,0004939 secs][1 CMS-remark: 240530K(393216K)] 240538K(502464K), 0,0130813 secs] [Times: user=0,01 sys=0,01, real=0,02 secs] 
2017-07-31T16:15:19.633+0200: 16270,037: Total time for which application threads were stopped: 0,0132024 seconds, Stopping threads took: 0,0000251 seconds
2017-07-31T16:15:19.633+0200: 16270,037: [CMS-concurrent-sweep-start]
2017-07-31T16:15:19.655+0200: 16270,060: [CMS-concurrent-sweep: 0,022/0,022 secs] [Times: user=0,02 sys=0,00, real=0,02 secs] 
2017-07-31T16:15:19.656+0200: 16270,060: [CMS-concurrent-reset-start]
2017-07-31T16:15:19.656+0200: 16270,060: [CMS-concurrent-reset: 0,000/0,000 secs] [Times: user=0,00 sys=0,00, real=0,00 secs] 
2017-07-31T16:15:21.655+0200: 16272,060: [GC (CMS Initial Mark) [1 CMS-initial-mark: 240530K(393216K)] 241308K(502464K), 0,0010049 secs] [Times: user=0,00 sys=0,00, real=0,00 secs] 
2017-07-31T16:15:21.656+0200: 16272,061: Total time for which application threads were stopped: 0,0011557 seconds, Stopping threads took: 0,0000312 seconds
2017-07-31T16:15:21.656+0200: 16272,061: [CMS-concurrent-mark-start]
2017-07-31T16:15:21.684+0200: 16272,088: [CMS-concurrent-mark: 0,027/0,027 secs] [Times: user=0,11 sys=0,00, real=0,03 secs] 
2017-07-31T16:15:21.684+0200: 16272,088: [CMS-concurrent-preclean-start]
2017-07-31T16:15:21.685+0200: 16272,090: [CMS-concurrent-preclean: 0,001/0,001 secs] [Times: user=0,00 sys=0,00, real=0,00 secs] 
2017-07-31T16:15:21.686+0200: 16272,090: [GC (CMS Final Remark) [YG occupancy: 778 K (109248 K)]{Heap before GC invocations=396 (full 293):
 par new generation   total 109248K, used 778K [0x00000000e0000000, 0x00000000e8000000, 0x00000000e8000000)
  eden space 87424K,   0% used [0x00000000e0000000, 0x00000000e00c0938, 0x00000000e5560000)
  from space 21824K,   0% used [0x00000000e5560000, 0x00000000e5562040, 0x00000000e6ab0000)
  to   space 21824K,   0% used [0x00000000e6ab0000, 0x00000000e6ab0000, 0x00000000e8000000)
 concurrent mark-sweep generation total 393216K, used 240530K [0x00000000e8000000, 0x0000000100000000, 0x0000000100000000)
 Metaspace       used 32762K, capacity 33224K, committed 33732K, reserved 1079296K
  class space    used 3585K, capacity 3736K, committed 3836K, reserved 1048576K
2017-07-31T16:15:21.686+0200: 16272,090: [GC (CMS Final Remark) 2017-07-31T16:15:21.686+0200: 16272,090: [ParNew
Desired survivor size 20112992 bytes, new threshold 8 (max 8)
- age   1:         64 bytes,         64 total
- age   2:        280 bytes,        344 total
- age   4:        152 bytes,        496 total
- age   6:         32 bytes,        528 total
: 778K->8K(109248K), 0,0027854 secs] 241308K->240538K(502464K), 0,0028309 secs] [Times: user=0,01 sys=0,00, real=0,00 secs] 
Heap after GC invocations=397 (full 293):
 par new generation   total 109248K, used 8K [0x00000000e0000000, 0x00000000e8000000, 0x00000000e8000000)
  eden space 87424K,   0% used [0x00000000e0000000, 0x00000000e0000000, 0x00000000e5560000)
  from space 21824K,   0% used [0x00000000e6ab0000, 0x00000000e6ab2040, 0x00000000e8000000)
  to   space 21824K,   0% used [0x00000000e5560000, 0x00000000e5560000, 0x00000000e6ab0000)
 concurrent mark-sweep generation total 393216K, used 240530K [0x00000000e8000000, 0x0000000100000000, 0x0000000100000000)
 Metaspace       used 32762K, capacity 33224K, committed 33732K, reserved 1079296K
  class space    used 3585K, capacity 3736K, committed 3836K, reserved 1048576K
}
2017-07-31T16:15:21.689+0200: 16272,093: [Rescan (parallel) , 0,0006280 secs]2017-07-31T16:15:21.689+0200: 16272,094: [weak refs processing, 0,0004543 secs]2017-07-31T16:15:21.690+0200: 16272,094: [class unloading, 0,0078158 secs]2017-07-31T16:15:21.698+0200: 16272,102: [scrub symbol table, 0,0035084 secs]2017-07-31T16:15:21.701+0200: 16272,106: [scrub string table, 0,0006366 secs][1 CMS-remark: 240530K(393216K)] 240538K(502464K), 0,0161582 secs] [Times: user=0,02 sys=0,00, real=0,02 secs] 
2017-07-31T16:15:21.702+0200: 16272,106: Total time for which application threads were stopped: 0,0162950 seconds, Stopping threads took: 0,0000294 seconds
2017-07-31T16:15:21.702+0200: 16272,106: [CMS-concurrent-sweep-start]
2017-07-31T16:15:21.731+0200: 16272,135: [CMS-concurrent-sweep: 0,029/0,029 secs] [Times: user=0,03 sys=0,00, real=0,02 secs] 
2017-07-31T16:15:21.731+0200: 16272,135: [CMS-concurrent-reset-start]
2017-07-31T16:15:21.732+0200: 16272,136: [CMS-concurrent-reset: 0,001/0,001 secs] [Times: user=0,00 sys=0,00, real=0,00 secs] 
2017-07-31T16:15:23.731+0200: 16274,135: [GC (CMS Initial Mark) [1 CMS-initial-mark: 240530K(393216K)] 242515K(502464K), 0,0009077 secs] [Times: user=0,00 sys=0,00, real=0,00 secs] 
2017-07-31T16:15:23.732+0200: 16274,136: Total time for which application threads were stopped: 0,0010708 seconds, Stopping threads took: 0,0000328 seconds
2017-07-31T16:15:23.732+0200: 16274,136: [CMS-concurrent-mark-start]
2017-07-31T16:15:23.756+0200: 16274,160: [CMS-concurrent-mark: 0,024/0,024 secs] [Times: user=0,09 sys=0,00, real=0,03 secs] 
2017-07-31T16:15:23.756+0200: 16274,160: [CMS-concurrent-preclean-start]
2017-07-31T16:15:23.757+0200: 16274,161: [CMS-concurrent-preclean: 0,001/0,001 secs] [Times: user=0,00 sys=0,00, real=0,00 secs] 
2017-07-31T16:15:23.757+0200: 16274,162: [GC (CMS Final Remark) [YG occupancy: 1985 K (109248 K)]{Heap before GC invocations=397 (full 294):
 par new generation   total 109248K, used 1985K [0x00000000e0000000, 0x00000000e8000000, 0x00000000e8000000)
  eden space 87424K,   2% used [0x00000000e0000000, 0x00000000e01ee538, 0x00000000e5560000)
  from space 21824K,   0% used [0x00000000e6ab0000, 0x00000000e6ab2040, 0x00000000e8000000)
  to   space 21824K,   0% used [0x00000000e5560000, 0x00000000e5560000, 0x00000000e6ab0000)
 concurrent mark-sweep generation total 393216K, used 240530K [0x00000000e8000000, 0x0000000100000000, 0x0000000100000000)
 Metaspace       used 32762K, capacity 33224K, committed 33732K, reserved 1079296K
  class space    used 3585K, capacity 3736K, committed 3836K, reserved 1048576K
2017-07-31T16:15:23.757+0200: 16274,162: [GC (CMS Final Remark) 2017-07-31T16:15:23.757+0200: 16274,162: [ParNew
Desired survivor size 20112992 bytes, new threshold 8 (max 8)
- age   1:         96 bytes,         96 total
- age   2:         64 bytes,        160 total
- age   3:        184 bytes,        344 total
- age   5:        152 bytes,        496 total
- age   7:         32 bytes,        528 total
: 1985K->8K(109248K), 0,0035703 secs] 242515K->240538K(502464K), 0,0036226 secs] [Times: user=0,01 sys=0,01, real=0,01 secs] 
Heap after GC invocations=398 (full 294):
 par new generation   total 109248K, used 8K [0x00000000e0000000, 0x00000000e8000000, 0x00000000e8000000)
  eden space 87424K,   0% used [0x00000000e0000000, 0x00000000e0000000, 0x00000000e5560000)
  from space 21824K,   0% used [0x00000000e5560000, 0x00000000e5562040, 0x00000000e6ab0000)
  to   space 21824K,   0% used [0x00000000e6ab0000, 0x00000000e6ab0000, 0x00000000e8000000)
 concurrent mark-sweep generation total 393216K, used 240530K [0x00000000e8000000, 0x0000000100000000, 0x0000000100000000)
 Metaspace       used 32762K, capacity 33224K, committed 33732K, reserved 1079296K
  class space    used 3585K, capacity 3736K, committed 3836K, reserved 1048576K
}
2017-07-31T16:15:23.761+0200: 16274,165: [Rescan (parallel) , 0,0005911 secs]2017-07-31T16:15:23.762+0200: 16274,166: [weak refs processing, 0,0004479 secs]2017-07-31T16:15:23.762+0200: 16274,167: [class unloading, 0,0069687 secs]2017-07-31T16:15:23.769+0200: 16274,174: [scrub symbol table, 0,0034771 secs]2017-07-31T16:15:23.773+0200: 16274,177: [scrub string table, 0,0005992 secs][1 CMS-remark: 240530K(393216K)] 240538K(502464K), 0,0160642 secs] [Times: user=0,02 sys=0,01, real=0,02 secs] 
2017-07-31T16:15:23.773+0200: 16274,178: Total time for which application threads were stopped: 0,0161902 seconds, Stopping threads took: 0,0000224 seconds
2017-07-31T16:15:23.773+0200: 16274,178: [CMS-concurrent-sweep-start]
2017-07-31T16:15:23.800+0200: 16274,204: [CMS-concurrent-sweep: 0,026/0,026 secs] [Times: user=0,03 sys=0,00, real=0,02 secs] 
2017-07-31T16:15:23.800+0200: 16274,204: [CMS-concurrent-reset-start]
2017-07-31T16:15:23.801+0200: 16274,205: [CMS-concurrent-reset: 0,001/0,001 secs] [Times: user=0,00 sys=0,00, real=0,01 secs] 
2017-07-31T16:15:25.800+0200: 16276,204: [GC (CMS Initial Mark) [1 CMS-initial-mark: 240530K(393216K)] 240865K(502464K), 0,0006904 secs] [Times: user=0,00 sys=0,00, real=0,01 secs] 
2017-07-31T16:15:25.801+0200: 16276,205: Total time for which application threads were stopped: 0,0008400 seconds, Stopping threads took: 0,0000331 seconds
2017-07-31T16:15:25.801+0200: 16276,205: [CMS-concurrent-mark-start]
2017-07-31T16:15:25.821+0200: 16276,225: [CMS-concurrent-mark: 0,020/0,020 secs] [Times: user=0,08 sys=0,00, real=0,02 secs] 
2017-07-31T16:15:25.821+0200: 16276,225: [CMS-concurrent-preclean-start]
2017-07-31T16:15:25.822+0200: 16276,226: [CMS-concurrent-preclean: 0,001/0,001 secs] [Times: user=0,01 sys=0,00, real=0,00 secs] 
2017-07-31T16:15:25.822+0200: 16276,227: [GC (CMS Final Remark) [YG occupancy: 335 K (109248 K)]{Heap before GC invocations=398 (full 295):
 par new generation   total 109248K, used 335K [0x00000000e0000000, 0x00000000e8000000, 0x00000000e8000000)
  eden space 87424K,   0% used [0x00000000e0000000, 0x00000000e0051d88, 0x00000000e5560000)
  from space 21824K,   0% used [0x00000000e5560000, 0x00000000e5562040, 0x00000000e6ab0000)
  to   space 21824K,   0% used [0x00000000e6ab0000, 0x00000000e6ab0000, 0x00000000e8000000)
 concurrent mark-sweep generation total 393216K, used 240530K [0x00000000e8000000, 0x0000000100000000, 0x0000000100000000)
 Metaspace       used 32762K, capacity 33224K, committed 33732K, reserved 1079296K
  class space    used 3585K, capacity 3736K, committed 3836K, reserved 1048576K
2017-07-31T16:15:25.822+0200: 16276,227: [GC (CMS Final Remark) 2017-07-31T16:15:25.822+0200: 16276,227: [ParNew
Desired survivor size 20112992 bytes, new threshold 8 (max 8)
- age   1:         32 bytes,         32 total
- age   2:         96 bytes,        128 total
- age   3:         64 bytes,        192 total
- age   4:        152 bytes,        344 total
- age   6:        152 bytes,        496 total
- age   8:         32 bytes,        528 total
: 335K->8K(109248K), 0,0019461 secs] 240865K->240538K(502464K), 0,0019887 secs] [Times: user=0,00 sys=0,00, real=0,00 secs] 
Heap after GC invocations=399 (full 295):
 par new generation   total 109248K, used 8K [0x00000000e0000000, 0x00000000e8000000, 0x00000000e8000000)
  eden space 87424K,   0% used [0x00000000e0000000, 0x00000000e0000000, 0x00000000e5560000)
  from space 21824K,   0% used [0x00000000e6ab0000, 0x00000000e6ab2040, 0x00000000e8000000)
  to   space 21824K,   0% used [0x00000000e5560000, 0x00000000e5560000, 0x00000000e6ab0000)
 concurrent mark-sweep generation total 393216K, used 240530K [0x00000000e8000000, 0x0000000100000000, 0x0000000100000000)
 Metaspace       used 32762K, capacity 33224K, committed 33732K, reserved 1079296K
  class space    used 3585K, capacity 3736K, committed 3836K, reserved 1048576K
}
2017-07-31T16:15:25.824+0200: 16276,229: [Rescan (parallel) , 0,0007290 secs]2017-07-31T16:15:25.825+0200: 16276,230: [weak refs processing, 0,0006095 secs]2017-07-31T16:15:25.826+0200: 16276,230: [class unloading, 0,0067707 secs]2017-07-31T16:15:25.832+0200: 16276,237: [scrub symbol table, 0,0030542 secs]2017-07-31T16:15:25.836+0200: 16276,240: [scrub string table, 0,0005592 secs][1 CMS-remark: 240530K(393216K)] 240538K(502464K), 0,0139704 secs] [Times: user=0,01 sys=0,00, real=0,01 secs] 
2017-07-31T16:15:25.836+0200: 16276,241: Total time for which application threads were stopped: 0,0140952 seconds, Stopping threads took: 0,0000289 seconds
2017-07-31T16:15:25.836+0200: 16276,241: [CMS-concurrent-sweep-start]
2017-07-31T16:15:25.861+0200: 16276,266: [CMS-concurrent-sweep: 0,025/0,025 secs] [Times: user=0,03 sys=0,00, real=0,03 secs] 
2017-07-31T16:15:25.861+0200: 16276,266: [CMS-concurrent-reset-start]
2017-07-31T16:15:25.862+0200: 16276,266: [CMS-concurrent-reset: 0,001/0,001 secs] [Times: user=0,00 sys=0,00, real=0,00 secs] 
2017-07-31T16:15:27.861+0200: 16278,265: [GC (CMS Initial Mark) [1 CMS-initial-mark: 240530K(393216K)] 242271K(502464K), 0,0008673 secs] [Times: user=0,00 sys=0,01, real=0,00 secs] 
2017-07-31T16:15:27.862+0200: 16278,266: Total time for which application threads were stopped: 0,0010344 seconds, Stopping threads took: 0,0000233 seconds
2017-07-31T16:15:27.862+0200: 16278,266: [CMS-concurrent-mark-start]
2017-07-31T16:15:27.885+0200: 16278,289: [CMS-concurrent-mark: 0,023/0,023 secs] [Times: user=0,08 sys=0,00, real=0,02 secs] 
2017-07-31T16:15:27.885+0200: 16278,289: [CMS-concurrent-preclean-start]
2017-07-31T16:15:27.886+0200: 16278,290: [CMS-concurrent-preclean: 0,001/0,001 secs] [Times: user=0,01 sys=0,00, real=0,00 secs] 
2017-07-31T16:15:27.886+0200: 16278,291: [GC (CMS Final Remark) [YG occupancy: 1741 K (109248 K)]{Heap before GC invocations=399 (full 296):
 par new generation   total 109248K, used 1741K [0x00000000e0000000, 0x00000000e8000000, 0x00000000e8000000)
  eden space 87424K,   1% used [0x00000000e0000000, 0x00000000e01b1748, 0x00000000e5560000)
  from space 21824K,   0% used [0x00000000e6ab0000, 0x00000000e6ab2040, 0x00000000e8000000)
  to   space 21824K,   0% used [0x00000000e5560000, 0x00000000e5560000, 0x00000000e6ab0000)
 concurrent mark-sweep generation total 393216K, used 240530K [0x00000000e8000000, 0x0000000100000000, 0x0000000100000000)
 Metaspace       used 32762K, capacity 33224K, committed 33732K, reserved 1079296K
  class space    used 3585K, capacity 3736K, committed 3836K, reserved 1048576K
2017-07-31T16:15:27.886+0200: 16278,291: [GC (CMS Final Remark) 2017-07-31T16:15:27.886+0200: 16278,291: [ParNew
Desired survivor size 20112992 bytes, new threshold 8 (max 8)
- age   1:         64 bytes,         64 total
- age   2:         32 bytes,         96 total
- age   3:         96 bytes,        192 total
- age   5:        152 bytes,        344 total
- age   7:        152 bytes,        496 total
: 1741K->8K(109248K), 0,0015707 secs] 242271K->240538K(502464K), 0,0016086 secs] [Times: user=0,00 sys=0,00, real=0,00 secs] 
Heap after GC invocations=400 (full 296):
 par new generation   total 109248K, used 8K [0x00000000e0000000, 0x00000000e8000000, 0x00000000e8000000)
  eden space 87424K,   0% used [0x00000000e0000000, 0x00000000e0000000, 0x00000000e5560000)
  from space 21824K,   0% used [0x00000000e5560000, 0x00000000e5562040, 0x00000000e6ab0000)
  to   space 21824K,   0% used [0x00000000e6ab0000, 0x00000000e6ab0000, 0x00000000e8000000)
 concurrent mark-sweep generation total 393216K, used 240530K [0x00000000e8000000, 0x0000000100000000, 0x0000000100000000)
 Metaspace       used 32762K, capacity 33224K, committed 33732K, reserved 1079296K
  class space    used 3585K, capacity 3736K, committed 3836K, reserved 1048576K
}
2017-07-31T16:15:27.888+0200: 16278,292: [Rescan (parallel) , 0,0004893 secs]2017-07-31T16:15:27.888+0200: 16278,293: [weak refs processing, 0,0003556 secs]2017-07-31T16:15:27.889+0200: 16278,293: [class unloading, 0,0066083 secs]2017-07-31T16:15:27.895+0200: 16278,300: [scrub symbol table, 0,0031782 secs]2017-07-31T16:15:27.898+0200: 16278,303: [scrub string table, 0,0005776 secs][1 CMS-remark: 240530K(393216K)] 240538K(502464K), 0,0130445 secs] [Times: user=0,01 sys=0,00, real=0,01 secs] 
2017-07-31T16:15:27.899+0200: 16278,304: Total time for which application threads were stopped: 0,0131662 seconds, Stopping threads took: 0,0000232 seconds
2017-07-31T16:15:27.899+0200: 16278,304: [CMS-concurrent-sweep-start]
2017-07-31T16:15:27.925+0200: 16278,330: [CMS-concurrent-sweep: 0,026/0,026 secs] [Times: user=0,03 sys=0,00, real=0,03 secs] 
2017-07-31T16:15:27.925+0200: 16278,330: [CMS-concurrent-reset-start]
2017-07-31T16:15:27.926+0200: 16278,330: [CMS-concurrent-reset: 0,001/0,001 secs] [Times: user=0,00 sys=0,00, real=0,00 secs] 
2017-07-31T16:15:29.925+0200: 16280,329: [GC (CMS Initial Mark) [1 CMS-initial-mark: 240530K(393216K)] 241224K(502464K), 0,0010118 secs] [Times: user=0,00 sys=0,00, real=0,00 secs] 
2017-07-31T16:15:29.926+0200: 16280,330: Total time for which application threads were stopped: 0,0011975 seconds, Stopping threads took: 0,0000542 seconds
2017-07-31T16:15:29.926+0200: 16280,331: [CMS-concurrent-mark-start]
2017-07-31T16:15:29.951+0200: 16280,356: [CMS-concurrent-mark: 0,025/0,025 secs] [Times: user=0,10 sys=0,00, real=0,02 secs] 
2017-07-31T16:15:29.951+0200: 16280,356: [CMS-concurrent-preclean-start]
2017-07-31T16:15:29.953+0200: 16280,357: [CMS-concurrent-preclean: 0,001/0,001 secs] [Times: user=0,00 sys=0,00, real=0,01 secs] 
2017-07-31T16:15:29.953+0200: 16280,358: [GC (CMS Final Remark) [YG occupancy: 694 K (109248 K)]{Heap before GC invocations=400 (full 297):
 par new generation   total 109248K, used 694K [0x00000000e0000000, 0x00000000e8000000, 0x00000000e8000000)
  eden space 87424K,   0% used [0x00000000e0000000, 0x00000000e00ab9a0, 0x00000000e5560000)
  from space 21824K,   0% used [0x00000000e5560000, 0x00000000e5562040, 0x00000000e6ab0000)
  to   space 21824K,   0% used [0x00000000e6ab0000, 0x00000000e6ab0000, 0x00000000e8000000)
 concurrent mark-sweep generation total 393216K, used 240530K [0x00000000e8000000, 0x0000000100000000, 0x0000000100000000)
 Metaspace       used 32762K, capacity 33224K, committed 33732K, reserved 1079296K
  class space    used 3585K, capacity 3736K, committed 3836K, reserved 1048576K
2017-07-31T16:15:29.953+0200: 16280,358: [GC (CMS Final Remark) 2017-07-31T16:15:29.953+0200: 16280,358: [ParNew
Desired survivor size 20112992 bytes, new threshold 8 (max 8)
- age   1:         64 bytes,         64 total
- age   2:         64 bytes,        128 total
- age   3:         32 bytes,        160 total
- age   4:         32 bytes,        192 total
- age   6:        152 bytes,        344 total
- age   8:        152 bytes,        496 total
: 694K->8K(109248K), 0,0036295 secs] 241224K->240538K(502464K), 0,0036771 secs] [Times: user=0,00 sys=0,01, real=0,00 secs] 
Heap after GC invocations=401 (full 297):
 par new generation   total 109248K, used 8K [0x00000000e0000000, 0x00000000e8000000, 0x00000000e8000000)
  eden space 87424K,   0% used [0x00000000e0000000, 0x00000000e0000000, 0x00000000e5560000)
  from space 21824K,   0% used [0x00000000e6ab0000, 0x00000000e6ab2040, 0x00000000e8000000)
  to   space 21824K,   0% used [0x00000000e5560000, 0x00000000e5560000, 0x00000000e6ab0000)
 concurrent mark-sweep generation total 393216K, used 240530K [0x00000000e8000000, 0x0000000100000000, 0x0000000100000000)
 Metaspace       used 32762K, capacity 33224K, committed 33732K, reserved 1079296K
  class space    used 3585K, capacity 3736K, committed 3836K, reserved 1048576K
}
2017-07-31T16:15:29.957+0200: 16280,362: [Rescan (parallel) , 0,0005133 secs]2017-07-31T16:15:29.958+0200: 16280,362: [weak refs processing, 0,0004663 secs]2017-07-31T16:15:29.958+0200: 16280,362: [class unloading, 0,0076776 secs]2017-07-31T16:15:29.966+0200: 16280,370: [scrub symbol table, 0,0036238 secs]2017-07-31T16:15:29.969+0200: 16280,374: [scrub string table, 0,0006786 secs][1 CMS-remark: 240530K(393216K)] 240538K(502464K), 0,0169093 secs] [Times: user=0,02 sys=0,01, real=0,01 secs] 
2017-07-31T16:15:29.970+0200: 16280,375: Total time for which application threads were stopped: 0,0170477 seconds, Stopping threads took: 0,0000300 seconds
2017-07-31T16:15:29.970+0200: 16280,375: [CMS-concurrent-sweep-start]
2017-07-31T16:15:29.997+0200: 16280,402: [CMS-concurrent-sweep: 0,027/0,027 secs] [Times: user=0,03 sys=0,00, real=0,03 secs] 
2017-07-31T16:15:29.997+0200: 16280,402: [CMS-concurrent-reset-start]
2017-07-31T16:15:29.998+0200: 16280,402: [CMS-concurrent-reset: 0,001/0,001 secs] [Times: user=0,00 sys=0,00, real=0,00 secs] 
2017-07-31T16:15:31.997+0200: 16282,402: [GC (CMS Initial Mark) [1 CMS-initial-mark: 240530K(393216K)] 241308K(502464K), 0,0009654 secs] [Times: user=0,00 sys=0,00, real=0,00 secs] 
2017-07-31T16:15:31.998+0200: 16282,403: Total time for which application threads were stopped: 0,0011216 seconds, Stopping threads took: 0,0000245 seconds
2017-07-31T16:15:31.998+0200: 16282,403: [CMS-concurrent-mark-start]
2017-07-31T16:15:32.034+0200: 16282,439: [CMS-concurrent-mark: 0,036/0,036 secs] [Times: user=0,14 sys=0,00, real=0,04 secs] 
2017-07-31T16:15:32.034+0200: 16282,439: [CMS-concurrent-preclean-start]
2017-07-31T16:15:32.036+0200: 16282,441: [CMS-concurrent-preclean: 0,002/0,002 secs] [Times: user=0,00 sys=0,00, real=0,00 secs] 
2017-07-31T16:15:32.036+0200: 16282,441: [GC (CMS Final Remark) [YG occupancy: 778 K (109248 K)]{Heap before GC invocations=401 (full 298):
 par new generation   total 109248K, used 778K [0x00000000e0000000, 0x00000000e8000000, 0x00000000e8000000)
  eden space 87424K,   0% used [0x00000000e0000000, 0x00000000e00c0938, 0x00000000e5560000)
  from space 21824K,   0% used [0x00000000e6ab0000, 0x00000000e6ab2040, 0x00000000e8000000)
  to   space 21824K,   0% used [0x00000000e5560000, 0x00000000e5560000, 0x00000000e6ab0000)
 concurrent mark-sweep generation total 393216K, used 240530K [0x00000000e8000000, 0x0000000100000000, 0x0000000100000000)
 Metaspace       used 32762K, capacity 33224K, committed 33732K, reserved 1079296K
  class space    used 3585K, capacity 3736K, committed 3836K, reserved 1048576K
2017-07-31T16:15:32.036+0200: 16282,441: [GC (CMS Final Remark) 2017-07-31T16:15:32.036+0200: 16282,441: [ParNew
Desired survivor size 20112992 bytes, new threshold 8 (max 8)
- age   1:         64 bytes,         64 total
- age   2:         64 bytes,        128 total
- age   3:         64 bytes,        192 total
- age   7:        152 bytes,        344 total
: 778K->6K(109248K), 0,0031514 secs] 241308K->240536K(502464K), 0,0032005 secs] [Times: user=0,01 sys=0,00, real=0,00 secs] 
Heap after GC invocations=402 (full 298):
 par new generation   total 109248K, used 6K [0x00000000e0000000, 0x00000000e8000000, 0x00000000e8000000)
  eden space 87424K,   0% used [0x00000000e0000000, 0x00000000e0000000, 0x00000000e5560000)
  from space 21824K,   0% used [0x00000000e5560000, 0x00000000e5561830, 0x00000000e6ab0000)
  to   space 21824K,   0% used [0x00000000e6ab0000, 0x00000000e6ab0000, 0x00000000e8000000)
 concurrent mark-sweep generation total 393216K, used 240530K [0x00000000e8000000, 0x0000000100000000, 0x0000000100000000)
 Metaspace       used 32762K, capacity 33224K, committed 33732K, reserved 1079296K
  class space    used 3585K, capacity 3736K, committed 3836K, reserved 1048576K
}
2017-07-31T16:15:32.040+0200: 16282,444: [Rescan (parallel) , 0,0007149 secs]2017-07-31T16:15:32.040+0200: 16282,445: [weak refs processing, 0,0007115 secs]2017-07-31T16:15:32.041+0200: 16282,446: [class unloading, 0,0093200 secs]2017-07-31T16:15:32.051+0200: 16282,455: [scrub symbol table, 0,0038589 secs]2017-07-31T16:15:32.054+0200: 16282,459: [scrub string table, 0,0007314 secs][1 CMS-remark: 240530K(393216K)] 240536K(502464K), 0,0191627 secs] [Times: user=0,03 sys=0,00, real=0,02 secs] 
2017-07-31T16:15:32.056+0200: 16282,460: Total time for which application threads were stopped: 0,0193068 seconds, Stopping threads took: 0,0000322 seconds
2017-07-31T16:15:32.056+0200: 16282,460: [CMS-concurrent-sweep-start]
2017-07-31T16:15:32.084+0200: 16282,488: [CMS-concurrent-sweep: 0,028/0,028 secs] [Times: user=0,03 sys=0,00, real=0,03 secs] 
2017-07-31T16:15:32.084+0200: 16282,489: [CMS-concurrent-reset-start]
2017-07-31T16:15:32.085+0200: 16282,489: [CMS-concurrent-reset: 0,001/0,001 secs] [Times: user=0,00 sys=0,00, real=0,00 secs] 
2017-07-31T16:15:34.084+0200: 16284,488: [GC (CMS Initial Mark) [1 CMS-initial-mark: 240530K(393216K)] 242513K(502464K), 0,0008279 secs] [Times: user=0,00 sys=0,00, real=0,00 secs] 
2017-07-31T16:15:34.085+0200: 16284,489: Total time for which application threads were stopped: 0,0009876 seconds, Stopping threads took: 0,0000336 seconds
2017-07-31T16:15:34.085+0200: 16284,489: [CMS-concurrent-mark-start]
2017-07-31T16:15:34.111+0200: 16284,515: [CMS-concurrent-mark: 0,026/0,026 secs] [Times: user=0,10 sys=0,00, real=0,02 secs] 
2017-07-31T16:15:34.111+0200: 16284,515: [CMS-concurrent-preclean-start]
2017-07-31T16:15:34.112+0200: 16284,517: [CMS-concurrent-preclean: 0,001/0,001 secs] [Times: user=0,00 sys=0,00, real=0,01 secs] 
2017-07-31T16:15:34.112+0200: 16284,517: [GC (CMS Final Remark) [YG occupancy: 1983 K (109248 K)]{Heap before GC invocations=402 (full 299):
 par new generation   total 109248K, used 1983K [0x00000000e0000000, 0x00000000e8000000, 0x00000000e8000000)
  eden space 87424K,   2% used [0x00000000e0000000, 0x00000000e01ee538, 0x00000000e5560000)
  from space 21824K,   0% used [0x00000000e5560000, 0x00000000e5561830, 0x00000000e6ab0000)
  to   space 21824K,   0% used [0x00000000e6ab0000, 0x00000000e6ab0000, 0x00000000e8000000)
 concurrent mark-sweep generation total 393216K, used 240530K [0x00000000e8000000, 0x0000000100000000, 0x0000000100000000)
 Metaspace       used 32762K, capacity 33224K, committed 33732K, reserved 1079296K
  class space    used 3585K, capacity 3736K, committed 3836K, reserved 1048576K
2017-07-31T16:15:34.112+0200: 16284,517: [GC (CMS Final Remark) 2017-07-31T16:15:34.112+0200: 16284,517: [ParNew
Desired survivor size 20112992 bytes, new threshold 8 (max 8)
- age   1:         96 bytes,         96 total
- age   2:         64 bytes,        160 total
- age   3:         32 bytes,        192 total
- age   8:        152 bytes,        344 total
: 1983K->6K(109248K), 0,0020918 secs] 242513K->240536K(502464K), 0,0021373 secs] [Times: user=0,01 sys=0,00, real=0,00 secs] 
Heap after GC invocations=403 (full 299):
 par new generation   total 109248K, used 6K [0x00000000e0000000, 0x00000000e8000000, 0x00000000e8000000)
  eden space 87424K,   0% used [0x00000000e0000000, 0x00000000e0000000, 0x00000000e5560000)
  from space 21824K,   0% used [0x00000000e6ab0000, 0x00000000e6ab1830, 0x00000000e8000000)
  to   space 21824K,   0% used [0x00000000e5560000, 0x00000000e5560000, 0x00000000e6ab0000)
 concurrent mark-sweep generation total 393216K, used 240530K [0x00000000e8000000, 0x0000000100000000, 0x0000000100000000)
 Metaspace       used 32762K, capacity 33224K, committed 33732K, reserved 1079296K
  class space    used 3585K, capacity 3736K, committed 3836K, reserved 1048576K
}
2017-07-31T16:15:34.115+0200: 16284,519: [Rescan (parallel) , 0,0006174 secs]2017-07-31T16:15:34.115+0200: 16284,520: [weak refs processing, 0,0006324 secs]2017-07-31T16:15:34.116+0200: 16284,520: [class unloading, 0,0086617 secs]2017-07-31T16:15:34.125+0200: 16284,529: [scrub symbol table, 0,0033885 secs]2017-07-31T16:15:34.128+0200: 16284,532: [scrub string table, 0,0005875 secs][1 CMS-remark: 240530K(393216K)] 240536K(502464K), 0,0163420 secs] [Times: user=0,03 sys=0,00, real=0,01 secs] 
2017-07-31T16:15:34.129+0200: 16284,533: Total time for which application threads were stopped: 0,0164569 seconds, Stopping threads took: 0,0000197 seconds
2017-07-31T16:15:34.129+0200: 16284,533: [CMS-concurrent-sweep-start]
2017-07-31T16:15:34.154+0200: 16284,559: [CMS-concurrent-sweep: 0,025/0,025 secs] [Times: user=0,02 sys=0,00, real=0,03 secs] 
2017-07-31T16:15:34.154+0200: 16284,559: [CMS-concurrent-reset-start]
2017-07-31T16:15:34.155+0200: 16284,559: [CMS-concurrent-reset: 0,001/0,001 secs] [Times: user=0,00 sys=0,00, real=0,00 secs] 
2017-07-31T16:15:36.154+0200: 16286,559: [GC (CMS Initial Mark) [1 CMS-initial-mark: 240530K(393216K)] 241308K(502464K), 0,0009602 secs] [Times: user=0,00 sys=0,00, real=0,00 secs] 
2017-07-31T16:15:36.155+0200: 16286,560: Total time for which application threads were stopped: 0,0011071 seconds, Stopping threads took: 0,0000233 seconds
2017-07-31T16:15:36.155+0200: 16286,560: [CMS-concurrent-mark-start]
2017-07-31T16:15:36.178+0200: 16286,583: [CMS-concurrent-mark: 0,023/0,023 secs] [Times: user=0,09 sys=0,00, real=0,02 secs] 
2017-07-31T16:15:36.178+0200: 16286,583: [CMS-concurrent-preclean-start]
2017-07-31T16:15:36.180+0200: 16286,584: [CMS-concurrent-preclean: 0,001/0,001 secs] [Times: user=0,00 sys=0,00, real=0,00 secs] 
2017-07-31T16:15:36.180+0200: 16286,584: [GC (CMS Final Remark) [YG occupancy: 778 K (109248 K)]{Heap before GC invocations=403 (full 300):
 par new generation   total 109248K, used 778K [0x00000000e0000000, 0x00000000e8000000, 0x00000000e8000000)
  eden space 87424K,   0% used [0x00000000e0000000, 0x00000000e00c1168, 0x00000000e5560000)
  from space 21824K,   0% used [0x00000000e6ab0000, 0x00000000e6ab1830, 0x00000000e8000000)
  to   space 21824K,   0% used [0x00000000e5560000, 0x00000000e5560000, 0x00000000e6ab0000)
 concurrent mark-sweep generation total 393216K, used 240530K [0x00000000e8000000, 0x0000000100000000, 0x0000000100000000)
 Metaspace       used 32762K, capacity 33224K, committed 33732K, reserved 1079296K
  class space    used 3585K, capacity 3736K, committed 3836K, reserved 1048576K
2017-07-31T16:15:36.180+0200: 16286,584: [GC (CMS Final Remark) 2017-07-31T16:15:36.180+0200: 16286,584: [ParNew
Desired survivor size 20112992 bytes, new threshold 8 (max 8)
- age   1:        120 bytes,        120 total
- age   2:         96 bytes,        216 total
- age   3:         32 bytes,        248 total
: 778K->6K(109248K), 0,0032444 secs] 241308K->240536K(502464K), 0,0033052 secs] [Times: user=0,01 sys=0,00, real=0,01 secs] 
Heap after GC invocations=404 (full 300):
 par new generation   total 109248K, used 6K [0x00000000e0000000, 0x00000000e8000000, 0x00000000e8000000)
  eden space 87424K,   0% used [0x00000000e0000000, 0x00000000e0000000, 0x00000000e5560000)
  from space 21824K,   0% used [0x00000000e5560000, 0x00000000e5561830, 0x00000000e6ab0000)
  to   space 21824K,   0% used [0x00000000e6ab0000, 0x00000000e6ab0000, 0x00000000e8000000)
 concurrent mark-sweep generation total 393216K, used 240530K [0x00000000e8000000, 0x0000000100000000, 0x0000000100000000)
 Metaspace       used 32762K, capacity 33224K, committed 33732K, reserved 1079296K
  class space    used 3585K, capacity 3736K, committed 3836K, reserved 1048576K
}
2017-07-31T16:15:36.183+0200: 16286,588: [Rescan (parallel) , 0,0005170 secs]2017-07-31T16:15:36.184+0200: 16286,588: [weak refs processing, 0,0004636 secs]2017-07-31T16:15:36.184+0200: 16286,589: [class unloading, 0,0078766 secs]2017-07-31T16:15:36.192+0200: 16286,597: [scrub symbol table, 0,0031761 secs]2017-07-31T16:15:36.195+0200: 16286,600: [scrub string table, 0,0005627 secs][1 CMS-remark: 240530K(393216K)] 240536K(502464K), 0,0163209 secs] [Times: user=0,02 sys=0,01, real=0,02 secs] 
2017-07-31T16:15:36.196+0200: 16286,601: Total time for which application threads were stopped: 0,0164541 seconds, Stopping threads took: 0,0000235 seconds
2017-07-31T16:15:36.196+0200: 16286,601: [CMS-concurrent-sweep-start]
2017-07-31T16:15:36.222+0200: 16286,626: [CMS-concurrent-sweep: 0,025/0,025 secs] [Times: user=0,02 sys=0,00, real=0,03 secs] 
2017-07-31T16:15:36.222+0200: 16286,626: [CMS-concurrent-reset-start]
2017-07-31T16:15:36.222+0200: 16286,627: [CMS-concurrent-reset: 0,001/0,001 secs] [Times: user=0,00 sys=0,00, real=0,00 secs] 
2017-07-31T16:15:38.221+0200: 16288,626: [GC (CMS Initial Mark) [1 CMS-initial-mark: 240530K(393216K)] 242259K(502464K), 0,0010255 secs] [Times: user=0,01 sys=0,00, real=0,00 secs] 
2017-07-31T16:15:38.223+0200: 16288,627: Total time for which application threads were stopped: 0,0011841 seconds, Stopping threads took: 0,0000318 seconds
2017-07-31T16:15:38.223+0200: 16288,627: [CMS-concurrent-mark-start]
2017-07-31T16:15:38.253+0200: 16288,658: [CMS-concurrent-mark: 0,031/0,031 secs] [Times: user=0,12 sys=0,00, real=0,03 secs] 
2017-07-31T16:15:38.253+0200: 16288,658: [CMS-concurrent-preclean-start]
2017-07-31T16:15:38.255+0200: 16288,659: [CMS-concurrent-preclean: 0,001/0,001 secs] [Times: user=0,00 sys=0,00, real=0,00 secs] 
2017-07-31T16:15:38.255+0200: 16288,659: [GC (CMS Final Remark) [YG occupancy: 1729 K (109248 K)]{Heap before GC invocations=404 (full 301):
 par new generation   total 109248K, used 1729K [0x00000000e0000000, 0x00000000e8000000, 0x00000000e8000000)
  eden space 87424K,   1% used [0x00000000e0000000, 0x00000000e01aecd8, 0x00000000e5560000)
  from space 21824K,   0% used [0x00000000e5560000, 0x00000000e5561830, 0x00000000e6ab0000)
  to   space 21824K,   0% used [0x00000000e6ab0000, 0x00000000e6ab0000, 0x00000000e8000000)
 concurrent mark-sweep generation total 393216K, used 240530K [0x00000000e8000000, 0x0000000100000000, 0x0000000100000000)
 Metaspace       used 32762K, capacity 33224K, committed 33732K, reserved 1079296K
  class space    used 3585K, capacity 3736K, committed 3836K, reserved 1048576K
2017-07-31T16:15:38.255+0200: 16288,659: [GC (CMS Final Remark) 2017-07-31T16:15:38.255+0200: 16288,660: [ParNew
Desired survivor size 20112992 bytes, new threshold 8 (max 8)
- age   1:         64 bytes,         64 total
- age   2:        120 bytes,        184 total
- age   3:         64 bytes,        248 total
: 1729K->6K(109248K), 0,0043937 secs] 242259K->240536K(502464K), 0,0044467 secs] [Times: user=0,01 sys=0,00, real=0,00 secs] 
Heap after GC invocations=405 (full 301):
 par new generation   total 109248K, used 6K [0x00000000e0000000, 0x00000000e8000000, 0x00000000e8000000)
  eden space 87424K,   0% used [0x00000000e0000000, 0x00000000e0000000, 0x00000000e5560000)
  from space 21824K,   0% used [0x00000000e6ab0000, 0x00000000e6ab1830, 0x00000000e8000000)
  to   space 21824K,   0% used [0x00000000e5560000, 0x00000000e5560000, 0x00000000e6ab0000)
 concurrent mark-sweep generation total 393216K, used 240530K [0x00000000e8000000, 0x0000000100000000, 0x0000000100000000)
 Metaspace       used 32762K, capacity 33224K, committed 33732K, reserved 1079296K
  class space    used 3585K, capacity 3736K, committed 3836K, reserved 1048576K
}
2017-07-31T16:15:38.260+0200: 16288,664: [Rescan (parallel) , 0,0004175 secs]2017-07-31T16:15:38.260+0200: 16288,664: [weak refs processing, 0,0005705 secs]2017-07-31T16:15:38.261+0200: 16288,665: [class unloading, 0,0071454 secs]2017-07-31T16:15:38.268+0200: 16288,672: [scrub symbol table, 0,0032871 secs]2017-07-31T16:15:38.271+0200: 16288,675: [scrub string table, 0,0005942 secs][1 CMS-remark: 240530K(393216K)] 240536K(502464K), 0,0167006 secs] [Times: user=0,02 sys=0,00, real=0,01 secs] 
2017-07-31T16:15:38.272+0200: 16288,676: Total time for which application threads were stopped: 0,0168413 seconds, Stopping threads took: 0,0000329 seconds
2017-07-31T16:15:38.272+0200: 16288,676: [CMS-concurrent-sweep-start]
2017-07-31T16:15:38.297+0200: 16288,702: [CMS-concurrent-sweep: 0,026/0,026 secs] [Times: user=0,02 sys=0,00, real=0,03 secs] 
2017-07-31T16:15:38.297+0200: 16288,702: [CMS-concurrent-reset-start]
2017-07-31T16:15:38.298+0200: 16288,702: [CMS-concurrent-reset: 0,001/0,001 secs] [Times: user=0,00 sys=0,00, real=0,00 secs] 
2017-07-31T16:15:40.297+0200: 16290,702: [GC (CMS Initial Mark) [1 CMS-initial-mark: 240530K(393216K)] 240790K(502464K), 0,0010157 secs] [Times: user=0,01 sys=0,00, real=0,00 secs] 
2017-07-31T16:15:40.298+0200: 16290,703: Total time for which application threads were stopped: 0,0011714 seconds, Stopping threads took: 0,0000237 seconds
2017-07-31T16:15:40.298+0200: 16290,703: [CMS-concurrent-mark-start]
2017-07-31T16:15:40.325+0200: 16290,730: [CMS-concurrent-mark: 0,027/0,027 secs] [Times: user=0,11 sys=0,00, real=0,03 secs] 
2017-07-31T16:15:40.325+0200: 16290,730: [CMS-concurrent-preclean-start]
2017-07-31T16:15:40.327+0200: 16290,731: [CMS-concurrent-preclean: 0,002/0,002 secs] [Times: user=0,00 sys=0,00, real=0,00 secs] 
2017-07-31T16:15:40.327+0200: 16290,732: [GC (CMS Final Remark) [YG occupancy: 260 K (109248 K)]{Heap before GC invocations=405 (full 302):
 par new generation   total 109248K, used 260K [0x00000000e0000000, 0x00000000e8000000, 0x00000000e8000000)
  eden space 87424K,   0% used [0x00000000e0000000, 0x00000000e003f860, 0x00000000e5560000)
  from space 21824K,   0% used [0x00000000e6ab0000, 0x00000000e6ab1830, 0x00000000e8000000)
  to   space 21824K,   0% used [0x00000000e5560000, 0x00000000e5560000, 0x00000000e6ab0000)
 concurrent mark-sweep generation total 393216K, used 240530K [0x00000000e8000000, 0x0000000100000000, 0x0000000100000000)
 Metaspace       used 32762K, capacity 33224K, committed 33732K, reserved 1079296K
  class space    used 3585K, capacity 3736K, committed 3836K, reserved 1048576K
2017-07-31T16:15:40.327+0200: 16290,732: [GC (CMS Final Remark) 2017-07-31T16:15:40.327+0200: 16290,732: [ParNew
Desired survivor size 20112992 bytes, new threshold 8 (max 8)
- age   1:         32 bytes,         32 total
- age   2:         64 bytes,         96 total
- age   3:        120 bytes,        216 total
- age   4:         32 bytes,        248 total
: 260K->8K(109248K), 0,0042246 secs] 240790K->240538K(502464K), 0,0042784 secs] [Times: user=0,00 sys=0,00, real=0,00 secs] 
Heap after GC invocations=406 (full 302):
 par new generation   total 109248K, used 8K [0x00000000e0000000, 0x00000000e8000000, 0x00000000e8000000)
  eden space 87424K,   0% used [0x00000000e0000000, 0x00000000e0000000, 0x00000000e5560000)
  from space 21824K,   0% used [0x00000000e5560000, 0x00000000e5562040, 0x00000000e6ab0000)
  to   space 21824K,   0% used [0x00000000e6ab0000, 0x00000000e6ab0000, 0x00000000e8000000)
 concurrent mark-sweep generation total 393216K, used 240530K [0x00000000e8000000, 0x0000000100000000, 0x0000000100000000)
 Metaspace       used 32762K, capacity 33224K, committed 33732K, reserved 1079296K
  class space    used 3585K, capacity 3736K, committed 3836K, reserved 1048576K
}
2017-07-31T16:15:40.331+0200: 16290,736: [Rescan (parallel) , 0,0004633 secs]2017-07-31T16:15:40.332+0200: 16290,736: [weak refs processing, 0,0004666 secs]2017-07-31T16:15:40.332+0200: 16290,737: [class unloading, 0,0075394 secs]2017-07-31T16:15:40.340+0200: 16290,744: [scrub symbol table, 0,0035863 secs]2017-07-31T16:15:40.344+0200: 16290,748: [scrub string table, 0,0006718 secs][1 CMS-remark: 240530K(393216K)] 240538K(502464K), 0,0173071 secs] [Times: user=0,01 sys=0,01, real=0,02 secs] 
2017-07-31T16:15:40.344+0200: 16290,749: Total time for which application threads were stopped: 0,0174517 seconds, Stopping threads took: 0,0000317 seconds
2017-07-31T16:15:40.344+0200: 16290,749: [CMS-concurrent-sweep-start]
2017-07-31T16:15:40.372+0200: 16290,776: [CMS-concurrent-sweep: 0,027/0,027 secs] [Times: user=0,03 sys=0,00, real=0,02 secs] 
2017-07-31T16:15:40.372+0200: 16290,776: [CMS-concurrent-reset-start]
2017-07-31T16:15:40.372+0200: 16290,777: [CMS-concurrent-reset: 0,001/0,001 secs] [Times: user=0,00 sys=0,00, real=0,01 secs] 
2017-07-31T16:15:42.371+0200: 16292,776: [GC (CMS Initial Mark) [1 CMS-initial-mark: 240530K(393216K)] 241308K(502464K), 0,0010082 secs] [Times: user=0,00 sys=0,00, real=0,01 secs] 
2017-07-31T16:15:42.372+0200: 16292,777: Total time for which application threads were stopped: 0,0011759 seconds, Stopping threads took: 0,0000246 seconds
2017-07-31T16:15:42.373+0200: 16292,777: [CMS-concurrent-mark-start]
2017-07-31T16:15:42.399+0200: 16292,804: [CMS-concurrent-mark: 0,027/0,027 secs] [Times: user=0,11 sys=0,00, real=0,02 secs] 
2017-07-31T16:15:42.399+0200: 16292,804: [CMS-concurrent-preclean-start]
2017-07-31T16:15:42.401+0200: 16292,805: [CMS-concurrent-preclean: 0,001/0,001 secs] [Times: user=0,00 sys=0,00, real=0,01 secs] 
2017-07-31T16:15:42.401+0200: 16292,805: [GC (CMS Final Remark) [YG occupancy: 778 K (109248 K)]{Heap before GC invocations=406 (full 303):
 par new generation   total 109248K, used 778K [0x00000000e0000000, 0x00000000e8000000, 0x00000000e8000000)
  eden space 87424K,   0% used [0x00000000e0000000, 0x00000000e00c0938, 0x00000000e5560000)
  from space 21824K,   0% used [0x00000000e5560000, 0x00000000e5562040, 0x00000000e6ab0000)
  to   space 21824K,   0% used [0x00000000e6ab0000, 0x00000000e6ab0000, 0x00000000e8000000)
 concurrent mark-sweep generation total 393216K, used 240530K [0x00000000e8000000, 0x0000000100000000, 0x0000000100000000)
 Metaspace       used 32762K, capacity 33224K, committed 33732K, reserved 1079296K
  class space    used 3585K, capacity 3736K, committed 3836K, reserved 1048576K
2017-07-31T16:15:42.401+0200: 16292,805: [GC (CMS Final Remark) 2017-07-31T16:15:42.401+0200: 16292,805: [ParNew
Desired survivor size 20112992 bytes, new threshold 8 (max 8)
- age   1:         64 bytes,         64 total
- age   2:         32 bytes,         96 total
- age   3:         64 bytes,        160 total
- age   4:         88 bytes,        248 total
: 778K->6K(109248K), 0,0035772 secs] 241308K->240536K(502464K), 0,0036381 secs] [Times: user=0,01 sys=0,00, real=0,00 secs] 
Heap after GC invocations=407 (full 303):
 par new generation   total 109248K, used 6K [0x00000000e0000000, 0x00000000e8000000, 0x00000000e8000000)
  eden space 87424K,   0% used [0x00000000e0000000, 0x00000000e0000000, 0x00000000e5560000)
  from space 21824K,   0% used [0x00000000e6ab0000, 0x00000000e6ab1830, 0x00000000e8000000)
  to   space 21824K,   0% used [0x00000000e5560000, 0x00000000e5560000, 0x00000000e6ab0000)
 concurrent mark-sweep generation total 393216K, used 240530K [0x00000000e8000000, 0x0000000100000000, 0x0000000100000000)
 Metaspace       used 32762K, capacity 33224K, committed 33732K, reserved 1079296K
  class space    used 3585K, capacity 3736K, committed 3836K, reserved 1048576K
}
2017-07-31T16:15:42.405+0200: 16292,809: [Rescan (parallel) , 0,0004560 secs]2017-07-31T16:15:42.405+0200: 16292,810: [weak refs processing, 0,0005440 secs]2017-07-31T16:15:42.406+0200: 16292,810: [class unloading, 0,0076666 secs]2017-07-31T16:15:42.413+0200: 16292,818: [scrub symbol table, 0,0035848 secs]2017-07-31T16:15:42.417+0200: 16292,821: [scrub string table, 0,0006594 secs][1 CMS-remark: 240530K(393216K)] 240536K(502464K), 0,0168099 secs] [Times: user=0,03 sys=0,00, real=0,01 secs] 
2017-07-31T16:15:42.418+0200: 16292,822: Total time for which application threads were stopped: 0,0169536 seconds, Stopping threads took: 0,0000316 seconds
2017-07-31T16:15:42.418+0200: 16292,822: [CMS-concurrent-sweep-start]
2017-07-31T16:15:42.447+0200: 16292,851: [CMS-concurrent-sweep: 0,029/0,029 secs] [Times: user=0,02 sys=0,00, real=0,03 secs] 
2017-07-31T16:15:42.447+0200: 16292,851: [CMS-concurrent-reset-start]
2017-07-31T16:15:42.447+0200: 16292,852: [CMS-concurrent-reset: 0,001/0,001 secs] [Times: user=0,00 sys=0,00, real=0,00 secs] 
2017-07-31T16:15:44.447+0200: 16294,851: [GC (CMS Initial Mark) [1 CMS-initial-mark: 240530K(393216K)] 242565K(502464K), 0,0010446 secs] [Times: user=0,01 sys=0,00, real=0,00 secs] 
2017-07-31T16:15:44.448+0200: 16294,852: Total time for which application threads were stopped: 0,0012030 seconds, Stopping threads took: 0,0000236 seconds
2017-07-31T16:15:44.448+0200: 16294,852: [CMS-concurrent-mark-start]
2017-07-31T16:15:44.475+0200: 16294,879: [CMS-concurrent-mark: 0,027/0,027 secs] [Times: user=0,11 sys=0,00, real=0,03 secs] 
2017-07-31T16:15:44.475+0200: 16294,879: [CMS-concurrent-preclean-start]
2017-07-31T16:15:44.477+0200: 16294,881: [CMS-concurrent-preclean: 0,002/0,002 secs] [Times: user=0,00 sys=0,00, real=0,00 secs] 
2017-07-31T16:15:44.477+0200: 16294,881: [GC (CMS Final Remark) [YG occupancy: 2035 K (109248 K)]{Heap before GC invocations=407 (full 304):
 par new generation   total 109248K, used 2035K [0x00000000e0000000, 0x00000000e8000000, 0x00000000e8000000)
  eden space 87424K,   2% used [0x00000000e0000000, 0x00000000e01fb548, 0x00000000e5560000)
  from space 21824K,   0% used [0x00000000e6ab0000, 0x00000000e6ab1830, 0x00000000e8000000)
  to   space 21824K,   0% used [0x00000000e5560000, 0x00000000e5560000, 0x00000000e6ab0000)
 concurrent mark-sweep generation total 393216K, used 240530K [0x00000000e8000000, 0x0000000100000000, 0x0000000100000000)
 Metaspace       used 32762K, capacity 33224K, committed 33732K, reserved 1079296K
  class space    used 3585K, capacity 3736K, committed 3836K, reserved 1048576K
2017-07-31T16:15:44.477+0200: 16294,881: [GC (CMS Final Remark) 2017-07-31T16:15:44.477+0200: 16294,881: [ParNew
Desired survivor size 20112992 bytes, new threshold 8 (max 8)
- age   1:        248 bytes,        248 total
- age   2:         64 bytes,        312 total
- age   3:         32 bytes,        344 total
- age   5:         56 bytes,        400 total
: 2035K->8K(109248K), 0,0046624 secs] 242565K->240538K(502464K), 0,0047255 secs] [Times: user=0,01 sys=0,00, real=0,01 secs] 
Heap after GC invocations=408 (full 304):
 par new generation   total 109248K, used 8K [0x00000000e0000000, 0x00000000e8000000, 0x00000000e8000000)
  eden space 87424K,   0% used [0x00000000e0000000, 0x00000000e0000000, 0x00000000e5560000)
  from space 21824K,   0% used [0x00000000e5560000, 0x00000000e5562040, 0x00000000e6ab0000)
  to   space 21824K,   0% used [0x00000000e6ab0000, 0x00000000e6ab0000, 0x00000000e8000000)
 concurrent mark-sweep generation total 393216K, used 240530K [0x00000000e8000000, 0x0000000100000000, 0x0000000100000000)
 Metaspace       used 32762K, capacity 33224K, committed 33732K, reserved 1079296K
  class space    used 3585K, capacity 3736K, committed 3836K, reserved 1048576K
}
2017-07-31T16:15:44.482+0200: 16294,886: [Rescan (parallel) , 0,0006159 secs]2017-07-31T16:15:44.482+0200: 16294,887: [weak refs processing, 0,0006315 secs]2017-07-31T16:15:44.483+0200: 16294,887: [class unloading, 0,0080195 secs]2017-07-31T16:15:44.491+0200: 16294,895: [scrub symbol table, 0,0037099 secs]2017-07-31T16:15:44.495+0200: 16294,899: [scrub string table, 0,0006781 secs][1 CMS-remark: 240530K(393216K)] 240538K(502464K), 0,0186554 secs] [Times: user=0,02 sys=0,00, real=0,02 secs] 
2017-07-31T16:15:44.496+0200: 16294,900: Total time for which application threads were stopped: 0,0188065 seconds, Stopping threads took: 0,0000323 seconds
2017-07-31T16:15:44.496+0200: 16294,900: [CMS-concurrent-sweep-start]
2017-07-31T16:15:44.526+0200: 16294,930: [CMS-concurrent-sweep: 0,030/0,030 secs] [Times: user=0,03 sys=0,00, real=0,03 secs] 
2017-07-31T16:15:44.526+0200: 16294,930: [CMS-concurrent-reset-start]
2017-07-31T16:15:44.526+0200: 16294,931: [CMS-concurrent-reset: 0,001/0,001 secs] [Times: user=0,01 sys=0,00, real=0,00 secs] 
2017-07-31T16:15:46.525+0200: 16296,930: [GC (CMS Initial Mark) [1 CMS-initial-mark: 240530K(393216K)] 241308K(502464K), 0,0009201 secs] [Times: user=0,00 sys=0,00, real=0,00 secs] 
2017-07-31T16:15:46.526+0200: 16296,931: Total time for which application threads were stopped: 0,0010778 seconds, Stopping threads took: 0,0000245 seconds
2017-07-31T16:15:46.526+0200: 16296,931: [CMS-concurrent-mark-start]
2017-07-31T16:15:46.553+0200: 16296,958: [CMS-concurrent-mark: 0,027/0,027 secs] [Times: user=0,10 sys=0,00, real=0,03 secs] 
2017-07-31T16:15:46.554+0200: 16296,958: [CMS-concurrent-preclean-start]
2017-07-31T16:15:46.555+0200: 16296,960: [CMS-concurrent-preclean: 0,002/0,002 secs] [Times: user=0,00 sys=0,00, real=0,00 secs] 
2017-07-31T16:15:46.555+0200: 16296,960: [GC (CMS Final Remark) [YG occupancy: 778 K (109248 K)]{Heap before GC invocations=408 (full 305):
 par new generation   total 109248K, used 778K [0x00000000e0000000, 0x00000000e8000000, 0x00000000e8000000)
  eden space 87424K,   0% used [0x00000000e0000000, 0x00000000e00c0938, 0x00000000e5560000)
  from space 21824K,   0% used [0x00000000e5560000, 0x00000000e5562040, 0x00000000e6ab0000)
  to   space 21824K,   0% used [0x00000000e6ab0000, 0x00000000e6ab0000, 0x00000000e8000000)
 concurrent mark-sweep generation total 393216K, used 240530K [0x00000000e8000000, 0x0000000100000000, 0x0000000100000000)
 Metaspace       used 32762K, capacity 33224K, committed 33732K, reserved 1079296K
  class space    used 3585K, capacity 3736K, committed 3836K, reserved 1048576K
2017-07-31T16:15:46.556+0200: 16296,960: [GC (CMS Final Remark) 2017-07-31T16:15:46.556+0200: 16296,960: [ParNew
Desired survivor size 20112992 bytes, new threshold 8 (max 8)
- age   1:         64 bytes,         64 total
- age   2:        248 bytes,        312 total
- age   3:         32 bytes,        344 total
- age   6:         56 bytes,        400 total
: 778K->8K(109248K), 0,0050457 secs] 241308K->240538K(502464K), 0,0051108 secs] [Times: user=0,01 sys=0,00, real=0,01 secs] 
Heap after GC invocations=409 (full 305):
 par new generation   total 109248K, used 8K [0x00000000e0000000, 0x00000000e8000000, 0x00000000e8000000)
  eden space 87424K,   0% used [0x00000000e0000000, 0x00000000e0000000, 0x00000000e5560000)
  from space 21824K,   0% used [0x00000000e6ab0000, 0x00000000e6ab2040, 0x00000000e8000000)
  to   space 21824K,   0% used [0x00000000e5560000, 0x00000000e5560000, 0x00000000e6ab0000)
 concurrent mark-sweep generation total 393216K, used 240530K [0x00000000e8000000, 0x0000000100000000, 0x0000000100000000)
 Metaspace       used 32762K, capacity 33224K, committed 33732K, reserved 1079296K
  class space    used 3585K, capacity 3736K, committed 3836K, reserved 1048576K
}
2017-07-31T16:15:46.561+0200: 16296,965: [Rescan (parallel) , 0,0006587 secs]2017-07-31T16:15:46.561+0200: 16296,966: [weak refs processing, 0,0006057 secs]2017-07-31T16:15:46.562+0200: 16296,966: [class unloading, 0,0081010 secs]2017-07-31T16:15:46.570+0200: 16296,975: [scrub symbol table, 0,0036560 secs]2017-07-31T16:15:46.574+0200: 16296,978: [scrub string table, 0,0006806 secs][1 CMS-remark: 240530K(393216K)] 240538K(502464K), 0,0190921 secs] [Times: user=0,03 sys=0,00, real=0,02 secs] 
2017-07-31T16:15:46.575+0200: 16296,979: Total time for which application threads were stopped: 0,0192362 seconds, Stopping threads took: 0,0000310 seconds
2017-07-31T16:15:46.575+0200: 16296,979: [CMS-concurrent-sweep-start]
2017-07-31T16:15:46.604+0200: 16297,009: [CMS-concurrent-sweep: 0,030/0,030 secs] [Times: user=0,03 sys=0,00, real=0,03 secs] 
2017-07-31T16:15:46.604+0200: 16297,009: [CMS-concurrent-reset-start]
2017-07-31T16:15:46.605+0200: 16297,010: [CMS-concurrent-reset: 0,001/0,001 secs] [Times: user=0,00 sys=0,00, real=0,00 secs] 
2017-07-31T16:15:48.604+0200: 16299,009: [GC (CMS Initial Mark) [1 CMS-initial-mark: 240530K(393216K)] 242515K(502464K), 0,0010321 secs] [Times: user=0,00 sys=0,00, real=0,00 secs] 
2017-07-31T16:15:48.605+0200: 16299,010: Total time for which application threads were stopped: 0,0011862 seconds, Stopping threads took: 0,0000242 seconds
2017-07-31T16:15:48.605+0200: 16299,010: [CMS-concurrent-mark-start]
2017-07-31T16:15:48.633+0200: 16299,037: [CMS-concurrent-mark: 0,027/0,027 secs] [Times: user=0,11 sys=0,00, real=0,03 secs] 
2017-07-31T16:15:48.633+0200: 16299,037: [CMS-concurrent-preclean-start]
2017-07-31T16:15:48.634+0200: 16299,039: [CMS-concurrent-preclean: 0,002/0,002 secs] [Times: user=0,00 sys=0,00, real=0,00 secs] 
2017-07-31T16:15:48.635+0200: 16299,039: [GC (CMS Final Remark) [YG occupancy: 1985 K (109248 K)]{Heap before GC invocations=409 (full 306):
 par new generation   total 109248K, used 1985K [0x00000000e0000000, 0x00000000e8000000, 0x00000000e8000000)
  eden space 87424K,   2% used [0x00000000e0000000, 0x00000000e01ee538, 0x00000000e5560000)
  from space 21824K,   0% used [0x00000000e6ab0000, 0x00000000e6ab2040, 0x00000000e8000000)
  to   space 21824K,   0% used [0x00000000e5560000, 0x00000000e5560000, 0x00000000e6ab0000)
 concurrent mark-sweep generation total 393216K, used 240530K [0x00000000e8000000, 0x0000000100000000, 0x0000000100000000)
 Metaspace       used 32762K, capacity 33224K, committed 33732K, reserved 1079296K
  class space    used 3585K, capacity 3736K, committed 3836K, reserved 1048576K
2017-07-31T16:15:48.635+0200: 16299,039: [GC (CMS Final Remark) 2017-07-31T16:15:48.635+0200: 16299,039: [ParNew
Desired survivor size 20112992 bytes, new threshold 8 (max 8)
- age   1:         96 bytes,         96 total
- age   2:         64 bytes,        160 total
- age   3:        184 bytes,        344 total
- age   7:         56 bytes,        400 total
: 1985K->6K(109248K), 0,0043882 secs] 242515K->240536K(502464K), 0,0044503 secs] [Times: user=0,01 sys=0,00, real=0,00 secs] 
Heap after GC invocations=410 (full 306):
 par new generation   total 109248K, used 6K [0x00000000e0000000, 0x00000000e8000000, 0x00000000e8000000)
  eden space 87424K,   0% used [0x00000000e0000000, 0x00000000e0000000, 0x00000000e5560000)
  from space 21824K,   0% used [0x00000000e5560000, 0x00000000e5561830, 0x00000000e6ab0000)
  to   space 21824K,   0% used [0x00000000e6ab0000, 0x00000000e6ab0000, 0x00000000e8000000)
 concurrent mark-sweep generation total 393216K, used 240530K [0x00000000e8000000, 0x0000000100000000, 0x0000000100000000)
 Metaspace       used 32762K, capacity 33224K, committed 33732K, reserved 1079296K
  class space    used 3585K, capacity 3736K, committed 3836K, reserved 1048576K
}
2017-07-31T16:15:48.639+0200: 16299,044: [Rescan (parallel) , 0,0005779 secs]2017-07-31T16:15:48.640+0200: 16299,044: [weak refs processing, 0,0004851 secs]2017-07-31T16:15:48.640+0200: 16299,045: [class unloading, 0,0079937 secs]2017-07-31T16:15:48.648+0200: 16299,053: [scrub symbol table, 0,0037157 secs]2017-07-31T16:15:48.652+0200: 16299,056: [scrub string table, 0,0006770 secs][1 CMS-remark: 240530K(393216K)] 240536K(502464K), 0,0181611 secs] [Times: user=0,03 sys=0,01, real=0,02 secs] 
2017-07-31T16:15:48.653+0200: 16299,057: Total time for which application threads were stopped: 0,0183005 seconds, Stopping threads took: 0,0000314 seconds
2017-07-31T16:15:48.653+0200: 16299,057: [CMS-concurrent-sweep-start]
2017-07-31T16:15:48.682+0200: 16299,087: [CMS-concurrent-sweep: 0,030/0,030 secs] [Times: user=0,02 sys=0,00, real=0,03 secs] 
2017-07-31T16:15:48.683+0200: 16299,087: [CMS-concurrent-reset-start]
2017-07-31T16:15:48.683+0200: 16299,088: [CMS-concurrent-reset: 0,001/0,001 secs] [Times: user=0,00 sys=0,00, real=0,00 secs] 
2017-07-31T16:15:50.682+0200: 16301,087: [GC (CMS Initial Mark) [1 CMS-initial-mark: 240530K(393216K)] 240863K(502464K), 0,0009701 secs] [Times: user=0,00 sys=0,00, real=0,00 secs] 
2017-07-31T16:15:50.683+0200: 16301,088: Total time for which application threads were stopped: 0,0011338 seconds, Stopping threads took: 0,0000324 seconds
2017-07-31T16:15:50.683+0200: 16301,088: [CMS-concurrent-mark-start]
2017-07-31T16:15:50.708+0200: 16301,112: [CMS-concurrent-mark: 0,024/0,024 secs] [Times: user=0,09 sys=0,00, real=0,02 secs] 
2017-07-31T16:15:50.708+0200: 16301,112: [CMS-concurrent-preclean-start]
2017-07-31T16:15:50.709+0200: 16301,114: [CMS-concurrent-preclean: 0,001/0,001 secs] [Times: user=0,01 sys=0,00, real=0,00 secs] 
2017-07-31T16:15:50.709+0200: 16301,114: [GC (CMS Final Remark) [YG occupancy: 333 K (109248 K)]{Heap before GC invocations=410 (full 307):
 par new generation   total 109248K, used 333K [0x00000000e0000000, 0x00000000e8000000, 0x00000000e8000000)
  eden space 87424K,   0% used [0x00000000e0000000, 0x00000000e0051d88, 0x00000000e5560000)
  from space 21824K,   0% used [0x00000000e5560000, 0x00000000e5561830, 0x00000000e6ab0000)
  to   space 21824K,   0% used [0x00000000e6ab0000, 0x00000000e6ab0000, 0x00000000e8000000)
 concurrent mark-sweep generation total 393216K, used 240530K [0x00000000e8000000, 0x0000000100000000, 0x0000000100000000)
 Metaspace       used 32762K, capacity 33224K, committed 33732K, reserved 1079296K
  class space    used 3585K, capacity 3736K, committed 3836K, reserved 1048576K
2017-07-31T16:15:50.710+0200: 16301,114: [GC (CMS Final Remark) 2017-07-31T16:15:50.710+0200: 16301,114: [ParNew
Desired survivor size 20112992 bytes, new threshold 8 (max 8)
- age   1:         32 bytes,         32 total
- age   2:         96 bytes,        128 total
- age   3:         64 bytes,        192 total
- age   4:        152 bytes,        344 total
- age   8:         56 bytes,        400 total
: 333K->8K(109248K), 0,0033737 secs] 240863K->240538K(502464K), 0,0034201 secs] [Times: user=0,01 sys=0,00, real=0,01 secs] 
Heap after GC invocations=411 (full 307):
 par new generation   total 109248K, used 8K [0x00000000e0000000, 0x00000000e8000000, 0x00000000e8000000)
  eden space 87424K,   0% used [0x00000000e0000000, 0x00000000e0000000, 0x00000000e5560000)
  from space 21824K,   0% used [0x00000000e6ab0000, 0x00000000e6ab2040, 0x00000000e8000000)
  to   space 21824K,   0% used [0x00000000e5560000, 0x00000000e5560000, 0x00000000e6ab0000)
 concurrent mark-sweep generation total 393216K, used 240530K [0x00000000e8000000, 0x0000000100000000, 0x0000000100000000)
 Metaspace       used 32762K, capacity 33224K, committed 33732K, reserved 1079296K
  class space    used 3585K, capacity 3736K, committed 3836K, reserved 1048576K
}
2017-07-31T16:15:50.713+0200: 16301,117: [Rescan (parallel) , 0,0005865 secs]2017-07-31T16:15:50.714+0200: 16301,118: [weak refs processing, 0,0009582 secs]2017-07-31T16:15:50.715+0200: 16301,119: [class unloading, 0,0072642 secs]2017-07-31T16:15:50.722+0200: 16301,126: [scrub symbol table, 0,0033480 secs]2017-07-31T16:15:50.725+0200: 16301,130: [scrub string table, 0,0006223 secs][1 CMS-remark: 240530K(393216K)] 240538K(502464K), 0,0165974 secs] [Times: user=0,02 sys=0,00, real=0,02 secs] 
2017-07-31T16:15:50.726+0200: 16301,131: Total time for which application threads were stopped: 0,0167286 seconds, Stopping threads took: 0,0000309 seconds
2017-07-31T16:15:50.726+0200: 16301,131: [CMS-concurrent-sweep-start]
2017-07-31T16:15:50.754+0200: 16301,158: [CMS-concurrent-sweep: 0,028/0,028 secs] [Times: user=0,03 sys=0,00, real=0,03 secs] 
2017-07-31T16:15:50.754+0200: 16301,158: [CMS-concurrent-reset-start]
2017-07-31T16:15:50.754+0200: 16301,159: [CMS-concurrent-reset: 0,001/0,001 secs] [Times: user=0,00 sys=0,00, real=0,00 secs] 
2017-07-31T16:15:52.754+0200: 16303,158: [GC (CMS Initial Mark) [1 CMS-initial-mark: 240530K(393216K)] 240981K(502464K), 0,0009438 secs] [Times: user=0,00 sys=0,00, real=0,00 secs] 
2017-07-31T16:15:52.755+0200: 16303,159: Total time for which application threads were stopped: 0,0011010 seconds, Stopping threads took: 0,0000246 seconds
2017-07-31T16:15:52.755+0200: 16303,159: [CMS-concurrent-mark-start]
2017-07-31T16:15:52.779+0200: 16303,184: [CMS-concurrent-mark: 0,025/0,025 secs] [Times: user=0,10 sys=0,00, real=0,02 secs] 
2017-07-31T16:15:52.779+0200: 16303,184: [CMS-concurrent-preclean-start]
2017-07-31T16:15:52.781+0200: 16303,186: [CMS-concurrent-preclean: 0,002/0,002 secs] [Times: user=0,00 sys=0,00, real=0,01 secs] 
2017-07-31T16:15:52.781+0200: 16303,186: [GC (CMS Final Remark) [YG occupancy: 450 K (109248 K)]{Heap before GC invocations=411 (full 308):
 par new generation   total 109248K, used 450K [0x00000000e0000000, 0x00000000e8000000, 0x00000000e8000000)
  eden space 87424K,   0% used [0x00000000e0000000, 0x00000000e006ebb0, 0x00000000e5560000)
  from space 21824K,   0% used [0x00000000e6ab0000, 0x00000000e6ab2040, 0x00000000e8000000)
  to   space 21824K,   0% used [0x00000000e5560000, 0x00000000e5560000, 0x00000000e6ab0000)
 concurrent mark-sweep generation total 393216K, used 240530K [0x00000000e8000000, 0x0000000100000000, 0x0000000100000000)
 Metaspace       used 32762K, capacity 33224K, committed 33732K, reserved 1079296K
  class space    used 3585K, capacity 3736K, committed 3836K, reserved 1048576K
2017-07-31T16:15:52.781+0200: 16303,186: [GC (CMS Final Remark) 2017-07-31T16:15:52.781+0200: 16303,186: [ParNew
Desired survivor size 20112992 bytes, new threshold 8 (max 8)
- age   1:         32 bytes,         32 total
- age   2:         32 bytes,         64 total
- age   3:         96 bytes,        160 total
- age   4:         32 bytes,        192 total
- age   5:        152 bytes,        344 total
: 450K->8K(109248K), 0,0039896 secs] 240981K->240538K(502464K), 0,0040357 secs] [Times: user=0,01 sys=0,00, real=0,00 secs] 
Heap after GC invocations=412 (full 308):
 par new generation   total 109248K, used 8K [0x00000000e0000000, 0x00000000e8000000, 0x00000000e8000000)
  eden space 87424K,   0% used [0x00000000e0000000, 0x00000000e0000000, 0x00000000e5560000)
  from space 21824K,   0% used [0x00000000e5560000, 0x00000000e5562040, 0x00000000e6ab0000)
  to   space 21824K,   0% used [0x00000000e6ab0000, 0x00000000e6ab0000, 0x00000000e8000000)
 concurrent mark-sweep generation total 393216K, used 240530K [0x00000000e8000000, 0x0000000100000000, 0x0000000100000000)
 Metaspace       used 32762K, capacity 33224K, committed 33732K, reserved 1079296K
  class space    used 3585K, capacity 3736K, committed 3836K, reserved 1048576K
}
2017-07-31T16:15:52.786+0200: 16303,190: [Rescan (parallel) , 0,0005127 secs]2017-07-31T16:15:52.786+0200: 16303,191: [weak refs processing, 0,0004283 secs]2017-07-31T16:15:52.786+0200: 16303,191: [class unloading, 0,0075341 secs]2017-07-31T16:15:52.794+0200: 16303,199: [scrub symbol table, 0,0035915 secs]2017-07-31T16:15:52.798+0200: 16303,202: [scrub string table, 0,0006576 secs][1 CMS-remark: 240530K(393216K)] 240538K(502464K), 0,0170500 secs] [Times: user=0,02 sys=0,00, real=0,01 secs] 
2017-07-31T16:15:52.798+0200: 16303,203: Total time for which application threads were stopped: 0,0171917 seconds, Stopping threads took: 0,0000306 seconds
2017-07-31T16:15:52.799+0200: 16303,203: [CMS-concurrent-sweep-start]
2017-07-31T16:15:52.827+0200: 16303,232: [CMS-concurrent-sweep: 0,029/0,029 secs] [Times: user=0,03 sys=0,00, real=0,03 secs] 
2017-07-31T16:15:52.827+0200: 16303,232: [CMS-concurrent-reset-start]
2017-07-31T16:15:52.828+0200: 16303,233: [CMS-concurrent-reset: 0,001/0,001 secs] [Times: user=0,00 sys=0,00, real=0,00 secs] 
2017-07-31T16:15:54.827+0200: 16305,232: [GC (CMS Initial Mark) [1 CMS-initial-mark: 240530K(393216K)] 242589K(502464K), 0,0010384 secs] [Times: user=0,00 sys=0,00, real=0,00 secs] 
2017-07-31T16:15:54.828+0200: 16305,233: Total time for which application threads were stopped: 0,0011957 seconds, Stopping threads took: 0,0000235 seconds
2017-07-31T16:15:54.828+0200: 16305,233: [CMS-concurrent-mark-start]
2017-07-31T16:15:54.856+0200: 16305,261: [CMS-concurrent-mark: 0,028/0,028 secs] [Times: user=0,11 sys=0,00, real=0,03 secs] 
2017-07-31T16:15:54.856+0200: 16305,261: [CMS-concurrent-preclean-start]
2017-07-31T16:15:54.858+0200: 16305,263: [CMS-concurrent-preclean: 0,002/0,002 secs] [Times: user=0,00 sys=0,00, real=0,00 secs] 
2017-07-31T16:15:54.858+0200: 16305,263: [CMS-concurrent-abortable-preclean-start]
 CMS: abort preclean due to time 2017-07-31T16:16:00.941+0200: 16311,345: [CMS-concurrent-abortable-preclean: 0,077/6,082 secs] [Times: user=0,08 sys=0,00, real=6,09 secs] 
2017-07-31T16:16:00.941+0200: 16311,345: [GC (CMS Final Remark) [YG occupancy: 2829 K (109248 K)]{Heap before GC invocations=412 (full 309):
 par new generation   total 109248K, used 2829K [0x00000000e0000000, 0x00000000e8000000, 0x00000000e8000000)
  eden space 87424K,   3% used [0x00000000e0000000, 0x00000000e02c1608, 0x00000000e5560000)
  from space 21824K,   0% used [0x00000000e5560000, 0x00000000e5562040, 0x00000000e6ab0000)
  to   space 21824K,   0% used [0x00000000e6ab0000, 0x00000000e6ab0000, 0x00000000e8000000)
 concurrent mark-sweep generation total 393216K, used 240530K [0x00000000e8000000, 0x0000000100000000, 0x0000000100000000)
 Metaspace       used 32762K, capacity 33224K, committed 33732K, reserved 1079296K
  class space    used 3585K, capacity 3736K, committed 3836K, reserved 1048576K
2017-07-31T16:16:00.941+0200: 16311,345: [GC (CMS Final Remark) 2017-07-31T16:16:00.941+0200: 16311,345: [ParNew
Desired survivor size 20112992 bytes, new threshold 8 (max 8)
- age   1:        224 bytes,        224 total
- age   6:        152 bytes,        376 total
: 2829K->8K(109248K), 0,0046226 secs] 243359K->240538K(502464K), 0,0046782 secs] [Times: user=0,02 sys=0,00, real=0,00 secs] 
Heap after GC invocations=413 (full 309):
 par new generation   total 109248K, used 8K [0x00000000e0000000, 0x00000000e8000000, 0x00000000e8000000)
  eden space 87424K,   0% used [0x00000000e0000000, 0x00000000e0000000, 0x00000000e5560000)
  from space 21824K,   0% used [0x00000000e6ab0000, 0x00000000e6ab2040, 0x00000000e8000000)
  to   space 21824K,   0% used [0x00000000e5560000, 0x00000000e5560000, 0x00000000e6ab0000)
 concurrent mark-sweep generation total 393216K, used 240530K [0x00000000e8000000, 0x0000000100000000, 0x0000000100000000)
 Metaspace       used 32762K, capacity 33224K, committed 33732K, reserved 1079296K
  class space    used 3585K, capacity 3736K, committed 3836K, reserved 1048576K
}
2017-07-31T16:16:00.946+0200: 16311,350: [Rescan (parallel) , 0,0006674 secs]2017-07-31T16:16:00.946+0200: 16311,351: [weak refs processing, 0,0007365 secs]2017-07-31T16:16:00.947+0200: 16311,352: [class unloading, 0,0086889 secs]2017-07-31T16:16:00.956+0200: 16311,360: [scrub symbol table, 0,0039657 secs]2017-07-31T16:16:00.960+0200: 16311,364: [scrub string table, 0,0007418 secs][1 CMS-remark: 240530K(393216K)] 240538K(502464K), 0,0197742 secs] [Times: user=0,03 sys=0,00, real=0,02 secs] 
2017-07-31T16:16:00.961+0200: 16311,365: Total time for which application threads were stopped: 0,0199428 seconds, Stopping threads took: 0,0000428 seconds
2017-07-31T16:16:00.961+0200: 16311,365: [CMS-concurrent-sweep-start]
2017-07-31T16:16:00.994+0200: 16311,399: [CMS-concurrent-sweep: 0,034/0,034 secs] [Times: user=0,03 sys=0,00, real=0,03 secs] 
2017-07-31T16:16:00.994+0200: 16311,399: [CMS-concurrent-reset-start]
2017-07-31T16:16:00.995+0200: 16311,400: [CMS-concurrent-reset: 0,001/0,001 secs] [Times: user=0,01 sys=0,00, real=0,00 secs] 
2017-07-31T16:16:02.994+0200: 16313,399: [GC (CMS Initial Mark) [1 CMS-initial-mark: 240530K(393216K)] 242271K(502464K), 0,0010437 secs] [Times: user=0,00 sys=0,00, real=0,00 secs] 
2017-07-31T16:16:02.995+0200: 16313,400: Total time for which application threads were stopped: 0,0012092 seconds, Stopping threads took: 0,0000251 seconds
2017-07-31T16:16:02.996+0200: 16313,400: [CMS-concurrent-mark-start]
2017-07-31T16:16:03.022+0200: 16313,427: [CMS-concurrent-mark: 0,027/0,027 secs] [Times: user=0,11 sys=0,00, real=0,03 secs] 
2017-07-31T16:16:03.023+0200: 16313,427: [CMS-concurrent-preclean-start]
2017-07-31T16:16:03.024+0200: 16313,429: [CMS-concurrent-preclean: 0,002/0,002 secs] [Times: user=0,00 sys=0,00, real=0,00 secs] 
2017-07-31T16:16:03.024+0200: 16313,429: [CMS-concurrent-abortable-preclean-start]
 CMS: abort preclean due to time 2017-07-31T16:16:09.106+0200: 16319,511: [CMS-concurrent-abortable-preclean: 0,077/6,082 secs] [Times: user=0,08 sys=0,01, real=6,08 secs] 
2017-07-31T16:16:09.107+0200: 16319,511: [GC (CMS Final Remark) [YG occupancy: 2755 K (109248 K)]{Heap before GC invocations=413 (full 310):
 par new generation   total 109248K, used 2755K [0x00000000e0000000, 0x00000000e8000000, 0x00000000e8000000)
  eden space 87424K,   3% used [0x00000000e0000000, 0x00000000e02aee70, 0x00000000e5560000)
  from space 21824K,   0% used [0x00000000e6ab0000, 0x00000000e6ab2040, 0x00000000e8000000)
  to   space 21824K,   0% used [0x00000000e5560000, 0x00000000e5560000, 0x00000000e6ab0000)
 concurrent mark-sweep generation total 393216K, used 240530K [0x00000000e8000000, 0x0000000100000000, 0x0000000100000000)
 Metaspace       used 32762K, capacity 33224K, committed 33732K, reserved 1079296K
  class space    used 3585K, capacity 3736K, committed 3836K, reserved 1048576K
2017-07-31T16:16:09.107+0200: 16319,511: [GC (CMS Final Remark) 2017-07-31T16:16:09.107+0200: 16319,511: [ParNew
Desired survivor size 20112992 bytes, new threshold 8 (max 8)
- age   1:        192 bytes,        192 total
- age   2:         32 bytes,        224 total
- age   7:        152 bytes,        376 total
: 2755K->6K(109248K), 0,0047065 secs] 243285K->240536K(502464K), 0,0047650 secs] [Times: user=0,00 sys=0,00, real=0,00 secs] 
Heap after GC invocations=414 (full 310):
 par new generation   total 109248K, used 6K [0x00000000e0000000, 0x00000000e8000000, 0x00000000e8000000)
  eden space 87424K,   0% used [0x00000000e0000000, 0x00000000e0000000, 0x00000000e5560000)
  from space 21824K,   0% used [0x00000000e5560000, 0x00000000e5561830, 0x00000000e6ab0000)
  to   space 21824K,   0% used [0x00000000e6ab0000, 0x00000000e6ab0000, 0x00000000e8000000)
 concurrent mark-sweep generation total 393216K, used 240530K [0x00000000e8000000, 0x0000000100000000, 0x0000000100000000)
 Metaspace       used 32762K, capacity 33224K, committed 33732K, reserved 1079296K
  class space    used 3585K, capacity 3736K, committed 3836K, reserved 1048576K
}
2017-07-31T16:16:09.112+0200: 16319,516: [Rescan (parallel) , 0,0007144 secs]2017-07-31T16:16:09.112+0200: 16319,517: [weak refs processing, 0,0005626 secs]2017-07-31T16:16:09.113+0200: 16319,517: [class unloading, 0,0085013 secs]2017-07-31T16:16:09.121+0200: 16319,526: [scrub symbol table, 0,0039027 secs]2017-07-31T16:16:09.125+0200: 16319,530: [scrub string table, 0,0007087 secs][1 CMS-remark: 240530K(393216K)] 240536K(502464K), 0,0194412 secs] [Times: user=0,02 sys=0,00, real=0,02 secs] 
2017-07-31T16:16:09.126+0200: 16319,531: Total time for which application threads were stopped: 0,0195915 seconds, Stopping threads took: 0,0000239 seconds
2017-07-31T16:16:09.126+0200: 16319,531: [CMS-concurrent-sweep-start]
2017-07-31T16:16:09.158+0200: 16319,562: [CMS-concurrent-sweep: 0,031/0,031 secs] [Times: user=0,04 sys=0,00, real=0,03 secs] 
2017-07-31T16:16:09.158+0200: 16319,562: [CMS-concurrent-reset-start]
2017-07-31T16:16:09.158+0200: 16319,563: [CMS-concurrent-reset: 0,001/0,001 secs] [Times: user=0,00 sys=0,00, real=0,00 secs] 
2017-07-31T16:16:11.157+0200: 16321,562: [GC (CMS Initial Mark) [1 CMS-initial-mark: 240530K(393216K)] 241306K(502464K), 0,0010094 secs] [Times: user=0,00 sys=0,00, real=0,00 secs] 
2017-07-31T16:16:11.159+0200: 16321,563: Total time for which application threads were stopped: 0,0011693 seconds, Stopping threads took: 0,0000242 seconds
2017-07-31T16:16:11.159+0200: 16321,563: [CMS-concurrent-mark-start]
2017-07-31T16:16:11.185+0200: 16321,590: [CMS-concurrent-mark: 0,027/0,027 secs] [Times: user=0,10 sys=0,00, real=0,03 secs] 
2017-07-31T16:16:11.185+0200: 16321,590: [CMS-concurrent-preclean-start]
2017-07-31T16:16:11.187+0200: 16321,591: [CMS-concurrent-preclean: 0,001/0,001 secs] [Times: user=0,01 sys=0,00, real=0,00 secs] 
2017-07-31T16:16:11.187+0200: 16321,591: [GC (CMS Final Remark) [YG occupancy: 776 K (109248 K)]{Heap before GC invocations=414 (full 311):
 par new generation   total 109248K, used 776K [0x00000000e0000000, 0x00000000e8000000, 0x00000000e8000000)
  eden space 87424K,   0% used [0x00000000e0000000, 0x00000000e00c0938, 0x00000000e5560000)
  from space 21824K,   0% used [0x00000000e5560000, 0x00000000e5561830, 0x00000000e6ab0000)
  to   space 21824K,   0% used [0x00000000e6ab0000, 0x00000000e6ab0000, 0x00000000e8000000)
 concurrent mark-sweep generation total 393216K, used 240530K [0x00000000e8000000, 0x0000000100000000, 0x0000000100000000)
 Metaspace       used 32762K, capacity 33224K, committed 33732K, reserved 1079296K
  class space    used 3585K, capacity 3736K, committed 3836K, reserved 1048576K
2017-07-31T16:16:11.187+0200: 16321,591: [GC (CMS Final Remark) 2017-07-31T16:16:11.187+0200: 16321,591: [ParNew
Desired survivor size 20112992 bytes, new threshold 8 (max 8)
- age   1:         64 bytes,         64 total
- age   2:        128 bytes,        192 total
- age   3:         32 bytes,        224 total
- age   8:        152 bytes,        376 total
: 776K->6K(109248K), 0,0037581 secs] 241306K->240536K(502464K), 0,0038047 secs] [Times: user=0,01 sys=0,00, real=0,00 secs] 
Heap after GC invocations=415 (full 311):
 par new generation   total 109248K, used 6K [0x00000000e0000000, 0x00000000e8000000, 0x00000000e8000000)
  eden space 87424K,   0% used [0x00000000e0000000, 0x00000000e0000000, 0x00000000e5560000)
  from space 21824K,   0% used [0x00000000e6ab0000, 0x00000000e6ab1830, 0x00000000e8000000)
  to   space 21824K,   0% used [0x00000000e5560000, 0x00000000e5560000, 0x00000000e6ab0000)
 concurrent mark-sweep generation total 393216K, used 240530K [0x00000000e8000000, 0x0000000100000000, 0x0000000100000000)
 Metaspace       used 32762K, capacity 33224K, committed 33732K, reserved 1079296K
  class space    used 3585K, capacity 3736K, committed 3836K, reserved 1048576K
}
2017-07-31T16:16:11.191+0200: 16321,595: [Rescan (parallel) , 0,0005330 secs]2017-07-31T16:16:11.191+0200: 16321,596: [weak refs processing, 0,0004354 secs]2017-07-31T16:16:11.192+0200: 16321,596: [class unloading, 0,0075341 secs]2017-07-31T16:16:11.199+0200: 16321,604: [scrub symbol table, 0,0034089 secs]2017-07-31T16:16:11.203+0200: 16321,607: [scrub string table, 0,0006130 secs][1 CMS-remark: 240530K(393216K)] 240536K(502464K), 0,0165783 secs] [Times: user=0,02 sys=0,00, real=0,02 secs] 
2017-07-31T16:16:11.204+0200: 16321,608: Total time for which application threads were stopped: 0,0167110 seconds, Stopping threads took: 0,0000225 seconds
2017-07-31T16:16:11.204+0200: 16321,608: [CMS-concurrent-sweep-start]
2017-07-31T16:16:11.231+0200: 16321,635: [CMS-concurrent-sweep: 0,027/0,027 secs] [Times: user=0,03 sys=0,00, real=0,02 secs] 
2017-07-31T16:16:11.231+0200: 16321,635: [CMS-concurrent-reset-start]
2017-07-31T16:16:11.231+0200: 16321,636: [CMS-concurrent-reset: 0,001/0,001 secs] [Times: user=0,00 sys=0,00, real=0,00 secs] 
2017-07-31T16:16:13.231+0200: 16323,635: [GC (CMS Initial Mark) [1 CMS-initial-mark: 240530K(393216K)] 242259K(502464K), 0,0009815 secs] [Times: user=0,00 sys=0,00, real=0,00 secs] 
2017-07-31T16:16:13.232+0200: 16323,636: Total time for which application threads were stopped: 0,0011359 seconds, Stopping threads took: 0,0000229 seconds
2017-07-31T16:16:13.232+0200: 16323,636: [CMS-concurrent-mark-start]
2017-07-31T16:16:13.260+0200: 16323,665: [CMS-concurrent-mark: 0,028/0,028 secs] [Times: user=0,11 sys=0,00, real=0,04 secs] 
2017-07-31T16:16:13.260+0200: 16323,665: [CMS-concurrent-preclean-start]
2017-07-31T16:16:13.262+0200: 16323,666: [CMS-concurrent-preclean: 0,001/0,001 secs] [Times: user=0,01 sys=0,00, real=0,00 secs] 
2017-07-31T16:16:13.262+0200: 16323,666: [GC (CMS Final Remark) [YG occupancy: 1729 K (109248 K)]{Heap before GC invocations=415 (full 312):
 par new generation   total 109248K, used 1729K [0x00000000e0000000, 0x00000000e8000000, 0x00000000e8000000)
  eden space 87424K,   1% used [0x00000000e0000000, 0x00000000e01aecd8, 0x00000000e5560000)
  from space 21824K,   0% used [0x00000000e6ab0000, 0x00000000e6ab1830, 0x00000000e8000000)
  to   space 21824K,   0% used [0x00000000e5560000, 0x00000000e5560000, 0x00000000e6ab0000)
 concurrent mark-sweep generation total 393216K, used 240530K [0x00000000e8000000, 0x0000000100000000, 0x0000000100000000)
 Metaspace       used 32762K, capacity 33224K, committed 33732K, reserved 1079296K
  class space    used 3585K, capacity 3736K, committed 3836K, reserved 1048576K
2017-07-31T16:16:13.262+0200: 16323,666: [GC (CMS Final Remark) 2017-07-31T16:16:13.262+0200: 16323,666: [ParNew
Desired survivor size 20112992 bytes, new threshold 8 (max 8)
- age   1:         64 bytes,         64 total
- age   2:         64 bytes,        128 total
- age   3:         64 bytes,        192 total
- age   4:         32 bytes,        224 total
: 1729K->6K(109248K), 0,0035633 secs] 242259K->240536K(502464K), 0,0036124 secs] [Times: user=0,00 sys=0,00, real=0,00 secs] 
Heap after GC invocations=416 (full 312):
 par new generation   total 109248K, used 6K [0x00000000e0000000, 0x00000000e8000000, 0x00000000e8000000)
  eden space 87424K,   0% used [0x00000000e0000000, 0x00000000e0000000, 0x00000000e5560000)
  from space 21824K,   0% used [0x00000000e5560000, 0x00000000e5561830, 0x00000000e6ab0000)
  to   space 21824K,   0% used [0x00000000e6ab0000, 0x00000000e6ab0000, 0x00000000e8000000)
 concurrent mark-sweep generation total 393216K, used 240530K [0x00000000e8000000, 0x0000000100000000, 0x0000000100000000)
 Metaspace       used 32762K, capacity 33224K, committed 33732K, reserved 1079296K
  class space    used 3585K, capacity 3736K, committed 3836K, reserved 1048576K
}
2017-07-31T16:16:13.266+0200: 16323,670: [Rescan (parallel) , 0,0005709 secs]2017-07-31T16:16:13.266+0200: 16323,671: [weak refs processing, 0,0004555 secs]2017-07-31T16:16:13.267+0200: 16323,671: [class unloading, 0,0077862 secs]2017-07-31T16:16:13.274+0200: 16323,679: [scrub symbol table, 0,0037741 secs]2017-07-31T16:16:13.278+0200: 16323,683: [scrub string table, 0,0006559 secs][1 CMS-remark: 240530K(393216K)] 240536K(502464K), 0,0171767 secs] [Times: user=0,02 sys=0,00, real=0,01 secs] 
2017-07-31T16:16:13.279+0200: 16323,684: Total time for which application threads were stopped: 0,0173422 seconds, Stopping threads took: 0,0000302 seconds
2017-07-31T16:16:13.279+0200: 16323,684: [CMS-concurrent-sweep-start]
2017-07-31T16:16:13.308+0200: 16323,712: [CMS-concurrent-sweep: 0,029/0,029 secs] [Times: user=0,02 sys=0,00, real=0,03 secs] 
2017-07-31T16:16:13.308+0200: 16323,713: [CMS-concurrent-reset-start]
2017-07-31T16:16:13.309+0200: 16323,713: [CMS-concurrent-reset: 0,001/0,001 secs] [Times: user=0,00 sys=0,00, real=0,00 secs] 
2017-07-31T16:16:15.308+0200: 16325,712: [GC (CMS Initial Mark) [1 CMS-initial-mark: 240530K(393216K)] 240842K(502464K), 0,0008685 secs] [Times: user=0,01 sys=0,00, real=0,00 secs] 
2017-07-31T16:16:15.309+0200: 16325,713: Total time for which application threads were stopped: 0,0010362 seconds, Stopping threads took: 0,0000242 seconds
2017-07-31T16:16:15.309+0200: 16325,713: [CMS-concurrent-mark-start]
2017-07-31T16:16:15.336+0200: 16325,741: [CMS-concurrent-mark: 0,027/0,027 secs] [Times: user=0,11 sys=0,00, real=0,03 secs] 
2017-07-31T16:16:15.336+0200: 16325,741: [CMS-concurrent-preclean-start]
2017-07-31T16:16:15.338+0200: 16325,742: [CMS-concurrent-preclean: 0,001/0,001 secs] [Times: user=0,00 sys=0,00, real=0,00 secs] 
2017-07-31T16:16:15.338+0200: 16325,743: [GC (CMS Final Remark) [YG occupancy: 312 K (109248 K)]{Heap before GC invocations=416 (full 313):
 par new generation   total 109248K, used 312K [0x00000000e0000000, 0x00000000e8000000, 0x00000000e8000000)
  eden space 87424K,   0% used [0x00000000e0000000, 0x00000000e004c870, 0x00000000e5560000)
  from space 21824K,   0% used [0x00000000e5560000, 0x00000000e5561830, 0x00000000e6ab0000)
  to   space 21824K,   0% used [0x00000000e6ab0000, 0x00000000e6ab0000, 0x00000000e8000000)
 concurrent mark-sweep generation total 393216K, used 240530K [0x00000000e8000000, 0x0000000100000000, 0x0000000100000000)
 Metaspace       used 32762K, capacity 33224K, committed 33732K, reserved 1079296K
  class space    used 3585K, capacity 3736K, committed 3836K, reserved 1048576K
2017-07-31T16:16:15.338+0200: 16325,743: [GC (CMS Final Remark) 2017-07-31T16:16:15.338+0200: 16325,743: [ParNew
Desired survivor size 20112992 bytes, new threshold 8 (max 8)
- age   1:        184 bytes,        184 total
- age   2:         64 bytes,        248 total
- age   3:         64 bytes,        312 total
- age   4:         32 bytes,        344 total
- age   5:         32 bytes,        376 total
: 312K->6K(109248K), 0,0049695 secs] 240842K->240536K(502464K), 0,0050252 secs] [Times: user=0,00 sys=0,01, real=0,01 secs] 
Heap after GC invocations=417 (full 313):
 par new generation   total 109248K, used 6K [0x00000000e0000000, 0x00000000e8000000, 0x00000000e8000000)
  eden space 87424K,   0% used [0x00000000e0000000, 0x00000000e0000000, 0x00000000e5560000)
  from space 21824K,   0% used [0x00000000e6ab0000, 0x00000000e6ab1830, 0x00000000e8000000)
  to   space 21824K,   0% used [0x00000000e5560000, 0x00000000e5560000, 0x00000000e6ab0000)
 concurrent mark-sweep generation total 393216K, used 240530K [0x00000000e8000000, 0x0000000100000000, 0x0000000100000000)
 Metaspace       used 32762K, capacity 33224K, committed 33732K, reserved 1079296K
  class space    used 3585K, capacity 3736K, committed 3836K, reserved 1048576K
}
2017-07-31T16:16:15.343+0200: 16325,748: [Rescan (parallel) , 0,0006487 secs]2017-07-31T16:16:15.344+0200: 16325,748: [weak refs processing, 0,0005776 secs]2017-07-31T16:16:15.345+0200: 16325,749: [class unloading, 0,0089091 secs]2017-07-31T16:16:15.353+0200: 16325,758: [scrub symbol table, 0,0042707 secs]2017-07-31T16:16:15.358+0200: 16325,762: [scrub string table, 0,0006536 secs][1 CMS-remark: 240530K(393216K)] 240536K(502464K), 0,0206341 secs] [Times: user=0,02 sys=0,01, real=0,02 secs] 
2017-07-31T16:16:15.359+0200: 16325,763: Total time for which application threads were stopped: 0,0207662 seconds, Stopping threads took: 0,0000235 seconds
2017-07-31T16:16:15.359+0200: 16325,763: [CMS-concurrent-sweep-start]
2017-07-31T16:16:15.389+0200: 16325,793: [CMS-concurrent-sweep: 0,030/0,030 secs] [Times: user=0,03 sys=0,00, real=0,03 secs] 
2017-07-31T16:16:15.389+0200: 16325,794: [CMS-concurrent-reset-start]
2017-07-31T16:16:15.390+0200: 16325,794: [CMS-concurrent-reset: 0,001/0,001 secs] [Times: user=0,00 sys=0,00, real=0,00 secs] 
2017-07-31T16:16:17.389+0200: 16327,793: [GC (CMS Initial Mark) [1 CMS-initial-mark: 240530K(393216K)] 241306K(502464K), 0,0009632 secs] [Times: user=0,00 sys=0,00, real=0,00 secs] 
2017-07-31T16:16:17.390+0200: 16327,794: Total time for which application threads were stopped: 0,0011227 seconds, Stopping threads took: 0,0000238 seconds
2017-07-31T16:16:17.390+0200: 16327,795: [CMS-concurrent-mark-start]
2017-07-31T16:16:17.424+0200: 16327,828: [CMS-concurrent-mark: 0,034/0,034 secs] [Times: user=0,13 sys=0,00, real=0,04 secs] 
2017-07-31T16:16:17.424+0200: 16327,828: [CMS-concurrent-preclean-start]
2017-07-31T16:16:17.425+0200: 16327,830: [CMS-concurrent-preclean: 0,002/0,002 secs] [Times: user=0,00 sys=0,00, real=0,00 secs] 
2017-07-31T16:16:17.426+0200: 16327,830: [GC (CMS Final Remark) [YG occupancy: 776 K (109248 K)]{Heap before GC invocations=417 (full 314):
 par new generation   total 109248K, used 776K [0x00000000e0000000, 0x00000000e8000000, 0x00000000e8000000)
  eden space 87424K,   0% used [0x00000000e0000000, 0x00000000e00c0938, 0x00000000e5560000)
  from space 21824K,   0% used [0x00000000e6ab0000, 0x00000000e6ab1830, 0x00000000e8000000)
  to   space 21824K,   0% used [0x00000000e5560000, 0x00000000e5560000, 0x00000000e6ab0000)
 concurrent mark-sweep generation total 393216K, used 240530K [0x00000000e8000000, 0x0000000100000000, 0x0000000100000000)
 Metaspace       used 32762K, capacity 33224K, committed 33732K, reserved 1079296K
  class space    used 3585K, capacity 3736K, committed 3836K, reserved 1048576K
2017-07-31T16:16:17.426+0200: 16327,830: [GC (CMS Final Remark) 2017-07-31T16:16:17.426+0200: 16327,830: [ParNew
Desired survivor size 20112992 bytes, new threshold 8 (max 8)
- age   1:         64 bytes,         64 total
- age   2:        184 bytes,        248 total
- age   3:         64 bytes,        312 total
- age   4:         32 bytes,        344 total
- age   6:         32 bytes,        376 total
: 776K->8K(109248K), 0,0048003 secs] 241306K->240538K(502464K), 0,0048491 secs] [Times: user=0,01 sys=0,00, real=0,00 secs] 
Heap after GC invocations=418 (full 314):
 par new generation   total 109248K, used 8K [0x00000000e0000000, 0x00000000e8000000, 0x00000000e8000000)
  eden space 87424K,   0% used [0x00000000e0000000, 0x00000000e0000000, 0x00000000e5560000)
  from space 21824K,   0% used [0x00000000e5560000, 0x00000000e5562040, 0x00000000e6ab0000)
  to   space 21824K,   0% used [0x00000000e6ab0000, 0x00000000e6ab0000, 0x00000000e8000000)
 concurrent mark-sweep generation total 393216K, used 240530K [0x00000000e8000000, 0x0000000100000000, 0x0000000100000000)
 Metaspace       used 32762K, capacity 33224K, committed 33732K, reserved 1079296K
  class space    used 3585K, capacity 3736K, committed 3836K, reserved 1048576K
}
2017-07-31T16:16:17.431+0200: 16327,835: [Rescan (parallel) , 0,0006669 secs]2017-07-31T16:16:17.431+0200: 16327,836: [weak refs processing, 0,0004591 secs]2017-07-31T16:16:17.432+0200: 16327,836: [class unloading, 0,0079961 secs]2017-07-31T16:16:17.440+0200: 16327,844: [scrub symbol table, 0,0035328 secs]2017-07-31T16:16:17.443+0200: 16327,848: [scrub string table, 0,0006504 secs][1 CMS-remark: 240530K(393216K)] 240538K(502464K), 0,0184100 secs] [Times: user=0,03 sys=0,00, real=0,02 secs] 
2017-07-31T16:16:17.444+0200: 16327,849: Total time for which application threads were stopped: 0,0185488 seconds, Stopping threads took: 0,0000221 seconds
2017-07-31T16:16:17.444+0200: 16327,849: [CMS-concurrent-sweep-start]
2017-07-31T16:16:17.473+0200: 16327,878: [CMS-concurrent-sweep: 0,029/0,029 secs] [Times: user=0,02 sys=0,00, real=0,03 secs] 
2017-07-31T16:16:17.473+0200: 16327,878: [CMS-concurrent-reset-start]
2017-07-31T16:16:17.474+0200: 16327,878: [CMS-concurrent-reset: 0,001/0,001 secs] [Times: user=0,00 sys=0,00, real=0,00 secs] 
2017-07-31T16:16:19.473+0200: 16329,878: [GC (CMS Initial Mark) [1 CMS-initial-mark: 240530K(393216K)] 242515K(502464K), 0,0008980 secs] [Times: user=0,01 sys=0,00, real=0,00 secs] 
2017-07-31T16:16:19.474+0200: 16329,879: Total time for which application threads were stopped: 0,0010661 seconds, Stopping threads took: 0,0000254 seconds
2017-07-31T16:16:19.474+0200: 16329,879: [CMS-concurrent-mark-start]
2017-07-31T16:16:19.502+0200: 16329,907: [CMS-concurrent-mark: 0,028/0,028 secs] [Times: user=0,11 sys=0,00, real=0,03 secs] 
2017-07-31T16:16:19.502+0200: 16329,907: [CMS-concurrent-preclean-start]
2017-07-31T16:16:19.504+0200: 16329,908: [CMS-concurrent-preclean: 0,002/0,002 secs] [Times: user=0,00 sys=0,00, real=0,00 secs] 
2017-07-31T16:16:19.504+0200: 16329,909: [GC (CMS Final Remark) [YG occupancy: 1985 K (109248 K)]{Heap before GC invocations=418 (full 315):
 par new generation   total 109248K, used 1985K [0x00000000e0000000, 0x00000000e8000000, 0x00000000e8000000)
  eden space 87424K,   2% used [0x00000000e0000000, 0x00000000e01ee538, 0x00000000e5560000)
  from space 21824K,   0% used [0x00000000e5560000, 0x00000000e5562040, 0x00000000e6ab0000)
  to   space 21824K,   0% used [0x00000000e6ab0000, 0x00000000e6ab0000, 0x00000000e8000000)
 concurrent mark-sweep generation total 393216K, used 240530K [0x00000000e8000000, 0x0000000100000000, 0x0000000100000000)
 Metaspace       used 32762K, capacity 33224K, committed 33732K, reserved 1079296K
  class space    used 3585K, capacity 3736K, committed 3836K, reserved 1048576K
2017-07-31T16:16:19.504+0200: 16329,909: [GC (CMS Final Remark) 2017-07-31T16:16:19.504+0200: 16329,909: [ParNew
Desired survivor size 20112992 bytes, new threshold 8 (max 8)
- age   1:         96 bytes,         96 total
- age   2:         64 bytes,        160 total
- age   3:        184 bytes,        344 total
- age   7:         32 bytes,        376 total
: 1985K->8K(109248K), 0,0047585 secs] 242515K->240538K(502464K), 0,0048110 secs] [Times: user=0,01 sys=0,00, real=0,00 secs] 
Heap after GC invocations=419 (full 315):
 par new generation   total 109248K, used 8K [0x00000000e0000000, 0x00000000e8000000, 0x00000000e8000000)
  eden space 87424K,   0% used [0x00000000e0000000, 0x00000000e0000000, 0x00000000e5560000)
  from space 21824K,   0% used [0x00000000e6ab0000, 0x00000000e6ab2040, 0x00000000e8000000)
  to   space 21824K,   0% used [0x00000000e5560000, 0x00000000e5560000, 0x00000000e6ab0000)
 concurrent mark-sweep generation total 393216K, used 240530K [0x00000000e8000000, 0x0000000100000000, 0x0000000100000000)
 Metaspace       used 32762K, capacity 33224K, committed 33732K, reserved 1079296K
  class space    used 3585K, capacity 3736K, committed 3836K, reserved 1048576K
}
2017-07-31T16:16:19.509+0200: 16329,913: [Rescan (parallel) , 0,0005308 secs]2017-07-31T16:16:19.510+0200: 16329,914: [weak refs processing, 0,0004933 secs]2017-07-31T16:16:19.510+0200: 16329,915: [class unloading, 0,0078371 secs]2017-07-31T16:16:19.518+0200: 16329,922: [scrub symbol table, 0,0036303 secs]2017-07-31T16:16:19.522+0200: 16329,926: [scrub string table, 0,0006577 secs][1 CMS-remark: 240530K(393216K)] 240538K(502464K), 0,0182395 secs] [Times: user=0,02 sys=0,00, real=0,02 secs] 
2017-07-31T16:16:19.522+0200: 16329,927: Total time for which application threads were stopped: 0,0183855 seconds, Stopping threads took: 0,0000249 seconds
2017-07-31T16:16:19.522+0200: 16329,927: [CMS-concurrent-sweep-start]
2017-07-31T16:16:19.550+0200: 16329,954: [CMS-concurrent-sweep: 0,027/0,027 secs] [Times: user=0,03 sys=0,00, real=0,02 secs] 
2017-07-31T16:16:19.550+0200: 16329,954: [CMS-concurrent-reset-start]
2017-07-31T16:16:19.550+0200: 16329,955: [CMS-concurrent-reset: 0,001/0,001 secs] [Times: user=0,00 sys=0,00, real=0,00 secs] 
2017-07-31T16:16:21.550+0200: 16331,954: [GC (CMS Initial Mark) [1 CMS-initial-mark: 240530K(393216K)] 241308K(502464K), 0,0010825 secs] [Times: user=0,00 sys=0,00, real=0,00 secs] 
2017-07-31T16:16:21.551+0200: 16331,955: Total time for which application threads were stopped: 0,0012416 seconds, Stopping threads took: 0,0000243 seconds
2017-07-31T16:16:21.551+0200: 16331,955: [CMS-concurrent-mark-start]
2017-07-31T16:16:21.581+0200: 16331,985: [CMS-concurrent-mark: 0,030/0,030 secs] [Times: user=0,12 sys=0,00, real=0,04 secs] 
2017-07-31T16:16:21.581+0200: 16331,986: [CMS-concurrent-preclean-start]
2017-07-31T16:16:21.583+0200: 16331,987: [CMS-concurrent-preclean: 0,002/0,002 secs] [Times: user=0,00 sys=0,00, real=0,00 secs] 
2017-07-31T16:16:21.583+0200: 16331,987: [GC (CMS Final Remark) [YG occupancy: 778 K (109248 K)]{Heap before GC invocations=419 (full 316):
 par new generation   total 109248K, used 778K [0x00000000e0000000, 0x00000000e8000000, 0x00000000e8000000)
  eden space 87424K,   0% used [0x00000000e0000000, 0x00000000e00c0938, 0x00000000e5560000)
  from space 21824K,   0% used [0x00000000e6ab0000, 0x00000000e6ab2040, 0x00000000e8000000)
  to   space 21824K,   0% used [0x00000000e5560000, 0x00000000e5560000, 0x00000000e6ab0000)
 concurrent mark-sweep generation total 393216K, used 240530K [0x00000000e8000000, 0x0000000100000000, 0x0000000100000000)
 Metaspace       used 32762K, capacity 33224K, committed 33732K, reserved 1079296K
  class space    used 3585K, capacity 3736K, committed 3836K, reserved 1048576K
2017-07-31T16:16:21.583+0200: 16331,987: [GC (CMS Final Remark) 2017-07-31T16:16:21.583+0200: 16331,987: [ParNew
Desired survivor size 20112992 bytes, new threshold 8 (max 8)
- age   1:         64 bytes,         64 total
- age   2:         96 bytes,        160 total
- age   3:         32 bytes,        192 total
- age   4:        152 bytes,        344 total
- age   8:         32 bytes,        376 total
: 778K->8K(109248K), 0,0045699 secs] 241308K->240538K(502464K), 0,0046211 secs] [Times: user=0,00 sys=0,00, real=0,00 secs] 
Heap after GC invocations=420 (full 316):
 par new generation   total 109248K, used 8K [0x00000000e0000000, 0x00000000e8000000, 0x00000000e8000000)
  eden space 87424K,   0% used [0x00000000e0000000, 0x00000000e0000000, 0x00000000e5560000)
  from space 21824K,   0% used [0x00000000e5560000, 0x00000000e5562040, 0x00000000e6ab0000)
  to   space 21824K,   0% used [0x00000000e6ab0000, 0x00000000e6ab0000, 0x00000000e8000000)
 concurrent mark-sweep generation total 393216K, used 240530K [0x00000000e8000000, 0x0000000100000000, 0x0000000100000000)
 Metaspace       used 32762K, capacity 33224K, committed 33732K, reserved 1079296K
  class space    used 3585K, capacity 3736K, committed 3836K, reserved 1048576K
}
2017-07-31T16:16:21.588+0200: 16331,992: [Rescan (parallel) , 0,0005762 secs]2017-07-31T16:16:21.588+0200: 16331,993: [weak refs processing, 0,0004490 secs]2017-07-31T16:16:21.589+0200: 16331,993: [class unloading, 0,0078221 secs]2017-07-31T16:16:21.597+0200: 16332,001: [scrub symbol table, 0,0035882 secs]2017-07-31T16:16:21.600+0200: 16332,005: [scrub string table, 0,0006428 secs][1 CMS-remark: 240530K(393216K)] 240538K(502464K), 0,0180059 secs] [Times: user=0,02 sys=0,00, real=0,02 secs] 
2017-07-31T16:16:21.601+0200: 16332,005: Total time for which application threads were stopped: 0,0181484 seconds, Stopping threads took: 0,0000237 seconds
2017-07-31T16:16:21.601+0200: 16332,005: [CMS-concurrent-sweep-start]
2017-07-31T16:16:21.629+0200: 16332,034: [CMS-concurrent-sweep: 0,028/0,028 secs] [Times: user=0,03 sys=0,00, real=0,02 secs] 
2017-07-31T16:16:21.629+0200: 16332,034: [CMS-concurrent-reset-start]
2017-07-31T16:16:21.630+0200: 16332,034: [CMS-concurrent-reset: 0,001/0,001 secs] [Times: user=0,00 sys=0,00, real=0,00 secs] 
2017-07-31T16:16:23.629+0200: 16334,033: [GC (CMS Initial Mark) [1 CMS-initial-mark: 240530K(393216K)] 242515K(502464K), 0,0008090 secs] [Times: user=0,00 sys=0,00, real=0,00 secs] 
2017-07-31T16:16:23.630+0200: 16334,034: Total time for which application threads were stopped: 0,0009628 seconds, Stopping threads took: 0,0000191 seconds
2017-07-31T16:16:23.630+0200: 16334,034: [CMS-concurrent-mark-start]
2017-07-31T16:16:23.647+0200: 16334,051: [CMS-concurrent-mark: 0,017/0,017 secs] [Times: user=0,07 sys=0,00, real=0,02 secs] 
2017-07-31T16:16:23.647+0200: 16334,051: [CMS-concurrent-preclean-start]
2017-07-31T16:16:23.648+0200: 16334,052: [CMS-concurrent-preclean: 0,001/0,001 secs] [Times: user=0,00 sys=0,00, real=0,00 secs] 
2017-07-31T16:16:23.648+0200: 16334,053: [GC (CMS Final Remark) [YG occupancy: 1985 K (109248 K)]{Heap before GC invocations=420 (full 317):
 par new generation   total 109248K, used 1985K [0x00000000e0000000, 0x00000000e8000000, 0x00000000e8000000)
  eden space 87424K,   2% used [0x00000000e0000000, 0x00000000e01ee538, 0x00000000e5560000)
  from space 21824K,   0% used [0x00000000e5560000, 0x00000000e5562040, 0x00000000e6ab0000)
  to   space 21824K,   0% used [0x00000000e6ab0000, 0x00000000e6ab0000, 0x00000000e8000000)
 concurrent mark-sweep generation total 393216K, used 240530K [0x00000000e8000000, 0x0000000100000000, 0x0000000100000000)
 Metaspace       used 32762K, capacity 33224K, committed 33732K, reserved 1079296K
  class space    used 3585K, capacity 3736K, committed 3836K, reserved 1048576K
2017-07-31T16:16:23.648+0200: 16334,053: [GC (CMS Final Remark) 2017-07-31T16:16:23.648+0200: 16334,053: [ParNew
Desired survivor size 20112992 bytes, new threshold 8 (max 8)
- age   1:         96 bytes,         96 total
- age   2:         64 bytes,        160 total
- age   3:         32 bytes,        192 total
- age   5:        152 bytes,        344 total
: 1985K->8K(109248K), 0,0013904 secs] 242515K->240538K(502464K), 0,0014203 secs] [Times: user=0,01 sys=0,00, real=0,00 secs] 
Heap after GC invocations=421 (full 317):
 par new generation   total 109248K, used 8K [0x00000000e0000000, 0x00000000e8000000, 0x00000000e8000000)
  eden space 87424K,   0% used [0x00000000e0000000, 0x00000000e0000000, 0x00000000e5560000)
  from space 21824K,   0% used [0x00000000e6ab0000, 0x00000000e6ab2040, 0x00000000e8000000)
  to   space 21824K,   0% used [0x00000000e5560000, 0x00000000e5560000, 0x00000000e6ab0000)
 concurrent mark-sweep generation total 393216K, used 240530K [0x00000000e8000000, 0x0000000100000000, 0x0000000100000000)
 Metaspace       used 32762K, capacity 33224K, committed 33732K, reserved 1079296K
  class space    used 3585K, capacity 3736K, committed 3836K, reserved 1048576K
}
2017-07-31T16:16:23.650+0200: 16334,054: [Rescan (parallel) , 0,0003220 secs]2017-07-31T16:16:23.650+0200: 16334,054: [weak refs processing, 0,0002299 secs]2017-07-31T16:16:23.650+0200: 16334,055: [class unloading, 0,0052299 secs]2017-07-31T16:16:23.655+0200: 16334,060: [scrub symbol table, 0,0035395 secs]2017-07-31T16:16:23.659+0200: 16334,063: [scrub string table, 0,0004690 secs][1 CMS-remark: 240530K(393216K)] 240538K(502464K), 0,0114435 secs] [Times: user=0,02 sys=0,00, real=0,01 secs] 
2017-07-31T16:16:23.660+0200: 16334,064: Total time for which application threads were stopped: 0,0115517 seconds, Stopping threads took: 0,0000188 seconds
2017-07-31T16:16:23.660+0200: 16334,064: [CMS-concurrent-sweep-start]
2017-07-31T16:16:23.681+0200: 16334,085: [CMS-concurrent-sweep: 0,021/0,021 secs] [Times: user=0,02 sys=0,00, real=0,03 secs] 
2017-07-31T16:16:23.681+0200: 16334,085: [CMS-concurrent-reset-start]
2017-07-31T16:16:23.681+0200: 16334,086: [CMS-concurrent-reset: 0,000/0,000 secs] [Times: user=0,00 sys=0,00, real=0,00 secs] 
2017-07-31T16:16:25.680+0200: 16336,085: [GC (CMS Initial Mark) [1 CMS-initial-mark: 240530K(393216K)] 240865K(502464K), 0,0009686 secs] [Times: user=0,00 sys=0,00, real=0,00 secs] 
2017-07-31T16:16:25.681+0200: 16336,086: Total time for which application threads were stopped: 0,0011290 seconds, Stopping threads took: 0,0000252 seconds
2017-07-31T16:16:25.681+0200: 16336,086: [CMS-concurrent-mark-start]
2017-07-31T16:16:25.710+0200: 16336,114: [CMS-concurrent-mark: 0,029/0,029 secs] [Times: user=0,12 sys=0,00, real=0,02 secs] 
2017-07-31T16:16:25.710+0200: 16336,115: [CMS-concurrent-preclean-start]
2017-07-31T16:16:25.711+0200: 16336,116: [CMS-concurrent-preclean: 0,001/0,001 secs] [Times: user=0,00 sys=0,00, real=0,00 secs] 
2017-07-31T16:16:25.712+0200: 16336,116: [GC (CMS Final Remark) [YG occupancy: 335 K (109248 K)]{Heap before GC invocations=421 (full 318):
 par new generation   total 109248K, used 335K [0x00000000e0000000, 0x00000000e8000000, 0x00000000e8000000)
  eden space 87424K,   0% used [0x00000000e0000000, 0x00000000e0051d88, 0x00000000e5560000)
  from space 21824K,   0% used [0x00000000e6ab0000, 0x00000000e6ab2040, 0x00000000e8000000)
  to   space 21824K,   0% used [0x00000000e5560000, 0x00000000e5560000, 0x00000000e6ab0000)
 concurrent mark-sweep generation total 393216K, used 240530K [0x00000000e8000000, 0x0000000100000000, 0x0000000100000000)
 Metaspace       used 32762K, capacity 33224K, committed 33732K, reserved 1079296K
  class space    used 3585K, capacity 3736K, committed 3836K, reserved 1048576K
2017-07-31T16:16:25.712+0200: 16336,116: [GC (CMS Final Remark) 2017-07-31T16:16:25.712+0200: 16336,116: [ParNew
Desired survivor size 20112992 bytes, new threshold 8 (max 8)
- age   1:         32 bytes,         32 total
- age   2:         96 bytes,        128 total
- age   3:         64 bytes,        192 total
- age   6:        152 bytes,        344 total
: 335K->8K(109248K), 0,0039166 secs] 240865K->240538K(502464K), 0,0039814 secs] [Times: user=0,01 sys=0,00, real=0,01 secs] 
Heap after GC invocations=422 (full 318):
 par new generation   total 109248K, used 8K [0x00000000e0000000, 0x00000000e8000000, 0x00000000e8000000)
  eden space 87424K,   0% used [0x00000000e0000000, 0x00000000e0000000, 0x00000000e5560000)
  from space 21824K,   0% used [0x00000000e5560000, 0x00000000e5562040, 0x00000000e6ab0000)
  to   space 21824K,   0% used [0x00000000e6ab0000, 0x00000000e6ab0000, 0x00000000e8000000)
 concurrent mark-sweep generation total 393216K, used 240530K [0x00000000e8000000, 0x0000000100000000, 0x0000000100000000)
 Metaspace       used 32762K, capacity 33224K, committed 33732K, reserved 1079296K
  class space    used 3585K, capacity 3736K, committed 3836K, reserved 1048576K
}
2017-07-31T16:16:25.716+0200: 16336,120: [Rescan (parallel) , 0,0005107 secs]2017-07-31T16:16:25.716+0200: 16336,121: [weak refs processing, 0,0004854 secs]2017-07-31T16:16:25.717+0200: 16336,121: [class unloading, 0,0078839 secs]2017-07-31T16:16:25.725+0200: 16336,129: [scrub symbol table, 0,0037536 secs]2017-07-31T16:16:25.728+0200: 16336,133: [scrub string table, 0,0006851 secs][1 CMS-remark: 240530K(393216K)] 240538K(502464K), 0,0175713 secs] [Times: user=0,02 sys=0,00, real=0,02 secs] 
2017-07-31T16:16:25.729+0200: 16336,134: Total time for which application threads were stopped: 0,0177162 seconds, Stopping threads took: 0,0000271 seconds
2017-07-31T16:16:25.729+0200: 16336,134: [CMS-concurrent-sweep-start]
2017-07-31T16:16:25.759+0200: 16336,163: [CMS-concurrent-sweep: 0,030/0,030 secs] [Times: user=0,03 sys=0,00, real=0,03 secs] 
2017-07-31T16:16:25.759+0200: 16336,164: [CMS-concurrent-reset-start]
2017-07-31T16:16:25.760+0200: 16336,164: [CMS-concurrent-reset: 0,001/0,001 secs] [Times: user=0,00 sys=0,00, real=0,00 secs] 
2017-07-31T16:16:27.759+0200: 16338,163: [GC (CMS Initial Mark) [1 CMS-initial-mark: 240530K(393216K)] 240981K(502464K), 0,0009936 secs] [Times: user=0,01 sys=0,00, real=0,00 secs] 
2017-07-31T16:16:27.760+0200: 16338,164: Total time for which application threads were stopped: 0,0011528 seconds, Stopping threads took: 0,0000250 seconds
2017-07-31T16:16:27.760+0200: 16338,164: [CMS-concurrent-mark-start]
2017-07-31T16:16:27.788+0200: 16338,192: [CMS-concurrent-mark: 0,028/0,028 secs] [Times: user=0,10 sys=0,00, real=0,02 secs] 
2017-07-31T16:16:27.788+0200: 16338,192: [CMS-concurrent-preclean-start]
2017-07-31T16:16:27.789+0200: 16338,194: [CMS-concurrent-preclean: 0,002/0,002 secs] [Times: user=0,01 sys=0,00, real=0,00 secs] 
2017-07-31T16:16:27.790+0200: 16338,194: [GC (CMS Final Remark) [YG occupancy: 450 K (109248 K)]{Heap before GC invocations=422 (full 319):
 par new generation   total 109248K, used 450K [0x00000000e0000000, 0x00000000e8000000, 0x00000000e8000000)
  eden space 87424K,   0% used [0x00000000e0000000, 0x00000000e006ebb0, 0x00000000e5560000)
  from space 21824K,   0% used [0x00000000e5560000, 0x00000000e5562040, 0x00000000e6ab0000)
  to   space 21824K,   0% used [0x00000000e6ab0000, 0x00000000e6ab0000, 0x00000000e8000000)
 concurrent mark-sweep generation total 393216K, used 240530K [0x00000000e8000000, 0x0000000100000000, 0x0000000100000000)
 Metaspace       used 32762K, capacity 33224K, committed 33732K, reserved 1079296K
  class space    used 3585K, capacity 3736K, committed 3836K, reserved 1048576K
2017-07-31T16:16:27.790+0200: 16338,194: [GC (CMS Final Remark) 2017-07-31T16:16:27.790+0200: 16338,194: [ParNew
Desired survivor size 20112992 bytes, new threshold 8 (max 8)
- age   1:         32 bytes,         32 total
- age   2:         32 bytes,         64 total
- age   3:         96 bytes,        160 total
- age   4:         32 bytes,        192 total
- age   7:        152 bytes,        344 total
: 450K->8K(109248K), 0,0046069 secs] 240981K->240538K(502464K), 0,0046774 secs] [Times: user=0,01 sys=0,00, real=0,01 secs] 
Heap after GC invocations=423 (full 319):
 par new generation   total 109248K, used 8K [0x00000000e0000000, 0x00000000e8000000, 0x00000000e8000000)
  eden space 87424K,   0% used [0x00000000e0000000, 0x00000000e0000000, 0x00000000e5560000)
  from space 21824K,   0% used [0x00000000e6ab0000, 0x00000000e6ab2040, 0x00000000e8000000)
  to   space 21824K,   0% used [0x00000000e5560000, 0x00000000e5560000, 0x00000000e6ab0000)
 concurrent mark-sweep generation total 393216K, used 240530K [0x00000000e8000000, 0x0000000100000000, 0x0000000100000000)
 Metaspace       used 32762K, capacity 33224K, committed 33732K, reserved 1079296K
  class space    used 3585K, capacity 3736K, committed 3836K, reserved 1048576K
}
2017-07-31T16:16:27.794+0200: 16338,199: [Rescan (parallel) , 0,0006794 secs]2017-07-31T16:16:27.795+0200: 16338,200: [weak refs processing, 0,0005816 secs]2017-07-31T16:16:27.796+0200: 16338,200: [class unloading, 0,0081643 secs]2017-07-31T16:16:27.804+0200: 16338,208: [scrub symbol table, 0,0039953 secs]2017-07-31T16:16:27.808+0200: 16338,212: [scrub string table, 0,0006774 secs][1 CMS-remark: 240530K(393216K)] 240538K(502464K), 0,0191048 secs] [Times: user=0,03 sys=0,00, real=0,02 secs] 
2017-07-31T16:16:27.809+0200: 16338,213: Total time for which application threads were stopped: 0,0192538 seconds, Stopping threads took: 0,0000327 seconds
2017-07-31T16:16:27.809+0200: 16338,213: [CMS-concurrent-sweep-start]
2017-07-31T16:16:27.838+0200: 16338,242: [CMS-concurrent-sweep: 0,029/0,029 secs] [Times: user=0,02 sys=0,00, real=0,03 secs] 
2017-07-31T16:16:27.838+0200: 16338,242: [CMS-concurrent-reset-start]
2017-07-31T16:16:27.838+0200: 16338,243: [CMS-concurrent-reset: 0,001/0,001 secs] [Times: user=0,00 sys=0,00, real=0,00 secs] 
2017-07-31T16:16:29.838+0200: 16340,242: [GC (CMS Initial Mark) [1 CMS-initial-mark: 240530K(393216K)] 242515K(502464K), 0,0010651 secs] [Times: user=0,01 sys=0,00, real=0,00 secs] 
2017-07-31T16:16:29.839+0200: 16340,243: Total time for which application threads were stopped: 0,0012273 seconds, Stopping threads took: 0,0000248 seconds
2017-07-31T16:16:29.839+0200: 16340,243: [CMS-concurrent-mark-start]
2017-07-31T16:16:29.863+0200: 16340,268: [CMS-concurrent-mark: 0,024/0,024 secs] [Times: user=0,09 sys=0,00, real=0,03 secs] 
2017-07-31T16:16:29.863+0200: 16340,268: [CMS-concurrent-preclean-start]
2017-07-31T16:16:29.865+0200: 16340,269: [CMS-concurrent-preclean: 0,001/0,001 secs] [Times: user=0,01 sys=0,00, real=0,00 secs] 
2017-07-31T16:16:29.865+0200: 16340,270: [GC (CMS Final Remark) [YG occupancy: 1985 K (109248 K)]{Heap before GC invocations=423 (full 320):
 par new generation   total 109248K, used 1985K [0x00000000e0000000, 0x00000000e8000000, 0x00000000e8000000)
  eden space 87424K,   2% used [0x00000000e0000000, 0x00000000e01ee538, 0x00000000e5560000)
  from space 21824K,   0% used [0x00000000e6ab0000, 0x00000000e6ab2040, 0x00000000e8000000)
  to   space 21824K,   0% used [0x00000000e5560000, 0x00000000e5560000, 0x00000000e6ab0000)
 concurrent mark-sweep generation total 393216K, used 240530K [0x00000000e8000000, 0x0000000100000000, 0x0000000100000000)
 Metaspace       used 32762K, capacity 33224K, committed 33732K, reserved 1079296K
  class space    used 3585K, capacity 3736K, committed 3836K, reserved 1048576K
2017-07-31T16:16:29.865+0200: 16340,270: [GC (CMS Final Remark) 2017-07-31T16:16:29.865+0200: 16340,270: [ParNew
Desired survivor size 20112992 bytes, new threshold 8 (max 8)
- age   1:         96 bytes,         96 total
- age   2:         32 bytes,        128 total
- age   3:         32 bytes,        160 total
- age   4:         32 bytes,        192 total
- age   8:        152 bytes,        344 total
: 1985K->8K(109248K), 0,0036989 secs] 242515K->240538K(502464K), 0,0037602 secs] [Times: user=0,01 sys=0,00, real=0,00 secs] 
Heap after GC invocations=424 (full 320):
 par new generation   total 109248K, used 8K [0x00000000e0000000, 0x00000000e8000000, 0x00000000e8000000)
  eden space 87424K,   0% used [0x00000000e0000000, 0x00000000e0000000, 0x00000000e5560000)
  from space 21824K,   0% used [0x00000000e5560000, 0x00000000e5562040, 0x00000000e6ab0000)
  to   space 21824K,   0% used [0x00000000e6ab0000, 0x00000000e6ab0000, 0x00000000e8000000)
 concurrent mark-sweep generation total 393216K, used 240530K [0x00000000e8000000, 0x0000000100000000, 0x0000000100000000)
 Metaspace       used 32762K, capacity 33224K, committed 33732K, reserved 1079296K
  class space    used 3585K, capacity 3736K, committed 3836K, reserved 1048576K
}
2017-07-31T16:16:29.869+0200: 16340,273: [Rescan (parallel) , 0,0004536 secs]2017-07-31T16:16:29.869+0200: 16340,274: [weak refs processing, 0,0004668 secs]2017-07-31T16:16:29.870+0200: 16340,274: [class unloading, 0,0074988 secs]2017-07-31T16:16:29.877+0200: 16340,282: [scrub symbol table, 0,0036398 secs]2017-07-31T16:16:29.881+0200: 16340,286: [scrub string table, 0,0006605 secs][1 CMS-remark: 240530K(393216K)] 240538K(502464K), 0,0167269 secs] [Times: user=0,02 sys=0,00, real=0,02 secs] 
2017-07-31T16:16:29.882+0200: 16340,286: Total time for which application threads were stopped: 0,0168651 seconds, Stopping threads took: 0,0000229 seconds
2017-07-31T16:16:29.882+0200: 16340,286: [CMS-concurrent-sweep-start]
2017-07-31T16:16:29.911+0200: 16340,315: [CMS-concurrent-sweep: 0,029/0,029 secs] [Times: user=0,03 sys=0,00, real=0,02 secs] 
2017-07-31T16:16:29.911+0200: 16340,315: [CMS-concurrent-reset-start]
2017-07-31T16:16:29.911+0200: 16340,316: [CMS-concurrent-reset: 0,001/0,001 secs] [Times: user=0,00 sys=0,00, real=0,00 secs] 
2017-07-31T16:16:31.910+0200: 16342,315: [GC (CMS Initial Mark) [1 CMS-initial-mark: 240530K(393216K)] 241308K(502464K), 0,0010085 secs] [Times: user=0,00 sys=0,00, real=0,00 secs] 
2017-07-31T16:16:31.912+0200: 16342,316: Total time for which application threads were stopped: 0,0011915 seconds, Stopping threads took: 0,0000455 seconds
2017-07-31T16:16:31.912+0200: 16342,316: [CMS-concurrent-mark-start]
2017-07-31T16:16:31.939+0200: 16342,343: [CMS-concurrent-mark: 0,027/0,027 secs] [Times: user=0,11 sys=0,00, real=0,03 secs] 
2017-07-31T16:16:31.939+0200: 16342,343: [CMS-concurrent-preclean-start]
2017-07-31T16:16:31.940+0200: 16342,345: [CMS-concurrent-preclean: 0,001/0,001 secs] [Times: user=0,00 sys=0,00, real=0,01 secs] 
2017-07-31T16:16:31.941+0200: 16342,345: [GC (CMS Final Remark) [YG occupancy: 778 K (109248 K)]{Heap before GC invocations=424 (full 321):
 par new generation   total 109248K, used 778K [0x00000000e0000000, 0x00000000e8000000, 0x00000000e8000000)
  eden space 87424K,   0% used [0x00000000e0000000, 0x00000000e00c0938, 0x00000000e5560000)
  from space 21824K,   0% used [0x00000000e5560000, 0x00000000e5562040, 0x00000000e6ab0000)
  to   space 21824K,   0% used [0x00000000e6ab0000, 0x00000000e6ab0000, 0x00000000e8000000)
 concurrent mark-sweep generation total 393216K, used 240530K [0x00000000e8000000, 0x0000000100000000, 0x0000000100000000)
 Metaspace       used 32762K, capacity 33224K, committed 33732K, reserved 1079296K
  class space    used 3585K, capacity 3736K, committed 3836K, reserved 1048576K
2017-07-31T16:16:31.941+0200: 16342,345: [GC (CMS Final Remark) 2017-07-31T16:16:31.941+0200: 16342,345: [ParNew
Desired survivor size 20112992 bytes, new threshold 8 (max 8)
- age   1:         64 bytes,         64 total
- age   2:         96 bytes,        160 total
- age   3:         32 bytes,        192 total
: 778K->6K(109248K), 0,0042662 secs] 241308K->240536K(502464K), 0,0043167 secs] [Times: user=0,01 sys=0,00, real=0,00 secs] 
Heap after GC invocations=425 (full 321):
 par new generation   total 109248K, used 6K [0x00000000e0000000, 0x00000000e8000000, 0x00000000e8000000)
  eden space 87424K,   0% used [0x00000000e0000000, 0x00000000e0000000, 0x00000000e5560000)
  from space 21824K,   0% used [0x00000000e6ab0000, 0x00000000e6ab1830, 0x00000000e8000000)
  to   space 21824K,   0% used [0x00000000e5560000, 0x00000000e5560000, 0x00000000e6ab0000)
 concurrent mark-sweep generation total 393216K, used 240530K [0x00000000e8000000, 0x0000000100000000, 0x0000000100000000)
 Metaspace       used 32762K, capacity 33224K, committed 33732K, reserved 1079296K
  class space    used 3585K, capacity 3736K, committed 3836K, reserved 1048576K
}
2017-07-31T16:16:31.945+0200: 16342,349: [Rescan (parallel) , 0,0005124 secs]2017-07-31T16:16:31.945+0200: 16342,350: [weak refs processing, 0,0005554 secs]2017-07-31T16:16:31.946+0200: 16342,351: [class unloading, 0,0079335 secs]2017-07-31T16:16:31.954+0200: 16342,359: [scrub symbol table, 0,0037784 secs]2017-07-31T16:16:31.958+0200: 16342,362: [scrub string table, 0,0007099 secs][1 CMS-remark: 240530K(393216K)] 240536K(502464K), 0,0181745 secs] [Times: user=0,03 sys=0,00, real=0,01 secs] 
2017-07-31T16:16:31.959+0200: 16342,363: Total time for which application threads were stopped: 0,0183118 seconds, Stopping threads took: 0,0000238 seconds
2017-07-31T16:16:31.959+0200: 16342,363: [CMS-concurrent-sweep-start]
2017-07-31T16:16:31.987+0200: 16342,391: [CMS-concurrent-sweep: 0,028/0,028 secs] [Times: user=0,02 sys=0,00, real=0,03 secs] 
2017-07-31T16:16:31.987+0200: 16342,391: [CMS-concurrent-reset-start]
2017-07-31T16:16:31.988+0200: 16342,392: [CMS-concurrent-reset: 0,001/0,001 secs] [Times: user=0,00 sys=0,00, real=0,00 secs] 
2017-07-31T16:16:33.987+0200: 16344,391: [GC (CMS Initial Mark) [1 CMS-initial-mark: 240530K(393216K)] 242513K(502464K), 0,0009426 secs] [Times: user=0,00 sys=0,00, real=0,00 secs] 
2017-07-31T16:16:33.988+0200: 16344,392: Total time for which application threads were stopped: 0,0011101 seconds, Stopping threads took: 0,0000255 seconds
2017-07-31T16:16:33.988+0200: 16344,392: [CMS-concurrent-mark-start]
2017-07-31T16:16:34.017+0200: 16344,421: [CMS-concurrent-mark: 0,029/0,029 secs] [Times: user=0,11 sys=0,00, real=0,03 secs] 
2017-07-31T16:16:34.017+0200: 16344,421: [CMS-concurrent-preclean-start]
2017-07-31T16:16:34.019+0200: 16344,423: [CMS-concurrent-preclean: 0,002/0,002 secs] [Times: user=0,00 sys=0,00, real=0,00 secs] 
2017-07-31T16:16:34.019+0200: 16344,423: [GC (CMS Final Remark) [YG occupancy: 1983 K (109248 K)]{Heap before GC invocations=425 (full 322):
 par new generation   total 109248K, used 1983K [0x00000000e0000000, 0x00000000e8000000, 0x00000000e8000000)
  eden space 87424K,   2% used [0x00000000e0000000, 0x00000000e01ee538, 0x00000000e5560000)
  from space 21824K,   0% used [0x00000000e6ab0000, 0x00000000e6ab1830, 0x00000000e8000000)
  to   space 21824K,   0% used [0x00000000e5560000, 0x00000000e5560000, 0x00000000e6ab0000)
 concurrent mark-sweep generation total 393216K, used 240530K [0x00000000e8000000, 0x0000000100000000, 0x0000000100000000)
 Metaspace       used 32762K, capacity 33224K, committed 33732K, reserved 1079296K
  class space    used 3585K, capacity 3736K, committed 3836K, reserved 1048576K
2017-07-31T16:16:34.019+0200: 16344,423: [GC (CMS Final Remark) 2017-07-31T16:16:34.019+0200: 16344,423: [ParNew
Desired survivor size 20112992 bytes, new threshold 8 (max 8)
- age   1:         96 bytes,         96 total
- age   2:         64 bytes,        160 total
- age   3:         32 bytes,        192 total
: 1983K->6K(109248K), 0,0045233 secs] 242513K->240536K(502464K), 0,0045717 secs] [Times: user=0,01 sys=0,01, real=0,01 secs] 
Heap after GC invocations=426 (full 322):
 par new generation   total 109248K, used 6K [0x00000000e0000000, 0x00000000e8000000, 0x00000000e8000000)
  eden space 87424K,   0% used [0x00000000e0000000, 0x00000000e0000000, 0x00000000e5560000)
  from space 21824K,   0% used [0x00000000e5560000, 0x00000000e5561830, 0x00000000e6ab0000)
  to   space 21824K,   0% used [0x00000000e6ab0000, 0x00000000e6ab0000, 0x00000000e8000000)
 concurrent mark-sweep generation total 393216K, used 240530K [0x00000000e8000000, 0x0000000100000000, 0x0000000100000000)
 Metaspace       used 32762K, capacity 33224K, committed 33732K, reserved 1079296K
  class space    used 3585K, capacity 3736K, committed 3836K, reserved 1048576K
}
2017-07-31T16:16:34.023+0200: 16344,428: [Rescan (parallel) , 0,0004858 secs]2017-07-31T16:16:34.024+0200: 16344,428: [weak refs processing, 0,0005905 secs]2017-07-31T16:16:34.025+0200: 16344,429: [class unloading, 0,0078652 secs]2017-07-31T16:16:34.032+0200: 16344,437: [scrub symbol table, 0,0037516 secs]2017-07-31T16:16:34.036+0200: 16344,441: [scrub string table, 0,0006831 secs][1 CMS-remark: 240530K(393216K)] 240536K(502464K), 0,0182454 secs] [Times: user=0,02 sys=0,01, real=0,02 secs] 
2017-07-31T16:16:34.037+0200: 16344,442: Total time for which application threads were stopped: 0,0183973 seconds, Stopping threads took: 0,0000323 seconds
2017-07-31T16:16:34.037+0200: 16344,442: [CMS-concurrent-sweep-start]
2017-07-31T16:16:34.065+0200: 16344,470: [CMS-concurrent-sweep: 0,028/0,028 secs] [Times: user=0,03 sys=0,00, real=0,03 secs] 
2017-07-31T16:16:34.065+0200: 16344,470: [CMS-concurrent-reset-start]
2017-07-31T16:16:34.066+0200: 16344,470: [CMS-concurrent-reset: 0,001/0,001 secs] [Times: user=0,00 sys=0,00, real=0,00 secs] 
2017-07-31T16:16:36.065+0200: 16346,470: [GC (CMS Initial Mark) [1 CMS-initial-mark: 240530K(393216K)] 240863K(502464K), 0,0010208 secs] [Times: user=0,01 sys=0,00, real=0,00 secs] 
2017-07-31T16:16:36.066+0200: 16346,471: Total time for which application threads were stopped: 0,0011856 seconds, Stopping threads took: 0,0000253 seconds
2017-07-31T16:16:36.066+0200: 16346,471: [CMS-concurrent-mark-start]
2017-07-31T16:16:36.093+0200: 16346,498: [CMS-concurrent-mark: 0,027/0,027 secs] [Times: user=0,10 sys=0,00, real=0,03 secs] 
2017-07-31T16:16:36.093+0200: 16346,498: [CMS-concurrent-preclean-start]
2017-07-31T16:16:36.095+0200: 16346,499: [CMS-concurrent-preclean: 0,002/0,002 secs] [Times: user=0,00 sys=0,00, real=0,00 secs] 
2017-07-31T16:16:36.095+0200: 16346,499: [GC (CMS Final Remark) [YG occupancy: 776 K (109248 K)]{Heap before GC invocations=426 (full 323):
 par new generation   total 109248K, used 776K [0x00000000e0000000, 0x00000000e8000000, 0x00000000e8000000)
  eden space 87424K,   0% used [0x00000000e0000000, 0x00000000e00c0938, 0x00000000e5560000)
  from space 21824K,   0% used [0x00000000e5560000, 0x00000000e5561830, 0x00000000e6ab0000)
  to   space 21824K,   0% used [0x00000000e6ab0000, 0x00000000e6ab0000, 0x00000000e8000000)
 concurrent mark-sweep generation total 393216K, used 240530K [0x00000000e8000000, 0x0000000100000000, 0x0000000100000000)
 Metaspace       used 32762K, capacity 33224K, committed 33732K, reserved 1079296K
  class space    used 3585K, capacity 3736K, committed 3836K, reserved 1048576K
2017-07-31T16:16:36.095+0200: 16346,500: [GC (CMS Final Remark) 2017-07-31T16:16:36.095+0200: 16346,500: [ParNew
Desired survivor size 20112992 bytes, new threshold 8 (max 8)
- age   1:         64 bytes,         64 total
- age   2:         96 bytes,        160 total
- age   3:         32 bytes,        192 total
: 776K->8K(109248K), 0,0046683 secs] 241306K->240538K(502464K), 0,0047213 secs] [Times: user=0,01 sys=0,00, real=0,00 secs] 
Heap after GC invocations=427 (full 323):
 par new generation   total 109248K, used 8K [0x00000000e0000000, 0x00000000e8000000, 0x00000000e8000000)
  eden space 87424K,   0% used [0x00000000e0000000, 0x00000000e0000000, 0x00000000e5560000)
  from space 21824K,   0% used [0x00000000e6ab0000, 0x00000000e6ab2040, 0x00000000e8000000)
  to   space 21824K,   0% used [0x00000000e5560000, 0x00000000e5560000, 0x00000000e6ab0000)
 concurrent mark-sweep generation total 393216K, used 240530K [0x00000000e8000000, 0x0000000100000000, 0x0000000100000000)
 Metaspace       used 32762K, capacity 33224K, committed 33732K, reserved 1079296K
  class space    used 3585K, capacity 3736K, committed 3836K, reserved 1048576K
}
2017-07-31T16:16:36.100+0200: 16346,504: [Rescan (parallel) , 0,0006084 secs]2017-07-31T16:16:36.100+0200: 16346,505: [weak refs processing, 0,0007190 secs]2017-07-31T16:16:36.101+0200: 16346,506: [class unloading, 0,0082261 secs]2017-07-31T16:16:36.109+0200: 16346,514: [scrub symbol table, 0,0038648 secs]2017-07-31T16:16:36.113+0200: 16346,518: [scrub string table, 0,0007104 secs][1 CMS-remark: 240530K(393216K)] 240538K(502464K), 0,0191460 secs] [Times: user=0,03 sys=0,00, real=0,02 secs] 
2017-07-31T16:16:36.114+0200: 16346,519: Total time for which application threads were stopped: 0,0192878 seconds, Stopping threads took: 0,0000229 seconds
2017-07-31T16:16:36.114+0200: 16346,519: [CMS-concurrent-sweep-start]
2017-07-31T16:16:36.143+0200: 16346,548: [CMS-concurrent-sweep: 0,029/0,029 secs] [Times: user=0,03 sys=0,00, real=0,03 secs] 
2017-07-31T16:16:36.143+0200: 16346,548: [CMS-concurrent-reset-start]
2017-07-31T16:16:36.144+0200: 16346,548: [CMS-concurrent-reset: 0,001/0,001 secs] [Times: user=0,00 sys=0,00, real=0,00 secs] 
2017-07-31T16:16:38.143+0200: 16348,547: [GC (CMS Initial Mark) [1 CMS-initial-mark: 240530K(393216K)] 242261K(502464K), 0,0010022 secs] [Times: user=0,00 sys=0,00, real=0,00 secs] 
2017-07-31T16:16:38.144+0200: 16348,549: Total time for which application threads were stopped: 0,0011554 seconds, Stopping threads took: 0,0000237 seconds
2017-07-31T16:16:38.144+0200: 16348,549: [CMS-concurrent-mark-start]
2017-07-31T16:16:38.169+0200: 16348,574: [CMS-concurrent-mark: 0,025/0,025 secs] [Times: user=0,10 sys=0,00, real=0,02 secs] 
2017-07-31T16:16:38.169+0200: 16348,574: [CMS-concurrent-preclean-start]
2017-07-31T16:16:38.171+0200: 16348,575: [CMS-concurrent-preclean: 0,001/0,001 secs] [Times: user=0,00 sys=0,00, real=0,00 secs] 
2017-07-31T16:16:38.171+0200: 16348,576: [GC (CMS Final Remark) [YG occupancy: 1731 K (109248 K)]{Heap before GC invocations=427 (full 324):
 par new generation   total 109248K, used 1731K [0x00000000e0000000, 0x00000000e8000000, 0x00000000e8000000)
  eden space 87424K,   1% used [0x00000000e0000000, 0x00000000e01aecd8, 0x00000000e5560000)
  from space 21824K,   0% used [0x00000000e6ab0000, 0x00000000e6ab2040, 0x00000000e8000000)
  to   space 21824K,   0% used [0x00000000e5560000, 0x00000000e5560000, 0x00000000e6ab0000)
 concurrent mark-sweep generation total 393216K, used 240530K [0x00000000e8000000, 0x0000000100000000, 0x0000000100000000)
 Metaspace       used 32762K, capacity 33224K, committed 33732K, reserved 1079296K
  class space    used 3585K, capacity 3736K, committed 3836K, reserved 1048576K
2017-07-31T16:16:38.171+0200: 16348,576: [GC (CMS Final Remark) 2017-07-31T16:16:38.171+0200: 16348,576: [ParNew
Desired survivor size 20112992 bytes, new threshold 8 (max 8)
- age   1:         64 bytes,         64 total
- age   2:         64 bytes,        128 total
- age   3:         64 bytes,        192 total
: 1731K->6K(109248K), 0,0045260 secs] 242261K->240536K(502464K), 0,0045866 secs] [Times: user=0,02 sys=0,00, real=0,01 secs] 
Heap after GC invocations=428 (full 324):
 par new generation   total 109248K, used 6K [0x00000000e0000000, 0x00000000e8000000, 0x00000000e8000000)
  eden space 87424K,   0% used [0x00000000e0000000, 0x00000000e0000000, 0x00000000e5560000)
  from space 21824K,   0% used [0x00000000e5560000, 0x00000000e5561830, 0x00000000e6ab0000)
  to   space 21824K,   0% used [0x00000000e6ab0000, 0x00000000e6ab0000, 0x00000000e8000000)
 concurrent mark-sweep generation total 393216K, used 240530K [0x00000000e8000000, 0x0000000100000000, 0x0000000100000000)
 Metaspace       used 32762K, capacity 33224K, committed 33732K, reserved 1079296K
  class space    used 3585K, capacity 3736K, committed 3836K, reserved 1048576K
}
2017-07-31T16:16:38.176+0200: 16348,580: [Rescan (parallel) , 0,0005107 secs]2017-07-31T16:16:38.176+0200: 16348,581: [weak refs processing, 0,0005054 secs]2017-07-31T16:16:38.177+0200: 16348,581: [class unloading, 0,0078232 secs]2017-07-31T16:16:38.185+0200: 16348,589: [scrub symbol table, 0,0036298 secs]2017-07-31T16:16:38.188+0200: 16348,593: [scrub string table, 0,0006557 secs][1 CMS-remark: 240530K(393216K)] 240536K(502464K), 0,0179945 secs] [Times: user=0,03 sys=0,00, real=0,02 secs] 
2017-07-31T16:16:38.189+0200: 16348,594: Total time for which application threads were stopped: 0,0181393 seconds, Stopping threads took: 0,0000241 seconds
2017-07-31T16:16:38.189+0200: 16348,594: [CMS-concurrent-sweep-start]
2017-07-31T16:16:38.217+0200: 16348,622: [CMS-concurrent-sweep: 0,028/0,028 secs] [Times: user=0,03 sys=0,00, real=0,03 secs] 
2017-07-31T16:16:38.217+0200: 16348,622: [CMS-concurrent-reset-start]
2017-07-31T16:16:38.218+0200: 16348,622: [CMS-concurrent-reset: 0,001/0,001 secs] [Times: user=0,00 sys=0,00, real=0,00 secs] 
2017-07-31T16:16:40.217+0200: 16350,622: [GC (CMS Initial Mark) [1 CMS-initial-mark: 240530K(393216K)] 240790K(502464K), 0,0010150 secs] [Times: user=0,00 sys=0,00, real=0,00 secs] 
2017-07-31T16:16:40.218+0200: 16350,623: Total time for which application threads were stopped: 0,0011779 seconds, Stopping threads took: 0,0000251 seconds
2017-07-31T16:16:40.218+0200: 16350,623: [CMS-concurrent-mark-start]
2017-07-31T16:16:40.246+0200: 16350,650: [CMS-concurrent-mark: 0,028/0,028 secs] [Times: user=0,11 sys=0,00, real=0,03 secs] 
2017-07-31T16:16:40.246+0200: 16350,650: [CMS-concurrent-preclean-start]
2017-07-31T16:16:40.247+0200: 16350,652: [CMS-concurrent-preclean: 0,001/0,001 secs] [Times: user=0,00 sys=0,00, real=0,00 secs] 
2017-07-31T16:16:40.248+0200: 16350,652: [GC (CMS Final Remark) [YG occupancy: 260 K (109248 K)]{Heap before GC invocations=428 (full 325):
 par new generation   total 109248K, used 260K [0x00000000e0000000, 0x00000000e8000000, 0x00000000e8000000)
  eden space 87424K,   0% used [0x00000000e0000000, 0x00000000e003f860, 0x00000000e5560000)
  from space 21824K,   0% used [0x00000000e5560000, 0x00000000e5561830, 0x00000000e6ab0000)
  to   space 21824K,   0% used [0x00000000e6ab0000, 0x00000000e6ab0000, 0x00000000e8000000)
 concurrent mark-sweep generation total 393216K, used 240530K [0x00000000e8000000, 0x0000000100000000, 0x0000000100000000)
 Metaspace       used 32762K, capacity 33224K, committed 33732K, reserved 1079296K
  class space    used 3585K, capacity 3736K, committed 3836K, reserved 1048576K
2017-07-31T16:16:40.248+0200: 16350,652: [GC (CMS Final Remark) 2017-07-31T16:16:40.248+0200: 16350,652: [ParNew
Desired survivor size 20112992 bytes, new threshold 8 (max 8)
- age   1:         32 bytes,         32 total
- age   2:         64 bytes,         96 total
- age   3:         64 bytes,        160 total
- age   4:         32 bytes,        192 total
: 260K->6K(109248K), 0,0039789 secs] 240790K->240536K(502464K), 0,0040257 secs] [Times: user=0,01 sys=0,00, real=0,00 secs] 
Heap after GC invocations=429 (full 325):
 par new generation   total 109248K, used 6K [0x00000000e0000000, 0x00000000e8000000, 0x00000000e8000000)
  eden space 87424K,   0% used [0x00000000e0000000, 0x00000000e0000000, 0x00000000e5560000)
  from space 21824K,   0% used [0x00000000e6ab0000, 0x00000000e6ab1830, 0x00000000e8000000)
  to   space 21824K,   0% used [0x00000000e5560000, 0x00000000e5560000, 0x00000000e6ab0000)
 concurrent mark-sweep generation total 393216K, used 240530K [0x00000000e8000000, 0x0000000100000000, 0x0000000100000000)
 Metaspace       used 32762K, capacity 33224K, committed 33732K, reserved 1079296K
  class space    used 3585K, capacity 3736K, committed 3836K, reserved 1048576K
}
2017-07-31T16:16:40.252+0200: 16350,656: [Rescan (parallel) , 0,0004960 secs]2017-07-31T16:16:40.252+0200: 16350,657: [weak refs processing, 0,0004754 secs]2017-07-31T16:16:40.253+0200: 16350,657: [class unloading, 0,0077952 secs]2017-07-31T16:16:40.261+0200: 16350,665: [scrub symbol table, 0,0034967 secs]2017-07-31T16:16:40.264+0200: 16350,669: [scrub string table, 0,0006455 secs][1 CMS-remark: 240530K(393216K)] 240536K(502464K), 0,0172519 secs] [Times: user=0,03 sys=0,00, real=0,02 secs] 
2017-07-31T16:16:40.265+0200: 16350,669: Total time for which application threads were stopped: 0,0173975 seconds, Stopping threads took: 0,0000314 seconds
2017-07-31T16:16:40.265+0200: 16350,669: [CMS-concurrent-sweep-start]
2017-07-31T16:16:40.294+0200: 16350,698: [CMS-concurrent-sweep: 0,029/0,029 secs] [Times: user=0,02 sys=0,00, real=0,03 secs] 
2017-07-31T16:16:40.294+0200: 16350,698: [CMS-concurrent-reset-start]
2017-07-31T16:16:40.294+0200: 16350,699: [CMS-concurrent-reset: 0,001/0,001 secs] [Times: user=0,00 sys=0,00, real=0,00 secs] 
2017-07-31T16:16:42.294+0200: 16352,698: [GC (CMS Initial Mark) [1 CMS-initial-mark: 240530K(393216K)] 241306K(502464K), 0,0010035 secs] [Times: user=0,01 sys=0,00, real=0,00 secs] 
2017-07-31T16:16:42.295+0200: 16352,699: Total time for which application threads were stopped: 0,0011630 seconds, Stopping threads took: 0,0000233 seconds
2017-07-31T16:16:42.295+0200: 16352,699: [CMS-concurrent-mark-start]
2017-07-31T16:16:42.323+0200: 16352,728: [CMS-concurrent-mark: 0,028/0,028 secs] [Times: user=0,11 sys=0,00, real=0,03 secs] 
2017-07-31T16:16:42.323+0200: 16352,728: [CMS-concurrent-preclean-start]
2017-07-31T16:16:42.324+0200: 16352,729: [CMS-concurrent-preclean: 0,001/0,001 secs] [Times: user=0,00 sys=0,00, real=0,00 secs] 
2017-07-31T16:16:42.325+0200: 16352,729: [GC (CMS Final Remark) [YG occupancy: 776 K (109248 K)]{Heap before GC invocations=429 (full 326):
 par new generation   total 109248K, used 776K [0x00000000e0000000, 0x00000000e8000000, 0x00000000e8000000)
  eden space 87424K,   0% used [0x00000000e0000000, 0x00000000e00c0938, 0x00000000e5560000)
  from space 21824K,   0% used [0x00000000e6ab0000, 0x00000000e6ab1830, 0x00000000e8000000)
  to   space 21824K,   0% used [0x00000000e5560000, 0x00000000e5560000, 0x00000000e6ab0000)
 concurrent mark-sweep generation total 393216K, used 240530K [0x00000000e8000000, 0x0000000100000000, 0x0000000100000000)
 Metaspace       used 32762K, capacity 33224K, committed 33732K, reserved 1079296K
  class space    used 3585K, capacity 3736K, committed 3836K, reserved 1048576K
2017-07-31T16:16:42.325+0200: 16352,729: [GC (CMS Final Remark) 2017-07-31T16:16:42.325+0200: 16352,729: [ParNew
Desired survivor size 20112992 bytes, new threshold 8 (max 8)
- age   1:         64 bytes,         64 total
- age   2:         32 bytes,         96 total
- age   3:         64 bytes,        160 total
- age   4:         32 bytes,        192 total
: 776K->6K(109248K), 0,0030462 secs] 241306K->240536K(502464K), 0,0030894 secs] [Times: user=0,01 sys=0,00, real=0,00 secs] 
Heap after GC invocations=430 (full 326):
 par new generation   total 109248K, used 6K [0x00000000e0000000, 0x00000000e8000000, 0x00000000e8000000)
  eden space 87424K,   0% used [0x00000000e0000000, 0x00000000e0000000, 0x00000000e5560000)
  from space 21824K,   0% used [0x00000000e5560000, 0x00000000e5561830, 0x00000000e6ab0000)
  to   space 21824K,   0% used [0x00000000e6ab0000, 0x00000000e6ab0000, 0x00000000e8000000)
 concurrent mark-sweep generation total 393216K, used 240530K [0x00000000e8000000, 0x0000000100000000, 0x0000000100000000)
 Metaspace       used 32762K, capacity 33224K, committed 33732K, reserved 1079296K
  class space    used 3585K, capacity 3736K, committed 3836K, reserved 1048576K
}
2017-07-31T16:16:42.328+0200: 16352,732: [Rescan (parallel) , 0,0005365 secs]2017-07-31T16:16:42.328+0200: 16352,733: [weak refs processing, 0,0004209 secs]2017-07-31T16:16:42.329+0200: 16352,733: [class unloading, 0,0070539 secs]2017-07-31T16:16:42.336+0200: 16352,740: [scrub symbol table, 0,0036994 secs]2017-07-31T16:16:42.340+0200: 16352,744: [scrub string table, 0,0006257 secs][1 CMS-remark: 240530K(393216K)] 240536K(502464K), 0,0157505 secs] [Times: user=0,02 sys=0,00, real=0,02 secs] 
2017-07-31T16:16:42.340+0200: 16352,745: Total time for which application threads were stopped: 0,0158900 seconds, Stopping threads took: 0,0000328 seconds
2017-07-31T16:16:42.341+0200: 16352,745: [CMS-concurrent-sweep-start]
2017-07-31T16:16:42.368+0200: 16352,772: [CMS-concurrent-sweep: 0,027/0,027 secs] [Times: user=0,03 sys=0,00, real=0,02 secs] 
2017-07-31T16:16:42.368+0200: 16352,772: [CMS-concurrent-reset-start]
2017-07-31T16:16:42.368+0200: 16352,773: [CMS-concurrent-reset: 0,001/0,001 secs] [Times: user=0,00 sys=0,00, real=0,00 secs] 
2017-07-31T16:16:44.368+0200: 16354,772: [GC (CMS Initial Mark) [1 CMS-initial-mark: 240530K(393216K)] 242565K(502464K), 0,0010591 secs] [Times: user=0,00 sys=0,00, real=0,00 secs] 
2017-07-31T16:16:44.369+0200: 16354,773: Total time for which application threads were stopped: 0,0012177 seconds, Stopping threads took: 0,0000323 seconds
2017-07-31T16:16:44.369+0200: 16354,773: [CMS-concurrent-mark-start]
2017-07-31T16:16:44.396+0200: 16354,801: [CMS-concurrent-mark: 0,028/0,028 secs] [Times: user=0,11 sys=0,00, real=0,03 secs] 
2017-07-31T16:16:44.396+0200: 16354,801: [CMS-concurrent-preclean-start]
2017-07-31T16:16:44.398+0200: 16354,803: [CMS-concurrent-preclean: 0,002/0,002 secs] [Times: user=0,00 sys=0,00, real=0,00 secs] 
2017-07-31T16:16:44.398+0200: 16354,803: [GC (CMS Final Remark) [YG occupancy: 2035 K (109248 K)]{Heap before GC invocations=430 (full 327):
 par new generation   total 109248K, used 2035K [0x00000000e0000000, 0x00000000e8000000, 0x00000000e8000000)
  eden space 87424K,   2% used [0x00000000e0000000, 0x00000000e01fb548, 0x00000000e5560000)
  from space 21824K,   0% used [0x00000000e5560000, 0x00000000e5561830, 0x00000000e6ab0000)
  to   space 21824K,   0% used [0x00000000e6ab0000, 0x00000000e6ab0000, 0x00000000e8000000)
 concurrent mark-sweep generation total 393216K, used 240530K [0x00000000e8000000, 0x0000000100000000, 0x0000000100000000)
 Metaspace       used 32762K, capacity 33224K, committed 33732K, reserved 1079296K
  class space    used 3585K, capacity 3736K, committed 3836K, reserved 1048576K
2017-07-31T16:16:44.398+0200: 16354,803: [GC (CMS Final Remark) 2017-07-31T16:16:44.398+0200: 16354,803: [ParNew
Desired survivor size 20112992 bytes, new threshold 8 (max 8)
- age   1:        248 bytes,        248 total
- age   2:         64 bytes,        312 total
- age   3:         32 bytes,        344 total
: 2035K->8K(109248K), 0,0045915 secs] 242565K->240538K(502464K), 0,0046453 secs] [Times: user=0,02 sys=0,00, real=0,01 secs] 
Heap after GC invocations=431 (full 327):
 par new generation   total 109248K, used 8K [0x00000000e0000000, 0x00000000e8000000, 0x00000000e8000000)
  eden space 87424K,   0% used [0x00000000e0000000, 0x00000000e0000000, 0x00000000e5560000)
  from space 21824K,   0% used [0x00000000e6ab0000, 0x00000000e6ab2040, 0x00000000e8000000)
  to   space 21824K,   0% used [0x00000000e5560000, 0x00000000e5560000, 0x00000000e6ab0000)
 concurrent mark-sweep generation total 393216K, used 240530K [0x00000000e8000000, 0x0000000100000000, 0x0000000100000000)
 Metaspace       used 32762K, capacity 33224K, committed 33732K, reserved 1079296K
  class space    used 3585K, capacity 3736K, committed 3836K, reserved 1048576K
}
2017-07-31T16:16:44.403+0200: 16354,808: [Rescan (parallel) , 0,0005223 secs]2017-07-31T16:16:44.404+0200: 16354,808: [weak refs processing, 0,0007003 secs]2017-07-31T16:16:44.404+0200: 16354,809: [class unloading, 0,0081217 secs]2017-07-31T16:16:44.413+0200: 16354,817: [scrub symbol table, 0,0037312 secs]2017-07-31T16:16:44.416+0200: 16354,821: [scrub string table, 0,0006783 secs][1 CMS-remark: 240530K(393216K)] 240538K(502464K), 0,0186992 secs] [Times: user=0,03 sys=0,00, real=0,02 secs] 
2017-07-31T16:16:44.417+0200: 16354,822: Total time for which application threads were stopped: 0,0188513 seconds, Stopping threads took: 0,0000251 seconds
2017-07-31T16:16:44.417+0200: 16354,822: [CMS-concurrent-sweep-start]
2017-07-31T16:16:44.445+0200: 16354,850: [CMS-concurrent-sweep: 0,028/0,028 secs] [Times: user=0,03 sys=0,00, real=0,03 secs] 
2017-07-31T16:16:44.445+0200: 16354,850: [CMS-concurrent-reset-start]
2017-07-31T16:16:44.446+0200: 16354,850: [CMS-concurrent-reset: 0,001/0,001 secs] [Times: user=0,00 sys=0,00, real=0,00 secs] 
2017-07-31T16:16:46.445+0200: 16356,850: [GC (CMS Initial Mark) [1 CMS-initial-mark: 240530K(393216K)] 241308K(502464K), 0,0009882 secs] [Times: user=0,00 sys=0,00, real=0,00 secs] 
2017-07-31T16:16:46.446+0200: 16356,851: Total time for which application threads were stopped: 0,0011469 seconds, Stopping threads took: 0,0000237 seconds
2017-07-31T16:16:46.446+0200: 16356,851: [CMS-concurrent-mark-start]
2017-07-31T16:16:46.476+0200: 16356,880: [CMS-concurrent-mark: 0,029/0,029 secs] [Times: user=0,12 sys=0,00, real=0,03 secs] 
2017-07-31T16:16:46.476+0200: 16356,880: [CMS-concurrent-preclean-start]
2017-07-31T16:16:46.477+0200: 16356,882: [CMS-concurrent-preclean: 0,002/0,002 secs] [Times: user=0,00 sys=0,00, real=0,00 secs] 
2017-07-31T16:16:46.477+0200: 16356,882: [GC (CMS Final Remark) [YG occupancy: 778 K (109248 K)]{Heap before GC invocations=431 (full 328):
 par new generation   total 109248K, used 778K [0x00000000e0000000, 0x00000000e8000000, 0x00000000e8000000)
  eden space 87424K,   0% used [0x00000000e0000000, 0x00000000e00c0938, 0x00000000e5560000)
  from space 21824K,   0% used [0x00000000e6ab0000, 0x00000000e6ab2040, 0x00000000e8000000)
  to   space 21824K,   0% used [0x00000000e5560000, 0x00000000e5560000, 0x00000000e6ab0000)
 concurrent mark-sweep generation total 393216K, used 240530K [0x00000000e8000000, 0x0000000100000000, 0x0000000100000000)
 Metaspace       used 32762K, capacity 33224K, committed 33732K, reserved 1079296K
  class space    used 3585K, capacity 3736K, committed 3836K, reserved 1048576K
2017-07-31T16:16:46.477+0200: 16356,882: [GC (CMS Final Remark) 2017-07-31T16:16:46.477+0200: 16356,882: [ParNew
Desired survivor size 20112992 bytes, new threshold 8 (max 8)
- age   1:         64 bytes,         64 total
- age   2:        248 bytes,        312 total
- age   3:         32 bytes,        344 total
: 778K->8K(109248K), 0,0049272 secs] 241308K->240538K(502464K), 0,0049831 secs] [Times: user=0,01 sys=0,00, real=0,01 secs] 
Heap after GC invocations=432 (full 328):
 par new generation   total 109248K, used 8K [0x00000000e0000000, 0x00000000e8000000, 0x00000000e8000000)
  eden space 87424K,   0% used [0x00000000e0000000, 0x00000000e0000000, 0x00000000e5560000)
  from space 21824K,   0% used [0x00000000e5560000, 0x00000000e5562040, 0x00000000e6ab0000)
  to   space 21824K,   0% used [0x00000000e6ab0000, 0x00000000e6ab0000, 0x00000000e8000000)
 concurrent mark-sweep generation total 393216K, used 240530K [0x00000000e8000000, 0x0000000100000000, 0x0000000100000000)
 Metaspace       used 32762K, capacity 33224K, committed 33732K, reserved 1079296K
  class space    used 3585K, capacity 3736K, committed 3836K, reserved 1048576K
}
2017-07-31T16:16:46.482+0200: 16356,887: [Rescan (parallel) , 0,0005985 secs]2017-07-31T16:16:46.483+0200: 16356,888: [weak refs processing, 0,0004892 secs]2017-07-31T16:16:46.484+0200: 16356,888: [class unloading, 0,0079968 secs]2017-07-31T16:16:46.492+0200: 16356,896: [scrub symbol table, 0,0037435 secs]2017-07-31T16:16:46.495+0200: 16356,900: [scrub string table, 0,0006901 secs][1 CMS-remark: 240530K(393216K)] 240538K(502464K), 0,0187955 secs] [Times: user=0,02 sys=0,00, real=0,02 secs] 
2017-07-31T16:16:46.496+0200: 16356,901: Total time for which application threads were stopped: 0,0189462 seconds, Stopping threads took: 0,0000247 seconds
2017-07-31T16:16:46.496+0200: 16356,901: [CMS-concurrent-sweep-start]
2017-07-31T16:16:46.526+0200: 16356,931: [CMS-concurrent-sweep: 0,030/0,030 secs] [Times: user=0,04 sys=0,00, real=0,03 secs] 
2017-07-31T16:16:46.526+0200: 16356,931: [CMS-concurrent-reset-start]
2017-07-31T16:16:46.527+0200: 16356,931: [CMS-concurrent-reset: 0,001/0,001 secs] [Times: user=0,00 sys=0,00, real=0,00 secs] 
2017-07-31T16:16:48.526+0200: 16358,931: [GC (CMS Initial Mark) [1 CMS-initial-mark: 240530K(393216K)] 242261K(502464K), 0,0009872 secs] [Times: user=0,00 sys=0,00, real=0,00 secs] 
2017-07-31T16:16:48.527+0200: 16358,932: Total time for which application threads were stopped: 0,0011546 seconds, Stopping threads took: 0,0000242 seconds
2017-07-31T16:16:48.527+0200: 16358,932: [CMS-concurrent-mark-start]
2017-07-31T16:16:48.558+0200: 16358,962: [CMS-concurrent-mark: 0,031/0,031 secs] [Times: user=0,12 sys=0,00, real=0,03 secs] 
2017-07-31T16:16:48.558+0200: 16358,962: [CMS-concurrent-preclean-start]
2017-07-31T16:16:48.559+0200: 16358,964: [CMS-concurrent-preclean: 0,001/0,001 secs] [Times: user=0,00 sys=0,00, real=0,00 secs] 
2017-07-31T16:16:48.560+0200: 16358,964: [GC (CMS Final Remark) [YG occupancy: 1731 K (109248 K)]{Heap before GC invocations=432 (full 329):
 par new generation   total 109248K, used 1731K [0x00000000e0000000, 0x00000000e8000000, 0x00000000e8000000)
  eden space 87424K,   1% used [0x00000000e0000000, 0x00000000e01aecd8, 0x00000000e5560000)
  from space 21824K,   0% used [0x00000000e5560000, 0x00000000e5562040, 0x00000000e6ab0000)
  to   space 21824K,   0% used [0x00000000e6ab0000, 0x00000000e6ab0000, 0x00000000e8000000)
 concurrent mark-sweep generation total 393216K, used 240530K [0x00000000e8000000, 0x0000000100000000, 0x0000000100000000)
 Metaspace       used 32762K, capacity 33224K, committed 33732K, reserved 1079296K
  class space    used 3585K, capacity 3736K, committed 3836K, reserved 1048576K
2017-07-31T16:16:48.560+0200: 16358,964: [GC (CMS Final Remark) 2017-07-31T16:16:48.560+0200: 16358,964: [ParNew
Desired survivor size 20112992 bytes, new threshold 8 (max 8)
- age   1:         64 bytes,         64 total
- age   2:         64 bytes,        128 total
- age   3:        216 bytes,        344 total
: 1731K->8K(109248K), 0,0042447 secs] 242261K->240538K(502464K), 0,0043035 secs] [Times: user=0,01 sys=0,00, real=0,01 secs] 
Heap after GC invocations=433 (full 329):
 par new generation   total 109248K, used 8K [0x00000000e0000000, 0x00000000e8000000, 0x00000000e8000000)
  eden space 87424K,   0% used [0x00000000e0000000, 0x00000000e0000000, 0x00000000e5560000)
  from space 21824K,   0% used [0x00000000e6ab0000, 0x00000000e6ab2040, 0x00000000e8000000)
  to   space 21824K,   0% used [0x00000000e5560000, 0x00000000e5560000, 0x00000000e6ab0000)
 concurrent mark-sweep generation total 393216K, used 240530K [0x00000000e8000000, 0x0000000100000000, 0x0000000100000000)
 Metaspace       used 32762K, capacity 33224K, committed 33732K, reserved 1079296K
  class space    used 3585K, capacity 3736K, committed 3836K, reserved 1048576K
}
2017-07-31T16:16:48.564+0200: 16358,968: [Rescan (parallel) , 0,0005202 secs]2017-07-31T16:16:48.565+0200: 16358,969: [weak refs processing, 0,0006157 secs]2017-07-31T16:16:48.565+0200: 16358,970: [class unloading, 0,0076065 secs]2017-07-31T16:16:48.573+0200: 16358,977: [scrub symbol table, 0,0036011 secs]2017-07-31T16:16:48.576+0200: 16358,981: [scrub string table, 0,0006188 secs][1 CMS-remark: 240530K(393216K)] 240538K(502464K), 0,0175698 secs] [Times: user=0,02 sys=0,00, real=0,02 secs] 
2017-07-31T16:16:48.577+0200: 16358,982: Total time for which application threads were stopped: 0,0177145 seconds, Stopping threads took: 0,0000314 seconds
2017-07-31T16:16:48.577+0200: 16358,982: [CMS-concurrent-sweep-start]
2017-07-31T16:16:48.604+0200: 16359,009: [CMS-concurrent-sweep: 0,027/0,027 secs] [Times: user=0,03 sys=0,00, real=0,03 secs] 
2017-07-31T16:16:48.604+0200: 16359,009: [CMS-concurrent-reset-start]
2017-07-31T16:16:48.605+0200: 16359,009: [CMS-concurrent-reset: 0,001/0,001 secs] [Times: user=0,00 sys=0,00, real=0,00 secs] 
2017-07-31T16:16:50.604+0200: 16361,008: [GC (CMS Initial Mark) [1 CMS-initial-mark: 240530K(393216K)] 241119K(502464K), 0,0010105 secs] [Times: user=0,00 sys=0,00, real=0,00 secs] 
2017-07-31T16:16:50.605+0200: 16361,010: Total time for which application threads were stopped: 0,0011952 seconds, Stopping threads took: 0,0000234 seconds
2017-07-31T16:16:50.605+0200: 16361,010: [CMS-concurrent-mark-start]
2017-07-31T16:16:50.635+0200: 16361,039: [CMS-concurrent-mark: 0,029/0,029 secs] [Times: user=0,12 sys=0,00, real=0,03 secs] 
2017-07-31T16:16:50.635+0200: 16361,039: [CMS-concurrent-preclean-start]
2017-07-31T16:16:50.636+0200: 16361,040: [CMS-concurrent-preclean: 0,001/0,001 secs] [Times: user=0,00 sys=0,00, real=0,00 secs] 
2017-07-31T16:16:50.636+0200: 16361,041: [GC (CMS Final Remark) [YG occupancy: 589 K (109248 K)]{Heap before GC invocations=433 (full 330):
 par new generation   total 109248K, used 589K [0x00000000e0000000, 0x00000000e8000000, 0x00000000e8000000)
  eden space 87424K,   0% used [0x00000000e0000000, 0x00000000e00915e8, 0x00000000e5560000)
  from space 21824K,   0% used [0x00000000e6ab0000, 0x00000000e6ab2040, 0x00000000e8000000)
  to   space 21824K,   0% used [0x00000000e5560000, 0x00000000e5560000, 0x00000000e6ab0000)
 concurrent mark-sweep generation total 393216K, used 240530K [0x00000000e8000000, 0x0000000100000000, 0x0000000100000000)
 Metaspace       used 32762K, capacity 33224K, committed 33732K, reserved 1079296K
  class space    used 3585K, capacity 3736K, committed 3836K, reserved 1048576K
2017-07-31T16:16:50.636+0200: 16361,041: [GC (CMS Final Remark) 2017-07-31T16:16:50.636+0200: 16361,041: [ParNew
Desired survivor size 20112992 bytes, new threshold 8 (max 8)
- age   1:         64 bytes,         64 total
- age   2:         64 bytes,        128 total
- age   3:         64 bytes,        192 total
- age   4:        152 bytes,        344 total
: 589K->8K(109248K), 0,0045893 secs] 241119K->240538K(502464K), 0,0046392 secs] [Times: user=0,00 sys=0,00, real=0,01 secs] 
Heap after GC invocations=434 (full 330):
 par new generation   total 109248K, used 8K [0x00000000e0000000, 0x00000000e8000000, 0x00000000e8000000)
  eden space 87424K,   0% used [0x00000000e0000000, 0x00000000e0000000, 0x00000000e5560000)
  from space 21824K,   0% used [0x00000000e5560000, 0x00000000e5562040, 0x00000000e6ab0000)
  to   space 21824K,   0% used [0x00000000e6ab0000, 0x00000000e6ab0000, 0x00000000e8000000)
 concurrent mark-sweep generation total 393216K, used 240530K [0x00000000e8000000, 0x0000000100000000, 0x0000000100000000)
 Metaspace       used 32762K, capacity 33224K, committed 33732K, reserved 1079296K
  class space    used 3585K, capacity 3736K, committed 3836K, reserved 1048576K
}
2017-07-31T16:16:50.641+0200: 16361,045: [Rescan (parallel) , 0,0004650 secs]2017-07-31T16:16:50.642+0200: 16361,046: [weak refs processing, 0,0006160 secs]2017-07-31T16:16:50.642+0200: 16361,047: [class unloading, 0,0075199 secs]2017-07-31T16:16:50.650+0200: 16361,054: [scrub symbol table, 0,0035983 secs]2017-07-31T16:16:50.653+0200: 16361,058: [scrub string table, 0,0006375 secs][1 CMS-remark: 240530K(393216K)] 240538K(502464K), 0,0177527 secs] [Times: user=0,02 sys=0,00, real=0,02 secs] 
2017-07-31T16:16:50.654+0200: 16361,059: Total time for which application threads were stopped: 0,0178966 seconds, Stopping threads took: 0,0000231 seconds
2017-07-31T16:16:50.654+0200: 16361,059: [CMS-concurrent-sweep-start]
2017-07-31T16:16:50.682+0200: 16361,086: [CMS-concurrent-sweep: 0,028/0,028 secs] [Times: user=0,03 sys=0,00, real=0,03 secs] 
2017-07-31T16:16:50.682+0200: 16361,086: [CMS-concurrent-reset-start]
2017-07-31T16:16:50.683+0200: 16361,087: [CMS-concurrent-reset: 0,001/0,001 secs] [Times: user=0,00 sys=0,00, real=0,00 secs] 
2017-07-31T16:16:52.682+0200: 16363,086: [GC (CMS Initial Mark) [1 CMS-initial-mark: 240530K(393216K)] 240981K(502464K), 0,0010968 secs] [Times: user=0,00 sys=0,00, real=0,00 secs] 
2017-07-31T16:16:52.683+0200: 16363,087: Total time for which application threads were stopped: 0,0012467 seconds, Stopping threads took: 0,0000231 seconds
2017-07-31T16:16:52.683+0200: 16363,087: [CMS-concurrent-mark-start]
2017-07-31T16:16:52.710+0200: 16363,114: [CMS-concurrent-mark: 0,027/0,027 secs] [Times: user=0,11 sys=0,00, real=0,02 secs] 
2017-07-31T16:16:52.710+0200: 16363,114: [CMS-concurrent-preclean-start]
2017-07-31T16:16:52.711+0200: 16363,115: [CMS-concurrent-preclean: 0,001/0,001 secs] [Times: user=0,00 sys=0,00, real=0,00 secs] 
2017-07-31T16:16:52.711+0200: 16363,116: [GC (CMS Final Remark) [YG occupancy: 450 K (109248 K)]{Heap before GC invocations=434 (full 331):
 par new generation   total 109248K, used 450K [0x00000000e0000000, 0x00000000e8000000, 0x00000000e8000000)
  eden space 87424K,   0% used [0x00000000e0000000, 0x00000000e006ebb0, 0x00000000e5560000)
  from space 21824K,   0% used [0x00000000e5560000, 0x00000000e5562040, 0x00000000e6ab0000)
  to   space 21824K,   0% used [0x00000000e6ab0000, 0x00000000e6ab0000, 0x00000000e8000000)
 concurrent mark-sweep generation total 393216K, used 240530K [0x00000000e8000000, 0x0000000100000000, 0x0000000100000000)
 Metaspace       used 32762K, capacity 33224K, committed 33732K, reserved 1079296K
  class space    used 3585K, capacity 3736K, committed 3836K, reserved 1048576K
2017-07-31T16:16:52.711+0200: 16363,116: [GC (CMS Final Remark) 2017-07-31T16:16:52.711+0200: 16363,116: [ParNew
Desired survivor size 20112992 bytes, new threshold 8 (max 8)
- age   1:         32 bytes,         32 total
- age   2:         64 bytes,         96 total
- age   3:         64 bytes,        160 total
- age   4:         32 bytes,        192 total
- age   5:        152 bytes,        344 total
: 450K->6K(109248K), 0,0037139 secs] 240981K->240536K(502464K), 0,0037805 secs] [Times: user=0,01 sys=0,00, real=0,01 secs] 
Heap after GC invocations=435 (full 331):
 par new generation   total 109248K, used 6K [0x00000000e0000000, 0x00000000e8000000, 0x00000000e8000000)
  eden space 87424K,   0% used [0x00000000e0000000, 0x00000000e0000000, 0x00000000e5560000)
  from space 21824K,   0% used [0x00000000e6ab0000, 0x00000000e6ab1830, 0x00000000e8000000)
  to   space 21824K,   0% used [0x00000000e5560000, 0x00000000e5560000, 0x00000000e6ab0000)
 concurrent mark-sweep generation total 393216K, used 240530K [0x00000000e8000000, 0x0000000100000000, 0x0000000100000000)
 Metaspace       used 32762K, capacity 33224K, committed 33732K, reserved 1079296K
  class space    used 3585K, capacity 3736K, committed 3836K, reserved 1048576K
}
2017-07-31T16:16:52.715+0200: 16363,120: [Rescan (parallel) , 0,0004362 secs]2017-07-31T16:16:52.716+0200: 16363,120: [weak refs processing, 0,0004715 secs]2017-07-31T16:16:52.716+0200: 16363,121: [class unloading, 0,0069359 secs]2017-07-31T16:16:52.723+0200: 16363,128: [scrub symbol table, 0,0033079 secs]2017-07-31T16:16:52.726+0200: 16363,131: [scrub string table, 0,0005959 secs][1 CMS-remark: 240530K(393216K)] 240536K(502464K), 0,0157795 secs] [Times: user=0,02 sys=0,00, real=0,02 secs] 
2017-07-31T16:16:52.727+0200: 16363,132: Total time for which application threads were stopped: 0,0159159 seconds, Stopping threads took: 0,0000299 seconds
2017-07-31T16:16:52.727+0200: 16363,132: [CMS-concurrent-sweep-start]
2017-07-31T16:16:52.754+0200: 16363,159: [CMS-concurrent-sweep: 0,027/0,027 secs] [Times: user=0,03 sys=0,00, real=0,03 secs] 
2017-07-31T16:16:52.754+0200: 16363,159: [CMS-concurrent-reset-start]
2017-07-31T16:16:52.755+0200: 16363,159: [CMS-concurrent-reset: 0,001/0,001 secs] [Times: user=0,00 sys=0,00, real=0,00 secs] 
2017-07-31T16:16:54.754+0200: 16365,159: [GC (CMS Initial Mark) [1 CMS-initial-mark: 240530K(393216K)] 242513K(502464K), 0,0010142 secs] [Times: user=0,00 sys=0,00, real=0,00 secs] 
2017-07-31T16:16:54.755+0200: 16365,160: Total time for which application threads were stopped: 0,0011746 seconds, Stopping threads took: 0,0000254 seconds
2017-07-31T16:16:54.755+0200: 16365,160: [CMS-concurrent-mark-start]
2017-07-31T16:16:54.789+0200: 16365,194: [CMS-concurrent-mark: 0,034/0,034 secs] [Times: user=0,14 sys=0,00, real=0,03 secs] 
2017-07-31T16:16:54.789+0200: 16365,194: [CMS-concurrent-preclean-start]
2017-07-31T16:16:54.791+0200: 16365,195: [CMS-concurrent-preclean: 0,001/0,001 secs] [Times: user=0,00 sys=0,00, real=0,00 secs] 
2017-07-31T16:16:54.791+0200: 16365,195: [GC (CMS Final Remark) [YG occupancy: 1983 K (109248 K)]{Heap before GC invocations=435 (full 332):
 par new generation   total 109248K, used 1983K [0x00000000e0000000, 0x00000000e8000000, 0x00000000e8000000)
  eden space 87424K,   2% used [0x00000000e0000000, 0x00000000e01ee538, 0x00000000e5560000)
  from space 21824K,   0% used [0x00000000e6ab0000, 0x00000000e6ab1830, 0x00000000e8000000)
  to   space 21824K,   0% used [0x00000000e5560000, 0x00000000e5560000, 0x00000000e6ab0000)
 concurrent mark-sweep generation total 393216K, used 240530K [0x00000000e8000000, 0x0000000100000000, 0x0000000100000000)
 Metaspace       used 32762K, capacity 33224K, committed 33732K, reserved 1079296K
  class space    used 3585K, capacity 3736K, committed 3836K, reserved 1048576K
2017-07-31T16:16:54.791+0200: 16365,196: [GC (CMS Final Remark) 2017-07-31T16:16:54.791+0200: 16365,196: [ParNew
Desired survivor size 20112992 bytes, new threshold 8 (max 8)
- age   1:         96 bytes,         96 total
- age   2:         32 bytes,        128 total
- age   3:         64 bytes,        192 total
- age   6:        152 bytes,        344 total
: 1983K->8K(109248K), 0,0032689 secs] 242513K->240538K(502464K), 0,0033378 secs] [Times: user=0,01 sys=0,00, real=0,01 secs] 
Heap after GC invocations=436 (full 332):
 par new generation   total 109248K, used 8K [0x00000000e0000000, 0x00000000e8000000, 0x00000000e8000000)
  eden space 87424K,   0% used [0x00000000e0000000, 0x00000000e0000000, 0x00000000e5560000)
  from space 21824K,   0% used [0x00000000e5560000, 0x00000000e5562040, 0x00000000e6ab0000)
  to   space 21824K,   0% used [0x00000000e6ab0000, 0x00000000e6ab0000, 0x00000000e8000000)
 concurrent mark-sweep generation total 393216K, used 240530K [0x00000000e8000000, 0x0000000100000000, 0x0000000100000000)
 Metaspace       used 32762K, capacity 33224K, committed 33732K, reserved 1079296K
  class space    used 3585K, capacity 3736K, committed 3836K, reserved 1048576K
}
2017-07-31T16:16:54.794+0200: 16365,199: [Rescan (parallel) , 0,0004954 secs]2017-07-31T16:16:54.795+0200: 16365,199: [weak refs processing, 0,0004385 secs]2017-07-31T16:16:54.795+0200: 16365,200: [class unloading, 0,0081524 secs]2017-07-31T16:16:54.804+0200: 16365,208: [scrub symbol table, 0,0038839 secs]2017-07-31T16:16:54.808+0200: 16365,212: [scrub string table, 0,0007012 secs][1 CMS-remark: 240530K(393216K)] 240538K(502464K), 0,0172939 secs] [Times: user=0,02 sys=0,00, real=0,02 secs] 
2017-07-31T16:16:54.808+0200: 16365,213: Total time for which application threads were stopped: 0,0174492 seconds, Stopping threads took: 0,0000319 seconds
2017-07-31T16:16:54.808+0200: 16365,213: [CMS-concurrent-sweep-start]
2017-07-31T16:16:54.838+0200: 16365,242: [CMS-concurrent-sweep: 0,029/0,029 secs] [Times: user=0,03 sys=0,00, real=0,03 secs] 
2017-07-31T16:16:54.838+0200: 16365,242: [CMS-concurrent-reset-start]
2017-07-31T16:16:54.838+0200: 16365,243: [CMS-concurrent-reset: 0,001/0,001 secs] [Times: user=0,00 sys=0,00, real=0,00 secs] 
2017-07-31T16:16:56.838+0200: 16367,242: [GC (CMS Initial Mark) [1 CMS-initial-mark: 240530K(393216K)] 241308K(502464K), 0,0010602 secs] [Times: user=0,00 sys=0,00, real=0,00 secs] 
2017-07-31T16:16:56.839+0200: 16367,243: Total time for which application threads were stopped: 0,0012207 seconds, Stopping threads took: 0,0000300 seconds
2017-07-31T16:16:56.839+0200: 16367,243: [CMS-concurrent-mark-start]
2017-07-31T16:16:56.866+0200: 16367,270: [CMS-concurrent-mark: 0,027/0,027 secs] [Times: user=0,11 sys=0,00, real=0,03 secs] 
2017-07-31T16:16:56.866+0200: 16367,270: [CMS-concurrent-preclean-start]
2017-07-31T16:16:56.867+0200: 16367,272: [CMS-concurrent-preclean: 0,001/0,001 secs] [Times: user=0,01 sys=0,00, real=0,00 secs] 
2017-07-31T16:16:56.867+0200: 16367,272: [GC (CMS Final Remark) [YG occupancy: 778 K (109248 K)]{Heap before GC invocations=436 (full 333):
 par new generation   total 109248K, used 778K [0x00000000e0000000, 0x00000000e8000000, 0x00000000e8000000)
  eden space 87424K,   0% used [0x00000000e0000000, 0x00000000e00c0938, 0x00000000e5560000)
  from space 21824K,   0% used [0x00000000e5560000, 0x00000000e5562040, 0x00000000e6ab0000)
  to   space 21824K,   0% used [0x00000000e6ab0000, 0x00000000e6ab0000, 0x00000000e8000000)
 concurrent mark-sweep generation total 393216K, used 240530K [0x00000000e8000000, 0x0000000100000000, 0x0000000100000000)
 Metaspace       used 32762K, capacity 33224K, committed 33732K, reserved 1079296K
  class space    used 3585K, capacity 3736K, committed 3836K, reserved 1048576K
2017-07-31T16:16:56.867+0200: 16367,272: [GC (CMS Final Remark) 2017-07-31T16:16:56.867+0200: 16367,272: [ParNew
Desired survivor size 20112992 bytes, new threshold 8 (max 8)
- age   1:         64 bytes,         64 total
- age   2:         96 bytes,        160 total
- age   3:         32 bytes,        192 total
- age   7:        152 bytes,        344 total
: 778K->8K(109248K), 0,0022766 secs] 241308K->240538K(502464K), 0,0023479 secs] [Times: user=0,00 sys=0,00, real=0,00 secs] 
Heap after GC invocations=437 (full 333):
 par new generation   total 109248K, used 8K [0x00000000e0000000, 0x00000000e8000000, 0x00000000e8000000)
  eden space 87424K,   0% used [0x00000000e0000000, 0x00000000e0000000, 0x00000000e5560000)
  from space 21824K,   0% used [0x00000000e6ab0000, 0x00000000e6ab2040, 0x00000000e8000000)
  to   space 21824K,   0% used [0x00000000e5560000, 0x00000000e5560000, 0x00000000e6ab0000)
 concurrent mark-sweep generation total 393216K, used 240530K [0x00000000e8000000, 0x0000000100000000, 0x0000000100000000)
 Metaspace       used 32762K, capacity 33224K, committed 33732K, reserved 1079296K
  class space    used 3585K, capacity 3736K, committed 3836K, reserved 1048576K
}
2017-07-31T16:16:56.870+0200: 16367,274: [Rescan (parallel) , 0,0006807 secs]2017-07-31T16:16:56.870+0200: 16367,275: [weak refs processing, 0,0005315 secs]2017-07-31T16:16:56.871+0200: 16367,275: [class unloading, 0,0078920 secs]2017-07-31T16:16:56.879+0200: 16367,283: [scrub symbol table, 0,0035172 secs]2017-07-31T16:16:56.882+0200: 16367,287: [scrub string table, 0,0006325 secs][1 CMS-remark: 240530K(393216K)] 240538K(502464K), 0,0161058 secs] [Times: user=0,02 sys=0,00, real=0,02 secs] 
2017-07-31T16:16:56.883+0200: 16367,288: Total time for which application threads were stopped: 0,0162328 seconds, Stopping threads took: 0,0000206 seconds
2017-07-31T16:16:56.884+0200: 16367,288: [CMS-concurrent-sweep-start]
2017-07-31T16:16:56.912+0200: 16367,317: [CMS-concurrent-sweep: 0,029/0,029 secs] [Times: user=0,02 sys=0,00, real=0,03 secs] 
2017-07-31T16:16:56.912+0200: 16367,317: [CMS-concurrent-reset-start]
2017-07-31T16:16:56.913+0200: 16367,317: [CMS-concurrent-reset: 0,001/0,001 secs] [Times: user=0,01 sys=0,00, real=0,00 secs] 
2017-07-31T16:16:58.912+0200: 16369,317: [GC (CMS Initial Mark) [1 CMS-initial-mark: 240530K(393216K)] 242515K(502464K), 0,0010514 secs] [Times: user=0,00 sys=0,00, real=0,00 secs] 
2017-07-31T16:16:58.913+0200: 16369,318: Total time for which application threads were stopped: 0,0012120 seconds, Stopping threads took: 0,0000246 seconds
2017-07-31T16:16:58.913+0200: 16369,318: [CMS-concurrent-mark-start]
2017-07-31T16:16:58.946+0200: 16369,351: [CMS-concurrent-mark: 0,033/0,033 secs] [Times: user=0,13 sys=0,00, real=0,03 secs] 
2017-07-31T16:16:58.946+0200: 16369,351: [CMS-concurrent-preclean-start]
2017-07-31T16:16:58.948+0200: 16369,352: [CMS-concurrent-preclean: 0,002/0,002 secs] [Times: user=0,00 sys=0,00, real=0,00 secs] 
2017-07-31T16:16:58.948+0200: 16369,353: [GC (CMS Final Remark) [YG occupancy: 1985 K (109248 K)]{Heap before GC invocations=437 (full 334):
 par new generation   total 109248K, used 1985K [0x00000000e0000000, 0x00000000e8000000, 0x00000000e8000000)
  eden space 87424K,   2% used [0x00000000e0000000, 0x00000000e01ee538, 0x00000000e5560000)
  from space 21824K,   0% used [0x00000000e6ab0000, 0x00000000e6ab2040, 0x00000000e8000000)
  to   space 21824K,   0% used [0x00000000e5560000, 0x00000000e5560000, 0x00000000e6ab0000)
 concurrent mark-sweep generation total 393216K, used 240530K [0x00000000e8000000, 0x0000000100000000, 0x0000000100000000)
 Metaspace       used 32762K, capacity 33224K, committed 33732K, reserved 1079296K
  class space    used 3585K, capacity 3736K, committed 3836K, reserved 1048576K
2017-07-31T16:16:58.948+0200: 16369,353: [GC (CMS Final Remark) 2017-07-31T16:16:58.948+0200: 16369,353: [ParNew
Desired survivor size 20112992 bytes, new threshold 8 (max 8)
- age   1:         96 bytes,         96 total
- age   2:         64 bytes,        160 total
- age   3:         32 bytes,        192 total
- age   8:        152 bytes,        344 total
: 1985K->6K(109248K), 0,0043733 secs] 242515K->240536K(502464K), 0,0044390 secs] [Times: user=0,01 sys=0,00, real=0,01 secs] 
Heap after GC invocations=438 (full 334):
 par new generation   total 109248K, used 6K [0x00000000e0000000, 0x00000000e8000000, 0x00000000e8000000)
  eden space 87424K,   0% used [0x00000000e0000000, 0x00000000e0000000, 0x00000000e5560000)
  from space 21824K,   0% used [0x00000000e5560000, 0x00000000e5561830, 0x00000000e6ab0000)
  to   space 21824K,   0% used [0x00000000e6ab0000, 0x00000000e6ab0000, 0x00000000e8000000)
 concurrent mark-sweep generation total 393216K, used 240530K [0x00000000e8000000, 0x0000000100000000, 0x0000000100000000)
 Metaspace       used 32762K, capacity 33224K, committed 33732K, reserved 1079296K
  class space    used 3585K, capacity 3736K, committed 3836K, reserved 1048576K
}
2017-07-31T16:16:58.953+0200: 16369,357: [Rescan (parallel) , 0,0005314 secs]2017-07-31T16:16:58.953+0200: 16369,358: [weak refs processing, 0,0008661 secs]2017-07-31T16:16:58.954+0200: 16369,358: [class unloading, 0,0078160 secs]2017-07-31T16:16:58.962+0200: 16369,366: [scrub symbol table, 0,0035557 secs]2017-07-31T16:16:58.965+0200: 16369,370: [scrub string table, 0,0006337 secs][1 CMS-remark: 240530K(393216K)] 240536K(502464K), 0,0181160 secs] [Times: user=0,03 sys=0,00, real=0,02 secs] 
2017-07-31T16:16:58.966+0200: 16369,371: Total time for which application threads were stopped: 0,0182925 seconds, Stopping threads took: 0,0000222 seconds
2017-07-31T16:16:58.966+0200: 16369,371: [CMS-concurrent-sweep-start]
2017-07-31T16:16:58.994+0200: 16369,399: [CMS-concurrent-sweep: 0,028/0,028 secs] [Times: user=0,03 sys=0,00, real=0,03 secs] 
2017-07-31T16:16:58.994+0200: 16369,399: [CMS-concurrent-reset-start]
2017-07-31T16:16:58.995+0200: 16369,399: [CMS-concurrent-reset: 0,001/0,001 secs] [Times: user=0,00 sys=0,00, real=0,00 secs] 
2017-07-31T16:17:00.994+0200: 16371,398: [GC (CMS Initial Mark) [1 CMS-initial-mark: 240530K(393216K)] 240863K(502464K), 0,0010094 secs] [Times: user=0,00 sys=0,00, real=0,00 secs] 
2017-07-31T16:17:00.995+0200: 16371,399: Total time for which application threads were stopped: 0,0011704 seconds, Stopping threads took: 0,0000248 seconds
2017-07-31T16:17:00.995+0200: 16371,400: [CMS-concurrent-mark-start]
2017-07-31T16:17:01.032+0200: 16371,437: [CMS-concurrent-mark: 0,037/0,037 secs] [Times: user=0,15 sys=0,00, real=0,04 secs] 
2017-07-31T16:17:01.033+0200: 16371,437: [CMS-concurrent-preclean-start]
2017-07-31T16:17:01.034+0200: 16371,439: [CMS-concurrent-preclean: 0,002/0,002 secs] [Times: user=0,00 sys=0,00, real=0,00 secs] 
2017-07-31T16:17:01.034+0200: 16371,439: [GC (CMS Final Remark) [YG occupancy: 333 K (109248 K)]{Heap before GC invocations=438 (full 335):
 par new generation   total 109248K, used 333K [0x00000000e0000000, 0x00000000e8000000, 0x00000000e8000000)
  eden space 87424K,   0% used [0x00000000e0000000, 0x00000000e0051d88, 0x00000000e5560000)
  from space 21824K,   0% used [0x00000000e5560000, 0x00000000e5561830, 0x00000000e6ab0000)
  to   space 21824K,   0% used [0x00000000e6ab0000, 0x00000000e6ab0000, 0x00000000e8000000)
 concurrent mark-sweep generation total 393216K, used 240530K [0x00000000e8000000, 0x0000000100000000, 0x0000000100000000)
 Metaspace       used 32762K, capacity 33224K, committed 33732K, reserved 1079296K
  class space    used 3585K, capacity 3736K, committed 3836K, reserved 1048576K
2017-07-31T16:17:01.035+0200: 16371,439: [GC (CMS Final Remark) 2017-07-31T16:17:01.035+0200: 16371,439: [ParNew
Desired survivor size 20112992 bytes, new threshold 8 (max 8)
- age   1:         32 bytes,         32 total
- age   2:         96 bytes,        128 total
- age   3:         64 bytes,        192 total
: 333K->6K(109248K), 0,0039172 secs] 240863K->240536K(502464K), 0,0039638 secs] [Times: user=0,01 sys=0,00, real=0,00 secs] 
Heap after GC invocations=439 (full 335):
 par new generation   total 109248K, used 6K [0x00000000e0000000, 0x00000000e8000000, 0x00000000e8000000)
  eden space 87424K,   0% used [0x00000000e0000000, 0x00000000e0000000, 0x00000000e5560000)
  from space 21824K,   0% used [0x00000000e6ab0000, 0x00000000e6ab1830, 0x00000000e8000000)
  to   space 21824K,   0% used [0x00000000e5560000, 0x00000000e5560000, 0x00000000e6ab0000)
 concurrent mark-sweep generation total 393216K, used 240530K [0x00000000e8000000, 0x0000000100000000, 0x0000000100000000)
 Metaspace       used 32762K, capacity 33224K, committed 33732K, reserved 1079296K
  class space    used 3585K, capacity 3736K, committed 3836K, reserved 1048576K
}
2017-07-31T16:17:01.039+0200: 16371,443: [Rescan (parallel) , 0,0004816 secs]2017-07-31T16:17:01.039+0200: 16371,444: [weak refs processing, 0,0005105 secs]2017-07-31T16:17:01.040+0200: 16371,444: [class unloading, 0,0075726 secs]2017-07-31T16:17:01.047+0200: 16371,452: [scrub symbol table, 0,0035328 secs]2017-07-31T16:17:01.051+0200: 16371,455: [scrub string table, 0,0006478 secs][1 CMS-remark: 240530K(393216K)] 240536K(502464K), 0,0169704 secs] [Times: user=0,02 sys=0,00, real=0,01 secs] 
2017-07-31T16:17:01.052+0200: 16371,456: Total time for which application threads were stopped: 0,0171164 seconds, Stopping threads took: 0,0000327 seconds
2017-07-31T16:17:01.052+0200: 16371,456: [CMS-concurrent-sweep-start]
2017-07-31T16:17:01.080+0200: 16371,485: [CMS-concurrent-sweep: 0,029/0,029 secs] [Times: user=0,03 sys=0,00, real=0,04 secs] 
2017-07-31T16:17:01.080+0200: 16371,485: [CMS-concurrent-reset-start]
2017-07-31T16:17:01.081+0200: 16371,485: [CMS-concurrent-reset: 0,001/0,001 secs] [Times: user=0,00 sys=0,00, real=0,00 secs] 
2017-07-31T16:17:03.080+0200: 16373,485: [GC (CMS Initial Mark) [1 CMS-initial-mark: 240530K(393216K)] 242702K(502464K), 0,0007913 secs] [Times: user=0,00 sys=0,00, real=0,00 secs] 
2017-07-31T16:17:03.081+0200: 16373,485: Total time for which application threads were stopped: 0,0009924 seconds, Stopping threads took: 0,0000439 seconds
2017-07-31T16:17:03.081+0200: 16373,486: [CMS-concurrent-mark-start]
2017-07-31T16:17:03.118+0200: 16373,522: [CMS-concurrent-mark: 0,036/0,036 secs] [Times: user=0,15 sys=0,00, real=0,03 secs] 
2017-07-31T16:17:03.118+0200: 16373,522: [CMS-concurrent-preclean-start]
2017-07-31T16:17:03.119+0200: 16373,524: [CMS-concurrent-preclean: 0,002/0,002 secs] [Times: user=0,00 sys=0,00, real=0,00 secs] 
2017-07-31T16:17:03.119+0200: 16373,524: [CMS-concurrent-abortable-preclean-start]
 CMS: abort preclean due to time 2017-07-31T16:17:09.201+0200: 16379,606: [CMS-concurrent-abortable-preclean: 0,077/6,082 secs] [Times: user=0,08 sys=0,00, real=6,09 secs] 
2017-07-31T16:17:09.202+0200: 16379,606: [GC (CMS Final Remark) [YG occupancy: 2753 K (109248 K)]{Heap before GC invocations=439 (full 336):
 par new generation   total 109248K, used 2753K [0x00000000e0000000, 0x00000000e8000000, 0x00000000e8000000)
  eden space 87424K,   3% used [0x00000000e0000000, 0x00000000e02aee70, 0x00000000e5560000)
  from space 21824K,   0% used [0x00000000e6ab0000, 0x00000000e6ab1830, 0x00000000e8000000)
  to   space 21824K,   0% used [0x00000000e5560000, 0x00000000e5560000, 0x00000000e6ab0000)
 concurrent mark-sweep generation total 393216K, used 240530K [0x00000000e8000000, 0x0000000100000000, 0x0000000100000000)
 Metaspace       used 32762K, capacity 33224K, committed 33732K, reserved 1079296K
  class space    used 3585K, capacity 3736K, committed 3836K, reserved 1048576K
2017-07-31T16:17:09.202+0200: 16379,606: [GC (CMS Final Remark) 2017-07-31T16:17:09.202+0200: 16379,606: [ParNew
Desired survivor size 20112992 bytes, new threshold 8 (max 8)
- age   1:        192 bytes,        192 total
: 2753K->6K(109248K), 0,0050266 secs] 243283K->240536K(502464K), 0,0050842 secs] [Times: user=0,01 sys=0,00, real=0,00 secs] 
Heap after GC invocations=440 (full 336):
 par new generation   total 109248K, used 6K [0x00000000e0000000, 0x00000000e8000000, 0x00000000e8000000)
  eden space 87424K,   0% used [0x00000000e0000000, 0x00000000e0000000, 0x00000000e5560000)
  from space 21824K,   0% used [0x00000000e5560000, 0x00000000e5561830, 0x00000000e6ab0000)
  to   space 21824K,   0% used [0x00000000e6ab0000, 0x00000000e6ab0000, 0x00000000e8000000)
 concurrent mark-sweep generation total 393216K, used 240530K [0x00000000e8000000, 0x0000000100000000, 0x0000000100000000)
 Metaspace       used 32762K, capacity 33224K, committed 33732K, reserved 1079296K
  class space    used 3585K, capacity 3736K, committed 3836K, reserved 1048576K
}
2017-07-31T16:17:09.207+0200: 16379,611: [Rescan (parallel) , 0,0005694 secs]2017-07-31T16:17:09.207+0200: 16379,612: [weak refs processing, 0,0008811 secs]2017-07-31T16:17:09.208+0200: 16379,613: [class unloading, 0,0084354 secs]2017-07-31T16:17:09.217+0200: 16379,621: [scrub symbol table, 0,0038357 secs]2017-07-31T16:17:09.221+0200: 16379,625: [scrub string table, 0,0007041 secs][1 CMS-remark: 240530K(393216K)] 240536K(502464K), 0,0198106 secs] [Times: user=0,02 sys=0,01, real=0,02 secs] 
2017-07-31T16:17:09.221+0200: 16379,626: Total time for which application threads were stopped: 0,0199587 seconds, Stopping threads took: 0,0000234 seconds
2017-07-31T16:17:09.222+0200: 16379,626: [CMS-concurrent-sweep-start]
2017-07-31T16:17:09.253+0200: 16379,657: [CMS-concurrent-sweep: 0,031/0,031 secs] [Times: user=0,03 sys=0,00, real=0,03 secs] 
2017-07-31T16:17:09.253+0200: 16379,657: [CMS-concurrent-reset-start]
2017-07-31T16:17:09.253+0200: 16379,658: [CMS-concurrent-reset: 0,001/0,001 secs] [Times: user=0,00 sys=0,00, real=0,00 secs] 
2017-07-31T16:17:11.253+0200: 16381,657: [GC (CMS Initial Mark) [1 CMS-initial-mark: 240530K(393216K)] 241306K(502464K), 0,0009100 secs] [Times: user=0,00 sys=0,00, real=0,00 secs] 
2017-07-31T16:17:11.254+0200: 16381,658: Total time for which application threads were stopped: 0,0010745 seconds, Stopping threads took: 0,0000238 seconds
2017-07-31T16:17:11.254+0200: 16381,658: [CMS-concurrent-mark-start]
2017-07-31T16:17:11.280+0200: 16381,685: [CMS-concurrent-mark: 0,027/0,027 secs] [Times: user=0,10 sys=0,00, real=0,03 secs] 
2017-07-31T16:17:11.280+0200: 16381,685: [CMS-concurrent-preclean-start]
2017-07-31T16:17:11.282+0200: 16381,686: [CMS-concurrent-preclean: 0,002/0,002 secs] [Times: user=0,01 sys=0,00, real=0,00 secs] 
2017-07-31T16:17:11.282+0200: 16381,687: [GC (CMS Final Remark) [YG occupancy: 776 K (109248 K)]{Heap before GC invocations=440 (full 337):
 par new generation   total 109248K, used 776K [0x00000000e0000000, 0x00000000e8000000, 0x00000000e8000000)
  eden space 87424K,   0% used [0x00000000e0000000, 0x00000000e00c0938, 0x00000000e5560000)
  from space 21824K,   0% used [0x00000000e5560000, 0x00000000e5561830, 0x00000000e6ab0000)
  to   space 21824K,   0% used [0x00000000e6ab0000, 0x00000000e6ab0000, 0x00000000e8000000)
 concurrent mark-sweep generation total 393216K, used 240530K [0x00000000e8000000, 0x0000000100000000, 0x0000000100000000)
 Metaspace       used 32762K, capacity 33224K, committed 33732K, reserved 1079296K
  class space    used 3585K, capacity 3736K, committed 3836K, reserved 1048576K
2017-07-31T16:17:11.282+0200: 16381,687: [GC (CMS Final Remark) 2017-07-31T16:17:11.282+0200: 16381,687: [ParNew
Desired survivor size 20112992 bytes, new threshold 8 (max 8)
- age   1:         64 bytes,         64 total
- age   2:        128 bytes,        192 total
: 776K->4K(109248K), 0,0044688 secs] 241306K->240534K(502464K), 0,0045280 secs] [Times: user=0,00 sys=0,00, real=0,00 secs] 
Heap after GC invocations=441 (full 337):
 par new generation   total 109248K, used 4K [0x00000000e0000000, 0x00000000e8000000, 0x00000000e8000000)
  eden space 87424K,   0% used [0x00000000e0000000, 0x00000000e0000000, 0x00000000e5560000)
  from space 21824K,   0% used [0x00000000e6ab0000, 0x00000000e6ab1020, 0x00000000e8000000)
  to   space 21824K,   0% used [0x00000000e5560000, 0x00000000e5560000, 0x00000000e6ab0000)
 concurrent mark-sweep generation total 393216K, used 240530K [0x00000000e8000000, 0x0000000100000000, 0x0000000100000000)
 Metaspace       used 32762K, capacity 33224K, committed 33732K, reserved 1079296K
  class space    used 3585K, capacity 3736K, committed 3836K, reserved 1048576K
}
2017-07-31T16:17:11.287+0200: 16381,691: [Rescan (parallel) , 0,0005037 secs]2017-07-31T16:17:11.287+0200: 16381,692: [weak refs processing, 0,0005316 secs]2017-07-31T16:17:11.288+0200: 16381,692: [class unloading, 0,0082271 secs]2017-07-31T16:17:11.296+0200: 16381,701: [scrub symbol table, 0,0035844 secs]2017-07-31T16:17:11.300+0200: 16381,704: [scrub string table, 0,0006749 secs][1 CMS-remark: 240530K(393216K)] 240534K(502464K), 0,0184104 secs] [Times: user=0,02 sys=0,00, real=0,02 secs] 
2017-07-31T16:17:11.301+0200: 16381,705: Total time for which application threads were stopped: 0,0185515 seconds, Stopping threads took: 0,0000321 seconds
2017-07-31T16:17:11.301+0200: 16381,705: [CMS-concurrent-sweep-start]
2017-07-31T16:17:11.330+0200: 16381,734: [CMS-concurrent-sweep: 0,029/0,029 secs] [Times: user=0,03 sys=0,00, real=0,02 secs] 
2017-07-31T16:17:11.330+0200: 16381,734: [CMS-concurrent-reset-start]
2017-07-31T16:17:11.330+0200: 16381,735: [CMS-concurrent-reset: 0,001/0,001 secs] [Times: user=0,00 sys=0,00, real=0,00 secs] 
2017-07-31T16:17:13.330+0200: 16383,734: [GC (CMS Initial Mark) [1 CMS-initial-mark: 240530K(393216K)] 242257K(502464K), 0,0008145 secs] [Times: user=0,00 sys=0,00, real=0,00 secs] 
2017-07-31T16:17:13.331+0200: 16383,735: Total time for which application threads were stopped: 0,0009824 seconds, Stopping threads took: 0,0000242 seconds
2017-07-31T16:17:13.331+0200: 16383,735: [CMS-concurrent-mark-start]
2017-07-31T16:17:13.358+0200: 16383,762: [CMS-concurrent-mark: 0,027/0,027 secs] [Times: user=0,11 sys=0,00, real=0,03 secs] 
2017-07-31T16:17:13.358+0200: 16383,762: [CMS-concurrent-preclean-start]
2017-07-31T16:17:13.359+0200: 16383,764: [CMS-concurrent-preclean: 0,002/0,002 secs] [Times: user=0,00 sys=0,00, real=0,00 secs] 
2017-07-31T16:17:13.360+0200: 16383,764: [GC (CMS Final Remark) [YG occupancy: 1727 K (109248 K)]{Heap before GC invocations=441 (full 338):
 par new generation   total 109248K, used 1727K [0x00000000e0000000, 0x00000000e8000000, 0x00000000e8000000)
  eden space 87424K,   1% used [0x00000000e0000000, 0x00000000e01aecd8, 0x00000000e5560000)
  from space 21824K,   0% used [0x00000000e6ab0000, 0x00000000e6ab1020, 0x00000000e8000000)
  to   space 21824K,   0% used [0x00000000e5560000, 0x00000000e5560000, 0x00000000e6ab0000)
 concurrent mark-sweep generation total 393216K, used 240530K [0x00000000e8000000, 0x0000000100000000, 0x0000000100000000)
 Metaspace       used 32762K, capacity 33224K, committed 33732K, reserved 1079296K
  class space    used 3585K, capacity 3736K, committed 3836K, reserved 1048576K
2017-07-31T16:17:13.360+0200: 16383,764: [GC (CMS Final Remark) 2017-07-31T16:17:13.360+0200: 16383,764: [ParNew
Desired survivor size 20112992 bytes, new threshold 8 (max 8)
- age   1:         64 bytes,         64 total
- age   2:         64 bytes,        128 total
- age   3:         64 bytes,        192 total
: 1727K->6K(109248K), 0,0042245 secs] 242257K->240536K(502464K), 0,0042698 secs] [Times: user=0,01 sys=0,00, real=0,01 secs] 
Heap after GC invocations=442 (full 338):
 par new generation   total 109248K, used 6K [0x00000000e0000000, 0x00000000e8000000, 0x00000000e8000000)
  eden space 87424K,   0% used [0x00000000e0000000, 0x00000000e0000000, 0x00000000e5560000)
  from space 21824K,   0% used [0x00000000e5560000, 0x00000000e5561830, 0x00000000e6ab0000)
  to   space 21824K,   0% used [0x00000000e6ab0000, 0x00000000e6ab0000, 0x00000000e8000000)
 concurrent mark-sweep generation total 393216K, used 240530K [0x00000000e8000000, 0x0000000100000000, 0x0000000100000000)
 Metaspace       used 32762K, capacity 33224K, committed 33732K, reserved 1079296K
  class space    used 3585K, capacity 3736K, committed 3836K, reserved 1048576K
}
2017-07-31T16:17:13.364+0200: 16383,768: [Rescan (parallel) , 0,0005694 secs]2017-07-31T16:17:13.364+0200: 16383,769: [weak refs processing, 0,0005880 secs]2017-07-31T16:17:13.365+0200: 16383,770: [class unloading, 0,0075106 secs]2017-07-31T16:17:13.373+0200: 16383,777: [scrub symbol table, 0,0035883 secs]2017-07-31T16:17:13.376+0200: 16383,781: [scrub string table, 0,0006583 secs][1 CMS-remark: 240530K(393216K)] 240536K(502464K), 0,0174581 secs] [Times: user=0,03 sys=0,00, real=0,02 secs] 
2017-07-31T16:17:13.377+0200: 16383,782: Total time for which application threads were stopped: 0,0175994 seconds, Stopping threads took: 0,0000301 seconds
2017-07-31T16:17:13.377+0200: 16383,782: [CMS-concurrent-sweep-start]
2017-07-31T16:17:13.406+0200: 16383,810: [CMS-concurrent-sweep: 0,028/0,028 secs] [Times: user=0,03 sys=0,00, real=0,03 secs] 
2017-07-31T16:17:13.406+0200: 16383,810: [CMS-concurrent-reset-start]
2017-07-31T16:17:13.406+0200: 16383,811: [CMS-concurrent-reset: 0,001/0,001 secs] [Times: user=0,00 sys=0,00, real=0,00 secs] 
2017-07-31T16:17:15.405+0200: 16385,810: [GC (CMS Initial Mark) [1 CMS-initial-mark: 240530K(393216K)] 240842K(502464K), 0,0006428 secs] [Times: user=0,00 sys=0,00, real=0,00 secs] 
2017-07-31T16:17:15.406+0200: 16385,811: Total time for which application threads were stopped: 0,0007619 seconds, Stopping threads took: 0,0000197 seconds
2017-07-31T16:17:15.406+0200: 16385,811: [CMS-concurrent-mark-start]
2017-07-31T16:17:15.426+0200: 16385,830: [CMS-concurrent-mark: 0,020/0,020 secs] [Times: user=0,08 sys=0,00, real=0,02 secs] 
2017-07-31T16:17:15.426+0200: 16385,830: [CMS-concurrent-preclean-start]
2017-07-31T16:17:15.427+0200: 16385,832: [CMS-concurrent-preclean: 0,001/0,001 secs] [Times: user=0,00 sys=0,00, real=0,00 secs] 
2017-07-31T16:17:15.427+0200: 16385,832: [GC (CMS Final Remark) [YG occupancy: 312 K (109248 K)]{Heap before GC invocations=442 (full 339):
 par new generation   total 109248K, used 312K [0x00000000e0000000, 0x00000000e8000000, 0x00000000e8000000)
  eden space 87424K,   0% used [0x00000000e0000000, 0x00000000e004c870, 0x00000000e5560000)
  from space 21824K,   0% used [0x00000000e5560000, 0x00000000e5561830, 0x00000000e6ab0000)
  to   space 21824K,   0% used [0x00000000e6ab0000, 0x00000000e6ab0000, 0x00000000e8000000)
 concurrent mark-sweep generation total 393216K, used 240530K [0x00000000e8000000, 0x0000000100000000, 0x0000000100000000)
 Metaspace       used 32762K, capacity 33224K, committed 33732K, reserved 1079296K
  class space    used 3585K, capacity 3736K, committed 3836K, reserved 1048576K
2017-07-31T16:17:15.427+0200: 16385,832: [GC (CMS Final Remark) 2017-07-31T16:17:15.427+0200: 16385,832: [ParNew
Desired survivor size 20112992 bytes, new threshold 8 (max 8)
- age   1:        184 bytes,        184 total
- age   2:         64 bytes,        248 total
- age   3:         64 bytes,        312 total
- age   4:         32 bytes,        344 total
: 312K->4K(109248K), 0,0030644 secs] 240842K->240534K(502464K), 0,0030988 secs] [Times: user=0,00 sys=0,00, real=0,00 secs] 
Heap after GC invocations=443 (full 339):
 par new generation   total 109248K, used 4K [0x00000000e0000000, 0x00000000e8000000, 0x00000000e8000000)
  eden space 87424K,   0% used [0x00000000e0000000, 0x00000000e0000000, 0x00000000e5560000)
  from space 21824K,   0% used [0x00000000e6ab0000, 0x00000000e6ab1020, 0x00000000e8000000)
  to   space 21824K,   0% used [0x00000000e5560000, 0x00000000e5560000, 0x00000000e6ab0000)
 concurrent mark-sweep generation total 393216K, used 240530K [0x00000000e8000000, 0x0000000100000000, 0x0000000100000000)
 Metaspace       used 32762K, capacity 33224K, committed 33732K, reserved 1079296K
  class space    used 3585K, capacity 3736K, committed 3836K, reserved 1048576K
}
2017-07-31T16:17:15.430+0200: 16385,835: [Rescan (parallel) , 0,0003449 secs]2017-07-31T16:17:15.431+0200: 16385,835: [weak refs processing, 0,0002993 secs]2017-07-31T16:17:15.431+0200: 16385,835: [class unloading, 0,0057965 secs]2017-07-31T16:17:15.437+0200: 16385,841: [scrub symbol table, 0,0030434 secs]2017-07-31T16:17:15.440+0200: 16385,844: [scrub string table, 0,0006013 secs][1 CMS-remark: 240530K(393216K)] 240534K(502464K), 0,0134726 secs] [Times: user=0,02 sys=0,00, real=0,02 secs] 
2017-07-31T16:17:15.441+0200: 16385,845: Total time for which application threads were stopped: 0,0135970 seconds, Stopping threads took: 0,0000263 seconds
2017-07-31T16:17:15.441+0200: 16385,845: [CMS-concurrent-sweep-start]
2017-07-31T16:17:15.464+0200: 16385,868: [CMS-concurrent-sweep: 0,023/0,023 secs] [Times: user=0,02 sys=0,00, real=0,02 secs] 
2017-07-31T16:17:15.464+0200: 16385,868: [CMS-concurrent-reset-start]
2017-07-31T16:17:15.464+0200: 16385,869: [CMS-concurrent-reset: 0,000/0,000 secs] [Times: user=0,00 sys=0,00, real=0,00 secs] 
2017-07-31T16:17:17.463+0200: 16387,868: [GC (CMS Initial Mark) [1 CMS-initial-mark: 240530K(393216K)] 241304K(502464K), 0,0008146 secs] [Times: user=0,00 sys=0,00, real=0,00 secs] 
2017-07-31T16:17:17.464+0200: 16387,869: Total time for which application threads were stopped: 0,0009549 seconds, Stopping threads took: 0,0000209 seconds
2017-07-31T16:17:17.464+0200: 16387,869: [CMS-concurrent-mark-start]
2017-07-31T16:17:17.486+0200: 16387,891: [CMS-concurrent-mark: 0,022/0,022 secs] [Times: user=0,09 sys=0,00, real=0,02 secs] 
2017-07-31T16:17:17.486+0200: 16387,891: [CMS-concurrent-preclean-start]
2017-07-31T16:17:17.487+0200: 16387,892: [CMS-concurrent-preclean: 0,001/0,001 secs] [Times: user=0,00 sys=0,00, real=0,00 secs] 
2017-07-31T16:17:17.487+0200: 16387,892: [GC (CMS Final Remark) [YG occupancy: 774 K (109248 K)]{Heap before GC invocations=443 (full 340):
 par new generation   total 109248K, used 774K [0x00000000e0000000, 0x00000000e8000000, 0x00000000e8000000)
  eden space 87424K,   0% used [0x00000000e0000000, 0x00000000e00c0938, 0x00000000e5560000)
  from space 21824K,   0% used [0x00000000e6ab0000, 0x00000000e6ab1020, 0x00000000e8000000)
  to   space 21824K,   0% used [0x00000000e5560000, 0x00000000e5560000, 0x00000000e6ab0000)
 concurrent mark-sweep generation total 393216K, used 240530K [0x00000000e8000000, 0x0000000100000000, 0x0000000100000000)
 Metaspace       used 32762K, capacity 33224K, committed 33732K, reserved 1079296K
  class space    used 3585K, capacity 3736K, committed 3836K, reserved 1048576K
2017-07-31T16:17:17.487+0200: 16387,892: [GC (CMS Final Remark) 2017-07-31T16:17:17.488+0200: 16387,892: [ParNew
Desired survivor size 20112992 bytes, new threshold 8 (max 8)
- age   1:         64 bytes,         64 total
- age   2:        184 bytes,        248 total
- age   3:         64 bytes,        312 total
- age   4:         32 bytes,        344 total
: 774K->6K(109248K), 0,0020828 secs] 241304K->240536K(502464K), 0,0021242 secs] [Times: user=0,01 sys=0,00, real=0,00 secs] 
Heap after GC invocations=444 (full 340):
 par new generation   total 109248K, used 6K [0x00000000e0000000, 0x00000000e8000000, 0x00000000e8000000)
  eden space 87424K,   0% used [0x00000000e0000000, 0x00000000e0000000, 0x00000000e5560000)
  from space 21824K,   0% used [0x00000000e5560000, 0x00000000e5561830, 0x00000000e6ab0000)
  to   space 21824K,   0% used [0x00000000e6ab0000, 0x00000000e6ab0000, 0x00000000e8000000)
 concurrent mark-sweep generation total 393216K, used 240530K [0x00000000e8000000, 0x0000000100000000, 0x0000000100000000)
 Metaspace       used 32762K, capacity 33224K, committed 33732K, reserved 1079296K
  class space    used 3585K, capacity 3736K, committed 3836K, reserved 1048576K
}
2017-07-31T16:17:17.490+0200: 16387,894: [Rescan (parallel) , 0,0005856 secs]2017-07-31T16:17:17.490+0200: 16387,895: [weak refs processing, 0,0003539 secs]2017-07-31T16:17:17.491+0200: 16387,895: [class unloading, 0,0060824 secs]2017-07-31T16:17:17.497+0200: 16387,901: [scrub symbol table, 0,0030163 secs]2017-07-31T16:17:17.500+0200: 16387,904: [scrub string table, 0,0005222 secs][1 CMS-remark: 240530K(393216K)] 240536K(502464K), 0,0129839 secs] [Times: user=0,02 sys=0,00, real=0,02 secs] 
2017-07-31T16:17:17.500+0200: 16387,905: Total time for which application threads were stopped: 0,0130968 seconds, Stopping threads took: 0,0000225 seconds
2017-07-31T16:17:17.501+0200: 16387,905: [CMS-concurrent-sweep-start]
2017-07-31T16:17:17.523+0200: 16387,927: [CMS-concurrent-sweep: 0,022/0,022 secs] [Times: user=0,02 sys=0,00, real=0,02 secs] 
2017-07-31T16:17:17.523+0200: 16387,927: [CMS-concurrent-reset-start]
2017-07-31T16:17:17.524+0200: 16387,928: [CMS-concurrent-reset: 0,000/0,000 secs] [Times: user=0,00 sys=0,00, real=0,00 secs] 
2017-07-31T16:17:19.523+0200: 16389,927: [GC (CMS Initial Mark) [1 CMS-initial-mark: 240530K(393216K)] 242513K(502464K), 0,0008093 secs] [Times: user=0,00 sys=0,00, real=0,00 secs] 
2017-07-31T16:17:19.524+0200: 16389,928: Total time for which application threads were stopped: 0,0009980 seconds, Stopping threads took: 0,0000346 seconds
2017-07-31T16:17:19.524+0200: 16389,928: [CMS-concurrent-mark-start]
2017-07-31T16:17:19.548+0200: 16389,953: [CMS-concurrent-mark: 0,025/0,025 secs] [Times: user=0,09 sys=0,00, real=0,02 secs] 
2017-07-31T16:17:19.548+0200: 16389,953: [CMS-concurrent-preclean-start]
2017-07-31T16:17:19.550+0200: 16389,954: [CMS-concurrent-preclean: 0,001/0,001 secs] [Times: user=0,01 sys=0,00, real=0,00 secs] 
2017-07-31T16:17:19.550+0200: 16389,954: [GC (CMS Final Remark) [YG occupancy: 1983 K (109248 K)]{Heap before GC invocations=444 (full 341):
 par new generation   total 109248K, used 1983K [0x00000000e0000000, 0x00000000e8000000, 0x00000000e8000000)
  eden space 87424K,   2% used [0x00000000e0000000, 0x00000000e01ee538, 0x00000000e5560000)
  from space 21824K,   0% used [0x00000000e5560000, 0x00000000e5561830, 0x00000000e6ab0000)
  to   space 21824K,   0% used [0x00000000e6ab0000, 0x00000000e6ab0000, 0x00000000e8000000)
 concurrent mark-sweep generation total 393216K, used 240530K [0x00000000e8000000, 0x0000000100000000, 0x0000000100000000)
 Metaspace       used 32762K, capacity 33224K, committed 33732K, reserved 1079296K
  class space    used 3585K, capacity 3736K, committed 3836K, reserved 1048576K
2017-07-31T16:17:19.550+0200: 16389,955: [GC (CMS Final Remark) 2017-07-31T16:17:19.550+0200: 16389,955: [ParNew
Desired survivor size 20112992 bytes, new threshold 8 (max 8)
- age   1:         96 bytes,         96 total
- age   2:         64 bytes,        160 total
- age   3:        184 bytes,        344 total
: 1983K->8K(109248K), 0,0021855 secs] 242513K->240538K(502464K), 0,0022285 secs] [Times: user=0,00 sys=0,00, real=0,01 secs] 
Heap after GC invocations=445 (full 341):
 par new generation   total 109248K, used 8K [0x00000000e0000000, 0x00000000e8000000, 0x00000000e8000000)
  eden space 87424K,   0% used [0x00000000e0000000, 0x00000000e0000000, 0x00000000e5560000)
  from space 21824K,   0% used [0x00000000e6ab0000, 0x00000000e6ab2040, 0x00000000e8000000)
  to   space 21824K,   0% used [0x00000000e5560000, 0x00000000e5560000, 0x00000000e6ab0000)
 concurrent mark-sweep generation total 393216K, used 240530K [0x00000000e8000000, 0x0000000100000000, 0x0000000100000000)
 Metaspace       used 32762K, capacity 33224K, committed 33732K, reserved 1079296K
  class space    used 3585K, capacity 3736K, committed 3836K, reserved 1048576K
}
2017-07-31T16:17:19.552+0200: 16389,957: [Rescan (parallel) , 0,0004528 secs]2017-07-31T16:17:19.553+0200: 16389,957: [weak refs processing, 0,0004764 secs]2017-07-31T16:17:19.553+0200: 16389,958: [class unloading, 0,0072516 secs]2017-07-31T16:17:19.561+0200: 16389,965: [scrub symbol table, 0,0033296 secs]2017-07-31T16:17:19.564+0200: 16389,968: [scrub string table, 0,0006238 secs][1 CMS-remark: 240530K(393216K)] 240538K(502464K), 0,0146969 secs] [Times: user=0,01 sys=0,00, real=0,02 secs] 
2017-07-31T16:17:19.565+0200: 16389,969: Total time for which application threads were stopped: 0,0148304 seconds, Stopping threads took: 0,0000282 seconds
2017-07-31T16:17:19.565+0200: 16389,969: [CMS-concurrent-sweep-start]
2017-07-31T16:17:19.594+0200: 16389,999: [CMS-concurrent-sweep: 0,029/0,029 secs] [Times: user=0,03 sys=0,00, real=0,03 secs] 
2017-07-31T16:17:19.594+0200: 16389,999: [CMS-concurrent-reset-start]
2017-07-31T16:17:19.595+0200: 16389,999: [CMS-concurrent-reset: 0,001/0,001 secs] [Times: user=0,00 sys=0,00, real=0,00 secs] 
2017-07-31T16:17:21.594+0200: 16391,999: [GC (CMS Initial Mark) [1 CMS-initial-mark: 240530K(393216K)] 241308K(502464K), 0,0007461 secs] [Times: user=0,00 sys=0,00, real=0,00 secs] 
2017-07-31T16:17:21.595+0200: 16391,999: Total time for which application threads were stopped: 0,0009270 seconds, Stopping threads took: 0,0000239 seconds
2017-07-31T16:17:21.595+0200: 16392,000: [CMS-concurrent-mark-start]
2017-07-31T16:17:21.621+0200: 16392,025: [CMS-concurrent-mark: 0,026/0,026 secs] [Times: user=0,11 sys=0,00, real=0,03 secs] 
2017-07-31T16:17:21.621+0200: 16392,025: [CMS-concurrent-preclean-start]
2017-07-31T16:17:21.622+0200: 16392,027: [CMS-concurrent-preclean: 0,001/0,001 secs] [Times: user=0,00 sys=0,00, real=0,00 secs] 
2017-07-31T16:17:21.622+0200: 16392,027: [GC (CMS Final Remark) [YG occupancy: 778 K (109248 K)]{Heap before GC invocations=445 (full 342):
 par new generation   total 109248K, used 778K [0x00000000e0000000, 0x00000000e8000000, 0x00000000e8000000)
  eden space 87424K,   0% used [0x00000000e0000000, 0x00000000e00c0938, 0x00000000e5560000)
  from space 21824K,   0% used [0x00000000e6ab0000, 0x00000000e6ab2040, 0x00000000e8000000)
  to   space 21824K,   0% used [0x00000000e5560000, 0x00000000e5560000, 0x00000000e6ab0000)
 concurrent mark-sweep generation total 393216K, used 240530K [0x00000000e8000000, 0x0000000100000000, 0x0000000100000000)
 Metaspace       used 32762K, capacity 33224K, committed 33732K, reserved 1079296K
  class space    used 3585K, capacity 3736K, committed 3836K, reserved 1048576K
2017-07-31T16:17:21.622+0200: 16392,027: [GC (CMS Final Remark) 2017-07-31T16:17:21.623+0200: 16392,027: [ParNew
Desired survivor size 20112992 bytes, new threshold 8 (max 8)
- age   1:         64 bytes,         64 total
- age   2:         96 bytes,        160 total
- age   3:         32 bytes,        192 total
- age   4:        152 bytes,        344 total
: 778K->8K(109248K), 0,0031328 secs] 241308K->240538K(502464K), 0,0031819 secs] [Times: user=0,00 sys=0,01, real=0,00 secs] 
Heap after GC invocations=446 (full 342):
 par new generation   total 109248K, used 8K [0x00000000e0000000, 0x00000000e8000000, 0x00000000e8000000)
  eden space 87424K,   0% used [0x00000000e0000000, 0x00000000e0000000, 0x00000000e5560000)
  from space 21824K,   0% used [0x00000000e5560000, 0x00000000e5562040, 0x00000000e6ab0000)
  to   space 21824K,   0% used [0x00000000e6ab0000, 0x00000000e6ab0000, 0x00000000e8000000)
 concurrent mark-sweep generation total 393216K, used 240530K [0x00000000e8000000, 0x0000000100000000, 0x0000000100000000)
 Metaspace       used 32762K, capacity 33224K, committed 33732K, reserved 1079296K
  class space    used 3585K, capacity 3736K, committed 3836K, reserved 1048576K
}
2017-07-31T16:17:21.626+0200: 16392,030: [Rescan (parallel) , 0,0005613 secs]2017-07-31T16:17:21.626+0200: 16392,031: [weak refs processing, 0,0004506 secs]2017-07-31T16:17:21.627+0200: 16392,031: [class unloading, 0,0078076 secs]2017-07-31T16:17:21.635+0200: 16392,039: [scrub symbol table, 0,0036252 secs]2017-07-31T16:17:21.638+0200: 16392,043: [scrub string table, 0,0006619 secs][1 CMS-remark: 240530K(393216K)] 240538K(502464K), 0,0165615 secs] [Times: user=0,02 sys=0,01, real=0,01 secs] 
2017-07-31T16:17:21.639+0200: 16392,044: Total time for which application threads were stopped: 0,0167098 seconds, Stopping threads took: 0,0000257 seconds
2017-07-31T16:17:21.639+0200: 16392,044: [CMS-concurrent-sweep-start]
2017-07-31T16:17:21.667+0200: 16392,071: [CMS-concurrent-sweep: 0,028/0,028 secs] [Times: user=0,03 sys=0,00, real=0,03 secs] 
2017-07-31T16:17:21.667+0200: 16392,071: [CMS-concurrent-reset-start]
2017-07-31T16:17:21.668+0200: 16392,072: [CMS-concurrent-reset: 0,001/0,001 secs] [Times: user=0,00 sys=0,00, real=0,00 secs] 
2017-07-31T16:17:23.667+0200: 16394,071: [GC (CMS Initial Mark) [1 CMS-initial-mark: 240530K(393216K)] 242515K(502464K), 0,0011197 secs] [Times: user=0,00 sys=0,00, real=0,00 secs] 
2017-07-31T16:17:23.668+0200: 16394,072: Total time for which application threads were stopped: 0,0013380 seconds, Stopping threads took: 0,0000240 seconds
2017-07-31T16:17:23.668+0200: 16394,073: [CMS-concurrent-mark-start]
2017-07-31T16:17:23.694+0200: 16394,098: [CMS-concurrent-mark: 0,026/0,026 secs] [Times: user=0,10 sys=0,00, real=0,03 secs] 
2017-07-31T16:17:23.694+0200: 16394,098: [CMS-concurrent-preclean-start]
2017-07-31T16:17:23.695+0200: 16394,100: [CMS-concurrent-preclean: 0,001/0,001 secs] [Times: user=0,00 sys=0,00, real=0,00 secs] 
2017-07-31T16:17:23.695+0200: 16394,100: [GC (CMS Final Remark) [YG occupancy: 1985 K (109248 K)]{Heap before GC invocations=446 (full 343):
 par new generation   total 109248K, used 1985K [0x00000000e0000000, 0x00000000e8000000, 0x00000000e8000000)
  eden space 87424K,   2% used [0x00000000e0000000, 0x00000000e01ee538, 0x00000000e5560000)
  from space 21824K,   0% used [0x00000000e5560000, 0x00000000e5562040, 0x00000000e6ab0000)
  to   space 21824K,   0% used [0x00000000e6ab0000, 0x00000000e6ab0000, 0x00000000e8000000)
 concurrent mark-sweep generation total 393216K, used 240530K [0x00000000e8000000, 0x0000000100000000, 0x0000000100000000)
 Metaspace       used 32762K, capacity 33224K, committed 33732K, reserved 1079296K
  class space    used 3585K, capacity 3736K, committed 3836K, reserved 1048576K
2017-07-31T16:17:23.695+0200: 16394,100: [GC (CMS Final Remark) 2017-07-31T16:17:23.695+0200: 16394,100: [ParNew
Desired survivor size 20112992 bytes, new threshold 8 (max 8)
- age   1:         96 bytes,         96 total
- age   2:         64 bytes,        160 total
- age   3:         32 bytes,        192 total
- age   5:        152 bytes,        344 total
: 1985K->8K(109248K), 0,0036053 secs] 242515K->240538K(502464K), 0,0036563 secs] [Times: user=0,01 sys=0,00, real=0,00 secs] 
Heap after GC invocations=447 (full 343):
 par new generation   total 109248K, used 8K [0x00000000e0000000, 0x00000000e8000000, 0x00000000e8000000)
  eden space 87424K,   0% used [0x00000000e0000000, 0x00000000e0000000, 0x00000000e5560000)
  from space 21824K,   0% used [0x00000000e6ab0000, 0x00000000e6ab2040, 0x00000000e8000000)
  to   space 21824K,   0% used [0x00000000e5560000, 0x00000000e5560000, 0x00000000e6ab0000)
 concurrent mark-sweep generation total 393216K, used 240530K [0x00000000e8000000, 0x0000000100000000, 0x0000000100000000)
 Metaspace       used 32762K, capacity 33224K, committed 33732K, reserved 1079296K
  class space    used 3585K, capacity 3736K, committed 3836K, reserved 1048576K
}
2017-07-31T16:17:23.699+0200: 16394,104: [Rescan (parallel) , 0,0005448 secs]2017-07-31T16:17:23.700+0200: 16394,104: [weak refs processing, 0,0005025 secs]2017-07-31T16:17:23.700+0200: 16394,105: [class unloading, 0,0078176 secs]2017-07-31T16:17:23.708+0200: 16394,113: [scrub symbol table, 0,0035223 secs]2017-07-31T16:17:23.712+0200: 16394,116: [scrub string table, 0,0006556 secs][1 CMS-remark: 240530K(393216K)] 240538K(502464K), 0,0169616 secs] [Times: user=0,02 sys=0,00, real=0,02 secs] 
2017-07-31T16:17:23.712+0200: 16394,117: Total time for which application threads were stopped: 0,0171058 seconds, Stopping threads took: 0,0000252 seconds
2017-07-31T16:17:23.712+0200: 16394,117: [CMS-concurrent-sweep-start]
2017-07-31T16:17:23.740+0200: 16394,145: [CMS-concurrent-sweep: 0,028/0,028 secs] [Times: user=0,03 sys=0,00, real=0,03 secs] 
2017-07-31T16:17:23.740+0200: 16394,145: [CMS-concurrent-reset-start]
2017-07-31T16:17:23.741+0200: 16394,145: [CMS-concurrent-reset: 0,001/0,001 secs] [Times: user=0,00 sys=0,00, real=0,00 secs] 
2017-07-31T16:17:25.740+0200: 16396,145: [GC (CMS Initial Mark) [1 CMS-initial-mark: 240530K(393216K)] 240865K(502464K), 0,0010759 secs] [Times: user=0,01 sys=0,00, real=0,00 secs] 
2017-07-31T16:17:25.741+0200: 16396,146: Total time for which application threads were stopped: 0,0012360 seconds, Stopping threads took: 0,0000246 seconds
2017-07-31T16:17:25.741+0200: 16396,146: [CMS-concurrent-mark-start]
2017-07-31T16:17:25.766+0200: 16396,171: [CMS-concurrent-mark: 0,025/0,025 secs] [Times: user=0,09 sys=0,00, real=0,02 secs] 
2017-07-31T16:17:25.766+0200: 16396,171: [CMS-concurrent-preclean-start]
2017-07-31T16:17:25.768+0200: 16396,172: [CMS-concurrent-preclean: 0,001/0,001 secs] [Times: user=0,01 sys=0,00, real=0,00 secs] 
2017-07-31T16:17:25.768+0200: 16396,173: [GC (CMS Final Remark) [YG occupancy: 335 K (109248 K)]{Heap before GC invocations=447 (full 344):
 par new generation   total 109248K, used 335K [0x00000000e0000000, 0x00000000e8000000, 0x00000000e8000000)
  eden space 87424K,   0% used [0x00000000e0000000, 0x00000000e0051d88, 0x00000000e5560000)
  from space 21824K,   0% used [0x00000000e6ab0000, 0x00000000e6ab2040, 0x00000000e8000000)
  to   space 21824K,   0% used [0x00000000e5560000, 0x00000000e5560000, 0x00000000e6ab0000)
 concurrent mark-sweep generation total 393216K, used 240530K [0x00000000e8000000, 0x0000000100000000, 0x0000000100000000)
 Metaspace       used 32762K, capacity 33224K, committed 33732K, reserved 1079296K
  class space    used 3585K, capacity 3736K, committed 3836K, reserved 1048576K
2017-07-31T16:17:25.768+0200: 16396,173: [GC (CMS Final Remark) 2017-07-31T16:17:25.768+0200: 16396,173: [ParNew
Desired survivor size 20112992 bytes, new threshold 8 (max 8)
- age   1:         32 bytes,         32 total
- age   2:         96 bytes,        128 total
- age   3:         64 bytes,        192 total
- age   6:        152 bytes,        344 total
: 335K->6K(109248K), 0,0034818 secs] 240865K->240536K(502464K), 0,0035474 secs] [Times: user=0,00 sys=0,00, real=0,00 secs] 
Heap after GC invocations=448 (full 344):
 par new generation   total 109248K, used 6K [0x00000000e0000000, 0x00000000e8000000, 0x00000000e8000000)
  eden space 87424K,   0% used [0x00000000e0000000, 0x00000000e0000000, 0x00000000e5560000)
  from space 21824K,   0% used [0x00000000e5560000, 0x00000000e5561830, 0x00000000e6ab0000)
  to   space 21824K,   0% used [0x00000000e6ab0000, 0x00000000e6ab0000, 0x00000000e8000000)
 concurrent mark-sweep generation total 393216K, used 240530K [0x00000000e8000000, 0x0000000100000000, 0x0000000100000000)
 Metaspace       used 32762K, capacity 33224K, committed 33732K, reserved 1079296K
  class space    used 3585K, capacity 3736K, committed 3836K, reserved 1048576K
}
2017-07-31T16:17:25.772+0200: 16396,176: [Rescan (parallel) , 0,0005704 secs]2017-07-31T16:17:25.772+0200: 16396,177: [weak refs processing, 0,0004664 secs]2017-07-31T16:17:25.773+0200: 16396,177: [class unloading, 0,0078241 secs]2017-07-31T16:17:25.781+0200: 16396,185: [scrub symbol table, 0,0038863 secs]2017-07-31T16:17:25.785+0200: 16396,189: [scrub string table, 0,0006599 secs][1 CMS-remark: 240530K(393216K)] 240536K(502464K), 0,0173376 secs] [Times: user=0,02 sys=0,00, real=0,02 secs] 
2017-07-31T16:17:25.785+0200: 16396,190: Total time for which application threads were stopped: 0,0175272 seconds, Stopping threads took: 0,0000251 seconds
2017-07-31T16:17:25.786+0200: 16396,190: [CMS-concurrent-sweep-start]
2017-07-31T16:17:25.814+0200: 16396,219: [CMS-concurrent-sweep: 0,029/0,029 secs] [Times: user=0,03 sys=0,00, real=0,03 secs] 
2017-07-31T16:17:25.815+0200: 16396,219: [CMS-concurrent-reset-start]
2017-07-31T16:17:25.815+0200: 16396,220: [CMS-concurrent-reset: 0,001/0,001 secs] [Times: user=0,00 sys=0,00, real=0,00 secs] 
2017-07-31T16:17:27.814+0200: 16398,219: [GC (CMS Initial Mark) [1 CMS-initial-mark: 240530K(393216K)] 240979K(502464K), 0,0009058 secs] [Times: user=0,00 sys=0,00, real=0,00 secs] 
2017-07-31T16:17:27.815+0200: 16398,220: Total time for which application threads were stopped: 0,0010699 seconds, Stopping threads took: 0,0000243 seconds
2017-07-31T16:17:27.815+0200: 16398,220: [CMS-concurrent-mark-start]
2017-07-31T16:17:27.845+0200: 16398,249: [CMS-concurrent-mark: 0,029/0,029 secs] [Times: user=0,11 sys=0,00, real=0,03 secs] 
2017-07-31T16:17:27.845+0200: 16398,249: [CMS-concurrent-preclean-start]
2017-07-31T16:17:27.846+0200: 16398,250: [CMS-concurrent-preclean: 0,001/0,001 secs] [Times: user=0,00 sys=0,00, real=0,00 secs] 
2017-07-31T16:17:27.846+0200: 16398,251: [GC (CMS Final Remark) [YG occupancy: 448 K (109248 K)]{Heap before GC invocations=448 (full 345):
 par new generation   total 109248K, used 448K [0x00000000e0000000, 0x00000000e8000000, 0x00000000e8000000)
  eden space 87424K,   0% used [0x00000000e0000000, 0x00000000e006ebb0, 0x00000000e5560000)
  from space 21824K,   0% used [0x00000000e5560000, 0x00000000e5561830, 0x00000000e6ab0000)
  to   space 21824K,   0% used [0x00000000e6ab0000, 0x00000000e6ab0000, 0x00000000e8000000)
 concurrent mark-sweep generation total 393216K, used 240530K [0x00000000e8000000, 0x0000000100000000, 0x0000000100000000)
 Metaspace       used 32762K, capacity 33224K, committed 33732K, reserved 1079296K
  class space    used 3585K, capacity 3736K, committed 3836K, reserved 1048576K
2017-07-31T16:17:27.846+0200: 16398,251: [GC (CMS Final Remark) 2017-07-31T16:17:27.846+0200: 16398,251: [ParNew
Desired survivor size 20112992 bytes, new threshold 8 (max 8)
- age   1:         32 bytes,         32 total
- age   2:         32 bytes,         64 total
- age   3:         96 bytes,        160 total
- age   4:         32 bytes,        192 total
- age   7:        152 bytes,        344 total
: 448K->8K(109248K), 0,0023723 secs] 240979K->240538K(502464K), 0,0024363 secs] [Times: user=0,01 sys=0,00, real=0,00 secs] 
Heap after GC invocations=449 (full 345):
 par new generation   total 109248K, used 8K [0x00000000e0000000, 0x00000000e8000000, 0x00000000e8000000)
  eden space 87424K,   0% used [0x00000000e0000000, 0x00000000e0000000, 0x00000000e5560000)
  from space 21824K,   0% used [0x00000000e6ab0000, 0x00000000e6ab2040, 0x00000000e8000000)
  to   space 21824K,   0% used [0x00000000e5560000, 0x00000000e5560000, 0x00000000e6ab0000)
 concurrent mark-sweep generation total 393216K, used 240530K [0x00000000e8000000, 0x0000000100000000, 0x0000000100000000)
 Metaspace       used 32762K, capacity 33224K, committed 33732K, reserved 1079296K
  class space    used 3585K, capacity 3736K, committed 3836K, reserved 1048576K
}
2017-07-31T16:17:27.849+0200: 16398,253: [Rescan (parallel) , 0,0008593 secs]2017-07-31T16:17:27.850+0200: 16398,254: [weak refs processing, 0,0009732 secs]2017-07-31T16:17:27.851+0200: 16398,255: [class unloading, 0,0076356 secs]2017-07-31T16:17:27.858+0200: 16398,263: [scrub symbol table, 0,0048682 secs]2017-07-31T16:17:27.863+0200: 16398,268: [scrub string table, 0,0008417 secs][1 CMS-remark: 240530K(393216K)] 240538K(502464K), 0,0178967 secs] [Times: user=0,03 sys=0,00, real=0,02 secs] 
2017-07-31T16:17:27.864+0200: 16398,269: Total time for which application threads were stopped: 0,0180316 seconds, Stopping threads took: 0,0000266 seconds
2017-07-31T16:17:27.864+0200: 16398,269: [CMS-concurrent-sweep-start]
2017-07-31T16:17:27.891+0200: 16398,296: [CMS-concurrent-sweep: 0,027/0,027 secs] [Times: user=0,03 sys=0,00, real=0,02 secs] 
2017-07-31T16:17:27.891+0200: 16398,296: [CMS-concurrent-reset-start]
2017-07-31T16:17:27.892+0200: 16398,297: [CMS-concurrent-reset: 0,001/0,001 secs] [Times: user=0,00 sys=0,00, real=0,01 secs] 
2017-07-31T16:17:29.891+0200: 16400,296: [GC (CMS Initial Mark) [1 CMS-initial-mark: 240530K(393216K)] 242515K(502464K), 0,0008896 secs] [Times: user=0,00 sys=0,01, real=0,01 secs] 
2017-07-31T16:17:29.892+0200: 16400,297: Total time for which application threads were stopped: 0,0010278 seconds, Stopping threads took: 0,0000212 seconds
2017-07-31T16:17:29.892+0200: 16400,297: [CMS-concurrent-mark-start]
2017-07-31T16:17:29.915+0200: 16400,319: [CMS-concurrent-mark: 0,022/0,022 secs] [Times: user=0,09 sys=0,00, real=0,02 secs] 
2017-07-31T16:17:29.915+0200: 16400,319: [CMS-concurrent-preclean-start]
2017-07-31T16:17:29.916+0200: 16400,320: [CMS-concurrent-preclean: 0,001/0,001 secs] [Times: user=0,00 sys=0,00, real=0,00 secs] 
2017-07-31T16:17:29.916+0200: 16400,321: [GC (CMS Final Remark) [YG occupancy: 1985 K (109248 K)]{Heap before GC invocations=449 (full 346):
 par new generation   total 109248K, used 1985K [0x00000000e0000000, 0x00000000e8000000, 0x00000000e8000000)
  eden space 87424K,   2% used [0x00000000e0000000, 0x00000000e01ee538, 0x00000000e5560000)
  from space 21824K,   0% used [0x00000000e6ab0000, 0x00000000e6ab2040, 0x00000000e8000000)
  to   space 21824K,   0% used [0x00000000e5560000, 0x00000000e5560000, 0x00000000e6ab0000)
 concurrent mark-sweep generation total 393216K, used 240530K [0x00000000e8000000, 0x0000000100000000, 0x0000000100000000)
 Metaspace       used 32762K, capacity 33224K, committed 33732K, reserved 1079296K
  class space    used 3585K, capacity 3736K, committed 3836K, reserved 1048576K
2017-07-31T16:17:29.916+0200: 16400,321: [GC (CMS Final Remark) 2017-07-31T16:17:29.916+0200: 16400,321: [ParNew
Desired survivor size 20112992 bytes, new threshold 8 (max 8)
- age   1:         96 bytes,         96 total
- age   2:         32 bytes,        128 total
- age   3:         32 bytes,        160 total
- age   4:         32 bytes,        192 total
- age   8:        152 bytes,        344 total
: 1985K->6K(109248K), 0,0017298 secs] 242515K->240536K(502464K), 0,0017821 secs] [Times: user=0,00 sys=0,00, real=0,00 secs] 
Heap after GC invocations=450 (full 346):
 par new generation   total 109248K, used 6K [0x00000000e0000000, 0x00000000e8000000, 0x00000000e8000000)
  eden space 87424K,   0% used [0x00000000e0000000, 0x00000000e0000000, 0x00000000e5560000)
  from space 21824K,   0% used [0x00000000e5560000, 0x00000000e5561830, 0x00000000e6ab0000)
  to   space 21824K,   0% used [0x00000000e6ab0000, 0x00000000e6ab0000, 0x00000000e8000000)
 concurrent mark-sweep generation total 393216K, used 240530K [0x00000000e8000000, 0x0000000100000000, 0x0000000100000000)
 Metaspace       used 32762K, capacity 33224K, committed 33732K, reserved 1079296K
  class space    used 3585K, capacity 3736K, committed 3836K, reserved 1048576K
}
2017-07-31T16:17:29.918+0200: 16400,323: [Rescan (parallel) , 0,0004646 secs]2017-07-31T16:17:29.919+0200: 16400,323: [weak refs processing, 0,0004109 secs]2017-07-31T16:17:29.919+0200: 16400,323: [class unloading, 0,0072221 secs]2017-07-31T16:17:29.926+0200: 16400,331: [scrub symbol table, 0,0035472 secs]2017-07-31T16:17:29.930+0200: 16400,334: [scrub string table, 0,0005986 secs][1 CMS-remark: 240530K(393216K)] 240536K(502464K), 0,0144601 secs] [Times: user=0,02 sys=0,00, real=0,01 secs] 
2017-07-31T16:17:29.931+0200: 16400,335: Total time for which application threads were stopped: 0,0145900 seconds, Stopping threads took: 0,0000277 seconds
2017-07-31T16:17:29.931+0200: 16400,335: [CMS-concurrent-sweep-start]
2017-07-31T16:17:29.957+0200: 16400,361: [CMS-concurrent-sweep: 0,026/0,026 secs] [Times: user=0,03 sys=0,00, real=0,03 secs] 
2017-07-31T16:17:29.957+0200: 16400,362: [CMS-concurrent-reset-start]
2017-07-31T16:17:29.958+0200: 16400,362: [CMS-concurrent-reset: 0,001/0,001 secs] [Times: user=0,00 sys=0,00, real=0,00 secs] 
2017-07-31T16:17:31.957+0200: 16402,361: [GC (CMS Initial Mark) [1 CMS-initial-mark: 240530K(393216K)] 241306K(502464K), 0,0009351 secs] [Times: user=0,00 sys=0,00, real=0,00 secs] 
2017-07-31T16:17:31.958+0200: 16402,362: Total time for which application threads were stopped: 0,0010855 seconds, Stopping threads took: 0,0000305 seconds
2017-07-31T16:17:31.958+0200: 16402,362: [CMS-concurrent-mark-start]
2017-07-31T16:17:31.984+0200: 16402,388: [CMS-concurrent-mark: 0,026/0,026 secs] [Times: user=0,10 sys=0,00, real=0,03 secs] 
2017-07-31T16:17:31.984+0200: 16402,388: [CMS-concurrent-preclean-start]
2017-07-31T16:17:31.985+0200: 16402,389: [CMS-concurrent-preclean: 0,001/0,001 secs] [Times: user=0,00 sys=0,00, real=0,00 secs] 
2017-07-31T16:17:31.985+0200: 16402,390: [GC (CMS Final Remark) [YG occupancy: 776 K (109248 K)]{Heap before GC invocations=450 (full 347):
 par new generation   total 109248K, used 776K [0x00000000e0000000, 0x00000000e8000000, 0x00000000e8000000)
  eden space 87424K,   0% used [0x00000000e0000000, 0x00000000e00c0938, 0x00000000e5560000)
  from space 21824K,   0% used [0x00000000e5560000, 0x00000000e5561830, 0x00000000e6ab0000)
  to   space 21824K,   0% used [0x00000000e6ab0000, 0x00000000e6ab0000, 0x00000000e8000000)
 concurrent mark-sweep generation total 393216K, used 240530K [0x00000000e8000000, 0x0000000100000000, 0x0000000100000000)
 Metaspace       used 32762K, capacity 33224K, committed 33732K, reserved 1079296K
  class space    used 3585K, capacity 3736K, committed 3836K, reserved 1048576K
2017-07-31T16:17:31.985+0200: 16402,390: [GC (CMS Final Remark) 2017-07-31T16:17:31.985+0200: 16402,390: [ParNew
Desired survivor size 20112992 bytes, new threshold 8 (max 8)
- age   1:         64 bytes,         64 total
- age   2:         96 bytes,        160 total
- age   3:         32 bytes,        192 total
: 776K->6K(109248K), 0,0035233 secs] 241306K->240536K(502464K), 0,0035807 secs] [Times: user=0,01 sys=0,00, real=0,00 secs] 
Heap after GC invocations=451 (full 347):
 par new generation   total 109248K, used 6K [0x00000000e0000000, 0x00000000e8000000, 0x00000000e8000000)
  eden space 87424K,   0% used [0x00000000e0000000, 0x00000000e0000000, 0x00000000e5560000)
  from space 21824K,   0% used [0x00000000e6ab0000, 0x00000000e6ab1830, 0x00000000e8000000)
  to   space 21824K,   0% used [0x00000000e5560000, 0x00000000e5560000, 0x00000000e6ab0000)
 concurrent mark-sweep generation total 393216K, used 240530K [0x00000000e8000000, 0x0000000100000000, 0x0000000100000000)
 Metaspace       used 32762K, capacity 33224K, committed 33732K, reserved 1079296K
  class space    used 3585K, capacity 3736K, committed 3836K, reserved 1048576K
}
2017-07-31T16:17:31.989+0200: 16402,393: [Rescan (parallel) , 0,0005979 secs]2017-07-31T16:17:31.989+0200: 16402,394: [weak refs processing, 0,0004305 secs]2017-07-31T16:17:31.990+0200: 16402,394: [class unloading, 0,0070147 secs]2017-07-31T16:17:31.997+0200: 16402,401: [scrub symbol table, 0,0033423 secs]2017-07-31T16:17:32.000+0200: 16402,405: [scrub string table, 0,0006143 secs][1 CMS-remark: 240530K(393216K)] 240536K(502464K), 0,0158134 secs] [Times: user=0,02 sys=0,00, real=0,02 secs] 
2017-07-31T16:17:32.001+0200: 16402,406: Total time for which application threads were stopped: 0,0159425 seconds, Stopping threads took: 0,0000224 seconds
2017-07-31T16:17:32.001+0200: 16402,406: [CMS-concurrent-sweep-start]
2017-07-31T16:17:32.029+0200: 16402,433: [CMS-concurrent-sweep: 0,028/0,028 secs] [Times: user=0,03 sys=0,00, real=0,02 secs] 
2017-07-31T16:17:32.029+0200: 16402,433: [CMS-concurrent-reset-start]
2017-07-31T16:17:32.030+0200: 16402,434: [CMS-concurrent-reset: 0,001/0,001 secs] [Times: user=0,00 sys=0,00, real=0,00 secs] 
2017-07-31T16:17:34.029+0200: 16404,433: [GC (CMS Initial Mark) [1 CMS-initial-mark: 240530K(393216K)] 242513K(502464K), 0,0010428 secs] [Times: user=0,00 sys=0,00, real=0,00 secs] 
2017-07-31T16:17:34.030+0200: 16404,434: Total time for which application threads were stopped: 0,0012249 seconds, Stopping threads took: 0,0000472 seconds
2017-07-31T16:17:34.030+0200: 16404,434: [CMS-concurrent-mark-start]
2017-07-31T16:17:34.057+0200: 16404,461: [CMS-concurrent-mark: 0,027/0,027 secs] [Times: user=0,10 sys=0,00, real=0,03 secs] 
2017-07-31T16:17:34.057+0200: 16404,462: [CMS-concurrent-preclean-start]
2017-07-31T16:17:34.059+0200: 16404,463: [CMS-concurrent-preclean: 0,001/0,001 secs] [Times: user=0,01 sys=0,00, real=0,00 secs] 
2017-07-31T16:17:34.059+0200: 16404,463: [GC (CMS Final Remark) [YG occupancy: 1983 K (109248 K)]{Heap before GC invocations=451 (full 348):
 par new generation   total 109248K, used 1983K [0x00000000e0000000, 0x00000000e8000000, 0x00000000e8000000)
  eden space 87424K,   2% used [0x00000000e0000000, 0x00000000e01ee538, 0x00000000e5560000)
  from space 21824K,   0% used [0x00000000e6ab0000, 0x00000000e6ab1830, 0x00000000e8000000)
  to   space 21824K,   0% used [0x00000000e5560000, 0x00000000e5560000, 0x00000000e6ab0000)
 concurrent mark-sweep generation total 393216K, used 240530K [0x00000000e8000000, 0x0000000100000000, 0x0000000100000000)
 Metaspace       used 32762K, capacity 33224K, committed 33732K, reserved 1079296K
  class space    used 3585K, capacity 3736K, committed 3836K, reserved 1048576K
2017-07-31T16:17:34.059+0200: 16404,463: [GC (CMS Final Remark) 2017-07-31T16:17:34.059+0200: 16404,463: [ParNew
Desired survivor size 20112992 bytes, new threshold 8 (max 8)
- age   1:         96 bytes,         96 total
- age   2:         64 bytes,        160 total
- age   3:         32 bytes,        192 total
: 1983K->6K(109248K), 0,0041095 secs] 242513K->240536K(502464K), 0,0041600 secs] [Times: user=0,01 sys=0,00, real=0,01 secs] 
Heap after GC invocations=452 (full 348):
 par new generation   total 109248K, used 6K [0x00000000e0000000, 0x00000000e8000000, 0x00000000e8000000)
  eden space 87424K,   0% used [0x00000000e0000000, 0x00000000e0000000, 0x00000000e5560000)
  from space 21824K,   0% used [0x00000000e5560000, 0x00000000e5561830, 0x00000000e6ab0000)
  to   space 21824K,   0% used [0x00000000e6ab0000, 0x00000000e6ab0000, 0x00000000e8000000)
 concurrent mark-sweep generation total 393216K, used 240530K [0x00000000e8000000, 0x0000000100000000, 0x0000000100000000)
 Metaspace       used 32762K, capacity 33224K, committed 33732K, reserved 1079296K
  class space    used 3585K, capacity 3736K, committed 3836K, reserved 1048576K
}
2017-07-31T16:17:34.063+0200: 16404,468: [Rescan (parallel) , 0,0006049 secs]2017-07-31T16:17:34.064+0200: 16404,468: [weak refs processing, 0,0004873 secs]2017-07-31T16:17:34.064+0200: 16404,469: [class unloading, 0,0081789 secs]2017-07-31T16:17:34.072+0200: 16404,477: [scrub symbol table, 0,0038521 secs]2017-07-31T16:17:34.076+0200: 16404,481: [scrub string table, 0,0007089 secs][1 CMS-remark: 240530K(393216K)] 240536K(502464K), 0,0182574 secs] [Times: user=0,01 sys=0,01, real=0,02 secs] 
2017-07-31T16:17:34.077+0200: 16404,482: Total time for which application threads were stopped: 0,0184023 seconds, Stopping threads took: 0,0000240 seconds
2017-07-31T16:17:34.077+0200: 16404,482: [CMS-concurrent-sweep-start]
2017-07-31T16:17:34.107+0200: 16404,512: [CMS-concurrent-sweep: 0,030/0,030 secs] [Times: user=0,04 sys=0,00, real=0,03 secs] 
2017-07-31T16:17:34.107+0200: 16404,512: [CMS-concurrent-reset-start]
2017-07-31T16:17:34.108+0200: 16404,512: [CMS-concurrent-reset: 0,001/0,001 secs] [Times: user=0,00 sys=0,00, real=0,00 secs] 
2017-07-31T16:17:36.107+0200: 16406,512: [GC (CMS Initial Mark) [1 CMS-initial-mark: 240530K(393216K)] 241306K(502464K), 0,0006234 secs] [Times: user=0,00 sys=0,00, real=0,00 secs] 
2017-07-31T16:17:36.108+0200: 16406,512: Total time for which application threads were stopped: 0,0007224 seconds, Stopping threads took: 0,0000170 seconds
2017-07-31T16:17:36.108+0200: 16406,512: [CMS-concurrent-mark-start]
2017-07-31T16:17:36.123+0200: 16406,527: [CMS-concurrent-mark: 0,015/0,015 secs] [Times: user=0,06 sys=0,00, real=0,02 secs] 
2017-07-31T16:17:36.123+0200: 16406,527: [CMS-concurrent-preclean-start]
2017-07-31T16:17:36.124+0200: 16406,529: [CMS-concurrent-preclean: 0,001/0,001 secs] [Times: user=0,00 sys=0,00, real=0,00 secs] 
2017-07-31T16:17:36.125+0200: 16406,529: [GC (CMS Final Remark) [YG occupancy: 776 K (109248 K)]{Heap before GC invocations=452 (full 349):
 par new generation   total 109248K, used 776K [0x00000000e0000000, 0x00000000e8000000, 0x00000000e8000000)
  eden space 87424K,   0% used [0x00000000e0000000, 0x00000000e00c0938, 0x00000000e5560000)
  from space 21824K,   0% used [0x00000000e5560000, 0x00000000e5561830, 0x00000000e6ab0000)
  to   space 21824K,   0% used [0x00000000e6ab0000, 0x00000000e6ab0000, 0x00000000e8000000)
 concurrent mark-sweep generation total 393216K, used 240530K [0x00000000e8000000, 0x0000000100000000, 0x0000000100000000)
 Metaspace       used 32762K, capacity 33224K, committed 33732K, reserved 1079296K
  class space    used 3585K, capacity 3736K, committed 3836K, reserved 1048576K
2017-07-31T16:17:36.125+0200: 16406,529: [GC (CMS Final Remark) 2017-07-31T16:17:36.125+0200: 16406,529: [ParNew
Desired survivor size 20112992 bytes, new threshold 8 (max 8)
- age   1:         64 bytes,         64 total
- age   2:         96 bytes,        160 total
- age   3:         32 bytes,        192 total
: 776K->6K(109248K), 0,0011673 secs] 241306K->240536K(502464K), 0,0012053 secs] [Times: user=0,00 sys=0,00, real=0,00 secs] 
Heap after GC invocations=453 (full 349):
 par new generation   total 109248K, used 6K [0x00000000e0000000, 0x00000000e8000000, 0x00000000e8000000)
  eden space 87424K,   0% used [0x00000000e0000000, 0x00000000e0000000, 0x00000000e5560000)
  from space 21824K,   0% used [0x00000000e6ab0000, 0x00000000e6ab1830, 0x00000000e8000000)
  to   space 21824K,   0% used [0x00000000e5560000, 0x00000000e5560000, 0x00000000e6ab0000)
 concurrent mark-sweep generation total 393216K, used 240530K [0x00000000e8000000, 0x0000000100000000, 0x0000000100000000)
 Metaspace       used 32762K, capacity 33224K, committed 33732K, reserved 1079296K
  class space    used 3585K, capacity 3736K, committed 3836K, reserved 1048576K
}
2017-07-31T16:17:36.126+0200: 16406,530: [Rescan (parallel) , 0,0004100 secs]2017-07-31T16:17:36.126+0200: 16406,531: [weak refs processing, 0,0002605 secs]2017-07-31T16:17:36.127+0200: 16406,531: [class unloading, 0,0051774 secs]2017-07-31T16:17:36.132+0200: 16406,536: [scrub symbol table, 0,0026387 secs]2017-07-31T16:17:36.134+0200: 16406,539: [scrub string table, 0,0004544 secs][1 CMS-remark: 240530K(393216K)] 240536K(502464K), 0,0103255 secs] [Times: user=0,01 sys=0,00, real=0,01 secs] 
2017-07-31T16:17:36.135+0200: 16406,539: Total time for which application threads were stopped: 0,0104260 seconds, Stopping threads took: 0,0000181 seconds
2017-07-31T16:17:36.135+0200: 16406,539: [CMS-concurrent-sweep-start]
2017-07-31T16:17:36.156+0200: 16406,560: [CMS-concurrent-sweep: 0,021/0,021 secs] [Times: user=0,03 sys=0,00, real=0,02 secs] 
2017-07-31T16:17:36.156+0200: 16406,560: [CMS-concurrent-reset-start]
2017-07-31T16:17:36.156+0200: 16406,561: [CMS-concurrent-reset: 0,000/0,000 secs] [Times: user=0,00 sys=0,00, real=0,00 secs] 
2017-07-31T16:17:38.155+0200: 16408,560: [GC (CMS Initial Mark) [1 CMS-initial-mark: 240530K(393216K)] 242259K(502464K), 0,0009549 secs] [Times: user=0,00 sys=0,00, real=0,00 secs] 
2017-07-31T16:17:38.156+0200: 16408,561: Total time for which application threads were stopped: 0,0011082 seconds, Stopping threads took: 0,0000244 seconds
2017-07-31T16:17:38.157+0200: 16408,561: [CMS-concurrent-mark-start]
2017-07-31T16:17:38.181+0200: 16408,585: [CMS-concurrent-mark: 0,024/0,024 secs] [Times: user=0,10 sys=0,00, real=0,03 secs] 
2017-07-31T16:17:38.181+0200: 16408,585: [CMS-concurrent-preclean-start]
2017-07-31T16:17:38.182+0200: 16408,587: [CMS-concurrent-preclean: 0,001/0,001 secs] [Times: user=0,00 sys=0,00, real=0,00 secs] 
2017-07-31T16:17:38.182+0200: 16408,587: [GC (CMS Final Remark) [YG occupancy: 1729 K (109248 K)]{Heap before GC invocations=453 (full 350):
 par new generation   total 109248K, used 1729K [0x00000000e0000000, 0x00000000e8000000, 0x00000000e8000000)
  eden space 87424K,   1% used [0x00000000e0000000, 0x00000000e01aecd8, 0x00000000e5560000)
  from space 21824K,   0% used [0x00000000e6ab0000, 0x00000000e6ab1830, 0x00000000e8000000)
  to   space 21824K,   0% used [0x00000000e5560000, 0x00000000e5560000, 0x00000000e6ab0000)
 concurrent mark-sweep generation total 393216K, used 240530K [0x00000000e8000000, 0x0000000100000000, 0x0000000100000000)
 Metaspace       used 32762K, capacity 33224K, committed 33732K, reserved 1079296K
  class space    used 3585K, capacity 3736K, committed 3836K, reserved 1048576K
2017-07-31T16:17:38.182+0200: 16408,587: [GC (CMS Final Remark) 2017-07-31T16:17:38.182+0200: 16408,587: [ParNew
Desired survivor size 20112992 bytes, new threshold 8 (max 8)
- age   1:         64 bytes,         64 total
- age   2:         64 bytes,        128 total
- age   3:         64 bytes,        192 total
: 1729K->8K(109248K), 0,0044248 secs] 242259K->240538K(502464K), 0,0044820 secs] [Times: user=0,00 sys=0,00, real=0,00 secs] 
Heap after GC invocations=454 (full 350):
 par new generation   total 109248K, used 8K [0x00000000e0000000, 0x00000000e8000000, 0x00000000e8000000)
  eden space 87424K,   0% used [0x00000000e0000000, 0x00000000e0000000, 0x00000000e5560000)
  from space 21824K,   0% used [0x00000000e5560000, 0x00000000e5562040, 0x00000000e6ab0000)
  to   space 21824K,   0% used [0x00000000e6ab0000, 0x00000000e6ab0000, 0x00000000e8000000)
 concurrent mark-sweep generation total 393216K, used 240530K [0x00000000e8000000, 0x0000000100000000, 0x0000000100000000)
 Metaspace       used 32762K, capacity 33224K, committed 33732K, reserved 1079296K
  class space    used 3585K, capacity 3736K, committed 3836K, reserved 1048576K
}
2017-07-31T16:17:38.187+0200: 16408,591: [Rescan (parallel) , 0,0006354 secs]2017-07-31T16:17:38.188+0200: 16408,592: [weak refs processing, 0,0004832 secs]2017-07-31T16:17:38.188+0200: 16408,593: [class unloading, 0,0075760 secs]2017-07-31T16:17:38.196+0200: 16408,600: [scrub symbol table, 0,0035060 secs]2017-07-31T16:17:38.199+0200: 16408,604: [scrub string table, 0,0006253 secs][1 CMS-remark: 240530K(393216K)] 240538K(502464K), 0,0176185 secs] [Times: user=0,02 sys=0,00, real=0,02 secs] 
2017-07-31T16:17:38.200+0200: 16408,605: Total time for which application threads were stopped: 0,0177627 seconds, Stopping threads took: 0,0000251 seconds
2017-07-31T16:17:38.200+0200: 16408,605: [CMS-concurrent-sweep-start]
2017-07-31T16:17:38.228+0200: 16408,632: [CMS-concurrent-sweep: 0,028/0,028 secs] [Times: user=0,02 sys=0,00, real=0,02 secs] 
2017-07-31T16:17:38.228+0200: 16408,633: [CMS-concurrent-reset-start]
2017-07-31T16:17:38.229+0200: 16408,633: [CMS-concurrent-reset: 0,001/0,001 secs] [Times: user=0,00 sys=0,00, real=0,00 secs] 
2017-07-31T16:17:40.228+0200: 16410,632: [GC (CMS Initial Mark) [1 CMS-initial-mark: 240530K(393216K)] 240792K(502464K), 0,0009610 secs] [Times: user=0,00 sys=0,00, real=0,00 secs] 
2017-07-31T16:17:40.229+0200: 16410,633: Total time for which application threads were stopped: 0,0011056 seconds, Stopping threads took: 0,0000248 seconds
2017-07-31T16:17:40.229+0200: 16410,633: [CMS-concurrent-mark-start]
2017-07-31T16:17:40.253+0200: 16410,658: [CMS-concurrent-mark: 0,024/0,024 secs] [Times: user=0,09 sys=0,00, real=0,03 secs] 
2017-07-31T16:17:40.253+0200: 16410,658: [CMS-concurrent-preclean-start]
2017-07-31T16:17:40.255+0200: 16410,659: [CMS-concurrent-preclean: 0,001/0,001 secs] [Times: user=0,01 sys=0,00, real=0,00 secs] 
2017-07-31T16:17:40.255+0200: 16410,659: [GC (CMS Final Remark) [YG occupancy: 262 K (109248 K)]{Heap before GC invocations=454 (full 351):
 par new generation   total 109248K, used 262K [0x00000000e0000000, 0x00000000e8000000, 0x00000000e8000000)
  eden space 87424K,   0% used [0x00000000e0000000, 0x00000000e003f860, 0x00000000e5560000)
  from space 21824K,   0% used [0x00000000e5560000, 0x00000000e5562040, 0x00000000e6ab0000)
  to   space 21824K,   0% used [0x00000000e6ab0000, 0x00000000e6ab0000, 0x00000000e8000000)
 concurrent mark-sweep generation total 393216K, used 240530K [0x00000000e8000000, 0x0000000100000000, 0x0000000100000000)
 Metaspace       used 32762K, capacity 33224K, committed 33732K, reserved 1079296K
  class space    used 3585K, capacity 3736K, committed 3836K, reserved 1048576K
2017-07-31T16:17:40.255+0200: 16410,660: [GC (CMS Final Remark) 2017-07-31T16:17:40.255+0200: 16410,660: [ParNew
Desired survivor size 20112992 bytes, new threshold 8 (max 8)
- age   1:         32 bytes,         32 total
- age   2:         64 bytes,         96 total
- age   3:         64 bytes,        160 total
- age   4:         32 bytes,        192 total
: 262K->6K(109248K), 0,0017076 secs] 240792K->240536K(502464K), 0,0017664 secs] [Times: user=0,00 sys=0,00, real=0,00 secs] 
Heap after GC invocations=455 (full 351):
 par new generation   total 109248K, used 6K [0x00000000e0000000, 0x00000000e8000000, 0x00000000e8000000)
  eden space 87424K,   0% used [0x00000000e0000000, 0x00000000e0000000, 0x00000000e5560000)
  from space 21824K,   0% used [0x00000000e6ab0000, 0x00000000e6ab1830, 0x00000000e8000000)
  to   space 21824K,   0% used [0x00000000e5560000, 0x00000000e5560000, 0x00000000e6ab0000)
 concurrent mark-sweep generation total 393216K, used 240530K [0x00000000e8000000, 0x0000000100000000, 0x0000000100000000)
 Metaspace       used 32762K, capacity 33224K, committed 33732K, reserved 1079296K
  class space    used 3585K, capacity 3736K, committed 3836K, reserved 1048576K
}
2017-07-31T16:17:40.257+0200: 16410,661: [Rescan (parallel) , 0,0005460 secs]2017-07-31T16:17:40.257+0200: 16410,662: [weak refs processing, 0,0007204 secs]2017-07-31T16:17:40.258+0200: 16410,663: [class unloading, 0,0073848 secs]2017-07-31T16:17:40.266+0200: 16410,670: [scrub symbol table, 0,0033658 secs]2017-07-31T16:17:40.269+0200: 16410,673: [scrub string table, 0,0006086 secs][1 CMS-remark: 240530K(393216K)] 240536K(502464K), 0,0147538 secs] [Times: user=0,02 sys=0,00, real=0,01 secs] 
2017-07-31T16:17:40.270+0200: 16410,674: Total time for which application threads were stopped: 0,0149040 seconds, Stopping threads took: 0,0000204 seconds
2017-07-31T16:17:40.270+0200: 16410,674: [CMS-concurrent-sweep-start]
2017-07-31T16:17:40.298+0200: 16410,702: [CMS-concurrent-sweep: 0,028/0,028 secs] [Times: user=0,03 sys=0,00, real=0,03 secs] 
2017-07-31T16:17:40.298+0200: 16410,702: [CMS-concurrent-reset-start]
2017-07-31T16:17:40.298+0200: 16410,703: [CMS-concurrent-reset: 0,001/0,001 secs] [Times: user=0,00 sys=0,00, real=0,00 secs] 
2017-07-31T16:17:42.298+0200: 16412,702: [GC (CMS Initial Mark) [1 CMS-initial-mark: 240530K(393216K)] 241306K(502464K), 0,0009924 secs] [Times: user=0,00 sys=0,00, real=0,00 secs] 
2017-07-31T16:17:42.299+0200: 16412,703: Total time for which application threads were stopped: 0,0011517 seconds, Stopping threads took: 0,0000255 seconds
2017-07-31T16:17:42.299+0200: 16412,703: [CMS-concurrent-mark-start]
2017-07-31T16:17:42.324+0200: 16412,729: [CMS-concurrent-mark: 0,025/0,025 secs] [Times: user=0,10 sys=0,00, real=0,03 secs] 
2017-07-31T16:17:42.324+0200: 16412,729: [CMS-concurrent-preclean-start]
2017-07-31T16:17:42.326+0200: 16412,730: [CMS-concurrent-preclean: 0,002/0,002 secs] [Times: user=0,00 sys=0,00, real=0,00 secs] 
2017-07-31T16:17:42.326+0200: 16412,731: [GC (CMS Final Remark) [YG occupancy: 776 K (109248 K)]{Heap before GC invocations=455 (full 352):
 par new generation   total 109248K, used 776K [0x00000000e0000000, 0x00000000e8000000, 0x00000000e8000000)
  eden space 87424K,   0% used [0x00000000e0000000, 0x00000000e00c0938, 0x00000000e5560000)
  from space 21824K,   0% used [0x00000000e6ab0000, 0x00000000e6ab1830, 0x00000000e8000000)
  to   space 21824K,   0% used [0x00000000e5560000, 0x00000000e5560000, 0x00000000e6ab0000)
 concurrent mark-sweep generation total 393216K, used 240530K [0x00000000e8000000, 0x0000000100000000, 0x0000000100000000)
 Metaspace       used 32762K, capacity 33224K, committed 33732K, reserved 1079296K
  class space    used 3585K, capacity 3736K, committed 3836K, reserved 1048576K
2017-07-31T16:17:42.326+0200: 16412,731: [GC (CMS Final Remark) 2017-07-31T16:17:42.326+0200: 16412,731: [ParNew
Desired survivor size 20112992 bytes, new threshold 8 (max 8)
- age   1:         64 bytes,         64 total
- age   2:         32 bytes,         96 total
- age   3:         64 bytes,        160 total
- age   4:         32 bytes,        192 total
: 776K->8K(109248K), 0,0044444 secs] 241306K->240538K(502464K), 0,0044899 secs] [Times: user=0,01 sys=0,00, real=0,00 secs] 
Heap after GC invocations=456 (full 352):
 par new generation   total 109248K, used 8K [0x00000000e0000000, 0x00000000e8000000, 0x00000000e8000000)
  eden space 87424K,   0% used [0x00000000e0000000, 0x00000000e0000000, 0x00000000e5560000)
  from space 21824K,   0% used [0x00000000e5560000, 0x00000000e5562040, 0x00000000e6ab0000)
  to   space 21824K,   0% used [0x00000000e6ab0000, 0x00000000e6ab0000, 0x00000000e8000000)
 concurrent mark-sweep generation total 393216K, used 240530K [0x00000000e8000000, 0x0000000100000000, 0x0000000100000000)
 Metaspace       used 32762K, capacity 33224K, committed 33732K, reserved 1079296K
  class space    used 3585K, capacity 3736K, committed 3836K, reserved 1048576K
}
2017-07-31T16:17:42.331+0200: 16412,735: [Rescan (parallel) , 0,0005527 secs]2017-07-31T16:17:42.331+0200: 16412,736: [weak refs processing, 0,0005353 secs]2017-07-31T16:17:42.332+0200: 16412,736: [class unloading, 0,0078143 secs]2017-07-31T16:17:42.340+0200: 16412,744: [scrub symbol table, 0,0037499 secs]2017-07-31T16:17:42.343+0200: 16412,748: [scrub string table, 0,0006939 secs][1 CMS-remark: 240530K(393216K)] 240538K(502464K), 0,0180935 secs] [Times: user=0,03 sys=0,00, real=0,02 secs] 
2017-07-31T16:17:42.344+0200: 16412,749: Total time for which application threads were stopped: 0,0182374 seconds, Stopping threads took: 0,0000304 seconds
2017-07-31T16:17:42.344+0200: 16412,749: [CMS-concurrent-sweep-start]
2017-07-31T16:17:42.374+0200: 16412,779: [CMS-concurrent-sweep: 0,030/0,030 secs] [Times: user=0,03 sys=0,00, real=0,03 secs] 
2017-07-31T16:17:42.374+0200: 16412,779: [CMS-concurrent-reset-start]
2017-07-31T16:17:42.375+0200: 16412,779: [CMS-concurrent-reset: 0,001/0,001 secs] [Times: user=0,00 sys=0,00, real=0,00 secs] 
2017-07-31T16:17:44.374+0200: 16414,779: [GC (CMS Initial Mark) [1 CMS-initial-mark: 240530K(393216K)] 242567K(502464K), 0,0009519 secs] [Times: user=0,00 sys=0,00, real=0,00 secs] 
2017-07-31T16:17:44.375+0200: 16414,780: Total time for which application threads were stopped: 0,0010967 seconds, Stopping threads took: 0,0000220 seconds
2017-07-31T16:17:44.375+0200: 16414,780: [CMS-concurrent-mark-start]
2017-07-31T16:17:44.400+0200: 16414,804: [CMS-concurrent-mark: 0,025/0,025 secs] [Times: user=0,10 sys=0,00, real=0,02 secs] 
2017-07-31T16:17:44.400+0200: 16414,804: [CMS-concurrent-preclean-start]
2017-07-31T16:17:44.401+0200: 16414,806: [CMS-concurrent-preclean: 0,001/0,001 secs] [Times: user=0,00 sys=0,00, real=0,01 secs] 
2017-07-31T16:17:44.401+0200: 16414,806: [GC (CMS Final Remark) [YG occupancy: 2037 K (109248 K)]{Heap before GC invocations=456 (full 353):
 par new generation   total 109248K, used 2037K [0x00000000e0000000, 0x00000000e8000000, 0x00000000e8000000)
  eden space 87424K,   2% used [0x00000000e0000000, 0x00000000e01fb548, 0x00000000e5560000)
  from space 21824K,   0% used [0x00000000e5560000, 0x00000000e5562040, 0x00000000e6ab0000)
  to   space 21824K,   0% used [0x00000000e6ab0000, 0x00000000e6ab0000, 0x00000000e8000000)
 concurrent mark-sweep generation total 393216K, used 240530K [0x00000000e8000000, 0x0000000100000000, 0x0000000100000000)
 Metaspace       used 32762K, capacity 33224K, committed 33732K, reserved 1079296K
  class space    used 3585K, capacity 3736K, committed 3836K, reserved 1048576K
2017-07-31T16:17:44.401+0200: 16414,806: [GC (CMS Final Remark) 2017-07-31T16:17:44.401+0200: 16414,806: [ParNew
Desired survivor size 20112992 bytes, new threshold 8 (max 8)
- age   1:        248 bytes,        248 total
- age   2:         64 bytes,        312 total
- age   3:         32 bytes,        344 total
: 2037K->4K(109248K), 0,0030655 secs] 242567K->240534K(502464K), 0,0031065 secs] [Times: user=0,01 sys=0,00, real=0,00 secs] 
Heap after GC invocations=457 (full 353):
 par new generation   total 109248K, used 4K [0x00000000e0000000, 0x00000000e8000000, 0x00000000e8000000)
  eden space 87424K,   0% used [0x00000000e0000000, 0x00000000e0000000, 0x00000000e5560000)
  from space 21824K,   0% used [0x00000000e6ab0000, 0x00000000e6ab1020, 0x00000000e8000000)
  to   space 21824K,   0% used [0x00000000e5560000, 0x00000000e5560000, 0x00000000e6ab0000)
 concurrent mark-sweep generation total 393216K, used 240530K [0x00000000e8000000, 0x0000000100000000, 0x0000000100000000)
 Metaspace       used 32762K, capacity 33224K, committed 33732K, reserved 1079296K
  class space    used 3585K, capacity 3736K, committed 3836K, reserved 1048576K
}
2017-07-31T16:17:44.405+0200: 16414,809: [Rescan (parallel) , 0,0005097 secs]2017-07-31T16:17:44.405+0200: 16414,810: [weak refs processing, 0,0003981 secs]2017-07-31T16:17:44.406+0200: 16414,810: [class unloading, 0,0072506 secs]2017-07-31T16:17:44.413+0200: 16414,817: [scrub symbol table, 0,0036530 secs]2017-07-31T16:17:44.416+0200: 16414,821: [scrub string table, 0,0006196 secs][1 CMS-remark: 240530K(393216K)] 240534K(502464K), 0,0157824 secs] [Times: user=0,02 sys=0,00, real=0,01 secs] 
2017-07-31T16:17:44.417+0200: 16414,822: Total time for which application threads were stopped: 0,0159013 seconds, Stopping threads took: 0,0000199 seconds
2017-07-31T16:17:44.417+0200: 16414,822: [CMS-concurrent-sweep-start]
2017-07-31T16:17:44.445+0200: 16414,850: [CMS-concurrent-sweep: 0,028/0,028 secs] [Times: user=0,03 sys=0,00, real=0,03 secs] 
2017-07-31T16:17:44.445+0200: 16414,850: [CMS-concurrent-reset-start]
2017-07-31T16:17:44.446+0200: 16414,850: [CMS-concurrent-reset: 0,001/0,001 secs] [Times: user=0,00 sys=0,00, real=0,00 secs] 
2017-07-31T16:17:46.445+0200: 16416,850: [GC (CMS Initial Mark) [1 CMS-initial-mark: 240530K(393216K)] 241304K(502464K), 0,0010011 secs] [Times: user=0,00 sys=0,00, real=0,00 secs] 
2017-07-31T16:17:46.446+0200: 16416,851: Total time for which application threads were stopped: 0,0011629 seconds, Stopping threads took: 0,0000230 seconds
2017-07-31T16:17:46.446+0200: 16416,851: [CMS-concurrent-mark-start]
2017-07-31T16:17:46.481+0200: 16416,885: [CMS-concurrent-mark: 0,034/0,034 secs] [Times: user=0,14 sys=0,00, real=0,04 secs] 
2017-07-31T16:17:46.481+0200: 16416,885: [CMS-concurrent-preclean-start]
2017-07-31T16:17:46.482+0200: 16416,886: [CMS-concurrent-preclean: 0,001/0,001 secs] [Times: user=0,00 sys=0,00, real=0,00 secs] 
2017-07-31T16:17:46.482+0200: 16416,887: [GC (CMS Final Remark) [YG occupancy: 774 K (109248 K)]{Heap before GC invocations=457 (full 354):
 par new generation   total 109248K, used 774K [0x00000000e0000000, 0x00000000e8000000, 0x00000000e8000000)
  eden space 87424K,   0% used [0x00000000e0000000, 0x00000000e00c0938, 0x00000000e5560000)
  from space 21824K,   0% used [0x00000000e6ab0000, 0x00000000e6ab1020, 0x00000000e8000000)
  to   space 21824K,   0% used [0x00000000e5560000, 0x00000000e5560000, 0x00000000e6ab0000)
 concurrent mark-sweep generation total 393216K, used 240530K [0x00000000e8000000, 0x0000000100000000, 0x0000000100000000)
 Metaspace       used 32762K, capacity 33224K, committed 33732K, reserved 1079296K
  class space    used 3585K, capacity 3736K, committed 3836K, reserved 1048576K
2017-07-31T16:17:46.482+0200: 16416,887: [GC (CMS Final Remark) 2017-07-31T16:17:46.482+0200: 16416,887: [ParNew
Desired survivor size 20112992 bytes, new threshold 8 (max 8)
- age   1:         64 bytes,         64 total
- age   2:        248 bytes,        312 total
- age   3:         32 bytes,        344 total
: 774K->6K(109248K), 0,0020131 secs] 241304K->240536K(502464K), 0,0020607 secs] [Times: user=0,00 sys=0,01, real=0,00 secs] 
Heap after GC invocations=458 (full 354):
 par new generation   total 109248K, used 6K [0x00000000e0000000, 0x00000000e8000000, 0x00000000e8000000)
  eden space 87424K,   0% used [0x00000000e0000000, 0x00000000e0000000, 0x00000000e5560000)
  from space 21824K,   0% used [0x00000000e5560000, 0x00000000e5561830, 0x00000000e6ab0000)
  to   space 21824K,   0% used [0x00000000e6ab0000, 0x00000000e6ab0000, 0x00000000e8000000)
 concurrent mark-sweep generation total 393216K, used 240530K [0x00000000e8000000, 0x0000000100000000, 0x0000000100000000)
 Metaspace       used 32762K, capacity 33224K, committed 33732K, reserved 1079296K
  class space    used 3585K, capacity 3736K, committed 3836K, reserved 1048576K
}
2017-07-31T16:17:46.484+0200: 16416,889: [Rescan (parallel) , 0,0006140 secs]2017-07-31T16:17:46.485+0200: 16416,889: [weak refs processing, 0,0004623 secs]2017-07-31T16:17:46.485+0200: 16416,890: [class unloading, 0,0070683 secs]2017-07-31T16:17:46.492+0200: 16416,897: [scrub symbol table, 0,0033825 secs]2017-07-31T16:17:46.496+0200: 16416,900: [scrub string table, 0,0006197 secs][1 CMS-remark: 240530K(393216K)] 240536K(502464K), 0,0145087 secs] [Times: user=0,01 sys=0,01, real=0,01 secs] 
2017-07-31T16:17:46.497+0200: 16416,901: Total time for which application threads were stopped: 0,0146318 seconds, Stopping threads took: 0,0000204 seconds
2017-07-31T16:17:46.497+0200: 16416,901: [CMS-concurrent-sweep-start]
2017-07-31T16:17:46.525+0200: 16416,930: [CMS-concurrent-sweep: 0,028/0,028 secs] [Times: user=0,03 sys=0,00, real=0,03 secs] 
2017-07-31T16:17:46.525+0200: 16416,930: [CMS-concurrent-reset-start]
2017-07-31T16:17:46.526+0200: 16416,930: [CMS-concurrent-reset: 0,001/0,001 secs] [Times: user=0,00 sys=0,00, real=0,00 secs] 
2017-07-31T16:17:48.525+0200: 16418,929: [GC (CMS Initial Mark) [1 CMS-initial-mark: 240530K(393216K)] 242259K(502464K), 0,0009298 secs] [Times: user=0,00 sys=0,00, real=0,00 secs] 
2017-07-31T16:17:48.526+0200: 16418,930: Total time for which application threads were stopped: 0,0011061 seconds, Stopping threads took: 0,0000257 seconds
2017-07-31T16:17:48.526+0200: 16418,930: [CMS-concurrent-mark-start]
2017-07-31T16:17:48.554+0200: 16418,958: [CMS-concurrent-mark: 0,028/0,028 secs] [Times: user=0,11 sys=0,00, real=0,03 secs] 
2017-07-31T16:17:48.554+0200: 16418,958: [CMS-concurrent-preclean-start]
2017-07-31T16:17:48.555+0200: 16418,960: [CMS-concurrent-preclean: 0,001/0,001 secs] [Times: user=0,00 sys=0,00, real=0,00 secs] 
2017-07-31T16:17:48.555+0200: 16418,960: [GC (CMS Final Remark) [YG occupancy: 1729 K (109248 K)]{Heap before GC invocations=458 (full 355):
 par new generation   total 109248K, used 1729K [0x00000000e0000000, 0x00000000e8000000, 0x00000000e8000000)
  eden space 87424K,   1% used [0x00000000e0000000, 0x00000000e01aecd8, 0x00000000e5560000)
  from space 21824K,   0% used [0x00000000e5560000, 0x00000000e5561830, 0x00000000e6ab0000)
  to   space 21824K,   0% used [0x00000000e6ab0000, 0x00000000e6ab0000, 0x00000000e8000000)
 concurrent mark-sweep generation total 393216K, used 240530K [0x00000000e8000000, 0x0000000100000000, 0x0000000100000000)
 Metaspace       used 32762K, capacity 33224K, committed 33732K, reserved 1079296K
  class space    used 3585K, capacity 3736K, committed 3836K, reserved 1048576K
2017-07-31T16:17:48.555+0200: 16418,960: [GC (CMS Final Remark) 2017-07-31T16:17:48.556+0200: 16418,960: [ParNew
Desired survivor size 20112992 bytes, new threshold 8 (max 8)
- age   1:         64 bytes,         64 total
- age   2:         64 bytes,        128 total
- age   3:        216 bytes,        344 total
: 1729K->6K(109248K), 0,0030068 secs] 242259K->240536K(502464K), 0,0030516 secs] [Times: user=0,01 sys=0,00, real=0,00 secs] 
Heap after GC invocations=459 (full 355):
 par new generation   total 109248K, used 6K [0x00000000e0000000, 0x00000000e8000000, 0x00000000e8000000)
  eden space 87424K,   0% used [0x00000000e0000000, 0x00000000e0000000, 0x00000000e5560000)
  from space 21824K,   0% used [0x00000000e6ab0000, 0x00000000e6ab1830, 0x00000000e8000000)
  to   space 21824K,   0% used [0x00000000e5560000, 0x00000000e5560000, 0x00000000e6ab0000)
 concurrent mark-sweep generation total 393216K, used 240530K [0x00000000e8000000, 0x0000000100000000, 0x0000000100000000)
 Metaspace       used 32762K, capacity 33224K, committed 33732K, reserved 1079296K
  class space    used 3585K, capacity 3736K, committed 3836K, reserved 1048576K
}
2017-07-31T16:17:48.559+0200: 16418,963: [Rescan (parallel) , 0,0005375 secs]2017-07-31T16:17:48.559+0200: 16418,964: [weak refs processing, 0,0003996 secs]2017-07-31T16:17:48.560+0200: 16418,964: [class unloading, 0,0074758 secs]2017-07-31T16:17:48.567+0200: 16418,972: [scrub symbol table, 0,0035247 secs]2017-07-31T16:17:48.571+0200: 16418,975: [scrub string table, 0,0007674 secs][1 CMS-remark: 240530K(393216K)] 240536K(502464K), 0,0160610 secs] [Times: user=0,03 sys=0,00, real=0,01 secs] 
2017-07-31T16:17:48.572+0200: 16418,976: Total time for which application threads were stopped: 0,0162052 seconds, Stopping threads took: 0,0000291 seconds
2017-07-31T16:17:48.572+0200: 16418,976: [CMS-concurrent-sweep-start]
2017-07-31T16:17:48.600+0200: 16419,005: [CMS-concurrent-sweep: 0,029/0,029 secs] [Times: user=0,03 sys=0,00, real=0,04 secs] 
2017-07-31T16:17:48.600+0200: 16419,005: [CMS-concurrent-reset-start]
2017-07-31T16:17:48.601+0200: 16419,005: [CMS-concurrent-reset: 0,001/0,001 secs] [Times: user=0,00 sys=0,00, real=0,00 secs] 
2017-07-31T16:17:50.600+0200: 16421,005: [GC (CMS Initial Mark) [1 CMS-initial-mark: 240530K(393216K)] 241117K(502464K), 0,0009382 secs] [Times: user=0,00 sys=0,00, real=0,00 secs] 
2017-07-31T16:17:50.601+0200: 16421,006: Total time for which application threads were stopped: 0,0010818 seconds, Stopping threads took: 0,0000221 seconds
2017-07-31T16:17:50.601+0200: 16421,006: [CMS-concurrent-mark-start]
2017-07-31T16:17:50.625+0200: 16421,029: [CMS-concurrent-mark: 0,024/0,024 secs] [Times: user=0,10 sys=0,00, real=0,02 secs] 
2017-07-31T16:17:50.625+0200: 16421,029: [CMS-concurrent-preclean-start]
2017-07-31T16:17:50.626+0200: 16421,031: [CMS-concurrent-preclean: 0,001/0,001 secs] [Times: user=0,00 sys=0,00, real=0,00 secs] 
2017-07-31T16:17:50.626+0200: 16421,031: [GC (CMS Final Remark) [YG occupancy: 587 K (109248 K)]{Heap before GC invocations=459 (full 356):
 par new generation   total 109248K, used 587K [0x00000000e0000000, 0x00000000e8000000, 0x00000000e8000000)
  eden space 87424K,   0% used [0x00000000e0000000, 0x00000000e00915e8, 0x00000000e5560000)
  from space 21824K,   0% used [0x00000000e6ab0000, 0x00000000e6ab1830, 0x00000000e8000000)
  to   space 21824K,   0% used [0x00000000e5560000, 0x00000000e5560000, 0x00000000e6ab0000)
 concurrent mark-sweep generation total 393216K, used 240530K [0x00000000e8000000, 0x0000000100000000, 0x0000000100000000)
 Metaspace       used 32762K, capacity 33224K, committed 33732K, reserved 1079296K
  class space    used 3585K, capacity 3736K, committed 3836K, reserved 1048576K
2017-07-31T16:17:50.626+0200: 16421,031: [GC (CMS Final Remark) 2017-07-31T16:17:50.626+0200: 16421,031: [ParNew
Desired survivor size 20112992 bytes, new threshold 8 (max 8)
- age   1:         64 bytes,         64 total
- age   2:         64 bytes,        128 total
- age   3:         64 bytes,        192 total
- age   4:        152 bytes,        344 total
: 587K->8K(109248K), 0,0015434 secs] 241117K->240538K(502464K), 0,0015859 secs] [Times: user=0,00 sys=0,00, real=0,00 secs] 
Heap after GC invocations=460 (full 356):
 par new generation   total 109248K, used 8K [0x00000000e0000000, 0x00000000e8000000, 0x00000000e8000000)
  eden space 87424K,   0% used [0x00000000e0000000, 0x00000000e0000000, 0x00000000e5560000)
  from space 21824K,   0% used [0x00000000e5560000, 0x00000000e5562040, 0x00000000e6ab0000)
  to   space 21824K,   0% used [0x00000000e6ab0000, 0x00000000e6ab0000, 0x00000000e8000000)
 concurrent mark-sweep generation total 393216K, used 240530K [0x00000000e8000000, 0x0000000100000000, 0x0000000100000000)
 Metaspace       used 32762K, capacity 33224K, committed 33732K, reserved 1079296K
  class space    used 3585K, capacity 3736K, committed 3836K, reserved 1048576K
}
2017-07-31T16:17:50.628+0200: 16421,032: [Rescan (parallel) , 0,0004802 secs]2017-07-31T16:17:50.628+0200: 16421,033: [weak refs processing, 0,0004048 secs]2017-07-31T16:17:50.629+0200: 16421,033: [class unloading, 0,0068112 secs]2017-07-31T16:17:50.636+0200: 16421,040: [scrub symbol table, 0,0034499 secs]2017-07-31T16:17:50.639+0200: 16421,044: [scrub string table, 0,0006319 secs][1 CMS-remark: 240530K(393216K)] 240538K(502464K), 0,0136584 secs] [Times: user=0,02 sys=0,00, real=0,02 secs] 
2017-07-31T16:17:50.640+0200: 16421,044: Total time for which application threads were stopped: 0,0137951 seconds, Stopping threads took: 0,0000196 seconds
2017-07-31T16:17:50.640+0200: 16421,045: [CMS-concurrent-sweep-start]
2017-07-31T16:17:50.667+0200: 16421,072: [CMS-concurrent-sweep: 0,027/0,027 secs] [Times: user=0,02 sys=0,00, real=0,02 secs] 
2017-07-31T16:17:50.667+0200: 16421,072: [CMS-concurrent-reset-start]
2017-07-31T16:17:50.668+0200: 16421,072: [CMS-concurrent-reset: 0,001/0,001 secs] [Times: user=0,00 sys=0,00, real=0,00 secs] 
2017-07-31T16:17:52.667+0200: 16423,071: [GC (CMS Initial Mark) [1 CMS-initial-mark: 240530K(393216K)] 240981K(502464K), 0,0009109 secs] [Times: user=0,00 sys=0,00, real=0,00 secs] 
2017-07-31T16:17:52.668+0200: 16423,073: Total time for which application threads were stopped: 0,0011476 seconds, Stopping threads took: 0,0000244 seconds
2017-07-31T16:17:52.668+0200: 16423,073: [CMS-concurrent-mark-start]
2017-07-31T16:17:52.696+0200: 16423,101: [CMS-concurrent-mark: 0,028/0,028 secs] [Times: user=0,11 sys=0,01, real=0,03 secs] 
2017-07-31T16:17:52.696+0200: 16423,101: [CMS-concurrent-preclean-start]
2017-07-31T16:17:52.698+0200: 16423,102: [CMS-concurrent-preclean: 0,002/0,002 secs] [Times: user=0,00 sys=0,00, real=0,00 secs] 
2017-07-31T16:17:52.698+0200: 16423,103: [GC (CMS Final Remark) [YG occupancy: 450 K (109248 K)]{Heap before GC invocations=460 (full 357):
 par new generation   total 109248K, used 450K [0x00000000e0000000, 0x00000000e8000000, 0x00000000e8000000)
  eden space 87424K,   0% used [0x00000000e0000000, 0x00000000e006ebb0, 0x00000000e5560000)
  from space 21824K,   0% used [0x00000000e5560000, 0x00000000e5562040, 0x00000000e6ab0000)
  to   space 21824K,   0% used [0x00000000e6ab0000, 0x00000000e6ab0000, 0x00000000e8000000)
 concurrent mark-sweep generation total 393216K, used 240530K [0x00000000e8000000, 0x0000000100000000, 0x0000000100000000)
 Metaspace       used 32762K, capacity 33224K, committed 33732K, reserved 1079296K
  class space    used 3585K, capacity 3736K, committed 3836K, reserved 1048576K
2017-07-31T16:17:52.698+0200: 16423,103: [GC (CMS Final Remark) 2017-07-31T16:17:52.698+0200: 16423,103: [ParNew
Desired survivor size 20112992 bytes, new threshold 8 (max 8)
- age   1:         32 bytes,         32 total
- age   2:         64 bytes,         96 total
- age   3:         64 bytes,        160 total
- age   4:         32 bytes,        192 total
- age   5:        152 bytes,        344 total
: 450K->8K(109248K), 0,0044605 secs] 240981K->240538K(502464K), 0,0045308 secs] [Times: user=0,01 sys=0,00, real=0,01 secs] 
Heap after GC invocations=461 (full 357):
 par new generation   total 109248K, used 8K [0x00000000e0000000, 0x00000000e8000000, 0x00000000e8000000)
  eden space 87424K,   0% used [0x00000000e0000000, 0x00000000e0000000, 0x00000000e5560000)
  from space 21824K,   0% used [0x00000000e6ab0000, 0x00000000e6ab2040, 0x00000000e8000000)
  to   space 21824K,   0% used [0x00000000e5560000, 0x00000000e5560000, 0x00000000e6ab0000)
 concurrent mark-sweep generation total 393216K, used 240530K [0x00000000e8000000, 0x0000000100000000, 0x0000000100000000)
 Metaspace       used 32762K, capacity 33224K, committed 33732K, reserved 1079296K
  class space    used 3585K, capacity 3736K, committed 3836K, reserved 1048576K
}
2017-07-31T16:17:52.703+0200: 16423,107: [Rescan (parallel) , 0,0005674 secs]2017-07-31T16:17:52.703+0200: 16423,108: [weak refs processing, 0,0007245 secs]2017-07-31T16:17:52.704+0200: 16423,109: [class unloading, 0,0081656 secs]2017-07-31T16:17:52.712+0200: 16423,117: [scrub symbol table, 0,0036694 secs]2017-07-31T16:17:52.716+0200: 16423,120: [scrub string table, 0,0006793 secs][1 CMS-remark: 240530K(393216K)] 240538K(502464K), 0,0186655 secs] [Times: user=0,02 sys=0,01, real=0,02 secs] 
2017-07-31T16:17:52.717+0200: 16423,121: Total time for which application threads were stopped: 0,0188247 seconds, Stopping threads took: 0,0000340 seconds
2017-07-31T16:17:52.717+0200: 16423,121: [CMS-concurrent-sweep-start]
2017-07-31T16:17:52.748+0200: 16423,152: [CMS-concurrent-sweep: 0,031/0,031 secs] [Times: user=0,03 sys=0,00, real=0,03 secs] 
2017-07-31T16:17:52.748+0200: 16423,152: [CMS-concurrent-reset-start]
2017-07-31T16:17:52.748+0200: 16423,153: [CMS-concurrent-reset: 0,001/0,001 secs] [Times: user=0,00 sys=0,00, real=0,00 secs] 
2017-07-31T16:17:54.747+0200: 16425,152: [GC (CMS Initial Mark) [1 CMS-initial-mark: 240530K(393216K)] 242515K(502464K), 0,0007744 secs] [Times: user=0,00 sys=0,00, real=0,00 secs] 
2017-07-31T16:17:54.748+0200: 16425,153: Total time for which application threads were stopped: 0,0009553 seconds, Stopping threads took: 0,0000263 seconds
2017-07-31T16:17:54.748+0200: 16425,153: [CMS-concurrent-mark-start]
2017-07-31T16:17:54.772+0200: 16425,176: [CMS-concurrent-mark: 0,023/0,023 secs] [Times: user=0,10 sys=0,00, real=0,02 secs] 
2017-07-31T16:17:54.772+0200: 16425,176: [CMS-concurrent-preclean-start]
2017-07-31T16:17:54.773+0200: 16425,178: [CMS-concurrent-preclean: 0,002/0,002 secs] [Times: user=0,00 sys=0,00, real=0,01 secs] 
2017-07-31T16:17:54.774+0200: 16425,178: [GC (CMS Final Remark) [YG occupancy: 1985 K (109248 K)]{Heap before GC invocations=461 (full 358):
 par new generation   total 109248K, used 1985K [0x00000000e0000000, 0x00000000e8000000, 0x00000000e8000000)
  eden space 87424K,   2% used [0x00000000e0000000, 0x00000000e01ee538, 0x00000000e5560000)
  from space 21824K,   0% used [0x00000000e6ab0000, 0x00000000e6ab2040, 0x00000000e8000000)
  to   space 21824K,   0% used [0x00000000e5560000, 0x00000000e5560000, 0x00000000e6ab0000)
 concurrent mark-sweep generation total 393216K, used 240530K [0x00000000e8000000, 0x0000000100000000, 0x0000000100000000)
 Metaspace       used 32762K, capacity 33224K, committed 33732K, reserved 1079296K
  class space    used 3585K, capacity 3736K, committed 3836K, reserved 1048576K
2017-07-31T16:17:54.774+0200: 16425,178: [GC (CMS Final Remark) 2017-07-31T16:17:54.774+0200: 16425,178: [ParNew
Desired survivor size 20112992 bytes, new threshold 8 (max 8)
- age   1:         96 bytes,         96 total
- age   2:         32 bytes,        128 total
- age   3:         64 bytes,        192 total
- age   6:        152 bytes,        344 total
: 1985K->8K(109248K), 0,0037436 secs] 242515K->240538K(502464K), 0,0038016 secs] [Times: user=0,00 sys=0,00, real=0,00 secs] 
Heap after GC invocations=462 (full 358):
 par new generation   total 109248K, used 8K [0x00000000e0000000, 0x00000000e8000000, 0x00000000e8000000)
  eden space 87424K,   0% used [0x00000000e0000000, 0x00000000e0000000, 0x00000000e5560000)
  from space 21824K,   0% used [0x00000000e5560000, 0x00000000e5562040, 0x00000000e6ab0000)
  to   space 21824K,   0% used [0x00000000e6ab0000, 0x00000000e6ab0000, 0x00000000e8000000)
 concurrent mark-sweep generation total 393216K, used 240530K [0x00000000e8000000, 0x0000000100000000, 0x0000000100000000)
 Metaspace       used 32762K, capacity 33224K, committed 33732K, reserved 1079296K
  class space    used 3585K, capacity 3736K, committed 3836K, reserved 1048576K
}
2017-07-31T16:17:54.777+0200: 16425,182: [Rescan (parallel) , 0,0006338 secs]2017-07-31T16:17:54.778+0200: 16425,183: [weak refs processing, 0,0003802 secs]2017-07-31T16:17:54.779+0200: 16425,183: [class unloading, 0,0067872 secs]2017-07-31T16:17:54.785+0200: 16425,190: [scrub symbol table, 0,0033994 secs]2017-07-31T16:17:54.789+0200: 16425,193: [scrub string table, 0,0005969 secs][1 CMS-remark: 240530K(393216K)] 240538K(502464K), 0,0158452 secs] [Times: user=0,02 sys=0,00, real=0,01 secs] 
2017-07-31T16:17:54.789+0200: 16425,194: Total time for which application threads were stopped: 0,0159863 seconds, Stopping threads took: 0,0000328 seconds
2017-07-31T16:17:54.790+0200: 16425,194: [CMS-concurrent-sweep-start]
2017-07-31T16:17:54.815+0200: 16425,220: [CMS-concurrent-sweep: 0,026/0,026 secs] [Times: user=0,02 sys=0,00, real=0,03 secs] 
2017-07-31T16:17:54.815+0200: 16425,220: [CMS-concurrent-reset-start]
2017-07-31T16:17:54.816+0200: 16425,220: [CMS-concurrent-reset: 0,001/0,001 secs] [Times: user=0,01 sys=0,00, real=0,00 secs] 
2017-07-31T16:17:56.815+0200: 16427,219: [GC (CMS Initial Mark) [1 CMS-initial-mark: 240530K(393216K)] 241308K(502464K), 0,0010777 secs] [Times: user=0,00 sys=0,00, real=0,00 secs] 
2017-07-31T16:17:56.816+0200: 16427,221: Total time for which application threads were stopped: 0,0012382 seconds, Stopping threads took: 0,0000246 seconds
2017-07-31T16:17:56.816+0200: 16427,221: [CMS-concurrent-mark-start]
2017-07-31T16:17:56.846+0200: 16427,250: [CMS-concurrent-mark: 0,030/0,030 secs] [Times: user=0,12 sys=0,00, real=0,03 secs] 
2017-07-31T16:17:56.846+0200: 16427,250: [CMS-concurrent-preclean-start]
2017-07-31T16:17:56.847+0200: 16427,252: [CMS-concurrent-preclean: 0,002/0,002 secs] [Times: user=0,00 sys=0,00, real=0,00 secs] 
2017-07-31T16:17:56.848+0200: 16427,252: [GC (CMS Final Remark) [YG occupancy: 778 K (109248 K)]{Heap before GC invocations=462 (full 359):
 par new generation   total 109248K, used 778K [0x00000000e0000000, 0x00000000e8000000, 0x00000000e8000000)
  eden space 87424K,   0% used [0x00000000e0000000, 0x00000000e00c0938, 0x00000000e5560000)
  from space 21824K,   0% used [0x00000000e5560000, 0x00000000e5562040, 0x00000000e6ab0000)
  to   space 21824K,   0% used [0x00000000e6ab0000, 0x00000000e6ab0000, 0x00000000e8000000)
 concurrent mark-sweep generation total 393216K, used 240530K [0x00000000e8000000, 0x0000000100000000, 0x0000000100000000)
 Metaspace       used 32762K, capacity 33224K, committed 33732K, reserved 1079296K
  class space    used 3585K, capacity 3736K, committed 3836K, reserved 1048576K
2017-07-31T16:17:56.848+0200: 16427,252: [GC (CMS Final Remark) 2017-07-31T16:17:56.848+0200: 16427,252: [ParNew
Desired survivor size 20112992 bytes, new threshold 8 (max 8)
- age   1:         64 bytes,         64 total
- age   2:         96 bytes,        160 total
- age   3:         32 bytes,        192 total
- age   7:        152 bytes,        344 total
: 778K->6K(109248K), 0,0035217 secs] 241308K->240536K(502464K), 0,0035945 secs] [Times: user=0,00 sys=0,00, real=0,00 secs] 
Heap after GC invocations=463 (full 359):
 par new generation   total 109248K, used 6K [0x00000000e0000000, 0x00000000e8000000, 0x00000000e8000000)
  eden space 87424K,   0% used [0x00000000e0000000, 0x00000000e0000000, 0x00000000e5560000)
  from space 21824K,   0% used [0x00000000e6ab0000, 0x00000000e6ab1830, 0x00000000e8000000)
  to   space 21824K,   0% used [0x00000000e5560000, 0x00000000e5560000, 0x00000000e6ab0000)
 concurrent mark-sweep generation total 393216K, used 240530K [0x00000000e8000000, 0x0000000100000000, 0x0000000100000000)
 Metaspace       used 32762K, capacity 33224K, committed 33732K, reserved 1079296K
  class space    used 3585K, capacity 3736K, committed 3836K, reserved 1048576K
}
2017-07-31T16:17:56.851+0200: 16427,256: [Rescan (parallel) , 0,0006221 secs]2017-07-31T16:17:56.852+0200: 16427,257: [weak refs processing, 0,0007794 secs]2017-07-31T16:17:56.853+0200: 16427,257: [class unloading, 0,0081231 secs]2017-07-31T16:17:56.861+0200: 16427,265: [scrub symbol table, 0,0038068 secs]2017-07-31T16:17:56.865+0200: 16427,269: [scrub string table, 0,0007030 secs][1 CMS-remark: 240530K(393216K)] 240536K(502464K), 0,0179214 secs] [Times: user=0,02 sys=0,00, real=0,02 secs] 
2017-07-31T16:17:56.866+0200: 16427,270: Total time for which application threads were stopped: 0,0180715 seconds, Stopping threads took: 0,0000254 seconds
2017-07-31T16:17:56.866+0200: 16427,270: [CMS-concurrent-sweep-start]
2017-07-31T16:17:56.896+0200: 16427,301: [CMS-concurrent-sweep: 0,031/0,031 secs] [Times: user=0,03 sys=0,00, real=0,03 secs] 
2017-07-31T16:17:56.896+0200: 16427,301: [CMS-concurrent-reset-start]
2017-07-31T16:17:56.897+0200: 16427,302: [CMS-concurrent-reset: 0,001/0,001 secs] [Times: user=0,00 sys=0,00, real=0,00 secs] 
2017-07-31T16:17:58.896+0200: 16429,301: [GC (CMS Initial Mark) [1 CMS-initial-mark: 240530K(393216K)] 242513K(502464K), 0,0009672 secs] [Times: user=0,00 sys=0,00, real=0,00 secs] 
2017-07-31T16:17:58.897+0200: 16429,302: Total time for which application threads were stopped: 0,0011345 seconds, Stopping threads took: 0,0000326 seconds
2017-07-31T16:17:58.897+0200: 16429,302: [CMS-concurrent-mark-start]
2017-07-31T16:17:58.926+0200: 16429,330: [CMS-concurrent-mark: 0,028/0,028 secs] [Times: user=0,12 sys=0,00, real=0,03 secs] 
2017-07-31T16:17:58.926+0200: 16429,330: [CMS-concurrent-preclean-start]
2017-07-31T16:17:58.927+0200: 16429,332: [CMS-concurrent-preclean: 0,001/0,001 secs] [Times: user=0,00 sys=0,00, real=0,00 secs] 
2017-07-31T16:17:58.928+0200: 16429,332: [GC (CMS Final Remark) [YG occupancy: 1983 K (109248 K)]{Heap before GC invocations=463 (full 360):
 par new generation   total 109248K, used 1983K [0x00000000e0000000, 0x00000000e8000000, 0x00000000e8000000)
  eden space 87424K,   2% used [0x00000000e0000000, 0x00000000e01ee538, 0x00000000e5560000)
  from space 21824K,   0% used [0x00000000e6ab0000, 0x00000000e6ab1830, 0x00000000e8000000)
  to   space 21824K,   0% used [0x00000000e5560000, 0x00000000e5560000, 0x00000000e6ab0000)
 concurrent mark-sweep generation total 393216K, used 240530K [0x00000000e8000000, 0x0000000100000000, 0x0000000100000000)
 Metaspace       used 32762K, capacity 33224K, committed 33732K, reserved 1079296K
  class space    used 3585K, capacity 3736K, committed 3836K, reserved 1048576K
2017-07-31T16:17:58.928+0200: 16429,332: [GC (CMS Final Remark) 2017-07-31T16:17:58.928+0200: 16429,332: [ParNew
Desired survivor size 20112992 bytes, new threshold 8 (max 8)
- age   1:         96 bytes,         96 total
- age   2:         64 bytes,        160 total
- age   3:         32 bytes,        192 total
- age   8:        152 bytes,        344 total
: 1983K->6K(109248K), 0,0032459 secs] 242513K->240536K(502464K), 0,0033068 secs] [Times: user=0,01 sys=0,00, real=0,00 secs] 
Heap after GC invocations=464 (full 360):
 par new generation   total 109248K, used 6K [0x00000000e0000000, 0x00000000e8000000, 0x00000000e8000000)
  eden space 87424K,   0% used [0x00000000e0000000, 0x00000000e0000000, 0x00000000e5560000)
  from space 21824K,   0% used [0x00000000e5560000, 0x00000000e5561830, 0x00000000e6ab0000)
  to   space 21824K,   0% used [0x00000000e6ab0000, 0x00000000e6ab0000, 0x00000000e8000000)
 concurrent mark-sweep generation total 393216K, used 240530K [0x00000000e8000000, 0x0000000100000000, 0x0000000100000000)
 Metaspace       used 32762K, capacity 33224K, committed 33732K, reserved 1079296K
  class space    used 3585K, capacity 3736K, committed 3836K, reserved 1048576K
}
2017-07-31T16:17:58.931+0200: 16429,335: [Rescan (parallel) , 0,0005277 secs]2017-07-31T16:17:58.931+0200: 16429,336: [weak refs processing, 0,0004076 secs]2017-07-31T16:17:58.932+0200: 16429,336: [class unloading, 0,0077309 secs]2017-07-31T16:17:58.940+0200: 16429,344: [scrub symbol table, 0,0034194 secs]2017-07-31T16:17:58.943+0200: 16429,348: [scrub string table, 0,0006329 secs][1 CMS-remark: 240530K(393216K)] 240536K(502464K), 0,0163101 secs] [Times: user=0,02 sys=0,00, real=0,02 secs] 
2017-07-31T16:17:58.944+0200: 16429,348: Total time for which application threads were stopped: 0,0164353 seconds, Stopping threads took: 0,0000205 seconds
2017-07-31T16:17:58.944+0200: 16429,348: [CMS-concurrent-sweep-start]
2017-07-31T16:17:58.973+0200: 16429,377: [CMS-concurrent-sweep: 0,029/0,029 secs] [Times: user=0,03 sys=0,00, real=0,03 secs] 
2017-07-31T16:17:58.973+0200: 16429,377: [CMS-concurrent-reset-start]
2017-07-31T16:17:58.973+0200: 16429,378: [CMS-concurrent-reset: 0,001/0,001 secs] [Times: user=0,00 sys=0,00, real=0,00 secs] 
2017-07-31T16:18:00.973+0200: 16431,377: [GC (CMS Initial Mark) [1 CMS-initial-mark: 240530K(393216K)] 240863K(502464K), 0,0009859 secs] [Times: user=0,01 sys=0,00, real=0,00 secs] 
2017-07-31T16:18:00.974+0200: 16431,378: Total time for which application threads were stopped: 0,0011594 seconds, Stopping threads took: 0,0000237 seconds
2017-07-31T16:18:00.974+0200: 16431,378: [CMS-concurrent-mark-start]
2017-07-31T16:18:01.003+0200: 16431,407: [CMS-concurrent-mark: 0,029/0,029 secs] [Times: user=0,11 sys=0,00, real=0,03 secs] 
2017-07-31T16:18:01.003+0200: 16431,407: [CMS-concurrent-preclean-start]
2017-07-31T16:18:01.004+0200: 16431,409: [CMS-concurrent-preclean: 0,001/0,001 secs] [Times: user=0,00 sys=0,00, real=0,00 secs] 
2017-07-31T16:18:01.005+0200: 16431,409: [GC (CMS Final Remark) [YG occupancy: 333 K (109248 K)]{Heap before GC invocations=464 (full 361):
 par new generation   total 109248K, used 333K [0x00000000e0000000, 0x00000000e8000000, 0x00000000e8000000)
  eden space 87424K,   0% used [0x00000000e0000000, 0x00000000e0051d88, 0x00000000e5560000)
  from space 21824K,   0% used [0x00000000e5560000, 0x00000000e5561830, 0x00000000e6ab0000)
  to   space 21824K,   0% used [0x00000000e6ab0000, 0x00000000e6ab0000, 0x00000000e8000000)
 concurrent mark-sweep generation total 393216K, used 240530K [0x00000000e8000000, 0x0000000100000000, 0x0000000100000000)
 Metaspace       used 32762K, capacity 33224K, committed 33732K, reserved 1079296K
  class space    used 3585K, capacity 3736K, committed 3836K, reserved 1048576K
2017-07-31T16:18:01.005+0200: 16431,409: [GC (CMS Final Remark) 2017-07-31T16:18:01.005+0200: 16431,409: [ParNew
Desired survivor size 20112992 bytes, new threshold 8 (max 8)
- age   1:         32 bytes,         32 total
- age   2:         96 bytes,        128 total
- age   3:         64 bytes,        192 total
: 333K->6K(109248K), 0,0040934 secs] 240863K->240536K(502464K), 0,0041380 secs] [Times: user=0,01 sys=0,01, real=0,00 secs] 
Heap after GC invocations=465 (full 361):
 par new generation   total 109248K, used 6K [0x00000000e0000000, 0x00000000e8000000, 0x00000000e8000000)
  eden space 87424K,   0% used [0x00000000e0000000, 0x00000000e0000000, 0x00000000e5560000)
  from space 21824K,   0% used [0x00000000e6ab0000, 0x00000000e6ab1830, 0x00000000e8000000)
  to   space 21824K,   0% used [0x00000000e5560000, 0x00000000e5560000, 0x00000000e6ab0000)
 concurrent mark-sweep generation total 393216K, used 240530K [0x00000000e8000000, 0x0000000100000000, 0x0000000100000000)
 Metaspace       used 32762K, capacity 33224K, committed 33732K, reserved 1079296K
  class space    used 3585K, capacity 3736K, committed 3836K, reserved 1048576K
}
2017-07-31T16:18:01.009+0200: 16431,413: [Rescan (parallel) , 0,0004723 secs]2017-07-31T16:18:01.009+0200: 16431,414: [weak refs processing, 0,0005134 secs]2017-07-31T16:18:01.010+0200: 16431,414: [class unloading, 0,0076292 secs]2017-07-31T16:18:01.018+0200: 16431,422: [scrub symbol table, 0,0036186 secs]2017-07-31T16:18:01.021+0200: 16431,426: [scrub string table, 0,0006561 secs][1 CMS-remark: 240530K(393216K)] 240536K(502464K), 0,0172915 secs] [Times: user=0,02 sys=0,01, real=0,02 secs] 
2017-07-31T16:18:01.022+0200: 16431,427: Total time for which application threads were stopped: 0,0174328 seconds, Stopping threads took: 0,0000298 seconds
2017-07-31T16:18:01.022+0200: 16431,427: [CMS-concurrent-sweep-start]
2017-07-31T16:18:01.051+0200: 16431,455: [CMS-concurrent-sweep: 0,029/0,029 secs] [Times: user=0,03 sys=0,00, real=0,02 secs] 
2017-07-31T16:18:01.051+0200: 16431,455: [CMS-concurrent-reset-start]
2017-07-31T16:18:01.052+0200: 16431,456: [CMS-concurrent-reset: 0,001/0,001 secs] [Times: user=0,00 sys=0,00, real=0,00 secs] 
2017-07-31T16:18:03.051+0200: 16433,455: [GC (CMS Initial Mark) [1 CMS-initial-mark: 240530K(393216K)] 242702K(502464K), 0,0006768 secs] [Times: user=0,00 sys=0,00, real=0,00 secs] 
2017-07-31T16:18:03.052+0200: 16433,456: Total time for which application threads were stopped: 0,0007932 seconds, Stopping threads took: 0,0000173 seconds
2017-07-31T16:18:03.052+0200: 16433,456: [CMS-concurrent-mark-start]
2017-07-31T16:18:03.067+0200: 16433,471: [CMS-concurrent-mark: 0,015/0,015 secs] [Times: user=0,06 sys=0,00, real=0,02 secs] 
2017-07-31T16:18:03.067+0200: 16433,471: [CMS-concurrent-preclean-start]
2017-07-31T16:18:03.068+0200: 16433,472: [CMS-concurrent-preclean: 0,001/0,001 secs] [Times: user=0,00 sys=0,00, real=0,00 secs] 
2017-07-31T16:18:03.068+0200: 16433,472: [CMS-concurrent-abortable-preclean-start]
 CMS: abort preclean due to time 2017-07-31T16:18:09.146+0200: 16439,550: [CMS-concurrent-abortable-preclean: 0,073/6,078 secs] [Times: user=0,08 sys=0,00, real=6,08 secs] 
2017-07-31T16:18:09.146+0200: 16439,550: [GC (CMS Final Remark) [YG occupancy: 2753 K (109248 K)]{Heap before GC invocations=465 (full 362):
 par new generation   total 109248K, used 2753K [0x00000000e0000000, 0x00000000e8000000, 0x00000000e8000000)
  eden space 87424K,   3% used [0x00000000e0000000, 0x00000000e02aee70, 0x00000000e5560000)
  from space 21824K,   0% used [0x00000000e6ab0000, 0x00000000e6ab1830, 0x00000000e8000000)
  to   space 21824K,   0% used [0x00000000e5560000, 0x00000000e5560000, 0x00000000e6ab0000)
 concurrent mark-sweep generation total 393216K, used 240530K [0x00000000e8000000, 0x0000000100000000, 0x0000000100000000)
 Metaspace       used 32762K, capacity 33224K, committed 33732K, reserved 1079296K
  class space    used 3585K, capacity 3736K, committed 3836K, reserved 1048576K
2017-07-31T16:18:09.146+0200: 16439,550: [GC (CMS Final Remark) 2017-07-31T16:18:09.146+0200: 16439,550: [ParNew
Desired survivor size 20112992 bytes, new threshold 8 (max 8)
- age   1:        192 bytes,        192 total
: 2753K->6K(109248K), 0,0041420 secs] 243283K->240536K(502464K), 0,0041926 secs] [Times: user=0,01 sys=0,00, real=0,00 secs] 
Heap after GC invocations=466 (full 362):
 par new generation   total 109248K, used 6K [0x00000000e0000000, 0x00000000e8000000, 0x00000000e8000000)
  eden space 87424K,   0% used [0x00000000e0000000, 0x00000000e0000000, 0x00000000e5560000)
  from space 21824K,   0% used [0x00000000e5560000, 0x00000000e5561830, 0x00000000e6ab0000)
  to   space 21824K,   0% used [0x00000000e6ab0000, 0x00000000e6ab0000, 0x00000000e8000000)
 concurrent mark-sweep generation total 393216K, used 240530K [0x00000000e8000000, 0x0000000100000000, 0x0000000100000000)
 Metaspace       used 32762K, capacity 33224K, committed 33732K, reserved 1079296K
  class space    used 3585K, capacity 3736K, committed 3836K, reserved 1048576K
}
2017-07-31T16:18:09.150+0200: 16439,555: [Rescan (parallel) , 0,0005211 secs]2017-07-31T16:18:09.151+0200: 16439,555: [weak refs processing, 0,0004701 secs]2017-07-31T16:18:09.151+0200: 16439,556: [class unloading, 0,0085195 secs]2017-07-31T16:18:09.160+0200: 16439,564: [scrub symbol table, 0,0036903 secs]2017-07-31T16:18:09.163+0200: 16439,568: [scrub string table, 0,0006928 secs][1 CMS-remark: 240530K(393216K)] 240536K(502464K), 0,0183783 secs] [Times: user=0,02 sys=0,00, real=0,02 secs] 
2017-07-31T16:18:09.164+0200: 16439,569: Total time for which application threads were stopped: 0,0185435 seconds, Stopping threads took: 0,0000444 seconds
2017-07-31T16:18:09.164+0200: 16439,569: [CMS-concurrent-sweep-start]
2017-07-31T16:18:09.196+0200: 16439,600: [CMS-concurrent-sweep: 0,031/0,031 secs] [Times: user=0,04 sys=0,00, real=0,03 secs] 
2017-07-31T16:18:09.196+0200: 16439,600: [CMS-concurrent-reset-start]
2017-07-31T16:18:09.196+0200: 16439,601: [CMS-concurrent-reset: 0,001/0,001 secs] [Times: user=0,00 sys=0,00, real=0,00 secs] 
2017-07-31T16:18:11.196+0200: 16441,600: [GC (CMS Initial Mark) [1 CMS-initial-mark: 240530K(393216K)] 241306K(502464K), 0,0010328 secs] [Times: user=0,00 sys=0,00, real=0,00 secs] 
2017-07-31T16:18:11.197+0200: 16441,601: Total time for which application threads were stopped: 0,0011895 seconds, Stopping threads took: 0,0000233 seconds
2017-07-31T16:18:11.197+0200: 16441,601: [CMS-concurrent-mark-start]
2017-07-31T16:18:11.223+0200: 16441,627: [CMS-concurrent-mark: 0,026/0,026 secs] [Times: user=0,10 sys=0,00, real=0,03 secs] 
2017-07-31T16:18:11.223+0200: 16441,627: [CMS-concurrent-preclean-start]
2017-07-31T16:18:11.224+0200: 16441,629: [CMS-concurrent-preclean: 0,002/0,002 secs] [Times: user=0,00 sys=0,00, real=0,00 secs] 
2017-07-31T16:18:11.225+0200: 16441,629: [GC (CMS Final Remark) [YG occupancy: 776 K (109248 K)]{Heap before GC invocations=466 (full 363):
 par new generation   total 109248K, used 776K [0x00000000e0000000, 0x00000000e8000000, 0x00000000e8000000)
  eden space 87424K,   0% used [0x00000000e0000000, 0x00000000e00c0938, 0x00000000e5560000)
  from space 21824K,   0% used [0x00000000e5560000, 0x00000000e5561830, 0x00000000e6ab0000)
  to   space 21824K,   0% used [0x00000000e6ab0000, 0x00000000e6ab0000, 0x00000000e8000000)
 concurrent mark-sweep generation total 393216K, used 240530K [0x00000000e8000000, 0x0000000100000000, 0x0000000100000000)
 Metaspace       used 32762K, capacity 33224K, committed 33732K, reserved 1079296K
  class space    used 3585K, capacity 3736K, committed 3836K, reserved 1048576K
2017-07-31T16:18:11.225+0200: 16441,629: [GC (CMS Final Remark) 2017-07-31T16:18:11.225+0200: 16441,629: [ParNew
Desired survivor size 20112992 bytes, new threshold 8 (max 8)
- age   1:         64 bytes,         64 total
- age   2:        128 bytes,        192 total
: 776K->6K(109248K), 0,0043958 secs] 241306K->240536K(502464K), 0,0044416 secs] [Times: user=0,01 sys=0,00, real=0,00 secs] 
Heap after GC invocations=467 (full 363):
 par new generation   total 109248K, used 6K [0x00000000e0000000, 0x00000000e8000000, 0x00000000e8000000)
  eden space 87424K,   0% used [0x00000000e0000000, 0x00000000e0000000, 0x00000000e5560000)
  from space 21824K,   0% used [0x00000000e6ab0000, 0x00000000e6ab1830, 0x00000000e8000000)
  to   space 21824K,   0% used [0x00000000e5560000, 0x00000000e5560000, 0x00000000e6ab0000)
 concurrent mark-sweep generation total 393216K, used 240530K [0x00000000e8000000, 0x0000000100000000, 0x0000000100000000)
 Metaspace       used 32762K, capacity 33224K, committed 33732K, reserved 1079296K
  class space    used 3585K, capacity 3736K, committed 3836K, reserved 1048576K
}
2017-07-31T16:18:11.229+0200: 16441,634: [Rescan (parallel) , 0,0005369 secs]2017-07-31T16:18:11.230+0200: 16441,634: [weak refs processing, 0,0004507 secs]2017-07-31T16:18:11.230+0200: 16441,635: [class unloading, 0,0080704 secs]2017-07-31T16:18:11.238+0200: 16441,643: [scrub symbol table, 0,0038920 secs]2017-07-31T16:18:11.242+0200: 16441,647: [scrub string table, 0,0006420 secs][1 CMS-remark: 240530K(393216K)] 240536K(502464K), 0,0184359 secs] [Times: user=0,03 sys=0,00, real=0,02 secs] 
2017-07-31T16:18:11.243+0200: 16441,648: Total time for which application threads were stopped: 0,0185726 seconds, Stopping threads took: 0,0000305 seconds
2017-07-31T16:18:11.243+0200: 16441,648: [CMS-concurrent-sweep-start]
2017-07-31T16:18:11.271+0200: 16441,676: [CMS-concurrent-sweep: 0,028/0,028 secs] [Times: user=0,03 sys=0,00, real=0,02 secs] 
2017-07-31T16:18:11.271+0200: 16441,676: [CMS-concurrent-reset-start]
2017-07-31T16:18:11.272+0200: 16441,676: [CMS-concurrent-reset: 0,001/0,001 secs] [Times: user=0,00 sys=0,00, real=0,01 secs] 
2017-07-31T16:18:13.271+0200: 16443,676: [GC (CMS Initial Mark) [1 CMS-initial-mark: 240530K(393216K)] 242259K(502464K), 0,0010658 secs] [Times: user=0,00 sys=0,01, real=0,01 secs] 
2017-07-31T16:18:13.272+0200: 16443,677: Total time for which application threads were stopped: 0,0012287 seconds, Stopping threads took: 0,0000337 seconds
2017-07-31T16:18:13.272+0200: 16443,677: [CMS-concurrent-mark-start]
2017-07-31T16:18:13.298+0200: 16443,703: [CMS-concurrent-mark: 0,026/0,026 secs] [Times: user=0,10 sys=0,00, real=0,02 secs] 
2017-07-31T16:18:13.298+0200: 16443,703: [CMS-concurrent-preclean-start]
2017-07-31T16:18:13.300+0200: 16443,704: [CMS-concurrent-preclean: 0,002/0,002 secs] [Times: user=0,00 sys=0,00, real=0,00 secs] 
2017-07-31T16:18:13.300+0200: 16443,705: [GC (CMS Final Remark) [YG occupancy: 1729 K (109248 K)]{Heap before GC invocations=467 (full 364):
 par new generation   total 109248K, used 1729K [0x00000000e0000000, 0x00000000e8000000, 0x00000000e8000000)
  eden space 87424K,   1% used [0x00000000e0000000, 0x00000000e01aecd8, 0x00000000e5560000)
  from space 21824K,   0% used [0x00000000e6ab0000, 0x00000000e6ab1830, 0x00000000e8000000)
  to   space 21824K,   0% used [0x00000000e5560000, 0x00000000e5560000, 0x00000000e6ab0000)
 concurrent mark-sweep generation total 393216K, used 240530K [0x00000000e8000000, 0x0000000100000000, 0x0000000100000000)
 Metaspace       used 32762K, capacity 33224K, committed 33732K, reserved 1079296K
  class space    used 3585K, capacity 3736K, committed 3836K, reserved 1048576K
2017-07-31T16:18:13.300+0200: 16443,705: [GC (CMS Final Remark) 2017-07-31T16:18:13.300+0200: 16443,705: [ParNew
Desired survivor size 20112992 bytes, new threshold 8 (max 8)
- age   1:         64 bytes,         64 total
- age   2:         64 bytes,        128 total
- age   3:         64 bytes,        192 total
: 1729K->6K(109248K), 0,0043758 secs] 242259K->240536K(502464K), 0,0044290 secs] [Times: user=0,00 sys=0,00, real=0,00 secs] 
Heap after GC invocations=468 (full 364):
 par new generation   total 109248K, used 6K [0x00000000e0000000, 0x00000000e8000000, 0x00000000e8000000)
  eden space 87424K,   0% used [0x00000000e0000000, 0x00000000e0000000, 0x00000000e5560000)
  from space 21824K,   0% used [0x00000000e5560000, 0x00000000e5561830, 0x00000000e6ab0000)
  to   space 21824K,   0% used [0x00000000e6ab0000, 0x00000000e6ab0000, 0x00000000e8000000)
 concurrent mark-sweep generation total 393216K, used 240530K [0x00000000e8000000, 0x0000000100000000, 0x0000000100000000)
 Metaspace       used 32762K, capacity 33224K, committed 33732K, reserved 1079296K
  class space    used 3585K, capacity 3736K, committed 3836K, reserved 1048576K
}
2017-07-31T16:18:13.305+0200: 16443,709: [Rescan (parallel) , 0,0005833 secs]2017-07-31T16:18:13.305+0200: 16443,710: [weak refs processing, 0,0004000 secs]2017-07-31T16:18:13.306+0200: 16443,710: [class unloading, 0,0075890 secs]2017-07-31T16:18:13.313+0200: 16443,718: [scrub symbol table, 0,0039892 secs]2017-07-31T16:18:13.317+0200: 16443,722: [scrub string table, 0,0006357 secs][1 CMS-remark: 240530K(393216K)] 240536K(502464K), 0,0180178 secs] [Times: user=0,02 sys=0,00, real=0,01 secs] 
2017-07-31T16:18:13.318+0200: 16443,723: Total time for which application threads were stopped: 0,0181669 seconds, Stopping threads took: 0,0000303 seconds
2017-07-31T16:18:13.318+0200: 16443,723: [CMS-concurrent-sweep-start]
2017-07-31T16:18:13.347+0200: 16443,751: [CMS-concurrent-sweep: 0,028/0,028 secs] [Times: user=0,03 sys=0,00, real=0,03 secs] 
2017-07-31T16:18:13.347+0200: 16443,751: [CMS-concurrent-reset-start]
2017-07-31T16:18:13.347+0200: 16443,752: [CMS-concurrent-reset: 0,001/0,001 secs] [Times: user=0,00 sys=0,00, real=0,00 secs] 
2017-07-31T16:18:15.347+0200: 16445,751: [GC (CMS Initial Mark) [1 CMS-initial-mark: 240530K(393216K)] 240842K(502464K), 0,0010294 secs] [Times: user=0,00 sys=0,00, real=0,00 secs] 
2017-07-31T16:18:15.348+0200: 16445,752: Total time for which application threads were stopped: 0,0011896 seconds, Stopping threads took: 0,0000242 seconds
2017-07-31T16:18:15.348+0200: 16445,752: [CMS-concurrent-mark-start]
2017-07-31T16:18:15.376+0200: 16445,781: [CMS-concurrent-mark: 0,029/0,029 secs] [Times: user=0,12 sys=0,00, real=0,03 secs] 
2017-07-31T16:18:15.376+0200: 16445,781: [CMS-concurrent-preclean-start]
2017-07-31T16:18:15.378+0200: 16445,782: [CMS-concurrent-preclean: 0,001/0,001 secs] [Times: user=0,00 sys=0,00, real=0,00 secs] 
2017-07-31T16:18:15.378+0200: 16445,783: [GC (CMS Final Remark) [YG occupancy: 312 K (109248 K)]{Heap before GC invocations=468 (full 365):
 par new generation   total 109248K, used 312K [0x00000000e0000000, 0x00000000e8000000, 0x00000000e8000000)
  eden space 87424K,   0% used [0x00000000e0000000, 0x00000000e004c870, 0x00000000e5560000)
  from space 21824K,   0% used [0x00000000e5560000, 0x00000000e5561830, 0x00000000e6ab0000)
  to   space 21824K,   0% used [0x00000000e6ab0000, 0x00000000e6ab0000, 0x00000000e8000000)
 concurrent mark-sweep generation total 393216K, used 240530K [0x00000000e8000000, 0x0000000100000000, 0x0000000100000000)
 Metaspace       used 32762K, capacity 33224K, committed 33732K, reserved 1079296K
  class space    used 3585K, capacity 3736K, committed 3836K, reserved 1048576K
2017-07-31T16:18:15.378+0200: 16445,783: [GC (CMS Final Remark) 2017-07-31T16:18:15.378+0200: 16445,783: [ParNew
Desired survivor size 20112992 bytes, new threshold 8 (max 8)
- age   1:        184 bytes,        184 total
- age   2:         64 bytes,        248 total
- age   3:         64 bytes,        312 total
- age   4:         32 bytes,        344 total
: 312K->4K(109248K), 0,0040884 secs] 240842K->240534K(502464K), 0,0041452 secs] [Times: user=0,01 sys=0,00, real=0,01 secs] 
Heap after GC invocations=469 (full 365):
 par new generation   total 109248K, used 4K [0x00000000e0000000, 0x00000000e8000000, 0x00000000e8000000)
  eden space 87424K,   0% used [0x00000000e0000000, 0x00000000e0000000, 0x00000000e5560000)
  from space 21824K,   0% used [0x00000000e6ab0000, 0x00000000e6ab1020, 0x00000000e8000000)
  to   space 21824K,   0% used [0x00000000e5560000, 0x00000000e5560000, 0x00000000e6ab0000)
 concurrent mark-sweep generation total 393216K, used 240530K [0x00000000e8000000, 0x0000000100000000, 0x0000000100000000)
 Metaspace       used 32762K, capacity 33224K, committed 33732K, reserved 1079296K
  class space    used 3585K, capacity 3736K, committed 3836K, reserved 1048576K
}
2017-07-31T16:18:15.382+0200: 16445,787: [Rescan (parallel) , 0,0004891 secs]2017-07-31T16:18:15.383+0200: 16445,787: [weak refs processing, 0,0004916 secs]2017-07-31T16:18:15.383+0200: 16445,788: [class unloading, 0,0075421 secs]2017-07-31T16:18:15.391+0200: 16445,795: [scrub symbol table, 0,0035825 secs]2017-07-31T16:18:15.395+0200: 16445,799: [scrub string table, 0,0006559 secs][1 CMS-remark: 240530K(393216K)] 240534K(502464K), 0,0171972 secs] [Times: user=0,02 sys=0,00, real=0,02 secs] 
2017-07-31T16:18:15.395+0200: 16445,800: Total time for which application threads were stopped: 0,0173660 seconds, Stopping threads took: 0,0000319 seconds
2017-07-31T16:18:15.395+0200: 16445,800: [CMS-concurrent-sweep-start]
2017-07-31T16:18:15.425+0200: 16445,829: [CMS-concurrent-sweep: 0,029/0,029 secs] [Times: user=0,03 sys=0,00, real=0,03 secs] 
2017-07-31T16:18:15.425+0200: 16445,830: [CMS-concurrent-reset-start]
2017-07-31T16:18:15.426+0200: 16445,830: [CMS-concurrent-reset: 0,001/0,001 secs] [Times: user=0,00 sys=0,00, real=0,00 secs] 
2017-07-31T16:18:17.425+0200: 16447,829: [GC (CMS Initial Mark) [1 CMS-initial-mark: 240530K(393216K)] 241304K(502464K), 0,0010381 secs] [Times: user=0,00 sys=0,00, real=0,00 secs] 
2017-07-31T16:18:17.426+0200: 16447,830: Total time for which application threads were stopped: 0,0012002 seconds, Stopping threads took: 0,0000320 seconds
2017-07-31T16:18:17.426+0200: 16447,831: [CMS-concurrent-mark-start]
2017-07-31T16:18:17.451+0200: 16447,856: [CMS-concurrent-mark: 0,025/0,025 secs] [Times: user=0,10 sys=0,00, real=0,02 secs] 
2017-07-31T16:18:17.451+0200: 16447,856: [CMS-concurrent-preclean-start]
2017-07-31T16:18:17.453+0200: 16447,857: [CMS-concurrent-preclean: 0,001/0,001 secs] [Times: user=0,01 sys=0,00, real=0,01 secs] 
2017-07-31T16:18:17.453+0200: 16447,857: [GC (CMS Final Remark) [YG occupancy: 774 K (109248 K)]{Heap before GC invocations=469 (full 366):
 par new generation   total 109248K, used 774K [0x00000000e0000000, 0x00000000e8000000, 0x00000000e8000000)
  eden space 87424K,   0% used [0x00000000e0000000, 0x00000000e00c0938, 0x00000000e5560000)
  from space 21824K,   0% used [0x00000000e6ab0000, 0x00000000e6ab1020, 0x00000000e8000000)
  to   space 21824K,   0% used [0x00000000e5560000, 0x00000000e5560000, 0x00000000e6ab0000)
 concurrent mark-sweep generation total 393216K, used 240530K [0x00000000e8000000, 0x0000000100000000, 0x0000000100000000)
 Metaspace       used 32762K, capacity 33224K, committed 33732K, reserved 1079296K
  class space    used 3585K, capacity 3736K, committed 3836K, reserved 1048576K
2017-07-31T16:18:17.453+0200: 16447,857: [GC (CMS Final Remark) 2017-07-31T16:18:17.453+0200: 16447,857: [ParNew
Desired survivor size 20112992 bytes, new threshold 8 (max 8)
- age   1:         64 bytes,         64 total
- age   2:        184 bytes,        248 total
- age   3:         64 bytes,        312 total
- age   4:         32 bytes,        344 total
: 774K->6K(109248K), 0,0041262 secs] 241304K->240536K(502464K), 0,0041729 secs] [Times: user=0,01 sys=0,00, real=0,00 secs] 
Heap after GC invocations=470 (full 366):
 par new generation   total 109248K, used 6K [0x00000000e0000000, 0x00000000e8000000, 0x00000000e8000000)
  eden space 87424K,   0% used [0x00000000e0000000, 0x00000000e0000000, 0x00000000e5560000)
  from space 21824K,   0% used [0x00000000e5560000, 0x00000000e5561830, 0x00000000e6ab0000)
  to   space 21824K,   0% used [0x00000000e6ab0000, 0x00000000e6ab0000, 0x00000000e8000000)
 concurrent mark-sweep generation total 393216K, used 240530K [0x00000000e8000000, 0x0000000100000000, 0x0000000100000000)
 Metaspace       used 32762K, capacity 33224K, committed 33732K, reserved 1079296K
  class space    used 3585K, capacity 3736K, committed 3836K, reserved 1048576K
}
2017-07-31T16:18:17.457+0200: 16447,862: [Rescan (parallel) , 0,0005321 secs]2017-07-31T16:18:17.458+0200: 16447,862: [weak refs processing, 0,0004219 secs]2017-07-31T16:18:17.458+0200: 16447,863: [class unloading, 0,0077515 secs]2017-07-31T16:18:17.466+0200: 16447,870: [scrub symbol table, 0,0035896 secs]2017-07-31T16:18:17.469+0200: 16447,874: [scrub string table, 0,0006558 secs][1 CMS-remark: 240530K(393216K)] 240536K(502464K), 0,0174211 secs] [Times: user=0,02 sys=0,00, real=0,01 secs] 
2017-07-31T16:18:17.470+0200: 16447,875: Total time for which application threads were stopped: 0,0175650 seconds, Stopping threads took: 0,0000310 seconds
2017-07-31T16:18:17.470+0200: 16447,875: [CMS-concurrent-sweep-start]
2017-07-31T16:18:17.500+0200: 16447,904: [CMS-concurrent-sweep: 0,030/0,030 secs] [Times: user=0,03 sys=0,00, real=0,04 secs] 
2017-07-31T16:18:17.500+0200: 16447,904: [CMS-concurrent-reset-start]
2017-07-31T16:18:17.501+0200: 16447,905: [CMS-concurrent-reset: 0,001/0,001 secs] [Times: user=0,00 sys=0,00, real=0,00 secs] 
2017-07-31T16:18:19.500+0200: 16449,904: [GC (CMS Initial Mark) [1 CMS-initial-mark: 240530K(393216K)] 242513K(502464K), 0,0010235 secs] [Times: user=0,00 sys=0,00, real=0,01 secs] 
2017-07-31T16:18:19.501+0200: 16449,905: Total time for which application threads were stopped: 0,0011851 seconds, Stopping threads took: 0,0000243 seconds
2017-07-31T16:18:19.501+0200: 16449,905: [CMS-concurrent-mark-start]
2017-07-31T16:18:19.530+0200: 16449,935: [CMS-concurrent-mark: 0,029/0,029 secs] [Times: user=0,12 sys=0,00, real=0,02 secs] 
2017-07-31T16:18:19.530+0200: 16449,935: [CMS-concurrent-preclean-start]
2017-07-31T16:18:19.532+0200: 16449,936: [CMS-concurrent-preclean: 0,001/0,001 secs] [Times: user=0,00 sys=0,00, real=0,00 secs] 
2017-07-31T16:18:19.532+0200: 16449,936: [GC (CMS Final Remark) [YG occupancy: 1983 K (109248 K)]{Heap before GC invocations=470 (full 367):
 par new generation   total 109248K, used 1983K [0x00000000e0000000, 0x00000000e8000000, 0x00000000e8000000)
  eden space 87424K,   2% used [0x00000000e0000000, 0x00000000e01ee538, 0x00000000e5560000)
  from space 21824K,   0% used [0x00000000e5560000, 0x00000000e5561830, 0x00000000e6ab0000)
  to   space 21824K,   0% used [0x00000000e6ab0000, 0x00000000e6ab0000, 0x00000000e8000000)
 concurrent mark-sweep generation total 393216K, used 240530K [0x00000000e8000000, 0x0000000100000000, 0x0000000100000000)
 Metaspace       used 32762K, capacity 33224K, committed 33732K, reserved 1079296K
  class space    used 3585K, capacity 3736K, committed 3836K, reserved 1048576K
2017-07-31T16:18:19.532+0200: 16449,936: [GC (CMS Final Remark) 2017-07-31T16:18:19.532+0200: 16449,936: [ParNew
Desired survivor size 20112992 bytes, new threshold 8 (max 8)
- age   1:         96 bytes,         96 total
- age   2:         64 bytes,        160 total
- age   3:        184 bytes,        344 total
: 1983K->6K(109248K), 0,0040038 secs] 242513K->240536K(502464K), 0,0040523 secs] [Times: user=0,01 sys=0,00, real=0,00 secs] 
Heap after GC invocations=471 (full 367):
 par new generation   total 109248K, used 6K [0x00000000e0000000, 0x00000000e8000000, 0x00000000e8000000)
  eden space 87424K,   0% used [0x00000000e0000000, 0x00000000e0000000, 0x00000000e5560000)
  from space 21824K,   0% used [0x00000000e6ab0000, 0x00000000e6ab1830, 0x00000000e8000000)
  to   space 21824K,   0% used [0x00000000e5560000, 0x00000000e5560000, 0x00000000e6ab0000)
 concurrent mark-sweep generation total 393216K, used 240530K [0x00000000e8000000, 0x0000000100000000, 0x0000000100000000)
 Metaspace       used 32762K, capacity 33224K, committed 33732K, reserved 1079296K
  class space    used 3585K, capacity 3736K, committed 3836K, reserved 1048576K
}
2017-07-31T16:18:19.536+0200: 16449,941: [Rescan (parallel) , 0,0004599 secs]2017-07-31T16:18:19.537+0200: 16449,941: [weak refs processing, 0,0004983 secs]2017-07-31T16:18:19.537+0200: 16449,942: [class unloading, 0,0074510 secs]2017-07-31T16:18:19.545+0200: 16449,949: [scrub symbol table, 0,0036011 secs]2017-07-31T16:18:19.548+0200: 16449,953: [scrub string table, 0,0006567 secs][1 CMS-remark: 240530K(393216K)] 240536K(502464K), 0,0170143 secs] [Times: user=0,03 sys=0,00, real=0,02 secs] 
2017-07-31T16:18:19.549+0200: 16449,953: Total time for which application threads were stopped: 0,0171610 seconds, Stopping threads took: 0,0000314 seconds
2017-07-31T16:18:19.549+0200: 16449,953: [CMS-concurrent-sweep-start]
2017-07-31T16:18:19.577+0200: 16449,982: [CMS-concurrent-sweep: 0,028/0,028 secs] [Times: user=0,03 sys=0,00, real=0,03 secs] 
2017-07-31T16:18:19.578+0200: 16449,982: [CMS-concurrent-reset-start]
2017-07-31T16:18:19.578+0200: 16449,983: [CMS-concurrent-reset: 0,001/0,001 secs] [Times: user=0,00 sys=0,00, real=0,00 secs] 
2017-07-31T16:18:21.577+0200: 16451,982: [GC (CMS Initial Mark) [1 CMS-initial-mark: 240530K(393216K)] 241306K(502464K), 0,0010772 secs] [Times: user=0,00 sys=0,01, real=0,00 secs] 
2017-07-31T16:18:21.579+0200: 16451,983: Total time for which application threads were stopped: 0,0012345 seconds, Stopping threads took: 0,0000325 seconds
2017-07-31T16:18:21.579+0200: 16451,983: [CMS-concurrent-mark-start]
2017-07-31T16:18:21.607+0200: 16452,011: [CMS-concurrent-mark: 0,028/0,028 secs] [Times: user=0,11 sys=0,00, real=0,03 secs] 
2017-07-31T16:18:21.607+0200: 16452,011: [CMS-concurrent-preclean-start]
2017-07-31T16:18:21.608+0200: 16452,013: [CMS-concurrent-preclean: 0,001/0,001 secs] [Times: user=0,00 sys=0,00, real=0,00 secs] 
2017-07-31T16:18:21.608+0200: 16452,013: [GC (CMS Final Remark) [YG occupancy: 776 K (109248 K)]{Heap before GC invocations=471 (full 368):
 par new generation   total 109248K, used 776K [0x00000000e0000000, 0x00000000e8000000, 0x00000000e8000000)
  eden space 87424K,   0% used [0x00000000e0000000, 0x00000000e00c0938, 0x00000000e5560000)
  from space 21824K,   0% used [0x00000000e6ab0000, 0x00000000e6ab1830, 0x00000000e8000000)
  to   space 21824K,   0% used [0x00000000e5560000, 0x00000000e5560000, 0x00000000e6ab0000)
 concurrent mark-sweep generation total 393216K, used 240530K [0x00000000e8000000, 0x0000000100000000, 0x0000000100000000)
 Metaspace       used 32762K, capacity 33224K, committed 33732K, reserved 1079296K
  class space    used 3585K, capacity 3736K, committed 3836K, reserved 1048576K
2017-07-31T16:18:21.609+0200: 16452,013: [GC (CMS Final Remark) 2017-07-31T16:18:21.609+0200: 16452,013: [ParNew
Desired survivor size 20112992 bytes, new threshold 8 (max 8)
- age   1:         64 bytes,         64 total
- age   2:         96 bytes,        160 total
- age   3:         32 bytes,        192 total
- age   4:        152 bytes,        344 total
: 776K->6K(109248K), 0,0044163 secs] 241306K->240536K(502464K), 0,0044639 secs] [Times: user=0,01 sys=0,00, real=0,01 secs] 
Heap after GC invocations=472 (full 368):
 par new generation   total 109248K, used 6K [0x00000000e0000000, 0x00000000e8000000, 0x00000000e8000000)
  eden space 87424K,   0% used [0x00000000e0000000, 0x00000000e0000000, 0x00000000e5560000)
  from space 21824K,   0% used [0x00000000e5560000, 0x00000000e5561830, 0x00000000e6ab0000)
  to   space 21824K,   0% used [0x00000000e6ab0000, 0x00000000e6ab0000, 0x00000000e8000000)
 concurrent mark-sweep generation total 393216K, used 240530K [0x00000000e8000000, 0x0000000100000000, 0x0000000100000000)
 Metaspace       used 32762K, capacity 33224K, committed 33732K, reserved 1079296K
  class space    used 3585K, capacity 3736K, committed 3836K, reserved 1048576K
}
2017-07-31T16:18:21.613+0200: 16452,017: [Rescan (parallel) , 0,0005874 secs]2017-07-31T16:18:21.614+0200: 16452,018: [weak refs processing, 0,0005893 secs]2017-07-31T16:18:21.614+0200: 16452,019: [class unloading, 0,0077521 secs]2017-07-31T16:18:21.622+0200: 16452,026: [scrub symbol table, 0,0035478 secs]2017-07-31T16:18:21.626+0200: 16452,030: [scrub string table, 0,0006544 secs][1 CMS-remark: 240530K(393216K)] 240536K(502464K), 0,0178588 secs] [Times: user=0,02 sys=0,00, real=0,02 secs] 
2017-07-31T16:18:21.626+0200: 16452,031: Total time for which application threads were stopped: 0,0179955 seconds, Stopping threads took: 0,0000220 seconds
2017-07-31T16:18:21.626+0200: 16452,031: [CMS-concurrent-sweep-start]
2017-07-31T16:18:21.655+0200: 16452,060: [CMS-concurrent-sweep: 0,029/0,029 secs] [Times: user=0,03 sys=0,00, real=0,03 secs] 
2017-07-31T16:18:21.655+0200: 16452,060: [CMS-concurrent-reset-start]
2017-07-31T16:18:21.656+0200: 16452,060: [CMS-concurrent-reset: 0,001/0,001 secs] [Times: user=0,00 sys=0,00, real=0,00 secs] 
2017-07-31T16:18:23.655+0200: 16454,059: [GC (CMS Initial Mark) [1 CMS-initial-mark: 240530K(393216K)] 242513K(502464K), 0,0010066 secs] [Times: user=0,00 sys=0,00, real=0,00 secs] 
2017-07-31T16:18:23.656+0200: 16454,061: Total time for which application threads were stopped: 0,0011640 seconds, Stopping threads took: 0,0000251 seconds
2017-07-31T16:18:23.656+0200: 16454,061: [CMS-concurrent-mark-start]
2017-07-31T16:18:23.683+0200: 16454,087: [CMS-concurrent-mark: 0,026/0,026 secs] [Times: user=0,11 sys=0,00, real=0,03 secs] 
2017-07-31T16:18:23.683+0200: 16454,087: [CMS-concurrent-preclean-start]
2017-07-31T16:18:23.684+0200: 16454,089: [CMS-concurrent-preclean: 0,002/0,002 secs] [Times: user=0,00 sys=0,00, real=0,00 secs] 
2017-07-31T16:18:23.685+0200: 16454,089: [GC (CMS Final Remark) [YG occupancy: 1983 K (109248 K)]{Heap before GC invocations=472 (full 369):
 par new generation   total 109248K, used 1983K [0x00000000e0000000, 0x00000000e8000000, 0x00000000e8000000)
  eden space 87424K,   2% used [0x00000000e0000000, 0x00000000e01ee538, 0x00000000e5560000)
  from space 21824K,   0% used [0x00000000e5560000, 0x00000000e5561830, 0x00000000e6ab0000)
  to   space 21824K,   0% used [0x00000000e6ab0000, 0x00000000e6ab0000, 0x00000000e8000000)
 concurrent mark-sweep generation total 393216K, used 240530K [0x00000000e8000000, 0x0000000100000000, 0x0000000100000000)
 Metaspace       used 32762K, capacity 33224K, committed 33732K, reserved 1079296K
  class space    used 3585K, capacity 3736K, committed 3836K, reserved 1048576K
2017-07-31T16:18:23.685+0200: 16454,089: [GC (CMS Final Remark) 2017-07-31T16:18:23.685+0200: 16454,089: [ParNew
Desired survivor size 20112992 bytes, new threshold 8 (max 8)
- age   1:         96 bytes,         96 total
- age   2:         64 bytes,        160 total
- age   3:         32 bytes,        192 total
- age   5:        152 bytes,        344 total
: 1983K->8K(109248K), 0,0049292 secs] 242513K->240538K(502464K), 0,0049896 secs] [Times: user=0,01 sys=0,00, real=0,00 secs] 
Heap after GC invocations=473 (full 369):
 par new generation   total 109248K, used 8K [0x00000000e0000000, 0x00000000e8000000, 0x00000000e8000000)
  eden space 87424K,   0% used [0x00000000e0000000, 0x00000000e0000000, 0x00000000e5560000)
  from space 21824K,   0% used [0x00000000e6ab0000, 0x00000000e6ab2040, 0x00000000e8000000)
  to   space 21824K,   0% used [0x00000000e5560000, 0x00000000e5560000, 0x00000000e6ab0000)
 concurrent mark-sweep generation total 393216K, used 240530K [0x00000000e8000000, 0x0000000100000000, 0x0000000100000000)
 Metaspace       used 32762K, capacity 33224K, committed 33732K, reserved 1079296K
  class space    used 3585K, capacity 3736K, committed 3836K, reserved 1048576K
}
2017-07-31T16:18:23.690+0200: 16454,094: [Rescan (parallel) , 0,0004822 secs]2017-07-31T16:18:23.690+0200: 16454,095: [weak refs processing, 0,0006789 secs]2017-07-31T16:18:23.691+0200: 16454,095: [class unloading, 0,0081280 secs]2017-07-31T16:18:23.699+0200: 16454,104: [scrub symbol table, 0,0038150 secs]2017-07-31T16:18:23.703+0200: 16454,107: [scrub string table, 0,0007036 secs][1 CMS-remark: 240530K(393216K)] 240538K(502464K), 0,0190748 secs] [Times: user=0,03 sys=0,00, real=0,02 secs] 
2017-07-31T16:18:23.704+0200: 16454,108: Total time for which application threads were stopped: 0,0192287 seconds, Stopping threads took: 0,0000318 seconds
2017-07-31T16:18:23.704+0200: 16454,108: [CMS-concurrent-sweep-start]
2017-07-31T16:18:23.734+0200: 16454,138: [CMS-concurrent-sweep: 0,030/0,030 secs] [Times: user=0,03 sys=0,00, real=0,03 secs] 
2017-07-31T16:18:23.734+0200: 16454,139: [CMS-concurrent-reset-start]
2017-07-31T16:18:23.735+0200: 16454,139: [CMS-concurrent-reset: 0,001/0,001 secs] [Times: user=0,00 sys=0,00, real=0,00 secs] 
2017-07-31T16:18:25.734+0200: 16456,138: [GC (CMS Initial Mark) [1 CMS-initial-mark: 240530K(393216K)] 240865K(502464K), 0,0009899 secs] [Times: user=0,00 sys=0,00, real=0,00 secs] 
2017-07-31T16:18:25.735+0200: 16456,139: Total time for which application threads were stopped: 0,0011444 seconds, Stopping threads took: 0,0000237 seconds
2017-07-31T16:18:25.735+0200: 16456,140: [CMS-concurrent-mark-start]
2017-07-31T16:18:25.763+0200: 16456,167: [CMS-concurrent-mark: 0,028/0,028 secs] [Times: user=0,11 sys=0,00, real=0,03 secs] 
2017-07-31T16:18:25.763+0200: 16456,167: [CMS-concurrent-preclean-start]
2017-07-31T16:18:25.764+0200: 16456,169: [CMS-concurrent-preclean: 0,002/0,002 secs] [Times: user=0,00 sys=0,00, real=0,00 secs] 
2017-07-31T16:18:25.765+0200: 16456,169: [GC (CMS Final Remark) [YG occupancy: 335 K (109248 K)]{Heap before GC invocations=473 (full 370):
 par new generation   total 109248K, used 335K [0x00000000e0000000, 0x00000000e8000000, 0x00000000e8000000)
  eden space 87424K,   0% used [0x00000000e0000000, 0x00000000e0051d88, 0x00000000e5560000)
  from space 21824K,   0% used [0x00000000e6ab0000, 0x00000000e6ab2040, 0x00000000e8000000)
  to   space 21824K,   0% used [0x00000000e5560000, 0x00000000e5560000, 0x00000000e6ab0000)
 concurrent mark-sweep generation total 393216K, used 240530K [0x00000000e8000000, 0x0000000100000000, 0x0000000100000000)
 Metaspace       used 32762K, capacity 33224K, committed 33732K, reserved 1079296K
  class space    used 3585K, capacity 3736K, committed 3836K, reserved 1048576K
2017-07-31T16:18:25.765+0200: 16456,169: [GC (CMS Final Remark) 2017-07-31T16:18:25.765+0200: 16456,169: [ParNew
Desired survivor size 20112992 bytes, new threshold 8 (max 8)
- age   1:         32 bytes,         32 total
- age   2:         96 bytes,        128 total
- age   3:         64 bytes,        192 total
- age   6:        152 bytes,        344 total
: 335K->6K(109248K), 0,0048590 secs] 240865K->240536K(502464K), 0,0049287 secs] [Times: user=0,01 sys=0,00, real=0,00 secs] 
Heap after GC invocations=474 (full 370):
 par new generation   total 109248K, used 6K [0x00000000e0000000, 0x00000000e8000000, 0x00000000e8000000)
  eden space 87424K,   0% used [0x00000000e0000000, 0x00000000e0000000, 0x00000000e5560000)
  from space 21824K,   0% used [0x00000000e5560000, 0x00000000e5561830, 0x00000000e6ab0000)
  to   space 21824K,   0% used [0x00000000e6ab0000, 0x00000000e6ab0000, 0x00000000e8000000)
 concurrent mark-sweep generation total 393216K, used 240530K [0x00000000e8000000, 0x0000000100000000, 0x0000000100000000)
 Metaspace       used 32762K, capacity 33224K, committed 33732K, reserved 1079296K
  class space    used 3585K, capacity 3736K, committed 3836K, reserved 1048576K
}
2017-07-31T16:18:25.770+0200: 16456,174: [Rescan (parallel) , 0,0005121 secs]2017-07-31T16:18:25.770+0200: 16456,175: [weak refs processing, 0,0007919 secs]2017-07-31T16:18:25.771+0200: 16456,175: [class unloading, 0,0080872 secs]2017-07-31T16:18:25.779+0200: 16456,184: [scrub symbol table, 0,0038328 secs]2017-07-31T16:18:25.783+0200: 16456,187: [scrub string table, 0,0007049 secs][1 CMS-remark: 240530K(393216K)] 240536K(502464K), 0,0191539 secs] [Times: user=0,03 sys=0,00, real=0,02 secs] 
2017-07-31T16:18:25.784+0200: 16456,188: Total time for which application threads were stopped: 0,0193104 seconds, Stopping threads took: 0,0000339 seconds
2017-07-31T16:18:25.784+0200: 16456,188: [CMS-concurrent-sweep-start]
2017-07-31T16:18:25.813+0200: 16456,218: [CMS-concurrent-sweep: 0,029/0,029 secs] [Times: user=0,03 sys=0,00, real=0,03 secs] 
2017-07-31T16:18:25.813+0200: 16456,218: [CMS-concurrent-reset-start]
2017-07-31T16:18:25.814+0200: 16456,218: [CMS-concurrent-reset: 0,001/0,001 secs] [Times: user=0,00 sys=0,00, real=0,00 secs] 
2017-07-31T16:18:27.813+0200: 16458,217: [GC (CMS Initial Mark) [1 CMS-initial-mark: 240530K(393216K)] 240979K(502464K), 0,0008201 secs] [Times: user=0,00 sys=0,00, real=0,00 secs] 
2017-07-31T16:18:27.814+0200: 16458,218: Total time for which application threads were stopped: 0,0009804 seconds, Stopping threads took: 0,0000245 seconds
2017-07-31T16:18:27.814+0200: 16458,218: [CMS-concurrent-mark-start]
2017-07-31T16:18:27.840+0200: 16458,245: [CMS-concurrent-mark: 0,026/0,026 secs] [Times: user=0,10 sys=0,00, real=0,03 secs] 
2017-07-31T16:18:27.840+0200: 16458,245: [CMS-concurrent-preclean-start]
2017-07-31T16:18:27.842+0200: 16458,246: [CMS-concurrent-preclean: 0,002/0,002 secs] [Times: user=0,01 sys=0,00, real=0,00 secs] 
2017-07-31T16:18:27.842+0200: 16458,247: [GC (CMS Final Remark) [YG occupancy: 448 K (109248 K)]{Heap before GC invocations=474 (full 371):
 par new generation   total 109248K, used 448K [0x00000000e0000000, 0x00000000e8000000, 0x00000000e8000000)
  eden space 87424K,   0% used [0x00000000e0000000, 0x00000000e006ebb0, 0x00000000e5560000)
  from space 21824K,   0% used [0x00000000e5560000, 0x00000000e5561830, 0x00000000e6ab0000)
  to   space 21824K,   0% used [0x00000000e6ab0000, 0x00000000e6ab0000, 0x00000000e8000000)
 concurrent mark-sweep generation total 393216K, used 240530K [0x00000000e8000000, 0x0000000100000000, 0x0000000100000000)
 Metaspace       used 32762K, capacity 33224K, committed 33732K, reserved 1079296K
  class space    used 3585K, capacity 3736K, committed 3836K, reserved 1048576K
2017-07-31T16:18:27.842+0200: 16458,247: [GC (CMS Final Remark) 2017-07-31T16:18:27.842+0200: 16458,247: [ParNew
Desired survivor size 20112992 bytes, new threshold 8 (max 8)
- age   1:         32 bytes,         32 total
- age   2:         32 bytes,         64 total
- age   3:         96 bytes,        160 total
- age   4:         32 bytes,        192 total
- age   7:        152 bytes,        344 total
: 448K->6K(109248K), 0,0048430 secs] 240979K->240536K(502464K), 0,0049068 secs] [Times: user=0,00 sys=0,00, real=0,00 secs] 
Heap after GC invocations=475 (full 371):
 par new generation   total 109248K, used 6K [0x00000000e0000000, 0x00000000e8000000, 0x00000000e8000000)
  eden space 87424K,   0% used [0x00000000e0000000, 0x00000000e0000000, 0x00000000e5560000)
  from space 21824K,   0% used [0x00000000e6ab0000, 0x00000000e6ab1830, 0x00000000e8000000)
  to   space 21824K,   0% used [0x00000000e5560000, 0x00000000e5560000, 0x00000000e6ab0000)
 concurrent mark-sweep generation total 393216K, used 240530K [0x00000000e8000000, 0x0000000100000000, 0x0000000100000000)
 Metaspace       used 32762K, capacity 33224K, committed 33732K, reserved 1079296K
  class space    used 3585K, capacity 3736K, committed 3836K, reserved 1048576K
}
2017-07-31T16:18:27.847+0200: 16458,252: [Rescan (parallel) , 0,0006319 secs]2017-07-31T16:18:27.848+0200: 16458,252: [weak refs processing, 0,0005935 secs]2017-07-31T16:18:27.848+0200: 16458,253: [class unloading, 0,0078169 secs]2017-07-31T16:18:27.856+0200: 16458,261: [scrub symbol table, 0,0037013 secs]2017-07-31T16:18:27.860+0200: 16458,265: [scrub string table, 0,0006815 secs][1 CMS-remark: 240530K(393216K)] 240536K(502464K), 0,0186004 secs] [Times: user=0,01 sys=0,01, real=0,02 secs] 
2017-07-31T16:18:27.861+0200: 16458,265: Total time for which application threads were stopped: 0,0187500 seconds, Stopping threads took: 0,0000318 seconds
2017-07-31T16:18:27.861+0200: 16458,265: [CMS-concurrent-sweep-start]
2017-07-31T16:18:27.890+0200: 16458,294: [CMS-concurrent-sweep: 0,029/0,029 secs] [Times: user=0,04 sys=0,00, real=0,02 secs] 
2017-07-31T16:18:27.890+0200: 16458,294: [CMS-concurrent-reset-start]
2017-07-31T16:18:27.891+0200: 16458,295: [CMS-concurrent-reset: 0,001/0,001 secs] [Times: user=0,00 sys=0,00, real=0,00 secs] 
2017-07-31T16:18:29.890+0200: 16460,294: [GC (CMS Initial Mark) [1 CMS-initial-mark: 240530K(393216K)] 242513K(502464K), 0,0009635 secs] [Times: user=0,00 sys=0,00, real=0,00 secs] 
2017-07-31T16:18:29.891+0200: 16460,295: Total time for which application threads were stopped: 0,0011230 seconds, Stopping threads took: 0,0000251 seconds
2017-07-31T16:18:29.891+0200: 16460,295: [CMS-concurrent-mark-start]
2017-07-31T16:18:29.918+0200: 16460,323: [CMS-concurrent-mark: 0,027/0,027 secs] [Times: user=0,11 sys=0,00, real=0,03 secs] 
2017-07-31T16:18:29.918+0200: 16460,323: [CMS-concurrent-preclean-start]
2017-07-31T16:18:29.920+0200: 16460,324: [CMS-concurrent-preclean: 0,002/0,002 secs] [Times: user=0,00 sys=0,00, real=0,00 secs] 
2017-07-31T16:18:29.920+0200: 16460,325: [GC (CMS Final Remark) [YG occupancy: 1983 K (109248 K)]{Heap before GC invocations=475 (full 372):
 par new generation   total 109248K, used 1983K [0x00000000e0000000, 0x00000000e8000000, 0x00000000e8000000)
  eden space 87424K,   2% used [0x00000000e0000000, 0x00000000e01ee538, 0x00000000e5560000)
  from space 21824K,   0% used [0x00000000e6ab0000, 0x00000000e6ab1830, 0x00000000e8000000)
  to   space 21824K,   0% used [0x00000000e5560000, 0x00000000e5560000, 0x00000000e6ab0000)
 concurrent mark-sweep generation total 393216K, used 240530K [0x00000000e8000000, 0x0000000100000000, 0x0000000100000000)
 Metaspace       used 32762K, capacity 33224K, committed 33732K, reserved 1079296K
  class space    used 3585K, capacity 3736K, committed 3836K, reserved 1048576K
2017-07-31T16:18:29.920+0200: 16460,325: [GC (CMS Final Remark) 2017-07-31T16:18:29.920+0200: 16460,325: [ParNew
Desired survivor size 20112992 bytes, new threshold 8 (max 8)
- age   1:         96 bytes,         96 total
- age   2:         32 bytes,        128 total
- age   3:         32 bytes,        160 total
- age   4:         32 bytes,        192 total
- age   8:        152 bytes,        344 total
: 1983K->8K(109248K), 0,0044462 secs] 242513K->240538K(502464K), 0,0045096 secs] [Times: user=0,01 sys=0,00, real=0,00 secs] 
Heap after GC invocations=476 (full 372):
 par new generation   total 109248K, used 8K [0x00000000e0000000, 0x00000000e8000000, 0x00000000e8000000)
  eden space 87424K,   0% used [0x00000000e0000000, 0x00000000e0000000, 0x00000000e5560000)
  from space 21824K,   0% used [0x00000000e5560000, 0x00000000e5562040, 0x00000000e6ab0000)
  to   space 21824K,   0% used [0x00000000e6ab0000, 0x00000000e6ab0000, 0x00000000e8000000)
 concurrent mark-sweep generation total 393216K, used 240530K [0x00000000e8000000, 0x0000000100000000, 0x0000000100000000)
 Metaspace       used 32762K, capacity 33224K, committed 33732K, reserved 1079296K
  class space    used 3585K, capacity 3736K, committed 3836K, reserved 1048576K
}
2017-07-31T16:18:29.925+0200: 16460,329: [Rescan (parallel) , 0,0005797 secs]2017-07-31T16:18:29.925+0200: 16460,330: [weak refs processing, 0,0006473 secs]2017-07-31T16:18:29.926+0200: 16460,330: [class unloading, 0,0081256 secs]2017-07-31T16:18:29.934+0200: 16460,339: [scrub symbol table, 0,0037761 secs]2017-07-31T16:18:29.938+0200: 16460,342: [scrub string table, 0,0006773 secs][1 CMS-remark: 240530K(393216K)] 240538K(502464K), 0,0185794 secs] [Times: user=0,02 sys=0,00, real=0,01 secs] 
2017-07-31T16:18:29.939+0200: 16460,343: Total time for which application threads were stopped: 0,0187249 seconds, Stopping threads took: 0,0000308 seconds
2017-07-31T16:18:29.939+0200: 16460,343: [CMS-concurrent-sweep-start]
2017-07-31T16:18:29.969+0200: 16460,373: [CMS-concurrent-sweep: 0,030/0,030 secs] [Times: user=0,02 sys=0,00, real=0,03 secs] 
2017-07-31T16:18:29.969+0200: 16460,374: [CMS-concurrent-reset-start]
2017-07-31T16:18:29.970+0200: 16460,374: [CMS-concurrent-reset: 0,001/0,001 secs] [Times: user=0,00 sys=0,00, real=0,00 secs] 
2017-07-31T16:18:31.969+0200: 16462,373: [GC (CMS Initial Mark) [1 CMS-initial-mark: 240530K(393216K)] 241308K(502464K), 0,0007859 secs] [Times: user=0,01 sys=0,00, real=0,00 secs] 
2017-07-31T16:18:31.970+0200: 16462,374: Total time for which application threads were stopped: 0,0009523 seconds, Stopping threads took: 0,0000245 seconds
2017-07-31T16:18:31.970+0200: 16462,374: [CMS-concurrent-mark-start]
2017-07-31T16:18:31.993+0200: 16462,398: [CMS-concurrent-mark: 0,023/0,023 secs] [Times: user=0,09 sys=0,00, real=0,03 secs] 
2017-07-31T16:18:31.993+0200: 16462,398: [CMS-concurrent-preclean-start]
2017-07-31T16:18:31.995+0200: 16462,399: [CMS-concurrent-preclean: 0,002/0,002 secs] [Times: user=0,00 sys=0,00, real=0,00 secs] 
2017-07-31T16:18:31.995+0200: 16462,399: [GC (CMS Final Remark) [YG occupancy: 778 K (109248 K)]{Heap before GC invocations=476 (full 373):
 par new generation   total 109248K, used 778K [0x00000000e0000000, 0x00000000e8000000, 0x00000000e8000000)
  eden space 87424K,   0% used [0x00000000e0000000, 0x00000000e00c0938, 0x00000000e5560000)
  from space 21824K,   0% used [0x00000000e5560000, 0x00000000e5562040, 0x00000000e6ab0000)
  to   space 21824K,   0% used [0x00000000e6ab0000, 0x00000000e6ab0000, 0x00000000e8000000)
 concurrent mark-sweep generation total 393216K, used 240530K [0x00000000e8000000, 0x0000000100000000, 0x0000000100000000)
 Metaspace       used 32762K, capacity 33224K, committed 33732K, reserved 1079296K
  class space    used 3585K, capacity 3736K, committed 3836K, reserved 1048576K
2017-07-31T16:18:31.995+0200: 16462,400: [GC (CMS Final Remark) 2017-07-31T16:18:31.995+0200: 16462,400: [ParNew
Desired survivor size 20112992 bytes, new threshold 8 (max 8)
- age   1:         64 bytes,         64 total
- age   2:         96 bytes,        160 total
- age   3:         32 bytes,        192 total
: 778K->6K(109248K), 0,0036567 secs] 241308K->240536K(502464K), 0,0037260 secs] [Times: user=0,01 sys=0,00, real=0,00 secs] 
Heap after GC invocations=477 (full 373):
 par new generation   total 109248K, used 6K [0x00000000e0000000, 0x00000000e8000000, 0x00000000e8000000)
  eden space 87424K,   0% used [0x00000000e0000000, 0x00000000e0000000, 0x00000000e5560000)
  from space 21824K,   0% used [0x00000000e6ab0000, 0x00000000e6ab1830, 0x00000000e8000000)
  to   space 21824K,   0% used [0x00000000e5560000, 0x00000000e5560000, 0x00000000e6ab0000)
 concurrent mark-sweep generation total 393216K, used 240530K [0x00000000e8000000, 0x0000000100000000, 0x0000000100000000)
 Metaspace       used 32762K, capacity 33224K, committed 33732K, reserved 1079296K
  class space    used 3585K, capacity 3736K, committed 3836K, reserved 1048576K
}
2017-07-31T16:18:31.999+0200: 16462,403: [Rescan (parallel) , 0,0004828 secs]2017-07-31T16:18:31.999+0200: 16462,404: [weak refs processing, 0,0003875 secs]2017-07-31T16:18:32.000+0200: 16462,404: [class unloading, 0,0067885 secs]2017-07-31T16:18:32.007+0200: 16462,411: [scrub symbol table, 0,0032389 secs]2017-07-31T16:18:32.010+0200: 16462,414: [scrub string table, 0,0005919 secs][1 CMS-remark: 240530K(393216K)] 240536K(502464K), 0,0154446 secs] [Times: user=0,02 sys=0,00, real=0,01 secs] 
2017-07-31T16:18:32.010+0200: 16462,415: Total time for which application threads were stopped: 0,0155808 seconds, Stopping threads took: 0,0000300 seconds
2017-07-31T16:18:32.011+0200: 16462,415: [CMS-concurrent-sweep-start]
2017-07-31T16:18:32.038+0200: 16462,442: [CMS-concurrent-sweep: 0,027/0,027 secs] [Times: user=0,03 sys=0,00, real=0,03 secs] 
2017-07-31T16:18:32.038+0200: 16462,442: [CMS-concurrent-reset-start]
2017-07-31T16:18:32.038+0200: 16462,443: [CMS-concurrent-reset: 0,001/0,001 secs] [Times: user=0,00 sys=0,00, real=0,00 secs] 
2017-07-31T16:18:34.037+0200: 16464,442: [GC (CMS Initial Mark) [1 CMS-initial-mark: 240530K(393216K)] 242513K(502464K), 0,0008995 secs] [Times: user=0,01 sys=0,00, real=0,00 secs] 
2017-07-31T16:18:34.038+0200: 16464,443: Total time for which application threads were stopped: 0,0010611 seconds, Stopping threads took: 0,0000327 seconds
2017-07-31T16:18:34.038+0200: 16464,443: [CMS-concurrent-mark-start]
2017-07-31T16:18:34.065+0200: 16464,469: [CMS-concurrent-mark: 0,026/0,026 secs] [Times: user=0,10 sys=0,00, real=0,03 secs] 
2017-07-31T16:18:34.065+0200: 16464,469: [CMS-concurrent-preclean-start]
2017-07-31T16:18:34.066+0200: 16464,470: [CMS-concurrent-preclean: 0,001/0,001 secs] [Times: user=0,00 sys=0,00, real=0,00 secs] 
2017-07-31T16:18:34.066+0200: 16464,471: [GC (CMS Final Remark) [YG occupancy: 1983 K (109248 K)]{Heap before GC invocations=477 (full 374):
 par new generation   total 109248K, used 1983K [0x00000000e0000000, 0x00000000e8000000, 0x00000000e8000000)
  eden space 87424K,   2% used [0x00000000e0000000, 0x00000000e01ee538, 0x00000000e5560000)
  from space 21824K,   0% used [0x00000000e6ab0000, 0x00000000e6ab1830, 0x00000000e8000000)
  to   space 21824K,   0% used [0x00000000e5560000, 0x00000000e5560000, 0x00000000e6ab0000)
 concurrent mark-sweep generation total 393216K, used 240530K [0x00000000e8000000, 0x0000000100000000, 0x0000000100000000)
 Metaspace       used 32762K, capacity 33224K, committed 33732K, reserved 1079296K
  class space    used 3585K, capacity 3736K, committed 3836K, reserved 1048576K
2017-07-31T16:18:34.066+0200: 16464,471: [GC (CMS Final Remark) 2017-07-31T16:18:34.066+0200: 16464,471: [ParNew
Desired survivor size 20112992 bytes, new threshold 8 (max 8)
- age   1:         96 bytes,         96 total
- age   2:         64 bytes,        160 total
- age   3:         32 bytes,        192 total
: 1983K->8K(109248K), 0,0027066 secs] 242513K->240538K(502464K), 0,0027408 secs] [Times: user=0,00 sys=0,00, real=0,00 secs] 
Heap after GC invocations=478 (full 374):
 par new generation   total 109248K, used 8K [0x00000000e0000000, 0x00000000e8000000, 0x00000000e8000000)
  eden space 87424K,   0% used [0x00000000e0000000, 0x00000000e0000000, 0x00000000e5560000)
  from space 21824K,   0% used [0x00000000e5560000, 0x00000000e5562040, 0x00000000e6ab0000)
  to   space 21824K,   0% used [0x00000000e6ab0000, 0x00000000e6ab0000, 0x00000000e8000000)
 concurrent mark-sweep generation total 393216K, used 240530K [0x00000000e8000000, 0x0000000100000000, 0x0000000100000000)
 Metaspace       used 32762K, capacity 33224K, committed 33732K, reserved 1079296K
  class space    used 3585K, capacity 3736K, committed 3836K, reserved 1048576K
}
2017-07-31T16:18:34.069+0200: 16464,473: [Rescan (parallel) , 0,0004666 secs]2017-07-31T16:18:34.069+0200: 16464,474: [weak refs processing, 0,0003102 secs]2017-07-31T16:18:34.070+0200: 16464,474: [class unloading, 0,0061001 secs]2017-07-31T16:18:34.076+0200: 16464,480: [scrub symbol table, 0,0029188 secs]2017-07-31T16:18:34.079+0200: 16464,483: [scrub string table, 0,0005029 secs][1 CMS-remark: 240530K(393216K)] 240538K(502464K), 0,0133040 secs] [Times: user=0,01 sys=0,01, real=0,01 secs] 
2017-07-31T16:18:34.080+0200: 16464,484: Total time for which application threads were stopped: 0,0134235 seconds, Stopping threads took: 0,0000299 seconds
2017-07-31T16:18:34.080+0200: 16464,484: [CMS-concurrent-sweep-start]
2017-07-31T16:18:34.103+0200: 16464,507: [CMS-concurrent-sweep: 0,023/0,023 secs] [Times: user=0,03 sys=0,00, real=0,03 secs] 
2017-07-31T16:18:34.103+0200: 16464,507: [CMS-concurrent-reset-start]
2017-07-31T16:18:34.103+0200: 16464,508: [CMS-concurrent-reset: 0,000/0,000 secs] [Times: user=0,00 sys=0,00, real=0,00 secs] 
2017-07-31T16:18:36.103+0200: 16466,507: [GC (CMS Initial Mark) [1 CMS-initial-mark: 240530K(393216K)] 241308K(502464K), 0,0007732 secs] [Times: user=0,00 sys=0,00, real=0,00 secs] 
2017-07-31T16:18:36.104+0200: 16466,508: Total time for which application threads were stopped: 0,0009832 seconds, Stopping threads took: 0,0000522 seconds
2017-07-31T16:18:36.104+0200: 16466,508: [CMS-concurrent-mark-start]
2017-07-31T16:18:36.130+0200: 16466,535: [CMS-concurrent-mark: 0,027/0,027 secs] [Times: user=0,11 sys=0,00, real=0,02 secs] 
2017-07-31T16:18:36.131+0200: 16466,535: [CMS-concurrent-preclean-start]
2017-07-31T16:18:36.132+0200: 16466,536: [CMS-concurrent-preclean: 0,001/0,001 secs] [Times: user=0,00 sys=0,00, real=0,00 secs] 
2017-07-31T16:18:36.132+0200: 16466,536: [GC (CMS Final Remark) [YG occupancy: 778 K (109248 K)]{Heap before GC invocations=478 (full 375):
 par new generation   total 109248K, used 778K [0x00000000e0000000, 0x00000000e8000000, 0x00000000e8000000)
  eden space 87424K,   0% used [0x00000000e0000000, 0x00000000e00c0938, 0x00000000e5560000)
  from space 21824K,   0% used [0x00000000e5560000, 0x00000000e5562040, 0x00000000e6ab0000)
  to   space 21824K,   0% used [0x00000000e6ab0000, 0x00000000e6ab0000, 0x00000000e8000000)
 concurrent mark-sweep generation total 393216K, used 240530K [0x00000000e8000000, 0x0000000100000000, 0x0000000100000000)
 Metaspace       used 32762K, capacity 33224K, committed 33732K, reserved 1079296K
  class space    used 3585K, capacity 3736K, committed 3836K, reserved 1048576K
2017-07-31T16:18:36.132+0200: 16466,536: [GC (CMS Final Remark) 2017-07-31T16:18:36.132+0200: 16466,537: [ParNew
Desired survivor size 20112992 bytes, new threshold 8 (max 8)
- age   1:         64 bytes,         64 total
- age   2:         96 bytes,        160 total
- age   3:         32 bytes,        192 total
: 778K->6K(109248K), 0,0024223 secs] 241308K->240536K(502464K), 0,0024627 secs] [Times: user=0,00 sys=0,00, real=0,00 secs] 
Heap after GC invocations=479 (full 375):
 par new generation   total 109248K, used 6K [0x00000000e0000000, 0x00000000e8000000, 0x00000000e8000000)
  eden space 87424K,   0% used [0x00000000e0000000, 0x00000000e0000000, 0x00000000e5560000)
  from space 21824K,   0% used [0x00000000e6ab0000, 0x00000000e6ab1830, 0x00000000e8000000)
  to   space 21824K,   0% used [0x00000000e5560000, 0x00000000e5560000, 0x00000000e6ab0000)
 concurrent mark-sweep generation total 393216K, used 240530K [0x00000000e8000000, 0x0000000100000000, 0x0000000100000000)
 Metaspace       used 32762K, capacity 33224K, committed 33732K, reserved 1079296K
  class space    used 3585K, capacity 3736K, committed 3836K, reserved 1048576K
}
2017-07-31T16:18:36.135+0200: 16466,539: [Rescan (parallel) , 0,0005910 secs]2017-07-31T16:18:36.135+0200: 16466,540: [weak refs processing, 0,0003994 secs]2017-07-31T16:18:36.136+0200: 16466,540: [class unloading, 0,0068858 secs]2017-07-31T16:18:36.142+0200: 16466,547: [scrub symbol table, 0,0033942 secs]2017-07-31T16:18:36.146+0200: 16466,550: [scrub string table, 0,0005810 secs][1 CMS-remark: 240530K(393216K)] 240536K(502464K), 0,0146208 secs] [Times: user=0,02 sys=0,00, real=0,02 secs] 
2017-07-31T16:18:36.147+0200: 16466,551: Total time for which application threads were stopped: 0,0147442 seconds, Stopping threads took: 0,0000245 seconds
2017-07-31T16:18:36.147+0200: 16466,551: [CMS-concurrent-sweep-start]
2017-07-31T16:18:36.173+0200: 16466,577: [CMS-concurrent-sweep: 0,026/0,026 secs] [Times: user=0,03 sys=0,00, real=0,03 secs] 
2017-07-31T16:18:36.173+0200: 16466,578: [CMS-concurrent-reset-start]
2017-07-31T16:18:36.174+0200: 16466,578: [CMS-concurrent-reset: 0,001/0,001 secs] [Times: user=0,00 sys=0,00, real=0,00 secs] 
2017-07-31T16:18:38.173+0200: 16468,577: [GC (CMS Initial Mark) [1 CMS-initial-mark: 240530K(393216K)] 242259K(502464K), 0,0009058 secs] [Times: user=0,00 sys=0,00, real=0,00 secs] 
2017-07-31T16:18:38.174+0200: 16468,578: Total time for which application threads were stopped: 0,0010554 seconds, Stopping threads took: 0,0000246 seconds
2017-07-31T16:18:38.174+0200: 16468,578: [CMS-concurrent-mark-start]
2017-07-31T16:18:38.202+0200: 16468,606: [CMS-concurrent-mark: 0,028/0,028 secs] [Times: user=0,11 sys=0,00, real=0,03 secs] 
2017-07-31T16:18:38.202+0200: 16468,606: [CMS-concurrent-preclean-start]
2017-07-31T16:18:38.203+0200: 16468,608: [CMS-concurrent-preclean: 0,001/0,001 secs] [Times: user=0,00 sys=0,00, real=0,00 secs] 
2017-07-31T16:18:38.203+0200: 16468,608: [GC (CMS Final Remark) [YG occupancy: 1729 K (109248 K)]{Heap before GC invocations=479 (full 376):
 par new generation   total 109248K, used 1729K [0x00000000e0000000, 0x00000000e8000000, 0x00000000e8000000)
  eden space 87424K,   1% used [0x00000000e0000000, 0x00000000e01aecd8, 0x00000000e5560000)
  from space 21824K,   0% used [0x00000000e6ab0000, 0x00000000e6ab1830, 0x00000000e8000000)
  to   space 21824K,   0% used [0x00000000e5560000, 0x00000000e5560000, 0x00000000e6ab0000)
 concurrent mark-sweep generation total 393216K, used 240530K [0x00000000e8000000, 0x0000000100000000, 0x0000000100000000)
 Metaspace       used 32762K, capacity 33224K, committed 33732K, reserved 1079296K
  class space    used 3585K, capacity 3736K, committed 3836K, reserved 1048576K
2017-07-31T16:18:38.203+0200: 16468,608: [GC (CMS Final Remark) 2017-07-31T16:18:38.203+0200: 16468,608: [ParNew
Desired survivor size 20112992 bytes, new threshold 8 (max 8)
- age   1:         64 bytes,         64 total
- age   2:         64 bytes,        128 total
- age   3:         64 bytes,        192 total
: 1729K->8K(109248K), 0,0018762 secs] 242259K->240538K(502464K), 0,0019086 secs] [Times: user=0,01 sys=0,00, real=0,00 secs] 
Heap after GC invocations=480 (full 376):
 par new generation   total 109248K, used 8K [0x00000000e0000000, 0x00000000e8000000, 0x00000000e8000000)
  eden space 87424K,   0% used [0x00000000e0000000, 0x00000000e0000000, 0x00000000e5560000)
  from space 21824K,   0% used [0x00000000e5560000, 0x00000000e5562040, 0x00000000e6ab0000)
  to   space 21824K,   0% used [0x00000000e6ab0000, 0x00000000e6ab0000, 0x00000000e8000000)
 concurrent mark-sweep generation total 393216K, used 240530K [0x00000000e8000000, 0x0000000100000000, 0x0000000100000000)
 Metaspace       used 32762K, capacity 33224K, committed 33732K, reserved 1079296K
  class space    used 3585K, capacity 3736K, committed 3836K, reserved 1048576K
}
2017-07-31T16:18:38.205+0200: 16468,610: [Rescan (parallel) , 0,0005340 secs]2017-07-31T16:18:38.206+0200: 16468,610: [weak refs processing, 0,0003634 secs]2017-07-31T16:18:38.206+0200: 16468,611: [class unloading, 0,0065210 secs]2017-07-31T16:18:38.213+0200: 16468,617: [scrub symbol table, 0,0030944 secs]2017-07-31T16:18:38.216+0200: 16468,620: [scrub string table, 0,0005603 secs][1 CMS-remark: 240530K(393216K)] 240538K(502464K), 0,0132136 secs] [Times: user=0,02 sys=0,00, real=0,01 secs] 
2017-07-31T16:18:38.217+0200: 16468,621: Total time for which application threads were stopped: 0,0133334 seconds, Stopping threads took: 0,0000189 seconds
2017-07-31T16:18:38.217+0200: 16468,621: [CMS-concurrent-sweep-start]
2017-07-31T16:18:38.241+0200: 16468,646: [CMS-concurrent-sweep: 0,025/0,025 secs] [Times: user=0,03 sys=0,00, real=0,03 secs] 
2017-07-31T16:18:38.241+0200: 16468,646: [CMS-concurrent-reset-start]
2017-07-31T16:18:38.242+0200: 16468,646: [CMS-concurrent-reset: 0,000/0,000 secs] [Times: user=0,00 sys=0,00, real=0,00 secs] 
2017-07-31T16:18:40.241+0200: 16470,646: [GC (CMS Initial Mark) [1 CMS-initial-mark: 240530K(393216K)] 240792K(502464K), 0,0009213 secs] [Times: user=0,00 sys=0,00, real=0,00 secs] 
2017-07-31T16:18:40.242+0200: 16470,647: Total time for which application threads were stopped: 0,0010807 seconds, Stopping threads took: 0,0000237 seconds
2017-07-31T16:18:40.242+0200: 16470,647: [CMS-concurrent-mark-start]
2017-07-31T16:18:40.270+0200: 16470,675: [CMS-concurrent-mark: 0,028/0,028 secs] [Times: user=0,11 sys=0,00, real=0,02 secs] 
2017-07-31T16:18:40.270+0200: 16470,675: [CMS-concurrent-preclean-start]
2017-07-31T16:18:40.271+0200: 16470,676: [CMS-concurrent-preclean: 0,001/0,001 secs] [Times: user=0,00 sys=0,00, real=0,00 secs] 
2017-07-31T16:18:40.272+0200: 16470,676: [GC (CMS Final Remark) [YG occupancy: 262 K (109248 K)]{Heap before GC invocations=480 (full 377):
 par new generation   total 109248K, used 262K [0x00000000e0000000, 0x00000000e8000000, 0x00000000e8000000)
  eden space 87424K,   0% used [0x00000000e0000000, 0x00000000e003f860, 0x00000000e5560000)
  from space 21824K,   0% used [0x00000000e5560000, 0x00000000e5562040, 0x00000000e6ab0000)
  to   space 21824K,   0% used [0x00000000e6ab0000, 0x00000000e6ab0000, 0x00000000e8000000)
 concurrent mark-sweep generation total 393216K, used 240530K [0x00000000e8000000, 0x0000000100000000, 0x0000000100000000)
 Metaspace       used 32762K, capacity 33224K, committed 33732K, reserved 1079296K
  class space    used 3585K, capacity 3736K, committed 3836K, reserved 1048576K
2017-07-31T16:18:40.272+0200: 16470,676: [GC (CMS Final Remark) 2017-07-31T16:18:40.272+0200: 16470,676: [ParNew
Desired survivor size 20112992 bytes, new threshold 8 (max 8)
- age   1:         32 bytes,         32 total
- age   2:         64 bytes,         96 total
- age   3:         64 bytes,        160 total
- age   4:         32 bytes,        192 total
: 262K->6K(109248K), 0,0038128 secs] 240792K->240536K(502464K), 0,0038694 secs] [Times: user=0,01 sys=0,00, real=0,01 secs] 
Heap after GC invocations=481 (full 377):
 par new generation   total 109248K, used 6K [0x00000000e0000000, 0x00000000e8000000, 0x00000000e8000000)
  eden space 87424K,   0% used [0x00000000e0000000, 0x00000000e0000000, 0x00000000e5560000)
  from space 21824K,   0% used [0x00000000e6ab0000, 0x00000000e6ab1830, 0x00000000e8000000)
  to   space 21824K,   0% used [0x00000000e5560000, 0x00000000e5560000, 0x00000000e6ab0000)
 concurrent mark-sweep generation total 393216K, used 240530K [0x00000000e8000000, 0x0000000100000000, 0x0000000100000000)
 Metaspace       used 32762K, capacity 33224K, committed 33732K, reserved 1079296K
  class space    used 3585K, capacity 3736K, committed 3836K, reserved 1048576K
}
2017-07-31T16:18:40.276+0200: 16470,680: [Rescan (parallel) , 0,0005418 secs]2017-07-31T16:18:40.276+0200: 16470,681: [weak refs processing, 0,0004028 secs]2017-07-31T16:18:40.277+0200: 16470,681: [class unloading, 0,0070549 secs]2017-07-31T16:18:40.284+0200: 16470,688: [scrub symbol table, 0,0036267 secs]2017-07-31T16:18:40.287+0200: 16470,692: [scrub string table, 0,0006731 secs][1 CMS-remark: 240530K(393216K)] 240536K(502464K), 0,0164131 secs] [Times: user=0,02 sys=0,00, real=0,02 secs] 
2017-07-31T16:18:40.288+0200: 16470,693: Total time for which application threads were stopped: 0,0165563 seconds, Stopping threads took: 0,0000283 seconds
2017-07-31T16:18:40.288+0200: 16470,693: [CMS-concurrent-sweep-start]
2017-07-31T16:18:40.316+0200: 16470,720: [CMS-concurrent-sweep: 0,027/0,027 secs] [Times: user=0,03 sys=0,00, real=0,03 secs] 
2017-07-31T16:18:40.316+0200: 16470,720: [CMS-concurrent-reset-start]
2017-07-31T16:18:40.316+0200: 16470,721: [CMS-concurrent-reset: 0,001/0,001 secs] [Times: user=0,00 sys=0,00, real=0,00 secs] 
2017-07-31T16:18:42.315+0200: 16472,720: [GC (CMS Initial Mark) [1 CMS-initial-mark: 240530K(393216K)] 241306K(502464K), 0,0010548 secs] [Times: user=0,00 sys=0,00, real=0,00 secs] 
2017-07-31T16:18:42.317+0200: 16472,721: Total time for which application threads were stopped: 0,0012194 seconds, Stopping threads took: 0,0000247 seconds
2017-07-31T16:18:42.317+0200: 16472,721: [CMS-concurrent-mark-start]
2017-07-31T16:18:42.343+0200: 16472,748: [CMS-concurrent-mark: 0,026/0,026 secs] [Times: user=0,11 sys=0,00, real=0,03 secs] 
2017-07-31T16:18:42.343+0200: 16472,748: [CMS-concurrent-preclean-start]
2017-07-31T16:18:42.345+0200: 16472,749: [CMS-concurrent-preclean: 0,002/0,002 secs] [Times: user=0,00 sys=0,00, real=0,00 secs] 
2017-07-31T16:18:42.345+0200: 16472,750: [GC (CMS Final Remark) [YG occupancy: 776 K (109248 K)]{Heap before GC invocations=481 (full 378):
 par new generation   total 109248K, used 776K [0x00000000e0000000, 0x00000000e8000000, 0x00000000e8000000)
  eden space 87424K,   0% used [0x00000000e0000000, 0x00000000e00c0938, 0x00000000e5560000)
  from space 21824K,   0% used [0x00000000e6ab0000, 0x00000000e6ab1830, 0x00000000e8000000)
  to   space 21824K,   0% used [0x00000000e5560000, 0x00000000e5560000, 0x00000000e6ab0000)
 concurrent mark-sweep generation total 393216K, used 240530K [0x00000000e8000000, 0x0000000100000000, 0x0000000100000000)
 Metaspace       used 32762K, capacity 33224K, committed 33732K, reserved 1079296K
  class space    used 3585K, capacity 3736K, committed 3836K, reserved 1048576K
2017-07-31T16:18:42.345+0200: 16472,750: [GC (CMS Final Remark) 2017-07-31T16:18:42.345+0200: 16472,750: [ParNew
Desired survivor size 20112992 bytes, new threshold 8 (max 8)
- age   1:         64 bytes,         64 total
- age   2:         32 bytes,         96 total
- age   3:         64 bytes,        160 total
- age   4:         32 bytes,        192 total
: 776K->4K(109248K), 0,0042922 secs] 241306K->240534K(502464K), 0,0043422 secs] [Times: user=0,01 sys=0,00, real=0,00 secs] 
Heap after GC invocations=482 (full 378):
 par new generation   total 109248K, used 4K [0x00000000e0000000, 0x00000000e8000000, 0x00000000e8000000)
  eden space 87424K,   0% used [0x00000000e0000000, 0x00000000e0000000, 0x00000000e5560000)
  from space 21824K,   0% used [0x00000000e5560000, 0x00000000e5561020, 0x00000000e6ab0000)
  to   space 21824K,   0% used [0x00000000e6ab0000, 0x00000000e6ab0000, 0x00000000e8000000)
 concurrent mark-sweep generation total 393216K, used 240530K [0x00000000e8000000, 0x0000000100000000, 0x0000000100000000)
 Metaspace       used 32762K, capacity 33224K, committed 33732K, reserved 1079296K
  class space    used 3585K, capacity 3736K, committed 3836K, reserved 1048576K
}
2017-07-31T16:18:42.350+0200: 16472,754: [Rescan (parallel) , 0,0005589 secs]2017-07-31T16:18:42.350+0200: 16472,755: [weak refs processing, 0,0005342 secs]2017-07-31T16:18:42.351+0200: 16472,755: [class unloading, 0,0078926 secs]2017-07-31T16:18:42.359+0200: 16472,763: [scrub symbol table, 0,0038332 secs]2017-07-31T16:18:42.362+0200: 16472,767: [scrub string table, 0,0006571 secs][1 CMS-remark: 240530K(393216K)] 240534K(502464K), 0,0181096 secs] [Times: user=0,03 sys=0,00, real=0,02 secs] 
2017-07-31T16:18:42.363+0200: 16472,768: Total time for which application threads were stopped: 0,0182515 seconds, Stopping threads took: 0,0000302 seconds
2017-07-31T16:18:42.363+0200: 16472,768: [CMS-concurrent-sweep-start]
2017-07-31T16:18:42.393+0200: 16472,798: [CMS-concurrent-sweep: 0,030/0,030 secs] [Times: user=0,03 sys=0,00, real=0,03 secs] 
2017-07-31T16:18:42.393+0200: 16472,798: [CMS-concurrent-reset-start]
2017-07-31T16:18:42.394+0200: 16472,798: [CMS-concurrent-reset: 0,001/0,001 secs] [Times: user=0,00 sys=0,00, real=0,00 secs] 
2017-07-31T16:18:44.393+0200: 16474,797: [GC (CMS Initial Mark) [1 CMS-initial-mark: 240530K(393216K)] 242563K(502464K), 0,0010700 secs] [Times: user=0,00 sys=0,00, real=0,00 secs] 
2017-07-31T16:18:44.394+0200: 16474,799: Total time for which application threads were stopped: 0,0012308 seconds, Stopping threads took: 0,0000236 seconds
2017-07-31T16:18:44.394+0200: 16474,799: [CMS-concurrent-mark-start]
2017-07-31T16:18:44.420+0200: 16474,824: [CMS-concurrent-mark: 0,026/0,026 secs] [Times: user=0,10 sys=0,00, real=0,02 secs] 
2017-07-31T16:18:44.420+0200: 16474,824: [CMS-concurrent-preclean-start]
2017-07-31T16:18:44.421+0200: 16474,826: [CMS-concurrent-preclean: 0,002/0,002 secs] [Times: user=0,01 sys=0,00, real=0,01 secs] 
2017-07-31T16:18:44.422+0200: 16474,826: [GC (CMS Final Remark) [YG occupancy: 2033 K (109248 K)]{Heap before GC invocations=482 (full 379):
 par new generation   total 109248K, used 2033K [0x00000000e0000000, 0x00000000e8000000, 0x00000000e8000000)
  eden space 87424K,   2% used [0x00000000e0000000, 0x00000000e01fb548, 0x00000000e5560000)
  from space 21824K,   0% used [0x00000000e5560000, 0x00000000e5561020, 0x00000000e6ab0000)
  to   space 21824K,   0% used [0x00000000e6ab0000, 0x00000000e6ab0000, 0x00000000e8000000)
 concurrent mark-sweep generation total 393216K, used 240530K [0x00000000e8000000, 0x0000000100000000, 0x0000000100000000)
 Metaspace       used 32762K, capacity 33224K, committed 33732K, reserved 1079296K
  class space    used 3585K, capacity 3736K, committed 3836K, reserved 1048576K
2017-07-31T16:18:44.422+0200: 16474,826: [GC (CMS Final Remark) 2017-07-31T16:18:44.422+0200: 16474,826: [ParNew
Desired survivor size 20112992 bytes, new threshold 8 (max 8)
- age   1:        248 bytes,        248 total
- age   2:         64 bytes,        312 total
- age   3:         32 bytes,        344 total
: 2033K->8K(109248K), 0,0044860 secs] 242563K->240538K(502464K), 0,0045351 secs] [Times: user=0,00 sys=0,00, real=0,00 secs] 
Heap after GC invocations=483 (full 379):
 par new generation   total 109248K, used 8K [0x00000000e0000000, 0x00000000e8000000, 0x00000000e8000000)
  eden space 87424K,   0% used [0x00000000e0000000, 0x00000000e0000000, 0x00000000e5560000)
  from space 21824K,   0% used [0x00000000e6ab0000, 0x00000000e6ab2040, 0x00000000e8000000)
  to   space 21824K,   0% used [0x00000000e5560000, 0x00000000e5560000, 0x00000000e6ab0000)
 concurrent mark-sweep generation total 393216K, used 240530K [0x00000000e8000000, 0x0000000100000000, 0x0000000100000000)
 Metaspace       used 32762K, capacity 33224K, committed 33732K, reserved 1079296K
  class space    used 3585K, capacity 3736K, committed 3836K, reserved 1048576K
}
2017-07-31T16:18:44.426+0200: 16474,831: [Rescan (parallel) , 0,0005342 secs]2017-07-31T16:18:44.427+0200: 16474,831: [weak refs processing, 0,0004301 secs]2017-07-31T16:18:44.427+0200: 16474,832: [class unloading, 0,0078180 secs]2017-07-31T16:18:44.435+0200: 16474,840: [scrub symbol table, 0,0037394 secs]2017-07-31T16:18:44.439+0200: 16474,844: [scrub string table, 0,0006785 secs][1 CMS-remark: 240530K(393216K)] 240538K(502464K), 0,0179903 secs] [Times: user=0,02 sys=0,00, real=0,01 secs] 
2017-07-31T16:18:44.440+0200: 16474,844: Total time for which application threads were stopped: 0,0181348 seconds, Stopping threads took: 0,0000322 seconds
2017-07-31T16:18:44.440+0200: 16474,844: [CMS-concurrent-sweep-start]
2017-07-31T16:18:44.469+0200: 16474,874: [CMS-concurrent-sweep: 0,029/0,029 secs] [Times: user=0,03 sys=0,00, real=0,02 secs] 
2017-07-31T16:18:44.469+0200: 16474,874: [CMS-concurrent-reset-start]
2017-07-31T16:18:44.470+0200: 16474,874: [CMS-concurrent-reset: 0,001/0,001 secs] [Times: user=0,00 sys=0,00, real=0,00 secs] 
2017-07-31T16:18:46.469+0200: 16476,873: [GC (CMS Initial Mark) [1 CMS-initial-mark: 240530K(393216K)] 241308K(502464K), 0,0010000 secs] [Times: user=0,00 sys=0,00, real=0,00 secs] 
2017-07-31T16:18:46.470+0200: 16476,875: Total time for which application threads were stopped: 0,0011971 seconds, Stopping threads took: 0,0000246 seconds
2017-07-31T16:18:46.470+0200: 16476,875: [CMS-concurrent-mark-start]
2017-07-31T16:18:46.497+0200: 16476,902: [CMS-concurrent-mark: 0,027/0,027 secs] [Times: user=0,11 sys=0,00, real=0,03 secs] 
2017-07-31T16:18:46.497+0200: 16476,902: [CMS-concurrent-preclean-start]
2017-07-31T16:18:46.499+0200: 16476,903: [CMS-concurrent-preclean: 0,001/0,001 secs] [Times: user=0,00 sys=0,00, real=0,00 secs] 
2017-07-31T16:18:46.499+0200: 16476,903: [GC (CMS Final Remark) [YG occupancy: 778 K (109248 K)]{Heap before GC invocations=483 (full 380):
 par new generation   total 109248K, used 778K [0x00000000e0000000, 0x00000000e8000000, 0x00000000e8000000)
  eden space 87424K,   0% used [0x00000000e0000000, 0x00000000e00c0938, 0x00000000e5560000)
  from space 21824K,   0% used [0x00000000e6ab0000, 0x00000000e6ab2040, 0x00000000e8000000)
  to   space 21824K,   0% used [0x00000000e5560000, 0x00000000e5560000, 0x00000000e6ab0000)
 concurrent mark-sweep generation total 393216K, used 240530K [0x00000000e8000000, 0x0000000100000000, 0x0000000100000000)
 Metaspace       used 32762K, capacity 33224K, committed 33732K, reserved 1079296K
  class space    used 3585K, capacity 3736K, committed 3836K, reserved 1048576K
2017-07-31T16:18:46.499+0200: 16476,903: [GC (CMS Final Remark) 2017-07-31T16:18:46.499+0200: 16476,904: [ParNew
Desired survivor size 20112992 bytes, new threshold 8 (max 8)
- age   1:         64 bytes,         64 total
- age   2:        248 bytes,        312 total
- age   3:         32 bytes,        344 total
: 778K->8K(109248K), 0,0036369 secs] 241308K->240538K(502464K), 0,0036819 secs] [Times: user=0,01 sys=0,00, real=0,01 secs] 
Heap after GC invocations=484 (full 380):
 par new generation   total 109248K, used 8K [0x00000000e0000000, 0x00000000e8000000, 0x00000000e8000000)
  eden space 87424K,   0% used [0x00000000e0000000, 0x00000000e0000000, 0x00000000e5560000)
  from space 21824K,   0% used [0x00000000e5560000, 0x00000000e5562040, 0x00000000e6ab0000)
  to   space 21824K,   0% used [0x00000000e6ab0000, 0x00000000e6ab0000, 0x00000000e8000000)
 concurrent mark-sweep generation total 393216K, used 240530K [0x00000000e8000000, 0x0000000100000000, 0x0000000100000000)
 Metaspace       used 32762K, capacity 33224K, committed 33732K, reserved 1079296K
  class space    used 3585K, capacity 3736K, committed 3836K, reserved 1048576K
}
2017-07-31T16:18:46.503+0200: 16476,907: [Rescan (parallel) , 0,0005106 secs]2017-07-31T16:18:46.503+0200: 16476,908: [weak refs processing, 0,0044030 secs]2017-07-31T16:18:46.508+0200: 16476,912: [class unloading, 0,0072878 secs]2017-07-31T16:18:46.515+0200: 16476,919: [scrub symbol table, 0,0034976 secs]2017-07-31T16:18:46.519+0200: 16476,923: [scrub string table, 0,0006000 secs][1 CMS-remark: 240530K(393216K)] 240538K(502464K), 0,0203311 secs] [Times: user=0,03 sys=0,00, real=0,02 secs] 
2017-07-31T16:18:46.519+0200: 16476,924: Total time for which application threads were stopped: 0,0204599 seconds, Stopping threads took: 0,0000218 seconds
2017-07-31T16:18:46.519+0200: 16476,924: [CMS-concurrent-sweep-start]
2017-07-31T16:18:46.546+0200: 16476,951: [CMS-concurrent-sweep: 0,027/0,027 secs] [Times: user=0,03 sys=0,00, real=0,03 secs] 
2017-07-31T16:18:46.546+0200: 16476,951: [CMS-concurrent-reset-start]
2017-07-31T16:18:46.547+0200: 16476,952: [CMS-concurrent-reset: 0,001/0,001 secs] [Times: user=0,00 sys=0,00, real=0,00 secs] 
2017-07-31T16:18:48.546+0200: 16478,951: [GC (CMS Initial Mark) [1 CMS-initial-mark: 240530K(393216K)] 242261K(502464K), 0,0009367 secs] [Times: user=0,00 sys=0,00, real=0,00 secs] 
2017-07-31T16:18:48.547+0200: 16478,952: Total time for which application threads were stopped: 0,0011219 seconds, Stopping threads took: 0,0000364 seconds
2017-07-31T16:18:48.547+0200: 16478,952: [CMS-concurrent-mark-start]
2017-07-31T16:18:48.576+0200: 16478,980: [CMS-concurrent-mark: 0,029/0,029 secs] [Times: user=0,12 sys=0,00, real=0,03 secs] 
2017-07-31T16:18:48.576+0200: 16478,980: [CMS-concurrent-preclean-start]
2017-07-31T16:18:48.578+0200: 16478,982: [CMS-concurrent-preclean: 0,002/0,002 secs] [Times: user=0,00 sys=0,00, real=0,00 secs] 
2017-07-31T16:18:48.578+0200: 16478,982: [GC (CMS Final Remark) [YG occupancy: 1731 K (109248 K)]{Heap before GC invocations=484 (full 381):
 par new generation   total 109248K, used 1731K [0x00000000e0000000, 0x00000000e8000000, 0x00000000e8000000)
  eden space 87424K,   1% used [0x00000000e0000000, 0x00000000e01aecd8, 0x00000000e5560000)
  from space 21824K,   0% used [0x00000000e5560000, 0x00000000e5562040, 0x00000000e6ab0000)
  to   space 21824K,   0% used [0x00000000e6ab0000, 0x00000000e6ab0000, 0x00000000e8000000)
 concurrent mark-sweep generation total 393216K, used 240530K [0x00000000e8000000, 0x0000000100000000, 0x0000000100000000)
 Metaspace       used 32762K, capacity 33224K, committed 33732K, reserved 1079296K
  class space    used 3585K, capacity 3736K, committed 3836K, reserved 1048576K
2017-07-31T16:18:48.578+0200: 16478,982: [GC (CMS Final Remark) 2017-07-31T16:18:48.578+0200: 16478,982: [ParNew
Desired survivor size 20112992 bytes, new threshold 8 (max 8)
- age   1:         64 bytes,         64 total
- age   2:         64 bytes,        128 total
- age   3:        216 bytes,        344 total
: 1731K->8K(109248K), 0,0017944 secs] 242261K->240538K(502464K), 0,0018373 secs] [Times: user=0,00 sys=0,00, real=0,00 secs] 
Heap after GC invocations=485 (full 381):
 par new generation   total 109248K, used 8K [0x00000000e0000000, 0x00000000e8000000, 0x00000000e8000000)
  eden space 87424K,   0% used [0x00000000e0000000, 0x00000000e0000000, 0x00000000e5560000)
  from space 21824K,   0% used [0x00000000e6ab0000, 0x00000000e6ab2040, 0x00000000e8000000)
  to   space 21824K,   0% used [0x00000000e5560000, 0x00000000e5560000, 0x00000000e6ab0000)
 concurrent mark-sweep generation total 393216K, used 240530K [0x00000000e8000000, 0x0000000100000000, 0x0000000100000000)
 Metaspace       used 32762K, capacity 33224K, committed 33732K, reserved 1079296K
  class space    used 3585K, capacity 3736K, committed 3836K, reserved 1048576K
}
2017-07-31T16:18:48.580+0200: 16478,984: [Rescan (parallel) , 0,0006820 secs]2017-07-31T16:18:48.581+0200: 16478,985: [weak refs processing, 0,0005224 secs]2017-07-31T16:18:48.581+0200: 16478,986: [class unloading, 0,0078862 secs]2017-07-31T16:18:48.589+0200: 16478,993: [scrub symbol table, 0,0041193 secs]2017-07-31T16:18:48.593+0200: 16478,998: [scrub string table, 0,0006677 secs][1 CMS-remark: 240530K(393216K)] 240538K(502464K), 0,0161117 secs] [Times: user=0,01 sys=0,00, real=0,02 secs] 
2017-07-31T16:18:48.594+0200: 16478,999: Total time for which application threads were stopped: 0,0162694 seconds, Stopping threads took: 0,0000215 seconds
2017-07-31T16:18:48.594+0200: 16478,999: [CMS-concurrent-sweep-start]
2017-07-31T16:18:48.623+0200: 16479,027: [CMS-concurrent-sweep: 0,029/0,029 secs] [Times: user=0,03 sys=0,00, real=0,03 secs] 
2017-07-31T16:18:48.623+0200: 16479,028: [CMS-concurrent-reset-start]
2017-07-31T16:18:48.624+0200: 16479,028: [CMS-concurrent-reset: 0,001/0,001 secs] [Times: user=0,00 sys=0,00, real=0,00 secs] 
2017-07-31T16:18:50.623+0200: 16481,027: [GC (CMS Initial Mark) [1 CMS-initial-mark: 240530K(393216K)] 241119K(502464K), 0,0010133 secs] [Times: user=0,00 sys=0,01, real=0,00 secs] 
2017-07-31T16:18:50.624+0200: 16481,028: Total time for which application threads were stopped: 0,0012016 seconds, Stopping threads took: 0,0000311 seconds
2017-07-31T16:18:50.624+0200: 16481,029: [CMS-concurrent-mark-start]
2017-07-31T16:18:50.650+0200: 16481,055: [CMS-concurrent-mark: 0,026/0,026 secs] [Times: user=0,10 sys=0,00, real=0,02 secs] 
2017-07-31T16:18:50.650+0200: 16481,055: [CMS-concurrent-preclean-start]
2017-07-31T16:18:50.651+0200: 16481,056: [CMS-concurrent-preclean: 0,001/0,001 secs] [Times: user=0,00 sys=0,00, real=0,00 secs] 
2017-07-31T16:18:50.652+0200: 16481,056: [GC (CMS Final Remark) [YG occupancy: 589 K (109248 K)]{Heap before GC invocations=485 (full 382):
 par new generation   total 109248K, used 589K [0x00000000e0000000, 0x00000000e8000000, 0x00000000e8000000)
  eden space 87424K,   0% used [0x00000000e0000000, 0x00000000e00915e8, 0x00000000e5560000)
  from space 21824K,   0% used [0x00000000e6ab0000, 0x00000000e6ab2040, 0x00000000e8000000)
  to   space 21824K,   0% used [0x00000000e5560000, 0x00000000e5560000, 0x00000000e6ab0000)
 concurrent mark-sweep generation total 393216K, used 240530K [0x00000000e8000000, 0x0000000100000000, 0x0000000100000000)
 Metaspace       used 32762K, capacity 33224K, committed 33732K, reserved 1079296K
  class space    used 3585K, capacity 3736K, committed 3836K, reserved 1048576K
2017-07-31T16:18:50.652+0200: 16481,056: [GC (CMS Final Remark) 2017-07-31T16:18:50.652+0200: 16481,056: [ParNew
Desired survivor size 20112992 bytes, new threshold 8 (max 8)
- age   1:         64 bytes,         64 total
- age   2:         64 bytes,        128 total
- age   3:         64 bytes,        192 total
- age   4:        152 bytes,        344 total
: 589K->8K(109248K), 0,0038800 secs] 241119K->240538K(502464K), 0,0039246 secs] [Times: user=0,00 sys=0,01, real=0,01 secs] 
Heap after GC invocations=486 (full 382):
 par new generation   total 109248K, used 8K [0x00000000e0000000, 0x00000000e8000000, 0x00000000e8000000)
  eden space 87424K,   0% used [0x00000000e0000000, 0x00000000e0000000, 0x00000000e5560000)
  from space 21824K,   0% used [0x00000000e5560000, 0x00000000e5562040, 0x00000000e6ab0000)
  to   space 21824K,   0% used [0x00000000e6ab0000, 0x00000000e6ab0000, 0x00000000e8000000)
 concurrent mark-sweep generation total 393216K, used 240530K [0x00000000e8000000, 0x0000000100000000, 0x0000000100000000)
 Metaspace       used 32762K, capacity 33224K, committed 33732K, reserved 1079296K
  class space    used 3585K, capacity 3736K, committed 3836K, reserved 1048576K
}
2017-07-31T16:18:50.656+0200: 16481,060: [Rescan (parallel) , 0,0005817 secs]2017-07-31T16:18:50.656+0200: 16481,061: [weak refs processing, 0,0004640 secs]2017-07-31T16:18:50.657+0200: 16481,061: [class unloading, 0,0069561 secs]2017-07-31T16:18:50.664+0200: 16481,068: [scrub symbol table, 0,0032668 secs]2017-07-31T16:18:50.667+0200: 16481,072: [scrub string table, 0,0005986 secs][1 CMS-remark: 240530K(393216K)] 240538K(502464K), 0,0160656 secs] [Times: user=0,02 sys=0,01, real=0,02 secs] 
2017-07-31T16:18:50.668+0200: 16481,072: Total time for which application threads were stopped: 0,0161895 seconds, Stopping threads took: 0,0000198 seconds
2017-07-31T16:18:50.668+0200: 16481,072: [CMS-concurrent-sweep-start]
2017-07-31T16:18:50.695+0200: 16481,100: [CMS-concurrent-sweep: 0,027/0,027 secs] [Times: user=0,03 sys=0,00, real=0,03 secs] 
2017-07-31T16:18:50.695+0200: 16481,100: [CMS-concurrent-reset-start]
2017-07-31T16:18:50.696+0200: 16481,100: [CMS-concurrent-reset: 0,001/0,001 secs] [Times: user=0,00 sys=0,00, real=0,00 secs] 
2017-07-31T16:18:52.695+0200: 16483,100: [GC (CMS Initial Mark) [1 CMS-initial-mark: 240530K(393216K)] 240981K(502464K), 0,0010034 secs] [Times: user=0,00 sys=0,00, real=0,00 secs] 
2017-07-31T16:18:52.696+0200: 16483,101: Total time for which application threads were stopped: 0,0011650 seconds, Stopping threads took: 0,0000253 seconds
2017-07-31T16:18:52.696+0200: 16483,101: [CMS-concurrent-mark-start]
2017-07-31T16:18:52.738+0200: 16483,143: [CMS-concurrent-mark: 0,042/0,042 secs] [Times: user=0,17 sys=0,00, real=0,04 secs] 
2017-07-31T16:18:52.738+0200: 16483,143: [CMS-concurrent-preclean-start]
2017-07-31T16:18:52.740+0200: 16483,144: [CMS-concurrent-preclean: 0,001/0,001 secs] [Times: user=0,00 sys=0,00, real=0,00 secs] 
2017-07-31T16:18:52.740+0200: 16483,144: [GC (CMS Final Remark) [YG occupancy: 450 K (109248 K)]{Heap before GC invocations=486 (full 383):
 par new generation   total 109248K, used 450K [0x00000000e0000000, 0x00000000e8000000, 0x00000000e8000000)
  eden space 87424K,   0% used [0x00000000e0000000, 0x00000000e006ebb0, 0x00000000e5560000)
  from space 21824K,   0% used [0x00000000e5560000, 0x00000000e5562040, 0x00000000e6ab0000)
  to   space 21824K,   0% used [0x00000000e6ab0000, 0x00000000e6ab0000, 0x00000000e8000000)
 concurrent mark-sweep generation total 393216K, used 240530K [0x00000000e8000000, 0x0000000100000000, 0x0000000100000000)
 Metaspace       used 32762K, capacity 33224K, committed 33732K, reserved 1079296K
  class space    used 3585K, capacity 3736K, committed 3836K, reserved 1048576K
2017-07-31T16:18:52.740+0200: 16483,144: [GC (CMS Final Remark) 2017-07-31T16:18:52.740+0200: 16483,144: [ParNew
Desired survivor size 20112992 bytes, new threshold 8 (max 8)
- age   1:         32 bytes,         32 total
- age   2:         64 bytes,         96 total
- age   3:         64 bytes,        160 total
- age   4:         32 bytes,        192 total
- age   5:        152 bytes,        344 total
: 450K->8K(109248K), 0,0045659 secs] 240981K->240538K(502464K), 0,0046271 secs] [Times: user=0,00 sys=0,00, real=0,01 secs] 
Heap after GC invocations=487 (full 383):
 par new generation   total 109248K, used 8K [0x00000000e0000000, 0x00000000e8000000, 0x00000000e8000000)
  eden space 87424K,   0% used [0x00000000e0000000, 0x00000000e0000000, 0x00000000e5560000)
  from space 21824K,   0% used [0x00000000e6ab0000, 0x00000000e6ab2040, 0x00000000e8000000)
  to   space 21824K,   0% used [0x00000000e5560000, 0x00000000e5560000, 0x00000000e6ab0000)
 concurrent mark-sweep generation total 393216K, used 240530K [0x00000000e8000000, 0x0000000100000000, 0x0000000100000000)
 Metaspace       used 32762K, capacity 33224K, committed 33732K, reserved 1079296K
  class space    used 3585K, capacity 3736K, committed 3836K, reserved 1048576K
}
2017-07-31T16:18:52.745+0200: 16483,149: [Rescan (parallel) , 0,0005520 secs]2017-07-31T16:18:52.745+0200: 16483,150: [weak refs processing, 0,0004410 secs]2017-07-31T16:18:52.746+0200: 16483,150: [class unloading, 0,0073015 secs]2017-07-31T16:18:52.753+0200: 16483,157: [scrub symbol table, 0,0034618 secs]2017-07-31T16:18:52.756+0200: 16483,161: [scrub string table, 0,0006161 secs][1 CMS-remark: 240530K(393216K)] 240538K(502464K), 0,0172408 secs] [Times: user=0,02 sys=0,00, real=0,02 secs] 
2017-07-31T16:18:52.757+0200: 16483,162: Total time for which application threads were stopped: 0,0173695 seconds, Stopping threads took: 0,0000216 seconds
2017-07-31T16:18:52.757+0200: 16483,162: [CMS-concurrent-sweep-start]
2017-07-31T16:18:52.785+0200: 16483,190: [CMS-concurrent-sweep: 0,028/0,028 secs] [Times: user=0,03 sys=0,00, real=0,03 secs] 
2017-07-31T16:18:52.785+0200: 16483,190: [CMS-concurrent-reset-start]
2017-07-31T16:18:52.786+0200: 16483,190: [CMS-concurrent-reset: 0,001/0,001 secs] [Times: user=0,00 sys=0,00, real=0,00 secs] 
2017-07-31T16:18:54.785+0200: 16485,189: [GC (CMS Initial Mark) [1 CMS-initial-mark: 240529K(393216K)] 242515K(502464K), 0,0010092 secs] [Times: user=0,00 sys=0,00, real=0,00 secs] 
2017-07-31T16:18:54.786+0200: 16485,191: Total time for which application threads were stopped: 0,0011711 seconds, Stopping threads took: 0,0000247 seconds
2017-07-31T16:18:54.786+0200: 16485,191: [CMS-concurrent-mark-start]
2017-07-31T16:18:54.812+0200: 16485,217: [CMS-concurrent-mark: 0,026/0,026 secs] [Times: user=0,11 sys=0,00, real=0,03 secs] 
2017-07-31T16:18:54.813+0200: 16485,217: [CMS-concurrent-preclean-start]
2017-07-31T16:18:54.814+0200: 16485,218: [CMS-concurrent-preclean: 0,001/0,001 secs] [Times: user=0,00 sys=0,00, real=0,00 secs] 
2017-07-31T16:18:54.814+0200: 16485,219: [GC (CMS Final Remark) [YG occupancy: 1985 K (109248 K)]{Heap before GC invocations=487 (full 384):
 par new generation   total 109248K, used 1985K [0x00000000e0000000, 0x00000000e8000000, 0x00000000e8000000)
  eden space 87424K,   2% used [0x00000000e0000000, 0x00000000e01ee538, 0x00000000e5560000)
  from space 21824K,   0% used [0x00000000e6ab0000, 0x00000000e6ab2040, 0x00000000e8000000)
  to   space 21824K,   0% used [0x00000000e5560000, 0x00000000e5560000, 0x00000000e6ab0000)
 concurrent mark-sweep generation total 393216K, used 240529K [0x00000000e8000000, 0x0000000100000000, 0x0000000100000000)
 Metaspace       used 32762K, capacity 33224K, committed 33732K, reserved 1079296K
  class space    used 3585K, capacity 3736K, committed 3836K, reserved 1048576K
2017-07-31T16:18:54.814+0200: 16485,219: [GC (CMS Final Remark) 2017-07-31T16:18:54.814+0200: 16485,219: [ParNew
Desired survivor size 20112992 bytes, new threshold 8 (max 8)
- age   1:         96 bytes,         96 total
- age   2:         32 bytes,        128 total
- age   3:         64 bytes,        192 total
- age   6:        152 bytes,        344 total
: 1985K->8K(109248K), 0,0042587 secs] 242515K->240537K(502464K), 0,0043278 secs] [Times: user=0,01 sys=0,00, real=0,00 secs] 
Heap after GC invocations=488 (full 384):
 par new generation   total 109248K, used 8K [0x00000000e0000000, 0x00000000e8000000, 0x00000000e8000000)
  eden space 87424K,   0% used [0x00000000e0000000, 0x00000000e0000000, 0x00000000e5560000)
  from space 21824K,   0% used [0x00000000e5560000, 0x00000000e5562040, 0x00000000e6ab0000)
  to   space 21824K,   0% used [0x00000000e6ab0000, 0x00000000e6ab0000, 0x00000000e8000000)
 concurrent mark-sweep generation total 393216K, used 240529K [0x00000000e8000000, 0x0000000100000000, 0x0000000100000000)
 Metaspace       used 32762K, capacity 33224K, committed 33732K, reserved 1079296K
  class space    used 3585K, capacity 3736K, committed 3836K, reserved 1048576K
}
2017-07-31T16:18:54.819+0200: 16485,223: [Rescan (parallel) , 0,0005637 secs]2017-07-31T16:18:54.819+0200: 16485,224: [weak refs processing, 0,0005142 secs]2017-07-31T16:18:54.820+0200: 16485,224: [class unloading, 0,0078257 secs]2017-07-31T16:18:54.828+0200: 16485,232: [scrub symbol table, 0,0037583 secs]2017-07-31T16:18:54.831+0200: 16485,236: [scrub string table, 0,0006760 secs][1 CMS-remark: 240529K(393216K)] 240537K(502464K), 0,0180023 secs] [Times: user=0,02 sys=0,00, real=0,02 secs] 
2017-07-31T16:18:54.832+0200: 16485,237: Total time for which application threads were stopped: 0,0181318 seconds, Stopping threads took: 0,0000217 seconds
2017-07-31T16:18:54.832+0200: 16485,237: [CMS-concurrent-sweep-start]
2017-07-31T16:18:54.862+0200: 16485,266: [CMS-concurrent-sweep: 0,029/0,029 secs] [Times: user=0,03 sys=0,00, real=0,03 secs] 
2017-07-31T16:18:54.862+0200: 16485,266: [CMS-concurrent-reset-start]
2017-07-31T16:18:54.862+0200: 16485,267: [CMS-concurrent-reset: 0,001/0,001 secs] [Times: user=0,00 sys=0,00, real=0,00 secs] 
2017-07-31T16:18:56.861+0200: 16487,266: [GC (CMS Initial Mark) [1 CMS-initial-mark: 240529K(393216K)] 241308K(502464K), 0,0009009 secs] [Times: user=0,00 sys=0,00, real=0,00 secs] 
2017-07-31T16:18:56.862+0200: 16487,267: Total time for which application threads were stopped: 0,0010619 seconds, Stopping threads took: 0,0000256 seconds
2017-07-31T16:18:56.862+0200: 16487,267: [CMS-concurrent-mark-start]
2017-07-31T16:18:56.890+0200: 16487,295: [CMS-concurrent-mark: 0,028/0,028 secs] [Times: user=0,11 sys=0,00, real=0,02 secs] 
2017-07-31T16:18:56.890+0200: 16487,295: [CMS-concurrent-preclean-start]
2017-07-31T16:18:56.892+0200: 16487,296: [CMS-concurrent-preclean: 0,001/0,001 secs] [Times: user=0,00 sys=0,00, real=0,00 secs] 
2017-07-31T16:18:56.892+0200: 16487,296: [GC (CMS Final Remark) [YG occupancy: 778 K (109248 K)]{Heap before GC invocations=488 (full 385):
 par new generation   total 109248K, used 778K [0x00000000e0000000, 0x00000000e8000000, 0x00000000e8000000)
  eden space 87424K,   0% used [0x00000000e0000000, 0x00000000e00c0938, 0x00000000e5560000)
  from space 21824K,   0% used [0x00000000e5560000, 0x00000000e5562040, 0x00000000e6ab0000)
  to   space 21824K,   0% used [0x00000000e6ab0000, 0x00000000e6ab0000, 0x00000000e8000000)
 concurrent mark-sweep generation total 393216K, used 240529K [0x00000000e8000000, 0x0000000100000000, 0x0000000100000000)
 Metaspace       used 32762K, capacity 33224K, committed 33732K, reserved 1079296K
  class space    used 3585K, capacity 3736K, committed 3836K, reserved 1048576K
2017-07-31T16:18:56.892+0200: 16487,296: [GC (CMS Final Remark) 2017-07-31T16:18:56.892+0200: 16487,296: [ParNew
Desired survivor size 20112992 bytes, new threshold 8 (max 8)
- age   1:         64 bytes,         64 total
- age   2:         96 bytes,        160 total
- age   3:         32 bytes,        192 total
- age   7:        152 bytes,        344 total
: 778K->6K(109248K), 0,0038621 secs] 241308K->240535K(502464K), 0,0039315 secs] [Times: user=0,01 sys=0,00, real=0,00 secs] 
Heap after GC invocations=489 (full 385):
 par new generation   total 109248K, used 6K [0x00000000e0000000, 0x00000000e8000000, 0x00000000e8000000)
  eden space 87424K,   0% used [0x00000000e0000000, 0x00000000e0000000, 0x00000000e5560000)
  from space 21824K,   0% used [0x00000000e6ab0000, 0x00000000e6ab1830, 0x00000000e8000000)
  to   space 21824K,   0% used [0x00000000e5560000, 0x00000000e5560000, 0x00000000e6ab0000)
 concurrent mark-sweep generation total 393216K, used 240529K [0x00000000e8000000, 0x0000000100000000, 0x0000000100000000)
 Metaspace       used 32762K, capacity 33224K, committed 33732K, reserved 1079296K
  class space    used 3585K, capacity 3736K, committed 3836K, reserved 1048576K
}
2017-07-31T16:18:56.896+0200: 16487,300: [Rescan (parallel) , 0,0007103 secs]2017-07-31T16:18:56.897+0200: 16487,301: [weak refs processing, 0,0004882 secs]2017-07-31T16:18:56.897+0200: 16487,302: [class unloading, 0,0081129 secs]2017-07-31T16:18:56.905+0200: 16487,310: [scrub symbol table, 0,0038610 secs]2017-07-31T16:18:56.909+0200: 16487,314: [scrub string table, 0,0007067 secs][1 CMS-remark: 240529K(393216K)] 240535K(502464K), 0,0181512 secs] [Times: user=0,02 sys=0,00, real=0,02 secs] 
2017-07-31T16:18:56.910+0200: 16487,315: Total time for which application threads were stopped: 0,0182955 seconds, Stopping threads took: 0,0000226 seconds
2017-07-31T16:18:56.910+0200: 16487,315: [CMS-concurrent-sweep-start]
2017-07-31T16:18:56.940+0200: 16487,344: [CMS-concurrent-sweep: 0,030/0,030 secs] [Times: user=0,02 sys=0,00, real=0,04 secs] 
2017-07-31T16:18:56.940+0200: 16487,345: [CMS-concurrent-reset-start]
2017-07-31T16:18:56.941+0200: 16487,345: [CMS-concurrent-reset: 0,001/0,001 secs] [Times: user=0,00 sys=0,00, real=0,00 secs] 
2017-07-31T16:18:58.940+0200: 16489,344: [GC (CMS Initial Mark) [1 CMS-initial-mark: 240529K(393216K)] 242513K(502464K), 0,0010573 secs] [Times: user=0,00 sys=0,00, real=0,01 secs] 
2017-07-31T16:18:58.941+0200: 16489,345: Total time for which application threads were stopped: 0,0012247 seconds, Stopping threads took: 0,0000240 seconds
2017-07-31T16:18:58.941+0200: 16489,346: [CMS-concurrent-mark-start]
2017-07-31T16:18:58.968+0200: 16489,372: [CMS-concurrent-mark: 0,026/0,026 secs] [Times: user=0,11 sys=0,00, real=0,02 secs] 
2017-07-31T16:18:58.968+0200: 16489,372: [CMS-concurrent-preclean-start]
2017-07-31T16:18:58.969+0200: 16489,374: [CMS-concurrent-preclean: 0,001/0,001 secs] [Times: user=0,00 sys=0,00, real=0,00 secs] 
2017-07-31T16:18:58.969+0200: 16489,374: [GC (CMS Final Remark) [YG occupancy: 1983 K (109248 K)]{Heap before GC invocations=489 (full 386):
 par new generation   total 109248K, used 1983K [0x00000000e0000000, 0x00000000e8000000, 0x00000000e8000000)
  eden space 87424K,   2% used [0x00000000e0000000, 0x00000000e01ee538, 0x00000000e5560000)
  from space 21824K,   0% used [0x00000000e6ab0000, 0x00000000e6ab1830, 0x00000000e8000000)
  to   space 21824K,   0% used [0x00000000e5560000, 0x00000000e5560000, 0x00000000e6ab0000)
 concurrent mark-sweep generation total 393216K, used 240529K [0x00000000e8000000, 0x0000000100000000, 0x0000000100000000)
 Metaspace       used 32762K, capacity 33224K, committed 33732K, reserved 1079296K
  class space    used 3585K, capacity 3736K, committed 3836K, reserved 1048576K
2017-07-31T16:18:58.969+0200: 16489,374: [GC (CMS Final Remark) 2017-07-31T16:18:58.969+0200: 16489,374: [ParNew
Desired survivor size 20112992 bytes, new threshold 8 (max 8)
- age   1:         96 bytes,         96 total
- age   2:         64 bytes,        160 total
- age   3:         32 bytes,        192 total
- age   8:        152 bytes,        344 total
: 1983K->6K(109248K), 0,0037457 secs] 242513K->240535K(502464K), 0,0037943 secs] [Times: user=0,01 sys=0,01, real=0,01 secs] 
Heap after GC invocations=490 (full 386):
 par new generation   total 109248K, used 6K [0x00000000e0000000, 0x00000000e8000000, 0x00000000e8000000)
  eden space 87424K,   0% used [0x00000000e0000000, 0x00000000e0000000, 0x00000000e5560000)
  from space 21824K,   0% used [0x00000000e5560000, 0x00000000e5561830, 0x00000000e6ab0000)
  to   space 21824K,   0% used [0x00000000e6ab0000, 0x00000000e6ab0000, 0x00000000e8000000)
 concurrent mark-sweep generation total 393216K, used 240529K [0x00000000e8000000, 0x0000000100000000, 0x0000000100000000)
 Metaspace       used 32762K, capacity 33224K, committed 33732K, reserved 1079296K
  class space    used 3585K, capacity 3736K, committed 3836K, reserved 1048576K
}
2017-07-31T16:18:58.973+0200: 16489,378: [Rescan (parallel) , 0,0006746 secs]2017-07-31T16:18:58.974+0200: 16489,378: [weak refs processing, 0,0004773 secs]2017-07-31T16:18:58.974+0200: 16489,379: [class unloading, 0,0078023 secs]2017-07-31T16:18:58.982+0200: 16489,387: [scrub symbol table, 0,0037261 secs]2017-07-31T16:18:58.986+0200: 16489,390: [scrub string table, 0,0006802 secs][1 CMS-remark: 240529K(393216K)] 240535K(502464K), 0,0174361 secs] [Times: user=0,02 sys=0,01, real=0,02 secs] 
2017-07-31T16:18:58.987+0200: 16489,391: Total time for which application threads were stopped: 0,0175744 seconds, Stopping threads took: 0,0000216 seconds
2017-07-31T16:18:58.987+0200: 16489,391: [CMS-concurrent-sweep-start]
2017-07-31T16:18:59.017+0200: 16489,422: [CMS-concurrent-sweep: 0,030/0,030 secs] [Times: user=0,03 sys=0,00, real=0,03 secs] 
2017-07-31T16:18:59.017+0200: 16489,422: [CMS-concurrent-reset-start]
2017-07-31T16:18:59.018+0200: 16489,422: [CMS-concurrent-reset: 0,001/0,001 secs] [Times: user=0,00 sys=0,00, real=0,00 secs] 
2017-07-31T16:19:01.017+0200: 16491,421: [GC (CMS Initial Mark) [1 CMS-initial-mark: 240529K(393216K)] 240863K(502464K), 0,0008799 secs] [Times: user=0,00 sys=0,00, real=0,00 secs] 
2017-07-31T16:19:01.018+0200: 16491,422: Total time for which application threads were stopped: 0,0010521 seconds, Stopping threads took: 0,0000235 seconds
2017-07-31T16:19:01.018+0200: 16491,422: [CMS-concurrent-mark-start]
2017-07-31T16:19:01.045+0200: 16491,450: [CMS-concurrent-mark: 0,027/0,027 secs] [Times: user=0,12 sys=0,00, real=0,03 secs] 
2017-07-31T16:19:01.045+0200: 16491,450: [CMS-concurrent-preclean-start]
2017-07-31T16:19:01.047+0200: 16491,451: [CMS-concurrent-preclean: 0,001/0,001 secs] [Times: user=0,00 sys=0,00, real=0,00 secs] 
2017-07-31T16:19:01.047+0200: 16491,451: [GC (CMS Final Remark) [YG occupancy: 333 K (109248 K)]{Heap before GC invocations=490 (full 387):
 par new generation   total 109248K, used 333K [0x00000000e0000000, 0x00000000e8000000, 0x00000000e8000000)
  eden space 87424K,   0% used [0x00000000e0000000, 0x00000000e0051d88, 0x00000000e5560000)
  from space 21824K,   0% used [0x00000000e5560000, 0x00000000e5561830, 0x00000000e6ab0000)
  to   space 21824K,   0% used [0x00000000e6ab0000, 0x00000000e6ab0000, 0x00000000e8000000)
 concurrent mark-sweep generation total 393216K, used 240529K [0x00000000e8000000, 0x0000000100000000, 0x0000000100000000)
 Metaspace       used 32762K, capacity 33224K, committed 33732K, reserved 1079296K
  class space    used 3585K, capacity 3736K, committed 3836K, reserved 1048576K
2017-07-31T16:19:01.047+0200: 16491,451: [GC (CMS Final Remark) 2017-07-31T16:19:01.047+0200: 16491,452: [ParNew
Desired survivor size 20112992 bytes, new threshold 8 (max 8)
- age   1:         32 bytes,         32 total
- age   2:         96 bytes,        128 total
- age   3:         64 bytes,        192 total
: 333K->6K(109248K), 0,0043536 secs] 240863K->240535K(502464K), 0,0044030 secs] [Times: user=0,00 sys=0,00, real=0,00 secs] 
Heap after GC invocations=491 (full 387):
 par new generation   total 109248K, used 6K [0x00000000e0000000, 0x00000000e8000000, 0x00000000e8000000)
  eden space 87424K,   0% used [0x00000000e0000000, 0x00000000e0000000, 0x00000000e5560000)
  from space 21824K,   0% used [0x00000000e6ab0000, 0x00000000e6ab1830, 0x00000000e8000000)
  to   space 21824K,   0% used [0x00000000e5560000, 0x00000000e5560000, 0x00000000e6ab0000)
 concurrent mark-sweep generation total 393216K, used 240529K [0x00000000e8000000, 0x0000000100000000, 0x0000000100000000)
 Metaspace       used 32762K, capacity 33224K, committed 33732K, reserved 1079296K
  class space    used 3585K, capacity 3736K, committed 3836K, reserved 1048576K
}
2017-07-31T16:19:01.051+0200: 16491,456: [Rescan (parallel) , 0,0005358 secs]2017-07-31T16:19:01.052+0200: 16491,456: [weak refs processing, 0,0005024 secs]2017-07-31T16:19:01.053+0200: 16491,457: [class unloading, 0,0079859 secs]2017-07-31T16:19:01.061+0200: 16491,465: [scrub symbol table, 0,0036746 secs]2017-07-31T16:19:01.064+0200: 16491,469: [scrub string table, 0,0006753 secs][1 CMS-remark: 240529K(393216K)] 240535K(502464K), 0,0180454 secs] [Times: user=0,02 sys=0,00, real=0,02 secs] 
2017-07-31T16:19:01.065+0200: 16491,470: Total time for which application threads were stopped: 0,0181928 seconds, Stopping threads took: 0,0000280 seconds
2017-07-31T16:19:01.065+0200: 16491,470: [CMS-concurrent-sweep-start]
2017-07-31T16:19:01.095+0200: 16491,500: [CMS-concurrent-sweep: 0,030/0,030 secs] [Times: user=0,03 sys=0,00, real=0,03 secs] 
2017-07-31T16:19:01.095+0200: 16491,500: [CMS-concurrent-reset-start]
2017-07-31T16:19:01.096+0200: 16491,500: [CMS-concurrent-reset: 0,001/0,001 secs] [Times: user=0,00 sys=0,00, real=0,00 secs] 
2017-07-31T16:19:03.095+0200: 16493,499: [GC (CMS Initial Mark) [1 CMS-initial-mark: 240529K(393216K)] 242702K(502464K), 0,0010522 secs] [Times: user=0,01 sys=0,00, real=0,00 secs] 
2017-07-31T16:19:03.096+0200: 16493,501: Total time for which application threads were stopped: 0,0012130 seconds, Stopping threads took: 0,0000227 seconds
2017-07-31T16:19:03.096+0200: 16493,501: [CMS-concurrent-mark-start]
2017-07-31T16:19:03.124+0200: 16493,528: [CMS-concurrent-mark: 0,027/0,027 secs] [Times: user=0,10 sys=0,00, real=0,03 secs] 
2017-07-31T16:19:03.124+0200: 16493,528: [CMS-concurrent-preclean-start]
2017-07-31T16:19:03.125+0200: 16493,530: [CMS-concurrent-preclean: 0,001/0,001 secs] [Times: user=0,00 sys=0,00, real=0,00 secs] 
2017-07-31T16:19:03.125+0200: 16493,530: [CMS-concurrent-abortable-preclean-start]
 CMS: abort preclean due to time 2017-07-31T16:19:09.206+0200: 16499,610: [CMS-concurrent-abortable-preclean: 0,075/6,081 secs] [Times: user=0,08 sys=0,00, real=6,08 secs] 
2017-07-31T16:19:09.206+0200: 16499,611: [GC (CMS Final Remark) [YG occupancy: 2753 K (109248 K)]{Heap before GC invocations=491 (full 388):
 par new generation   total 109248K, used 2753K [0x00000000e0000000, 0x00000000e8000000, 0x00000000e8000000)
  eden space 87424K,   3% used [0x00000000e0000000, 0x00000000e02aee70, 0x00000000e5560000)
  from space 21824K,   0% used [0x00000000e6ab0000, 0x00000000e6ab1830, 0x00000000e8000000)
  to   space 21824K,   0% used [0x00000000e5560000, 0x00000000e5560000, 0x00000000e6ab0000)
 concurrent mark-sweep generation total 393216K, used 240529K [0x00000000e8000000, 0x0000000100000000, 0x0000000100000000)
 Metaspace       used 32762K, capacity 33224K, committed 33732K, reserved 1079296K
  class space    used 3585K, capacity 3736K, committed 3836K, reserved 1048576K
2017-07-31T16:19:09.206+0200: 16499,611: [GC (CMS Final Remark) 2017-07-31T16:19:09.206+0200: 16499,611: [ParNew
Desired survivor size 20112992 bytes, new threshold 8 (max 8)
- age   1:        192 bytes,        192 total
: 2753K->8K(109248K), 0,0053237 secs] 243283K->240538K(502464K), 0,0053853 secs] [Times: user=0,01 sys=0,00, real=0,00 secs] 
Heap after GC invocations=492 (full 388):
 par new generation   total 109248K, used 8K [0x00000000e0000000, 0x00000000e8000000, 0x00000000e8000000)
  eden space 87424K,   0% used [0x00000000e0000000, 0x00000000e0000000, 0x00000000e5560000)
  from space 21824K,   0% used [0x00000000e5560000, 0x00000000e5562040, 0x00000000e6ab0000)
  to   space 21824K,   0% used [0x00000000e6ab0000, 0x00000000e6ab0000, 0x00000000e8000000)
 concurrent mark-sweep generation total 393216K, used 240529K [0x00000000e8000000, 0x0000000100000000, 0x0000000100000000)
 Metaspace       used 32762K, capacity 33224K, committed 33732K, reserved 1079296K
  class space    used 3585K, capacity 3736K, committed 3836K, reserved 1048576K
}
2017-07-31T16:19:09.212+0200: 16499,616: [Rescan (parallel) , 0,0005645 secs]2017-07-31T16:19:09.212+0200: 16499,617: [weak refs processing, 0,0007655 secs]2017-07-31T16:19:09.213+0200: 16499,618: [class unloading, 0,0084435 secs]2017-07-31T16:19:09.222+0200: 16499,626: [scrub symbol table, 0,0039827 secs]2017-07-31T16:19:09.226+0200: 16499,630: [scrub string table, 0,0007334 secs][1 CMS-remark: 240529K(393216K)] 240538K(502464K), 0,0201602 secs] [Times: user=0,03 sys=0,00, real=0,02 secs] 
2017-07-31T16:19:09.226+0200: 16499,631: Total time for which application threads were stopped: 0,0203351 seconds, Stopping threads took: 0,0000526 seconds
2017-07-31T16:19:09.227+0200: 16499,631: [CMS-concurrent-sweep-start]
2017-07-31T16:19:09.258+0200: 16499,662: [CMS-concurrent-sweep: 0,031/0,031 secs] [Times: user=0,03 sys=0,00, real=0,03 secs] 
2017-07-31T16:19:09.258+0200: 16499,662: [CMS-concurrent-reset-start]
2017-07-31T16:19:09.258+0200: 16499,663: [CMS-concurrent-reset: 0,001/0,001 secs] [Times: user=0,00 sys=0,00, real=0,00 secs] 
2017-07-31T16:19:11.258+0200: 16501,662: [GC (CMS Initial Mark) [1 CMS-initial-mark: 240529K(393216K)] 241308K(502464K), 0,0010414 secs] [Times: user=0,00 sys=0,00, real=0,00 secs] 
2017-07-31T16:19:11.259+0200: 16501,663: Total time for which application threads were stopped: 0,0011983 seconds, Stopping threads took: 0,0000240 seconds
2017-07-31T16:19:11.259+0200: 16501,663: [CMS-concurrent-mark-start]
2017-07-31T16:19:11.287+0200: 16501,691: [CMS-concurrent-mark: 0,028/0,028 secs] [Times: user=0,12 sys=0,00, real=0,03 secs] 
2017-07-31T16:19:11.287+0200: 16501,691: [CMS-concurrent-preclean-start]
2017-07-31T16:19:11.288+0200: 16501,693: [CMS-concurrent-preclean: 0,001/0,001 secs] [Times: user=0,00 sys=0,00, real=0,00 secs] 
2017-07-31T16:19:11.289+0200: 16501,693: [GC (CMS Final Remark) [YG occupancy: 778 K (109248 K)]{Heap before GC invocations=492 (full 389):
 par new generation   total 109248K, used 778K [0x00000000e0000000, 0x00000000e8000000, 0x00000000e8000000)
  eden space 87424K,   0% used [0x00000000e0000000, 0x00000000e00c0938, 0x00000000e5560000)
  from space 21824K,   0% used [0x00000000e5560000, 0x00000000e5562040, 0x00000000e6ab0000)
  to   space 21824K,   0% used [0x00000000e6ab0000, 0x00000000e6ab0000, 0x00000000e8000000)
 concurrent mark-sweep generation total 393216K, used 240529K [0x00000000e8000000, 0x0000000100000000, 0x0000000100000000)
 Metaspace       used 32762K, capacity 33224K, committed 33732K, reserved 1079296K
  class space    used 3585K, capacity 3736K, committed 3836K, reserved 1048576K
2017-07-31T16:19:11.289+0200: 16501,693: [GC (CMS Final Remark) 2017-07-31T16:19:11.289+0200: 16501,693: [ParNew
Desired survivor size 20112992 bytes, new threshold 8 (max 8)
- age   1:         64 bytes,         64 total
- age   2:        128 bytes,        192 total
: 778K->6K(109248K), 0,0045110 secs] 241308K->240535K(502464K), 0,0045608 secs] [Times: user=0,00 sys=0,01, real=0,01 secs] 
Heap after GC invocations=493 (full 389):
 par new generation   total 109248K, used 6K [0x00000000e0000000, 0x00000000e8000000, 0x00000000e8000000)
  eden space 87424K,   0% used [0x00000000e0000000, 0x00000000e0000000, 0x00000000e5560000)
  from space 21824K,   0% used [0x00000000e6ab0000, 0x00000000e6ab1830, 0x00000000e8000000)
  to   space 21824K,   0% used [0x00000000e5560000, 0x00000000e5560000, 0x00000000e6ab0000)
 concurrent mark-sweep generation total 393216K, used 240529K [0x00000000e8000000, 0x0000000100000000, 0x0000000100000000)
 Metaspace       used 32762K, capacity 33224K, committed 33732K, reserved 1079296K
  class space    used 3585K, capacity 3736K, committed 3836K, reserved 1048576K
}
2017-07-31T16:19:11.293+0200: 16501,698: [Rescan (parallel) , 0,0006169 secs]2017-07-31T16:19:11.294+0200: 16501,699: [weak refs processing, 0,0004752 secs]2017-07-31T16:19:11.295+0200: 16501,699: [class unloading, 0,0082334 secs]2017-07-31T16:19:11.303+0200: 16501,707: [scrub symbol table, 0,0039144 secs]2017-07-31T16:19:11.307+0200: 16501,711: [scrub string table, 0,0007187 secs][1 CMS-remark: 240529K(393216K)] 240535K(502464K), 0,0189674 secs] [Times: user=0,02 sys=0,01, real=0,02 secs] 
2017-07-31T16:19:11.308+0200: 16501,712: Total time for which application threads were stopped: 0,0191022 seconds, Stopping threads took: 0,0000231 seconds
2017-07-31T16:19:11.308+0200: 16501,712: [CMS-concurrent-sweep-start]
2017-07-31T16:19:11.338+0200: 16501,742: [CMS-concurrent-sweep: 0,030/0,030 secs] [Times: user=0,03 sys=0,00, real=0,03 secs] 
2017-07-31T16:19:11.338+0200: 16501,742: [CMS-concurrent-reset-start]
2017-07-31T16:19:11.338+0200: 16501,743: [CMS-concurrent-reset: 0,001/0,001 secs] [Times: user=0,00 sys=0,00, real=0,00 secs] 
2017-07-31T16:19:13.338+0200: 16503,742: [GC (CMS Initial Mark) [1 CMS-initial-mark: 240529K(393216K)] 242259K(502464K), 0,0007843 secs] [Times: user=0,00 sys=0,00, real=0,00 secs] 
2017-07-31T16:19:13.338+0200: 16503,743: Total time for which application threads were stopped: 0,0009508 seconds, Stopping threads took: 0,0000244 seconds
2017-07-31T16:19:13.338+0200: 16503,743: [CMS-concurrent-mark-start]
2017-07-31T16:19:13.363+0200: 16503,767: [CMS-concurrent-mark: 0,024/0,024 secs] [Times: user=0,10 sys=0,00, real=0,03 secs] 
2017-07-31T16:19:13.363+0200: 16503,767: [CMS-concurrent-preclean-start]
2017-07-31T16:19:13.364+0200: 16503,769: [CMS-concurrent-preclean: 0,001/0,001 secs] [Times: user=0,00 sys=0,00, real=0,00 secs] 
2017-07-31T16:19:13.364+0200: 16503,769: [GC (CMS Final Remark) [YG occupancy: 1729 K (109248 K)]{Heap before GC invocations=493 (full 390):
 par new generation   total 109248K, used 1729K [0x00000000e0000000, 0x00000000e8000000, 0x00000000e8000000)
  eden space 87424K,   1% used [0x00000000e0000000, 0x00000000e01aecd8, 0x00000000e5560000)
  from space 21824K,   0% used [0x00000000e6ab0000, 0x00000000e6ab1830, 0x00000000e8000000)
  to   space 21824K,   0% used [0x00000000e5560000, 0x00000000e5560000, 0x00000000e6ab0000)
 concurrent mark-sweep generation total 393216K, used 240529K [0x00000000e8000000, 0x0000000100000000, 0x0000000100000000)
 Metaspace       used 32762K, capacity 33224K, committed 33732K, reserved 1079296K
  class space    used 3585K, capacity 3736K, committed 3836K, reserved 1048576K
2017-07-31T16:19:13.364+0200: 16503,769: [GC (CMS Final Remark) 2017-07-31T16:19:13.364+0200: 16503,769: [ParNew
Desired survivor size 20112992 bytes, new threshold 8 (max 8)
- age   1:         64 bytes,         64 total
- age   2:         64 bytes,        128 total
- age   3:         64 bytes,        192 total
: 1729K->6K(109248K), 0,0030740 secs] 242259K->240535K(502464K), 0,0031179 secs] [Times: user=0,01 sys=0,00, real=0,00 secs] 
Heap after GC invocations=494 (full 390):
 par new generation   total 109248K, used 6K [0x00000000e0000000, 0x00000000e8000000, 0x00000000e8000000)
  eden space 87424K,   0% used [0x00000000e0000000, 0x00000000e0000000, 0x00000000e5560000)
  from space 21824K,   0% used [0x00000000e5560000, 0x00000000e5561830, 0x00000000e6ab0000)
  to   space 21824K,   0% used [0x00000000e6ab0000, 0x00000000e6ab0000, 0x00000000e8000000)
 concurrent mark-sweep generation total 393216K, used 240529K [0x00000000e8000000, 0x0000000100000000, 0x0000000100000000)
 Metaspace       used 32762K, capacity 33224K, committed 33732K, reserved 1079296K
  class space    used 3585K, capacity 3736K, committed 3836K, reserved 1048576K
}
2017-07-31T16:19:13.368+0200: 16503,772: [Rescan (parallel) , 0,0005320 secs]2017-07-31T16:19:13.368+0200: 16503,773: [weak refs processing, 0,0004115 secs]2017-07-31T16:19:13.369+0200: 16503,773: [class unloading, 0,0070983 secs]2017-07-31T16:19:13.376+0200: 16503,780: [scrub symbol table, 0,0033917 secs]2017-07-31T16:19:13.379+0200: 16503,784: [scrub string table, 0,0006276 secs][1 CMS-remark: 240529K(393216K)] 240535K(502464K), 0,0155196 secs] [Times: user=0,02 sys=0,00, real=0,01 secs] 
2017-07-31T16:19:13.380+0200: 16503,784: Total time for which application threads were stopped: 0,0156786 seconds, Stopping threads took: 0,0000215 seconds
2017-07-31T16:19:13.380+0200: 16503,785: [CMS-concurrent-sweep-start]
2017-07-31T16:19:13.408+0200: 16503,813: [CMS-concurrent-sweep: 0,028/0,028 secs] [Times: user=0,03 sys=0,00, real=0,02 secs] 
2017-07-31T16:19:13.408+0200: 16503,813: [CMS-concurrent-reset-start]
2017-07-31T16:19:13.409+0200: 16503,813: [CMS-concurrent-reset: 0,001/0,001 secs] [Times: user=0,00 sys=0,00, real=0,00 secs] 
2017-07-31T16:19:15.408+0200: 16505,813: [GC (CMS Initial Mark) [1 CMS-initial-mark: 240529K(393216K)] 240842K(502464K), 0,0010287 secs] [Times: user=0,00 sys=0,00, real=0,00 secs] 
2017-07-31T16:19:15.409+0200: 16505,814: Total time for which application threads were stopped: 0,0011879 seconds, Stopping threads took: 0,0000249 seconds
2017-07-31T16:19:15.409+0200: 16505,814: [CMS-concurrent-mark-start]
2017-07-31T16:19:15.440+0200: 16505,845: [CMS-concurrent-mark: 0,031/0,031 secs] [Times: user=0,12 sys=0,00, real=0,04 secs] 
2017-07-31T16:19:15.440+0200: 16505,845: [CMS-concurrent-preclean-start]
2017-07-31T16:19:15.442+0200: 16505,846: [CMS-concurrent-preclean: 0,001/0,001 secs] [Times: user=0,00 sys=0,00, real=0,00 secs] 
2017-07-31T16:19:15.442+0200: 16505,846: [GC (CMS Final Remark) [YG occupancy: 312 K (109248 K)]{Heap before GC invocations=494 (full 391):
 par new generation   total 109248K, used 312K [0x00000000e0000000, 0x00000000e8000000, 0x00000000e8000000)
  eden space 87424K,   0% used [0x00000000e0000000, 0x00000000e004c870, 0x00000000e5560000)
  from space 21824K,   0% used [0x00000000e5560000, 0x00000000e5561830, 0x00000000e6ab0000)
  to   space 21824K,   0% used [0x00000000e6ab0000, 0x00000000e6ab0000, 0x00000000e8000000)
 concurrent mark-sweep generation total 393216K, used 240529K [0x00000000e8000000, 0x0000000100000000, 0x0000000100000000)
 Metaspace       used 32762K, capacity 33224K, committed 33732K, reserved 1079296K
  class space    used 3585K, capacity 3736K, committed 3836K, reserved 1048576K
2017-07-31T16:19:15.442+0200: 16505,846: [GC (CMS Final Remark) 2017-07-31T16:19:15.442+0200: 16505,846: [ParNew
Desired survivor size 20112992 bytes, new threshold 8 (max 8)
- age   1:        184 bytes,        184 total
- age   2:         64 bytes,        248 total
- age   3:         64 bytes,        312 total
- age   4:         32 bytes,        344 total
: 312K->6K(109248K), 0,0044396 secs] 240842K->240535K(502464K), 0,0044974 secs] [Times: user=0,01 sys=0,00, real=0,00 secs] 
Heap after GC invocations=495 (full 391):
 par new generation   total 109248K, used 6K [0x00000000e0000000, 0x00000000e8000000, 0x00000000e8000000)
  eden space 87424K,   0% used [0x00000000e0000000, 0x00000000e0000000, 0x00000000e5560000)
  from space 21824K,   0% used [0x00000000e6ab0000, 0x00000000e6ab1830, 0x00000000e8000000)
  to   space 21824K,   0% used [0x00000000e5560000, 0x00000000e5560000, 0x00000000e6ab0000)
 concurrent mark-sweep generation total 393216K, used 240529K [0x00000000e8000000, 0x0000000100000000, 0x0000000100000000)
 Metaspace       used 32762K, capacity 33224K, committed 33732K, reserved 1079296K
  class space    used 3585K, capacity 3736K, committed 3836K, reserved 1048576K
}
2017-07-31T16:19:15.447+0200: 16505,851: [Rescan (parallel) , 0,0005793 secs]2017-07-31T16:19:15.447+0200: 16505,852: [weak refs processing, 0,0005973 secs]2017-07-31T16:19:15.448+0200: 16505,852: [class unloading, 0,0078120 secs]2017-07-31T16:19:15.456+0200: 16505,860: [scrub symbol table, 0,0037714 secs]2017-07-31T16:19:15.459+0200: 16505,864: [scrub string table, 0,0007897 secs][1 CMS-remark: 240529K(393216K)] 240535K(502464K), 0,0184282 secs] [Times: user=0,03 sys=0,00, real=0,02 secs] 
2017-07-31T16:19:15.460+0200: 16505,865: Total time for which application threads were stopped: 0,0185714 seconds, Stopping threads took: 0,0000254 seconds
2017-07-31T16:19:15.460+0200: 16505,865: [CMS-concurrent-sweep-start]
2017-07-31T16:19:15.489+0200: 16505,894: [CMS-concurrent-sweep: 0,029/0,029 secs] [Times: user=0,03 sys=0,00, real=0,02 secs] 
2017-07-31T16:19:15.489+0200: 16505,894: [CMS-concurrent-reset-start]
2017-07-31T16:19:15.490+0200: 16505,894: [CMS-concurrent-reset: 0,001/0,001 secs] [Times: user=0,00 sys=0,00, real=0,00 secs] 
2017-07-31T16:19:17.489+0200: 16507,893: [GC (CMS Initial Mark) [1 CMS-initial-mark: 240529K(393216K)] 241306K(502464K), 0,0009740 secs] [Times: user=0,00 sys=0,00, real=0,00 secs] 
2017-07-31T16:19:17.490+0200: 16507,894: Total time for which application threads were stopped: 0,0011361 seconds, Stopping threads took: 0,0000248 seconds
2017-07-31T16:19:17.490+0200: 16507,895: [CMS-concurrent-mark-start]
2017-07-31T16:19:17.533+0200: 16507,938: [CMS-concurrent-mark: 0,043/0,043 secs] [Times: user=0,17 sys=0,00, real=0,05 secs] 
2017-07-31T16:19:17.533+0200: 16507,938: [CMS-concurrent-preclean-start]
2017-07-31T16:19:17.535+0200: 16507,939: [CMS-concurrent-preclean: 0,001/0,001 secs] [Times: user=0,00 sys=0,00, real=0,00 secs] 
2017-07-31T16:19:17.535+0200: 16507,939: [GC (CMS Final Remark) [YG occupancy: 776 K (109248 K)]{Heap before GC invocations=495 (full 392):
 par new generation   total 109248K, used 776K [0x00000000e0000000, 0x00000000e8000000, 0x00000000e8000000)
  eden space 87424K,   0% used [0x00000000e0000000, 0x00000000e00c0938, 0x00000000e5560000)
  from space 21824K,   0% used [0x00000000e6ab0000, 0x00000000e6ab1830, 0x00000000e8000000)
  to   space 21824K,   0% used [0x00000000e5560000, 0x00000000e5560000, 0x00000000e6ab0000)
 concurrent mark-sweep generation total 393216K, used 240529K [0x00000000e8000000, 0x0000000100000000, 0x0000000100000000)
 Metaspace       used 32762K, capacity 33224K, committed 33732K, reserved 1079296K
  class space    used 3585K, capacity 3736K, committed 3836K, reserved 1048576K
2017-07-31T16:19:17.535+0200: 16507,939: [GC (CMS Final Remark) 2017-07-31T16:19:17.535+0200: 16507,939: [ParNew
Desired survivor size 20112992 bytes, new threshold 8 (max 8)
- age   1:         64 bytes,         64 total
- age   2:        184 bytes,        248 total
- age   3:         64 bytes,        312 total
- age   4:         32 bytes,        344 total
: 776K->8K(109248K), 0,0044262 secs] 241306K->240537K(502464K), 0,0044844 secs] [Times: user=0,01 sys=0,00, real=0,00 secs] 
Heap after GC invocations=496 (full 392):
 par new generation   total 109248K, used 8K [0x00000000e0000000, 0x00000000e8000000, 0x00000000e8000000)
  eden space 87424K,   0% used [0x00000000e0000000, 0x00000000e0000000, 0x00000000e5560000)
  from space 21824K,   0% used [0x00000000e5560000, 0x00000000e5562040, 0x00000000e6ab0000)
  to   space 21824K,   0% used [0x00000000e6ab0000, 0x00000000e6ab0000, 0x00000000e8000000)
 concurrent mark-sweep generation total 393216K, used 240529K [0x00000000e8000000, 0x0000000100000000, 0x0000000100000000)
 Metaspace       used 32762K, capacity 33224K, committed 33732K, reserved 1079296K
  class space    used 3585K, capacity 3736K, committed 3836K, reserved 1048576K
}
2017-07-31T16:19:17.540+0200: 16507,944: [Rescan (parallel) , 0,0005689 secs]2017-07-31T16:19:17.540+0200: 16507,945: [weak refs processing, 0,0004102 secs]2017-07-31T16:19:17.541+0200: 16507,945: [class unloading, 0,0083155 secs]2017-07-31T16:19:17.549+0200: 16507,953: [scrub symbol table, 0,0038234 secs]2017-07-31T16:19:17.553+0200: 16507,957: [scrub string table, 0,0006002 secs][1 CMS-remark: 240529K(393216K)] 240537K(502464K), 0,0185746 secs] [Times: user=0,03 sys=0,00, real=0,02 secs] 
2017-07-31T16:19:17.554+0200: 16507,958: Total time for which application threads were stopped: 0,0187086 seconds, Stopping threads took: 0,0000239 seconds
2017-07-31T16:19:17.554+0200: 16507,958: [CMS-concurrent-sweep-start]
2017-07-31T16:19:17.580+0200: 16507,985: [CMS-concurrent-sweep: 0,027/0,027 secs] [Times: user=0,02 sys=0,00, real=0,03 secs] 
2017-07-31T16:19:17.580+0200: 16507,985: [CMS-concurrent-reset-start]
2017-07-31T16:19:17.581+0200: 16507,985: [CMS-concurrent-reset: 0,001/0,001 secs] [Times: user=0,01 sys=0,00, real=0,00 secs] 
2017-07-31T16:19:19.580+0200: 16509,985: [GC (CMS Initial Mark) [1 CMS-initial-mark: 240529K(393216K)] 242515K(502464K), 0,0009530 secs] [Times: user=0,00 sys=0,00, real=0,00 secs] 
2017-07-31T16:19:19.581+0200: 16509,986: Total time for which application threads were stopped: 0,0011284 seconds, Stopping threads took: 0,0000240 seconds
2017-07-31T16:19:19.581+0200: 16509,986: [CMS-concurrent-mark-start]
2017-07-31T16:19:19.610+0200: 16510,015: [CMS-concurrent-mark: 0,029/0,029 secs] [Times: user=0,11 sys=0,00, real=0,02 secs] 
2017-07-31T16:19:19.610+0200: 16510,015: [CMS-concurrent-preclean-start]
2017-07-31T16:19:19.612+0200: 16510,016: [CMS-concurrent-preclean: 0,002/0,002 secs] [Times: user=0,01 sys=0,00, real=0,00 secs] 
2017-07-31T16:19:19.612+0200: 16510,017: [GC (CMS Final Remark) [YG occupancy: 1985 K (109248 K)]{Heap before GC invocations=496 (full 393):
 par new generation   total 109248K, used 1985K [0x00000000e0000000, 0x00000000e8000000, 0x00000000e8000000)
  eden space 87424K,   2% used [0x00000000e0000000, 0x00000000e01ee538, 0x00000000e5560000)
  from space 21824K,   0% used [0x00000000e5560000, 0x00000000e5562040, 0x00000000e6ab0000)
  to   space 21824K,   0% used [0x00000000e6ab0000, 0x00000000e6ab0000, 0x00000000e8000000)
 concurrent mark-sweep generation total 393216K, used 240529K [0x00000000e8000000, 0x0000000100000000, 0x0000000100000000)
 Metaspace       used 32762K, capacity 33224K, committed 33732K, reserved 1079296K
  class space    used 3585K, capacity 3736K, committed 3836K, reserved 1048576K
2017-07-31T16:19:19.612+0200: 16510,017: [GC (CMS Final Remark) 2017-07-31T16:19:19.612+0200: 16510,017: [ParNew
Desired survivor size 20112992 bytes, new threshold 8 (max 8)
- age   1:         96 bytes,         96 total
- age   2:         64 bytes,        160 total
- age   3:        184 bytes,        344 total
: 1985K->8K(109248K), 0,0044529 secs] 242515K->240537K(502464K), 0,0045084 secs] [Times: user=0,00 sys=0,01, real=0,00 secs] 
Heap after GC invocations=497 (full 393):
 par new generation   total 109248K, used 8K [0x00000000e0000000, 0x00000000e8000000, 0x00000000e8000000)
  eden space 87424K,   0% used [0x00000000e0000000, 0x00000000e0000000, 0x00000000e5560000)
  from space 21824K,   0% used [0x00000000e6ab0000, 0x00000000e6ab2040, 0x00000000e8000000)
  to   space 21824K,   0% used [0x00000000e5560000, 0x00000000e5560000, 0x00000000e6ab0000)
 concurrent mark-sweep generation total 393216K, used 240529K [0x00000000e8000000, 0x0000000100000000, 0x0000000100000000)
 Metaspace       used 32762K, capacity 33224K, committed 33732K, reserved 1079296K
  class space    used 3585K, capacity 3736K, committed 3836K, reserved 1048576K
}
2017-07-31T16:19:19.617+0200: 16510,021: [Rescan (parallel) , 0,0006234 secs]2017-07-31T16:19:19.617+0200: 16510,022: [weak refs processing, 0,0004570 secs]2017-07-31T16:19:19.618+0200: 16510,022: [class unloading, 0,0077597 secs]2017-07-31T16:19:19.626+0200: 16510,030: [scrub symbol table, 0,0035852 secs]2017-07-31T16:19:19.629+0200: 16510,034: [scrub string table, 0,0006594 secs][1 CMS-remark: 240529K(393216K)] 240537K(502464K), 0,0178700 secs] [Times: user=0,02 sys=0,01, real=0,01 secs] 
2017-07-31T16:19:19.630+0200: 16510,035: Total time for which application threads were stopped: 0,0180141 seconds, Stopping threads took: 0,0000241 seconds
2017-07-31T16:19:19.630+0200: 16510,035: [CMS-concurrent-sweep-start]
2017-07-31T16:19:19.658+0200: 16510,063: [CMS-concurrent-sweep: 0,028/0,028 secs] [Times: user=0,03 sys=0,00, real=0,03 secs] 
2017-07-31T16:19:19.658+0200: 16510,063: [CMS-concurrent-reset-start]
2017-07-31T16:19:19.659+0200: 16510,063: [CMS-concurrent-reset: 0,001/0,001 secs] [Times: user=0,00 sys=0,00, real=0,00 secs] 
2017-07-31T16:19:21.658+0200: 16512,062: [GC (CMS Initial Mark) [1 CMS-initial-mark: 240529K(393216K)] 241308K(502464K), 0,0008257 secs] [Times: user=0,00 sys=0,00, real=0,00 secs] 
2017-07-31T16:19:21.659+0200: 16512,063: Total time for which application threads were stopped: 0,0009761 seconds, Stopping threads took: 0,0000238 seconds
2017-07-31T16:19:21.659+0200: 16512,063: [CMS-concurrent-mark-start]
2017-07-31T16:19:21.682+0200: 16512,087: [CMS-concurrent-mark: 0,023/0,023 secs] [Times: user=0,09 sys=0,00, real=0,03 secs] 
2017-07-31T16:19:21.682+0200: 16512,087: [CMS-concurrent-preclean-start]
2017-07-31T16:19:21.684+0200: 16512,088: [CMS-concurrent-preclean: 0,001/0,001 secs] [Times: user=0,00 sys=0,00, real=0,00 secs] 
2017-07-31T16:19:21.684+0200: 16512,088: [GC (CMS Final Remark) [YG occupancy: 778 K (109248 K)]{Heap before GC invocations=497 (full 394):
 par new generation   total 109248K, used 778K [0x00000000e0000000, 0x00000000e8000000, 0x00000000e8000000)
  eden space 87424K,   0% used [0x00000000e0000000, 0x00000000e00c0938, 0x00000000e5560000)
  from space 21824K,   0% used [0x00000000e6ab0000, 0x00000000e6ab2040, 0x00000000e8000000)
  to   space 21824K,   0% used [0x00000000e5560000, 0x00000000e5560000, 0x00000000e6ab0000)
 concurrent mark-sweep generation total 393216K, used 240529K [0x00000000e8000000, 0x0000000100000000, 0x0000000100000000)
 Metaspace       used 32762K, capacity 33224K, committed 33732K, reserved 1079296K
  class space    used 3585K, capacity 3736K, committed 3836K, reserved 1048576K
2017-07-31T16:19:21.684+0200: 16512,089: [GC (CMS Final Remark) 2017-07-31T16:19:21.684+0200: 16512,089: [ParNew
Desired survivor size 20112992 bytes, new threshold 8 (max 8)
- age   1:         64 bytes,         64 total
- age   2:         96 bytes,        160 total
- age   3:         32 bytes,        192 total
- age   4:        152 bytes,        344 total
: 778K->6K(109248K), 0,0040632 secs] 241308K->240535K(502464K), 0,0041206 secs] [Times: user=0,00 sys=0,00, real=0,00 secs] 
Heap after GC invocations=498 (full 394):
 par new generation   total 109248K, used 6K [0x00000000e0000000, 0x00000000e8000000, 0x00000000e8000000)
  eden space 87424K,   0% used [0x00000000e0000000, 0x00000000e0000000, 0x00000000e5560000)
  from space 21824K,   0% used [0x00000000e5560000, 0x00000000e5561830, 0x00000000e6ab0000)
  to   space 21824K,   0% used [0x00000000e6ab0000, 0x00000000e6ab0000, 0x00000000e8000000)
 concurrent mark-sweep generation total 393216K, used 240529K [0x00000000e8000000, 0x0000000100000000, 0x0000000100000000)
 Metaspace       used 32762K, capacity 33224K, committed 33732K, reserved 1079296K
  class space    used 3585K, capacity 3736K, committed 3836K, reserved 1048576K
}
2017-07-31T16:19:21.688+0200: 16512,093: [Rescan (parallel) , 0,0006379 secs]2017-07-31T16:19:21.689+0200: 16512,093: [weak refs processing, 0,0004167 secs]2017-07-31T16:19:21.689+0200: 16512,094: [class unloading, 0,0075138 secs]2017-07-31T16:19:21.697+0200: 16512,101: [scrub symbol table, 0,0033346 secs]2017-07-31T16:19:21.700+0200: 16512,105: [scrub string table, 0,0006135 secs][1 CMS-remark: 240529K(393216K)] 240535K(502464K), 0,0169522 secs] [Times: user=0,01 sys=0,00, real=0,02 secs] 
2017-07-31T16:19:21.701+0200: 16512,105: Total time for which application threads were stopped: 0,0170935 seconds, Stopping threads took: 0,0000235 seconds
2017-07-31T16:19:21.701+0200: 16512,105: [CMS-concurrent-sweep-start]
2017-07-31T16:19:21.728+0200: 16512,133: [CMS-concurrent-sweep: 0,027/0,027 secs] [Times: user=0,03 sys=0,00, real=0,02 secs] 
2017-07-31T16:19:21.728+0200: 16512,133: [CMS-concurrent-reset-start]
2017-07-31T16:19:21.729+0200: 16512,133: [CMS-concurrent-reset: 0,001/0,001 secs] [Times: user=0,00 sys=0,00, real=0,00 secs] 
2017-07-31T16:19:23.728+0200: 16514,133: [GC (CMS Initial Mark) [1 CMS-initial-mark: 240529K(393216K)] 242513K(502464K), 0,0009800 secs] [Times: user=0,00 sys=0,00, real=0,00 secs] 
2017-07-31T16:19:23.729+0200: 16514,134: Total time for which application threads were stopped: 0,0011398 seconds, Stopping threads took: 0,0000233 seconds
2017-07-31T16:19:23.729+0200: 16514,134: [CMS-concurrent-mark-start]
2017-07-31T16:19:23.763+0200: 16514,167: [CMS-concurrent-mark: 0,033/0,033 secs] [Times: user=0,14 sys=0,00, real=0,04 secs] 
2017-07-31T16:19:23.763+0200: 16514,167: [CMS-concurrent-preclean-start]
2017-07-31T16:19:23.765+0200: 16514,169: [CMS-concurrent-preclean: 0,002/0,002 secs] [Times: user=0,00 sys=0,00, real=0,00 secs] 
2017-07-31T16:19:23.765+0200: 16514,169: [GC (CMS Final Remark) [YG occupancy: 1983 K (109248 K)]{Heap before GC invocations=498 (full 395):
 par new generation   total 109248K, used 1983K [0x00000000e0000000, 0x00000000e8000000, 0x00000000e8000000)
  eden space 87424K,   2% used [0x00000000e0000000, 0x00000000e01ee538, 0x00000000e5560000)
  from space 21824K,   0% used [0x00000000e5560000, 0x00000000e5561830, 0x00000000e6ab0000)
  to   space 21824K,   0% used [0x00000000e6ab0000, 0x00000000e6ab0000, 0x00000000e8000000)
 concurrent mark-sweep generation total 393216K, used 240529K [0x00000000e8000000, 0x0000000100000000, 0x0000000100000000)
 Metaspace       used 32762K, capacity 33224K, committed 33732K, reserved 1079296K
  class space    used 3585K, capacity 3736K, committed 3836K, reserved 1048576K
2017-07-31T16:19:23.765+0200: 16514,169: [GC (CMS Final Remark) 2017-07-31T16:19:23.765+0200: 16514,169: [ParNew
Desired survivor size 20112992 bytes, new threshold 8 (max 8)
- age   1:         96 bytes,         96 total
- age   2:         64 bytes,        160 total
- age   3:         32 bytes,        192 total
- age   5:        152 bytes,        344 total
: 1983K->8K(109248K), 0,0042706 secs] 242513K->240537K(502464K), 0,0043229 secs] [Times: user=0,01 sys=0,00, real=0,00 secs] 
Heap after GC invocations=499 (full 395):
 par new generation   total 109248K, used 8K [0x00000000e0000000, 0x00000000e8000000, 0x00000000e8000000)
  eden space 87424K,   0% used [0x00000000e0000000, 0x00000000e0000000, 0x00000000e5560000)
  from space 21824K,   0% used [0x00000000e6ab0000, 0x00000000e6ab2040, 0x00000000e8000000)
  to   space 21824K,   0% used [0x00000000e5560000, 0x00000000e5560000, 0x00000000e6ab0000)
 concurrent mark-sweep generation total 393216K, used 240529K [0x00000000e8000000, 0x0000000100000000, 0x0000000100000000)
 Metaspace       used 32762K, capacity 33224K, committed 33732K, reserved 1079296K
  class space    used 3585K, capacity 3736K, committed 3836K, reserved 1048576K
}
2017-07-31T16:19:23.769+0200: 16514,174: [Rescan (parallel) , 0,0005979 secs]2017-07-31T16:19:23.770+0200: 16514,174: [weak refs processing, 0,0004650 secs]2017-07-31T16:19:23.770+0200: 16514,175: [class unloading, 0,0076356 secs]2017-07-31T16:19:23.778+0200: 16514,183: [scrub symbol table, 0,0035667 secs]2017-07-31T16:19:23.782+0200: 16514,186: [scrub string table, 0,0006317 secs][1 CMS-remark: 240529K(393216K)] 240537K(502464K), 0,0175187 secs] [Times: user=0,02 sys=0,00, real=0,02 secs] 
2017-07-31T16:19:23.782+0200: 16514,187: Total time for which application threads were stopped: 0,0176640 seconds, Stopping threads took: 0,0000251 seconds
2017-07-31T16:19:23.783+0200: 16514,187: [CMS-concurrent-sweep-start]
2017-07-31T16:19:23.810+0200: 16514,215: [CMS-concurrent-sweep: 0,028/0,028 secs] [Times: user=0,03 sys=0,00, real=0,02 secs] 
2017-07-31T16:19:23.810+0200: 16514,215: [CMS-concurrent-reset-start]
2017-07-31T16:19:23.811+0200: 16514,215: [CMS-concurrent-reset: 0,001/0,001 secs] [Times: user=0,00 sys=0,00, real=0,00 secs] 
2017-07-31T16:19:25.810+0200: 16516,215: [GC (CMS Initial Mark) [1 CMS-initial-mark: 240529K(393216K)] 240865K(502464K), 0,0009377 secs] [Times: user=0,00 sys=0,00, real=0,00 secs] 
2017-07-31T16:19:25.811+0200: 16516,216: Total time for which application threads were stopped: 0,0011011 seconds, Stopping threads took: 0,0000241 seconds
2017-07-31T16:19:25.811+0200: 16516,216: [CMS-concurrent-mark-start]
2017-07-31T16:19:25.841+0200: 16516,245: [CMS-concurrent-mark: 0,030/0,030 secs] [Times: user=0,12 sys=0,00, real=0,04 secs] 
2017-07-31T16:19:25.841+0200: 16516,246: [CMS-concurrent-preclean-start]
2017-07-31T16:19:25.843+0200: 16516,247: [CMS-concurrent-preclean: 0,002/0,002 secs] [Times: user=0,00 sys=0,00, real=0,00 secs] 
2017-07-31T16:19:25.843+0200: 16516,247: [GC (CMS Final Remark) [YG occupancy: 335 K (109248 K)]{Heap before GC invocations=499 (full 396):
 par new generation   total 109248K, used 335K [0x00000000e0000000, 0x00000000e8000000, 0x00000000e8000000)
  eden space 87424K,   0% used [0x00000000e0000000, 0x00000000e0051d88, 0x00000000e5560000)
  from space 21824K,   0% used [0x00000000e6ab0000, 0x00000000e6ab2040, 0x00000000e8000000)
  to   space 21824K,   0% used [0x00000000e5560000, 0x00000000e5560000, 0x00000000e6ab0000)
 concurrent mark-sweep generation total 393216K, used 240529K [0x00000000e8000000, 0x0000000100000000, 0x0000000100000000)
 Metaspace       used 32762K, capacity 33224K, committed 33732K, reserved 1079296K
  class space    used 3585K, capacity 3736K, committed 3836K, reserved 1048576K
2017-07-31T16:19:25.843+0200: 16516,247: [GC (CMS Final Remark) 2017-07-31T16:19:25.843+0200: 16516,247: [ParNew
Desired survivor size 20112992 bytes, new threshold 8 (max 8)
- age   1:         32 bytes,         32 total
- age   2:         96 bytes,        128 total
- age   3:         64 bytes,        192 total
- age   6:        152 bytes,        344 total
: 335K->6K(109248K), 0,0040998 secs] 240865K->240535K(502464K), 0,0041641 secs] [Times: user=0,01 sys=0,00, real=0,00 secs] 
Heap after GC invocations=500 (full 396):
 par new generation   total 109248K, used 6K [0x00000000e0000000, 0x00000000e8000000, 0x00000000e8000000)
  eden space 87424K,   0% used [0x00000000e0000000, 0x00000000e0000000, 0x00000000e5560000)
  from space 21824K,   0% used [0x00000000e5560000, 0x00000000e5561830, 0x00000000e6ab0000)
  to   space 21824K,   0% used [0x00000000e6ab0000, 0x00000000e6ab0000, 0x00000000e8000000)
 concurrent mark-sweep generation total 393216K, used 240529K [0x00000000e8000000, 0x0000000100000000, 0x0000000100000000)
 Metaspace       used 32762K, capacity 33224K, committed 33732K, reserved 1079296K
  class space    used 3585K, capacity 3736K, committed 3836K, reserved 1048576K
}
2017-07-31T16:19:25.847+0200: 16516,252: [Rescan (parallel) , 0,0006472 secs]2017-07-31T16:19:25.848+0200: 16516,252: [weak refs processing, 0,0005273 secs]2017-07-31T16:19:25.848+0200: 16516,253: [class unloading, 0,0081566 secs]2017-07-31T16:19:25.857+0200: 16516,261: [scrub symbol table, 0,0038759 secs]2017-07-31T16:19:25.860+0200: 16516,265: [scrub string table, 0,0007080 secs][1 CMS-remark: 240529K(393216K)] 240535K(502464K), 0,0183539 secs] [Times: user=0,02 sys=0,01, real=0,02 secs] 
2017-07-31T16:19:25.861+0200: 16516,266: Total time for which application threads were stopped: 0,0185042 seconds, Stopping threads took: 0,0000320 seconds
2017-07-31T16:19:25.861+0200: 16516,266: [CMS-concurrent-sweep-start]
2017-07-31T16:19:25.891+0200: 16516,296: [CMS-concurrent-sweep: 0,030/0,030 secs] [Times: user=0,03 sys=0,00, real=0,02 secs] 
2017-07-31T16:19:25.891+0200: 16516,296: [CMS-concurrent-reset-start]
2017-07-31T16:19:25.892+0200: 16516,296: [CMS-concurrent-reset: 0,001/0,001 secs] [Times: user=0,00 sys=0,00, real=0,01 secs] 
2017-07-31T16:19:27.891+0200: 16518,296: [GC (CMS Initial Mark) [1 CMS-initial-mark: 240529K(393216K)] 242269K(502464K), 0,0010328 secs] [Times: user=0,00 sys=0,00, real=0,01 secs] 
2017-07-31T16:19:27.892+0200: 16518,297: Total time for which application threads were stopped: 0,0011975 seconds, Stopping threads took: 0,0000251 seconds
2017-07-31T16:19:27.892+0200: 16518,297: [CMS-concurrent-mark-start]
2017-07-31T16:19:27.920+0200: 16518,324: [CMS-concurrent-mark: 0,027/0,027 secs] [Times: user=0,11 sys=0,00, real=0,02 secs] 
2017-07-31T16:19:27.920+0200: 16518,324: [CMS-concurrent-preclean-start]
2017-07-31T16:19:27.922+0200: 16518,326: [CMS-concurrent-preclean: 0,002/0,002 secs] [Times: user=0,00 sys=0,00, real=0,00 secs] 
2017-07-31T16:19:27.922+0200: 16518,326: [GC (CMS Final Remark) [YG occupancy: 1739 K (109248 K)]{Heap before GC invocations=500 (full 397):
 par new generation   total 109248K, used 1739K [0x00000000e0000000, 0x00000000e8000000, 0x00000000e8000000)
  eden space 87424K,   1% used [0x00000000e0000000, 0x00000000e01b1748, 0x00000000e5560000)
  from space 21824K,   0% used [0x00000000e5560000, 0x00000000e5561830, 0x00000000e6ab0000)
  to   space 21824K,   0% used [0x00000000e6ab0000, 0x00000000e6ab0000, 0x00000000e8000000)
 concurrent mark-sweep generation total 393216K, used 240529K [0x00000000e8000000, 0x0000000100000000, 0x0000000100000000)
 Metaspace       used 32762K, capacity 33224K, committed 33732K, reserved 1079296K
  class space    used 3585K, capacity 3736K, committed 3836K, reserved 1048576K
2017-07-31T16:19:27.922+0200: 16518,327: [GC (CMS Final Remark) 2017-07-31T16:19:27.922+0200: 16518,327: [ParNew
Desired survivor size 20112992 bytes, new threshold 8 (max 8)
- age   1:         64 bytes,         64 total
- age   2:         32 bytes,         96 total
- age   3:         96 bytes,        192 total
- age   7:        152 bytes,        344 total
: 1739K->6K(109248K), 0,0040138 secs] 242269K->240535K(502464K), 0,0040821 secs] [Times: user=0,01 sys=0,00, real=0,00 secs] 
Heap after GC invocations=501 (full 397):
 par new generation   total 109248K, used 6K [0x00000000e0000000, 0x00000000e8000000, 0x00000000e8000000)
  eden space 87424K,   0% used [0x00000000e0000000, 0x00000000e0000000, 0x00000000e5560000)
  from space 21824K,   0% used [0x00000000e6ab0000, 0x00000000e6ab1830, 0x00000000e8000000)
  to   space 21824K,   0% used [0x00000000e5560000, 0x00000000e5560000, 0x00000000e6ab0000)
 concurrent mark-sweep generation total 393216K, used 240529K [0x00000000e8000000, 0x0000000100000000, 0x0000000100000000)
 Metaspace       used 32762K, capacity 33224K, committed 33732K, reserved 1079296K
  class space    used 3585K, capacity 3736K, committed 3836K, reserved 1048576K
}
2017-07-31T16:19:27.926+0200: 16518,331: [Rescan (parallel) , 0,0006003 secs]2017-07-31T16:19:27.927+0200: 16518,331: [weak refs processing, 0,0004684 secs]2017-07-31T16:19:27.927+0200: 16518,332: [class unloading, 0,0080673 secs]2017-07-31T16:19:27.935+0200: 16518,340: [scrub symbol table, 0,0037493 secs]2017-07-31T16:19:27.939+0200: 16518,344: [scrub string table, 0,0006846 secs][1 CMS-remark: 240529K(393216K)] 240535K(502464K), 0,0179284 secs] [Times: user=0,02 sys=0,00, real=0,01 secs] 
2017-07-31T16:19:27.940+0200: 16518,344: Total time for which application threads were stopped: 0,0181236 seconds, Stopping threads took: 0,0000323 seconds
2017-07-31T16:19:27.940+0200: 16518,345: [CMS-concurrent-sweep-start]
2017-07-31T16:19:27.969+0200: 16518,374: [CMS-concurrent-sweep: 0,029/0,029 secs] [Times: user=0,03 sys=0,00, real=0,02 secs] 
2017-07-31T16:19:27.969+0200: 16518,374: [CMS-concurrent-reset-start]
2017-07-31T16:19:27.970+0200: 16518,374: [CMS-concurrent-reset: 0,001/0,001 secs] [Times: user=0,01 sys=0,00, real=0,00 secs] 
2017-07-31T16:19:29.969+0200: 16520,373: [GC (CMS Initial Mark) [1 CMS-initial-mark: 240529K(393216K)] 241222K(502464K), 0,0009745 secs] [Times: user=0,00 sys=0,00, real=0,00 secs] 
2017-07-31T16:19:29.970+0200: 16520,374: Total time for which application threads were stopped: 0,0011361 seconds, Stopping threads took: 0,0000262 seconds
2017-07-31T16:19:29.970+0200: 16520,375: [CMS-concurrent-mark-start]
2017-07-31T16:19:29.997+0200: 16520,402: [CMS-concurrent-mark: 0,027/0,027 secs] [Times: user=0,11 sys=0,00, real=0,03 secs] 
2017-07-31T16:19:29.997+0200: 16520,402: [CMS-concurrent-preclean-start]
2017-07-31T16:19:29.999+0200: 16520,404: [CMS-concurrent-preclean: 0,002/0,002 secs] [Times: user=0,00 sys=0,00, real=0,00 secs] 
2017-07-31T16:19:29.999+0200: 16520,404: [GC (CMS Final Remark) [YG occupancy: 692 K (109248 K)]{Heap before GC invocations=501 (full 398):
 par new generation   total 109248K, used 692K [0x00000000e0000000, 0x00000000e8000000, 0x00000000e8000000)
  eden space 87424K,   0% used [0x00000000e0000000, 0x00000000e00ab9a0, 0x00000000e5560000)
  from space 21824K,   0% used [0x00000000e6ab0000, 0x00000000e6ab1830, 0x00000000e8000000)
  to   space 21824K,   0% used [0x00000000e5560000, 0x00000000e5560000, 0x00000000e6ab0000)
 concurrent mark-sweep generation total 393216K, used 240529K [0x00000000e8000000, 0x0000000100000000, 0x0000000100000000)
 Metaspace       used 32762K, capacity 33224K, committed 33732K, reserved 1079296K
  class space    used 3585K, capacity 3736K, committed 3836K, reserved 1048576K
2017-07-31T16:19:29.999+0200: 16520,404: [GC (CMS Final Remark) 2017-07-31T16:19:29.999+0200: 16520,404: [ParNew
Desired survivor size 20112992 bytes, new threshold 8 (max 8)
- age   1:         64 bytes,         64 total
- age   2:         64 bytes,        128 total
- age   3:         32 bytes,        160 total
- age   4:         32 bytes,        192 total
- age   8:        152 bytes,        344 total
: 692K->8K(109248K), 0,0024798 secs] 241222K->240537K(502464K), 0,0025469 secs] [Times: user=0,01 sys=0,00, real=0,01 secs] 
Heap after GC invocations=502 (full 398):
 par new generation   total 109248K, used 8K [0x00000000e0000000, 0x00000000e8000000, 0x00000000e8000000)
  eden space 87424K,   0% used [0x00000000e0000000, 0x00000000e0000000, 0x00000000e5560000)
  from space 21824K,   0% used [0x00000000e5560000, 0x00000000e5562040, 0x00000000e6ab0000)
  to   space 21824K,   0% used [0x00000000e6ab0000, 0x00000000e6ab0000, 0x00000000e8000000)
 concurrent mark-sweep generation total 393216K, used 240529K [0x00000000e8000000, 0x0000000100000000, 0x0000000100000000)
 Metaspace       used 32762K, capacity 33224K, committed 33732K, reserved 1079296K
  class space    used 3585K, capacity 3736K, committed 3836K, reserved 1048576K
}
2017-07-31T16:19:30.002+0200: 16520,407: [Rescan (parallel) , 0,0006835 secs]2017-07-31T16:19:30.003+0200: 16520,407: [weak refs processing, 0,0005017 secs]2017-07-31T16:19:30.003+0200: 16520,408: [class unloading, 0,0081721 secs]2017-07-31T16:19:30.011+0200: 16520,416: [scrub symbol table, 0,0038643 secs]2017-07-31T16:19:30.015+0200: 16520,420: [scrub string table, 0,0007208 secs][1 CMS-remark: 240529K(393216K)] 240537K(502464K), 0,0167689 secs] [Times: user=0,02 sys=0,00, real=0,02 secs] 
2017-07-31T16:19:30.016+0200: 16520,421: Total time for which application threads were stopped: 0,0169261 seconds, Stopping threads took: 0,0000330 seconds
2017-07-31T16:19:30.016+0200: 16520,421: [CMS-concurrent-sweep-start]
2017-07-31T16:19:30.047+0200: 16520,451: [CMS-concurrent-sweep: 0,030/0,030 secs] [Times: user=0,03 sys=0,00, real=0,03 secs] 
2017-07-31T16:19:30.047+0200: 16520,451: [CMS-concurrent-reset-start]
2017-07-31T16:19:30.047+0200: 16520,452: [CMS-concurrent-reset: 0,001/0,001 secs] [Times: user=0,00 sys=0,00, real=0,00 secs] 
2017-07-31T16:19:32.047+0200: 16522,451: [GC (CMS Initial Mark) [1 CMS-initial-mark: 240529K(393216K)] 241308K(502464K), 0,0008009 secs] [Times: user=0,01 sys=0,00, real=0,00 secs] 
2017-07-31T16:19:32.048+0200: 16522,452: Total time for which application threads were stopped: 0,0009804 seconds, Stopping threads took: 0,0000328 seconds
2017-07-31T16:19:32.048+0200: 16522,452: [CMS-concurrent-mark-start]
2017-07-31T16:19:32.073+0200: 16522,478: [CMS-concurrent-mark: 0,025/0,025 secs] [Times: user=0,10 sys=0,00, real=0,03 secs] 
2017-07-31T16:19:32.073+0200: 16522,478: [CMS-concurrent-preclean-start]
2017-07-31T16:19:32.075+0200: 16522,479: [CMS-concurrent-preclean: 0,002/0,002 secs] [Times: user=0,00 sys=0,00, real=0,00 secs] 
2017-07-31T16:19:32.075+0200: 16522,480: [GC (CMS Final Remark) [YG occupancy: 778 K (109248 K)]{Heap before GC invocations=502 (full 399):
 par new generation   total 109248K, used 778K [0x00000000e0000000, 0x00000000e8000000, 0x00000000e8000000)
  eden space 87424K,   0% used [0x00000000e0000000, 0x00000000e00c0938, 0x00000000e5560000)
  from space 21824K,   0% used [0x00000000e5560000, 0x00000000e5562040, 0x00000000e6ab0000)
  to   space 21824K,   0% used [0x00000000e6ab0000, 0x00000000e6ab0000, 0x00000000e8000000)
 concurrent mark-sweep generation total 393216K, used 240529K [0x00000000e8000000, 0x0000000100000000, 0x0000000100000000)
 Metaspace       used 32762K, capacity 33224K, committed 33732K, reserved 1079296K
  class space    used 3585K, capacity 3736K, committed 3836K, reserved 1048576K
2017-07-31T16:19:32.075+0200: 16522,480: [GC (CMS Final Remark) 2017-07-31T16:19:32.075+0200: 16522,480: [ParNew
Desired survivor size 20112992 bytes, new threshold 8 (max 8)
- age   1:         64 bytes,         64 total
- age   2:         64 bytes,        128 total
- age   3:         64 bytes,        192 total
: 778K->6K(109248K), 0,0025817 secs] 241308K->240535K(502464K), 0,0026298 secs] [Times: user=0,01 sys=0,00, real=0,00 secs] 
Heap after GC invocations=503 (full 399):
 par new generation   total 109248K, used 6K [0x00000000e0000000, 0x00000000e8000000, 0x00000000e8000000)
  eden space 87424K,   0% used [0x00000000e0000000, 0x00000000e0000000, 0x00000000e5560000)
  from space 21824K,   0% used [0x00000000e6ab0000, 0x00000000e6ab1830, 0x00000000e8000000)
  to   space 21824K,   0% used [0x00000000e5560000, 0x00000000e5560000, 0x00000000e6ab0000)
 concurrent mark-sweep generation total 393216K, used 240529K [0x00000000e8000000, 0x0000000100000000, 0x0000000100000000)
 Metaspace       used 32762K, capacity 33224K, committed 33732K, reserved 1079296K
  class space    used 3585K, capacity 3736K, committed 3836K, reserved 1048576K
}
2017-07-31T16:19:32.078+0200: 16522,482: [Rescan (parallel) , 0,0009902 secs]2017-07-31T16:19:32.079+0200: 16522,483: [weak refs processing, 0,0004340 secs]2017-07-31T16:19:32.079+0200: 16522,484: [class unloading, 0,0076863 secs]2017-07-31T16:19:32.087+0200: 16522,492: [scrub symbol table, 0,0035695 secs]2017-07-31T16:19:32.091+0200: 16522,495: [scrub string table, 0,0006552 secs][1 CMS-remark: 240529K(393216K)] 240535K(502464K), 0,0163020 secs] [Times: user=0,02 sys=0,00, real=0,01 secs] 
2017-07-31T16:19:32.092+0200: 16522,496: Total time for which application threads were stopped: 0,0164511 seconds, Stopping threads took: 0,0000328 seconds
2017-07-31T16:19:32.092+0200: 16522,496: [CMS-concurrent-sweep-start]
2017-07-31T16:19:32.121+0200: 16522,525: [CMS-concurrent-sweep: 0,029/0,029 secs] [Times: user=0,03 sys=0,00, real=0,04 secs] 
2017-07-31T16:19:32.121+0200: 16522,525: [CMS-concurrent-reset-start]
2017-07-31T16:19:32.121+0200: 16522,526: [CMS-concurrent-reset: 0,001/0,001 secs] [Times: user=0,00 sys=0,00, real=0,00 secs] 
2017-07-31T16:19:34.121+0200: 16524,525: [GC (CMS Initial Mark) [1 CMS-initial-mark: 240529K(393216K)] 242513K(502464K), 0,0009806 secs] [Times: user=0,01 sys=0,00, real=0,00 secs] 
2017-07-31T16:19:34.122+0200: 16524,526: Total time for which application threads were stopped: 0,0011428 seconds, Stopping threads took: 0,0000314 seconds
2017-07-31T16:19:34.122+0200: 16524,526: [CMS-concurrent-mark-start]
2017-07-31T16:19:34.147+0200: 16524,551: [CMS-concurrent-mark: 0,025/0,025 secs] [Times: user=0,10 sys=0,00, real=0,02 secs] 
2017-07-31T16:19:34.147+0200: 16524,551: [CMS-concurrent-preclean-start]
2017-07-31T16:19:34.148+0200: 16524,553: [CMS-concurrent-preclean: 0,001/0,001 secs] [Times: user=0,00 sys=0,00, real=0,00 secs] 
2017-07-31T16:19:34.149+0200: 16524,553: [GC (CMS Final Remark) [YG occupancy: 1983 K (109248 K)]{Heap before GC invocations=503 (full 400):
 par new generation   total 109248K, used 1983K [0x00000000e0000000, 0x00000000e8000000, 0x00000000e8000000)
  eden space 87424K,   2% used [0x00000000e0000000, 0x00000000e01ee538, 0x00000000e5560000)
  from space 21824K,   0% used [0x00000000e6ab0000, 0x00000000e6ab1830, 0x00000000e8000000)
  to   space 21824K,   0% used [0x00000000e5560000, 0x00000000e5560000, 0x00000000e6ab0000)
 concurrent mark-sweep generation total 393216K, used 240529K [0x00000000e8000000, 0x0000000100000000, 0x0000000100000000)
 Metaspace       used 32762K, capacity 33224K, committed 33732K, reserved 1079296K
  class space    used 3585K, capacity 3736K, committed 3836K, reserved 1048576K
2017-07-31T16:19:34.149+0200: 16524,553: [GC (CMS Final Remark) 2017-07-31T16:19:34.149+0200: 16524,553: [ParNew
Desired survivor size 20112992 bytes, new threshold 8 (max 8)
- age   1:         96 bytes,         96 total
- age   2:         64 bytes,        160 total
- age   3:         32 bytes,        192 total
: 1983K->6K(109248K), 0,0037740 secs] 242513K->240535K(502464K), 0,0038241 secs] [Times: user=0,00 sys=0,00, real=0,01 secs] 
Heap after GC invocations=504 (full 400):
 par new generation   total 109248K, used 6K [0x00000000e0000000, 0x00000000e8000000, 0x00000000e8000000)
  eden space 87424K,   0% used [0x00000000e0000000, 0x00000000e0000000, 0x00000000e5560000)
  from space 21824K,   0% used [0x00000000e5560000, 0x00000000e5561830, 0x00000000e6ab0000)
  to   space 21824K,   0% used [0x00000000e6ab0000, 0x00000000e6ab0000, 0x00000000e8000000)
 concurrent mark-sweep generation total 393216K, used 240529K [0x00000000e8000000, 0x0000000100000000, 0x0000000100000000)
 Metaspace       used 32762K, capacity 33224K, committed 33732K, reserved 1079296K
  class space    used 3585K, capacity 3736K, committed 3836K, reserved 1048576K
}
2017-07-31T16:19:34.153+0200: 16524,557: [Rescan (parallel) , 0,0005261 secs]2017-07-31T16:19:34.153+0200: 16524,558: [weak refs processing, 0,0004397 secs]2017-07-31T16:19:34.154+0200: 16524,558: [class unloading, 0,0077835 secs]2017-07-31T16:19:34.161+0200: 16524,566: [scrub symbol table, 0,0036874 secs]2017-07-31T16:19:34.165+0200: 16524,570: [scrub string table, 0,0007002 secs][1 CMS-remark: 240529K(393216K)] 240535K(502464K), 0,0172375 secs] [Times: user=0,02 sys=0,00, real=0,02 secs] 
2017-07-31T16:19:34.166+0200: 16524,570: Total time for which application threads were stopped: 0,0173825 seconds, Stopping threads took: 0,0000245 seconds
2017-07-31T16:19:34.166+0200: 16524,571: [CMS-concurrent-sweep-start]
2017-07-31T16:19:34.194+0200: 16524,598: [CMS-concurrent-sweep: 0,028/0,028 secs] [Times: user=0,03 sys=0,00, real=0,03 secs] 
2017-07-31T16:19:34.194+0200: 16524,598: [CMS-concurrent-reset-start]
2017-07-31T16:19:34.195+0200: 16524,599: [CMS-concurrent-reset: 0,001/0,001 secs] [Times: user=0,00 sys=0,00, real=0,00 secs] 
2017-07-31T16:19:36.194+0200: 16526,598: [GC (CMS Initial Mark) [1 CMS-initial-mark: 240529K(393216K)] 241306K(502464K), 0,0010122 secs] [Times: user=0,00 sys=0,00, real=0,00 secs] 
2017-07-31T16:19:36.195+0200: 16526,599: Total time for which application threads were stopped: 0,0011942 seconds, Stopping threads took: 0,0000451 seconds
2017-07-31T16:19:36.195+0200: 16526,599: [CMS-concurrent-mark-start]
2017-07-31T16:19:36.220+0200: 16526,624: [CMS-concurrent-mark: 0,025/0,025 secs] [Times: user=0,10 sys=0,00, real=0,02 secs] 
2017-07-31T16:19:36.220+0200: 16526,624: [CMS-concurrent-preclean-start]
2017-07-31T16:19:36.221+0200: 16526,626: [CMS-concurrent-preclean: 0,002/0,002 secs] [Times: user=0,00 sys=0,00, real=0,01 secs] 
2017-07-31T16:19:36.222+0200: 16526,626: [GC (CMS Final Remark) [YG occupancy: 776 K (109248 K)]{Heap before GC invocations=504 (full 401):
 par new generation   total 109248K, used 776K [0x00000000e0000000, 0x00000000e8000000, 0x00000000e8000000)
  eden space 87424K,   0% used [0x00000000e0000000, 0x00000000e00c0938, 0x00000000e5560000)
  from space 21824K,   0% used [0x00000000e5560000, 0x00000000e5561830, 0x00000000e6ab0000)
  to   space 21824K,   0% used [0x00000000e6ab0000, 0x00000000e6ab0000, 0x00000000e8000000)
 concurrent mark-sweep generation total 393216K, used 240529K [0x00000000e8000000, 0x0000000100000000, 0x0000000100000000)
 Metaspace       used 32762K, capacity 33224K, committed 33732K, reserved 1079296K
  class space    used 3585K, capacity 3736K, committed 3836K, reserved 1048576K
2017-07-31T16:19:36.222+0200: 16526,626: [GC (CMS Final Remark) 2017-07-31T16:19:36.222+0200: 16526,626: [ParNew
Desired survivor size 20112992 bytes, new threshold 8 (max 8)
- age   1:         64 bytes,         64 total
- age   2:         96 bytes,        160 total
- age   3:         32 bytes,        192 total
: 776K->6K(109248K), 0,0036820 secs] 241306K->240535K(502464K), 0,0037300 secs] [Times: user=0,01 sys=0,00, real=0,00 secs] 
Heap after GC invocations=505 (full 401):
 par new generation   total 109248K, used 6K [0x00000000e0000000, 0x00000000e8000000, 0x00000000e8000000)
  eden space 87424K,   0% used [0x00000000e0000000, 0x00000000e0000000, 0x00000000e5560000)
  from space 21824K,   0% used [0x00000000e6ab0000, 0x00000000e6ab1830, 0x00000000e8000000)
  to   space 21824K,   0% used [0x00000000e5560000, 0x00000000e5560000, 0x00000000e6ab0000)
 concurrent mark-sweep generation total 393216K, used 240529K [0x00000000e8000000, 0x0000000100000000, 0x0000000100000000)
 Metaspace       used 32762K, capacity 33224K, committed 33732K, reserved 1079296K
  class space    used 3585K, capacity 3736K, committed 3836K, reserved 1048576K
}
2017-07-31T16:19:36.225+0200: 16526,630: [Rescan (parallel) , 0,0005696 secs]2017-07-31T16:19:36.226+0200: 16526,630: [weak refs processing, 0,0004191 secs]2017-07-31T16:19:36.226+0200: 16526,631: [class unloading, 0,0071736 secs]2017-07-31T16:19:36.234+0200: 16526,638: [scrub symbol table, 0,0033423 secs]2017-07-31T16:19:36.237+0200: 16526,641: [scrub string table, 0,0006123 secs][1 CMS-remark: 240529K(393216K)] 240535K(502464K), 0,0161025 secs] [Times: user=0,02 sys=0,00, real=0,01 secs] 
2017-07-31T16:19:36.238+0200: 16526,642: Total time for which application threads were stopped: 0,0162480 seconds, Stopping threads took: 0,0000251 seconds
2017-07-31T16:19:36.238+0200: 16526,642: [CMS-concurrent-sweep-start]
2017-07-31T16:19:36.265+0200: 16526,670: [CMS-concurrent-sweep: 0,027/0,027 secs] [Times: user=0,03 sys=0,00, real=0,03 secs] 
2017-07-31T16:19:36.265+0200: 16526,670: [CMS-concurrent-reset-start]
2017-07-31T16:19:36.266+0200: 16526,670: [CMS-concurrent-reset: 0,001/0,001 secs] [Times: user=0,00 sys=0,00, real=0,00 secs] 
2017-07-31T16:19:38.265+0200: 16528,670: [GC (CMS Initial Mark) [1 CMS-initial-mark: 240529K(393216K)] 242259K(502464K), 0,0009654 secs] [Times: user=0,00 sys=0,00, real=0,00 secs] 
2017-07-31T16:19:38.266+0200: 16528,671: Total time for which application threads were stopped: 0,0011273 seconds, Stopping threads took: 0,0000255 seconds
2017-07-31T16:19:38.266+0200: 16528,671: [CMS-concurrent-mark-start]
2017-07-31T16:19:38.294+0200: 16528,699: [CMS-concurrent-mark: 0,028/0,028 secs] [Times: user=0,11 sys=0,00, real=0,03 secs] 
2017-07-31T16:19:38.294+0200: 16528,699: [CMS-concurrent-preclean-start]
2017-07-31T16:19:38.296+0200: 16528,700: [CMS-concurrent-preclean: 0,002/0,002 secs] [Times: user=0,01 sys=0,00, real=0,00 secs] 
2017-07-31T16:19:38.296+0200: 16528,701: [GC (CMS Final Remark) [YG occupancy: 1729 K (109248 K)]{Heap before GC invocations=505 (full 402):
 par new generation   total 109248K, used 1729K [0x00000000e0000000, 0x00000000e8000000, 0x00000000e8000000)
  eden space 87424K,   1% used [0x00000000e0000000, 0x00000000e01aecd8, 0x00000000e5560000)
  from space 21824K,   0% used [0x00000000e6ab0000, 0x00000000e6ab1830, 0x00000000e8000000)
  to   space 21824K,   0% used [0x00000000e5560000, 0x00000000e5560000, 0x00000000e6ab0000)
 concurrent mark-sweep generation total 393216K, used 240529K [0x00000000e8000000, 0x0000000100000000, 0x0000000100000000)
 Metaspace       used 32762K, capacity 33224K, committed 33732K, reserved 1079296K
  class space    used 3585K, capacity 3736K, committed 3836K, reserved 1048576K
2017-07-31T16:19:38.296+0200: 16528,701: [GC (CMS Final Remark) 2017-07-31T16:19:38.296+0200: 16528,701: [ParNew
Desired survivor size 20112992 bytes, new threshold 8 (max 8)
- age   1:         64 bytes,         64 total
- age   2:         64 bytes,        128 total
- age   3:         64 bytes,        192 total
: 1729K->4K(109248K), 0,0038562 secs] 242259K->240533K(502464K), 0,0039076 secs] [Times: user=0,00 sys=0,01, real=0,01 secs] 
Heap after GC invocations=506 (full 402):
 par new generation   total 109248K, used 4K [0x00000000e0000000, 0x00000000e8000000, 0x00000000e8000000)
  eden space 87424K,   0% used [0x00000000e0000000, 0x00000000e0000000, 0x00000000e5560000)
  from space 21824K,   0% used [0x00000000e5560000, 0x00000000e5561020, 0x00000000e6ab0000)
  to   space 21824K,   0% used [0x00000000e6ab0000, 0x00000000e6ab0000, 0x00000000e8000000)
 concurrent mark-sweep generation total 393216K, used 240529K [0x00000000e8000000, 0x0000000100000000, 0x0000000100000000)
 Metaspace       used 32762K, capacity 33224K, committed 33732K, reserved 1079296K
  class space    used 3585K, capacity 3736K, committed 3836K, reserved 1048576K
}
2017-07-31T16:19:38.300+0200: 16528,705: [Rescan (parallel) , 0,0006064 secs]2017-07-31T16:19:38.301+0200: 16528,705: [weak refs processing, 0,0005030 secs]2017-07-31T16:19:38.301+0200: 16528,706: [class unloading, 0,0083861 secs]2017-07-31T16:19:38.310+0200: 16528,714: [scrub symbol table, 0,0038334 secs]2017-07-31T16:19:38.314+0200: 16528,718: [scrub string table, 0,0007049 secs][1 CMS-remark: 240529K(393216K)] 240533K(502464K), 0,0182442 secs] [Times: user=0,02 sys=0,01, real=0,02 secs] 
2017-07-31T16:19:38.315+0200: 16528,719: Total time for which application threads were stopped: 0,0183964 seconds, Stopping threads took: 0,0000252 seconds
2017-07-31T16:19:38.315+0200: 16528,719: [CMS-concurrent-sweep-start]
2017-07-31T16:19:38.346+0200: 16528,750: [CMS-concurrent-sweep: 0,031/0,031 secs] [Times: user=0,03 sys=0,00, real=0,03 secs] 
2017-07-31T16:19:38.346+0200: 16528,750: [CMS-concurrent-reset-start]
2017-07-31T16:19:38.346+0200: 16528,751: [CMS-concurrent-reset: 0,001/0,001 secs] [Times: user=0,00 sys=0,00, real=0,00 secs] 
2017-07-31T16:19:40.346+0200: 16530,750: [GC (CMS Initial Mark) [1 CMS-initial-mark: 240529K(393216K)] 240788K(502464K), 0,0009839 secs] [Times: user=0,00 sys=0,00, real=0,00 secs] 
2017-07-31T16:19:40.347+0200: 16530,751: Total time for which application threads were stopped: 0,0011415 seconds, Stopping threads took: 0,0000231 seconds
2017-07-31T16:19:40.347+0200: 16530,751: [CMS-concurrent-mark-start]
2017-07-31T16:19:40.374+0200: 16530,779: [CMS-concurrent-mark: 0,027/0,027 secs] [Times: user=0,11 sys=0,00, real=0,03 secs] 
2017-07-31T16:19:40.374+0200: 16530,779: [CMS-concurrent-preclean-start]
2017-07-31T16:19:40.376+0200: 16530,780: [CMS-concurrent-preclean: 0,002/0,002 secs] [Times: user=0,00 sys=0,00, real=0,00 secs] 
2017-07-31T16:19:40.376+0200: 16530,781: [GC (CMS Final Remark) [YG occupancy: 258 K (109248 K)]{Heap before GC invocations=506 (full 403):
 par new generation   total 109248K, used 258K [0x00000000e0000000, 0x00000000e8000000, 0x00000000e8000000)
  eden space 87424K,   0% used [0x00000000e0000000, 0x00000000e003f860, 0x00000000e5560000)
  from space 21824K,   0% used [0x00000000e5560000, 0x00000000e5561020, 0x00000000e6ab0000)
  to   space 21824K,   0% used [0x00000000e6ab0000, 0x00000000e6ab0000, 0x00000000e8000000)
 concurrent mark-sweep generation total 393216K, used 240529K [0x00000000e8000000, 0x0000000100000000, 0x0000000100000000)
 Metaspace       used 32762K, capacity 33224K, committed 33732K, reserved 1079296K
  class space    used 3585K, capacity 3736K, committed 3836K, reserved 1048576K
2017-07-31T16:19:40.376+0200: 16530,781: [GC (CMS Final Remark) 2017-07-31T16:19:40.376+0200: 16530,781: [ParNew
Desired survivor size 20112992 bytes, new threshold 8 (max 8)
- age   1:         32 bytes,         32 total
- age   2:         64 bytes,         96 total
- age   3:         64 bytes,        160 total
- age   4:         32 bytes,        192 total
: 258K->4K(109248K), 0,0043130 secs] 240788K->240533K(502464K), 0,0043739 secs] [Times: user=0,01 sys=0,00, real=0,01 secs] 
Heap after GC invocations=507 (full 403):
 par new generation   total 109248K, used 4K [0x00000000e0000000, 0x00000000e8000000, 0x00000000e8000000)
  eden space 87424K,   0% used [0x00000000e0000000, 0x00000000e0000000, 0x00000000e5560000)
  from space 21824K,   0% used [0x00000000e6ab0000, 0x00000000e6ab1020, 0x00000000e8000000)
  to   space 21824K,   0% used [0x00000000e5560000, 0x00000000e5560000, 0x00000000e6ab0000)
 concurrent mark-sweep generation total 393216K, used 240529K [0x00000000e8000000, 0x0000000100000000, 0x0000000100000000)
 Metaspace       used 32762K, capacity 33224K, committed 33732K, reserved 1079296K
  class space    used 3585K, capacity 3736K, committed 3836K, reserved 1048576K
}
2017-07-31T16:19:40.381+0200: 16530,785: [Rescan (parallel) , 0,0006725 secs]2017-07-31T16:19:40.382+0200: 16530,786: [weak refs processing, 0,0012159 secs]2017-07-31T16:19:40.383+0200: 16530,787: [class unloading, 0,0082248 secs]2017-07-31T16:19:40.391+0200: 16530,796: [scrub symbol table, 0,0038453 secs]2017-07-31T16:19:40.395+0200: 16530,799: [scrub string table, 0,0007078 secs][1 CMS-remark: 240529K(393216K)] 240533K(502464K), 0,0193857 secs] [Times: user=0,03 sys=0,00, real=0,02 secs] 
2017-07-31T16:19:40.396+0200: 16530,800: Total time for which application threads were stopped: 0,0195346 seconds, Stopping threads took: 0,0000240 seconds
2017-07-31T16:19:40.396+0200: 16530,800: [CMS-concurrent-sweep-start]
2017-07-31T16:19:40.426+0200: 16530,831: [CMS-concurrent-sweep: 0,030/0,030 secs] [Times: user=0,03 sys=0,00, real=0,03 secs] 
2017-07-31T16:19:40.426+0200: 16530,831: [CMS-concurrent-reset-start]
2017-07-31T16:19:40.427+0200: 16530,831: [CMS-concurrent-reset: 0,001/0,001 secs] [Times: user=0,00 sys=0,00, real=0,00 secs] 
2017-07-31T16:19:42.426+0200: 16532,831: [GC (CMS Initial Mark) [1 CMS-initial-mark: 240529K(393216K)] 241304K(502464K), 0,0009636 secs] [Times: user=0,00 sys=0,00, real=0,00 secs] 
2017-07-31T16:19:42.427+0200: 16532,832: Total time for which application threads were stopped: 0,0011268 seconds, Stopping threads took: 0,0000249 seconds
2017-07-31T16:19:42.427+0200: 16532,832: [CMS-concurrent-mark-start]
2017-07-31T16:19:42.455+0200: 16532,859: [CMS-concurrent-mark: 0,027/0,027 secs] [Times: user=0,11 sys=0,00, real=0,03 secs] 
2017-07-31T16:19:42.455+0200: 16532,859: [CMS-concurrent-preclean-start]
2017-07-31T16:19:42.456+0200: 16532,861: [CMS-concurrent-preclean: 0,002/0,002 secs] [Times: user=0,00 sys=0,00, real=0,00 secs] 
2017-07-31T16:19:42.457+0200: 16532,861: [GC (CMS Final Remark) [YG occupancy: 774 K (109248 K)]{Heap before GC invocations=507 (full 404):
 par new generation   total 109248K, used 774K [0x00000000e0000000, 0x00000000e8000000, 0x00000000e8000000)
  eden space 87424K,   0% used [0x00000000e0000000, 0x00000000e00c0938, 0x00000000e5560000)
  from space 21824K,   0% used [0x00000000e6ab0000, 0x00000000e6ab1020, 0x00000000e8000000)
  to   space 21824K,   0% used [0x00000000e5560000, 0x00000000e5560000, 0x00000000e6ab0000)
 concurrent mark-sweep generation total 393216K, used 240529K [0x00000000e8000000, 0x0000000100000000, 0x0000000100000000)
 Metaspace       used 32762K, capacity 33224K, committed 33732K, reserved 1079296K
  class space    used 3585K, capacity 3736K, committed 3836K, reserved 1048576K
2017-07-31T16:19:42.457+0200: 16532,861: [GC (CMS Final Remark) 2017-07-31T16:19:42.457+0200: 16532,861: [ParNew
Desired survivor size 20112992 bytes, new threshold 8 (max 8)
- age   1:         64 bytes,         64 total
- age   2:         32 bytes,         96 total
- age   3:         64 bytes,        160 total
- age   4:         32 bytes,        192 total
: 774K->6K(109248K), 0,0044801 secs] 241304K->240535K(502464K), 0,0045360 secs] [Times: user=0,01 sys=0,01, real=0,01 secs] 
Heap after GC invocations=508 (full 404):
 par new generation   total 109248K, used 6K [0x00000000e0000000, 0x00000000e8000000, 0x00000000e8000000)
  eden space 87424K,   0% used [0x00000000e0000000, 0x00000000e0000000, 0x00000000e5560000)
  from space 21824K,   0% used [0x00000000e5560000, 0x00000000e5561830, 0x00000000e6ab0000)
  to   space 21824K,   0% used [0x00000000e6ab0000, 0x00000000e6ab0000, 0x00000000e8000000)
 concurrent mark-sweep generation total 393216K, used 240529K [0x00000000e8000000, 0x0000000100000000, 0x0000000100000000)
 Metaspace       used 32762K, capacity 33224K, committed 33732K, reserved 1079296K
  class space    used 3585K, capacity 3736K, committed 3836K, reserved 1048576K
}
2017-07-31T16:19:42.461+0200: 16532,866: [Rescan (parallel) , 0,0006271 secs]2017-07-31T16:19:42.462+0200: 16532,866: [weak refs processing, 0,0007499 secs]2017-07-31T16:19:42.463+0200: 16532,867: [class unloading, 0,0081266 secs]2017-07-31T16:19:42.471+0200: 16532,875: [scrub symbol table, 0,0038412 secs]2017-07-31T16:19:42.475+0200: 16532,879: [scrub string table, 0,0007075 secs][1 CMS-remark: 240529K(393216K)] 240535K(502464K), 0,0188853 secs] [Times: user=0,03 sys=0,01, real=0,02 secs] 
2017-07-31T16:19:42.475+0200: 16532,880: Total time for which application threads were stopped: 0,0190316 seconds, Stopping threads took: 0,0000243 seconds
2017-07-31T16:19:42.476+0200: 16532,880: [CMS-concurrent-sweep-start]
2017-07-31T16:19:42.505+0200: 16532,910: [CMS-concurrent-sweep: 0,030/0,030 secs] [Times: user=0,03 sys=0,00, real=0,03 secs] 
2017-07-31T16:19:42.505+0200: 16532,910: [CMS-concurrent-reset-start]
2017-07-31T16:19:42.506+0200: 16532,910: [CMS-concurrent-reset: 0,001/0,001 secs] [Times: user=0,00 sys=0,00, real=0,00 secs] 
2017-07-31T16:19:44.505+0200: 16534,910: [GC (CMS Initial Mark) [1 CMS-initial-mark: 240529K(393216K)] 242565K(502464K), 0,0009195 secs] [Times: user=0,00 sys=0,00, real=0,00 secs] 
2017-07-31T16:19:44.506+0200: 16534,911: Total time for which application threads were stopped: 0,0010824 seconds, Stopping threads took: 0,0000333 seconds
2017-07-31T16:19:44.506+0200: 16534,911: [CMS-concurrent-mark-start]
2017-07-31T16:19:44.532+0200: 16534,937: [CMS-concurrent-mark: 0,026/0,026 secs] [Times: user=0,10 sys=0,00, real=0,03 secs] 
2017-07-31T16:19:44.532+0200: 16534,937: [CMS-concurrent-preclean-start]
2017-07-31T16:19:44.534+0200: 16534,938: [CMS-concurrent-preclean: 0,001/0,001 secs] [Times: user=0,00 sys=0,00, real=0,00 secs] 
2017-07-31T16:19:44.534+0200: 16534,939: [GC (CMS Final Remark) [YG occupancy: 2035 K (109248 K)]{Heap before GC invocations=508 (full 405):
 par new generation   total 109248K, used 2035K [0x00000000e0000000, 0x00000000e8000000, 0x00000000e8000000)
  eden space 87424K,   2% used [0x00000000e0000000, 0x00000000e01fb548, 0x00000000e5560000)
  from space 21824K,   0% used [0x00000000e5560000, 0x00000000e5561830, 0x00000000e6ab0000)
  to   space 21824K,   0% used [0x00000000e6ab0000, 0x00000000e6ab0000, 0x00000000e8000000)
 concurrent mark-sweep generation total 393216K, used 240529K [0x00000000e8000000, 0x0000000100000000, 0x0000000100000000)
 Metaspace       used 32762K, capacity 33224K, committed 33732K, reserved 1079296K
  class space    used 3585K, capacity 3736K, committed 3836K, reserved 1048576K
2017-07-31T16:19:44.534+0200: 16534,939: [GC (CMS Final Remark) 2017-07-31T16:19:44.534+0200: 16534,939: [ParNew
Desired survivor size 20112992 bytes, new threshold 8 (max 8)
- age   1:        248 bytes,        248 total
- age   2:         64 bytes,        312 total
- age   3:         32 bytes,        344 total
: 2035K->8K(109248K), 0,0043422 secs] 242565K->240538K(502464K), 0,0043946 secs] [Times: user=0,01 sys=0,00, real=0,00 secs] 
Heap after GC invocations=509 (full 405):
 par new generation   total 109248K, used 8K [0x00000000e0000000, 0x00000000e8000000, 0x00000000e8000000)
  eden space 87424K,   0% used [0x00000000e0000000, 0x00000000e0000000, 0x00000000e5560000)
  from space 21824K,   0% used [0x00000000e6ab0000, 0x00000000e6ab2040, 0x00000000e8000000)
  to   space 21824K,   0% used [0x00000000e5560000, 0x00000000e5560000, 0x00000000e6ab0000)
 concurrent mark-sweep generation total 393216K, used 240529K [0x00000000e8000000, 0x0000000100000000, 0x0000000100000000)
 Metaspace       used 32762K, capacity 33224K, committed 33732K, reserved 1079296K
  class space    used 3585K, capacity 3736K, committed 3836K, reserved 1048576K
}
2017-07-31T16:19:44.539+0200: 16534,943: [Rescan (parallel) , 0,0005701 secs]2017-07-31T16:19:44.539+0200: 16534,944: [weak refs processing, 0,0004973 secs]2017-07-31T16:19:44.540+0200: 16534,944: [class unloading, 0,0076994 secs]2017-07-31T16:19:44.547+0200: 16534,952: [scrub symbol table, 0,0036358 secs]2017-07-31T16:19:44.551+0200: 16534,955: [scrub string table, 0,0006599 secs][1 CMS-remark: 240529K(393216K)] 240538K(502464K), 0,0177297 secs] [Times: user=0,03 sys=0,00, real=0,01 secs] 
2017-07-31T16:19:44.552+0200: 16534,956: Total time for which application threads were stopped: 0,0178757 seconds, Stopping threads took: 0,0000244 seconds
2017-07-31T16:19:44.552+0200: 16534,956: [CMS-concurrent-sweep-start]
2017-07-31T16:19:44.580+0200: 16534,984: [CMS-concurrent-sweep: 0,028/0,028 secs] [Times: user=0,03 sys=0,00, real=0,04 secs] 
2017-07-31T16:19:44.580+0200: 16534,985: [CMS-concurrent-reset-start]
2017-07-31T16:19:44.581+0200: 16534,985: [CMS-concurrent-reset: 0,001/0,001 secs] [Times: user=0,00 sys=0,00, real=0,00 secs] 
2017-07-31T16:19:46.580+0200: 16536,984: [GC (CMS Initial Mark) [1 CMS-initial-mark: 240529K(393216K)] 241308K(502464K), 0,0009974 secs] [Times: user=0,00 sys=0,00, real=0,01 secs] 
2017-07-31T16:19:46.581+0200: 16536,985: Total time for which application threads were stopped: 0,0011604 seconds, Stopping threads took: 0,0000259 seconds
2017-07-31T16:19:46.581+0200: 16536,985: [CMS-concurrent-mark-start]
2017-07-31T16:19:46.610+0200: 16537,015: [CMS-concurrent-mark: 0,029/0,029 secs] [Times: user=0,12 sys=0,00, real=0,02 secs] 
2017-07-31T16:19:46.610+0200: 16537,015: [CMS-concurrent-preclean-start]
2017-07-31T16:19:46.612+0200: 16537,016: [CMS-concurrent-preclean: 0,002/0,002 secs] [Times: user=0,00 sys=0,00, real=0,01 secs] 
2017-07-31T16:19:46.612+0200: 16537,017: [GC (CMS Final Remark) [YG occupancy: 778 K (109248 K)]{Heap before GC invocations=509 (full 406):
 par new generation   total 109248K, used 778K [0x00000000e0000000, 0x00000000e8000000, 0x00000000e8000000)
  eden space 87424K,   0% used [0x00000000e0000000, 0x00000000e00c0938, 0x00000000e5560000)
  from space 21824K,   0% used [0x00000000e6ab0000, 0x00000000e6ab2040, 0x00000000e8000000)
  to   space 21824K,   0% used [0x00000000e5560000, 0x00000000e5560000, 0x00000000e6ab0000)
 concurrent mark-sweep generation total 393216K, used 240529K [0x00000000e8000000, 0x0000000100000000, 0x0000000100000000)
 Metaspace       used 32762K, capacity 33224K, committed 33732K, reserved 1079296K
  class space    used 3585K, capacity 3736K, committed 3836K, reserved 1048576K
2017-07-31T16:19:46.612+0200: 16537,017: [GC (CMS Final Remark) 2017-07-31T16:19:46.612+0200: 16537,017: [ParNew
Desired survivor size 20112992 bytes, new threshold 8 (max 8)
- age   1:         64 bytes,         64 total
- age   2:        248 bytes,        312 total
- age   3:         32 bytes,        344 total
: 778K->8K(109248K), 0,0022578 secs] 241308K->240537K(502464K), 0,0023133 secs] [Times: user=0,00 sys=0,00, real=0,00 secs] 
Heap after GC invocations=510 (full 406):
 par new generation   total 109248K, used 8K [0x00000000e0000000, 0x00000000e8000000, 0x00000000e8000000)
  eden space 87424K,   0% used [0x00000000e0000000, 0x00000000e0000000, 0x00000000e5560000)
  from space 21824K,   0% used [0x00000000e5560000, 0x00000000e5562040, 0x00000000e6ab0000)
  to   space 21824K,   0% used [0x00000000e6ab0000, 0x00000000e6ab0000, 0x00000000e8000000)
 concurrent mark-sweep generation total 393216K, used 240529K [0x00000000e8000000, 0x0000000100000000, 0x0000000100000000)
 Metaspace       used 32762K, capacity 33224K, committed 33732K, reserved 1079296K
  class space    used 3585K, capacity 3736K, committed 3836K, reserved 1048576K
}
2017-07-31T16:19:46.615+0200: 16537,019: [Rescan (parallel) , 0,0006240 secs]2017-07-31T16:19:46.615+0200: 16537,020: [weak refs processing, 0,0004809 secs]2017-07-31T16:19:46.616+0200: 16537,020: [class unloading, 0,0085007 secs]2017-07-31T16:19:46.624+0200: 16537,029: [scrub symbol table, 0,0038343 secs]2017-07-31T16:19:46.628+0200: 16537,033: [scrub string table, 0,0007046 secs][1 CMS-remark: 240529K(393216K)] 240537K(502464K), 0,0167286 secs] [Times: user=0,02 sys=0,00, real=0,01 secs] 
2017-07-31T16:19:46.629+0200: 16537,033: Total time for which application threads were stopped: 0,0168696 seconds, Stopping threads took: 0,0000215 seconds
2017-07-31T16:19:46.629+0200: 16537,034: [CMS-concurrent-sweep-start]
2017-07-31T16:19:46.661+0200: 16537,065: [CMS-concurrent-sweep: 0,031/0,031 secs] [Times: user=0,03 sys=0,00, real=0,04 secs] 
2017-07-31T16:19:46.661+0200: 16537,065: [CMS-concurrent-reset-start]
2017-07-31T16:19:46.661+0200: 16537,066: [CMS-concurrent-reset: 0,001/0,001 secs] [Times: user=0,00 sys=0,00, real=0,00 secs] 
2017-07-31T16:19:48.660+0200: 16539,065: [GC (CMS Initial Mark) [1 CMS-initial-mark: 240529K(393216K)] 242515K(502464K), 0,0010294 secs] [Times: user=0,01 sys=0,00, real=0,00 secs] 
2017-07-31T16:19:48.662+0200: 16539,066: Total time for which application threads were stopped: 0,0011807 seconds, Stopping threads took: 0,0000321 seconds
2017-07-31T16:19:48.662+0200: 16539,066: [CMS-concurrent-mark-start]
2017-07-31T16:19:48.690+0200: 16539,094: [CMS-concurrent-mark: 0,028/0,028 secs] [Times: user=0,11 sys=0,00, real=0,02 secs] 
2017-07-31T16:19:48.690+0200: 16539,094: [CMS-concurrent-preclean-start]
2017-07-31T16:19:48.691+0200: 16539,096: [CMS-concurrent-preclean: 0,001/0,001 secs] [Times: user=0,00 sys=0,00, real=0,00 secs] 
2017-07-31T16:19:48.691+0200: 16539,096: [GC (CMS Final Remark) [YG occupancy: 1985 K (109248 K)]{Heap before GC invocations=510 (full 407):
 par new generation   total 109248K, used 1985K [0x00000000e0000000, 0x00000000e8000000, 0x00000000e8000000)
  eden space 87424K,   2% used [0x00000000e0000000, 0x00000000e01ee538, 0x00000000e5560000)
  from space 21824K,   0% used [0x00000000e5560000, 0x00000000e5562040, 0x00000000e6ab0000)
  to   space 21824K,   0% used [0x00000000e6ab0000, 0x00000000e6ab0000, 0x00000000e8000000)
 concurrent mark-sweep generation total 393216K, used 240529K [0x00000000e8000000, 0x0000000100000000, 0x0000000100000000)
 Metaspace       used 32762K, capacity 33224K, committed 33732K, reserved 1079296K
  class space    used 3585K, capacity 3736K, committed 3836K, reserved 1048576K
2017-07-31T16:19:48.691+0200: 16539,096: [GC (CMS Final Remark) 2017-07-31T16:19:48.691+0200: 16539,096: [ParNew
Desired survivor size 20112992 bytes, new threshold 8 (max 8)
- age   1:         96 bytes,         96 total
- age   2:         64 bytes,        160 total
- age   3:        184 bytes,        344 total
: 1985K->8K(109248K), 0,0042770 secs] 242515K->240537K(502464K), 0,0043310 secs] [Times: user=0,01 sys=0,00, real=0,01 secs] 
Heap after GC invocations=511 (full 407):
 par new generation   total 109248K, used 8K [0x00000000e0000000, 0x00000000e8000000, 0x00000000e8000000)
  eden space 87424K,   0% used [0x00000000e0000000, 0x00000000e0000000, 0x00000000e5560000)
  from space 21824K,   0% used [0x00000000e6ab0000, 0x00000000e6ab2040, 0x00000000e8000000)
  to   space 21824K,   0% used [0x00000000e5560000, 0x00000000e5560000, 0x00000000e6ab0000)
 concurrent mark-sweep generation total 393216K, used 240529K [0x00000000e8000000, 0x0000000100000000, 0x0000000100000000)
 Metaspace       used 32762K, capacity 33224K, committed 33732K, reserved 1079296K
  class space    used 3585K, capacity 3736K, committed 3836K, reserved 1048576K
}
2017-07-31T16:19:48.696+0200: 16539,100: [Rescan (parallel) , 0,0006401 secs]2017-07-31T16:19:48.696+0200: 16539,101: [weak refs processing, 0,0004332 secs]2017-07-31T16:19:48.697+0200: 16539,101: [class unloading, 0,0075942 secs]2017-07-31T16:19:48.704+0200: 16539,109: [scrub symbol table, 0,0035856 secs]2017-07-31T16:19:48.708+0200: 16539,113: [scrub string table, 0,0006148 secs][1 CMS-remark: 240529K(393216K)] 240537K(502464K), 0,0176119 secs] [Times: user=0,03 sys=0,00, real=0,02 secs] 
2017-07-31T16:19:48.709+0200: 16539,113: Total time for which application threads were stopped: 0,0177554 seconds, Stopping threads took: 0,0000374 seconds
2017-07-31T16:19:48.709+0200: 16539,114: [CMS-concurrent-sweep-start]
2017-07-31T16:19:48.736+0200: 16539,141: [CMS-concurrent-sweep: 0,027/0,027 secs] [Times: user=0,02 sys=0,00, real=0,03 secs] 
2017-07-31T16:19:48.736+0200: 16539,141: [CMS-concurrent-reset-start]
2017-07-31T16:19:48.737+0200: 16539,141: [CMS-concurrent-reset: 0,001/0,001 secs] [Times: user=0,00 sys=0,00, real=0,00 secs] 
2017-07-31T16:19:50.736+0200: 16541,140: [GC (CMS Initial Mark) [1 CMS-initial-mark: 240529K(393216K)] 240865K(502464K), 0,0009981 secs] [Times: user=0,00 sys=0,00, real=0,00 secs] 
2017-07-31T16:19:50.737+0200: 16541,141: Total time for which application threads were stopped: 0,0011654 seconds, Stopping threads took: 0,0000317 seconds
2017-07-31T16:19:50.737+0200: 16541,141: [CMS-concurrent-mark-start]
2017-07-31T16:19:50.765+0200: 16541,169: [CMS-concurrent-mark: 0,028/0,028 secs] [Times: user=0,11 sys=0,01, real=0,03 secs] 
2017-07-31T16:19:50.765+0200: 16541,170: [CMS-concurrent-preclean-start]
2017-07-31T16:19:50.766+0200: 16541,171: [CMS-concurrent-preclean: 0,001/0,001 secs] [Times: user=0,00 sys=0,00, real=0,00 secs] 
2017-07-31T16:19:50.767+0200: 16541,171: [GC (CMS Final Remark) [YG occupancy: 335 K (109248 K)]{Heap before GC invocations=511 (full 408):
 par new generation   total 109248K, used 335K [0x00000000e0000000, 0x00000000e8000000, 0x00000000e8000000)
  eden space 87424K,   0% used [0x00000000e0000000, 0x00000000e0051d88, 0x00000000e5560000)
  from space 21824K,   0% used [0x00000000e6ab0000, 0x00000000e6ab2040, 0x00000000e8000000)
  to   space 21824K,   0% used [0x00000000e5560000, 0x00000000e5560000, 0x00000000e6ab0000)
 concurrent mark-sweep generation total 393216K, used 240529K [0x00000000e8000000, 0x0000000100000000, 0x0000000100000000)
 Metaspace       used 32762K, capacity 33224K, committed 33732K, reserved 1079296K
  class space    used 3585K, capacity 3736K, committed 3836K, reserved 1048576K
2017-07-31T16:19:50.767+0200: 16541,171: [GC (CMS Final Remark) 2017-07-31T16:19:50.767+0200: 16541,171: [ParNew
Desired survivor size 20112992 bytes, new threshold 8 (max 8)
- age   1:         32 bytes,         32 total
- age   2:         96 bytes,        128 total
- age   3:         64 bytes,        192 total
- age   4:        152 bytes,        344 total
: 335K->6K(109248K), 0,0044344 secs] 240865K->240535K(502464K), 0,0045004 secs] [Times: user=0,01 sys=0,00, real=0,00 secs] 
Heap after GC invocations=512 (full 408):
 par new generation   total 109248K, used 6K [0x00000000e0000000, 0x00000000e8000000, 0x00000000e8000000)
  eden space 87424K,   0% used [0x00000000e0000000, 0x00000000e0000000, 0x00000000e5560000)
  from space 21824K,   0% used [0x00000000e5560000, 0x00000000e5561830, 0x00000000e6ab0000)
  to   space 21824K,   0% used [0x00000000e6ab0000, 0x00000000e6ab0000, 0x00000000e8000000)
 concurrent mark-sweep generation total 393216K, used 240529K [0x00000000e8000000, 0x0000000100000000, 0x0000000100000000)
 Metaspace       used 32762K, capacity 33224K, committed 33732K, reserved 1079296K
  class space    used 3585K, capacity 3736K, committed 3836K, reserved 1048576K
}
2017-07-31T16:19:50.771+0200: 16541,176: [Rescan (parallel) , 0,0005575 secs]2017-07-31T16:19:50.772+0200: 16541,176: [weak refs processing, 0,0006598 secs]2017-07-31T16:19:50.773+0200: 16541,177: [class unloading, 0,0078703 secs]2017-07-31T16:19:50.780+0200: 16541,185: [scrub symbol table, 0,0036846 secs]2017-07-31T16:19:50.784+0200: 16541,189: [scrub string table, 0,0006793 secs][1 CMS-remark: 240529K(393216K)] 240535K(502464K), 0,0182222 secs] [Times: user=0,03 sys=0,00, real=0,02 secs] 
2017-07-31T16:19:50.785+0200: 16541,189: Total time for which application threads were stopped: 0,0183619 seconds, Stopping threads took: 0,0000227 seconds
2017-07-31T16:19:50.785+0200: 16541,189: [CMS-concurrent-sweep-start]
2017-07-31T16:19:50.814+0200: 16541,219: [CMS-concurrent-sweep: 0,029/0,029 secs] [Times: user=0,02 sys=0,00, real=0,03 secs] 
2017-07-31T16:19:50.814+0200: 16541,219: [CMS-concurrent-reset-start]
2017-07-31T16:19:50.815+0200: 16541,220: [CMS-concurrent-reset: 0,001/0,001 secs] [Times: user=0,00 sys=0,00, real=0,00 secs] 
2017-07-31T16:19:52.814+0200: 16543,219: [GC (CMS Initial Mark) [1 CMS-initial-mark: 240529K(393216K)] 240978K(502464K), 0,0009673 secs] [Times: user=0,00 sys=0,00, real=0,00 secs] 
2017-07-31T16:19:52.815+0200: 16543,220: Total time for which application threads were stopped: 0,0011253 seconds, Stopping threads took: 0,0000242 seconds
2017-07-31T16:19:52.815+0200: 16543,220: [CMS-concurrent-mark-start]
2017-07-31T16:19:52.842+0200: 16543,247: [CMS-concurrent-mark: 0,027/0,027 secs] [Times: user=0,11 sys=0,00, real=0,03 secs] 
2017-07-31T16:19:52.842+0200: 16543,247: [CMS-concurrent-preclean-start]
2017-07-31T16:19:52.844+0200: 16543,248: [CMS-concurrent-preclean: 0,002/0,002 secs] [Times: user=0,00 sys=0,00, real=0,00 secs] 
2017-07-31T16:19:52.844+0200: 16543,249: [GC (CMS Final Remark) [YG occupancy: 448 K (109248 K)]{Heap before GC invocations=512 (full 409):
 par new generation   total 109248K, used 448K [0x00000000e0000000, 0x00000000e8000000, 0x00000000e8000000)
  eden space 87424K,   0% used [0x00000000e0000000, 0x00000000e006ebb0, 0x00000000e5560000)
  from space 21824K,   0% used [0x00000000e5560000, 0x00000000e5561830, 0x00000000e6ab0000)
  to   space 21824K,   0% used [0x00000000e6ab0000, 0x00000000e6ab0000, 0x00000000e8000000)
 concurrent mark-sweep generation total 393216K, used 240529K [0x00000000e8000000, 0x0000000100000000, 0x0000000100000000)
 Metaspace       used 32762K, capacity 33224K, committed 33732K, reserved 1079296K
  class space    used 3585K, capacity 3736K, committed 3836K, reserved 1048576K
2017-07-31T16:19:52.844+0200: 16543,249: [GC (CMS Final Remark) 2017-07-31T16:19:52.844+0200: 16543,249: [ParNew
Desired survivor size 20112992 bytes, new threshold 8 (max 8)
- age   1:         32 bytes,         32 total
- age   2:         32 bytes,         64 total
- age   3:         96 bytes,        160 total
- age   4:         32 bytes,        192 total
- age   5:        152 bytes,        344 total
: 448K->6K(109248K), 0,0044357 secs] 240978K->240535K(502464K), 0,0045033 secs] [Times: user=0,00 sys=0,00, real=0,00 secs] 
Heap after GC invocations=513 (full 409):
 par new generation   total 109248K, used 6K [0x00000000e0000000, 0x00000000e8000000, 0x00000000e8000000)
  eden space 87424K,   0% used [0x00000000e0000000, 0x00000000e0000000, 0x00000000e5560000)
  from space 21824K,   0% used [0x00000000e6ab0000, 0x00000000e6ab1830, 0x00000000e8000000)
  to   space 21824K,   0% used [0x00000000e5560000, 0x00000000e5560000, 0x00000000e6ab0000)
 concurrent mark-sweep generation total 393216K, used 240529K [0x00000000e8000000, 0x0000000100000000, 0x0000000100000000)
 Metaspace       used 32762K, capacity 33224K, committed 33732K, reserved 1079296K
  class space    used 3585K, capacity 3736K, committed 3836K, reserved 1048576K
}
2017-07-31T16:19:52.849+0200: 16543,253: [Rescan (parallel) , 0,0005713 secs]2017-07-31T16:19:52.849+0200: 16543,254: [weak refs processing, 0,0004655 secs]2017-07-31T16:19:52.850+0200: 16543,254: [class unloading, 0,0080401 secs]2017-07-31T16:19:52.858+0200: 16543,262: [scrub symbol table, 0,0037120 secs]2017-07-31T16:19:52.862+0200: 16543,266: [scrub string table, 0,0006799 secs][1 CMS-remark: 240529K(393216K)] 240535K(502464K), 0,0182439 secs] [Times: user=0,02 sys=0,00, real=0,02 secs] 
2017-07-31T16:19:52.862+0200: 16543,267: Total time for which application threads were stopped: 0,0183936 seconds, Stopping threads took: 0,0000333 seconds
2017-07-31T16:19:52.863+0200: 16543,267: [CMS-concurrent-sweep-start]
2017-07-31T16:19:52.891+0200: 16543,296: [CMS-concurrent-sweep: 0,029/0,029 secs] [Times: user=0,03 sys=0,00, real=0,02 secs] 
2017-07-31T16:19:52.891+0200: 16543,296: [CMS-concurrent-reset-start]
2017-07-31T16:19:52.892+0200: 16543,297: [CMS-concurrent-reset: 0,001/0,001 secs] [Times: user=0,00 sys=0,00, real=0,01 secs] 
2017-07-31T16:19:54.891+0200: 16545,296: [GC (CMS Initial Mark) [1 CMS-initial-mark: 240529K(393216K)] 242513K(502464K), 0,0009188 secs] [Times: user=0,00 sys=0,00, real=0,01 secs] 
2017-07-31T16:19:54.892+0200: 16545,297: Total time for which application threads were stopped: 0,0010905 seconds, Stopping threads took: 0,0000255 seconds
2017-07-31T16:19:54.892+0200: 16545,297: [CMS-concurrent-mark-start]
2017-07-31T16:19:54.919+0200: 16545,324: [CMS-concurrent-mark: 0,027/0,027 secs] [Times: user=0,11 sys=0,00, real=0,02 secs] 
2017-07-31T16:19:54.919+0200: 16545,324: [CMS-concurrent-preclean-start]
2017-07-31T16:19:54.921+0200: 16545,325: [CMS-concurrent-preclean: 0,002/0,002 secs] [Times: user=0,00 sys=0,00, real=0,01 secs] 
2017-07-31T16:19:54.921+0200: 16545,326: [GC (CMS Final Remark) [YG occupancy: 1983 K (109248 K)]{Heap before GC invocations=513 (full 410):
 par new generation   total 109248K, used 1983K [0x00000000e0000000, 0x00000000e8000000, 0x00000000e8000000)
  eden space 87424K,   2% used [0x00000000e0000000, 0x00000000e01ee538, 0x00000000e5560000)
  from space 21824K,   0% used [0x00000000e6ab0000, 0x00000000e6ab1830, 0x00000000e8000000)
  to   space 21824K,   0% used [0x00000000e5560000, 0x00000000e5560000, 0x00000000e6ab0000)
 concurrent mark-sweep generation total 393216K, used 240529K [0x00000000e8000000, 0x0000000100000000, 0x0000000100000000)
 Metaspace       used 32762K, capacity 33224K, committed 33732K, reserved 1079296K
  class space    used 3585K, capacity 3736K, committed 3836K, reserved 1048576K
2017-07-31T16:19:54.921+0200: 16545,326: [GC (CMS Final Remark) 2017-07-31T16:19:54.921+0200: 16545,326: [ParNew
Desired survivor size 20112992 bytes, new threshold 8 (max 8)
- age   1:         96 bytes,         96 total
- age   2:         32 bytes,        128 total
- age   3:         32 bytes,        160 total
- age   4:         32 bytes,        192 total
- age   6:        152 bytes,        344 total
: 1983K->8K(109248K), 0,0029401 secs] 242513K->240537K(502464K), 0,0030057 secs] [Times: user=0,01 sys=0,00, real=0,00 secs] 
Heap after GC invocations=514 (full 410):
 par new generation   total 109248K, used 8K [0x00000000e0000000, 0x00000000e8000000, 0x00000000e8000000)
  eden space 87424K,   0% used [0x00000000e0000000, 0x00000000e0000000, 0x00000000e5560000)
  from space 21824K,   0% used [0x00000000e5560000, 0x00000000e5562040, 0x00000000e6ab0000)
  to   space 21824K,   0% used [0x00000000e6ab0000, 0x00000000e6ab0000, 0x00000000e8000000)
 concurrent mark-sweep generation total 393216K, used 240529K [0x00000000e8000000, 0x0000000100000000, 0x0000000100000000)
 Metaspace       used 32762K, capacity 33224K, committed 33732K, reserved 1079296K
  class space    used 3585K, capacity 3736K, committed 3836K, reserved 1048576K
}
2017-07-31T16:19:54.924+0200: 16545,329: [Rescan (parallel) , 0,0007010 secs]2017-07-31T16:19:54.925+0200: 16545,330: [weak refs processing, 0,0004512 secs]2017-07-31T16:19:54.926+0200: 16545,330: [class unloading, 0,0083733 secs]2017-07-31T16:19:54.934+0200: 16545,338: [scrub symbol table, 0,0039113 secs]2017-07-31T16:19:54.938+0200: 16545,342: [scrub string table, 0,0006996 secs][1 CMS-remark: 240529K(393216K)] 240537K(502464K), 0,0174809 secs] [Times: user=0,02 sys=0,01, real=0,01 secs] 
2017-07-31T16:19:54.939+0200: 16545,343: Total time for which application threads were stopped: 0,0176250 seconds, Stopping threads took: 0,0000305 seconds
2017-07-31T16:19:54.939+0200: 16545,343: [CMS-concurrent-sweep-start]
2017-07-31T16:19:54.969+0200: 16545,373: [CMS-concurrent-sweep: 0,030/0,030 secs] [Times: user=0,03 sys=0,00, real=0,03 secs] 
2017-07-31T16:19:54.969+0200: 16545,373: [CMS-concurrent-reset-start]
2017-07-31T16:19:54.969+0200: 16545,374: [CMS-concurrent-reset: 0,001/0,001 secs] [Times: user=0,00 sys=0,00, real=0,00 secs] 
2017-07-31T16:19:56.969+0200: 16547,373: [GC (CMS Initial Mark) [1 CMS-initial-mark: 240529K(393216K)] 241308K(502464K), 0,0009734 secs] [Times: user=0,00 sys=0,00, real=0,00 secs] 
2017-07-31T16:19:56.970+0200: 16547,374: Total time for which application threads were stopped: 0,0011313 seconds, Stopping threads took: 0,0000242 seconds
2017-07-31T16:19:56.970+0200: 16547,374: [CMS-concurrent-mark-start]
2017-07-31T16:19:56.997+0200: 16547,401: [CMS-concurrent-mark: 0,027/0,027 secs] [Times: user=0,10 sys=0,00, real=0,03 secs] 
2017-07-31T16:19:56.997+0200: 16547,402: [CMS-concurrent-preclean-start]
2017-07-31T16:19:56.999+0200: 16547,403: [CMS-concurrent-preclean: 0,002/0,002 secs] [Times: user=0,01 sys=0,00, real=0,00 secs] 
2017-07-31T16:19:56.999+0200: 16547,403: [GC (CMS Final Remark) [YG occupancy: 778 K (109248 K)]{Heap before GC invocations=514 (full 411):
 par new generation   total 109248K, used 778K [0x00000000e0000000, 0x00000000e8000000, 0x00000000e8000000)
  eden space 87424K,   0% used [0x00000000e0000000, 0x00000000e00c0938, 0x00000000e5560000)
  from space 21824K,   0% used [0x00000000e5560000, 0x00000000e5562040, 0x00000000e6ab0000)
  to   space 21824K,   0% used [0x00000000e6ab0000, 0x00000000e6ab0000, 0x00000000e8000000)
 concurrent mark-sweep generation total 393216K, used 240529K [0x00000000e8000000, 0x0000000100000000, 0x0000000100000000)
 Metaspace       used 32762K, capacity 33224K, committed 33732K, reserved 1079296K
  class space    used 3585K, capacity 3736K, committed 3836K, reserved 1048576K
2017-07-31T16:19:56.999+0200: 16547,403: [GC (CMS Final Remark) 2017-07-31T16:19:56.999+0200: 16547,403: [ParNew
Desired survivor size 20112992 bytes, new threshold 8 (max 8)
- age   1:         64 bytes,         64 total
- age   2:         96 bytes,        160 total
- age   3:         32 bytes,        192 total
- age   7:        152 bytes,        344 total
: 778K->8K(109248K), 0,0048475 secs] 241308K->240537K(502464K), 0,0049156 secs] [Times: user=0,01 sys=0,00, real=0,01 secs] 
Heap after GC invocations=515 (full 411):
 par new generation   total 109248K, used 8K [0x00000000e0000000, 0x00000000e8000000, 0x00000000e8000000)
  eden space 87424K,   0% used [0x00000000e0000000, 0x00000000e0000000, 0x00000000e5560000)
  from space 21824K,   0% used [0x00000000e6ab0000, 0x00000000e6ab2040, 0x00000000e8000000)
  to   space 21824K,   0% used [0x00000000e5560000, 0x00000000e5560000, 0x00000000e6ab0000)
 concurrent mark-sweep generation total 393216K, used 240529K [0x00000000e8000000, 0x0000000100000000, 0x0000000100000000)
 Metaspace       used 32762K, capacity 33224K, committed 33732K, reserved 1079296K
  class space    used 3585K, capacity 3736K, committed 3836K, reserved 1048576K
}
2017-07-31T16:19:57.004+0200: 16547,408: [Rescan (parallel) , 0,0004918 secs]2017-07-31T16:19:57.004+0200: 16547,409: [weak refs processing, 0,0004696 secs]2017-07-31T16:19:57.005+0200: 16547,409: [class unloading, 0,0080997 secs]2017-07-31T16:19:57.013+0200: 16547,418: [scrub symbol table, 0,0037028 secs]2017-07-31T16:19:57.017+0200: 16547,421: [scrub string table, 0,0006798 secs][1 CMS-remark: 240529K(393216K)] 240537K(502464K), 0,0187462 secs] [Times: user=0,02 sys=0,00, real=0,02 secs] 
2017-07-31T16:19:57.018+0200: 16547,422: Total time for which application threads were stopped: 0,0188923 seconds, Stopping threads took: 0,0000322 seconds
2017-07-31T16:19:57.018+0200: 16547,422: [CMS-concurrent-sweep-start]
2017-07-31T16:19:57.048+0200: 16547,452: [CMS-concurrent-sweep: 0,030/0,030 secs] [Times: user=0,03 sys=0,00, real=0,03 secs] 
2017-07-31T16:19:57.048+0200: 16547,452: [CMS-concurrent-reset-start]
2017-07-31T16:19:57.048+0200: 16547,453: [CMS-concurrent-reset: 0,001/0,001 secs] [Times: user=0,00 sys=0,00, real=0,00 secs] 
2017-07-31T16:19:59.048+0200: 16549,452: [GC (CMS Initial Mark) [1 CMS-initial-mark: 240529K(393216K)] 242515K(502464K), 0,0009854 secs] [Times: user=0,01 sys=0,00, real=0,00 secs] 
2017-07-31T16:19:59.049+0200: 16549,453: Total time for which application threads were stopped: 0,0011463 seconds, Stopping threads took: 0,0000242 seconds
2017-07-31T16:19:59.049+0200: 16549,453: [CMS-concurrent-mark-start]
2017-07-31T16:19:59.076+0200: 16549,481: [CMS-concurrent-mark: 0,028/0,028 secs] [Times: user=0,11 sys=0,00, real=0,03 secs] 
2017-07-31T16:19:59.077+0200: 16549,481: [CMS-concurrent-preclean-start]
2017-07-31T16:19:59.078+0200: 16549,483: [CMS-concurrent-preclean: 0,002/0,002 secs] [Times: user=0,00 sys=0,00, real=0,00 secs] 
2017-07-31T16:19:59.078+0200: 16549,483: [GC (CMS Final Remark) [YG occupancy: 1985 K (109248 K)]{Heap before GC invocations=515 (full 412):
 par new generation   total 109248K, used 1985K [0x00000000e0000000, 0x00000000e8000000, 0x00000000e8000000)
  eden space 87424K,   2% used [0x00000000e0000000, 0x00000000e01ee538, 0x00000000e5560000)
  from space 21824K,   0% used [0x00000000e6ab0000, 0x00000000e6ab2040, 0x00000000e8000000)
  to   space 21824K,   0% used [0x00000000e5560000, 0x00000000e5560000, 0x00000000e6ab0000)
 concurrent mark-sweep generation total 393216K, used 240529K [0x00000000e8000000, 0x0000000100000000, 0x0000000100000000)
 Metaspace       used 32762K, capacity 33224K, committed 33732K, reserved 1079296K
  class space    used 3585K, capacity 3736K, committed 3836K, reserved 1048576K
2017-07-31T16:19:59.079+0200: 16549,483: [GC (CMS Final Remark) 2017-07-31T16:19:59.079+0200: 16549,483: [ParNew
Desired survivor size 20112992 bytes, new threshold 8 (max 8)
- age   1:         96 bytes,         96 total
- age   2:         64 bytes,        160 total
- age   3:         32 bytes,        192 total
- age   8:        152 bytes,        344 total
: 1985K->6K(109248K), 0,0048916 secs] 242515K->240535K(502464K), 0,0049502 secs] [Times: user=0,01 sys=0,00, real=0,01 secs] 
Heap after GC invocations=516 (full 412):
 par new generation   total 109248K, used 6K [0x00000000e0000000, 0x00000000e8000000, 0x00000000e8000000)
  eden space 87424K,   0% used [0x00000000e0000000, 0x00000000e0000000, 0x00000000e5560000)
  from space 21824K,   0% used [0x00000000e5560000, 0x00000000e5561830, 0x00000000e6ab0000)
  to   space 21824K,   0% used [0x00000000e6ab0000, 0x00000000e6ab0000, 0x00000000e8000000)
 concurrent mark-sweep generation total 393216K, used 240529K [0x00000000e8000000, 0x0000000100000000, 0x0000000100000000)
 Metaspace       used 32762K, capacity 33224K, committed 33732K, reserved 1079296K
  class space    used 3585K, capacity 3736K, committed 3836K, reserved 1048576K
}
2017-07-31T16:19:59.084+0200: 16549,488: [Rescan (parallel) , 0,0007153 secs]2017-07-31T16:19:59.084+0200: 16549,489: [weak refs processing, 0,0006171 secs]2017-07-31T16:19:59.085+0200: 16549,489: [class unloading, 0,0081207 secs]2017-07-31T16:19:59.093+0200: 16549,498: [scrub symbol table, 0,0038482 secs]2017-07-31T16:19:59.097+0200: 16549,501: [scrub string table, 0,0007050 secs][1 CMS-remark: 240529K(393216K)] 240535K(502464K), 0,0192458 secs] [Times: user=0,03 sys=0,00, real=0,02 secs] 
2017-07-31T16:19:59.098+0200: 16549,502: Total time for which application threads were stopped: 0,0194007 seconds, Stopping threads took: 0,0000325 seconds
2017-07-31T16:19:59.098+0200: 16549,502: [CMS-concurrent-sweep-start]
2017-07-31T16:19:59.128+0200: 16549,532: [CMS-concurrent-sweep: 0,030/0,030 secs] [Times: user=0,03 sys=0,00, real=0,03 secs] 
2017-07-31T16:19:59.128+0200: 16549,532: [CMS-concurrent-reset-start]
2017-07-31T16:19:59.128+0200: 16549,533: [CMS-concurrent-reset: 0,001/0,001 secs] [Times: user=0,00 sys=0,00, real=0,00 secs] 
2017-07-31T16:20:01.128+0200: 16551,532: [GC (CMS Initial Mark) [1 CMS-initial-mark: 240529K(393216K)] 241306K(502464K), 0,0010201 secs] [Times: user=0,00 sys=0,00, real=0,00 secs] 
2017-07-31T16:20:01.129+0200: 16551,533: Total time for which application threads were stopped: 0,0011870 seconds, Stopping threads took: 0,0000245 seconds
2017-07-31T16:20:01.129+0200: 16551,533: [CMS-concurrent-mark-start]
2017-07-31T16:20:01.145+0200: 16551,550: [CMS-concurrent-mark: 0,016/0,016 secs] [Times: user=0,06 sys=0,00, real=0,02 secs] 
2017-07-31T16:20:01.145+0200: 16551,550: [CMS-concurrent-preclean-start]
2017-07-31T16:20:01.146+0200: 16551,551: [CMS-concurrent-preclean: 0,001/0,001 secs] [Times: user=0,00 sys=0,00, real=0,00 secs] 
2017-07-31T16:20:01.146+0200: 16551,551: [GC (CMS Final Remark) [YG occupancy: 776 K (109248 K)]{Heap before GC invocations=516 (full 413):
 par new generation   total 109248K, used 776K [0x00000000e0000000, 0x00000000e8000000, 0x00000000e8000000)
  eden space 87424K,   0% used [0x00000000e0000000, 0x00000000e00c0938, 0x00000000e5560000)
  from space 21824K,   0% used [0x00000000e5560000, 0x00000000e5561830, 0x00000000e6ab0000)
  to   space 21824K,   0% used [0x00000000e6ab0000, 0x00000000e6ab0000, 0x00000000e8000000)
 concurrent mark-sweep generation total 393216K, used 240529K [0x00000000e8000000, 0x0000000100000000, 0x0000000100000000)
 Metaspace       used 32762K, capacity 33224K, committed 33732K, reserved 1079296K
  class space    used 3585K, capacity 3736K, committed 3836K, reserved 1048576K
2017-07-31T16:20:01.147+0200: 16551,551: [GC (CMS Final Remark) 2017-07-31T16:20:01.147+0200: 16551,551: [ParNew
Desired survivor size 20112992 bytes, new threshold 8 (max 8)
- age   1:         64 bytes,         64 total
- age   2:         96 bytes,        160 total
- age   3:         32 bytes,        192 total
: 776K->6K(109248K), 0,0025715 secs] 241306K->240535K(502464K), 0,0026050 secs] [Times: user=0,00 sys=0,00, real=0,00 secs] 
Heap after GC invocations=517 (full 413):
 par new generation   total 109248K, used 6K [0x00000000e0000000, 0x00000000e8000000, 0x00000000e8000000)
  eden space 87424K,   0% used [0x00000000e0000000, 0x00000000e0000000, 0x00000000e5560000)
  from space 21824K,   0% used [0x00000000e6ab0000, 0x00000000e6ab1830, 0x00000000e8000000)
  to   space 21824K,   0% used [0x00000000e5560000, 0x00000000e5560000, 0x00000000e6ab0000)
 concurrent mark-sweep generation total 393216K, used 240529K [0x00000000e8000000, 0x0000000100000000, 0x0000000100000000)
 Metaspace       used 32762K, capacity 33224K, committed 33732K, reserved 1079296K
  class space    used 3585K, capacity 3736K, committed 3836K, reserved 1048576K
}
2017-07-31T16:20:01.149+0200: 16551,554: [Rescan (parallel) , 0,0003534 secs]2017-07-31T16:20:01.150+0200: 16551,554: [weak refs processing, 0,0003046 secs]2017-07-31T16:20:01.150+0200: 16551,554: [class unloading, 0,0051575 secs]2017-07-31T16:20:01.155+0200: 16551,560: [scrub symbol table, 0,0026122 secs]2017-07-31T16:20:01.158+0200: 16551,562: [scrub string table, 0,0004559 secs][1 CMS-remark: 240529K(393216K)] 240535K(502464K), 0,0116931 secs] [Times: user=0,01 sys=0,00, real=0,01 secs] 
2017-07-31T16:20:01.158+0200: 16551,563: Total time for which application threads were stopped: 0,0118138 seconds, Stopping threads took: 0,0000293 seconds
2017-07-31T16:20:01.158+0200: 16551,563: [CMS-concurrent-sweep-start]
2017-07-31T16:20:01.178+0200: 16551,583: [CMS-concurrent-sweep: 0,020/0,020 secs] [Times: user=0,02 sys=0,00, real=0,02 secs] 
2017-07-31T16:20:01.178+0200: 16551,583: [CMS-concurrent-reset-start]
2017-07-31T16:20:01.179+0200: 16551,583: [CMS-concurrent-reset: 0,000/0,000 secs] [Times: user=0,00 sys=0,00, real=0,00 secs] 
2017-07-31T16:20:03.178+0200: 16553,583: [GC (CMS Initial Mark) [1 CMS-initial-mark: 240529K(393216K)] 242259K(502464K), 0,0009740 secs] [Times: user=0,00 sys=0,00, real=0,00 secs] 
2017-07-31T16:20:03.179+0200: 16553,584: Total time for which application threads were stopped: 0,0011214 seconds, Stopping threads took: 0,0000225 seconds
2017-07-31T16:20:03.179+0200: 16553,584: [CMS-concurrent-mark-start]
2017-07-31T16:20:03.205+0200: 16553,609: [CMS-concurrent-mark: 0,025/0,025 secs] [Times: user=0,11 sys=0,00, real=0,03 secs] 
2017-07-31T16:20:03.205+0200: 16553,609: [CMS-concurrent-preclean-start]
2017-07-31T16:20:03.206+0200: 16553,611: [CMS-concurrent-preclean: 0,002/0,002 secs] [Times: user=0,00 sys=0,00, real=0,00 secs] 
2017-07-31T16:20:03.207+0200: 16553,611: [GC (CMS Final Remark) [YG occupancy: 1729 K (109248 K)]{Heap before GC invocations=517 (full 414):
 par new generation   total 109248K, used 1729K [0x00000000e0000000, 0x00000000e8000000, 0x00000000e8000000)
  eden space 87424K,   1% used [0x00000000e0000000, 0x00000000e01aecd8, 0x00000000e5560000)
  from space 21824K,   0% used [0x00000000e6ab0000, 0x00000000e6ab1830, 0x00000000e8000000)
  to   space 21824K,   0% used [0x00000000e5560000, 0x00000000e5560000, 0x00000000e6ab0000)
 concurrent mark-sweep generation total 393216K, used 240529K [0x00000000e8000000, 0x0000000100000000, 0x0000000100000000)
 Metaspace       used 32762K, capacity 33224K, committed 33732K, reserved 1079296K
  class space    used 3585K, capacity 3736K, committed 3836K, reserved 1048576K
2017-07-31T16:20:03.207+0200: 16553,611: [GC (CMS Final Remark) 2017-07-31T16:20:03.207+0200: 16553,611: [ParNew
Desired survivor size 20112992 bytes, new threshold 8 (max 8)
- age   1:         64 bytes,         64 total
- age   2:         64 bytes,        128 total
- age   3:         64 bytes,        192 total
: 1729K->8K(109248K), 0,0044475 secs] 242259K->240538K(502464K), 0,0044962 secs] [Times: user=0,01 sys=0,00, real=0,00 secs] 
Heap after GC invocations=518 (full 414):
 par new generation   total 109248K, used 8K [0x00000000e0000000, 0x00000000e8000000, 0x00000000e8000000)
  eden space 87424K,   0% used [0x00000000e0000000, 0x00000000e0000000, 0x00000000e5560000)
  from space 21824K,   0% used [0x00000000e5560000, 0x00000000e5562040, 0x00000000e6ab0000)
  to   space 21824K,   0% used [0x00000000e6ab0000, 0x00000000e6ab0000, 0x00000000e8000000)
 concurrent mark-sweep generation total 393216K, used 240529K [0x00000000e8000000, 0x0000000100000000, 0x0000000100000000)
 Metaspace       used 32762K, capacity 33224K, committed 33732K, reserved 1079296K
  class space    used 3585K, capacity 3736K, committed 3836K, reserved 1048576K
}
2017-07-31T16:20:03.211+0200: 16553,616: [Rescan (parallel) , 0,0005180 secs]2017-07-31T16:20:03.212+0200: 16553,616: [weak refs processing, 0,0006340 secs]2017-07-31T16:20:03.212+0200: 16553,617: [class unloading, 0,0079756 secs]2017-07-31T16:20:03.220+0200: 16553,625: [scrub symbol table, 0,0037050 secs]2017-07-31T16:20:03.224+0200: 16553,629: [scrub string table, 0,0006772 secs][1 CMS-remark: 240529K(393216K)] 240538K(502464K), 0,0182746 secs] [Times: user=0,03 sys=0,00, real=0,02 secs] 
2017-07-31T16:20:03.225+0200: 16553,629: Total time for which application threads were stopped: 0,0184260 seconds, Stopping threads took: 0,0000324 seconds
2017-07-31T16:20:03.225+0200: 16553,629: [CMS-concurrent-sweep-start]
2017-07-31T16:20:03.254+0200: 16553,658: [CMS-concurrent-sweep: 0,029/0,029 secs] [Times: user=0,02 sys=0,00, real=0,03 secs] 
2017-07-31T16:20:03.254+0200: 16553,659: [CMS-concurrent-reset-start]
2017-07-31T16:20:03.255+0200: 16553,659: [CMS-concurrent-reset: 0,001/0,001 secs] [Times: user=0,00 sys=0,00, real=0,00 secs] 
2017-07-31T16:20:05.254+0200: 16555,658: [GC (CMS Initial Mark) [1 CMS-initial-mark: 240529K(393216K)] 240792K(502464K), 0,0009981 secs] [Times: user=0,01 sys=0,00, real=0,00 secs] 
2017-07-31T16:20:05.255+0200: 16555,660: Total time for which application threads were stopped: 0,0011555 seconds, Stopping threads took: 0,0000231 seconds
2017-07-31T16:20:05.255+0200: 16555,660: [CMS-concurrent-mark-start]
2017-07-31T16:20:05.283+0200: 16555,688: [CMS-concurrent-mark: 0,028/0,028 secs] [Times: user=0,11 sys=0,00, real=0,03 secs] 
2017-07-31T16:20:05.283+0200: 16555,688: [CMS-concurrent-preclean-start]
2017-07-31T16:20:05.285+0200: 16555,689: [CMS-concurrent-preclean: 0,002/0,002 secs] [Times: user=0,00 sys=0,00, real=0,00 secs] 
2017-07-31T16:20:05.285+0200: 16555,689: [GC (CMS Final Remark) [YG occupancy: 262 K (109248 K)]{Heap before GC invocations=518 (full 415):
 par new generation   total 109248K, used 262K [0x00000000e0000000, 0x00000000e8000000, 0x00000000e8000000)
  eden space 87424K,   0% used [0x00000000e0000000, 0x00000000e003f860, 0x00000000e5560000)
  from space 21824K,   0% used [0x00000000e5560000, 0x00000000e5562040, 0x00000000e6ab0000)
  to   space 21824K,   0% used [0x00000000e6ab0000, 0x00000000e6ab0000, 0x00000000e8000000)
 concurrent mark-sweep generation total 393216K, used 240529K [0x00000000e8000000, 0x0000000100000000, 0x0000000100000000)
 Metaspace       used 32762K, capacity 33224K, committed 33732K, reserved 1079296K
  class space    used 3585K, capacity 3736K, committed 3836K, reserved 1048576K
2017-07-31T16:20:05.285+0200: 16555,690: [GC (CMS Final Remark) 2017-07-31T16:20:05.285+0200: 16555,690: [ParNew
Desired survivor size 20112992 bytes, new threshold 8 (max 8)
- age   1:         32 bytes,         32 total
- age   2:         64 bytes,         96 total
- age   3:         64 bytes,        160 total
- age   4:         32 bytes,        192 total
: 262K->4K(109248K), 0,0027488 secs] 240792K->240533K(502464K), 0,0027934 secs] [Times: user=0,01 sys=0,00, real=0,00 secs] 
Heap after GC invocations=519 (full 415):
 par new generation   total 109248K, used 4K [0x00000000e0000000, 0x00000000e8000000, 0x00000000e8000000)
  eden space 87424K,   0% used [0x00000000e0000000, 0x00000000e0000000, 0x00000000e5560000)
  from space 21824K,   0% used [0x00000000e6ab0000, 0x00000000e6ab1020, 0x00000000e8000000)
  to   space 21824K,   0% used [0x00000000e5560000, 0x00000000e5560000, 0x00000000e6ab0000)
 concurrent mark-sweep generation total 393216K, used 240529K [0x00000000e8000000, 0x0000000100000000, 0x0000000100000000)
 Metaspace       used 32762K, capacity 33224K, committed 33732K, reserved 1079296K
  class space    used 3585K, capacity 3736K, committed 3836K, reserved 1048576K
}
2017-07-31T16:20:05.288+0200: 16555,692: [Rescan (parallel) , 0,0004947 secs]2017-07-31T16:20:05.288+0200: 16555,693: [weak refs processing, 0,0004121 secs]2017-07-31T16:20:05.289+0200: 16555,693: [class unloading, 0,0071260 secs]2017-07-31T16:20:05.296+0200: 16555,700: [scrub symbol table, 0,0033611 secs]2017-07-31T16:20:05.299+0200: 16555,704: [scrub string table, 0,0006361 secs][1 CMS-remark: 240529K(393216K)] 240533K(502464K), 0,0151712 secs] [Times: user=0,02 sys=0,00, real=0,02 secs] 
2017-07-31T16:20:05.300+0200: 16555,705: Total time for which application threads were stopped: 0,0153117 seconds, Stopping threads took: 0,0000323 seconds
2017-07-31T16:20:05.300+0200: 16555,705: [CMS-concurrent-sweep-start]
2017-07-31T16:20:05.328+0200: 16555,733: [CMS-concurrent-sweep: 0,028/0,028 secs] [Times: user=0,03 sys=0,00, real=0,02 secs] 
2017-07-31T16:20:05.328+0200: 16555,733: [CMS-concurrent-reset-start]
2017-07-31T16:20:05.329+0200: 16555,733: [CMS-concurrent-reset: 0,001/0,001 secs] [Times: user=0,00 sys=0,00, real=0,00 secs] 
2017-07-31T16:20:07.328+0200: 16557,733: [GC (CMS Initial Mark) [1 CMS-initial-mark: 240529K(393216K)] 241304K(502464K), 0,0012817 secs] [Times: user=0,00 sys=0,00, real=0,00 secs] 
2017-07-31T16:20:07.330+0200: 16557,734: Total time for which application threads were stopped: 0,0014790 seconds, Stopping threads took: 0,0000522 seconds
2017-07-31T16:20:07.330+0200: 16557,734: [CMS-concurrent-mark-start]
2017-07-31T16:20:07.361+0200: 16557,765: [CMS-concurrent-mark: 0,031/0,031 secs] [Times: user=0,13 sys=0,00, real=0,04 secs] 
2017-07-31T16:20:07.361+0200: 16557,765: [CMS-concurrent-preclean-start]
2017-07-31T16:20:07.362+0200: 16557,766: [CMS-concurrent-preclean: 0,001/0,001 secs] [Times: user=0,00 sys=0,00, real=0,00 secs] 
2017-07-31T16:20:07.362+0200: 16557,767: [GC (CMS Final Remark) [YG occupancy: 774 K (109248 K)]{Heap before GC invocations=519 (full 416):
 par new generation   total 109248K, used 774K [0x00000000e0000000, 0x00000000e8000000, 0x00000000e8000000)
  eden space 87424K,   0% used [0x00000000e0000000, 0x00000000e00c0938, 0x00000000e5560000)
  from space 21824K,   0% used [0x00000000e6ab0000, 0x00000000e6ab1020, 0x00000000e8000000)
  to   space 21824K,   0% used [0x00000000e5560000, 0x00000000e5560000, 0x00000000e6ab0000)
 concurrent mark-sweep generation total 393216K, used 240529K [0x00000000e8000000, 0x0000000100000000, 0x0000000100000000)
 Metaspace       used 32762K, capacity 33224K, committed 33732K, reserved 1079296K
  class space    used 3585K, capacity 3736K, committed 3836K, reserved 1048576K
2017-07-31T16:20:07.362+0200: 16557,767: [GC (CMS Final Remark) 2017-07-31T16:20:07.362+0200: 16557,767: [ParNew
Desired survivor size 20112992 bytes, new threshold 8 (max 8)
- age   1:         64 bytes,         64 total
- age   2:         32 bytes,         96 total
- age   3:         64 bytes,        160 total
- age   4:         32 bytes,        192 total
: 774K->6K(109248K), 0,0036670 secs] 241304K->240535K(502464K), 0,0037211 secs] [Times: user=0,00 sys=0,00, real=0,00 secs] 
Heap after GC invocations=520 (full 416):
 par new generation   total 109248K, used 6K [0x00000000e0000000, 0x00000000e8000000, 0x00000000e8000000)
  eden space 87424K,   0% used [0x00000000e0000000, 0x00000000e0000000, 0x00000000e5560000)
  from space 21824K,   0% used [0x00000000e5560000, 0x00000000e5561830, 0x00000000e6ab0000)
  to   space 21824K,   0% used [0x00000000e6ab0000, 0x00000000e6ab0000, 0x00000000e8000000)
 concurrent mark-sweep generation total 393216K, used 240529K [0x00000000e8000000, 0x0000000100000000, 0x0000000100000000)
 Metaspace       used 32762K, capacity 33224K, committed 33732K, reserved 1079296K
  class space    used 3585K, capacity 3736K, committed 3836K, reserved 1048576K
}
2017-07-31T16:20:07.366+0200: 16557,771: [Rescan (parallel) , 0,0004552 secs]2017-07-31T16:20:07.367+0200: 16557,771: [weak refs processing, 0,0004083 secs]2017-07-31T16:20:07.367+0200: 16557,772: [class unloading, 0,0070316 secs]2017-07-31T16:20:07.374+0200: 16557,779: [scrub symbol table, 0,0033244 secs]2017-07-31T16:20:07.377+0200: 16557,782: [scrub string table, 0,0005976 secs][1 CMS-remark: 240529K(393216K)] 240535K(502464K), 0,0157862 secs] [Times: user=0,02 sys=0,00, real=0,01 secs] 
2017-07-31T16:20:07.378+0200: 16557,783: Total time for which application threads were stopped: 0,0159203 seconds, Stopping threads took: 0,0000216 seconds
2017-07-31T16:20:07.378+0200: 16557,783: [CMS-concurrent-sweep-start]
2017-07-31T16:20:07.405+0200: 16557,810: [CMS-concurrent-sweep: 0,027/0,027 secs] [Times: user=0,02 sys=0,00, real=0,03 secs] 
2017-07-31T16:20:07.405+0200: 16557,810: [CMS-concurrent-reset-start]
2017-07-31T16:20:07.406+0200: 16557,810: [CMS-concurrent-reset: 0,001/0,001 secs] [Times: user=0,00 sys=0,00, real=0,00 secs] 
2017-07-31T16:20:09.405+0200: 16559,810: [GC (CMS Initial Mark) [1 CMS-initial-mark: 240529K(393216K)] 242513K(502464K), 0,0010730 secs] [Times: user=0,00 sys=0,00, real=0,00 secs] 
2017-07-31T16:20:09.406+0200: 16559,811: Total time for which application threads were stopped: 0,0012367 seconds, Stopping threads took: 0,0000251 seconds
2017-07-31T16:20:09.406+0200: 16559,811: [CMS-concurrent-mark-start]
2017-07-31T16:20:09.447+0200: 16559,852: [CMS-concurrent-mark: 0,041/0,041 secs] [Times: user=0,16 sys=0,00, real=0,04 secs] 
2017-07-31T16:20:09.447+0200: 16559,852: [CMS-concurrent-preclean-start]
2017-07-31T16:20:09.448+0200: 16559,853: [CMS-concurrent-preclean: 0,001/0,001 secs] [Times: user=0,00 sys=0,00, real=0,00 secs] 
2017-07-31T16:20:09.449+0200: 16559,853: [GC (CMS Final Remark) [YG occupancy: 1983 K (109248 K)]{Heap before GC invocations=520 (full 417):
 par new generation   total 109248K, used 1983K [0x00000000e0000000, 0x00000000e8000000, 0x00000000e8000000)
  eden space 87424K,   2% used [0x00000000e0000000, 0x00000000e01ee538, 0x00000000e5560000)
  from space 21824K,   0% used [0x00000000e5560000, 0x00000000e5561830, 0x00000000e6ab0000)
  to   space 21824K,   0% used [0x00000000e6ab0000, 0x00000000e6ab0000, 0x00000000e8000000)
 concurrent mark-sweep generation total 393216K, used 240529K [0x00000000e8000000, 0x0000000100000000, 0x0000000100000000)
 Metaspace       used 32762K, capacity 33224K, committed 33732K, reserved 1079296K
  class space    used 3585K, capacity 3736K, committed 3836K, reserved 1048576K
2017-07-31T16:20:09.449+0200: 16559,853: [GC (CMS Final Remark) 2017-07-31T16:20:09.449+0200: 16559,853: [ParNew
Desired survivor size 20112992 bytes, new threshold 8 (max 8)
- age   1:         96 bytes,         96 total
- age   2:         64 bytes,        160 total
- age   3:         32 bytes,        192 total
: 1983K->6K(109248K), 0,0036566 secs] 242513K->240535K(502464K), 0,0037058 secs] [Times: user=0,01 sys=0,00, real=0,01 secs] 
Heap after GC invocations=521 (full 417):
 par new generation   total 109248K, used 6K [0x00000000e0000000, 0x00000000e8000000, 0x00000000e8000000)
  eden space 87424K,   0% used [0x00000000e0000000, 0x00000000e0000000, 0x00000000e5560000)
  from space 21824K,   0% used [0x00000000e6ab0000, 0x00000000e6ab1830, 0x00000000e8000000)
  to   space 21824K,   0% used [0x00000000e5560000, 0x00000000e5560000, 0x00000000e6ab0000)
 concurrent mark-sweep generation total 393216K, used 240529K [0x00000000e8000000, 0x0000000100000000, 0x0000000100000000)
 Metaspace       used 32762K, capacity 33224K, committed 33732K, reserved 1079296K
  class space    used 3585K, capacity 3736K, committed 3836K, reserved 1048576K
}
2017-07-31T16:20:09.453+0200: 16559,857: [Rescan (parallel) , 0,0004350 secs]2017-07-31T16:20:09.453+0200: 16559,857: [weak refs processing, 0,0004611 secs]2017-07-31T16:20:09.453+0200: 16559,858: [class unloading, 0,0072136 secs]2017-07-31T16:20:09.461+0200: 16559,865: [scrub symbol table, 0,0034745 secs]2017-07-31T16:20:09.464+0200: 16559,869: [scrub string table, 0,0005958 secs][1 CMS-remark: 240529K(393216K)] 240535K(502464K), 0,0161836 secs] [Times: user=0,03 sys=0,00, real=0,02 secs] 
2017-07-31T16:20:09.465+0200: 16559,869: Total time for which application threads were stopped: 0,0163242 seconds, Stopping threads took: 0,0000240 seconds
2017-07-31T16:20:09.465+0200: 16559,870: [CMS-concurrent-sweep-start]
2017-07-31T16:20:09.492+0200: 16559,897: [CMS-concurrent-sweep: 0,027/0,027 secs] [Times: user=0,02 sys=0,00, real=0,03 secs] 
2017-07-31T16:20:09.492+0200: 16559,897: [CMS-concurrent-reset-start]
2017-07-31T16:20:09.493+0200: 16559,897: [CMS-concurrent-reset: 0,001/0,001 secs] [Times: user=0,00 sys=0,00, real=0,00 secs] 
2017-07-31T16:20:11.492+0200: 16561,897: [GC (CMS Initial Mark) [1 CMS-initial-mark: 240529K(393216K)] 241306K(502464K), 0,0009011 secs] [Times: user=0,01 sys=0,00, real=0,00 secs] 
2017-07-31T16:20:11.493+0200: 16561,897: Total time for which application threads were stopped: 0,0011206 seconds, Stopping threads took: 0,0000281 seconds
2017-07-31T16:20:11.493+0200: 16561,898: [CMS-concurrent-mark-start]
2017-07-31T16:20:11.531+0200: 16561,936: [CMS-concurrent-mark: 0,038/0,038 secs] [Times: user=0,15 sys=0,00, real=0,03 secs] 
2017-07-31T16:20:11.531+0200: 16561,936: [CMS-concurrent-preclean-start]
2017-07-31T16:20:11.533+0200: 16561,937: [CMS-concurrent-preclean: 0,001/0,001 secs] [Times: user=0,00 sys=0,00, real=0,01 secs] 
2017-07-31T16:20:11.533+0200: 16561,937: [GC (CMS Final Remark) [YG occupancy: 776 K (109248 K)]{Heap before GC invocations=521 (full 418):
 par new generation   total 109248K, used 776K [0x00000000e0000000, 0x00000000e8000000, 0x00000000e8000000)
  eden space 87424K,   0% used [0x00000000e0000000, 0x00000000e00c0938, 0x00000000e5560000)
  from space 21824K,   0% used [0x00000000e6ab0000, 0x00000000e6ab1830, 0x00000000e8000000)
  to   space 21824K,   0% used [0x00000000e5560000, 0x00000000e5560000, 0x00000000e6ab0000)
 concurrent mark-sweep generation total 393216K, used 240529K [0x00000000e8000000, 0x0000000100000000, 0x0000000100000000)
 Metaspace       used 32762K, capacity 33224K, committed 33732K, reserved 1079296K
  class space    used 3585K, capacity 3736K, committed 3836K, reserved 1048576K
2017-07-31T16:20:11.533+0200: 16561,937: [GC (CMS Final Remark) 2017-07-31T16:20:11.533+0200: 16561,937: [ParNew
Desired survivor size 20112992 bytes, new threshold 8 (max 8)
- age   1:         64 bytes,         64 total
- age   2:         96 bytes,        160 total
- age   3:         32 bytes,        192 total
: 776K->6K(109248K), 0,0037828 secs] 241306K->240535K(502464K), 0,0038286 secs] [Times: user=0,00 sys=0,00, real=0,00 secs] 
Heap after GC invocations=522 (full 418):
 par new generation   total 109248K, used 6K [0x00000000e0000000, 0x00000000e8000000, 0x00000000e8000000)
  eden space 87424K,   0% used [0x00000000e0000000, 0x00000000e0000000, 0x00000000e5560000)
  from space 21824K,   0% used [0x00000000e5560000, 0x00000000e5561830, 0x00000000e6ab0000)
  to   space 21824K,   0% used [0x00000000e6ab0000, 0x00000000e6ab0000, 0x00000000e8000000)
 concurrent mark-sweep generation total 393216K, used 240529K [0x00000000e8000000, 0x0000000100000000, 0x0000000100000000)
 Metaspace       used 32762K, capacity 33224K, committed 33732K, reserved 1079296K
  class space    used 3585K, capacity 3736K, committed 3836K, reserved 1048576K
}
2017-07-31T16:20:11.537+0200: 16561,941: [Rescan (parallel) , 0,0005226 secs]2017-07-31T16:20:11.537+0200: 16561,942: [weak refs processing, 0,0004499 secs]2017-07-31T16:20:11.538+0200: 16561,942: [class unloading, 0,0075130 secs]2017-07-31T16:20:11.545+0200: 16561,950: [scrub symbol table, 0,0036125 secs]2017-07-31T16:20:11.549+0200: 16561,953: [scrub string table, 0,0006574 secs][1 CMS-remark: 240529K(393216K)] 240535K(502464K), 0,0168411 secs] [Times: user=0,02 sys=0,00, real=0,01 secs] 
2017-07-31T16:20:11.550+0200: 16561,954: Total time for which application threads were stopped: 0,0169834 seconds, Stopping threads took: 0,0000308 seconds
2017-07-31T16:20:11.550+0200: 16561,954: [CMS-concurrent-sweep-start]
2017-07-31T16:20:11.578+0200: 16561,982: [CMS-concurrent-sweep: 0,028/0,028 secs] [Times: user=0,03 sys=0,00, real=0,03 secs] 
2017-07-31T16:20:11.578+0200: 16561,983: [CMS-concurrent-reset-start]
2017-07-31T16:20:11.579+0200: 16561,983: [CMS-concurrent-reset: 0,001/0,001 secs] [Times: user=0,00 sys=0,00, real=0,00 secs] 
2017-07-31T16:20:13.578+0200: 16563,982: [GC (CMS Initial Mark) [1 CMS-initial-mark: 240529K(393216K)] 242311K(502464K), 0,0009822 secs] [Times: user=0,00 sys=0,00, real=0,00 secs] 
2017-07-31T16:20:13.579+0200: 16563,983: Total time for which application threads were stopped: 0,0011447 seconds, Stopping threads took: 0,0000294 seconds
2017-07-31T16:20:13.579+0200: 16563,984: [CMS-concurrent-mark-start]
2017-07-31T16:20:13.618+0200: 16564,022: [CMS-concurrent-mark: 0,039/0,039 secs] [Times: user=0,15 sys=0,00, real=0,04 secs] 
2017-07-31T16:20:13.618+0200: 16564,022: [CMS-concurrent-preclean-start]
2017-07-31T16:20:13.619+0200: 16564,023: [CMS-concurrent-preclean: 0,001/0,001 secs] [Times: user=0,01 sys=0,00, real=0,00 secs] 
2017-07-31T16:20:13.619+0200: 16564,024: [GC (CMS Final Remark) [YG occupancy: 2035 K (109248 K)]{Heap before GC invocations=522 (full 419):
 par new generation   total 109248K, used 2035K [0x00000000e0000000, 0x00000000e8000000, 0x00000000e8000000)
  eden space 87424K,   2% used [0x00000000e0000000, 0x00000000e01fb548, 0x00000000e5560000)
  from space 21824K,   0% used [0x00000000e5560000, 0x00000000e5561830, 0x00000000e6ab0000)
  to   space 21824K,   0% used [0x00000000e6ab0000, 0x00000000e6ab0000, 0x00000000e8000000)
 concurrent mark-sweep generation total 393216K, used 240529K [0x00000000e8000000, 0x0000000100000000, 0x0000000100000000)
 Metaspace       used 32762K, capacity 33224K, committed 33732K, reserved 1079296K
  class space    used 3585K, capacity 3736K, committed 3836K, reserved 1048576K
2017-07-31T16:20:13.619+0200: 16564,024: [GC (CMS Final Remark) 2017-07-31T16:20:13.619+0200: 16564,024: [ParNew
Desired survivor size 20112992 bytes, new threshold 8 (max 8)
- age   1:        248 bytes,        248 total
- age   2:         64 bytes,        312 total
- age   3:         32 bytes,        344 total
: 2035K->6K(109248K), 0,0032068 secs] 242565K->240535K(502464K), 0,0032484 secs] [Times: user=0,00 sys=0,00, real=0,01 secs] 
Heap after GC invocations=523 (full 419):
 par new generation   total 109248K, used 6K [0x00000000e0000000, 0x00000000e8000000, 0x00000000e8000000)
  eden space 87424K,   0% used [0x00000000e0000000, 0x00000000e0000000, 0x00000000e5560000)
  from space 21824K,   0% used [0x00000000e6ab0000, 0x00000000e6ab1830, 0x00000000e8000000)
  to   space 21824K,   0% used [0x00000000e5560000, 0x00000000e5560000, 0x00000000e6ab0000)
 concurrent mark-sweep generation total 393216K, used 240529K [0x00000000e8000000, 0x0000000100000000, 0x0000000100000000)
 Metaspace       used 32762K, capacity 33224K, committed 33732K, reserved 1079296K
  class space    used 3585K, capacity 3736K, committed 3836K, reserved 1048576K
}
2017-07-31T16:20:13.622+0200: 16564,027: [Rescan (parallel) , 0,0004522 secs]2017-07-31T16:20:13.623+0200: 16564,027: [weak refs processing, 0,0003642 secs]2017-07-31T16:20:13.623+0200: 16564,028: [class unloading, 0,0064300 secs]2017-07-31T16:20:13.630+0200: 16564,034: [scrub symbol table, 0,0031094 secs]2017-07-31T16:20:13.633+0200: 16564,037: [scrub string table, 0,0005653 secs][1 CMS-remark: 240529K(393216K)] 240535K(502464K), 0,0143919 secs] [Times: user=0,02 sys=0,00, real=0,02 secs] 
2017-07-31T16:20:13.634+0200: 16564,038: Total time for which application threads were stopped: 0,0145279 seconds, Stopping threads took: 0,0000309 seconds
2017-07-31T16:20:13.634+0200: 16564,038: [CMS-concurrent-sweep-start]
2017-07-31T16:20:13.659+0200: 16564,063: [CMS-concurrent-sweep: 0,025/0,025 secs] [Times: user=0,02 sys=0,00, real=0,02 secs] 
2017-07-31T16:20:13.659+0200: 16564,063: [CMS-concurrent-reset-start]
2017-07-31T16:20:13.660+0200: 16564,064: [CMS-concurrent-reset: 0,001/0,001 secs] [Times: user=0,00 sys=0,00, real=0,00 secs] 
2017-07-31T16:20:15.659+0200: 16566,063: [GC (CMS Initial Mark) [1 CMS-initial-mark: 240529K(393216K)] 240863K(502464K), 0,0010001 secs] [Times: user=0,01 sys=0,00, real=0,00 secs] 
2017-07-31T16:20:15.660+0200: 16566,064: Total time for which application threads were stopped: 0,0011594 seconds, Stopping threads took: 0,0000243 seconds
2017-07-31T16:20:15.660+0200: 16566,064: [CMS-concurrent-mark-start]
2017-07-31T16:20:15.687+0200: 16566,092: [CMS-concurrent-mark: 0,027/0,027 secs] [Times: user=0,10 sys=0,01, real=0,02 secs] 
2017-07-31T16:20:15.687+0200: 16566,092: [CMS-concurrent-preclean-start]
2017-07-31T16:20:15.689+0200: 16566,093: [CMS-concurrent-preclean: 0,002/0,002 secs] [Times: user=0,00 sys=0,00, real=0,00 secs] 
2017-07-31T16:20:15.689+0200: 16566,094: [GC (CMS Final Remark) [YG occupancy: 333 K (109248 K)]{Heap before GC invocations=523 (full 420):
 par new generation   total 109248K, used 333K [0x00000000e0000000, 0x00000000e8000000, 0x00000000e8000000)
  eden space 87424K,   0% used [0x00000000e0000000, 0x00000000e0051d88, 0x00000000e5560000)
  from space 21824K,   0% used [0x00000000e6ab0000, 0x00000000e6ab1830, 0x00000000e8000000)
  to   space 21824K,   0% used [0x00000000e5560000, 0x00000000e5560000, 0x00000000e6ab0000)
 concurrent mark-sweep generation total 393216K, used 240529K [0x00000000e8000000, 0x0000000100000000, 0x0000000100000000)
 Metaspace       used 32762K, capacity 33224K, committed 33732K, reserved 1079296K
  class space    used 3585K, capacity 3736K, committed 3836K, reserved 1048576K
2017-07-31T16:20:15.689+0200: 16566,094: [GC (CMS Final Remark) 2017-07-31T16:20:15.689+0200: 16566,094: [ParNew
Desired survivor size 20112992 bytes, new threshold 8 (max 8)
- age   1:         32 bytes,         32 total
- age   2:        248 bytes,        280 total
- age   3:         64 bytes,        344 total
: 333K->6K(109248K), 0,0034857 secs] 240863K->240535K(502464K), 0,0035340 secs] [Times: user=0,00 sys=0,00, real=0,01 secs] 
Heap after GC invocations=524 (full 420):
 par new generation   total 109248K, used 6K [0x00000000e0000000, 0x00000000e8000000, 0x00000000e8000000)
  eden space 87424K,   0% used [0x00000000e0000000, 0x00000000e0000000, 0x00000000e5560000)
  from space 21824K,   0% used [0x00000000e5560000, 0x00000000e5561830, 0x00000000e6ab0000)
  to   space 21824K,   0% used [0x00000000e6ab0000, 0x00000000e6ab0000, 0x00000000e8000000)
 concurrent mark-sweep generation total 393216K, used 240529K [0x00000000e8000000, 0x0000000100000000, 0x0000000100000000)
 Metaspace       used 32762K, capacity 33224K, committed 33732K, reserved 1079296K
  class space    used 3585K, capacity 3736K, committed 3836K, reserved 1048576K
}
2017-07-31T16:20:15.693+0200: 16566,097: [Rescan (parallel) , 0,0005769 secs]2017-07-31T16:20:15.693+0200: 16566,098: [weak refs processing, 0,0004632 secs]2017-07-31T16:20:15.694+0200: 16566,098: [class unloading, 0,0077871 secs]2017-07-31T16:20:15.702+0200: 16566,106: [scrub symbol table, 0,0036246 secs]2017-07-31T16:20:15.705+0200: 16566,110: [scrub string table, 0,0006578 secs][1 CMS-remark: 240529K(393216K)] 240535K(502464K), 0,0169897 secs] [Times: user=0,02 sys=0,00, real=0,02 secs] 
2017-07-31T16:20:15.706+0200: 16566,111: Total time for which application threads were stopped: 0,0171336 seconds, Stopping threads took: 0,0000317 seconds
2017-07-31T16:20:15.706+0200: 16566,111: [CMS-concurrent-sweep-start]
2017-07-31T16:20:15.735+0200: 16566,139: [CMS-concurrent-sweep: 0,029/0,029 secs] [Times: user=0,03 sys=0,00, real=0,03 secs] 
2017-07-31T16:20:15.735+0200: 16566,139: [CMS-concurrent-reset-start]
2017-07-31T16:20:15.735+0200: 16566,140: [CMS-concurrent-reset: 0,001/0,001 secs] [Times: user=0,00 sys=0,00, real=0,00 secs] 
2017-07-31T16:20:17.735+0200: 16568,139: [GC (CMS Initial Mark) [1 CMS-initial-mark: 240529K(393216K)] 240978K(502464K), 0,0008878 secs] [Times: user=0,00 sys=0,00, real=0,00 secs] 
2017-07-31T16:20:17.736+0200: 16568,140: Total time for which application threads were stopped: 0,0010464 seconds, Stopping threads took: 0,0000236 seconds
2017-07-31T16:20:17.736+0200: 16568,140: [CMS-concurrent-mark-start]
2017-07-31T16:20:17.763+0200: 16568,168: [CMS-concurrent-mark: 0,028/0,028 secs] [Times: user=0,11 sys=0,00, real=0,03 secs] 
2017-07-31T16:20:17.763+0200: 16568,168: [CMS-concurrent-preclean-start]
2017-07-31T16:20:17.765+0200: 16568,169: [CMS-concurrent-preclean: 0,001/0,001 secs] [Times: user=0,00 sys=0,00, real=0,00 secs] 
2017-07-31T16:20:17.765+0200: 16568,169: [GC (CMS Final Remark) [YG occupancy: 448 K (109248 K)]{Heap before GC invocations=524 (full 421):
 par new generation   total 109248K, used 448K [0x00000000e0000000, 0x00000000e8000000, 0x00000000e8000000)
  eden space 87424K,   0% used [0x00000000e0000000, 0x00000000e006ebb0, 0x00000000e5560000)
  from space 21824K,   0% used [0x00000000e5560000, 0x00000000e5561830, 0x00000000e6ab0000)
  to   space 21824K,   0% used [0x00000000e6ab0000, 0x00000000e6ab0000, 0x00000000e8000000)
 concurrent mark-sweep generation total 393216K, used 240529K [0x00000000e8000000, 0x0000000100000000, 0x0000000100000000)
 Metaspace       used 32762K, capacity 33224K, committed 33732K, reserved 1079296K
  class space    used 3585K, capacity 3736K, committed 3836K, reserved 1048576K
2017-07-31T16:20:17.765+0200: 16568,170: [GC (CMS Final Remark) 2017-07-31T16:20:17.765+0200: 16568,170: [ParNew
Desired survivor size 20112992 bytes, new threshold 8 (max 8)
- age   1:         32 bytes,         32 total
- age   2:         32 bytes,         64 total
- age   3:        248 bytes,        312 total
- age   4:         32 bytes,        344 total
: 448K->8K(109248K), 0,0032884 secs] 240978K->240537K(502464K), 0,0033624 secs] [Times: user=0,01 sys=0,00, real=0,00 secs] 
Heap after GC invocations=525 (full 421):
 par new generation   total 109248K, used 8K [0x00000000e0000000, 0x00000000e8000000, 0x00000000e8000000)
  eden space 87424K,   0% used [0x00000000e0000000, 0x00000000e0000000, 0x00000000e5560000)
  from space 21824K,   0% used [0x00000000e6ab0000, 0x00000000e6ab2040, 0x00000000e8000000)
  to   space 21824K,   0% used [0x00000000e5560000, 0x00000000e5560000, 0x00000000e6ab0000)
 concurrent mark-sweep generation total 393216K, used 240529K [0x00000000e8000000, 0x0000000100000000, 0x0000000100000000)
 Metaspace       used 32762K, capacity 33224K, committed 33732K, reserved 1079296K
  class space    used 3585K, capacity 3736K, committed 3836K, reserved 1048576K
}
2017-07-31T16:20:17.768+0200: 16568,173: [Rescan (parallel) , 0,0005812 secs]2017-07-31T16:20:17.769+0200: 16568,174: [weak refs processing, 0,0004207 secs]2017-07-31T16:20:17.770+0200: 16568,174: [class unloading, 0,0075454 secs]2017-07-31T16:20:17.777+0200: 16568,182: [scrub symbol table, 0,0036523 secs]2017-07-31T16:20:17.781+0200: 16568,185: [scrub string table, 0,0006376 secs][1 CMS-remark: 240529K(393216K)] 240537K(502464K), 0,0165504 secs] [Times: user=0,03 sys=0,00, real=0,02 secs] 
2017-07-31T16:20:17.782+0200: 16568,186: Total time for which application threads were stopped: 0,0167244 seconds, Stopping threads took: 0,0000493 seconds
2017-07-31T16:20:17.782+0200: 16568,186: [CMS-concurrent-sweep-start]
2017-07-31T16:20:17.810+0200: 16568,215: [CMS-concurrent-sweep: 0,029/0,029 secs] [Times: user=0,03 sys=0,00, real=0,02 secs] 
2017-07-31T16:20:17.810+0200: 16568,215: [CMS-concurrent-reset-start]
2017-07-31T16:20:17.811+0200: 16568,216: [CMS-concurrent-reset: 0,001/0,001 secs] [Times: user=0,00 sys=0,00, real=0,00 secs] 
2017-07-31T16:20:19.810+0200: 16570,215: [GC (CMS Initial Mark) [1 CMS-initial-mark: 240529K(393216K)] 242515K(502464K), 0,0009729 secs] [Times: user=0,00 sys=0,00, real=0,00 secs] 
2017-07-31T16:20:19.811+0200: 16570,216: Total time for which application threads were stopped: 0,0011310 seconds, Stopping threads took: 0,0000321 seconds
2017-07-31T16:20:19.811+0200: 16570,216: [CMS-concurrent-mark-start]
2017-07-31T16:20:19.841+0200: 16570,246: [CMS-concurrent-mark: 0,030/0,030 secs] [Times: user=0,12 sys=0,00, real=0,04 secs] 
2017-07-31T16:20:19.841+0200: 16570,246: [CMS-concurrent-preclean-start]
2017-07-31T16:20:19.842+0200: 16570,247: [CMS-concurrent-preclean: 0,001/0,001 secs] [Times: user=0,00 sys=0,00, real=0,00 secs] 
2017-07-31T16:20:19.843+0200: 16570,247: [GC (CMS Final Remark) [YG occupancy: 1985 K (109248 K)]{Heap before GC invocations=525 (full 422):
 par new generation   total 109248K, used 1985K [0x00000000e0000000, 0x00000000e8000000, 0x00000000e8000000)
  eden space 87424K,   2% used [0x00000000e0000000, 0x00000000e01ee538, 0x00000000e5560000)
  from space 21824K,   0% used [0x00000000e6ab0000, 0x00000000e6ab2040, 0x00000000e8000000)
  to   space 21824K,   0% used [0x00000000e5560000, 0x00000000e5560000, 0x00000000e6ab0000)
 concurrent mark-sweep generation total 393216K, used 240529K [0x00000000e8000000, 0x0000000100000000, 0x0000000100000000)
 Metaspace       used 32762K, capacity 33224K, committed 33732K, reserved 1079296K
  class space    used 3585K, capacity 3736K, committed 3836K, reserved 1048576K
2017-07-31T16:20:19.843+0200: 16570,247: [GC (CMS Final Remark) 2017-07-31T16:20:19.843+0200: 16570,247: [ParNew
Desired survivor size 20112992 bytes, new threshold 8 (max 8)
- age   1:         96 bytes,         96 total
- age   2:         32 bytes,        128 total
- age   3:         32 bytes,        160 total
- age   4:        184 bytes,        344 total
: 1985K->6K(109248K), 0,0040846 secs] 242515K->240535K(502464K), 0,0041508 secs] [Times: user=0,00 sys=0,00, real=0,00 secs] 
Heap after GC invocations=526 (full 422):
 par new generation   total 109248K, used 6K [0x00000000e0000000, 0x00000000e8000000, 0x00000000e8000000)
  eden space 87424K,   0% used [0x00000000e0000000, 0x00000000e0000000, 0x00000000e5560000)
  from space 21824K,   0% used [0x00000000e5560000, 0x00000000e5561830, 0x00000000e6ab0000)
  to   space 21824K,   0% used [0x00000000e6ab0000, 0x00000000e6ab0000, 0x00000000e8000000)
 concurrent mark-sweep generation total 393216K, used 240529K [0x00000000e8000000, 0x0000000100000000, 0x0000000100000000)
 Metaspace       used 32762K, capacity 33224K, committed 33732K, reserved 1079296K
  class space    used 3585K, capacity 3736K, committed 3836K, reserved 1048576K
}
2017-07-31T16:20:19.847+0200: 16570,251: [Rescan (parallel) , 0,0006186 secs]2017-07-31T16:20:19.847+0200: 16570,252: [weak refs processing, 0,0004177 secs]2017-07-31T16:20:19.848+0200: 16570,252: [class unloading, 0,0075414 secs]2017-07-31T16:20:19.855+0200: 16570,260: [scrub symbol table, 0,0036063 secs]2017-07-31T16:20:19.859+0200: 16570,264: [scrub string table, 0,0006573 secs][1 CMS-remark: 240529K(393216K)] 240535K(502464K), 0,0172500 secs] [Times: user=0,02 sys=0,00, real=0,01 secs] 
2017-07-31T16:20:19.860+0200: 16570,264: Total time for which application threads were stopped: 0,0173913 seconds, Stopping threads took: 0,0000313 seconds
2017-07-31T16:20:19.860+0200: 16570,264: [CMS-concurrent-sweep-start]
2017-07-31T16:20:19.888+0200: 16570,292: [CMS-concurrent-sweep: 0,028/0,028 secs] [Times: user=0,02 sys=0,00, real=0,02 secs] 
2017-07-31T16:20:19.888+0200: 16570,292: [CMS-concurrent-reset-start]
2017-07-31T16:20:19.888+0200: 16570,293: [CMS-concurrent-reset: 0,001/0,001 secs] [Times: user=0,00 sys=0,00, real=0,00 secs] 
2017-07-31T16:20:21.888+0200: 16572,292: [GC (CMS Initial Mark) [1 CMS-initial-mark: 240529K(393216K)] 241306K(502464K), 0,0010489 secs] [Times: user=0,00 sys=0,00, real=0,00 secs] 
2017-07-31T16:20:21.889+0200: 16572,293: Total time for which application threads were stopped: 0,0012117 seconds, Stopping threads took: 0,0000266 seconds
2017-07-31T16:20:21.889+0200: 16572,293: [CMS-concurrent-mark-start]
2017-07-31T16:20:21.915+0200: 16572,319: [CMS-concurrent-mark: 0,026/0,026 secs] [Times: user=0,10 sys=0,00, real=0,03 secs] 
2017-07-31T16:20:21.915+0200: 16572,319: [CMS-concurrent-preclean-start]
2017-07-31T16:20:21.916+0200: 16572,321: [CMS-concurrent-preclean: 0,001/0,001 secs] [Times: user=0,00 sys=0,00, real=0,00 secs] 
2017-07-31T16:20:21.916+0200: 16572,321: [GC (CMS Final Remark) [YG occupancy: 776 K (109248 K)]{Heap before GC invocations=526 (full 423):
 par new generation   total 109248K, used 776K [0x00000000e0000000, 0x00000000e8000000, 0x00000000e8000000)
  eden space 87424K,   0% used [0x00000000e0000000, 0x00000000e00c0938, 0x00000000e5560000)
  from space 21824K,   0% used [0x00000000e5560000, 0x00000000e5561830, 0x00000000e6ab0000)
  to   space 21824K,   0% used [0x00000000e6ab0000, 0x00000000e6ab0000, 0x00000000e8000000)
 concurrent mark-sweep generation total 393216K, used 240529K [0x00000000e8000000, 0x0000000100000000, 0x0000000100000000)
 Metaspace       used 32762K, capacity 33224K, committed 33732K, reserved 1079296K
  class space    used 3585K, capacity 3736K, committed 3836K, reserved 1048576K
2017-07-31T16:20:21.916+0200: 16572,321: [GC (CMS Final Remark) 2017-07-31T16:20:21.916+0200: 16572,321: [ParNew
Desired survivor size 20112992 bytes, new threshold 8 (max 8)
- age   1:         64 bytes,         64 total
- age   2:         96 bytes,        160 total
- age   3:         32 bytes,        192 total
- age   5:        152 bytes,        344 total
: 776K->6K(109248K), 0,0045859 secs] 241306K->240535K(502464K), 0,0046314 secs] [Times: user=0,01 sys=0,00, real=0,01 secs] 
Heap after GC invocations=527 (full 423):
 par new generation   total 109248K, used 6K [0x00000000e0000000, 0x00000000e8000000, 0x00000000e8000000)
  eden space 87424K,   0% used [0x00000000e0000000, 0x00000000e0000000, 0x00000000e5560000)
  from space 21824K,   0% used [0x00000000e6ab0000, 0x00000000e6ab1830, 0x00000000e8000000)
  to   space 21824K,   0% used [0x00000000e5560000, 0x00000000e5560000, 0x00000000e6ab0000)
 concurrent mark-sweep generation total 393216K, used 240529K [0x00000000e8000000, 0x0000000100000000, 0x0000000100000000)
 Metaspace       used 32762K, capacity 33224K, committed 33732K, reserved 1079296K
  class space    used 3585K, capacity 3736K, committed 3836K, reserved 1048576K
}
2017-07-31T16:20:21.921+0200: 16572,325: [Rescan (parallel) , 0,0005315 secs]2017-07-31T16:20:21.922+0200: 16572,326: [weak refs processing, 0,0004856 secs]2017-07-31T16:20:21.922+0200: 16572,326: [class unloading, 0,0078219 secs]2017-07-31T16:20:21.930+0200: 16572,334: [scrub symbol table, 0,0037137 secs]2017-07-31T16:20:21.934+0200: 16572,338: [scrub string table, 0,0006800 secs][1 CMS-remark: 240529K(393216K)] 240535K(502464K), 0,0181200 secs] [Times: user=0,02 sys=0,00, real=0,02 secs] 
2017-07-31T16:20:21.934+0200: 16572,339: Total time for which application threads were stopped: 0,0182661 seconds, Stopping threads took: 0,0000313 seconds
2017-07-31T16:20:21.934+0200: 16572,339: [CMS-concurrent-sweep-start]
2017-07-31T16:20:21.964+0200: 16572,369: [CMS-concurrent-sweep: 0,030/0,030 secs] [Times: user=0,03 sys=0,00, real=0,03 secs] 
2017-07-31T16:20:21.964+0200: 16572,369: [CMS-concurrent-reset-start]
2017-07-31T16:20:21.965+0200: 16572,369: [CMS-concurrent-reset: 0,001/0,001 secs] [Times: user=0,00 sys=0,00, real=0,00 secs] 
2017-07-31T16:20:23.964+0200: 16574,369: [GC (CMS Initial Mark) [1 CMS-initial-mark: 240529K(393216K)] 242513K(502464K), 0,0010188 secs] [Times: user=0,01 sys=0,00, real=0,00 secs] 
2017-07-31T16:20:23.965+0200: 16574,370: Total time for which application threads were stopped: 0,0011852 seconds, Stopping threads took: 0,0000332 seconds
2017-07-31T16:20:23.965+0200: 16574,370: [CMS-concurrent-mark-start]
2017-07-31T16:20:23.990+0200: 16574,395: [CMS-concurrent-mark: 0,025/0,025 secs] [Times: user=0,10 sys=0,00, real=0,02 secs] 
2017-07-31T16:20:23.990+0200: 16574,395: [CMS-concurrent-preclean-start]
2017-07-31T16:20:23.991+0200: 16574,396: [CMS-concurrent-preclean: 0,001/0,001 secs] [Times: user=0,00 sys=0,00, real=0,00 secs] 
2017-07-31T16:20:23.992+0200: 16574,396: [GC (CMS Final Remark) [YG occupancy: 1983 K (109248 K)]{Heap before GC invocations=527 (full 424):
 par new generation   total 109248K, used 1983K [0x00000000e0000000, 0x00000000e8000000, 0x00000000e8000000)
  eden space 87424K,   2% used [0x00000000e0000000, 0x00000000e01ee538, 0x00000000e5560000)
  from space 21824K,   0% used [0x00000000e6ab0000, 0x00000000e6ab1830, 0x00000000e8000000)
  to   space 21824K,   0% used [0x00000000e5560000, 0x00000000e5560000, 0x00000000e6ab0000)
 concurrent mark-sweep generation total 393216K, used 240529K [0x00000000e8000000, 0x0000000100000000, 0x0000000100000000)
 Metaspace       used 32762K, capacity 33224K, committed 33732K, reserved 1079296K
  class space    used 3585K, capacity 3736K, committed 3836K, reserved 1048576K
2017-07-31T16:20:23.992+0200: 16574,396: [GC (CMS Final Remark) 2017-07-31T16:20:23.992+0200: 16574,396: [ParNew
Desired survivor size 20112992 bytes, new threshold 8 (max 8)
- age   1:         96 bytes,         96 total
- age   2:         64 bytes,        160 total
- age   3:         32 bytes,        192 total
- age   6:        152 bytes,        344 total
: 1983K->8K(109248K), 0,0042801 secs] 242513K->240537K(502464K), 0,0043542 secs] [Times: user=0,00 sys=0,01, real=0,01 secs] 
Heap after GC invocations=528 (full 424):
 par new generation   total 109248K, used 8K [0x00000000e0000000, 0x00000000e8000000, 0x00000000e8000000)
  eden space 87424K,   0% used [0x00000000e0000000, 0x00000000e0000000, 0x00000000e5560000)
  from space 21824K,   0% used [0x00000000e5560000, 0x00000000e5562040, 0x00000000e6ab0000)
  to   space 21824K,   0% used [0x00000000e6ab0000, 0x00000000e6ab0000, 0x00000000e8000000)
 concurrent mark-sweep generation total 393216K, used 240529K [0x00000000e8000000, 0x0000000100000000, 0x0000000100000000)
 Metaspace       used 32762K, capacity 33224K, committed 33732K, reserved 1079296K
  class space    used 3585K, capacity 3736K, committed 3836K, reserved 1048576K
}
2017-07-31T16:20:23.996+0200: 16574,401: [Rescan (parallel) , 0,0005553 secs]2017-07-31T16:20:23.997+0200: 16574,401: [weak refs processing, 0,0006312 secs]2017-07-31T16:20:23.997+0200: 16574,402: [class unloading, 0,0078458 secs]2017-07-31T16:20:24.005+0200: 16574,410: [scrub symbol table, 0,0038211 secs]2017-07-31T16:20:24.009+0200: 16574,414: [scrub string table, 0,0006972 secs][1 CMS-remark: 240529K(393216K)] 240537K(502464K), 0,0182321 secs] [Times: user=0,02 sys=0,01, real=0,02 secs] 
2017-07-31T16:20:24.010+0200: 16574,414: Total time for which application threads were stopped: 0,0183715 seconds, Stopping threads took: 0,0000319 seconds
2017-07-31T16:20:24.010+0200: 16574,415: [CMS-concurrent-sweep-start]
2017-07-31T16:20:24.039+0200: 16574,443: [CMS-concurrent-sweep: 0,028/0,028 secs] [Times: user=0,03 sys=0,00, real=0,03 secs] 
2017-07-31T16:20:24.039+0200: 16574,443: [CMS-concurrent-reset-start]
2017-07-31T16:20:24.039+0200: 16574,444: [CMS-concurrent-reset: 0,001/0,001 secs] [Times: user=0,00 sys=0,00, real=0,00 secs] 
2017-07-31T16:20:26.038+0200: 16576,443: [GC (CMS Initial Mark) [1 CMS-initial-mark: 240529K(393216K)] 240865K(502464K), 0,0009404 secs] [Times: user=0,00 sys=0,00, real=0,00 secs] 
2017-07-31T16:20:26.039+0200: 16576,444: Total time for which application threads were stopped: 0,0011051 seconds, Stopping threads took: 0,0000326 seconds
2017-07-31T16:20:26.040+0200: 16576,444: [CMS-concurrent-mark-start]
2017-07-31T16:20:26.066+0200: 16576,470: [CMS-concurrent-mark: 0,026/0,026 secs] [Times: user=0,10 sys=0,00, real=0,03 secs] 
2017-07-31T16:20:26.066+0200: 16576,470: [CMS-concurrent-preclean-start]
2017-07-31T16:20:26.067+0200: 16576,471: [CMS-concurrent-preclean: 0,001/0,001 secs] [Times: user=0,01 sys=0,00, real=0,00 secs] 
2017-07-31T16:20:26.067+0200: 16576,472: [GC (CMS Final Remark) [YG occupancy: 335 K (109248 K)]{Heap before GC invocations=528 (full 425):
 par new generation   total 109248K, used 335K [0x00000000e0000000, 0x00000000e8000000, 0x00000000e8000000)
  eden space 87424K,   0% used [0x00000000e0000000, 0x00000000e0051d88, 0x00000000e5560000)
  from space 21824K,   0% used [0x00000000e5560000, 0x00000000e5562040, 0x00000000e6ab0000)
  to   space 21824K,   0% used [0x00000000e6ab0000, 0x00000000e6ab0000, 0x00000000e8000000)
 concurrent mark-sweep generation total 393216K, used 240529K [0x00000000e8000000, 0x0000000100000000, 0x0000000100000000)
 Metaspace       used 32762K, capacity 33224K, committed 33732K, reserved 1079296K
  class space    used 3585K, capacity 3736K, committed 3836K, reserved 1048576K
2017-07-31T16:20:26.067+0200: 16576,472: [GC (CMS Final Remark) 2017-07-31T16:20:26.067+0200: 16576,472: [ParNew
Desired survivor size 20112992 bytes, new threshold 8 (max 8)
- age   1:         32 bytes,         32 total
- age   2:         96 bytes,        128 total
- age   3:         64 bytes,        192 total
- age   7:        152 bytes,        344 total
: 335K->6K(109248K), 0,0039423 secs] 240865K->240535K(502464K), 0,0039973 secs] [Times: user=0,01 sys=0,00, real=0,00 secs] 
Heap after GC invocations=529 (full 425):
 par new generation   total 109248K, used 6K [0x00000000e0000000, 0x00000000e8000000, 0x00000000e8000000)
  eden space 87424K,   0% used [0x00000000e0000000, 0x00000000e0000000, 0x00000000e5560000)
  from space 21824K,   0% used [0x00000000e6ab0000, 0x00000000e6ab1830, 0x00000000e8000000)
  to   space 21824K,   0% used [0x00000000e5560000, 0x00000000e5560000, 0x00000000e6ab0000)
 concurrent mark-sweep generation total 393216K, used 240529K [0x00000000e8000000, 0x0000000100000000, 0x0000000100000000)
 Metaspace       used 32762K, capacity 33224K, committed 33732K, reserved 1079296K
  class space    used 3585K, capacity 3736K, committed 3836K, reserved 1048576K
}
2017-07-31T16:20:26.071+0200: 16576,476: [Rescan (parallel) , 0,0005902 secs]2017-07-31T16:20:26.072+0200: 16576,476: [weak refs processing, 0,0005044 secs]2017-07-31T16:20:26.072+0200: 16576,477: [class unloading, 0,0080133 secs]2017-07-31T16:20:26.080+0200: 16576,485: [scrub symbol table, 0,0037307 secs]2017-07-31T16:20:26.084+0200: 16576,489: [scrub string table, 0,0006409 secs][1 CMS-remark: 240529K(393216K)] 240535K(502464K), 0,0178031 secs] [Times: user=0,02 sys=0,00, real=0,02 secs] 
2017-07-31T16:20:26.085+0200: 16576,489: Total time for which application threads were stopped: 0,0179482 seconds, Stopping threads took: 0,0000326 seconds
2017-07-31T16:20:26.085+0200: 16576,490: [CMS-concurrent-sweep-start]
2017-07-31T16:20:26.114+0200: 16576,518: [CMS-concurrent-sweep: 0,029/0,029 secs] [Times: user=0,03 sys=0,00, real=0,03 secs] 
2017-07-31T16:20:26.114+0200: 16576,518: [CMS-concurrent-reset-start]
2017-07-31T16:20:26.114+0200: 16576,519: [CMS-concurrent-reset: 0,001/0,001 secs] [Times: user=0,00 sys=0,00, real=0,00 secs] 
2017-07-31T16:20:28.114+0200: 16578,518: [GC (CMS Initial Mark) [1 CMS-initial-mark: 240529K(393216K)] 242701K(502464K), 0,0009522 secs] [Times: user=0,00 sys=0,00, real=0,00 secs] 
2017-07-31T16:20:28.115+0200: 16578,519: Total time for which application threads were stopped: 0,0011118 seconds, Stopping threads took: 0,0000240 seconds
2017-07-31T16:20:28.115+0200: 16578,519: [CMS-concurrent-mark-start]
2017-07-31T16:20:28.142+0200: 16578,546: [CMS-concurrent-mark: 0,027/0,027 secs] [Times: user=0,11 sys=0,00, real=0,03 secs] 
2017-07-31T16:20:28.142+0200: 16578,546: [CMS-concurrent-preclean-start]
2017-07-31T16:20:28.143+0200: 16578,548: [CMS-concurrent-preclean: 0,001/0,001 secs] [Times: user=0,00 sys=0,00, real=0,00 secs] 
2017-07-31T16:20:28.143+0200: 16578,548: [CMS-concurrent-abortable-preclean-start]
 CMS: abort preclean due to time 2017-07-31T16:20:34.230+0200: 16584,634: [CMS-concurrent-abortable-preclean: 0,082/6,087 secs] [Times: user=0,09 sys=0,00, real=6,08 secs] 
2017-07-31T16:20:34.230+0200: 16584,635: [GC (CMS Final Remark) [YG occupancy: 2753 K (109248 K)]{Heap before GC invocations=529 (full 426):
 par new generation   total 109248K, used 2753K [0x00000000e0000000, 0x00000000e8000000, 0x00000000e8000000)
  eden space 87424K,   3% used [0x00000000e0000000, 0x00000000e02aee70, 0x00000000e5560000)
  from space 21824K,   0% used [0x00000000e6ab0000, 0x00000000e6ab1830, 0x00000000e8000000)
  to   space 21824K,   0% used [0x00000000e5560000, 0x00000000e5560000, 0x00000000e6ab0000)
 concurrent mark-sweep generation total 393216K, used 240529K [0x00000000e8000000, 0x0000000100000000, 0x0000000100000000)
 Metaspace       used 32762K, capacity 33224K, committed 33732K, reserved 1079296K
  class space    used 3585K, capacity 3736K, committed 3836K, reserved 1048576K
2017-07-31T16:20:34.230+0200: 16584,635: [GC (CMS Final Remark) 2017-07-31T16:20:34.230+0200: 16584,635: [ParNew
Desired survivor size 20112992 bytes, new threshold 8 (max 8)
- age   1:        192 bytes,        192 total
- age   8:        152 bytes,        344 total
: 2753K->4K(109248K), 0,0043115 secs] 243283K->240533K(502464K), 0,0043697 secs] [Times: user=0,01 sys=0,00, real=0,01 secs] 
Heap after GC invocations=530 (full 426):
 par new generation   total 109248K, used 4K [0x00000000e0000000, 0x00000000e8000000, 0x00000000e8000000)
  eden space 87424K,   0% used [0x00000000e0000000, 0x00000000e0000000, 0x00000000e5560000)
  from space 21824K,   0% used [0x00000000e5560000, 0x00000000e5561020, 0x00000000e6ab0000)
  to   space 21824K,   0% used [0x00000000e6ab0000, 0x00000000e6ab0000, 0x00000000e8000000)
 concurrent mark-sweep generation total 393216K, used 240529K [0x00000000e8000000, 0x0000000100000000, 0x0000000100000000)
 Metaspace       used 32762K, capacity 33224K, committed 33732K, reserved 1079296K
  class space    used 3585K, capacity 3736K, committed 3836K, reserved 1048576K
}
2017-07-31T16:20:34.235+0200: 16584,639: [Rescan (parallel) , 0,0006801 secs]2017-07-31T16:20:34.235+0200: 16584,640: [weak refs processing, 0,0005171 secs]2017-07-31T16:20:34.236+0200: 16584,640: [class unloading, 0,0085538 secs]2017-07-31T16:20:34.244+0200: 16584,649: [scrub symbol table, 0,0039694 secs]2017-07-31T16:20:34.248+0200: 16584,653: [scrub string table, 0,0007346 secs][1 CMS-remark: 240529K(393216K)] 240533K(502464K), 0,0191836 secs] [Times: user=0,03 sys=0,00, real=0,02 secs] 
2017-07-31T16:20:34.249+0200: 16584,654: Total time for which application threads were stopped: 0,0193420 seconds, Stopping threads took: 0,0000333 seconds
2017-07-31T16:20:34.250+0200: 16584,654: [CMS-concurrent-sweep-start]
2017-07-31T16:20:34.281+0200: 16584,686: [CMS-concurrent-sweep: 0,032/0,032 secs] [Times: user=0,03 sys=0,00, real=0,04 secs] 
2017-07-31T16:20:34.281+0200: 16584,686: [CMS-concurrent-reset-start]
2017-07-31T16:20:34.282+0200: 16584,687: [CMS-concurrent-reset: 0,001/0,001 secs] [Times: user=0,00 sys=0,00, real=0,00 secs] 
2017-07-31T16:20:36.281+0200: 16586,686: [GC (CMS Initial Mark) [1 CMS-initial-mark: 240529K(393216K)] 241304K(502464K), 0,0007824 secs] [Times: user=0,00 sys=0,00, real=0,00 secs] 
2017-07-31T16:20:36.282+0200: 16586,687: Total time for which application threads were stopped: 0,0009521 seconds, Stopping threads took: 0,0000227 seconds
2017-07-31T16:20:36.282+0200: 16586,687: [CMS-concurrent-mark-start]
2017-07-31T16:20:36.307+0200: 16586,712: [CMS-concurrent-mark: 0,025/0,025 secs] [Times: user=0,10 sys=0,00, real=0,02 secs] 
2017-07-31T16:20:36.307+0200: 16586,712: [CMS-concurrent-preclean-start]
2017-07-31T16:20:36.309+0200: 16586,713: [CMS-concurrent-preclean: 0,001/0,001 secs] [Times: user=0,00 sys=0,00, real=0,00 secs] 
2017-07-31T16:20:36.309+0200: 16586,713: [GC (CMS Final Remark) [YG occupancy: 774 K (109248 K)]{Heap before GC invocations=530 (full 427):
 par new generation   total 109248K, used 774K [0x00000000e0000000, 0x00000000e8000000, 0x00000000e8000000)
  eden space 87424K,   0% used [0x00000000e0000000, 0x00000000e00c0938, 0x00000000e5560000)
  from space 21824K,   0% used [0x00000000e5560000, 0x00000000e5561020, 0x00000000e6ab0000)
  to   space 21824K,   0% used [0x00000000e6ab0000, 0x00000000e6ab0000, 0x00000000e8000000)
 concurrent mark-sweep generation total 393216K, used 240529K [0x00000000e8000000, 0x0000000100000000, 0x0000000100000000)
 Metaspace       used 32762K, capacity 33224K, committed 33732K, reserved 1079296K
  class space    used 3585K, capacity 3736K, committed 3836K, reserved 1048576K
2017-07-31T16:20:36.309+0200: 16586,713: [GC (CMS Final Remark) 2017-07-31T16:20:36.309+0200: 16586,713: [ParNew
Desired survivor size 20112992 bytes, new threshold 8 (max 8)
- age   1:         64 bytes,         64 total
- age   2:        128 bytes,        192 total
: 774K->6K(109248K), 0,0019721 secs] 241304K->240535K(502464K), 0,0020079 secs] [Times: user=0,01 sys=0,00, real=0,00 secs] 
Heap after GC invocations=531 (full 427):
 par new generation   total 109248K, used 6K [0x00000000e0000000, 0x00000000e8000000, 0x00000000e8000000)
  eden space 87424K,   0% used [0x00000000e0000000, 0x00000000e0000000, 0x00000000e5560000)
  from space 21824K,   0% used [0x00000000e6ab0000, 0x00000000e6ab1830, 0x00000000e8000000)
  to   space 21824K,   0% used [0x00000000e5560000, 0x00000000e5560000, 0x00000000e6ab0000)
 concurrent mark-sweep generation total 393216K, used 240529K [0x00000000e8000000, 0x0000000100000000, 0x0000000100000000)
 Metaspace       used 32762K, capacity 33224K, committed 33732K, reserved 1079296K
  class space    used 3585K, capacity 3736K, committed 3836K, reserved 1048576K
}
2017-07-31T16:20:36.311+0200: 16586,715: [Rescan (parallel) , 0,0005181 secs]2017-07-31T16:20:36.311+0200: 16586,716: [weak refs processing, 0,0004109 secs]2017-07-31T16:20:36.312+0200: 16586,716: [class unloading, 0,0070121 secs]2017-07-31T16:20:36.319+0200: 16586,723: [scrub symbol table, 0,0046429 secs]2017-07-31T16:20:36.324+0200: 16586,728: [scrub string table, 0,0009613 secs][1 CMS-remark: 240529K(393216K)] 240535K(502464K), 0,0158070 secs] [Times: user=0,02 sys=0,00, real=0,02 secs] 
2017-07-31T16:20:36.325+0200: 16586,729: Total time for which application threads were stopped: 0,0160254 seconds, Stopping threads took: 0,0000193 seconds
2017-07-31T16:20:36.325+0200: 16586,729: [CMS-concurrent-sweep-start]
2017-07-31T16:20:36.351+0200: 16586,756: [CMS-concurrent-sweep: 0,026/0,026 secs] [Times: user=0,03 sys=0,00, real=0,02 secs] 
2017-07-31T16:20:36.351+0200: 16586,756: [CMS-concurrent-reset-start]
2017-07-31T16:20:36.352+0200: 16586,756: [CMS-concurrent-reset: 0,001/0,001 secs] [Times: user=0,00 sys=0,00, real=0,00 secs] 
2017-07-31T16:20:38.351+0200: 16588,756: [GC (CMS Initial Mark) [1 CMS-initial-mark: 240529K(393216K)] 242259K(502464K), 0,0007554 secs] [Times: user=0,01 sys=0,00, real=0,00 secs] 
2017-07-31T16:20:38.352+0200: 16588,756: Total time for which application threads were stopped: 0,0009158 seconds, Stopping threads took: 0,0000406 seconds
2017-07-31T16:20:38.352+0200: 16588,756: [CMS-concurrent-mark-start]
2017-07-31T16:20:38.383+0200: 16588,787: [CMS-concurrent-mark: 0,031/0,031 secs] [Times: user=0,11 sys=0,00, real=0,03 secs] 
2017-07-31T16:20:38.383+0200: 16588,787: [CMS-concurrent-preclean-start]
2017-07-31T16:20:38.384+0200: 16588,788: [CMS-concurrent-preclean: 0,001/0,001 secs] [Times: user=0,00 sys=0,00, real=0,00 secs] 
2017-07-31T16:20:38.384+0200: 16588,788: [GC (CMS Final Remark) [YG occupancy: 1729 K (109248 K)]{Heap before GC invocations=531 (full 428):
 par new generation   total 109248K, used 1729K [0x00000000e0000000, 0x00000000e8000000, 0x00000000e8000000)
  eden space 87424K,   1% used [0x00000000e0000000, 0x00000000e01aecd8, 0x00000000e5560000)
  from space 21824K,   0% used [0x00000000e6ab0000, 0x00000000e6ab1830, 0x00000000e8000000)
  to   space 21824K,   0% used [0x00000000e5560000, 0x00000000e5560000, 0x00000000e6ab0000)
 concurrent mark-sweep generation total 393216K, used 240529K [0x00000000e8000000, 0x0000000100000000, 0x0000000100000000)
 Metaspace       used 32762K, capacity 33224K, committed 33732K, reserved 1079296K
  class space    used 3585K, capacity 3736K, committed 3836K, reserved 1048576K
2017-07-31T16:20:38.384+0200: 16588,788: [GC (CMS Final Remark) 2017-07-31T16:20:38.384+0200: 16588,788: [ParNew
Desired survivor size 20112992 bytes, new threshold 8 (max 8)
- age   1:         64 bytes,         64 total
- age   2:         64 bytes,        128 total
- age   3:         64 bytes,        192 total
: 1729K->6K(109248K), 0,0025825 secs] 242259K->240535K(502464K), 0,0026339 secs] [Times: user=0,01 sys=0,00, real=0,00 secs] 
Heap after GC invocations=532 (full 428):
 par new generation   total 109248K, used 6K [0x00000000e0000000, 0x00000000e8000000, 0x00000000e8000000)
  eden space 87424K,   0% used [0x00000000e0000000, 0x00000000e0000000, 0x00000000e5560000)
  from space 21824K,   0% used [0x00000000e5560000, 0x00000000e5561830, 0x00000000e6ab0000)
  to   space 21824K,   0% used [0x00000000e6ab0000, 0x00000000e6ab0000, 0x00000000e8000000)
 concurrent mark-sweep generation total 393216K, used 240529K [0x00000000e8000000, 0x0000000100000000, 0x0000000100000000)
 Metaspace       used 32762K, capacity 33224K, committed 33732K, reserved 1079296K
  class space    used 3585K, capacity 3736K, committed 3836K, reserved 1048576K
}
2017-07-31T16:20:38.387+0200: 16588,791: [Rescan (parallel) , 0,0004898 secs]2017-07-31T16:20:38.387+0200: 16588,792: [weak refs processing, 0,0003631 secs]2017-07-31T16:20:38.388+0200: 16588,792: [class unloading, 0,0066883 secs]2017-07-31T16:20:38.394+0200: 16588,799: [scrub symbol table, 0,0030992 secs]2017-07-31T16:20:38.397+0200: 16588,802: [scrub string table, 0,0005634 secs][1 CMS-remark: 240529K(393216K)] 240535K(502464K), 0,0141184 secs] [Times: user=0,02 sys=0,00, real=0,01 secs] 
2017-07-31T16:20:38.398+0200: 16588,803: Total time for which application threads were stopped: 0,0142533 seconds, Stopping threads took: 0,0000265 seconds
2017-07-31T16:20:38.398+0200: 16588,803: [CMS-concurrent-sweep-start]
2017-07-31T16:20:38.423+0200: 16588,828: [CMS-concurrent-sweep: 0,025/0,025 secs] [Times: user=0,03 sys=0,00, real=0,03 secs] 
2017-07-31T16:20:38.423+0200: 16588,828: [CMS-concurrent-reset-start]
2017-07-31T16:20:38.424+0200: 16588,828: [CMS-concurrent-reset: 0,000/0,000 secs] [Times: user=0,00 sys=0,00, real=0,00 secs] 
2017-07-31T16:20:40.423+0200: 16590,827: [GC (CMS Initial Mark) [1 CMS-initial-mark: 240529K(393216K)] 240790K(502464K), 0,0010233 secs] [Times: user=0,00 sys=0,00, real=0,00 secs] 
2017-07-31T16:20:40.424+0200: 16590,829: Total time for which application threads were stopped: 0,0011752 seconds, Stopping threads took: 0,0000242 seconds
2017-07-31T16:20:40.424+0200: 16590,829: [CMS-concurrent-mark-start]
2017-07-31T16:20:40.450+0200: 16590,854: [CMS-concurrent-mark: 0,026/0,026 secs] [Times: user=0,10 sys=0,00, real=0,02 secs] 
2017-07-31T16:20:40.450+0200: 16590,854: [CMS-concurrent-preclean-start]
2017-07-31T16:20:40.451+0200: 16590,856: [CMS-concurrent-preclean: 0,001/0,001 secs] [Times: user=0,01 sys=0,00, real=0,00 secs] 
2017-07-31T16:20:40.452+0200: 16590,856: [GC (CMS Final Remark) [YG occupancy: 260 K (109248 K)]{Heap before GC invocations=532 (full 429):
 par new generation   total 109248K, used 260K [0x00000000e0000000, 0x00000000e8000000, 0x00000000e8000000)
  eden space 87424K,   0% used [0x00000000e0000000, 0x00000000e003f860, 0x00000000e5560000)
  from space 21824K,   0% used [0x00000000e5560000, 0x00000000e5561830, 0x00000000e6ab0000)
  to   space 21824K,   0% used [0x00000000e6ab0000, 0x00000000e6ab0000, 0x00000000e8000000)
 concurrent mark-sweep generation total 393216K, used 240529K [0x00000000e8000000, 0x0000000100000000, 0x0000000100000000)
 Metaspace       used 32762K, capacity 33224K, committed 33732K, reserved 1079296K
  class space    used 3585K, capacity 3736K, committed 3836K, reserved 1048576K
2017-07-31T16:20:40.452+0200: 16590,856: [GC (CMS Final Remark) 2017-07-31T16:20:40.452+0200: 16590,856: [ParNew
Desired survivor size 20112992 bytes, new threshold 8 (max 8)
- age   1:         32 bytes,         32 total
- age   2:         64 bytes,         96 total
- age   3:         64 bytes,        160 total
- age   4:         32 bytes,        192 total
: 260K->4K(109248K), 0,0037619 secs] 240790K->240533K(502464K), 0,0038124 secs] [Times: user=0,01 sys=0,00, real=0,01 secs] 
Heap after GC invocations=533 (full 429):
 par new generation   total 109248K, used 4K [0x00000000e0000000, 0x00000000e8000000, 0x00000000e8000000)
  eden space 87424K,   0% used [0x00000000e0000000, 0x00000000e0000000, 0x00000000e5560000)
  from space 21824K,   0% used [0x00000000e6ab0000, 0x00000000e6ab1020, 0x00000000e8000000)
  to   space 21824K,   0% used [0x00000000e5560000, 0x00000000e5560000, 0x00000000e6ab0000)
 concurrent mark-sweep generation total 393216K, used 240529K [0x00000000e8000000, 0x0000000100000000, 0x0000000100000000)
 Metaspace       used 32762K, capacity 33224K, committed 33732K, reserved 1079296K
  class space    used 3585K, capacity 3736K, committed 3836K, reserved 1048576K
}
2017-07-31T16:20:40.455+0200: 16590,860: [Rescan (parallel) , 0,0005819 secs]2017-07-31T16:20:40.456+0200: 16590,861: [weak refs processing, 0,0005536 secs]2017-07-31T16:20:40.457+0200: 16590,861: [class unloading, 0,0075924 secs]2017-07-31T16:20:40.464+0200: 16590,869: [scrub symbol table, 0,0035559 secs]2017-07-31T16:20:40.468+0200: 16590,872: [scrub string table, 0,0006670 secs][1 CMS-remark: 240529K(393216K)] 240533K(502464K), 0,0170518 secs] [Times: user=0,02 sys=0,00, real=0,02 secs] 
2017-07-31T16:20:40.469+0200: 16590,873: Total time for which application threads were stopped: 0,0171877 seconds, Stopping threads took: 0,0000226 seconds
2017-07-31T16:20:40.469+0200: 16590,873: [CMS-concurrent-sweep-start]
2017-07-31T16:20:40.497+0200: 16590,902: [CMS-concurrent-sweep: 0,029/0,029 secs] [Times: user=0,03 sys=0,00, real=0,03 secs] 
2017-07-31T16:20:40.498+0200: 16590,902: [CMS-concurrent-reset-start]
2017-07-31T16:20:40.498+0200: 16590,903: [CMS-concurrent-reset: 0,001/0,001 secs] [Times: user=0,00 sys=0,00, real=0,00 secs] 
2017-07-31T16:20:42.497+0200: 16592,902: [GC (CMS Initial Mark) [1 CMS-initial-mark: 240529K(393216K)] 241304K(502464K), 0,0009485 secs] [Times: user=0,00 sys=0,00, real=0,00 secs] 
2017-07-31T16:20:42.498+0200: 16592,903: Total time for which application threads were stopped: 0,0011118 seconds, Stopping threads took: 0,0000253 seconds
2017-07-31T16:20:42.498+0200: 16592,903: [CMS-concurrent-mark-start]
2017-07-31T16:20:42.522+0200: 16592,927: [CMS-concurrent-mark: 0,024/0,024 secs] [Times: user=0,10 sys=0,00, real=0,03 secs] 
2017-07-31T16:20:42.522+0200: 16592,927: [CMS-concurrent-preclean-start]
2017-07-31T16:20:42.524+0200: 16592,928: [CMS-concurrent-preclean: 0,001/0,001 secs] [Times: user=0,00 sys=0,00, real=0,00 secs] 
2017-07-31T16:20:42.524+0200: 16592,928: [GC (CMS Final Remark) [YG occupancy: 774 K (109248 K)]{Heap before GC invocations=533 (full 430):
 par new generation   total 109248K, used 774K [0x00000000e0000000, 0x00000000e8000000, 0x00000000e8000000)
  eden space 87424K,   0% used [0x00000000e0000000, 0x00000000e00c0938, 0x00000000e5560000)
  from space 21824K,   0% used [0x00000000e6ab0000, 0x00000000e6ab1020, 0x00000000e8000000)
  to   space 21824K,   0% used [0x00000000e5560000, 0x00000000e5560000, 0x00000000e6ab0000)
 concurrent mark-sweep generation total 393216K, used 240529K [0x00000000e8000000, 0x0000000100000000, 0x0000000100000000)
 Metaspace       used 32762K, capacity 33224K, committed 33732K, reserved 1079296K
  class space    used 3585K, capacity 3736K, committed 3836K, reserved 1048576K
2017-07-31T16:20:42.524+0200: 16592,928: [GC (CMS Final Remark) 2017-07-31T16:20:42.524+0200: 16592,928: [ParNew
Desired survivor size 20112992 bytes, new threshold 8 (max 8)
- age   1:         64 bytes,         64 total
- age   2:         32 bytes,         96 total
- age   3:         64 bytes,        160 total
- age   4:         32 bytes,        192 total
: 774K->6K(109248K), 0,0030231 secs] 241304K->240535K(502464K), 0,0030633 secs] [Times: user=0,01 sys=0,00, real=0,00 secs] 
Heap after GC invocations=534 (full 430):
 par new generation   total 109248K, used 6K [0x00000000e0000000, 0x00000000e8000000, 0x00000000e8000000)
  eden space 87424K,   0% used [0x00000000e0000000, 0x00000000e0000000, 0x00000000e5560000)
  from space 21824K,   0% used [0x00000000e5560000, 0x00000000e5561830, 0x00000000e6ab0000)
  to   space 21824K,   0% used [0x00000000e6ab0000, 0x00000000e6ab0000, 0x00000000e8000000)
 concurrent mark-sweep generation total 393216K, used 240529K [0x00000000e8000000, 0x0000000100000000, 0x0000000100000000)
 Metaspace       used 32762K, capacity 33224K, committed 33732K, reserved 1079296K
  class space    used 3585K, capacity 3736K, committed 3836K, reserved 1048576K
}
2017-07-31T16:20:42.527+0200: 16592,931: [Rescan (parallel) , 0,0004678 secs]2017-07-31T16:20:42.527+0200: 16592,932: [weak refs processing, 0,0003632 secs]2017-07-31T16:20:42.528+0200: 16592,932: [class unloading, 0,0068284 secs]2017-07-31T16:20:42.535+0200: 16592,939: [scrub symbol table, 0,0032536 secs]2017-07-31T16:20:42.538+0200: 16592,942: [scrub string table, 0,0005945 secs][1 CMS-remark: 240529K(393216K)] 240535K(502464K), 0,0148335 secs] [Times: user=0,02 sys=0,00, real=0,01 secs] 
2017-07-31T16:20:42.539+0200: 16592,943: Total time for which application threads were stopped: 0,0149537 seconds, Stopping threads took: 0,0000202 seconds
2017-07-31T16:20:42.539+0200: 16592,943: [CMS-concurrent-sweep-start]
2017-07-31T16:20:42.566+0200: 16592,970: [CMS-concurrent-sweep: 0,027/0,027 secs] [Times: user=0,03 sys=0,00, real=0,03 secs] 
2017-07-31T16:20:42.566+0200: 16592,970: [CMS-concurrent-reset-start]
2017-07-31T16:20:42.566+0200: 16592,971: [CMS-concurrent-reset: 0,001/0,001 secs] [Times: user=0,00 sys=0,00, real=0,00 secs] 
2017-07-31T16:20:44.565+0200: 16594,970: [GC (CMS Initial Mark) [1 CMS-initial-mark: 240529K(393216K)] 242565K(502464K), 0,0009612 secs] [Times: user=0,00 sys=0,01, real=0,00 secs] 
2017-07-31T16:20:44.566+0200: 16594,971: Total time for which application threads were stopped: 0,0011272 seconds, Stopping threads took: 0,0000328 seconds
2017-07-31T16:20:44.567+0200: 16594,971: [CMS-concurrent-mark-start]
2017-07-31T16:20:44.599+0200: 16595,004: [CMS-concurrent-mark: 0,033/0,033 secs] [Times: user=0,13 sys=0,00, real=0,03 secs] 
2017-07-31T16:20:44.599+0200: 16595,004: [CMS-concurrent-preclean-start]
2017-07-31T16:20:44.601+0200: 16595,005: [CMS-concurrent-preclean: 0,001/0,001 secs] [Times: user=0,00 sys=0,00, real=0,01 secs] 
2017-07-31T16:20:44.601+0200: 16595,005: [GC (CMS Final Remark) [YG occupancy: 2035 K (109248 K)]{Heap before GC invocations=534 (full 431):
 par new generation   total 109248K, used 2035K [0x00000000e0000000, 0x00000000e8000000, 0x00000000e8000000)
  eden space 87424K,   2% used [0x00000000e0000000, 0x00000000e01fb548, 0x00000000e5560000)
  from space 21824K,   0% used [0x00000000e5560000, 0x00000000e5561830, 0x00000000e6ab0000)
  to   space 21824K,   0% used [0x00000000e6ab0000, 0x00000000e6ab0000, 0x00000000e8000000)
 concurrent mark-sweep generation total 393216K, used 240529K [0x00000000e8000000, 0x0000000100000000, 0x0000000100000000)
 Metaspace       used 32762K, capacity 33224K, committed 33732K, reserved 1079296K
  class space    used 3585K, capacity 3736K, committed 3836K, reserved 1048576K
2017-07-31T16:20:44.601+0200: 16595,005: [GC (CMS Final Remark) 2017-07-31T16:20:44.601+0200: 16595,005: [ParNew
Desired survivor size 20112992 bytes, new threshold 8 (max 8)
- age   1:        248 bytes,        248 total
- age   2:         64 bytes,        312 total
- age   3:         32 bytes,        344 total
: 2035K->6K(109248K), 0,0045454 secs] 242565K->240535K(502464K), 0,0046026 secs] [Times: user=0,01 sys=0,00, real=0,00 secs] 
Heap after GC invocations=535 (full 431):
 par new generation   total 109248K, used 6K [0x00000000e0000000, 0x00000000e8000000, 0x00000000e8000000)
  eden space 87424K,   0% used [0x00000000e0000000, 0x00000000e0000000, 0x00000000e5560000)
  from space 21824K,   0% used [0x00000000e6ab0000, 0x00000000e6ab1830, 0x00000000e8000000)
  to   space 21824K,   0% used [0x00000000e5560000, 0x00000000e5560000, 0x00000000e6ab0000)
 concurrent mark-sweep generation total 393216K, used 240529K [0x00000000e8000000, 0x0000000100000000, 0x0000000100000000)
 Metaspace       used 32762K, capacity 33224K, committed 33732K, reserved 1079296K
  class space    used 3585K, capacity 3736K, committed 3836K, reserved 1048576K
}
2017-07-31T16:20:44.605+0200: 16595,010: [Rescan (parallel) , 0,0005536 secs]2017-07-31T16:20:44.606+0200: 16595,010: [weak refs processing, 0,0006625 secs]2017-07-31T16:20:44.607+0200: 16595,011: [class unloading, 0,0075323 secs]2017-07-31T16:20:44.614+0200: 16595,019: [scrub symbol table, 0,0034261 secs]2017-07-31T16:20:44.618+0200: 16595,022: [scrub string table, 0,0006115 secs][1 CMS-remark: 240529K(393216K)] 240535K(502464K), 0,0177334 secs] [Times: user=0,02 sys=0,00, real=0,01 secs] 
2017-07-31T16:20:44.619+0200: 16595,023: Total time for which application threads were stopped: 0,0178710 seconds, Stopping threads took: 0,0000309 seconds
2017-07-31T16:20:44.619+0200: 16595,023: [CMS-concurrent-sweep-start]
2017-07-31T16:20:44.646+0200: 16595,051: [CMS-concurrent-sweep: 0,028/0,028 secs] [Times: user=0,03 sys=0,00, real=0,03 secs] 
2017-07-31T16:20:44.646+0200: 16595,051: [CMS-concurrent-reset-start]
2017-07-31T16:20:44.647+0200: 16595,051: [CMS-concurrent-reset: 0,001/0,001 secs] [Times: user=0,00 sys=0,00, real=0,00 secs] 
2017-07-31T16:20:46.646+0200: 16597,051: [GC (CMS Initial Mark) [1 CMS-initial-mark: 240529K(393216K)] 241306K(502464K), 0,0009619 secs] [Times: user=0,01 sys=0,00, real=0,00 secs] 
2017-07-31T16:20:46.647+0200: 16597,052: Total time for which application threads were stopped: 0,0011267 seconds, Stopping threads took: 0,0000248 seconds
2017-07-31T16:20:46.647+0200: 16597,052: [CMS-concurrent-mark-start]
2017-07-31T16:20:46.676+0200: 16597,080: [CMS-concurrent-mark: 0,029/0,029 secs] [Times: user=0,11 sys=0,00, real=0,03 secs] 
2017-07-31T16:20:46.676+0200: 16597,080: [CMS-concurrent-preclean-start]
2017-07-31T16:20:46.677+0200: 16597,082: [CMS-concurrent-preclean: 0,001/0,001 secs] [Times: user=0,00 sys=0,00, real=0,00 secs] 
2017-07-31T16:20:46.678+0200: 16597,082: [GC (CMS Final Remark) [YG occupancy: 776 K (109248 K)]{Heap before GC invocations=535 (full 432):
 par new generation   total 109248K, used 776K [0x00000000e0000000, 0x00000000e8000000, 0x00000000e8000000)
  eden space 87424K,   0% used [0x00000000e0000000, 0x00000000e00c0938, 0x00000000e5560000)
  from space 21824K,   0% used [0x00000000e6ab0000, 0x00000000e6ab1830, 0x00000000e8000000)
  to   space 21824K,   0% used [0x00000000e5560000, 0x00000000e5560000, 0x00000000e6ab0000)
 concurrent mark-sweep generation total 393216K, used 240529K [0x00000000e8000000, 0x0000000100000000, 0x0000000100000000)
 Metaspace       used 32762K, capacity 33224K, committed 33732K, reserved 1079296K
  class space    used 3585K, capacity 3736K, committed 3836K, reserved 1048576K
2017-07-31T16:20:46.678+0200: 16597,082: [GC (CMS Final Remark) 2017-07-31T16:20:46.678+0200: 16597,082: [ParNew
Desired survivor size 20112992 bytes, new threshold 8 (max 8)
- age   1:         64 bytes,         64 total
- age   2:        248 bytes,        312 total
- age   3:         32 bytes,        344 total
: 776K->8K(109248K), 0,0043026 secs] 241306K->240537K(502464K), 0,0043485 secs] [Times: user=0,01 sys=0,00, real=0,01 secs] 
Heap after GC invocations=536 (full 432):
 par new generation   total 109248K, used 8K [0x00000000e0000000, 0x00000000e8000000, 0x00000000e8000000)
  eden space 87424K,   0% used [0x00000000e0000000, 0x00000000e0000000, 0x00000000e5560000)
  from space 21824K,   0% used [0x00000000e5560000, 0x00000000e5562040, 0x00000000e6ab0000)
  to   space 21824K,   0% used [0x00000000e6ab0000, 0x00000000e6ab0000, 0x00000000e8000000)
 concurrent mark-sweep generation total 393216K, used 240529K [0x00000000e8000000, 0x0000000100000000, 0x0000000100000000)
 Metaspace       used 32762K, capacity 33224K, committed 33732K, reserved 1079296K
  class space    used 3585K, capacity 3736K, committed 3836K, reserved 1048576K
}
2017-07-31T16:20:46.682+0200: 16597,087: [Rescan (parallel) , 0,0005459 secs]2017-07-31T16:20:46.683+0200: 16597,087: [weak refs processing, 0,0004386 secs]2017-07-31T16:20:46.683+0200: 16597,088: [class unloading, 0,0077521 secs]2017-07-31T16:20:46.691+0200: 16597,095: [scrub symbol table, 0,0036144 secs]2017-07-31T16:20:46.695+0200: 16597,099: [scrub string table, 0,0006573 secs][1 CMS-remark: 240529K(393216K)] 240537K(502464K), 0,0178832 secs] [Times: user=0,02 sys=0,00, real=0,02 secs] 
2017-07-31T16:20:46.696+0200: 16597,100: Total time for which application threads were stopped: 0,0180132 seconds, Stopping threads took: 0,0000293 seconds
2017-07-31T16:20:46.696+0200: 16597,100: [CMS-concurrent-sweep-start]
2017-07-31T16:20:46.723+0200: 16597,127: [CMS-concurrent-sweep: 0,027/0,027 secs] [Times: user=0,03 sys=0,00, real=0,03 secs] 
2017-07-31T16:20:46.723+0200: 16597,127: [CMS-concurrent-reset-start]
2017-07-31T16:20:46.723+0200: 16597,128: [CMS-concurrent-reset: 0,001/0,001 secs] [Times: user=0,00 sys=0,00, real=0,00 secs] 
2017-07-31T16:20:48.723+0200: 16599,127: [GC (CMS Initial Mark) [1 CMS-initial-mark: 240529K(393216K)] 242515K(502464K), 0,0010175 secs] [Times: user=0,00 sys=0,00, real=0,00 secs] 
2017-07-31T16:20:48.724+0200: 16599,128: Total time for which application threads were stopped: 0,0011784 seconds, Stopping threads took: 0,0000255 seconds
2017-07-31T16:20:48.724+0200: 16599,128: [CMS-concurrent-mark-start]
2017-07-31T16:20:48.751+0200: 16599,156: [CMS-concurrent-mark: 0,027/0,027 secs] [Times: user=0,11 sys=0,00, real=0,02 secs] 
2017-07-31T16:20:48.751+0200: 16599,156: [CMS-concurrent-preclean-start]
2017-07-31T16:20:48.753+0200: 16599,157: [CMS-concurrent-preclean: 0,001/0,001 secs] [Times: user=0,00 sys=0,00, real=0,01 secs] 
2017-07-31T16:20:48.753+0200: 16599,157: [GC (CMS Final Remark) [YG occupancy: 1985 K (109248 K)]{Heap before GC invocations=536 (full 433):
 par new generation   total 109248K, used 1985K [0x00000000e0000000, 0x00000000e8000000, 0x00000000e8000000)
  eden space 87424K,   2% used [0x00000000e0000000, 0x00000000e01ee538, 0x00000000e5560000)
  from space 21824K,   0% used [0x00000000e5560000, 0x00000000e5562040, 0x00000000e6ab0000)
  to   space 21824K,   0% used [0x00000000e6ab0000, 0x00000000e6ab0000, 0x00000000e8000000)
 concurrent mark-sweep generation total 393216K, used 240529K [0x00000000e8000000, 0x0000000100000000, 0x0000000100000000)
 Metaspace       used 32762K, capacity 33224K, committed 33732K, reserved 1079296K
  class space    used 3585K, capacity 3736K, committed 3836K, reserved 1048576K
2017-07-31T16:20:48.753+0200: 16599,157: [GC (CMS Final Remark) 2017-07-31T16:20:48.753+0200: 16599,158: [ParNew
Desired survivor size 20112992 bytes, new threshold 8 (max 8)
- age   1:         96 bytes,         96 total
- age   2:         64 bytes,        160 total
- age   3:        184 bytes,        344 total
: 1985K->6K(109248K), 0,0040712 secs] 242515K->240535K(502464K), 0,0041260 secs] [Times: user=0,01 sys=0,00, real=0,00 secs] 
Heap after GC invocations=537 (full 433):
 par new generation   total 109248K, used 6K [0x00000000e0000000, 0x00000000e8000000, 0x00000000e8000000)
  eden space 87424K,   0% used [0x00000000e0000000, 0x00000000e0000000, 0x00000000e5560000)
  from space 21824K,   0% used [0x00000000e6ab0000, 0x00000000e6ab1830, 0x00000000e8000000)
  to   space 21824K,   0% used [0x00000000e5560000, 0x00000000e5560000, 0x00000000e6ab0000)
 concurrent mark-sweep generation total 393216K, used 240529K [0x00000000e8000000, 0x0000000100000000, 0x0000000100000000)
 Metaspace       used 32762K, capacity 33224K, committed 33732K, reserved 1079296K
  class space    used 3585K, capacity 3736K, committed 3836K, reserved 1048576K
}
2017-07-31T16:20:48.757+0200: 16599,162: [Rescan (parallel) , 0,0005256 secs]2017-07-31T16:20:48.758+0200: 16599,162: [weak refs processing, 0,0004202 secs]2017-07-31T16:20:48.758+0200: 16599,163: [class unloading, 0,0075880 secs]2017-07-31T16:20:48.766+0200: 16599,170: [scrub symbol table, 0,0035436 secs]2017-07-31T16:20:48.769+0200: 16599,174: [scrub string table, 0,0006358 secs][1 CMS-remark: 240529K(393216K)] 240535K(502464K), 0,0170883 secs] [Times: user=0,03 sys=0,00, real=0,01 secs] 
2017-07-31T16:20:48.770+0200: 16599,175: Total time for which application threads were stopped: 0,0172208 seconds, Stopping threads took: 0,0000207 seconds
2017-07-31T16:20:48.770+0200: 16599,175: [CMS-concurrent-sweep-start]
2017-07-31T16:20:48.798+0200: 16599,202: [CMS-concurrent-sweep: 0,028/0,028 secs] [Times: user=0,02 sys=0,00, real=0,03 secs] 
2017-07-31T16:20:48.798+0200: 16599,202: [CMS-concurrent-reset-start]
2017-07-31T16:20:48.798+0200: 16599,203: [CMS-concurrent-reset: 0,001/0,001 secs] [Times: user=0,00 sys=0,00, real=0,00 secs] 
2017-07-31T16:20:50.798+0200: 16601,202: [GC (CMS Initial Mark) [1 CMS-initial-mark: 240529K(393216K)] 240863K(502464K), 0,0009638 secs] [Times: user=0,00 sys=0,00, real=0,00 secs] 
2017-07-31T16:20:50.799+0200: 16601,203: Total time for which application threads were stopped: 0,0011246 seconds, Stopping threads took: 0,0000323 seconds
2017-07-31T16:20:50.799+0200: 16601,203: [CMS-concurrent-mark-start]
2017-07-31T16:20:50.829+0200: 16601,233: [CMS-concurrent-mark: 0,030/0,030 secs] [Times: user=0,12 sys=0,01, real=0,03 secs] 
2017-07-31T16:20:50.829+0200: 16601,233: [CMS-concurrent-preclean-start]
2017-07-31T16:20:50.830+0200: 16601,234: [CMS-concurrent-preclean: 0,001/0,001 secs] [Times: user=0,00 sys=0,00, real=0,00 secs] 
2017-07-31T16:20:50.830+0200: 16601,235: [GC (CMS Final Remark) [YG occupancy: 333 K (109248 K)]{Heap before GC invocations=537 (full 434):
 par new generation   total 109248K, used 333K [0x00000000e0000000, 0x00000000e8000000, 0x00000000e8000000)
  eden space 87424K,   0% used [0x00000000e0000000, 0x00000000e0051d88, 0x00000000e5560000)
  from space 21824K,   0% used [0x00000000e6ab0000, 0x00000000e6ab1830, 0x00000000e8000000)
  to   space 21824K,   0% used [0x00000000e5560000, 0x00000000e5560000, 0x00000000e6ab0000)
 concurrent mark-sweep generation total 393216K, used 240529K [0x00000000e8000000, 0x0000000100000000, 0x0000000100000000)
 Metaspace       used 32762K, capacity 33224K, committed 33732K, reserved 1079296K
  class space    used 3585K, capacity 3736K, committed 3836K, reserved 1048576K
2017-07-31T16:20:50.830+0200: 16601,235: [GC (CMS Final Remark) 2017-07-31T16:20:50.830+0200: 16601,235: [ParNew
Desired survivor size 20112992 bytes, new threshold 8 (max 8)
- age   1:         32 bytes,         32 total
- age   2:         96 bytes,        128 total
- age   3:         64 bytes,        192 total
- age   4:        152 bytes,        344 total
: 333K->8K(109248K), 0,0028757 secs] 240863K->240537K(502464K), 0,0029409 secs] [Times: user=0,00 sys=0,00, real=0,01 secs] 
Heap after GC invocations=538 (full 434):
 par new generation   total 109248K, used 8K [0x00000000e0000000, 0x00000000e8000000, 0x00000000e8000000)
  eden space 87424K,   0% used [0x00000000e0000000, 0x00000000e0000000, 0x00000000e5560000)
  from space 21824K,   0% used [0x00000000e5560000, 0x00000000e5562040, 0x00000000e6ab0000)
  to   space 21824K,   0% used [0x00000000e6ab0000, 0x00000000e6ab0000, 0x00000000e8000000)
 concurrent mark-sweep generation total 393216K, used 240529K [0x00000000e8000000, 0x0000000100000000, 0x0000000100000000)
 Metaspace       used 32762K, capacity 33224K, committed 33732K, reserved 1079296K
  class space    used 3585K, capacity 3736K, committed 3836K, reserved 1048576K
}
2017-07-31T16:20:50.833+0200: 16601,238: [Rescan (parallel) , 0,0006064 secs]2017-07-31T16:20:50.834+0200: 16601,238: [weak refs processing, 0,0003983 secs]2017-07-31T16:20:50.834+0200: 16601,239: [class unloading, 0,0068305 secs]2017-07-31T16:20:50.841+0200: 16601,246: [scrub symbol table, 0,0032951 secs]2017-07-31T16:20:50.845+0200: 16601,249: [scrub string table, 0,0005949 secs][1 CMS-remark: 240529K(393216K)] 240537K(502464K), 0,0149098 secs] [Times: user=0,02 sys=0,00, real=0,02 secs] 
2017-07-31T16:20:50.845+0200: 16601,250: Total time for which application threads were stopped: 0,0150362 seconds, Stopping threads took: 0,0000207 seconds
2017-07-31T16:20:50.845+0200: 16601,250: [CMS-concurrent-sweep-start]
2017-07-31T16:20:50.871+0200: 16601,276: [CMS-concurrent-sweep: 0,026/0,026 secs] [Times: user=0,02 sys=0,00, real=0,02 secs] 
2017-07-31T16:20:50.871+0200: 16601,276: [CMS-concurrent-reset-start]
2017-07-31T16:20:50.872+0200: 16601,277: [CMS-concurrent-reset: 0,001/0,001 secs] [Times: user=0,00 sys=0,00, real=0,01 secs] 
2017-07-31T16:20:52.871+0200: 16603,276: [GC (CMS Initial Mark) [1 CMS-initial-mark: 240529K(393216K)] 242271K(502464K), 0,0009103 secs] [Times: user=0,01 sys=0,00, real=0,01 secs] 
2017-07-31T16:20:52.872+0200: 16603,277: Total time for which application threads were stopped: 0,0010913 seconds, Stopping threads took: 0,0000237 seconds
2017-07-31T16:20:52.872+0200: 16603,277: [CMS-concurrent-mark-start]
2017-07-31T16:20:52.896+0200: 16603,300: [CMS-concurrent-mark: 0,023/0,023 secs] [Times: user=0,09 sys=0,00, real=0,02 secs] 
2017-07-31T16:20:52.896+0200: 16603,300: [CMS-concurrent-preclean-start]
2017-07-31T16:20:52.897+0200: 16603,302: [CMS-concurrent-preclean: 0,001/0,001 secs] [Times: user=0,00 sys=0,00, real=0,00 secs] 
2017-07-31T16:20:52.897+0200: 16603,302: [GC (CMS Final Remark) [YG occupancy: 1741 K (109248 K)]{Heap before GC invocations=538 (full 435):
 par new generation   total 109248K, used 1741K [0x00000000e0000000, 0x00000000e8000000, 0x00000000e8000000)
  eden space 87424K,   1% used [0x00000000e0000000, 0x00000000e01b1748, 0x00000000e5560000)
  from space 21824K,   0% used [0x00000000e5560000, 0x00000000e5562040, 0x00000000e6ab0000)
  to   space 21824K,   0% used [0x00000000e6ab0000, 0x00000000e6ab0000, 0x00000000e8000000)
 concurrent mark-sweep generation total 393216K, used 240529K [0x00000000e8000000, 0x0000000100000000, 0x0000000100000000)
 Metaspace       used 32762K, capacity 33224K, committed 33732K, reserved 1079296K
  class space    used 3585K, capacity 3736K, committed 3836K, reserved 1048576K
2017-07-31T16:20:52.897+0200: 16603,302: [GC (CMS Final Remark) 2017-07-31T16:20:52.898+0200: 16603,302: [ParNew
Desired survivor size 20112992 bytes, new threshold 8 (max 8)
- age   1:         64 bytes,         64 total
- age   2:         32 bytes,         96 total
- age   3:         96 bytes,        192 total
- age   5:        152 bytes,        344 total
: 1741K->8K(109248K), 0,0036059 secs] 242271K->240537K(502464K), 0,0036731 secs] [Times: user=0,01 sys=0,00, real=0,01 secs] 
Heap after GC invocations=539 (full 435):
 par new generation   total 109248K, used 8K [0x00000000e0000000, 0x00000000e8000000, 0x00000000e8000000)
  eden space 87424K,   0% used [0x00000000e0000000, 0x00000000e0000000, 0x00000000e5560000)
  from space 21824K,   0% used [0x00000000e6ab0000, 0x00000000e6ab2040, 0x00000000e8000000)
  to   space 21824K,   0% used [0x00000000e5560000, 0x00000000e5560000, 0x00000000e6ab0000)
 concurrent mark-sweep generation total 393216K, used 240529K [0x00000000e8000000, 0x0000000100000000, 0x0000000100000000)
 Metaspace       used 32762K, capacity 33224K, committed 33732K, reserved 1079296K
  class space    used 3585K, capacity 3736K, committed 3836K, reserved 1048576K
}
2017-07-31T16:20:52.901+0200: 16603,306: [Rescan (parallel) , 0,0005033 secs]2017-07-31T16:20:52.902+0200: 16603,306: [weak refs processing, 0,0004348 secs]2017-07-31T16:20:52.902+0200: 16603,307: [class unloading, 0,0071354 secs]2017-07-31T16:20:52.909+0200: 16603,314: [scrub symbol table, 0,0035197 secs]2017-07-31T16:20:52.913+0200: 16603,317: [scrub string table, 0,0006351 secs][1 CMS-remark: 240529K(393216K)] 240537K(502464K), 0,0161471 secs] [Times: user=0,02 sys=0,00, real=0,02 secs] 
2017-07-31T16:20:52.914+0200: 16603,318: Total time for which application threads were stopped: 0,0162785 seconds, Stopping threads took: 0,0000211 seconds
2017-07-31T16:20:52.914+0200: 16603,318: [CMS-concurrent-sweep-start]
2017-07-31T16:20:52.941+0200: 16603,346: [CMS-concurrent-sweep: 0,028/0,028 secs] [Times: user=0,03 sys=0,00, real=0,03 secs] 
2017-07-31T16:20:52.941+0200: 16603,346: [CMS-concurrent-reset-start]
2017-07-31T16:20:52.942+0200: 16603,347: [CMS-concurrent-reset: 0,001/0,001 secs] [Times: user=0,00 sys=0,00, real=0,00 secs] 
2017-07-31T16:20:54.941+0200: 16605,346: [GC (CMS Initial Mark) [1 CMS-initial-mark: 240529K(393216K)] 241224K(502464K), 0,0010366 secs] [Times: user=0,00 sys=0,00, real=0,00 secs] 
2017-07-31T16:20:54.942+0200: 16605,347: Total time for which application threads were stopped: 0,0011996 seconds, Stopping threads took: 0,0000239 seconds
2017-07-31T16:20:54.942+0200: 16605,347: [CMS-concurrent-mark-start]
2017-07-31T16:20:54.977+0200: 16605,381: [CMS-concurrent-mark: 0,034/0,034 secs] [Times: user=0,14 sys=0,00, real=0,03 secs] 
2017-07-31T16:20:54.977+0200: 16605,381: [CMS-concurrent-preclean-start]
2017-07-31T16:20:54.978+0200: 16605,383: [CMS-concurrent-preclean: 0,001/0,001 secs] [Times: user=0,00 sys=0,00, real=0,00 secs] 
2017-07-31T16:20:54.979+0200: 16605,383: [GC (CMS Final Remark) [YG occupancy: 694 K (109248 K)]{Heap before GC invocations=539 (full 436):
 par new generation   total 109248K, used 694K [0x00000000e0000000, 0x00000000e8000000, 0x00000000e8000000)
  eden space 87424K,   0% used [0x00000000e0000000, 0x00000000e00ab9a0, 0x00000000e5560000)
  from space 21824K,   0% used [0x00000000e6ab0000, 0x00000000e6ab2040, 0x00000000e8000000)
  to   space 21824K,   0% used [0x00000000e5560000, 0x00000000e5560000, 0x00000000e6ab0000)
 concurrent mark-sweep generation total 393216K, used 240529K [0x00000000e8000000, 0x0000000100000000, 0x0000000100000000)
 Metaspace       used 32762K, capacity 33224K, committed 33732K, reserved 1079296K
  class space    used 3585K, capacity 3736K, committed 3836K, reserved 1048576K
2017-07-31T16:20:54.979+0200: 16605,383: [GC (CMS Final Remark) 2017-07-31T16:20:54.979+0200: 16605,383: [ParNew
Desired survivor size 20112992 bytes, new threshold 8 (max 8)
- age   1:         64 bytes,         64 total
- age   2:         64 bytes,        128 total
- age   3:         32 bytes,        160 total
- age   4:         32 bytes,        192 total
- age   6:        152 bytes,        344 total
: 694K->8K(109248K), 0,0038169 secs] 241224K->240537K(502464K), 0,0038654 secs] [Times: user=0,01 sys=0,00, real=0,01 secs] 
Heap after GC invocations=540 (full 436):
 par new generation   total 109248K, used 8K [0x00000000e0000000, 0x00000000e8000000, 0x00000000e8000000)
  eden space 87424K,   0% used [0x00000000e0000000, 0x00000000e0000000, 0x00000000e5560000)
  from space 21824K,   0% used [0x00000000e5560000, 0x00000000e5562040, 0x00000000e6ab0000)
  to   space 21824K,   0% used [0x00000000e6ab0000, 0x00000000e6ab0000, 0x00000000e8000000)
 concurrent mark-sweep generation total 393216K, used 240529K [0x00000000e8000000, 0x0000000100000000, 0x0000000100000000)
 Metaspace       used 32762K, capacity 33224K, committed 33732K, reserved 1079296K
  class space    used 3585K, capacity 3736K, committed 3836K, reserved 1048576K
}
2017-07-31T16:20:54.983+0200: 16605,387: [Rescan (parallel) , 0,0005528 secs]2017-07-31T16:20:54.983+0200: 16605,388: [weak refs processing, 0,0004966 secs]2017-07-31T16:20:54.984+0200: 16605,388: [class unloading, 0,0078021 secs]2017-07-31T16:20:54.992+0200: 16605,396: [scrub symbol table, 0,0036399 secs]2017-07-31T16:20:54.995+0200: 16605,400: [scrub string table, 0,0006544 secs][1 CMS-remark: 240529K(393216K)] 240537K(502464K), 0,0172950 secs] [Times: user=0,03 sys=0,00, real=0,02 secs] 
2017-07-31T16:20:54.996+0200: 16605,400: Total time for which application threads were stopped: 0,0174780 seconds, Stopping threads took: 0,0000242 seconds
2017-07-31T16:20:54.996+0200: 16605,401: [CMS-concurrent-sweep-start]
2017-07-31T16:20:55.025+0200: 16605,429: [CMS-concurrent-sweep: 0,029/0,029 secs] [Times: user=0,02 sys=0,00, real=0,03 secs] 
2017-07-31T16:20:55.025+0200: 16605,429: [CMS-concurrent-reset-start]
2017-07-31T16:20:55.026+0200: 16605,430: [CMS-concurrent-reset: 0,001/0,001 secs] [Times: user=0,00 sys=0,00, real=0,00 secs] 
2017-07-31T16:20:57.025+0200: 16607,429: [GC (CMS Initial Mark) [1 CMS-initial-mark: 240529K(393216K)] 241308K(502464K), 0,0007975 secs] [Times: user=0,01 sys=0,00, real=0,00 secs] 
2017-07-31T16:20:57.026+0200: 16607,430: Total time for which application threads were stopped: 0,0009893 seconds, Stopping threads took: 0,0000301 seconds
2017-07-31T16:20:57.026+0200: 16607,430: [CMS-concurrent-mark-start]
2017-07-31T16:20:57.054+0200: 16607,459: [CMS-concurrent-mark: 0,028/0,028 secs] [Times: user=0,11 sys=0,00, real=0,03 secs] 
2017-07-31T16:20:57.054+0200: 16607,459: [CMS-concurrent-preclean-start]
2017-07-31T16:20:57.055+0200: 16607,460: [CMS-concurrent-preclean: 0,001/0,001 secs] [Times: user=0,00 sys=0,00, real=0,00 secs] 
2017-07-31T16:20:57.056+0200: 16607,460: [GC (CMS Final Remark) [YG occupancy: 778 K (109248 K)]{Heap before GC invocations=540 (full 437):
 par new generation   total 109248K, used 778K [0x00000000e0000000, 0x00000000e8000000, 0x00000000e8000000)
  eden space 87424K,   0% used [0x00000000e0000000, 0x00000000e00c0938, 0x00000000e5560000)
  from space 21824K,   0% used [0x00000000e5560000, 0x00000000e5562040, 0x00000000e6ab0000)
  to   space 21824K,   0% used [0x00000000e6ab0000, 0x00000000e6ab0000, 0x00000000e8000000)
 concurrent mark-sweep generation total 393216K, used 240529K [0x00000000e8000000, 0x0000000100000000, 0x0000000100000000)
 Metaspace       used 32762K, capacity 33224K, committed 33732K, reserved 1079296K
  class space    used 3585K, capacity 3736K, committed 3836K, reserved 1048576K
2017-07-31T16:20:57.056+0200: 16607,460: [GC (CMS Final Remark) 2017-07-31T16:20:57.056+0200: 16607,460: [ParNew
Desired survivor size 20112992 bytes, new threshold 8 (max 8)
- age   1:         64 bytes,         64 total
- age   2:         64 bytes,        128 total
- age   3:         64 bytes,        192 total
- age   7:        152 bytes,        344 total
: 778K->6K(109248K), 0,0022988 secs] 241308K->240535K(502464K), 0,0023540 secs] [Times: user=0,01 sys=0,00, real=0,00 secs] 
Heap after GC invocations=541 (full 437):
 par new generation   total 109248K, used 6K [0x00000000e0000000, 0x00000000e8000000, 0x00000000e8000000)
  eden space 87424K,   0% used [0x00000000e0000000, 0x00000000e0000000, 0x00000000e5560000)
  from space 21824K,   0% used [0x00000000e6ab0000, 0x00000000e6ab1830, 0x00000000e8000000)
  to   space 21824K,   0% used [0x00000000e5560000, 0x00000000e5560000, 0x00000000e6ab0000)
 concurrent mark-sweep generation total 393216K, used 240529K [0x00000000e8000000, 0x0000000100000000, 0x0000000100000000)
 Metaspace       used 32762K, capacity 33224K, committed 33732K, reserved 1079296K
  class space    used 3585K, capacity 3736K, committed 3836K, reserved 1048576K
}
2017-07-31T16:20:57.058+0200: 16607,463: [Rescan (parallel) , 0,0006234 secs]2017-07-31T16:20:57.059+0200: 16607,463: [weak refs processing, 0,0004575 secs]2017-07-31T16:20:57.059+0200: 16607,464: [class unloading, 0,0070436 secs]2017-07-31T16:20:57.066+0200: 16607,471: [scrub symbol table, 0,0032897 secs]2017-07-31T16:20:57.070+0200: 16607,474: [scrub string table, 0,0006068 secs][1 CMS-remark: 240529K(393216K)] 240535K(502464K), 0,0146078 secs] [Times: user=0,02 sys=0,00, real=0,01 secs] 
2017-07-31T16:20:57.070+0200: 16607,475: Total time for which application threads were stopped: 0,0147294 seconds, Stopping threads took: 0,0000198 seconds
2017-07-31T16:20:57.070+0200: 16607,475: [CMS-concurrent-sweep-start]
2017-07-31T16:20:57.097+0200: 16607,502: [CMS-concurrent-sweep: 0,027/0,027 secs] [Times: user=0,03 sys=0,00, real=0,03 secs] 
2017-07-31T16:20:57.097+0200: 16607,502: [CMS-concurrent-reset-start]
2017-07-31T16:20:57.098+0200: 16607,503: [CMS-concurrent-reset: 0,001/0,001 secs] [Times: user=0,00 sys=0,00, real=0,00 secs] 
2017-07-31T16:20:59.097+0200: 16609,502: [GC (CMS Initial Mark) [1 CMS-initial-mark: 240529K(393216K)] 242513K(502464K), 0,0007607 secs] [Times: user=0,00 sys=0,00, real=0,00 secs] 
2017-07-31T16:20:59.098+0200: 16609,503: Total time for which application threads were stopped: 0,0009143 seconds, Stopping threads took: 0,0000238 seconds
2017-07-31T16:20:59.098+0200: 16609,503: [CMS-concurrent-mark-start]
2017-07-31T16:20:59.132+0200: 16609,537: [CMS-concurrent-mark: 0,034/0,034 secs] [Times: user=0,14 sys=0,00, real=0,04 secs] 
2017-07-31T16:20:59.132+0200: 16609,537: [CMS-concurrent-preclean-start]
2017-07-31T16:20:59.134+0200: 16609,538: [CMS-concurrent-preclean: 0,001/0,001 secs] [Times: user=0,00 sys=0,00, real=0,00 secs] 
2017-07-31T16:20:59.134+0200: 16609,538: [GC (CMS Final Remark) [YG occupancy: 1983 K (109248 K)]{Heap before GC invocations=541 (full 438):
 par new generation   total 109248K, used 1983K [0x00000000e0000000, 0x00000000e8000000, 0x00000000e8000000)
  eden space 87424K,   2% used [0x00000000e0000000, 0x00000000e01ee538, 0x00000000e5560000)
  from space 21824K,   0% used [0x00000000e6ab0000, 0x00000000e6ab1830, 0x00000000e8000000)
  to   space 21824K,   0% used [0x00000000e5560000, 0x00000000e5560000, 0x00000000e6ab0000)
 concurrent mark-sweep generation total 393216K, used 240529K [0x00000000e8000000, 0x0000000100000000, 0x0000000100000000)
 Metaspace       used 32762K, capacity 33224K, committed 33732K, reserved 1079296K
  class space    used 3585K, capacity 3736K, committed 3836K, reserved 1048576K
2017-07-31T16:20:59.134+0200: 16609,538: [GC (CMS Final Remark) 2017-07-31T16:20:59.134+0200: 16609,538: [ParNew
Desired survivor size 20112992 bytes, new threshold 8 (max 8)
- age   1:         96 bytes,         96 total
- age   2:         64 bytes,        160 total
- age   3:         32 bytes,        192 total
- age   8:        152 bytes,        344 total
: 1983K->6K(109248K), 0,0022374 secs] 242513K->240535K(502464K), 0,0022788 secs] [Times: user=0,01 sys=0,00, real=0,00 secs] 
Heap after GC invocations=542 (full 438):
 par new generation   total 109248K, used 6K [0x00000000e0000000, 0x00000000e8000000, 0x00000000e8000000)
  eden space 87424K,   0% used [0x00000000e0000000, 0x00000000e0000000, 0x00000000e5560000)
  from space 21824K,   0% used [0x00000000e5560000, 0x00000000e5561830, 0x00000000e6ab0000)
  to   space 21824K,   0% used [0x00000000e6ab0000, 0x00000000e6ab0000, 0x00000000e8000000)
 concurrent mark-sweep generation total 393216K, used 240529K [0x00000000e8000000, 0x0000000100000000, 0x0000000100000000)
 Metaspace       used 32762K, capacity 33224K, committed 33732K, reserved 1079296K
  class space    used 3585K, capacity 3736K, committed 3836K, reserved 1048576K
}
2017-07-31T16:20:59.136+0200: 16609,541: [Rescan (parallel) , 0,0005942 secs]2017-07-31T16:20:59.137+0200: 16609,541: [weak refs processing, 0,0003993 secs]2017-07-31T16:20:59.137+0200: 16609,542: [class unloading, 0,0067830 secs]2017-07-31T16:20:59.144+0200: 16609,548: [scrub symbol table, 0,0032868 secs]2017-07-31T16:20:59.147+0200: 16609,552: [scrub string table, 0,0005972 secs][1 CMS-remark: 240529K(393216K)] 240535K(502464K), 0,0142171 secs] [Times: user=0,02 sys=0,00, real=0,01 secs] 
2017-07-31T16:20:59.148+0200: 16609,552: Total time for which application threads were stopped: 0,0143375 seconds, Stopping threads took: 0,0000195 seconds
2017-07-31T16:20:59.148+0200: 16609,553: [CMS-concurrent-sweep-start]
2017-07-31T16:20:59.174+0200: 16609,578: [CMS-concurrent-sweep: 0,026/0,026 secs] [Times: user=0,03 sys=0,00, real=0,03 secs] 
2017-07-31T16:20:59.174+0200: 16609,578: [CMS-concurrent-reset-start]
2017-07-31T16:20:59.175+0200: 16609,579: [CMS-concurrent-reset: 0,001/0,001 secs] [Times: user=0,00 sys=0,00, real=0,00 secs] 
2017-07-31T16:21:01.174+0200: 16611,578: [GC (CMS Initial Mark) [1 CMS-initial-mark: 240529K(393216K)] 241306K(502464K), 0,0010047 secs] [Times: user=0,00 sys=0,00, real=0,00 secs] 
2017-07-31T16:21:01.175+0200: 16611,579: Total time for which application threads were stopped: 0,0011675 seconds, Stopping threads took: 0,0000253 seconds
2017-07-31T16:21:01.175+0200: 16611,579: [CMS-concurrent-mark-start]
2017-07-31T16:21:01.211+0200: 16611,616: [CMS-concurrent-mark: 0,036/0,036 secs] [Times: user=0,15 sys=0,00, real=0,03 secs] 
2017-07-31T16:21:01.211+0200: 16611,616: [CMS-concurrent-preclean-start]
2017-07-31T16:21:01.213+0200: 16611,617: [CMS-concurrent-preclean: 0,001/0,001 secs] [Times: user=0,00 sys=0,00, real=0,01 secs] 
2017-07-31T16:21:01.213+0200: 16611,618: [GC (CMS Final Remark) [YG occupancy: 776 K (109248 K)]{Heap before GC invocations=542 (full 439):
 par new generation   total 109248K, used 776K [0x00000000e0000000, 0x00000000e8000000, 0x00000000e8000000)
  eden space 87424K,   0% used [0x00000000e0000000, 0x00000000e00c0938, 0x00000000e5560000)
  from space 21824K,   0% used [0x00000000e5560000, 0x00000000e5561830, 0x00000000e6ab0000)
  to   space 21824K,   0% used [0x00000000e6ab0000, 0x00000000e6ab0000, 0x00000000e8000000)
 concurrent mark-sweep generation total 393216K, used 240529K [0x00000000e8000000, 0x0000000100000000, 0x0000000100000000)
 Metaspace       used 32762K, capacity 33224K, committed 33732K, reserved 1079296K
  class space    used 3585K, capacity 3736K, committed 3836K, reserved 1048576K
2017-07-31T16:21:01.213+0200: 16611,618: [GC (CMS Final Remark) 2017-07-31T16:21:01.213+0200: 16611,618: [ParNew
Desired survivor size 20112992 bytes, new threshold 8 (max 8)
- age   1:         64 bytes,         64 total
- age   2:         96 bytes,        160 total
- age   3:         32 bytes,        192 total
: 776K->8K(109248K), 0,0036387 secs] 241306K->240538K(502464K), 0,0036876 secs] [Times: user=0,01 sys=0,00, real=0,00 secs] 
Heap after GC invocations=543 (full 439):
 par new generation   total 109248K, used 8K [0x00000000e0000000, 0x00000000e8000000, 0x00000000e8000000)
  eden space 87424K,   0% used [0x00000000e0000000, 0x00000000e0000000, 0x00000000e5560000)
  from space 21824K,   0% used [0x00000000e6ab0000, 0x00000000e6ab2040, 0x00000000e8000000)
  to   space 21824K,   0% used [0x00000000e5560000, 0x00000000e5560000, 0x00000000e6ab0000)
 concurrent mark-sweep generation total 393216K, used 240529K [0x00000000e8000000, 0x0000000100000000, 0x0000000100000000)
 Metaspace       used 32762K, capacity 33224K, committed 33732K, reserved 1079296K
  class space    used 3585K, capacity 3736K, committed 3836K, reserved 1048576K
}
2017-07-31T16:21:01.217+0200: 16611,621: [Rescan (parallel) , 0,0005611 secs]2017-07-31T16:21:01.217+0200: 16611,622: [weak refs processing, 0,0008684 secs]2017-07-31T16:21:01.218+0200: 16611,623: [class unloading, 0,0076140 secs]2017-07-31T16:21:01.226+0200: 16611,630: [scrub symbol table, 0,0035898 secs]2017-07-31T16:21:01.230+0200: 16611,634: [scrub string table, 0,0006547 secs][1 CMS-remark: 240529K(393216K)] 240538K(502464K), 0,0172656 secs] [Times: user=0,02 sys=0,00, real=0,01 secs] 
2017-07-31T16:21:01.230+0200: 16611,635: Total time for which application threads were stopped: 0,0174125 seconds, Stopping threads took: 0,0000249 seconds
2017-07-31T16:21:01.230+0200: 16611,635: [CMS-concurrent-sweep-start]
2017-07-31T16:21:01.258+0200: 16611,663: [CMS-concurrent-sweep: 0,028/0,028 secs] [Times: user=0,03 sys=0,00, real=0,03 secs] 
2017-07-31T16:21:01.258+0200: 16611,663: [CMS-concurrent-reset-start]
2017-07-31T16:21:01.259+0200: 16611,663: [CMS-concurrent-reset: 0,001/0,001 secs] [Times: user=0,00 sys=0,00, real=0,00 secs] 
2017-07-31T16:21:03.258+0200: 16613,663: [GC (CMS Initial Mark) [1 CMS-initial-mark: 240529K(393216K)] 242261K(502464K), 0,0009780 secs] [Times: user=0,00 sys=0,00, real=0,00 secs] 
2017-07-31T16:21:03.259+0200: 16613,664: Total time for which application threads were stopped: 0,0011370 seconds, Stopping threads took: 0,0000238 seconds
2017-07-31T16:21:03.259+0200: 16613,664: [CMS-concurrent-mark-start]
2017-07-31T16:21:03.287+0200: 16613,691: [CMS-concurrent-mark: 0,028/0,028 secs] [Times: user=0,11 sys=0,00, real=0,03 secs] 
2017-07-31T16:21:03.287+0200: 16613,691: [CMS-concurrent-preclean-start]
2017-07-31T16:21:03.288+0200: 16613,693: [CMS-concurrent-preclean: 0,001/0,001 secs] [Times: user=0,01 sys=0,00, real=0,00 secs] 
2017-07-31T16:21:03.289+0200: 16613,693: [GC (CMS Final Remark) [YG occupancy: 1731 K (109248 K)]{Heap before GC invocations=543 (full 440):
 par new generation   total 109248K, used 1731K [0x00000000e0000000, 0x00000000e8000000, 0x00000000e8000000)
  eden space 87424K,   1% used [0x00000000e0000000, 0x00000000e01aecd8, 0x00000000e5560000)
  from space 21824K,   0% used [0x00000000e6ab0000, 0x00000000e6ab2040, 0x00000000e8000000)
  to   space 21824K,   0% used [0x00000000e5560000, 0x00000000e5560000, 0x00000000e6ab0000)
 concurrent mark-sweep generation total 393216K, used 240529K [0x00000000e8000000, 0x0000000100000000, 0x0000000100000000)
 Metaspace       used 32762K, capacity 33224K, committed 33732K, reserved 1079296K
  class space    used 3585K, capacity 3736K, committed 3836K, reserved 1048576K
2017-07-31T16:21:03.289+0200: 16613,693: [GC (CMS Final Remark) 2017-07-31T16:21:03.289+0200: 16613,693: [ParNew
Desired survivor size 20112992 bytes, new threshold 8 (max 8)
- age   1:         64 bytes,         64 total
- age   2:         64 bytes,        128 total
- age   3:         64 bytes,        192 total
: 1731K->6K(109248K), 0,0027815 secs] 242261K->240535K(502464K), 0,0028283 secs] [Times: user=0,00 sys=0,00, real=0,00 secs] 
Heap after GC invocations=544 (full 440):
 par new generation   total 109248K, used 6K [0x00000000e0000000, 0x00000000e8000000, 0x00000000e8000000)
  eden space 87424K,   0% used [0x00000000e0000000, 0x00000000e0000000, 0x00000000e5560000)
  from space 21824K,   0% used [0x00000000e5560000, 0x00000000e5561830, 0x00000000e6ab0000)
  to   space 21824K,   0% used [0x00000000e6ab0000, 0x00000000e6ab0000, 0x00000000e8000000)
 concurrent mark-sweep generation total 393216K, used 240529K [0x00000000e8000000, 0x0000000100000000, 0x0000000100000000)
 Metaspace       used 32762K, capacity 33224K, committed 33732K, reserved 1079296K
  class space    used 3585K, capacity 3736K, committed 3836K, reserved 1048576K
}
2017-07-31T16:21:03.292+0200: 16613,696: [Rescan (parallel) , 0,0005751 secs]2017-07-31T16:21:03.292+0200: 16613,697: [weak refs processing, 0,0004579 secs]2017-07-31T16:21:03.293+0200: 16613,697: [class unloading, 0,0077113 secs]2017-07-31T16:21:03.300+0200: 16613,705: [scrub symbol table, 0,0037356 secs]2017-07-31T16:21:03.304+0200: 16613,709: [scrub string table, 0,0006352 secs][1 CMS-remark: 240529K(393216K)] 240535K(502464K), 0,0162132 secs] [Times: user=0,02 sys=0,00, real=0,02 secs] 
2017-07-31T16:21:03.305+0200: 16613,709: Total time for which application threads were stopped: 0,0163489 seconds, Stopping threads took: 0,0000227 seconds
2017-07-31T16:21:03.305+0200: 16613,709: [CMS-concurrent-sweep-start]
2017-07-31T16:21:03.333+0200: 16613,737: [CMS-concurrent-sweep: 0,028/0,028 secs] [Times: user=0,02 sys=0,00, real=0,03 secs] 
2017-07-31T16:21:03.333+0200: 16613,737: [CMS-concurrent-reset-start]
2017-07-31T16:21:03.333+0200: 16613,738: [CMS-concurrent-reset: 0,001/0,001 secs] [Times: user=0,00 sys=0,00, real=0,00 secs] 
2017-07-31T16:21:05.333+0200: 16615,737: [GC (CMS Initial Mark) [1 CMS-initial-mark: 240529K(393216K)] 240790K(502464K), 0,0010458 secs] [Times: user=0,00 sys=0,00, real=0,00 secs] 
