OpenJDK 64-Bit Server VM (25.131-b11) for linux-amd64 JRE (1.8.0_131-8u131-b11-0ubuntu1.16.04.2-b11), built on May  6 2017 02:45:27 by "buildd" with gcc 5.4.0 20160609
Memory: 4k page, physical 16399084k(12517652k free), swap 31998972k(31998972k free)
CommandLine flags: -XX:CMSInitiatingOccupancyFraction=50 -XX:CMSMaxAbortablePrecleanTime=6000 -XX:+CMSParallelRemarkEnabled -XX:+CMSScavengeBeforeRemark -XX:ConcGCThreads=4 -XX:InitialHeapSize=536870912 -XX:MaxHeapSize=536870912 -XX:MaxTenuringThreshold=8 -XX:NewRatio=3 -XX:OldPLABSize=16 -XX:OnOutOfMemoryError=/home/froog/Studium/oxygen_crawl/Crawler/solr/solr-5.5.4/bin/oom_solr.sh 8983 /home/froog/Studium/oxygen_crawl/Crawler/solr/solr-5.5.4/server/logs -XX:ParallelGCThreads=4 -XX:+ParallelRefProcEnabled -XX:PretenureSizeThreshold=67108864 -XX:+PrintGC -XX:+PrintGCApplicationStoppedTime -XX:+PrintGCDateStamps -XX:+PrintGCDetails -XX:+PrintGCTimeStamps -XX:+PrintHeapAtGC -XX:+PrintTenuringDistribution -XX:SurvivorRatio=4 -XX:TargetSurvivorRatio=90 -XX:ThreadStackSize=256 -XX:+UseCMSInitiatingOccupancyOnly -XX:+UseCompressedClassPointers -XX:+UseCompressedOops -XX:+UseConcMarkSweepGC -XX:+UseParNewGC 
2017-07-28T12:27:58.344+0200: 0,088: Total time for which application threads were stopped: 0,0000641 seconds, Stopping threads took: 0,0000124 seconds
2017-07-28T12:27:58.456+0200: 0,200: Total time for which application threads were stopped: 0,0001035 seconds, Stopping threads took: 0,0000110 seconds
2017-07-28T12:27:58.509+0200: 0,254: Total time for which application threads were stopped: 0,0000868 seconds, Stopping threads took: 0,0000116 seconds
2017-07-28T12:27:58.563+0200: 0,307: Total time for which application threads were stopped: 0,0001330 seconds, Stopping threads took: 0,0000161 seconds
2017-07-28T12:27:58.594+0200: 0,338: Total time for which application threads were stopped: 0,0001317 seconds, Stopping threads took: 0,0000136 seconds
2017-07-28T12:27:58.603+0200: 0,347: Total time for which application threads were stopped: 0,0001335 seconds, Stopping threads took: 0,0000150 seconds
2017-07-28T12:27:58.610+0200: 0,354: Total time for which application threads were stopped: 0,0001125 seconds, Stopping threads took: 0,0000148 seconds
{Heap before GC invocations=0 (full 0):
 par new generation   total 109248K, used 87424K [0x00000000e0000000, 0x00000000e8000000, 0x00000000e8000000)
  eden space 87424K, 100% used [0x00000000e0000000, 0x00000000e5560000, 0x00000000e5560000)
  from space 21824K,   0% used [0x00000000e5560000, 0x00000000e5560000, 0x00000000e6ab0000)
  to   space 21824K,   0% used [0x00000000e6ab0000, 0x00000000e6ab0000, 0x00000000e8000000)
 concurrent mark-sweep generation total 393216K, used 0K [0x00000000e8000000, 0x0000000100000000, 0x0000000100000000)
 Metaspace       used 10029K, capacity 10172K, committed 10496K, reserved 1058816K
  class space    used 1124K, capacity 1176K, committed 1280K, reserved 1048576K
2017-07-28T12:27:58.742+0200: 0,486: [GC (Allocation Failure) 2017-07-28T12:27:58.742+0200: 0,486: [ParNew
Desired survivor size 20112992 bytes, new threshold 8 (max 8)
- age   1:    5823136 bytes,    5823136 total
: 87424K->5748K(109248K), 0,0050344 secs] 87424K->5748K(502464K), 0,0051183 secs] [Times: user=0,01 sys=0,00, real=0,01 secs] 
Heap after GC invocations=1 (full 0):
 par new generation   total 109248K, used 5748K [0x00000000e0000000, 0x00000000e8000000, 0x00000000e8000000)
  eden space 87424K,   0% used [0x00000000e0000000, 0x00000000e0000000, 0x00000000e5560000)
  from space 21824K,  26% used [0x00000000e6ab0000, 0x00000000e704d090, 0x00000000e8000000)
  to   space 21824K,   0% used [0x00000000e5560000, 0x00000000e5560000, 0x00000000e6ab0000)
 concurrent mark-sweep generation total 393216K, used 0K [0x00000000e8000000, 0x0000000100000000, 0x0000000100000000)
 Metaspace       used 10029K, capacity 10172K, committed 10496K, reserved 1058816K
  class space    used 1124K, capacity 1176K, committed 1280K, reserved 1048576K
}
2017-07-28T12:27:58.747+0200: 0,491: Total time for which application threads were stopped: 0,0053356 seconds, Stopping threads took: 0,0000993 seconds
2017-07-28T12:27:58.794+0200: 0,538: Total time for which application threads were stopped: 0,0001492 seconds, Stopping threads took: 0,0000158 seconds
2017-07-28T12:27:58.825+0200: 0,569: Total time for which application threads were stopped: 0,0001375 seconds, Stopping threads took: 0,0000133 seconds
2017-07-28T12:27:58.895+0200: 0,640: Total time for which application threads were stopped: 0,0001695 seconds, Stopping threads took: 0,0000138 seconds
2017-07-28T12:27:58.910+0200: 0,654: Total time for which application threads were stopped: 0,0002263 seconds, Stopping threads took: 0,0000947 seconds
2017-07-28T12:27:58.928+0200: 0,672: Total time for which application threads were stopped: 0,0001495 seconds, Stopping threads took: 0,0000145 seconds
2017-07-28T12:27:58.929+0200: 0,673: Total time for which application threads were stopped: 0,0000613 seconds, Stopping threads took: 0,0000092 seconds
2017-07-28T12:27:58.985+0200: 0,729: Total time for which application threads were stopped: 0,0002234 seconds, Stopping threads took: 0,0000181 seconds
2017-07-28T12:27:59.113+0200: 0,858: Total time for which application threads were stopped: 0,0002282 seconds, Stopping threads took: 0,0000308 seconds
{Heap before GC invocations=1 (full 0):
 par new generation   total 109248K, used 93172K [0x00000000e0000000, 0x00000000e8000000, 0x00000000e8000000)
  eden space 87424K, 100% used [0x00000000e0000000, 0x00000000e5560000, 0x00000000e5560000)
  from space 21824K,  26% used [0x00000000e6ab0000, 0x00000000e704d090, 0x00000000e8000000)
  to   space 21824K,   0% used [0x00000000e5560000, 0x00000000e5560000, 0x00000000e6ab0000)
 concurrent mark-sweep generation total 393216K, used 0K [0x00000000e8000000, 0x0000000100000000, 0x0000000100000000)
 Metaspace       used 18471K, capacity 18764K, committed 18944K, reserved 1067008K
  class space    used 2117K, capacity 2224K, committed 2304K, reserved 1048576K
2017-07-28T12:27:59.240+0200: 0,984: [GC (Allocation Failure) 2017-07-28T12:27:59.240+0200: 0,984: [ParNew
Desired survivor size 20112992 bytes, new threshold 8 (max 8)
- age   1:    9309576 bytes,    9309576 total
- age   2:    2560304 bytes,   11869880 total
: 93172K->13308K(109248K), 0,0068066 secs] 93172K->13308K(502464K), 0,0068782 secs] [Times: user=0,03 sys=0,00, real=0,00 secs] 
Heap after GC invocations=2 (full 0):
 par new generation   total 109248K, used 13308K [0x00000000e0000000, 0x00000000e8000000, 0x00000000e8000000)
  eden space 87424K,   0% used [0x00000000e0000000, 0x00000000e0000000, 0x00000000e5560000)
  from space 21824K,  60% used [0x00000000e5560000, 0x00000000e625f1b0, 0x00000000e6ab0000)
  to   space 21824K,   0% used [0x00000000e6ab0000, 0x00000000e6ab0000, 0x00000000e8000000)
 concurrent mark-sweep generation total 393216K, used 0K [0x00000000e8000000, 0x0000000100000000, 0x0000000100000000)
 Metaspace       used 18471K, capacity 18764K, committed 18944K, reserved 1067008K
  class space    used 2117K, capacity 2224K, committed 2304K, reserved 1048576K
}
2017-07-28T12:27:59.247+0200: 0,991: Total time for which application threads were stopped: 0,0070189 seconds, Stopping threads took: 0,0000167 seconds
2017-07-28T12:27:59.305+0200: 1,049: Total time for which application threads were stopped: 0,0002415 seconds, Stopping threads took: 0,0000169 seconds
2017-07-28T12:27:59.318+0200: 1,062: Total time for which application threads were stopped: 0,0002610 seconds, Stopping threads took: 0,0000221 seconds
2017-07-28T12:27:59.327+0200: 1,071: Total time for which application threads were stopped: 0,0003416 seconds, Stopping threads took: 0,0000873 seconds
{Heap before GC invocations=2 (full 0):
 par new generation   total 109248K, used 100732K [0x00000000e0000000, 0x00000000e8000000, 0x00000000e8000000)
  eden space 87424K, 100% used [0x00000000e0000000, 0x00000000e5560000, 0x00000000e5560000)
  from space 21824K,  60% used [0x00000000e5560000, 0x00000000e625f1b0, 0x00000000e6ab0000)
  to   space 21824K,   0% used [0x00000000e6ab0000, 0x00000000e6ab0000, 0x00000000e8000000)
 concurrent mark-sweep generation total 393216K, used 0K [0x00000000e8000000, 0x0000000100000000, 0x0000000100000000)
 Metaspace       used 19390K, capacity 19660K, committed 19712K, reserved 1067008K
  class space    used 2200K, capacity 2288K, committed 2304K, reserved 1048576K
2017-07-28T12:27:59.365+0200: 1,109: [GC (Allocation Failure) 2017-07-28T12:27:59.365+0200: 1,109: [ParNew
Desired survivor size 20112992 bytes, new threshold 8 (max 8)
- age   1:    1620248 bytes,    1620248 total
- age   2:    3675960 bytes,    5296208 total
- age   3:    2544176 bytes,    7840384 total
: 100732K->9644K(109248K), 0,0052284 secs] 100732K->9644K(502464K), 0,0053011 secs] [Times: user=0,02 sys=0,00, real=0,01 secs] 
Heap after GC invocations=3 (full 0):
 par new generation   total 109248K, used 9644K [0x00000000e0000000, 0x00000000e8000000, 0x00000000e8000000)
  eden space 87424K,   0% used [0x00000000e0000000, 0x00000000e0000000, 0x00000000e5560000)
  from space 21824K,  44% used [0x00000000e6ab0000, 0x00000000e741b060, 0x00000000e8000000)
  to   space 21824K,   0% used [0x00000000e5560000, 0x00000000e5560000, 0x00000000e6ab0000)
 concurrent mark-sweep generation total 393216K, used 0K [0x00000000e8000000, 0x0000000100000000, 0x0000000100000000)
 Metaspace       used 19390K, capacity 19660K, committed 19712K, reserved 1067008K
  class space    used 2200K, capacity 2288K, committed 2304K, reserved 1048576K
}
2017-07-28T12:27:59.370+0200: 1,114: Total time for which application threads were stopped: 0,0054824 seconds, Stopping threads took: 0,0000372 seconds
{Heap before GC invocations=3 (full 0):
 par new generation   total 109248K, used 97042K [0x00000000e0000000, 0x00000000e8000000, 0x00000000e8000000)
  eden space 87424K,  99% used [0x00000000e0000000, 0x00000000e55597c8, 0x00000000e5560000)
  from space 21824K,  44% used [0x00000000e6ab0000, 0x00000000e741b060, 0x00000000e8000000)
  to   space 21824K,   0% used [0x00000000e5560000, 0x00000000e5560000, 0x00000000e6ab0000)
 concurrent mark-sweep generation total 393216K, used 0K [0x00000000e8000000, 0x0000000100000000, 0x0000000100000000)
 Metaspace       used 20021K, capacity 20394K, committed 20608K, reserved 1067008K
  class space    used 2282K, capacity 2421K, committed 2432K, reserved 1048576K
2017-07-28T12:27:59.445+0200: 1,189: [GC (Allocation Failure) 2017-07-28T12:27:59.445+0200: 1,189: [ParNew
Desired survivor size 20112992 bytes, new threshold 8 (max 8)
- age   1:    1317368 bytes,    1317368 total
- age   2:     865656 bytes,    2183024 total
- age   3:    3655696 bytes,    5838720 total
- age   4:    2544000 bytes,    8382720 total
: 97042K->12229K(109248K), 0,0055810 secs] 97042K->12229K(502464K), 0,0056528 secs] [Times: user=0,04 sys=0,00, real=0,01 secs] 
Heap after GC invocations=4 (full 0):
 par new generation   total 109248K, used 12229K [0x00000000e0000000, 0x00000000e8000000, 0x00000000e8000000)
  eden space 87424K,   0% used [0x00000000e0000000, 0x00000000e0000000, 0x00000000e5560000)
  from space 21824K,  56% used [0x00000000e5560000, 0x00000000e6151720, 0x00000000e6ab0000)
  to   space 21824K,   0% used [0x00000000e6ab0000, 0x00000000e6ab0000, 0x00000000e8000000)
 concurrent mark-sweep generation total 393216K, used 0K [0x00000000e8000000, 0x0000000100000000, 0x0000000100000000)
 Metaspace       used 20021K, capacity 20394K, committed 20608K, reserved 1067008K
  class space    used 2282K, capacity 2421K, committed 2432K, reserved 1048576K
}
2017-07-28T12:27:59.450+0200: 1,194: Total time for which application threads were stopped: 0,0058641 seconds, Stopping threads took: 0,0000452 seconds
2017-07-28T12:27:59.512+0200: 1,257: Total time for which application threads were stopped: 0,0002620 seconds, Stopping threads took: 0,0000146 seconds
2017-07-28T12:27:59.514+0200: 1,258: Total time for which application threads were stopped: 0,0000518 seconds, Stopping threads took: 0,0000075 seconds
2017-07-28T12:27:59.536+0200: 1,280: Total time for which application threads were stopped: 0,0000749 seconds, Stopping threads took: 0,0000119 seconds
2017-07-28T12:27:59.558+0200: 1,302: Total time for which application threads were stopped: 0,0006247 seconds, Stopping threads took: 0,0005309 seconds
2017-07-28T12:27:59.581+0200: 1,325: Total time for which application threads were stopped: 0,0001713 seconds, Stopping threads took: 0,0001009 seconds
2017-07-28T12:27:59.585+0200: 1,330: Total time for which application threads were stopped: 0,0002644 seconds, Stopping threads took: 0,0000174 seconds
2017-07-28T12:27:59.607+0200: 1,351: Total time for which application threads were stopped: 0,0000755 seconds, Stopping threads took: 0,0000239 seconds
2017-07-28T12:27:59.607+0200: 1,351: Total time for which application threads were stopped: 0,0000725 seconds, Stopping threads took: 0,0000416 seconds
2017-07-28T12:27:59.633+0200: 1,377: Total time for which application threads were stopped: 0,0001608 seconds, Stopping threads took: 0,0000713 seconds
2017-07-28T12:27:59.649+0200: 1,393: Total time for which application threads were stopped: 0,0000902 seconds, Stopping threads took: 0,0000179 seconds
2017-07-28T12:27:59.661+0200: 1,405: Total time for which application threads were stopped: 0,0000721 seconds, Stopping threads took: 0,0000153 seconds
2017-07-28T12:27:59.677+0200: 1,421: Total time for which application threads were stopped: 0,0001002 seconds, Stopping threads took: 0,0000189 seconds
2017-07-28T12:27:59.697+0200: 1,441: Total time for which application threads were stopped: 0,0000842 seconds, Stopping threads took: 0,0000185 seconds
{Heap before GC invocations=4 (full 0):
 par new generation   total 109248K, used 99653K [0x00000000e0000000, 0x00000000e8000000, 0x00000000e8000000)
  eden space 87424K, 100% used [0x00000000e0000000, 0x00000000e5560000, 0x00000000e5560000)
  from space 21824K,  56% used [0x00000000e5560000, 0x00000000e6151720, 0x00000000e6ab0000)
  to   space 21824K,   0% used [0x00000000e6ab0000, 0x00000000e6ab0000, 0x00000000e8000000)
 concurrent mark-sweep generation total 393216K, used 0K [0x00000000e8000000, 0x0000000100000000, 0x0000000100000000)
 Metaspace       used 23821K, capacity 24182K, committed 24540K, reserved 1071104K
  class space    used 2760K, capacity 2917K, committed 2992K, reserved 1048576K
2017-07-28T12:27:59.701+0200: 1,445: [GC (Allocation Failure) 2017-07-28T12:27:59.701+0200: 1,445: [ParNew
Desired survivor size 20112992 bytes, new threshold 8 (max 8)
- age   1:    3895120 bytes,    3895120 total
- age   2:     160544 bytes,    4055664 total
- age   3:     259416 bytes,    4315080 total
- age   4:    3648440 bytes,    7963520 total
- age   5:    2543944 bytes,   10507464 total
: 99653K->12770K(109248K), 0,0063549 secs] 99653K->12770K(502464K), 0,0064147 secs] [Times: user=0,02 sys=0,00, real=0,00 secs] 
Heap after GC invocations=5 (full 0):
 par new generation   total 109248K, used 12770K [0x00000000e0000000, 0x00000000e8000000, 0x00000000e8000000)
  eden space 87424K,   0% used [0x00000000e0000000, 0x00000000e0000000, 0x00000000e5560000)
  from space 21824K,  58% used [0x00000000e6ab0000, 0x00000000e7728800, 0x00000000e8000000)
  to   space 21824K,   0% used [0x00000000e5560000, 0x00000000e5560000, 0x00000000e6ab0000)
 concurrent mark-sweep generation total 393216K, used 0K [0x00000000e8000000, 0x0000000100000000, 0x0000000100000000)
 Metaspace       used 23821K, capacity 24182K, committed 24540K, reserved 1071104K
  class space    used 2760K, capacity 2917K, committed 2992K, reserved 1048576K
}
2017-07-28T12:27:59.707+0200: 1,451: Total time for which application threads were stopped: 0,0065205 seconds, Stopping threads took: 0,0000099 seconds
2017-07-28T12:27:59.707+0200: 1,451: [GC (CMS Initial Mark) [1 CMS-initial-mark: 0K(393216K)] 13279K(502464K), 0,0016689 secs] [Times: user=0,01 sys=0,00, real=0,00 secs] 
2017-07-28T12:27:59.709+0200: 1,453: Total time for which application threads were stopped: 0,0017725 seconds, Stopping threads took: 0,0000185 seconds
2017-07-28T12:27:59.709+0200: 1,453: [CMS-concurrent-mark-start]
2017-07-28T12:27:59.709+0200: 1,453: [CMS-concurrent-mark: 0,000/0,000 secs] [Times: user=0,00 sys=0,00, real=0,00 secs] 
2017-07-28T12:27:59.709+0200: 1,453: [CMS-concurrent-preclean-start]
2017-07-28T12:27:59.710+0200: 1,454: [CMS-concurrent-preclean: 0,001/0,001 secs] [Times: user=0,01 sys=0,00, real=0,00 secs] 
2017-07-28T12:27:59.710+0200: 1,454: [GC (CMS Final Remark) [YG occupancy: 14312 K (109248 K)]{Heap before GC invocations=5 (full 1):
 par new generation   total 109248K, used 14312K [0x00000000e0000000, 0x00000000e8000000, 0x00000000e8000000)
  eden space 87424K,   1% used [0x00000000e0000000, 0x00000000e0181b80, 0x00000000e5560000)
  from space 21824K,  58% used [0x00000000e6ab0000, 0x00000000e7728800, 0x00000000e8000000)
  to   space 21824K,   0% used [0x00000000e5560000, 0x00000000e5560000, 0x00000000e6ab0000)
 concurrent mark-sweep generation total 393216K, used 0K [0x00000000e8000000, 0x0000000100000000, 0x0000000100000000)
 Metaspace       used 23821K, capacity 24182K, committed 24540K, reserved 1071104K
  class space    used 2760K, capacity 2917K, committed 2992K, reserved 1048576K
2017-07-28T12:27:59.710+0200: 1,454: [GC (CMS Final Remark) 2017-07-28T12:27:59.710+0200: 1,454: [ParNew
Desired survivor size 20112992 bytes, new threshold 8 (max 8)
- age   1:       2152 bytes,       2152 total
- age   2:    1302224 bytes,    1304376 total
- age   3:     160544 bytes,    1464920 total
- age   4:     259416 bytes,    1724336 total
- age   5:    3648440 bytes,    5372776 total
- age   6:    2544080 bytes,    7916856 total
: 14312K->11215K(109248K), 0,0048804 secs] 14312K->11215K(502464K), 0,0049224 secs] [Times: user=0,01 sys=0,00, real=0,00 secs] 
Heap after GC invocations=6 (full 1):
 par new generation   total 109248K, used 11215K [0x00000000e0000000, 0x00000000e8000000, 0x00000000e8000000)
  eden space 87424K,   0% used [0x00000000e0000000, 0x00000000e0000000, 0x00000000e5560000)
  from space 21824K,  51% used [0x00000000e5560000, 0x00000000e6053fc0, 0x00000000e6ab0000)
  to   space 21824K,   0% used [0x00000000e6ab0000, 0x00000000e6ab0000, 0x00000000e8000000)
 concurrent mark-sweep generation total 393216K, used 0K [0x00000000e8000000, 0x0000000100000000, 0x0000000100000000)
 Metaspace       used 23821K, capacity 24182K, committed 24540K, reserved 1071104K
  class space    used 2760K, capacity 2917K, committed 2992K, reserved 1048576K
}
2017-07-28T12:27:59.715+0200: 1,459: [Rescan (parallel) , 0,0015832 secs]2017-07-28T12:27:59.717+0200: 1,461: [weak refs processing, 0,0002628 secs]2017-07-28T12:27:59.717+0200: 1,461: [class unloading, 0,0025256 secs]2017-07-28T12:27:59.720+0200: 1,464: [scrub symbol table, 0,0023141 secs]2017-07-28T12:27:59.722+0200: 1,466: [scrub string table, 0,0003297 secs][1 CMS-remark: 0K(393216K)] 11215K(502464K), 0,0126181 secs] [Times: user=0,02 sys=0,00, real=0,01 secs] 
2017-07-28T12:27:59.723+0200: 1,467: Total time for which application threads were stopped: 0,0127510 seconds, Stopping threads took: 0,0000632 seconds
2017-07-28T12:27:59.723+0200: 1,467: [CMS-concurrent-sweep-start]
2017-07-28T12:27:59.723+0200: 1,467: [CMS-concurrent-sweep: 0,000/0,000 secs] [Times: user=0,00 sys=0,00, real=0,00 secs] 
2017-07-28T12:27:59.723+0200: 1,467: [CMS-concurrent-reset-start]
2017-07-28T12:27:59.724+0200: 1,468: [CMS-concurrent-reset: 0,001/0,001 secs] [Times: user=0,00 sys=0,01, real=0,00 secs] 
2017-07-28T12:27:59.791+0200: 1,535: Total time for which application threads were stopped: 0,0002875 seconds, Stopping threads took: 0,0000155 seconds
2017-07-28T12:27:59.792+0200: 1,536: Total time for which application threads were stopped: 0,0001933 seconds, Stopping threads took: 0,0000698 seconds
{Heap before GC invocations=6 (full 1):
 par new generation   total 109248K, used 98639K [0x00000000e0000000, 0x00000000e8000000, 0x00000000e8000000)
  eden space 87424K, 100% used [0x00000000e0000000, 0x00000000e5560000, 0x00000000e5560000)
  from space 21824K,  51% used [0x00000000e5560000, 0x00000000e6053fc0, 0x00000000e6ab0000)
  to   space 21824K,   0% used [0x00000000e6ab0000, 0x00000000e6ab0000, 0x00000000e8000000)
 concurrent mark-sweep generation total 393216K, used 0K [0x00000000e8000000, 0x0000000100000000, 0x0000000100000000)
 Metaspace       used 25479K, capacity 25890K, committed 26128K, reserved 1073152K
  class space    used 2939K, capacity 3081K, committed 3120K, reserved 1048576K
2017-07-28T12:27:59.919+0200: 1,663: [GC (Allocation Failure) 2017-07-28T12:27:59.919+0200: 1,663: [ParNew
Desired survivor size 20112992 bytes, new threshold 8 (max 8)
- age   1:   10983288 bytes,   10983288 total
- age   2:       1480 bytes,   10984768 total
- age   3:    1286280 bytes,   12271048 total
- age   4:     160544 bytes,   12431592 total
- age   5:     252808 bytes,   12684400 total
- age   6:    3638648 bytes,   16323048 total
- age   7:    2543624 bytes,   18866672 total
: 98639K->20825K(109248K), 0,0112710 secs] 98639K->20825K(502464K), 0,0113654 secs] [Times: user=0,06 sys=0,00, real=0,02 secs] 
Heap after GC invocations=7 (full 1):
 par new generation   total 109248K, used 20825K [0x00000000e0000000, 0x00000000e8000000, 0x00000000e8000000)
  eden space 87424K,   0% used [0x00000000e0000000, 0x00000000e0000000, 0x00000000e5560000)
  from space 21824K,  95% used [0x00000000e6ab0000, 0x00000000e7f06490, 0x00000000e8000000)
  to   space 21824K,   0% used [0x00000000e5560000, 0x00000000e5560000, 0x00000000e6ab0000)
 concurrent mark-sweep generation total 393216K, used 0K [0x00000000e8000000, 0x0000000100000000, 0x0000000100000000)
 Metaspace       used 25479K, capacity 25890K, committed 26128K, reserved 1073152K
  class space    used 2939K, capacity 3081K, committed 3120K, reserved 1048576K
}
2017-07-28T12:27:59.930+0200: 1,674: Total time for which application threads were stopped: 0,0116632 seconds, Stopping threads took: 0,0000275 seconds
2017-07-28T12:27:59.952+0200: 1,696: Total time for which application threads were stopped: 0,0004323 seconds, Stopping threads took: 0,0000225 seconds
2017-07-28T12:27:59.991+0200: 1,735: Total time for which application threads were stopped: 0,0004828 seconds, Stopping threads took: 0,0000230 seconds
{Heap before GC invocations=7 (full 1):
 par new generation   total 109248K, used 108249K [0x00000000e0000000, 0x00000000e8000000, 0x00000000e8000000)
  eden space 87424K, 100% used [0x00000000e0000000, 0x00000000e5560000, 0x00000000e5560000)
  from space 21824K,  95% used [0x00000000e6ab0000, 0x00000000e7f06490, 0x00000000e8000000)
  to   space 21824K,   0% used [0x00000000e5560000, 0x00000000e5560000, 0x00000000e6ab0000)
 concurrent mark-sweep generation total 393216K, used 0K [0x00000000e8000000, 0x0000000100000000, 0x0000000100000000)
 Metaspace       used 25670K, capacity 26010K, committed 26384K, reserved 1073152K
  class space    used 2953K, capacity 3117K, committed 3120K, reserved 1048576K
2017-07-28T12:28:00.001+0200: 1,745: [GC (Allocation Failure) 2017-07-28T12:28:00.001+0200: 1,745: [ParNew
Desired survivor size 20112992 bytes, new threshold 8 (max 8)
- age   1:    3543288 bytes,    3543288 total
- age   2:    8748264 bytes,   12291552 total
- age   3:       1480 bytes,   12293032 total
- age   4:    1286280 bytes,   13579312 total
- age   5:     160464 bytes,   13739776 total
- age   6:     252808 bytes,   13992584 total
- age   7:    3638576 bytes,   17631160 total
- age   8:    2543624 bytes,   20174784 total
: 108249K->21824K(109248K), 0,0106997 secs] 108249K->21949K(502464K), 0,0107665 secs] [Times: user=0,05 sys=0,00, real=0,01 secs] 
Heap after GC invocations=8 (full 1):
 par new generation   total 109248K, used 21824K [0x00000000e0000000, 0x00000000e8000000, 0x00000000e8000000)
  eden space 87424K,   0% used [0x00000000e0000000, 0x00000000e0000000, 0x00000000e5560000)
  from space 21824K, 100% used [0x00000000e5560000, 0x00000000e6ab0000, 0x00000000e6ab0000)
  to   space 21824K,   0% used [0x00000000e6ab0000, 0x00000000e6ab0000, 0x00000000e8000000)
 concurrent mark-sweep generation total 393216K, used 125K [0x00000000e8000000, 0x0000000100000000, 0x0000000100000000)
 Metaspace       used 25670K, capacity 26010K, committed 26384K, reserved 1073152K
  class space    used 2953K, capacity 3117K, committed 3120K, reserved 1048576K
}
2017-07-28T12:28:00.012+0200: 1,756: Total time for which application threads were stopped: 0,0109678 seconds, Stopping threads took: 0,0000725 seconds
{Heap before GC invocations=8 (full 1):
 par new generation   total 109248K, used 109248K [0x00000000e0000000, 0x00000000e8000000, 0x00000000e8000000)
  eden space 87424K, 100% used [0x00000000e0000000, 0x00000000e5560000, 0x00000000e5560000)
  from space 21824K, 100% used [0x00000000e5560000, 0x00000000e6ab0000, 0x00000000e6ab0000)
  to   space 21824K,   0% used [0x00000000e6ab0000, 0x00000000e6ab0000, 0x00000000e8000000)
 concurrent mark-sweep generation total 393216K, used 125K [0x00000000e8000000, 0x0000000100000000, 0x0000000100000000)
 Metaspace       used 25723K, capacity 26168K, committed 26512K, reserved 1073152K
  class space    used 2957K, capacity 3122K, committed 3248K, reserved 1048576K
2017-07-28T12:28:00.039+0200: 1,783: [GC (Allocation Failure) 2017-07-28T12:28:00.039+0200: 1,783: [ParNew
Desired survivor size 20112992 bytes, new threshold 8 (max 8)
- age   1:     902344 bytes,     902344 total
- age   2:    3247472 bytes,    4149816 total
- age   3:    8719104 bytes,   12868920 total
- age   4:       1480 bytes,   12870400 total
- age   5:    1286280 bytes,   14156680 total
- age   6:     160024 bytes,   14316704 total
- age   7:     252808 bytes,   14569512 total
- age   8:    3638544 bytes,   18208056 total
: 109248K->21824K(109248K), 0,0143178 secs] 109373K->24469K(502464K), 0,0144005 secs] [Times: user=0,07 sys=0,00, real=0,02 secs] 
Heap after GC invocations=9 (full 1):
 par new generation   total 109248K, used 21824K [0x00000000e0000000, 0x00000000e8000000, 0x00000000e8000000)
  eden space 87424K,   0% used [0x00000000e0000000, 0x00000000e0000000, 0x00000000e5560000)
  from space 21824K, 100% used [0x00000000e6ab0000, 0x00000000e8000000, 0x00000000e8000000)
  to   space 21824K,   0% used [0x00000000e5560000, 0x00000000e5560000, 0x00000000e6ab0000)
 concurrent mark-sweep generation total 393216K, used 2645K [0x00000000e8000000, 0x0000000100000000, 0x0000000100000000)
 Metaspace       used 25723K, capacity 26168K, committed 26512K, reserved 1073152K
  class space    used 2957K, capacity 3122K, committed 3248K, reserved 1048576K
}
2017-07-28T12:28:00.053+0200: 1,797: Total time for which application threads were stopped: 0,0146675 seconds, Stopping threads took: 0,0000853 seconds
{Heap before GC invocations=9 (full 1):
 par new generation   total 109248K, used 109248K [0x00000000e0000000, 0x00000000e8000000, 0x00000000e8000000)
  eden space 87424K, 100% used [0x00000000e0000000, 0x00000000e5560000, 0x00000000e5560000)
  from space 21824K, 100% used [0x00000000e6ab0000, 0x00000000e8000000, 0x00000000e8000000)
  to   space 21824K,   0% used [0x00000000e5560000, 0x00000000e5560000, 0x00000000e6ab0000)
 concurrent mark-sweep generation total 393216K, used 2645K [0x00000000e8000000, 0x0000000100000000, 0x0000000100000000)
 Metaspace       used 26289K, capacity 26680K, committed 27024K, reserved 1073152K
  class space    used 3034K, capacity 3186K, committed 3248K, reserved 1048576K
2017-07-28T12:28:00.106+0200: 1,850: [GC (Allocation Failure) 2017-07-28T12:28:00.106+0200: 1,850: [ParNew
Desired survivor size 20112992 bytes, new threshold 8 (max 8)
- age   1:     954000 bytes,     954000 total
- age   2:      92744 bytes,    1046744 total
- age   3:    3247472 bytes,    4294216 total
- age   4:    8719072 bytes,   13013288 total
- age   5:       1480 bytes,   13014768 total
- age   6:    1285976 bytes,   14300744 total
- age   7:     159928 bytes,   14460672 total
- age   8:     252752 bytes,   14713424 total
: 109248K->17962K(109248K), 0,0116818 secs] 111893K->24194K(502464K), 0,0117419 secs] [Times: user=0,05 sys=0,00, real=0,01 secs] 
Heap after GC invocations=10 (full 1):
 par new generation   total 109248K, used 17962K [0x00000000e0000000, 0x00000000e8000000, 0x00000000e8000000)
  eden space 87424K,   0% used [0x00000000e0000000, 0x00000000e0000000, 0x00000000e5560000)
  from space 21824K,  82% used [0x00000000e5560000, 0x00000000e66ea860, 0x00000000e6ab0000)
  to   space 21824K,   0% used [0x00000000e6ab0000, 0x00000000e6ab0000, 0x00000000e8000000)
 concurrent mark-sweep generation total 393216K, used 6232K [0x00000000e8000000, 0x0000000100000000, 0x0000000100000000)
 Metaspace       used 26289K, capacity 26680K, committed 27024K, reserved 1073152K
  class space    used 3034K, capacity 3186K, committed 3248K, reserved 1048576K
}
2017-07-28T12:28:00.118+0200: 1,862: Total time for which application threads were stopped: 0,0132008 seconds, Stopping threads took: 0,0013181 seconds
{Heap before GC invocations=10 (full 1):
 par new generation   total 109248K, used 105343K [0x00000000e0000000, 0x00000000e8000000, 0x00000000e8000000)
  eden space 87424K,  99% used [0x00000000e0000000, 0x00000000e5555570, 0x00000000e5560000)
  from space 21824K,  82% used [0x00000000e5560000, 0x00000000e66ea860, 0x00000000e6ab0000)
  to   space 21824K,   0% used [0x00000000e6ab0000, 0x00000000e6ab0000, 0x00000000e8000000)
 concurrent mark-sweep generation total 393216K, used 6232K [0x00000000e8000000, 0x0000000100000000, 0x0000000100000000)
 Metaspace       used 26338K, capacity 26718K, committed 27024K, reserved 1073152K
  class space    used 3043K, capacity 3219K, committed 3248K, reserved 1048576K
2017-07-28T12:28:00.164+0200: 1,908: [GC (Allocation Failure) 2017-07-28T12:28:00.164+0200: 1,908: [ParNew
Desired survivor size 20112992 bytes, new threshold 8 (max 8)
- age   1:     467560 bytes,     467560 total
- age   2:     119720 bytes,     587280 total
- age   3:      92416 bytes,     679696 total
- age   4:    3247472 bytes,    3927168 total
- age   5:    8719072 bytes,   12646240 total
- age   6:       1480 bytes,   12647720 total
- age   7:    1285976 bytes,   13933696 total
- age   8:     159928 bytes,   14093624 total
: 105343K->21824K(109248K), 0,0089910 secs] 111576K->28309K(502464K), 0,0090647 secs] [Times: user=0,04 sys=0,01, real=0,01 secs] 
Heap after GC invocations=11 (full 1):
 par new generation   total 109248K, used 21824K [0x00000000e0000000, 0x00000000e8000000, 0x00000000e8000000)
  eden space 87424K,   0% used [0x00000000e0000000, 0x00000000e0000000, 0x00000000e5560000)
  from space 21824K, 100% used [0x00000000e6ab0000, 0x00000000e8000000, 0x00000000e8000000)
  to   space 21824K,   0% used [0x00000000e5560000, 0x00000000e5560000, 0x00000000e6ab0000)
 concurrent mark-sweep generation total 393216K, used 6485K [0x00000000e8000000, 0x0000000100000000, 0x0000000100000000)
 Metaspace       used 26338K, capacity 26718K, committed 27024K, reserved 1073152K
  class space    used 3043K, capacity 3219K, committed 3248K, reserved 1048576K
}
2017-07-28T12:28:00.173+0200: 1,917: Total time for which application threads were stopped: 0,0092830 seconds, Stopping threads took: 0,0000697 seconds
{Heap before GC invocations=11 (full 1):
 par new generation   total 109248K, used 109248K [0x00000000e0000000, 0x00000000e8000000, 0x00000000e8000000)
  eden space 87424K, 100% used [0x00000000e0000000, 0x00000000e5560000, 0x00000000e5560000)
  from space 21824K, 100% used [0x00000000e6ab0000, 0x00000000e8000000, 0x00000000e8000000)
  to   space 21824K,   0% used [0x00000000e5560000, 0x00000000e5560000, 0x00000000e6ab0000)
 concurrent mark-sweep generation total 393216K, used 6485K [0x00000000e8000000, 0x0000000100000000, 0x0000000100000000)
 Metaspace       used 26635K, capacity 27006K, committed 27408K, reserved 1073152K
  class space    used 3078K, capacity 3251K, committed 3376K, reserved 1048576K
2017-07-28T12:28:00.229+0200: 1,973: [GC (Allocation Failure) 2017-07-28T12:28:00.229+0200: 1,973: [ParNew
Desired survivor size 20112992 bytes, new threshold 8 (max 8)
- age   1:     861768 bytes,     861768 total
- age   2:      91544 bytes,     953312 total
- age   3:     118720 bytes,    1072032 total
- age   4:      92176 bytes,    1164208 total
- age   5:    3247016 bytes,    4411224 total
- age   6:    8719072 bytes,   13130296 total
- age   7:       1480 bytes,   13131776 total
- age   8:    1285976 bytes,   14417752 total
: 109248K->19958K(109248K), 0,0095478 secs] 115733K->26604K(502464K), 0,0096189 secs] [Times: user=0,04 sys=0,00, real=0,00 secs] 
Heap after GC invocations=12 (full 1):
 par new generation   total 109248K, used 19958K [0x00000000e0000000, 0x00000000e8000000, 0x00000000e8000000)
  eden space 87424K,   0% used [0x00000000e0000000, 0x00000000e0000000, 0x00000000e5560000)
  from space 21824K,  91% used [0x00000000e5560000, 0x00000000e68dd930, 0x00000000e6ab0000)
  to   space 21824K,   0% used [0x00000000e6ab0000, 0x00000000e6ab0000, 0x00000000e8000000)
 concurrent mark-sweep generation total 393216K, used 6645K [0x00000000e8000000, 0x0000000100000000, 0x0000000100000000)
 Metaspace       used 26635K, capacity 27006K, committed 27408K, reserved 1073152K
  class space    used 3078K, capacity 3251K, committed 3376K, reserved 1048576K
}
2017-07-28T12:28:00.239+0200: 1,983: Total time for which application threads were stopped: 0,0098509 seconds, Stopping threads took: 0,0000768 seconds
2017-07-28T12:28:00.272+0200: 2,016: Total time for which application threads were stopped: 0,0003552 seconds, Stopping threads took: 0,0000385 seconds
{Heap before GC invocations=12 (full 1):
 par new generation   total 109248K, used 107382K [0x00000000e0000000, 0x00000000e8000000, 0x00000000e8000000)
  eden space 87424K, 100% used [0x00000000e0000000, 0x00000000e5560000, 0x00000000e5560000)
  from space 21824K,  91% used [0x00000000e5560000, 0x00000000e68dd930, 0x00000000e6ab0000)
  to   space 21824K,   0% used [0x00000000e6ab0000, 0x00000000e6ab0000, 0x00000000e8000000)
 concurrent mark-sweep generation total 393216K, used 6645K [0x00000000e8000000, 0x0000000100000000, 0x0000000100000000)
 Metaspace       used 28255K, capacity 28646K, committed 29072K, reserved 1075200K
  class space    used 3221K, capacity 3379K, committed 3504K, reserved 1048576K
2017-07-28T12:28:00.471+0200: 2,215: [GC (Allocation Failure) 2017-07-28T12:28:00.471+0200: 2,215: [ParNew
Desired survivor size 20112992 bytes, new threshold 7 (max 8)
- age   1:   10376472 bytes,   10376472 total
- age   2:     117272 bytes,   10493744 total
- age   3:      90592 bytes,   10584336 total
- age   4:     117312 bytes,   10701648 total
- age   5:      91304 bytes,   10792952 total
- age   6:    1293736 bytes,   12086688 total
- age   7:    8703216 bytes,   20789904 total
- age   8:       1480 bytes,   20791384 total
: 107382K->21824K(109248K), 0,0167585 secs] 114028K->30148K(502464K), 0,0168204 secs] [Times: user=0,10 sys=0,00, real=0,02 secs] 
Heap after GC invocations=13 (full 1):
 par new generation   total 109248K, used 21824K [0x00000000e0000000, 0x00000000e8000000, 0x00000000e8000000)
  eden space 87424K,   0% used [0x00000000e0000000, 0x00000000e0000000, 0x00000000e5560000)
  from space 21824K, 100% used [0x00000000e6ab0000, 0x00000000e8000000, 0x00000000e8000000)
  to   space 21824K,   0% used [0x00000000e5560000, 0x00000000e5560000, 0x00000000e6ab0000)
 concurrent mark-sweep generation total 393216K, used 8324K [0x00000000e8000000, 0x0000000100000000, 0x0000000100000000)
 Metaspace       used 28255K, capacity 28646K, committed 29072K, reserved 1075200K
  class space    used 3221K, capacity 3379K, committed 3504K, reserved 1048576K
}
2017-07-28T12:28:00.488+0200: 2,232: Total time for which application threads were stopped: 0,0171316 seconds, Stopping threads took: 0,0001061 seconds
{Heap before GC invocations=13 (full 1):
 par new generation   total 109248K, used 109248K [0x00000000e0000000, 0x00000000e8000000, 0x00000000e8000000)
  eden space 87424K, 100% used [0x00000000e0000000, 0x00000000e5560000, 0x00000000e5560000)
  from space 21824K, 100% used [0x00000000e6ab0000, 0x00000000e8000000, 0x00000000e8000000)
  to   space 21824K,   0% used [0x00000000e5560000, 0x00000000e5560000, 0x00000000e6ab0000)
 concurrent mark-sweep generation total 393216K, used 8324K [0x00000000e8000000, 0x0000000100000000, 0x0000000100000000)
 Metaspace       used 28419K, capacity 28870K, committed 29072K, reserved 1075200K
  class space    used 3243K, capacity 3411K, committed 3504K, reserved 1048576K
2017-07-28T12:28:00.554+0200: 2,298: [GC (Allocation Failure) 2017-07-28T12:28:00.554+0200: 2,298: [ParNew
Desired survivor size 20112992 bytes, new threshold 8 (max 8)
- age   1:    1830936 bytes,    1830936 total
- age   2:    9033432 bytes,   10864368 total
- age   3:     117272 bytes,   10981640 total
- age   4:      90592 bytes,   11072232 total
- age   5:     117312 bytes,   11189544 total
- age   6:      91304 bytes,   11280848 total
- age   7:    1293808 bytes,   12574656 total
: 109248K->21824K(109248K), 0,0172355 secs] 117572K->38662K(502464K), 0,0173101 secs] [Times: user=0,10 sys=0,00, real=0,02 secs] 
Heap after GC invocations=14 (full 1):
 par new generation   total 109248K, used 21824K [0x00000000e0000000, 0x00000000e8000000, 0x00000000e8000000)
  eden space 87424K,   0% used [0x00000000e0000000, 0x00000000e0000000, 0x00000000e5560000)
  from space 21824K, 100% used [0x00000000e5560000, 0x00000000e6ab0000, 0x00000000e6ab0000)
  to   space 21824K,   0% used [0x00000000e6ab0000, 0x00000000e6ab0000, 0x00000000e8000000)
 concurrent mark-sweep generation total 393216K, used 16838K [0x00000000e8000000, 0x0000000100000000, 0x0000000100000000)
 Metaspace       used 28419K, capacity 28870K, committed 29072K, reserved 1075200K
  class space    used 3243K, capacity 3411K, committed 3504K, reserved 1048576K
}
2017-07-28T12:28:00.571+0200: 2,315: Total time for which application threads were stopped: 0,0175217 seconds, Stopping threads took: 0,0000518 seconds
{Heap before GC invocations=14 (full 1):
 par new generation   total 109248K, used 109248K [0x00000000e0000000, 0x00000000e8000000, 0x00000000e8000000)
  eden space 87424K, 100% used [0x00000000e0000000, 0x00000000e5560000, 0x00000000e5560000)
  from space 21824K, 100% used [0x00000000e5560000, 0x00000000e6ab0000, 0x00000000e6ab0000)
  to   space 21824K,   0% used [0x00000000e6ab0000, 0x00000000e6ab0000, 0x00000000e8000000)
 concurrent mark-sweep generation total 393216K, used 16838K [0x00000000e8000000, 0x0000000100000000, 0x0000000100000000)
 Metaspace       used 28440K, capacity 28894K, committed 29328K, reserved 1075200K
  class space    used 3245K, capacity 3415K, committed 3504K, reserved 1048576K
2017-07-28T12:28:00.619+0200: 2,363: [GC (Allocation Failure) 2017-07-28T12:28:00.619+0200: 2,363: [ParNew
Desired survivor size 20112992 bytes, new threshold 8 (max 8)
- age   1:     907408 bytes,     907408 total
- age   2:    1317520 bytes,    2224928 total
- age   3:    9023464 bytes,   11248392 total
- age   4:     117272 bytes,   11365664 total
- age   5:      90592 bytes,   11456256 total
- age   6:     117312 bytes,   11573568 total
- age   7:      91304 bytes,   11664872 total
- age   8:    1293736 bytes,   12958608 total
: 109248K->15904K(109248K), 0,0102253 secs] 126086K->32742K(502464K), 0,0102971 secs] [Times: user=0,06 sys=0,00, real=0,02 secs] 
Heap after GC invocations=15 (full 1):
 par new generation   total 109248K, used 15904K [0x00000000e0000000, 0x00000000e8000000, 0x00000000e8000000)
  eden space 87424K,   0% used [0x00000000e0000000, 0x00000000e0000000, 0x00000000e5560000)
  from space 21824K,  72% used [0x00000000e6ab0000, 0x00000000e7a382d0, 0x00000000e8000000)
  to   space 21824K,   0% used [0x00000000e5560000, 0x00000000e5560000, 0x00000000e6ab0000)
 concurrent mark-sweep generation total 393216K, used 16838K [0x00000000e8000000, 0x0000000100000000, 0x0000000100000000)
 Metaspace       used 28440K, capacity 28894K, committed 29328K, reserved 1075200K
  class space    used 3245K, capacity 3415K, committed 3504K, reserved 1048576K
}
2017-07-28T12:28:00.629+0200: 2,373: Total time for which application threads were stopped: 0,0116479 seconds, Stopping threads took: 0,0011921 seconds
{Heap before GC invocations=15 (full 1):
 par new generation   total 109248K, used 103328K [0x00000000e0000000, 0x00000000e8000000, 0x00000000e8000000)
  eden space 87424K, 100% used [0x00000000e0000000, 0x00000000e5560000, 0x00000000e5560000)
  from space 21824K,  72% used [0x00000000e6ab0000, 0x00000000e7a382d0, 0x00000000e8000000)
  to   space 21824K,   0% used [0x00000000e5560000, 0x00000000e5560000, 0x00000000e6ab0000)
 concurrent mark-sweep generation total 393216K, used 16838K [0x00000000e8000000, 0x0000000100000000, 0x0000000100000000)
 Metaspace       used 28443K, capacity 28894K, committed 29328K, reserved 1075200K
  class space    used 3245K, capacity 3415K, committed 3504K, reserved 1048576K
2017-07-28T12:28:00.685+0200: 2,429: [GC (Allocation Failure) 2017-07-28T12:28:00.685+0200: 2,429: [ParNew
Desired survivor size 20112992 bytes, new threshold 8 (max 8)
- age   1:     391248 bytes,     391248 total
- age   2:     526320 bytes,     917568 total
- age   3:    1307776 bytes,    2225344 total
- age   4:    9023464 bytes,   11248808 total
- age   5:     117272 bytes,   11366080 total
- age   6:      90592 bytes,   11456672 total
- age   7:     117312 bytes,   11573984 total
- age   8:      91304 bytes,   11665288 total
: 103328K->14878K(109248K), 0,0080275 secs] 120166K->32983K(502464K), 0,0081170 secs] [Times: user=0,05 sys=0,00, real=0,01 secs] 
Heap after GC invocations=16 (full 1):
 par new generation   total 109248K, used 14878K [0x00000000e0000000, 0x00000000e8000000, 0x00000000e8000000)
  eden space 87424K,   0% used [0x00000000e0000000, 0x00000000e0000000, 0x00000000e5560000)
  from space 21824K,  68% used [0x00000000e5560000, 0x00000000e63e7b40, 0x00000000e6ab0000)
  to   space 21824K,   0% used [0x00000000e6ab0000, 0x00000000e6ab0000, 0x00000000e8000000)
 concurrent mark-sweep generation total 393216K, used 18104K [0x00000000e8000000, 0x0000000100000000, 0x0000000100000000)
 Metaspace       used 28443K, capacity 28894K, committed 29328K, reserved 1075200K
  class space    used 3245K, capacity 3415K, committed 3504K, reserved 1048576K
}
2017-07-28T12:28:00.693+0200: 2,437: Total time for which application threads were stopped: 0,0083431 seconds, Stopping threads took: 0,0000555 seconds
{Heap before GC invocations=16 (full 1):
 par new generation   total 109248K, used 102302K [0x00000000e0000000, 0x00000000e8000000, 0x00000000e8000000)
  eden space 87424K, 100% used [0x00000000e0000000, 0x00000000e5560000, 0x00000000e5560000)
  from space 21824K,  68% used [0x00000000e5560000, 0x00000000e63e7b40, 0x00000000e6ab0000)
  to   space 21824K,   0% used [0x00000000e6ab0000, 0x00000000e6ab0000, 0x00000000e8000000)
 concurrent mark-sweep generation total 393216K, used 18104K [0x00000000e8000000, 0x0000000100000000, 0x0000000100000000)
 Metaspace       used 28594K, capacity 29046K, committed 29328K, reserved 1075200K
  class space    used 3253K, capacity 3425K, committed 3504K, reserved 1048576K
2017-07-28T12:28:00.795+0200: 2,539: [GC (Allocation Failure) 2017-07-28T12:28:00.795+0200: 2,539: [ParNew
Desired survivor size 20112992 bytes, new threshold 8 (max 8)
- age   1:    2639560 bytes,    2639560 total
- age   2:      76728 bytes,    2716288 total
- age   3:     524968 bytes,    3241256 total
- age   4:     644456 bytes,    3885712 total
- age   5:    9021400 bytes,   12907112 total
- age   6:     117272 bytes,   13024384 total
- age   7:      90592 bytes,   13114976 total
- age   8:     117312 bytes,   13232288 total
: 102302K->15817K(109248K), 0,0133961 secs] 120407K->34013K(502464K), 0,0134891 secs] [Times: user=0,08 sys=0,00, real=0,02 secs] 
Heap after GC invocations=17 (full 1):
 par new generation   total 109248K, used 15817K [0x00000000e0000000, 0x00000000e8000000, 0x00000000e8000000)
  eden space 87424K,   0% used [0x00000000e0000000, 0x00000000e0000000, 0x00000000e5560000)
  from space 21824K,  72% used [0x00000000e6ab0000, 0x00000000e7a22540, 0x00000000e8000000)
  to   space 21824K,   0% used [0x00000000e5560000, 0x00000000e5560000, 0x00000000e6ab0000)
 concurrent mark-sweep generation total 393216K, used 18196K [0x00000000e8000000, 0x0000000100000000, 0x0000000100000000)
 Metaspace       used 28594K, capacity 29046K, committed 29328K, reserved 1075200K
  class space    used 3253K, capacity 3425K, committed 3504K, reserved 1048576K
}
2017-07-28T12:28:00.809+0200: 2,553: Total time for which application threads were stopped: 0,0137024 seconds, Stopping threads took: 0,0000239 seconds
2017-07-28T12:28:01.809+0200: 3,553: Total time for which application threads were stopped: 0,0001406 seconds, Stopping threads took: 0,0000285 seconds
2017-07-28T12:28:02.301+0200: 4,045: Total time for which application threads were stopped: 0,0005260 seconds, Stopping threads took: 0,0000262 seconds
2017-07-28T12:28:05.782+0200: 7,526: Total time for which application threads were stopped: 0,0001100 seconds, Stopping threads took: 0,0000226 seconds
2017-07-28T12:28:05.787+0200: 7,531: Total time for which application threads were stopped: 0,0000949 seconds, Stopping threads took: 0,0000260 seconds
2017-07-28T12:28:05.814+0200: 7,558: Total time for which application threads were stopped: 0,0004964 seconds, Stopping threads took: 0,0000180 seconds
2017-07-28T12:28:05.828+0200: 7,572: Total time for which application threads were stopped: 0,0001042 seconds, Stopping threads took: 0,0000219 seconds
2017-07-28T12:28:06.016+0200: 7,760: Total time for which application threads were stopped: 0,0001063 seconds, Stopping threads took: 0,0000258 seconds
2017-07-28T12:28:06.016+0200: 7,760: Total time for which application threads were stopped: 0,0000675 seconds, Stopping threads took: 0,0000335 seconds
2017-07-28T12:28:06.023+0200: 7,767: Total time for which application threads were stopped: 0,0001511 seconds, Stopping threads took: 0,0000473 seconds
2017-07-28T12:28:06.042+0200: 7,786: Total time for which application threads were stopped: 0,0001014 seconds, Stopping threads took: 0,0000416 seconds
2017-07-28T12:28:06.042+0200: 7,786: Total time for which application threads were stopped: 0,0000412 seconds, Stopping threads took: 0,0000169 seconds
2017-07-28T12:28:06.043+0200: 7,787: Total time for which application threads were stopped: 0,0001019 seconds, Stopping threads took: 0,0000422 seconds
2017-07-28T12:28:06.054+0200: 7,799: Total time for which application threads were stopped: 0,0003448 seconds, Stopping threads took: 0,0000203 seconds
2017-07-28T12:28:06.055+0200: 7,799: Total time for which application threads were stopped: 0,0001294 seconds, Stopping threads took: 0,0000149 seconds
2017-07-28T12:28:06.056+0200: 7,800: Total time for which application threads were stopped: 0,0000681 seconds, Stopping threads took: 0,0000246 seconds
2017-07-28T12:28:06.056+0200: 7,800: Total time for which application threads were stopped: 0,0000444 seconds, Stopping threads took: 0,0000070 seconds
2017-07-28T12:28:06.056+0200: 7,800: Total time for which application threads were stopped: 0,0000594 seconds, Stopping threads took: 0,0000279 seconds
2017-07-28T12:28:06.056+0200: 7,800: Total time for which application threads were stopped: 0,0000521 seconds, Stopping threads took: 0,0000074 seconds
2017-07-28T12:28:06.056+0200: 7,800: Total time for which application threads were stopped: 0,0000463 seconds, Stopping threads took: 0,0000159 seconds
2017-07-28T12:28:06.058+0200: 7,802: Total time for which application threads were stopped: 0,0000758 seconds, Stopping threads took: 0,0000296 seconds
2017-07-28T12:28:06.058+0200: 7,802: Total time for which application threads were stopped: 0,0000598 seconds, Stopping threads took: 0,0000179 seconds
2017-07-28T12:28:06.058+0200: 7,802: Total time for which application threads were stopped: 0,0000944 seconds, Stopping threads took: 0,0000328 seconds
2017-07-28T12:28:06.058+0200: 7,802: Total time for which application threads were stopped: 0,0000593 seconds, Stopping threads took: 0,0000174 seconds
2017-07-28T12:28:06.058+0200: 7,802: Total time for which application threads were stopped: 0,0000596 seconds, Stopping threads took: 0,0000214 seconds
2017-07-28T12:28:06.058+0200: 7,802: Total time for which application threads were stopped: 0,0000613 seconds, Stopping threads took: 0,0000176 seconds
2017-07-28T12:28:07.058+0200: 8,802: Total time for which application threads were stopped: 0,0001298 seconds, Stopping threads took: 0,0000335 seconds
2017-07-28T12:28:08.058+0200: 9,803: Total time for which application threads were stopped: 0,0001255 seconds, Stopping threads took: 0,0000296 seconds
2017-07-28T12:28:09.059+0200: 10,803: Total time for which application threads were stopped: 0,0001221 seconds, Stopping threads took: 0,0000278 seconds
2017-07-28T12:28:10.059+0200: 11,803: Total time for which application threads were stopped: 0,0001185 seconds, Stopping threads took: 0,0000268 seconds
2017-07-28T12:28:11.059+0200: 12,803: Total time for which application threads were stopped: 0,0001246 seconds, Stopping threads took: 0,0000271 seconds
2017-07-28T12:28:12.059+0200: 13,803: Total time for which application threads were stopped: 0,0001119 seconds, Stopping threads took: 0,0000270 seconds
2017-07-28T12:28:14.060+0200: 15,804: Total time for which application threads were stopped: 0,0001139 seconds, Stopping threads took: 0,0000279 seconds
2017-07-28T12:28:29.061+0200: 30,805: Total time for which application threads were stopped: 0,0001043 seconds, Stopping threads took: 0,0000242 seconds
2017-07-28T12:29:06.057+0200: 67,801: Total time for which application threads were stopped: 0,0000922 seconds, Stopping threads took: 0,0000281 seconds
2017-07-28T12:29:06.058+0200: 67,802: Total time for which application threads were stopped: 0,0000608 seconds, Stopping threads took: 0,0000105 seconds
2017-07-28T12:29:46.060+0200: 107,804: Total time for which application threads were stopped: 0,0001103 seconds, Stopping threads took: 0,0000408 seconds
2017-07-28T12:29:53.402+0200: 115,146: Total time for which application threads were stopped: 0,0001038 seconds, Stopping threads took: 0,0000304 seconds
2017-07-28T12:32:01.413+0200: 243,157: Total time for which application threads were stopped: 0,0001296 seconds, Stopping threads took: 0,0000466 seconds
2017-07-28T12:34:09.424+0200: 371,168: Total time for which application threads were stopped: 0,0001349 seconds, Stopping threads took: 0,0000519 seconds
2017-07-28T12:38:39.448+0200: 641,192: Total time for which application threads were stopped: 0,0001355 seconds, Stopping threads took: 0,0000517 seconds
2017-07-28T12:43:59.476+0200: 961,221: Total time for which application threads were stopped: 0,0001332 seconds, Stopping threads took: 0,0000487 seconds
2017-07-28T12:44:02.333+0200: 964,077: Total time for which application threads were stopped: 0,0000883 seconds, Stopping threads took: 0,0000195 seconds
2017-07-28T12:44:02.333+0200: 964,077: Total time for which application threads were stopped: 0,0000504 seconds, Stopping threads took: 0,0000142 seconds
2017-07-28T12:44:02.334+0200: 964,078: Total time for which application threads were stopped: 0,0000998 seconds, Stopping threads took: 0,0000525 seconds
2017-07-28T12:44:03.334+0200: 965,078: Total time for which application threads were stopped: 0,0001369 seconds, Stopping threads took: 0,0000362 seconds
2017-07-28T12:44:03.696+0200: 965,440: Total time for which application threads were stopped: 0,0001100 seconds, Stopping threads took: 0,0000223 seconds
2017-07-28T12:44:03.696+0200: 965,440: Total time for which application threads were stopped: 0,0000665 seconds, Stopping threads took: 0,0000126 seconds
2017-07-28T12:44:03.700+0200: 965,444: Total time for which application threads were stopped: 0,0001157 seconds, Stopping threads took: 0,0000301 seconds
2017-07-28T12:44:05.700+0200: 967,445: Total time for which application threads were stopped: 0,0001201 seconds, Stopping threads took: 0,0000354 seconds
2017-07-28T12:44:06.701+0200: 968,445: Total time for which application threads were stopped: 0,0001101 seconds, Stopping threads took: 0,0000258 seconds
2017-07-28T12:45:45.921+0200: 1067,665: Total time for which application threads were stopped: 0,0001549 seconds, Stopping threads took: 0,0000580 seconds
2017-07-28T12:54:28.966+0200: 1590,710: Total time for which application threads were stopped: 0,0001290 seconds, Stopping threads took: 0,0000471 seconds
2017-07-28T12:55:27.972+0200: 1649,716: Total time for which application threads were stopped: 0,0001321 seconds, Stopping threads took: 0,0000460 seconds
2017-07-28T13:05:00.022+0200: 2221,766: Total time for which application threads were stopped: 0,0001278 seconds, Stopping threads took: 0,0000538 seconds
2017-07-28T13:05:20.024+0200: 2241,768: Total time for which application threads were stopped: 0,0001104 seconds, Stopping threads took: 0,0000233 seconds
2017-07-28T13:09:12.045+0200: 2473,789: Total time for which application threads were stopped: 0,0001223 seconds, Stopping threads took: 0,0000401 seconds
2017-07-28T13:11:16.056+0200: 2597,800: Total time for which application threads were stopped: 0,0001242 seconds, Stopping threads took: 0,0000456 seconds
2017-07-28T13:11:20.056+0200: 2601,800: Total time for which application threads were stopped: 0,0001100 seconds, Stopping threads took: 0,0000237 seconds
2017-07-28T13:11:59.060+0200: 2640,804: Total time for which application threads were stopped: 0,0001187 seconds, Stopping threads took: 0,0000380 seconds
2017-07-28T13:23:44.122+0200: 3345,866: Total time for which application threads were stopped: 0,0001122 seconds, Stopping threads took: 0,0000358 seconds
2017-07-28T13:23:49.123+0200: 3350,867: Total time for which application threads were stopped: 0,0001384 seconds, Stopping threads took: 0,0000484 seconds
2017-07-28T13:24:29.126+0200: 3390,870: Total time for which application threads were stopped: 0,0001202 seconds, Stopping threads took: 0,0000436 seconds
2017-07-28T13:28:19.676+0200: 3621,420: Total time for which application threads were stopped: 0,0002601 seconds, Stopping threads took: 0,0000377 seconds
2017-07-28T13:28:19.695+0200: 3621,440: Total time for which application threads were stopped: 0,0000886 seconds, Stopping threads took: 0,0000229 seconds
2017-07-28T13:28:19.696+0200: 3621,440: Total time for which application threads were stopped: 0,0000449 seconds, Stopping threads took: 0,0000065 seconds
2017-07-28T13:28:19.719+0200: 3621,463: Total time for which application threads were stopped: 0,0000990 seconds, Stopping threads took: 0,0000177 seconds
2017-07-28T13:28:19.719+0200: 3621,463: Total time for which application threads were stopped: 0,0000348 seconds, Stopping threads took: 0,0000085 seconds
2017-07-28T13:28:19.818+0200: 3621,562: Total time for which application threads were stopped: 0,0001012 seconds, Stopping threads took: 0,0000177 seconds
2017-07-28T13:28:19.818+0200: 3621,562: Total time for which application threads were stopped: 0,0000642 seconds, Stopping threads took: 0,0000152 seconds
2017-07-28T13:28:19.819+0200: 3621,563: Total time for which application threads were stopped: 0,0000636 seconds, Stopping threads took: 0,0000199 seconds
2017-07-28T13:28:19.837+0200: 3621,581: Total time for which application threads were stopped: 0,0001097 seconds, Stopping threads took: 0,0000299 seconds
2017-07-28T13:28:19.837+0200: 3621,581: Total time for which application threads were stopped: 0,0000592 seconds, Stopping threads took: 0,0000268 seconds
2017-07-28T13:28:21.405+0200: 3623,149: Total time for which application threads were stopped: 0,0000682 seconds, Stopping threads took: 0,0000129 seconds
2017-07-28T13:28:21.405+0200: 3623,149: Total time for which application threads were stopped: 0,0000309 seconds, Stopping threads took: 0,0000057 seconds
2017-07-28T13:28:21.421+0200: 3623,165: Total time for which application threads were stopped: 0,0000887 seconds, Stopping threads took: 0,0000224 seconds
2017-07-28T13:28:21.435+0200: 3623,179: Total time for which application threads were stopped: 0,0000818 seconds, Stopping threads took: 0,0000156 seconds
2017-07-28T13:28:21.436+0200: 3623,180: Total time for which application threads were stopped: 0,0000400 seconds, Stopping threads took: 0,0000061 seconds
2017-07-28T13:31:10.692+0200: 3792,436: Total time for which application threads were stopped: 0,0001525 seconds, Stopping threads took: 0,0000516 seconds
2017-07-28T13:31:10.692+0200: 3792,436: Total time for which application threads were stopped: 0,0000678 seconds, Stopping threads took: 0,0000190 seconds
2017-07-28T13:31:10.693+0200: 3792,437: Total time for which application threads were stopped: 0,0001160 seconds, Stopping threads took: 0,0000188 seconds
2017-07-28T13:31:10.885+0200: 3792,629: Total time for which application threads were stopped: 0,0000945 seconds, Stopping threads took: 0,0000179 seconds
2017-07-28T13:31:10.885+0200: 3792,629: Total time for which application threads were stopped: 0,0000337 seconds, Stopping threads took: 0,0000083 seconds
2017-07-28T13:31:10.887+0200: 3792,631: Total time for which application threads were stopped: 0,0000924 seconds, Stopping threads took: 0,0000315 seconds
2017-07-28T13:31:10.903+0200: 3792,647: Total time for which application threads were stopped: 0,0001106 seconds, Stopping threads took: 0,0000370 seconds
2017-07-28T13:31:10.903+0200: 3792,648: Total time for which application threads were stopped: 0,0000449 seconds, Stopping threads took: 0,0000098 seconds
2017-07-28T13:31:10.904+0200: 3792,648: Total time for which application threads were stopped: 0,0000591 seconds, Stopping threads took: 0,0000229 seconds
2017-07-28T13:31:10.904+0200: 3792,648: Total time for which application threads were stopped: 0,0000623 seconds, Stopping threads took: 0,0000244 seconds
2017-07-28T13:31:10.904+0200: 3792,648: Total time for which application threads were stopped: 0,0000532 seconds, Stopping threads took: 0,0000171 seconds
2017-07-28T13:31:10.904+0200: 3792,648: Total time for which application threads were stopped: 0,0000645 seconds, Stopping threads took: 0,0000140 seconds
2017-07-28T13:31:10.904+0200: 3792,649: Total time for which application threads were stopped: 0,0000451 seconds, Stopping threads took: 0,0000082 seconds
2017-07-28T13:31:10.905+0200: 3792,649: Total time for which application threads were stopped: 0,0000336 seconds, Stopping threads took: 0,0000094 seconds
2017-07-28T13:31:10.905+0200: 3792,649: Total time for which application threads were stopped: 0,0000300 seconds, Stopping threads took: 0,0000064 seconds
2017-07-28T13:31:10.905+0200: 3792,649: Total time for which application threads were stopped: 0,0000650 seconds, Stopping threads took: 0,0000381 seconds
2017-07-28T13:31:10.905+0200: 3792,649: Total time for which application threads were stopped: 0,0000537 seconds, Stopping threads took: 0,0000192 seconds
2017-07-28T13:31:10.905+0200: 3792,649: Total time for which application threads were stopped: 0,0000489 seconds, Stopping threads took: 0,0000142 seconds
2017-07-28T13:31:10.905+0200: 3792,649: Total time for which application threads were stopped: 0,0000353 seconds, Stopping threads took: 0,0000116 seconds
2017-07-28T13:31:10.906+0200: 3792,650: Total time for which application threads were stopped: 0,0000661 seconds, Stopping threads took: 0,0000239 seconds
2017-07-28T13:31:10.906+0200: 3792,650: Total time for which application threads were stopped: 0,0000403 seconds, Stopping threads took: 0,0000101 seconds
2017-07-28T13:31:10.906+0200: 3792,650: Total time for which application threads were stopped: 0,0000472 seconds, Stopping threads took: 0,0000172 seconds
2017-07-28T13:31:10.906+0200: 3792,650: Total time for which application threads were stopped: 0,0000383 seconds, Stopping threads took: 0,0000140 seconds
2017-07-28T13:31:10.907+0200: 3792,651: Total time for which application threads were stopped: 0,0000686 seconds, Stopping threads took: 0,0000117 seconds
2017-07-28T13:31:10.907+0200: 3792,651: Total time for which application threads were stopped: 0,0000354 seconds, Stopping threads took: 0,0000076 seconds
2017-07-28T13:31:10.907+0200: 3792,651: Total time for which application threads were stopped: 0,0000406 seconds, Stopping threads took: 0,0000072 seconds
2017-07-28T13:31:10.907+0200: 3792,651: Total time for which application threads were stopped: 0,0000416 seconds, Stopping threads took: 0,0000080 seconds
2017-07-28T13:31:10.907+0200: 3792,652: Total time for which application threads were stopped: 0,0000412 seconds, Stopping threads took: 0,0000075 seconds
2017-07-28T13:31:10.908+0200: 3792,652: Total time for which application threads were stopped: 0,0000675 seconds, Stopping threads took: 0,0000277 seconds
2017-07-28T13:31:10.908+0200: 3792,652: Total time for which application threads were stopped: 0,0000399 seconds, Stopping threads took: 0,0000060 seconds
2017-07-28T13:31:10.908+0200: 3792,653: Total time for which application threads were stopped: 0,0000432 seconds, Stopping threads took: 0,0000157 seconds
2017-07-28T13:31:10.909+0200: 3792,653: Total time for which application threads were stopped: 0,0000400 seconds, Stopping threads took: 0,0000120 seconds
2017-07-28T13:31:10.909+0200: 3792,653: Total time for which application threads were stopped: 0,0000401 seconds, Stopping threads took: 0,0000066 seconds
2017-07-28T13:31:11.909+0200: 3793,653: Total time for which application threads were stopped: 0,0001247 seconds, Stopping threads took: 0,0000211 seconds
2017-07-28T13:32:10.909+0200: 3852,653: Total time for which application threads were stopped: 0,0001446 seconds, Stopping threads took: 0,0000496 seconds
2017-07-28T13:32:50.931+0200: 3892,675: Total time for which application threads were stopped: 0,0001432 seconds, Stopping threads took: 0,0000501 seconds
2017-07-28T13:47:31.009+0200: 4772,753: Total time for which application threads were stopped: 0,0001072 seconds, Stopping threads took: 0,0000449 seconds
2017-07-28T13:48:31.014+0200: 4832,758: Total time for which application threads were stopped: 0,0001280 seconds, Stopping threads took: 0,0000433 seconds
2017-07-28T13:53:46.041+0200: 5147,785: Total time for which application threads were stopped: 0,0001188 seconds, Stopping threads took: 0,0000492 seconds
2017-07-28T14:06:20.103+0200: 5901,847: Total time for which application threads were stopped: 0,0000952 seconds, Stopping threads took: 0,0000342 seconds
2017-07-28T14:09:29.119+0200: 6090,864: Total time for which application threads were stopped: 0,0001338 seconds, Stopping threads took: 0,0000583 seconds
2017-07-28T14:12:29.135+0200: 6270,879: Total time for which application threads were stopped: 0,0001094 seconds, Stopping threads took: 0,0000368 seconds
2017-07-28T14:26:35.707+0200: 7117,451: Total time for which application threads were stopped: 0,0000851 seconds, Stopping threads took: 0,0000299 seconds
2017-07-28T14:26:35.707+0200: 7117,451: Total time for which application threads were stopped: 0,0000603 seconds, Stopping threads took: 0,0000289 seconds
2017-07-28T14:26:35.732+0200: 7117,476: Total time for which application threads were stopped: 0,0004058 seconds, Stopping threads took: 0,0000197 seconds
2017-07-28T14:26:35.748+0200: 7117,492: Total time for which application threads were stopped: 0,0000712 seconds, Stopping threads took: 0,0000188 seconds
2017-07-28T14:26:35.773+0200: 7117,517: Total time for which application threads were stopped: 0,0003375 seconds, Stopping threads took: 0,0000221 seconds
2017-07-28T14:26:35.775+0200: 7117,519: Total time for which application threads were stopped: 0,0001240 seconds, Stopping threads took: 0,0000142 seconds
2017-07-28T14:26:35.817+0200: 7117,561: Total time for which application threads were stopped: 0,0001060 seconds, Stopping threads took: 0,0000202 seconds
2017-07-28T14:26:35.818+0200: 7117,562: Total time for which application threads were stopped: 0,0000345 seconds, Stopping threads took: 0,0000085 seconds
2017-07-28T14:26:35.821+0200: 7117,565: Total time for which application threads were stopped: 0,0000639 seconds, Stopping threads took: 0,0000151 seconds
2017-07-28T14:26:35.823+0200: 7117,567: Total time for which application threads were stopped: 0,0000456 seconds, Stopping threads took: 0,0000110 seconds
2017-07-28T14:26:35.824+0200: 7117,568: Total time for which application threads were stopped: 0,0000365 seconds, Stopping threads took: 0,0000078 seconds
2017-07-28T14:26:36.418+0200: 7118,162: Total time for which application threads were stopped: 0,0001898 seconds, Stopping threads took: 0,0000532 seconds
2017-07-28T14:26:36.418+0200: 7118,162: Total time for which application threads were stopped: 0,0000789 seconds, Stopping threads took: 0,0000161 seconds
2017-07-28T14:26:36.418+0200: 7118,162: Total time for which application threads were stopped: 0,0000863 seconds, Stopping threads took: 0,0000147 seconds
2017-07-28T14:26:36.418+0200: 7118,162: Total time for which application threads were stopped: 0,0000889 seconds, Stopping threads took: 0,0000154 seconds
2017-07-28T14:26:36.420+0200: 7118,164: Total time for which application threads were stopped: 0,0000773 seconds, Stopping threads took: 0,0000179 seconds
2017-07-28T14:26:36.422+0200: 7118,166: Total time for which application threads were stopped: 0,0000923 seconds, Stopping threads took: 0,0000218 seconds
2017-07-28T14:26:36.859+0200: 7118,603: Total time for which application threads were stopped: 0,0000998 seconds, Stopping threads took: 0,0000172 seconds
2017-07-28T14:26:36.859+0200: 7118,603: Total time for which application threads were stopped: 0,0000518 seconds, Stopping threads took: 0,0000090 seconds
2017-07-28T14:26:36.860+0200: 7118,604: Total time for which application threads were stopped: 0,0000727 seconds, Stopping threads took: 0,0000203 seconds
2017-07-28T14:26:36.893+0200: 7118,637: Total time for which application threads were stopped: 0,0001928 seconds, Stopping threads took: 0,0000208 seconds
2017-07-28T14:26:38.441+0200: 7120,185: Total time for which application threads were stopped: 0,0000749 seconds, Stopping threads took: 0,0000168 seconds
2017-07-28T14:26:38.441+0200: 7120,185: Total time for which application threads were stopped: 0,0000353 seconds, Stopping threads took: 0,0000077 seconds
2017-07-28T14:26:38.457+0200: 7120,202: Total time for which application threads were stopped: 0,0000717 seconds, Stopping threads took: 0,0000161 seconds
2017-07-28T14:26:38.473+0200: 7120,217: Total time for which application threads were stopped: 0,0000827 seconds, Stopping threads took: 0,0000151 seconds
2017-07-28T14:26:38.473+0200: 7120,217: Total time for which application threads were stopped: 0,0000347 seconds, Stopping threads took: 0,0000060 seconds
2017-07-28T14:26:49.269+0200: 7131,013: Total time for which application threads were stopped: 0,0000840 seconds, Stopping threads took: 0,0000185 seconds
2017-07-28T14:26:49.269+0200: 7131,014: Total time for which application threads were stopped: 0,0000464 seconds, Stopping threads took: 0,0000084 seconds
2017-07-28T14:26:49.270+0200: 7131,014: Total time for which application threads were stopped: 0,0000976 seconds, Stopping threads took: 0,0000542 seconds
2017-07-28T14:26:49.515+0200: 7131,259: Total time for which application threads were stopped: 0,0550658 seconds, Stopping threads took: 0,0549761 seconds
2017-07-28T14:26:49.516+0200: 7131,260: Total time for which application threads were stopped: 0,0000464 seconds, Stopping threads took: 0,0000190 seconds
2017-07-28T14:26:49.517+0200: 7131,261: Total time for which application threads were stopped: 0,0000651 seconds, Stopping threads took: 0,0000275 seconds
2017-07-28T14:26:49.538+0200: 7131,282: Total time for which application threads were stopped: 0,0000962 seconds, Stopping threads took: 0,0000224 seconds
2017-07-28T14:26:49.538+0200: 7131,282: Total time for which application threads were stopped: 0,0000294 seconds, Stopping threads took: 0,0000050 seconds
2017-07-28T14:26:49.540+0200: 7131,284: Total time for which application threads were stopped: 0,0000645 seconds, Stopping threads took: 0,0000156 seconds
2017-07-28T14:26:49.540+0200: 7131,284: Total time for which application threads were stopped: 0,0000576 seconds, Stopping threads took: 0,0000310 seconds
2017-07-28T14:26:49.541+0200: 7131,285: Total time for which application threads were stopped: 0,0000486 seconds, Stopping threads took: 0,0000117 seconds
2017-07-28T14:26:49.541+0200: 7131,285: Total time for which application threads were stopped: 0,0000344 seconds, Stopping threads took: 0,0000062 seconds
2017-07-28T14:26:49.541+0200: 7131,285: Total time for which application threads were stopped: 0,0000345 seconds, Stopping threads took: 0,0000062 seconds
2017-07-28T14:26:49.541+0200: 7131,286: Total time for which application threads were stopped: 0,0000328 seconds, Stopping threads took: 0,0000060 seconds
2017-07-28T14:26:49.541+0200: 7131,286: Total time for which application threads were stopped: 0,0000332 seconds, Stopping threads took: 0,0000059 seconds
2017-07-28T14:26:49.542+0200: 7131,287: Total time for which application threads were stopped: 0,0000650 seconds, Stopping threads took: 0,0000222 seconds
2017-07-28T14:26:49.542+0200: 7131,287: Total time for which application threads were stopped: 0,0000461 seconds, Stopping threads took: 0,0000173 seconds
2017-07-28T14:26:49.543+0200: 7131,287: Total time for which application threads were stopped: 0,0000461 seconds, Stopping threads took: 0,0000180 seconds
2017-07-28T14:26:49.543+0200: 7131,287: Total time for which application threads were stopped: 0,0000456 seconds, Stopping threads took: 0,0000172 seconds
2017-07-28T14:26:49.543+0200: 7131,287: Total time for which application threads were stopped: 0,0000571 seconds, Stopping threads took: 0,0000139 seconds
2017-07-28T14:26:50.543+0200: 7132,287: Total time for which application threads were stopped: 0,0001048 seconds, Stopping threads took: 0,0000222 seconds
2017-07-28T14:26:51.543+0200: 7133,287: Total time for which application threads were stopped: 0,0000923 seconds, Stopping threads took: 0,0000169 seconds
2017-07-28T14:26:52.543+0200: 7134,287: Total time for which application threads were stopped: 0,0001111 seconds, Stopping threads took: 0,0000229 seconds
2017-07-28T14:27:35.612+0200: 7177,356: Total time for which application threads were stopped: 0,0000884 seconds, Stopping threads took: 0,0000299 seconds
2017-07-28T14:27:35.612+0200: 7177,356: Total time for which application threads were stopped: 0,0000349 seconds, Stopping threads took: 0,0000048 seconds
2017-07-28T14:27:35.632+0200: 7177,376: Total time for which application threads were stopped: 0,0000918 seconds, Stopping threads took: 0,0000276 seconds
2017-07-28T14:27:35.782+0200: 7177,526: Total time for which application threads were stopped: 0,0001259 seconds, Stopping threads took: 0,0000295 seconds
2017-07-28T14:27:35.783+0200: 7177,527: Total time for which application threads were stopped: 0,0000982 seconds, Stopping threads took: 0,0000544 seconds
2017-07-28T14:27:35.784+0200: 7177,529: Total time for which application threads were stopped: 0,0000617 seconds, Stopping threads took: 0,0000147 seconds
2017-07-28T14:27:35.786+0200: 7177,530: Total time for which application threads were stopped: 0,0000433 seconds, Stopping threads took: 0,0000094 seconds
2017-07-28T14:27:35.786+0200: 7177,530: Total time for which application threads were stopped: 0,0000339 seconds, Stopping threads took: 0,0000069 seconds
{Heap before GC invocations=17 (full 1):
 par new generation   total 109248K, used 103241K [0x00000000e0000000, 0x00000000e8000000, 0x00000000e8000000)
  eden space 87424K, 100% used [0x00000000e0000000, 0x00000000e5560000, 0x00000000e5560000)
  from space 21824K,  72% used [0x00000000e6ab0000, 0x00000000e7a22540, 0x00000000e8000000)
  to   space 21824K,   0% used [0x00000000e5560000, 0x00000000e5560000, 0x00000000e6ab0000)
 concurrent mark-sweep generation total 393216K, used 18196K [0x00000000e8000000, 0x0000000100000000, 0x0000000100000000)
 Metaspace       used 31270K, capacity 31756K, committed 32144K, reserved 1077248K
  class space    used 3529K, capacity 3712K, committed 3760K, reserved 1048576K
2017-07-28T14:27:35.877+0200: 7177,621: [GC (Allocation Failure) 2017-07-28T14:27:35.877+0200: 7177,621: [ParNew
Desired survivor size 20112992 bytes, new threshold 6 (max 8)
- age   1:    7659824 bytes,    7659824 total
- age   2:    2321168 bytes,    9980992 total
- age   3:      75544 bytes,   10056536 total
- age   4:      84944 bytes,   10141480 total
- age   5:     365496 bytes,   10506976 total
- age   6:   11247696 bytes,   21754672 total
- age   7:     117216 bytes,   21871888 total
- age   8:      90592 bytes,   21962480 total
: 103241K->21824K(109248K), 0,0119423 secs] 121437K->40897K(502464K), 0,0120050 secs] [Times: user=0,07 sys=0,00, real=0,02 secs] 
Heap after GC invocations=18 (full 1):
 par new generation   total 109248K, used 21824K [0x00000000e0000000, 0x00000000e8000000, 0x00000000e8000000)
  eden space 87424K,   0% used [0x00000000e0000000, 0x00000000e0000000, 0x00000000e5560000)
  from space 21824K, 100% used [0x00000000e5560000, 0x00000000e6ab0000, 0x00000000e6ab0000)
  to   space 21824K,   0% used [0x00000000e6ab0000, 0x00000000e6ab0000, 0x00000000e8000000)
 concurrent mark-sweep generation total 393216K, used 19073K [0x00000000e8000000, 0x0000000100000000, 0x0000000100000000)
 Metaspace       used 31270K, capacity 31756K, committed 32144K, reserved 1077248K
  class space    used 3529K, capacity 3712K, committed 3760K, reserved 1048576K
}
2017-07-28T14:27:35.889+0200: 7177,633: Total time for which application threads were stopped: 0,0122887 seconds, Stopping threads took: 0,0000910 seconds
2017-07-28T14:27:35.890+0200: 7177,634: Total time for which application threads were stopped: 0,0001038 seconds, Stopping threads took: 0,0000355 seconds
2017-07-28T14:27:35.890+0200: 7177,634: Total time for which application threads were stopped: 0,0000671 seconds, Stopping threads took: 0,0000293 seconds
2017-07-28T14:27:35.890+0200: 7177,634: Total time for which application threads were stopped: 0,0000510 seconds, Stopping threads took: 0,0000148 seconds
2017-07-28T14:27:35.890+0200: 7177,634: Total time for which application threads were stopped: 0,0000486 seconds, Stopping threads took: 0,0000130 seconds
2017-07-28T14:27:35.890+0200: 7177,634: Total time for which application threads were stopped: 0,0000487 seconds, Stopping threads took: 0,0000125 seconds
2017-07-28T14:27:35.906+0200: 7177,650: Total time for which application threads were stopped: 0,0001012 seconds, Stopping threads took: 0,0000210 seconds
2017-07-28T14:27:36.546+0200: 7178,291: Total time for which application threads were stopped: 0,0001654 seconds, Stopping threads took: 0,0000285 seconds
2017-07-28T14:27:36.548+0200: 7178,292: Total time for which application threads were stopped: 0,0001170 seconds, Stopping threads took: 0,0000257 seconds
2017-07-28T14:27:36.548+0200: 7178,292: Total time for which application threads were stopped: 0,0001872 seconds, Stopping threads took: 0,0001171 seconds
2017-07-28T14:27:36.549+0200: 7178,293: Total time for which application threads were stopped: 0,0001005 seconds, Stopping threads took: 0,0000266 seconds
2017-07-28T14:27:36.549+0200: 7178,293: Total time for which application threads were stopped: 0,0001077 seconds, Stopping threads took: 0,0000399 seconds
2017-07-28T14:27:36.550+0200: 7178,294: Total time for which application threads were stopped: 0,0001700 seconds, Stopping threads took: 0,0001007 seconds
2017-07-28T14:27:36.552+0200: 7178,296: Total time for which application threads were stopped: 0,0000837 seconds, Stopping threads took: 0,0000141 seconds
2017-07-28T14:27:37.548+0200: 7179,292: Total time for which application threads were stopped: 0,0001383 seconds, Stopping threads took: 0,0000237 seconds
2017-07-28T14:27:37.548+0200: 7179,292: Total time for which application threads were stopped: 0,0000795 seconds, Stopping threads took: 0,0000124 seconds
2017-07-28T14:27:37.548+0200: 7179,292: Total time for which application threads were stopped: 0,0000767 seconds, Stopping threads took: 0,0000119 seconds
2017-07-28T14:27:37.549+0200: 7179,293: Total time for which application threads were stopped: 0,0000866 seconds, Stopping threads took: 0,0000140 seconds
2017-07-28T14:27:37.574+0200: 7179,318: Total time for which application threads were stopped: 0,0001471 seconds, Stopping threads took: 0,0000229 seconds
2017-07-28T14:27:37.574+0200: 7179,318: Total time for which application threads were stopped: 0,0000816 seconds, Stopping threads took: 0,0000157 seconds
2017-07-28T14:27:39.169+0200: 7180,913: Total time for which application threads were stopped: 0,0000808 seconds, Stopping threads took: 0,0000167 seconds
2017-07-28T14:27:39.169+0200: 7180,913: Total time for which application threads were stopped: 0,0000433 seconds, Stopping threads took: 0,0000188 seconds
2017-07-28T14:27:39.189+0200: 7180,933: Total time for which application threads were stopped: 0,0000987 seconds, Stopping threads took: 0,0000260 seconds
2017-07-28T14:27:39.205+0200: 7180,949: Total time for which application threads were stopped: 0,0001084 seconds, Stopping threads took: 0,0000295 seconds
2017-07-28T14:27:39.205+0200: 7180,949: Total time for which application threads were stopped: 0,0000388 seconds, Stopping threads took: 0,0000089 seconds
2017-07-28T14:27:39.271+0200: 7181,015: Total time for which application threads were stopped: 0,0001139 seconds, Stopping threads took: 0,0000344 seconds
2017-07-28T14:27:39.271+0200: 7181,015: Total time for which application threads were stopped: 0,0001026 seconds, Stopping threads took: 0,0000451 seconds
2017-07-28T14:27:39.271+0200: 7181,015: Total time for which application threads were stopped: 0,0001716 seconds, Stopping threads took: 0,0000339 seconds
2017-07-28T14:27:39.271+0200: 7181,016: Total time for which application threads were stopped: 0,0000448 seconds, Stopping threads took: 0,0000064 seconds
2017-07-28T14:27:39.276+0200: 7181,020: Total time for which application threads were stopped: 0,0002483 seconds, Stopping threads took: 0,0001777 seconds
2017-07-28T14:27:49.542+0200: 7191,286: Total time for which application threads were stopped: 0,0001173 seconds, Stopping threads took: 0,0000225 seconds
2017-07-28T14:27:49.543+0200: 7191,287: Total time for which application threads were stopped: 0,0000764 seconds, Stopping threads took: 0,0000139 seconds
2017-07-28T14:28:32.547+0200: 7234,291: Total time for which application threads were stopped: 0,0001379 seconds, Stopping threads took: 0,0000477 seconds
2017-07-28T14:28:59.549+0200: 7261,293: Total time for which application threads were stopped: 0,0000856 seconds, Stopping threads took: 0,0000326 seconds
2017-07-28T14:31:03.670+0200: 7385,414: Total time for which application threads were stopped: 0,0001203 seconds, Stopping threads took: 0,0000404 seconds
2017-07-28T14:31:03.670+0200: 7385,415: Total time for which application threads were stopped: 0,0000632 seconds, Stopping threads took: 0,0000100 seconds
2017-07-28T14:31:03.671+0200: 7385,415: Total time for which application threads were stopped: 0,0000675 seconds, Stopping threads took: 0,0000149 seconds
2017-07-28T14:31:03.672+0200: 7385,416: Total time for which application threads were stopped: 0,0001076 seconds, Stopping threads took: 0,0000594 seconds
2017-07-28T14:31:04.040+0200: 7385,784: Total time for which application threads were stopped: 0,0001841 seconds, Stopping threads took: 0,0000963 seconds
2017-07-28T14:31:04.041+0200: 7385,785: Total time for which application threads were stopped: 0,0000695 seconds, Stopping threads took: 0,0000106 seconds
2017-07-28T14:31:04.103+0200: 7385,847: Total time for which application threads were stopped: 0,0001071 seconds, Stopping threads took: 0,0000181 seconds
2017-07-28T14:31:04.226+0200: 7385,970: Total time for which application threads were stopped: 0,0001671 seconds, Stopping threads took: 0,0000898 seconds
2017-07-28T14:31:04.226+0200: 7385,970: Total time for which application threads were stopped: 0,0000639 seconds, Stopping threads took: 0,0000227 seconds
2017-07-28T14:31:04.226+0200: 7385,970: Total time for which application threads were stopped: 0,0000544 seconds, Stopping threads took: 0,0000187 seconds
2017-07-28T14:31:04.226+0200: 7385,970: Total time for which application threads were stopped: 0,0000423 seconds, Stopping threads took: 0,0000077 seconds
2017-07-28T14:31:04.226+0200: 7385,970: Total time for which application threads were stopped: 0,0000382 seconds, Stopping threads took: 0,0000076 seconds
2017-07-28T14:31:04.226+0200: 7385,971: Total time for which application threads were stopped: 0,0000486 seconds, Stopping threads took: 0,0000195 seconds
2017-07-28T14:31:04.227+0200: 7385,971: Total time for which application threads were stopped: 0,0000361 seconds, Stopping threads took: 0,0000063 seconds
2017-07-28T14:31:04.227+0200: 7385,971: Total time for which application threads were stopped: 0,0000485 seconds, Stopping threads took: 0,0000181 seconds
2017-07-28T14:31:04.227+0200: 7385,971: Total time for which application threads were stopped: 0,0000460 seconds, Stopping threads took: 0,0000151 seconds
2017-07-28T14:31:04.227+0200: 7385,971: Total time for which application threads were stopped: 0,0000439 seconds, Stopping threads took: 0,0000137 seconds
2017-07-28T14:31:04.227+0200: 7385,971: Total time for which application threads were stopped: 0,0000455 seconds, Stopping threads took: 0,0000154 seconds
2017-07-28T14:31:04.227+0200: 7385,971: Total time for which application threads were stopped: 0,0000435 seconds, Stopping threads took: 0,0000137 seconds
2017-07-28T14:31:04.227+0200: 7385,971: Total time for which application threads were stopped: 0,0000505 seconds, Stopping threads took: 0,0000205 seconds
2017-07-28T14:31:04.227+0200: 7385,971: Total time for which application threads were stopped: 0,0000523 seconds, Stopping threads took: 0,0000153 seconds
2017-07-28T14:31:04.227+0200: 7385,971: Total time for which application threads were stopped: 0,0000579 seconds, Stopping threads took: 0,0000193 seconds
2017-07-28T14:31:04.227+0200: 7385,971: Total time for which application threads were stopped: 0,0000727 seconds, Stopping threads took: 0,0000340 seconds
2017-07-28T14:31:04.227+0200: 7385,971: Total time for which application threads were stopped: 0,0000439 seconds, Stopping threads took: 0,0000139 seconds
2017-07-28T14:31:04.227+0200: 7385,971: Total time for which application threads were stopped: 0,0000450 seconds, Stopping threads took: 0,0000150 seconds
2017-07-28T14:31:04.229+0200: 7385,974: Total time for which application threads were stopped: 0,0002952 seconds, Stopping threads took: 0,0000065 seconds
2017-07-28T14:31:04.292+0200: 7386,036: Total time for which application threads were stopped: 0,0000927 seconds, Stopping threads took: 0,0000207 seconds
2017-07-28T14:31:04.292+0200: 7386,036: Total time for which application threads were stopped: 0,0000293 seconds, Stopping threads took: 0,0000066 seconds
2017-07-28T14:31:04.293+0200: 7386,037: Total time for which application threads were stopped: 0,0000327 seconds, Stopping threads took: 0,0000066 seconds
2017-07-28T14:31:09.293+0200: 7391,037: Total time for which application threads were stopped: 0,0001307 seconds, Stopping threads took: 0,0000234 seconds
2017-07-28T14:31:10.293+0200: 7392,038: Total time for which application threads were stopped: 0,0000913 seconds, Stopping threads took: 0,0000198 seconds
2017-07-28T14:31:12.294+0200: 7394,038: Total time for which application threads were stopped: 0,0001139 seconds, Stopping threads took: 0,0000246 seconds
2017-07-28T14:31:13.294+0200: 7395,038: Total time for which application threads were stopped: 0,0001111 seconds, Stopping threads took: 0,0000250 seconds
2017-07-28T14:31:15.987+0200: 7397,731: Total time for which application threads were stopped: 0,0001004 seconds, Stopping threads took: 0,0000216 seconds
2017-07-28T14:31:15.987+0200: 7397,731: Total time for which application threads were stopped: 0,0000872 seconds, Stopping threads took: 0,0000492 seconds
2017-07-28T14:31:15.987+0200: 7397,731: Total time for which application threads were stopped: 0,0000782 seconds, Stopping threads took: 0,0000451 seconds
2017-07-28T14:31:15.987+0200: 7397,731: Total time for which application threads were stopped: 0,0000364 seconds, Stopping threads took: 0,0000108 seconds
2017-07-28T14:31:15.987+0200: 7397,731: Total time for which application threads were stopped: 0,0001453 seconds, Stopping threads took: 0,0000207 seconds
2017-07-28T14:31:15.989+0200: 7397,733: Total time for which application threads were stopped: 0,0000947 seconds, Stopping threads took: 0,0000189 seconds
2017-07-28T14:31:15.989+0200: 7397,734: Total time for which application threads were stopped: 0,0000575 seconds, Stopping threads took: 0,0000093 seconds
2017-07-28T14:31:15.990+0200: 7397,734: Total time for which application threads were stopped: 0,0000559 seconds, Stopping threads took: 0,0000090 seconds
2017-07-28T14:31:15.990+0200: 7397,734: Total time for which application threads were stopped: 0,0000778 seconds, Stopping threads took: 0,0000188 seconds
2017-07-28T14:31:15.990+0200: 7397,734: Total time for which application threads were stopped: 0,0000553 seconds, Stopping threads took: 0,0000178 seconds
2017-07-28T14:31:15.991+0200: 7397,735: Total time for which application threads were stopped: 0,0001155 seconds, Stopping threads took: 0,0000345 seconds
2017-07-28T14:31:15.991+0200: 7397,735: Total time for which application threads were stopped: 0,0000992 seconds, Stopping threads took: 0,0000212 seconds
2017-07-28T14:31:15.993+0200: 7397,737: Total time for which application threads were stopped: 0,0020221 seconds, Stopping threads took: 0,0019292 seconds
2017-07-28T14:31:15.993+0200: 7397,737: Total time for which application threads were stopped: 0,0001112 seconds, Stopping threads took: 0,0000740 seconds
2017-07-28T14:31:15.993+0200: 7397,737: Total time for which application threads were stopped: 0,0000524 seconds, Stopping threads took: 0,0000152 seconds
2017-07-28T14:31:16.994+0200: 7398,738: Total time for which application threads were stopped: 0,0001332 seconds, Stopping threads took: 0,0000232 seconds
2017-07-28T14:31:17.994+0200: 7399,738: Total time for which application threads were stopped: 0,0001264 seconds, Stopping threads took: 0,0000325 seconds
2017-07-28T14:31:39.996+0200: 7421,740: Total time for which application threads were stopped: 0,0002317 seconds, Stopping threads took: 0,0001210 seconds
2017-07-28T14:31:40.195+0200: 7421,939: Total time for which application threads were stopped: 0,0001045 seconds, Stopping threads took: 0,0000426 seconds
2017-07-28T14:31:40.195+0200: 7421,939: Total time for which application threads were stopped: 0,0000522 seconds, Stopping threads took: 0,0000143 seconds
2017-07-28T14:31:40.195+0200: 7421,939: Total time for which application threads were stopped: 0,0000622 seconds, Stopping threads took: 0,0000188 seconds
2017-07-28T14:31:40.195+0200: 7421,939: Total time for which application threads were stopped: 0,0000532 seconds, Stopping threads took: 0,0000247 seconds
2017-07-28T14:31:40.195+0200: 7421,940: Total time for which application threads were stopped: 0,0000390 seconds, Stopping threads took: 0,0000104 seconds
2017-07-28T14:31:40.196+0200: 7421,940: Total time for which application threads were stopped: 0,0000578 seconds, Stopping threads took: 0,0000224 seconds
2017-07-28T14:31:40.196+0200: 7421,940: Total time for which application threads were stopped: 0,0000584 seconds, Stopping threads took: 0,0000232 seconds
2017-07-28T14:31:40.196+0200: 7421,940: Total time for which application threads were stopped: 0,0000426 seconds, Stopping threads took: 0,0000142 seconds
2017-07-28T14:31:40.196+0200: 7421,940: Total time for which application threads were stopped: 0,0000364 seconds, Stopping threads took: 0,0000089 seconds
2017-07-28T14:31:40.196+0200: 7421,941: Total time for which application threads were stopped: 0,0000311 seconds, Stopping threads took: 0,0000065 seconds
2017-07-28T14:31:40.197+0200: 7421,941: Total time for which application threads were stopped: 0,0000387 seconds, Stopping threads took: 0,0000130 seconds
2017-07-28T14:31:40.197+0200: 7421,941: Total time for which application threads were stopped: 0,0000313 seconds, Stopping threads took: 0,0000074 seconds
2017-07-28T14:31:40.197+0200: 7421,941: Total time for which application threads were stopped: 0,0000379 seconds, Stopping threads took: 0,0000130 seconds
2017-07-28T14:31:40.197+0200: 7421,941: Total time for which application threads were stopped: 0,0000346 seconds, Stopping threads took: 0,0000105 seconds
2017-07-28T14:31:40.197+0200: 7421,941: Total time for which application threads were stopped: 0,0000505 seconds, Stopping threads took: 0,0000184 seconds
2017-07-28T14:31:40.197+0200: 7421,941: Total time for which application threads were stopped: 0,0000369 seconds, Stopping threads took: 0,0000093 seconds
2017-07-28T14:31:40.197+0200: 7421,941: Total time for which application threads were stopped: 0,0000575 seconds, Stopping threads took: 0,0000122 seconds
2017-07-28T14:31:40.197+0200: 7421,941: Total time for which application threads were stopped: 0,0000478 seconds, Stopping threads took: 0,0000182 seconds
2017-07-28T14:31:40.198+0200: 7421,942: Total time for which application threads were stopped: 0,0000428 seconds, Stopping threads took: 0,0000152 seconds
2017-07-28T14:31:40.198+0200: 7421,942: Total time for which application threads were stopped: 0,0000322 seconds, Stopping threads took: 0,0000080 seconds
2017-07-28T14:31:40.198+0200: 7421,942: Total time for which application threads were stopped: 0,0001810 seconds, Stopping threads took: 0,0000113 seconds
2017-07-28T14:31:40.200+0200: 7421,944: Total time for which application threads were stopped: 0,0001142 seconds, Stopping threads took: 0,0000306 seconds
2017-07-28T14:31:40.200+0200: 7421,944: Total time for which application threads were stopped: 0,0000730 seconds, Stopping threads took: 0,0000116 seconds
2017-07-28T14:31:40.200+0200: 7421,944: Total time for which application threads were stopped: 0,0000729 seconds, Stopping threads took: 0,0000093 seconds
2017-07-28T14:31:40.200+0200: 7421,945: Total time for which application threads were stopped: 0,0000520 seconds, Stopping threads took: 0,0000089 seconds
2017-07-28T14:31:40.201+0200: 7421,945: Total time for which application threads were stopped: 0,0000522 seconds, Stopping threads took: 0,0000120 seconds
2017-07-28T14:31:40.201+0200: 7421,945: Total time for which application threads were stopped: 0,0001129 seconds, Stopping threads took: 0,0000129 seconds
2017-07-28T14:31:40.201+0200: 7421,945: Total time for which application threads were stopped: 0,0000995 seconds, Stopping threads took: 0,0000267 seconds
2017-07-28T14:31:40.201+0200: 7421,946: Total time for which application threads were stopped: 0,0000858 seconds, Stopping threads took: 0,0000093 seconds
2017-07-28T14:31:40.202+0200: 7421,946: Total time for which application threads were stopped: 0,0000648 seconds, Stopping threads took: 0,0000083 seconds
2017-07-28T14:31:40.202+0200: 7421,946: Total time for which application threads were stopped: 0,0000642 seconds, Stopping threads took: 0,0000148 seconds
2017-07-28T14:31:41.202+0200: 7422,946: Total time for which application threads were stopped: 0,0001217 seconds, Stopping threads took: 0,0000261 seconds
2017-07-28T14:32:26.310+0200: 7468,054: Total time for which application threads were stopped: 0,0001008 seconds, Stopping threads took: 0,0000365 seconds
2017-07-28T14:32:26.310+0200: 7468,054: Total time for which application threads were stopped: 0,0000356 seconds, Stopping threads took: 0,0000063 seconds
2017-07-28T14:32:26.332+0200: 7468,076: Total time for which application threads were stopped: 0,0000959 seconds, Stopping threads took: 0,0000259 seconds
2017-07-28T14:32:26.351+0200: 7468,095: Total time for which application threads were stopped: 0,0000937 seconds, Stopping threads took: 0,0000151 seconds
2017-07-28T14:32:26.351+0200: 7468,095: Total time for which application threads were stopped: 0,0000370 seconds, Stopping threads took: 0,0000050 seconds
2017-07-28T14:32:26.352+0200: 7468,096: Total time for which application threads were stopped: 0,0001287 seconds, Stopping threads took: 0,0000067 seconds
2017-07-28T14:32:26.352+0200: 7468,096: Total time for which application threads were stopped: 0,0000566 seconds, Stopping threads took: 0,0000132 seconds
2017-07-28T14:32:26.353+0200: 7468,097: Total time for which application threads were stopped: 0,0000834 seconds, Stopping threads took: 0,0000421 seconds
2017-07-28T14:32:26.903+0200: 7468,647: Total time for which application threads were stopped: 0,0001380 seconds, Stopping threads took: 0,0000392 seconds
2017-07-28T14:32:26.903+0200: 7468,647: Total time for which application threads were stopped: 0,0000642 seconds, Stopping threads took: 0,0000174 seconds
2017-07-28T14:32:26.903+0200: 7468,647: Total time for which application threads were stopped: 0,0000587 seconds, Stopping threads took: 0,0000114 seconds
2017-07-28T14:32:26.903+0200: 7468,647: Total time for which application threads were stopped: 0,0000624 seconds, Stopping threads took: 0,0000158 seconds
2017-07-28T14:32:26.904+0200: 7468,648: Total time for which application threads were stopped: 0,0000840 seconds, Stopping threads took: 0,0000276 seconds
2017-07-28T14:32:26.906+0200: 7468,650: Total time for which application threads were stopped: 0,0001066 seconds, Stopping threads took: 0,0000320 seconds
2017-07-28T14:32:26.906+0200: 7468,650: Total time for which application threads were stopped: 0,0000812 seconds, Stopping threads took: 0,0000254 seconds
2017-07-28T14:32:27.494+0200: 7469,238: Total time for which application threads were stopped: 0,0001572 seconds, Stopping threads took: 0,0000412 seconds
2017-07-28T14:32:27.494+0200: 7469,238: Total time for which application threads were stopped: 0,0000801 seconds, Stopping threads took: 0,0000123 seconds
2017-07-28T14:32:27.495+0200: 7469,239: Total time for which application threads were stopped: 0,0001414 seconds, Stopping threads took: 0,0000580 seconds
2017-07-28T14:32:27.529+0200: 7469,273: Total time for which application threads were stopped: 0,0001339 seconds, Stopping threads took: 0,0000316 seconds
2017-07-28T14:32:27.529+0200: 7469,273: Total time for which application threads were stopped: 0,0000699 seconds, Stopping threads took: 0,0000116 seconds
2017-07-28T14:32:29.046+0200: 7470,790: Total time for which application threads were stopped: 0,0000967 seconds, Stopping threads took: 0,0000194 seconds
2017-07-28T14:32:29.046+0200: 7470,790: Total time for which application threads were stopped: 0,0000515 seconds, Stopping threads took: 0,0000090 seconds
2017-07-28T14:32:29.062+0200: 7470,806: Total time for which application threads were stopped: 0,0001080 seconds, Stopping threads took: 0,0000187 seconds
2017-07-28T14:32:29.077+0200: 7470,821: Total time for which application threads were stopped: 0,0000921 seconds, Stopping threads took: 0,0000189 seconds
2017-07-28T14:32:29.077+0200: 7470,821: Total time for which application threads were stopped: 0,0000735 seconds, Stopping threads took: 0,0000321 seconds
2017-07-28T14:32:40.201+0200: 7481,945: Total time for which application threads were stopped: 0,0001146 seconds, Stopping threads took: 0,0000233 seconds
2017-07-28T14:32:40.202+0200: 7481,946: Total time for which application threads were stopped: 0,0000735 seconds, Stopping threads took: 0,0000137 seconds
2017-07-28T14:33:16.907+0200: 7518,651: Total time for which application threads were stopped: 0,0001326 seconds, Stopping threads took: 0,0000372 seconds
2017-07-28T14:33:16.907+0200: 7518,651: Total time for which application threads were stopped: 0,0000660 seconds, Stopping threads took: 0,0000130 seconds
2017-07-28T14:33:16.907+0200: 7518,652: Total time for which application threads were stopped: 0,0001038 seconds, Stopping threads took: 0,0000173 seconds
2017-07-28T14:33:16.908+0200: 7518,653: Total time for which application threads were stopped: 0,0002819 seconds, Stopping threads took: 0,0000197 seconds
2017-07-28T14:33:17.090+0200: 7518,834: Total time for which application threads were stopped: 0,0001912 seconds, Stopping threads took: 0,0000755 seconds
2017-07-28T14:33:17.091+0200: 7518,835: Total time for which application threads were stopped: 0,0001512 seconds, Stopping threads took: 0,0000743 seconds
2017-07-28T14:33:17.091+0200: 7518,835: Total time for which application threads were stopped: 0,0001428 seconds, Stopping threads took: 0,0000717 seconds
2017-07-28T14:33:17.091+0200: 7518,835: Total time for which application threads were stopped: 0,0001058 seconds, Stopping threads took: 0,0000340 seconds
2017-07-28T14:33:17.091+0200: 7518,835: Total time for which application threads were stopped: 0,0000649 seconds, Stopping threads took: 0,0000098 seconds
2017-07-28T14:33:18.091+0200: 7519,835: Total time for which application threads were stopped: 0,0001284 seconds, Stopping threads took: 0,0000223 seconds
2017-07-28T14:33:18.595+0200: 7520,339: Total time for which application threads were stopped: 0,0001089 seconds, Stopping threads took: 0,0000327 seconds
2017-07-28T14:33:18.595+0200: 7520,339: Total time for which application threads were stopped: 0,0000524 seconds, Stopping threads took: 0,0000135 seconds
2017-07-28T14:33:18.595+0200: 7520,339: Total time for which application threads were stopped: 0,0000384 seconds, Stopping threads took: 0,0000065 seconds
2017-07-28T14:33:18.596+0200: 7520,340: Total time for which application threads were stopped: 0,0000852 seconds, Stopping threads took: 0,0000250 seconds
2017-07-28T14:33:18.614+0200: 7520,358: Total time for which application threads were stopped: 0,0001189 seconds, Stopping threads took: 0,0000422 seconds
2017-07-28T14:33:18.614+0200: 7520,358: Total time for which application threads were stopped: 0,0000328 seconds, Stopping threads took: 0,0000074 seconds
2017-07-28T14:33:18.614+0200: 7520,358: Total time for which application threads were stopped: 0,0000401 seconds, Stopping threads took: 0,0000141 seconds
2017-07-28T14:33:18.614+0200: 7520,359: Total time for which application threads were stopped: 0,0000440 seconds, Stopping threads took: 0,0000103 seconds
2017-07-28T14:33:18.616+0200: 7520,360: Total time for which application threads were stopped: 0,0001569 seconds, Stopping threads took: 0,0000286 seconds
2017-07-28T14:33:18.617+0200: 7520,361: Total time for which application threads were stopped: 0,0000676 seconds, Stopping threads took: 0,0000133 seconds
2017-07-28T14:33:18.617+0200: 7520,361: Total time for which application threads were stopped: 0,0000550 seconds, Stopping threads took: 0,0000093 seconds
2017-07-28T14:33:18.617+0200: 7520,361: Total time for which application threads were stopped: 0,0000555 seconds, Stopping threads took: 0,0000087 seconds
2017-07-28T14:33:18.617+0200: 7520,361: Total time for which application threads were stopped: 0,0000536 seconds, Stopping threads took: 0,0000085 seconds
2017-07-28T14:33:18.617+0200: 7520,361: Total time for which application threads were stopped: 0,0000496 seconds, Stopping threads took: 0,0000081 seconds
2017-07-28T14:33:18.618+0200: 7520,362: Total time for which application threads were stopped: 0,0000560 seconds, Stopping threads took: 0,0000191 seconds
2017-07-28T14:33:18.618+0200: 7520,362: Total time for which application threads were stopped: 0,0000630 seconds, Stopping threads took: 0,0000239 seconds
2017-07-28T14:33:18.618+0200: 7520,362: Total time for which application threads were stopped: 0,0000610 seconds, Stopping threads took: 0,0000150 seconds
2017-07-28T14:33:18.618+0200: 7520,362: Total time for which application threads were stopped: 0,0000533 seconds, Stopping threads took: 0,0000141 seconds
2017-07-28T14:33:18.618+0200: 7520,362: Total time for which application threads were stopped: 0,0000585 seconds, Stopping threads took: 0,0000211 seconds
2017-07-28T14:33:19.619+0200: 7521,363: Total time for which application threads were stopped: 0,0001490 seconds, Stopping threads took: 0,0000353 seconds
2017-07-28T14:33:20.619+0200: 7522,363: Total time for which application threads were stopped: 0,0001398 seconds, Stopping threads took: 0,0000324 seconds
2017-07-28T14:34:18.619+0200: 7580,363: Total time for which application threads were stopped: 0,0001471 seconds, Stopping threads took: 0,0000539 seconds
2017-07-28T14:49:44.262+0200: 8506,006: Total time for which application threads were stopped: 0,0000983 seconds, Stopping threads took: 0,0000370 seconds
2017-07-28T14:49:44.262+0200: 8506,006: Total time for which application threads were stopped: 0,0000464 seconds, Stopping threads took: 0,0000208 seconds
2017-07-28T14:49:44.282+0200: 8506,026: Total time for which application threads were stopped: 0,0000805 seconds, Stopping threads took: 0,0000159 seconds
2017-07-28T14:49:44.299+0200: 8506,043: Total time for which application threads were stopped: 0,0001152 seconds, Stopping threads took: 0,0000223 seconds
2017-07-28T14:49:44.299+0200: 8506,043: Total time for which application threads were stopped: 0,0000614 seconds, Stopping threads took: 0,0000204 seconds
2017-07-28T14:49:44.478+0200: 8506,222: Total time for which application threads were stopped: 0,0000950 seconds, Stopping threads took: 0,0000159 seconds
2017-07-28T14:49:44.478+0200: 8506,223: Total time for which application threads were stopped: 0,0000478 seconds, Stopping threads took: 0,0000075 seconds
2017-07-28T14:49:44.479+0200: 8506,223: Total time for which application threads were stopped: 0,0001209 seconds, Stopping threads took: 0,0000195 seconds
2017-07-28T14:49:44.505+0200: 8506,249: Total time for which application threads were stopped: 0,0000980 seconds, Stopping threads took: 0,0000268 seconds
2017-07-28T14:49:44.505+0200: 8506,249: Total time for which application threads were stopped: 0,0000636 seconds, Stopping threads took: 0,0000203 seconds
2017-07-28T14:49:46.055+0200: 8507,799: Total time for which application threads were stopped: 0,0000897 seconds, Stopping threads took: 0,0000169 seconds
2017-07-28T14:49:46.055+0200: 8507,799: Total time for which application threads were stopped: 0,0000386 seconds, Stopping threads took: 0,0000060 seconds
2017-07-28T14:49:46.072+0200: 8507,816: Total time for which application threads were stopped: 0,0000956 seconds, Stopping threads took: 0,0000199 seconds
2017-07-28T14:49:46.087+0200: 8507,831: Total time for which application threads were stopped: 0,0000984 seconds, Stopping threads took: 0,0000248 seconds
2017-07-28T14:49:46.088+0200: 8507,832: Total time for which application threads were stopped: 0,0000511 seconds, Stopping threads took: 0,0000064 seconds
2017-07-28T15:50:10.885+0200: 12132,630: Total time for which application threads were stopped: 0,0001028 seconds, Stopping threads took: 0,0000382 seconds
2017-07-28T15:50:10.886+0200: 12132,630: Total time for which application threads were stopped: 0,0000405 seconds, Stopping threads took: 0,0000058 seconds
2017-07-28T15:50:10.886+0200: 12132,630: Total time for which application threads were stopped: 0,0000400 seconds, Stopping threads took: 0,0000058 seconds
2017-07-28T15:50:10.906+0200: 12132,650: Total time for which application threads were stopped: 0,0001579 seconds, Stopping threads took: 0,0000986 seconds
2017-07-28T15:50:10.927+0200: 12132,671: Total time for which application threads were stopped: 0,0001327 seconds, Stopping threads took: 0,0000269 seconds
2017-07-28T15:50:10.928+0200: 12132,672: Total time for which application threads were stopped: 0,0000738 seconds, Stopping threads took: 0,0000132 seconds
2017-07-28T15:50:10.929+0200: 12132,673: Total time for which application threads were stopped: 0,0000758 seconds, Stopping threads took: 0,0000136 seconds
2017-07-28T15:50:10.929+0200: 12132,673: Total time for which application threads were stopped: 0,0000806 seconds, Stopping threads took: 0,0000318 seconds
2017-07-28T15:50:10.929+0200: 12132,673: Total time for which application threads were stopped: 0,0000476 seconds, Stopping threads took: 0,0000103 seconds
2017-07-28T15:50:11.467+0200: 12133,211: Total time for which application threads were stopped: 0,0001528 seconds, Stopping threads took: 0,0000286 seconds
2017-07-28T15:50:11.467+0200: 12133,211: Total time for which application threads were stopped: 0,0000983 seconds, Stopping threads took: 0,0000356 seconds
2017-07-28T15:50:11.467+0200: 12133,211: Total time for which application threads were stopped: 0,0000857 seconds, Stopping threads took: 0,0000123 seconds
2017-07-28T15:50:11.467+0200: 12133,211: Total time for which application threads were stopped: 0,0000815 seconds, Stopping threads took: 0,0000114 seconds
2017-07-28T15:50:11.468+0200: 12133,212: Total time for which application threads were stopped: 0,0000878 seconds, Stopping threads took: 0,0000168 seconds
2017-07-28T15:50:11.470+0200: 12133,214: Total time for which application threads were stopped: 0,0000771 seconds, Stopping threads took: 0,0000134 seconds
2017-07-28T15:50:12.071+0200: 12133,816: Total time for which application threads were stopped: 0,0002819 seconds, Stopping threads took: 0,0000230 seconds
2017-07-28T15:50:12.072+0200: 12133,816: Total time for which application threads were stopped: 0,0001483 seconds, Stopping threads took: 0,0000866 seconds
2017-07-28T15:50:12.073+0200: 12133,817: Total time for which application threads were stopped: 0,0001643 seconds, Stopping threads took: 0,0000959 seconds
2017-07-28T15:50:12.108+0200: 12133,852: Total time for which application threads were stopped: 0,0001381 seconds, Stopping threads took: 0,0000493 seconds
2017-07-28T15:50:12.108+0200: 12133,852: Total time for which application threads were stopped: 0,0001249 seconds, Stopping threads took: 0,0000707 seconds
2017-07-28T15:50:13.629+0200: 12135,373: Total time for which application threads were stopped: 0,0000732 seconds, Stopping threads took: 0,0000135 seconds
2017-07-28T15:50:13.629+0200: 12135,373: Total time for which application threads were stopped: 0,0000320 seconds, Stopping threads took: 0,0000057 seconds
2017-07-28T15:50:13.645+0200: 12135,389: Total time for which application threads were stopped: 0,0000742 seconds, Stopping threads took: 0,0000155 seconds
2017-07-28T15:50:13.661+0200: 12135,405: Total time for which application threads were stopped: 0,0000798 seconds, Stopping threads took: 0,0000150 seconds
2017-07-28T15:50:13.661+0200: 12135,405: Total time for which application threads were stopped: 0,0000417 seconds, Stopping threads took: 0,0000074 seconds
2017-07-28T15:51:10.570+0200: 12192,314: Total time for which application threads were stopped: 0,0001162 seconds, Stopping threads took: 0,0000354 seconds
2017-07-28T15:51:10.570+0200: 12192,314: Total time for which application threads were stopped: 0,0000519 seconds, Stopping threads took: 0,0000110 seconds
2017-07-28T15:51:10.592+0200: 12192,337: Total time for which application threads were stopped: 0,0000991 seconds, Stopping threads took: 0,0000183 seconds
2017-07-28T15:51:10.694+0200: 12192,438: Total time for which application threads were stopped: 0,0001140 seconds, Stopping threads took: 0,0000155 seconds
2017-07-28T15:51:10.694+0200: 12192,438: Total time for which application threads were stopped: 0,0000331 seconds, Stopping threads took: 0,0000058 seconds
2017-07-28T15:51:10.696+0200: 12192,440: Total time for which application threads were stopped: 0,0000503 seconds, Stopping threads took: 0,0000115 seconds
2017-07-28T15:51:10.696+0200: 12192,440: Total time for which application threads were stopped: 0,0000644 seconds, Stopping threads took: 0,0000256 seconds
2017-07-28T15:51:10.696+0200: 12192,440: Total time for which application threads were stopped: 0,0000529 seconds, Stopping threads took: 0,0000217 seconds
2017-07-28T15:51:10.734+0200: 12192,478: Total time for which application threads were stopped: 0,0001114 seconds, Stopping threads took: 0,0000248 seconds
2017-07-28T15:51:11.259+0200: 12193,004: Total time for which application threads were stopped: 0,0001358 seconds, Stopping threads took: 0,0000235 seconds
2017-07-28T15:51:11.261+0200: 12193,005: Total time for which application threads were stopped: 0,0001558 seconds, Stopping threads took: 0,0000830 seconds
2017-07-28T15:51:11.261+0200: 12193,005: Total time for which application threads were stopped: 0,0001941 seconds, Stopping threads took: 0,0001235 seconds
2017-07-28T15:51:11.261+0200: 12193,005: Total time for which application threads were stopped: 0,0001118 seconds, Stopping threads took: 0,0000470 seconds
2017-07-28T15:51:11.262+0200: 12193,006: Total time for which application threads were stopped: 0,0002124 seconds, Stopping threads took: 0,0001417 seconds
2017-07-28T15:51:11.263+0200: 12193,007: Total time for which application threads were stopped: 0,0001201 seconds, Stopping threads took: 0,0000368 seconds
2017-07-28T15:51:11.263+0200: 12193,007: Total time for which application threads were stopped: 0,0001136 seconds, Stopping threads took: 0,0000415 seconds
2017-07-28T15:51:11.266+0200: 12193,010: Total time for which application threads were stopped: 0,0001386 seconds, Stopping threads took: 0,0000400 seconds
2017-07-28T15:51:11.893+0200: 12193,637: Total time for which application threads were stopped: 0,0001139 seconds, Stopping threads took: 0,0000220 seconds
2017-07-28T15:51:11.893+0200: 12193,637: Total time for which application threads were stopped: 0,0000621 seconds, Stopping threads took: 0,0000191 seconds
2017-07-28T15:51:11.894+0200: 12193,638: Total time for which application threads were stopped: 0,0001483 seconds, Stopping threads took: 0,0000858 seconds
2017-07-28T15:51:11.927+0200: 12193,671: Total time for which application threads were stopped: 0,0001077 seconds, Stopping threads took: 0,0000225 seconds
2017-07-28T15:51:11.927+0200: 12193,671: Total time for which application threads were stopped: 0,0000943 seconds, Stopping threads took: 0,0000255 seconds
2017-07-28T15:51:13.592+0200: 12195,336: Total time for which application threads were stopped: 0,0000715 seconds, Stopping threads took: 0,0000139 seconds
2017-07-28T15:51:13.592+0200: 12195,336: Total time for which application threads were stopped: 0,0000323 seconds, Stopping threads took: 0,0000058 seconds
2017-07-28T15:51:13.612+0200: 12195,356: Total time for which application threads were stopped: 0,0001287 seconds, Stopping threads took: 0,0000302 seconds
2017-07-28T15:51:13.625+0200: 12195,369: Total time for which application threads were stopped: 0,0000790 seconds, Stopping threads took: 0,0000139 seconds
2017-07-28T15:51:13.625+0200: 12195,369: Total time for which application threads were stopped: 0,0000333 seconds, Stopping threads took: 0,0000057 seconds
2017-07-28T15:51:13.713+0200: 12195,457: Total time for which application threads were stopped: 0,0001278 seconds, Stopping threads took: 0,0000258 seconds
2017-07-28T15:51:13.714+0200: 12195,458: Total time for which application threads were stopped: 0,0000890 seconds, Stopping threads took: 0,0000189 seconds
2017-07-28T15:51:13.714+0200: 12195,458: Total time for which application threads were stopped: 0,0000630 seconds, Stopping threads took: 0,0000115 seconds
2017-07-28T15:51:13.714+0200: 12195,458: Total time for which application threads were stopped: 0,0001154 seconds, Stopping threads took: 0,0000470 seconds
2017-07-28T15:51:13.714+0200: 12195,458: Total time for which application threads were stopped: 0,0001445 seconds, Stopping threads took: 0,0000743 seconds
2017-07-28T15:51:13.715+0200: 12195,459: Total time for which application threads were stopped: 0,0000685 seconds, Stopping threads took: 0,0000158 seconds
2017-07-28T15:51:13.720+0200: 12195,464: Total time for which application threads were stopped: 0,0000862 seconds, Stopping threads took: 0,0000154 seconds
2017-07-28T15:56:14.814+0200: 12496,558: Total time for which application threads were stopped: 0,0001080 seconds, Stopping threads took: 0,0000325 seconds
2017-07-28T15:56:14.814+0200: 12496,558: Total time for which application threads were stopped: 0,0000402 seconds, Stopping threads took: 0,0000062 seconds
2017-07-28T15:56:14.834+0200: 12496,578: Total time for which application threads were stopped: 0,0001597 seconds, Stopping threads took: 0,0000725 seconds
{Heap before GC invocations=18 (full 1):
 par new generation   total 109248K, used 109248K [0x00000000e0000000, 0x00000000e8000000, 0x00000000e8000000)
  eden space 87424K, 100% used [0x00000000e0000000, 0x00000000e5560000, 0x00000000e5560000)
  from space 21824K, 100% used [0x00000000e5560000, 0x00000000e6ab0000, 0x00000000e6ab0000)
  to   space 21824K,   0% used [0x00000000e6ab0000, 0x00000000e6ab0000, 0x00000000e8000000)
 concurrent mark-sweep generation total 393216K, used 19073K [0x00000000e8000000, 0x0000000100000000, 0x0000000100000000)
 Metaspace       used 32457K, capacity 33010K, committed 33296K, reserved 1079296K
  class space    used 3628K, capacity 3809K, committed 3888K, reserved 1048576K
2017-07-28T15:56:14.931+0200: 12496,675: [GC (Allocation Failure) 2017-07-28T15:56:14.931+0200: 12496,675: [ParNew
Desired survivor size 20112992 bytes, new threshold 8 (max 8)
- age   1:    5457240 bytes,    5457240 total
- age   2:    3171528 bytes,    8628768 total
- age   3:    2319344 bytes,   10948112 total
- age   4:      75544 bytes,   11023656 total
- age   5:      84624 bytes,   11108280 total
- age   6:     357744 bytes,   11466024 total
: 109248K->18866K(109248K), 0,0187332 secs] 128321K->48192K(502464K), 0,0188216 secs] [Times: user=0,06 sys=0,01, real=0,02 secs] 
Heap after GC invocations=19 (full 1):
 par new generation   total 109248K, used 18866K [0x00000000e0000000, 0x00000000e8000000, 0x00000000e8000000)
  eden space 87424K,   0% used [0x00000000e0000000, 0x00000000e0000000, 0x00000000e5560000)
  from space 21824K,  86% used [0x00000000e6ab0000, 0x00000000e7d1c888, 0x00000000e8000000)
  to   space 21824K,   0% used [0x00000000e5560000, 0x00000000e5560000, 0x00000000e6ab0000)
 concurrent mark-sweep generation total 393216K, used 29326K [0x00000000e8000000, 0x0000000100000000, 0x0000000100000000)
 Metaspace       used 32457K, capacity 33010K, committed 33296K, reserved 1079296K
  class space    used 3628K, capacity 3809K, committed 3888K, reserved 1048576K
}
2017-07-28T15:56:14.950+0200: 12496,694: Total time for which application threads were stopped: 0,0189827 seconds, Stopping threads took: 0,0000190 seconds
2017-07-28T15:56:15.232+0200: 12496,976: Total time for which application threads were stopped: 0,0001413 seconds, Stopping threads took: 0,0000263 seconds
2017-07-28T15:56:15.232+0200: 12496,976: Total time for which application threads were stopped: 0,0000611 seconds, Stopping threads took: 0,0000304 seconds
2017-07-28T15:56:15.234+0200: 12496,978: Total time for which application threads were stopped: 0,0000775 seconds, Stopping threads took: 0,0000174 seconds
2017-07-28T15:56:15.234+0200: 12496,978: Total time for which application threads were stopped: 0,0000343 seconds, Stopping threads took: 0,0000070 seconds
2017-07-28T15:56:15.251+0200: 12496,995: Total time for which application threads were stopped: 0,0001369 seconds, Stopping threads took: 0,0000395 seconds
2017-07-28T15:56:15.251+0200: 12496,995: Total time for which application threads were stopped: 0,0002058 seconds, Stopping threads took: 0,0000169 seconds
2017-07-28T15:56:15.251+0200: 12496,995: Total time for which application threads were stopped: 0,0000589 seconds, Stopping threads took: 0,0000168 seconds
2017-07-28T15:56:15.348+0200: 12497,092: Total time for which application threads were stopped: 0,0001585 seconds, Stopping threads took: 0,0000913 seconds
2017-07-28T15:56:15.350+0200: 12497,094: Total time for which application threads were stopped: 0,0000606 seconds, Stopping threads took: 0,0000149 seconds
{Heap before GC invocations=19 (full 1):
 par new generation   total 109248K, used 106290K [0x00000000e0000000, 0x00000000e8000000, 0x00000000e8000000)
  eden space 87424K, 100% used [0x00000000e0000000, 0x00000000e5560000, 0x00000000e5560000)
  from space 21824K,  86% used [0x00000000e6ab0000, 0x00000000e7d1c888, 0x00000000e8000000)
  to   space 21824K,   0% used [0x00000000e5560000, 0x00000000e5560000, 0x00000000e6ab0000)
 concurrent mark-sweep generation total 393216K, used 29326K [0x00000000e8000000, 0x0000000100000000, 0x0000000100000000)
 Metaspace       used 32571K, capacity 33074K, committed 33552K, reserved 1079296K
  class space    used 3630K, capacity 3809K, committed 3888K, reserved 1048576K
2017-07-28T15:56:15.752+0200: 12497,496: [GC (Allocation Failure) 2017-07-28T15:56:15.752+0200: 12497,496: [ParNew
Desired survivor size 20112992 bytes, new threshold 8 (max 8)
- age   1:    7697848 bytes,    7697848 total
- age   2:    3390128 bytes,   11087976 total
- age   3:    3166400 bytes,   14254376 total
- age   4:    2319344 bytes,   16573720 total
- age   5:      75544 bytes,   16649264 total
- age   6:      84624 bytes,   16733888 total
- age   7:     357744 bytes,   17091632 total
: 106290K->19717K(109248K), 0,0099917 secs] 135616K->49043K(502464K), 0,0100556 secs] [Times: user=0,05 sys=0,00, real=0,01 secs] 
Heap after GC invocations=20 (full 1):
 par new generation   total 109248K, used 19717K [0x00000000e0000000, 0x00000000e8000000, 0x00000000e8000000)
  eden space 87424K,   0% used [0x00000000e0000000, 0x00000000e0000000, 0x00000000e5560000)
  from space 21824K,  90% used [0x00000000e5560000, 0x00000000e68a1660, 0x00000000e6ab0000)
  to   space 21824K,   0% used [0x00000000e6ab0000, 0x00000000e6ab0000, 0x00000000e8000000)
 concurrent mark-sweep generation total 393216K, used 29326K [0x00000000e8000000, 0x0000000100000000, 0x0000000100000000)
 Metaspace       used 32571K, capacity 33074K, committed 33552K, reserved 1079296K
  class space    used 3630K, capacity 3809K, committed 3888K, reserved 1048576K
}
2017-07-28T15:56:15.762+0200: 12497,506: Total time for which application threads were stopped: 0,0102374 seconds, Stopping threads took: 0,0000235 seconds
2017-07-28T15:56:16.508+0200: 12498,252: Total time for which application threads were stopped: 0,0001443 seconds, Stopping threads took: 0,0000418 seconds
2017-07-28T15:56:16.508+0200: 12498,252: Total time for which application threads were stopped: 0,0002266 seconds, Stopping threads took: 0,0001508 seconds
2017-07-28T15:56:16.509+0200: 12498,253: Total time for which application threads were stopped: 0,0001842 seconds, Stopping threads took: 0,0001088 seconds
2017-07-28T15:56:16.509+0200: 12498,253: Total time for which application threads were stopped: 0,0000638 seconds, Stopping threads took: 0,0000132 seconds
2017-07-28T15:56:16.509+0200: 12498,253: Total time for which application threads were stopped: 0,0000564 seconds, Stopping threads took: 0,0000089 seconds
2017-07-28T15:56:16.509+0200: 12498,253: Total time for which application threads were stopped: 0,0001073 seconds, Stopping threads took: 0,0000571 seconds
2017-07-28T15:56:16.509+0200: 12498,253: Total time for which application threads were stopped: 0,0000941 seconds, Stopping threads took: 0,0000428 seconds
2017-07-28T15:56:16.509+0200: 12498,253: Total time for which application threads were stopped: 0,0000587 seconds, Stopping threads took: 0,0000092 seconds
2017-07-28T15:56:16.509+0200: 12498,253: Total time for which application threads were stopped: 0,0000571 seconds, Stopping threads took: 0,0000095 seconds
2017-07-28T15:56:16.510+0200: 12498,254: Total time for which application threads were stopped: 0,0001045 seconds, Stopping threads took: 0,0000463 seconds
2017-07-28T15:56:16.510+0200: 12498,254: Total time for which application threads were stopped: 0,0000899 seconds, Stopping threads took: 0,0000311 seconds
2017-07-28T15:56:16.510+0200: 12498,254: Total time for which application threads were stopped: 0,0001232 seconds, Stopping threads took: 0,0000576 seconds
2017-07-28T15:56:16.511+0200: 12498,255: Total time for which application threads were stopped: 0,0000947 seconds, Stopping threads took: 0,0000426 seconds
2017-07-28T15:56:16.961+0200: 12498,705: Total time for which application threads were stopped: 0,0000989 seconds, Stopping threads took: 0,0000171 seconds
2017-07-28T15:56:16.962+0200: 12498,706: Total time for which application threads were stopped: 0,0000627 seconds, Stopping threads took: 0,0000139 seconds
2017-07-28T15:56:16.962+0200: 12498,706: Total time for which application threads were stopped: 0,0000853 seconds, Stopping threads took: 0,0000161 seconds
2017-07-28T15:56:16.996+0200: 12498,740: Total time for which application threads were stopped: 0,0001711 seconds, Stopping threads took: 0,0000820 seconds
2017-07-28T15:56:16.996+0200: 12498,740: Total time for which application threads were stopped: 0,0000857 seconds, Stopping threads took: 0,0000285 seconds
2017-07-28T15:56:17.996+0200: 12499,740: Total time for which application threads were stopped: 0,0000907 seconds, Stopping threads took: 0,0000182 seconds
2017-07-28T15:56:18.648+0200: 12500,392: Total time for which application threads were stopped: 0,0000753 seconds, Stopping threads took: 0,0000138 seconds
2017-07-28T15:56:18.648+0200: 12500,392: Total time for which application threads were stopped: 0,0000361 seconds, Stopping threads took: 0,0000040 seconds
2017-07-28T15:56:18.670+0200: 12500,415: Total time for which application threads were stopped: 0,0000802 seconds, Stopping threads took: 0,0000145 seconds
2017-07-28T15:56:18.686+0200: 12500,430: Total time for which application threads were stopped: 0,0000964 seconds, Stopping threads took: 0,0000172 seconds
2017-07-28T15:56:18.687+0200: 12500,431: Total time for which application threads were stopped: 0,0000315 seconds, Stopping threads took: 0,0000070 seconds
2017-07-28T15:56:18.787+0200: 12500,531: Total time for which application threads were stopped: 0,0001189 seconds, Stopping threads took: 0,0000212 seconds
2017-07-28T15:56:18.788+0200: 12500,532: Total time for which application threads were stopped: 0,0000627 seconds, Stopping threads took: 0,0000229 seconds
2017-07-28T15:56:18.788+0200: 12500,532: Total time for which application threads were stopped: 0,0000407 seconds, Stopping threads took: 0,0000064 seconds
2017-07-28T15:56:18.788+0200: 12500,532: Total time for which application threads were stopped: 0,0001462 seconds, Stopping threads took: 0,0000745 seconds
2017-07-28T15:56:18.788+0200: 12500,532: Total time for which application threads were stopped: 0,0000638 seconds, Stopping threads took: 0,0000234 seconds
2017-07-28T15:56:18.788+0200: 12500,532: Total time for which application threads were stopped: 0,0000554 seconds, Stopping threads took: 0,0000081 seconds
2017-07-28T15:56:18.788+0200: 12500,532: Total time for which application threads were stopped: 0,0000443 seconds, Stopping threads took: 0,0000075 seconds
2017-07-28T15:56:18.788+0200: 12500,532: Total time for which application threads were stopped: 0,0000443 seconds, Stopping threads took: 0,0000089 seconds
2017-07-28T15:56:18.788+0200: 12500,532: Total time for which application threads were stopped: 0,0000429 seconds, Stopping threads took: 0,0000076 seconds
2017-07-28T15:56:18.789+0200: 12500,533: Total time for which application threads were stopped: 0,0001020 seconds, Stopping threads took: 0,0000615 seconds
2017-07-28T15:56:18.794+0200: 12500,538: Total time for which application threads were stopped: 0,0000934 seconds, Stopping threads took: 0,0000285 seconds
2017-07-28T15:59:23.261+0200: 12685,005: Total time for which application threads were stopped: 0,0001138 seconds, Stopping threads took: 0,0000301 seconds
2017-07-28T15:59:23.261+0200: 12685,005: Total time for which application threads were stopped: 0,0000503 seconds, Stopping threads took: 0,0000089 seconds
2017-07-28T15:59:23.262+0200: 12685,006: Total time for which application threads were stopped: 0,0000596 seconds, Stopping threads took: 0,0000099 seconds
2017-07-28T15:59:24.120+0200: 12685,864: Total time for which application threads were stopped: 0,0001675 seconds, Stopping threads took: 0,0000281 seconds
2017-07-28T15:59:24.121+0200: 12685,865: Total time for which application threads were stopped: 0,0000860 seconds, Stopping threads took: 0,0000126 seconds
2017-07-28T15:59:24.125+0200: 12685,869: Total time for which application threads were stopped: 0,0000910 seconds, Stopping threads took: 0,0000166 seconds
2017-07-28T15:59:25.125+0200: 12686,869: Total time for which application threads were stopped: 0,0001187 seconds, Stopping threads took: 0,0000230 seconds
2017-07-28T15:59:26.125+0200: 12687,869: Total time for which application threads were stopped: 0,0001330 seconds, Stopping threads took: 0,0000233 seconds
2017-07-28T15:59:29.351+0200: 12691,095: Total time for which application threads were stopped: 0,0001552 seconds, Stopping threads took: 0,0000380 seconds
2017-07-28T15:59:30.351+0200: 12692,095: Total time for which application threads were stopped: 0,0001415 seconds, Stopping threads took: 0,0000481 seconds
2017-07-28T15:59:32.352+0200: 12694,096: Total time for which application threads were stopped: 0,0001175 seconds, Stopping threads took: 0,0000327 seconds
2017-07-28T15:59:34.039+0200: 12695,783: Total time for which application threads were stopped: 0,0001399 seconds, Stopping threads took: 0,0000201 seconds
2017-07-28T15:59:34.039+0200: 12695,783: Total time for which application threads were stopped: 0,0001394 seconds, Stopping threads took: 0,0000364 seconds
2017-07-28T15:59:34.065+0200: 12695,809: Total time for which application threads were stopped: 0,0001724 seconds, Stopping threads took: 0,0000579 seconds
2017-07-28T15:59:34.065+0200: 12695,809: Total time for which application threads were stopped: 0,0000978 seconds, Stopping threads took: 0,0000338 seconds
2017-07-28T15:59:34.066+0200: 12695,810: Total time for which application threads were stopped: 0,0001244 seconds, Stopping threads took: 0,0000450 seconds
2017-07-28T15:59:34.066+0200: 12695,810: Total time for which application threads were stopped: 0,0001151 seconds, Stopping threads took: 0,0000517 seconds
2017-07-28T15:59:34.066+0200: 12695,811: Total time for which application threads were stopped: 0,0000810 seconds, Stopping threads took: 0,0000180 seconds
2017-07-28T15:59:34.067+0200: 12695,811: Total time for which application threads were stopped: 0,0000912 seconds, Stopping threads took: 0,0000194 seconds
2017-07-28T15:59:34.068+0200: 12695,812: Total time for which application threads were stopped: 0,0004169 seconds, Stopping threads took: 0,0000192 seconds
2017-07-28T15:59:34.093+0200: 12695,837: Total time for which application threads were stopped: 0,0001453 seconds, Stopping threads took: 0,0000242 seconds
2017-07-28T15:59:34.093+0200: 12695,837: Total time for which application threads were stopped: 0,0000949 seconds, Stopping threads took: 0,0000327 seconds
2017-07-28T15:59:34.094+0200: 12695,838: Total time for which application threads were stopped: 0,0000833 seconds, Stopping threads took: 0,0000186 seconds
2017-07-28T15:59:34.094+0200: 12695,838: Total time for which application threads were stopped: 0,0001024 seconds, Stopping threads took: 0,0000414 seconds
2017-07-28T15:59:34.094+0200: 12695,838: Total time for which application threads were stopped: 0,0001189 seconds, Stopping threads took: 0,0000470 seconds
2017-07-28T15:59:34.095+0200: 12695,839: Total time for which application threads were stopped: 0,0001240 seconds, Stopping threads took: 0,0000622 seconds
2017-07-28T15:59:34.095+0200: 12695,839: Total time for which application threads were stopped: 0,0001071 seconds, Stopping threads took: 0,0000479 seconds
2017-07-28T15:59:34.095+0200: 12695,839: Total time for which application threads were stopped: 0,0001283 seconds, Stopping threads took: 0,0000530 seconds
2017-07-28T15:59:34.851+0200: 12696,595: Total time for which application threads were stopped: 0,0001316 seconds, Stopping threads took: 0,0000371 seconds
2017-07-28T15:59:34.852+0200: 12696,596: Total time for which application threads were stopped: 0,0001108 seconds, Stopping threads took: 0,0000265 seconds
2017-07-28T15:59:34.854+0200: 12696,598: Total time for which application threads were stopped: 0,0001997 seconds, Stopping threads took: 0,0000891 seconds
2017-07-28T15:59:37.136+0200: 12698,880: Total time for which application threads were stopped: 0,0001656 seconds, Stopping threads took: 0,0000296 seconds
2017-07-28T15:59:37.137+0200: 12698,881: Total time for which application threads were stopped: 0,0001309 seconds, Stopping threads took: 0,0000571 seconds
2017-07-28T15:59:37.137+0200: 12698,881: Total time for which application threads were stopped: 0,0001517 seconds, Stopping threads took: 0,0000733 seconds
2017-07-28T15:59:37.140+0200: 12698,884: Total time for which application threads were stopped: 0,0002078 seconds, Stopping threads took: 0,0001054 seconds
2017-07-28T15:59:37.141+0200: 12698,885: Total time for which application threads were stopped: 0,0001116 seconds, Stopping threads took: 0,0000311 seconds
2017-07-28T15:59:37.179+0200: 12698,923: Total time for which application threads were stopped: 0,0001394 seconds, Stopping threads took: 0,0000361 seconds
2017-07-28T15:59:37.179+0200: 12698,923: Total time for which application threads were stopped: 0,0000914 seconds, Stopping threads took: 0,0000283 seconds
2017-07-28T15:59:37.179+0200: 12698,923: Total time for which application threads were stopped: 0,0001133 seconds, Stopping threads took: 0,0000345 seconds
2017-07-28T15:59:37.179+0200: 12698,923: Total time for which application threads were stopped: 0,0001316 seconds, Stopping threads took: 0,0000312 seconds
2017-07-28T15:59:37.180+0200: 12698,924: Total time for which application threads were stopped: 0,0002401 seconds, Stopping threads took: 0,0000106 seconds
2017-07-28T15:59:37.181+0200: 12698,925: Total time for which application threads were stopped: 0,0001825 seconds, Stopping threads took: 0,0000539 seconds
2017-07-28T15:59:37.183+0200: 12698,928: Total time for which application threads were stopped: 0,0002671 seconds, Stopping threads took: 0,0001618 seconds
2017-07-28T15:59:37.184+0200: 12698,928: Total time for which application threads were stopped: 0,0002406 seconds, Stopping threads took: 0,0001735 seconds
2017-07-28T15:59:37.186+0200: 12698,930: Total time for which application threads were stopped: 0,0000941 seconds, Stopping threads took: 0,0000214 seconds
2017-07-28T15:59:37.186+0200: 12698,930: Total time for which application threads were stopped: 0,0000461 seconds, Stopping threads took: 0,0000113 seconds
2017-07-28T15:59:37.204+0200: 12698,948: Total time for which application threads were stopped: 0,0001762 seconds, Stopping threads took: 0,0000922 seconds
2017-07-28T15:59:38.204+0200: 12699,948: Total time for which application threads were stopped: 0,0001023 seconds, Stopping threads took: 0,0000212 seconds
2017-07-28T15:59:41.026+0200: 12702,770: Total time for which application threads were stopped: 0,0002218 seconds, Stopping threads took: 0,0000505 seconds
2017-07-28T16:00:31.837+0200: 12753,581: Total time for which application threads were stopped: 0,0001526 seconds, Stopping threads took: 0,0000562 seconds
2017-07-28T16:00:31.837+0200: 12753,581: Total time for which application threads were stopped: 0,0000620 seconds, Stopping threads took: 0,0000099 seconds
2017-07-28T16:00:31.838+0200: 12753,582: Total time for which application threads were stopped: 0,0000584 seconds, Stopping threads took: 0,0000096 seconds
2017-07-28T16:00:31.838+0200: 12753,582: Total time for which application threads were stopped: 0,0000654 seconds, Stopping threads took: 0,0000173 seconds
2017-07-28T16:00:31.838+0200: 12753,582: Total time for which application threads were stopped: 0,0000712 seconds, Stopping threads took: 0,0000110 seconds
2017-07-28T16:00:31.840+0200: 12753,585: Total time for which application threads were stopped: 0,0000837 seconds, Stopping threads took: 0,0000150 seconds
2017-07-28T16:00:31.842+0200: 12753,586: Total time for which application threads were stopped: 0,0001342 seconds, Stopping threads took: 0,0000592 seconds
2017-07-28T16:00:31.843+0200: 12753,587: Total time for which application threads were stopped: 0,0000934 seconds, Stopping threads took: 0,0000181 seconds
2017-07-28T16:00:32.843+0200: 12754,587: Total time for which application threads were stopped: 0,0001531 seconds, Stopping threads took: 0,0000247 seconds
2017-07-28T16:00:37.180+0200: 12758,924: Total time for which application threads were stopped: 0,0001561 seconds, Stopping threads took: 0,0000481 seconds
2017-07-28T16:00:37.187+0200: 12758,931: Total time for which application threads were stopped: 0,0000761 seconds, Stopping threads took: 0,0000141 seconds
2017-07-28T16:02:11.905+0200: 12853,650: Total time for which application threads were stopped: 0,0001477 seconds, Stopping threads took: 0,0000460 seconds
2017-07-28T16:02:55.921+0200: 12897,665: Total time for which application threads were stopped: 0,0001423 seconds, Stopping threads took: 0,0000417 seconds
2017-07-28T16:02:55.921+0200: 12897,665: Total time for which application threads were stopped: 0,0000700 seconds, Stopping threads took: 0,0000126 seconds
2017-07-28T16:02:55.921+0200: 12897,665: Total time for which application threads were stopped: 0,0000699 seconds, Stopping threads took: 0,0000125 seconds
2017-07-28T16:02:55.922+0200: 12897,666: Total time for which application threads were stopped: 0,0000840 seconds, Stopping threads took: 0,0000211 seconds
2017-07-28T16:02:56.922+0200: 12898,666: Total time for which application threads were stopped: 0,0001214 seconds, Stopping threads took: 0,0000321 seconds
2017-07-28T16:02:58.922+0200: 12900,666: Total time for which application threads were stopped: 0,0001097 seconds, Stopping threads took: 0,0000212 seconds
2017-07-28T16:04:35.945+0200: 12997,689: Total time for which application threads were stopped: 0,0001473 seconds, Stopping threads took: 0,0000430 seconds
2017-07-28T16:06:03.204+0200: 13084,948: Total time for which application threads were stopped: 0,0001176 seconds, Stopping threads took: 0,0000325 seconds
2017-07-28T16:06:03.204+0200: 13084,948: Total time for which application threads were stopped: 0,0000496 seconds, Stopping threads took: 0,0000110 seconds
2017-07-28T16:06:03.204+0200: 13084,948: Total time for which application threads were stopped: 0,0000556 seconds, Stopping threads took: 0,0000297 seconds
2017-07-28T16:06:03.204+0200: 13084,949: Total time for which application threads were stopped: 0,0000514 seconds, Stopping threads took: 0,0000093 seconds
2017-07-28T16:06:03.211+0200: 13084,955: Total time for which application threads were stopped: 0,0001280 seconds, Stopping threads took: 0,0000381 seconds
2017-07-28T16:06:03.211+0200: 13084,955: Total time for which application threads were stopped: 0,0000862 seconds, Stopping threads took: 0,0000530 seconds
2017-07-28T16:06:03.211+0200: 13084,956: Total time for which application threads were stopped: 0,0000583 seconds, Stopping threads took: 0,0000261 seconds
2017-07-28T16:06:03.212+0200: 13084,956: Total time for which application threads were stopped: 0,0000542 seconds, Stopping threads took: 0,0000175 seconds
2017-07-28T16:06:03.388+0200: 13085,132: Total time for which application threads were stopped: 0,0001573 seconds, Stopping threads took: 0,0000296 seconds
2017-07-28T16:06:03.388+0200: 13085,132: Total time for which application threads were stopped: 0,0000896 seconds, Stopping threads took: 0,0000135 seconds
2017-07-28T16:06:03.388+0200: 13085,132: Total time for which application threads were stopped: 0,0001892 seconds, Stopping threads took: 0,0000214 seconds
2017-07-28T16:06:04.388+0200: 13086,132: Total time for which application threads were stopped: 0,0000828 seconds, Stopping threads took: 0,0000175 seconds
2017-07-28T16:06:11.089+0200: 13092,833: Total time for which application threads were stopped: 0,0001308 seconds, Stopping threads took: 0,0000318 seconds
2017-07-28T16:06:11.090+0200: 13092,834: Total time for which application threads were stopped: 0,0001852 seconds, Stopping threads took: 0,0000133 seconds
2017-07-28T16:06:11.091+0200: 13092,835: Total time for which application threads were stopped: 0,0000879 seconds, Stopping threads took: 0,0000156 seconds
2017-07-28T16:07:51.093+0200: 13192,837: Total time for which application threads were stopped: 0,0001526 seconds, Stopping threads took: 0,0000481 seconds
2017-07-28T16:13:42.591+0200: 13544,335: Total time for which application threads were stopped: 0,0001053 seconds, Stopping threads took: 0,0000394 seconds
2017-07-28T16:13:42.592+0200: 13544,336: Total time for which application threads were stopped: 0,0000321 seconds, Stopping threads took: 0,0000057 seconds
2017-07-28T16:13:42.592+0200: 13544,336: Total time for which application threads were stopped: 0,0000406 seconds, Stopping threads took: 0,0000059 seconds
2017-07-28T16:13:42.612+0200: 13544,356: Total time for which application threads were stopped: 0,0001650 seconds, Stopping threads took: 0,0000214 seconds
2017-07-28T16:13:42.630+0200: 13544,374: Total time for which application threads were stopped: 0,0000924 seconds, Stopping threads took: 0,0000227 seconds
2017-07-28T16:13:42.630+0200: 13544,374: Total time for which application threads were stopped: 0,0000420 seconds, Stopping threads took: 0,0000059 seconds
2017-07-28T16:13:42.631+0200: 13544,375: Total time for which application threads were stopped: 0,0000529 seconds, Stopping threads took: 0,0000104 seconds
2017-07-28T16:13:42.631+0200: 13544,375: Total time for which application threads were stopped: 0,0000445 seconds, Stopping threads took: 0,0000060 seconds
2017-07-28T16:13:42.632+0200: 13544,376: Total time for which application threads were stopped: 0,0000447 seconds, Stopping threads took: 0,0000058 seconds
2017-07-28T16:13:42.632+0200: 13544,376: Total time for which application threads were stopped: 0,0000450 seconds, Stopping threads took: 0,0000058 seconds
2017-07-28T16:13:43.163+0200: 13544,907: Total time for which application threads were stopped: 0,0001413 seconds, Stopping threads took: 0,0000273 seconds
2017-07-28T16:13:43.163+0200: 13544,907: Total time for which application threads were stopped: 0,0001171 seconds, Stopping threads took: 0,0000426 seconds
2017-07-28T16:13:43.164+0200: 13544,908: Total time for which application threads were stopped: 0,0000959 seconds, Stopping threads took: 0,0000190 seconds
2017-07-28T16:13:43.164+0200: 13544,908: Total time for which application threads were stopped: 0,0001339 seconds, Stopping threads took: 0,0000473 seconds
2017-07-28T16:13:43.165+0200: 13544,909: Total time for which application threads were stopped: 0,0001930 seconds, Stopping threads took: 0,0000135 seconds
2017-07-28T16:13:43.735+0200: 13545,479: Total time for which application threads were stopped: 0,0001231 seconds, Stopping threads took: 0,0000412 seconds
2017-07-28T16:13:43.735+0200: 13545,479: Total time for which application threads were stopped: 0,0001437 seconds, Stopping threads took: 0,0000870 seconds
2017-07-28T16:13:43.736+0200: 13545,480: Total time for which application threads were stopped: 0,0001122 seconds, Stopping threads took: 0,0000428 seconds
2017-07-28T16:13:43.768+0200: 13545,512: Total time for which application threads were stopped: 0,0001347 seconds, Stopping threads took: 0,0000293 seconds
2017-07-28T16:13:43.768+0200: 13545,512: Total time for which application threads were stopped: 0,0000865 seconds, Stopping threads took: 0,0000154 seconds
2017-07-28T16:13:45.232+0200: 13546,976: Total time for which application threads were stopped: 0,0000712 seconds, Stopping threads took: 0,0000131 seconds
2017-07-28T16:13:45.232+0200: 13546,976: Total time for which application threads were stopped: 0,0000329 seconds, Stopping threads took: 0,0000058 seconds
2017-07-28T16:13:45.248+0200: 13546,992: Total time for which application threads were stopped: 0,0001540 seconds, Stopping threads took: 0,0000878 seconds
2017-07-28T16:13:45.263+0200: 13547,007: Total time for which application threads were stopped: 0,0000872 seconds, Stopping threads took: 0,0000219 seconds
2017-07-28T16:13:45.263+0200: 13547,007: Total time for which application threads were stopped: 0,0000348 seconds, Stopping threads took: 0,0000083 seconds
2017-07-28T16:14:42.246+0200: 13603,990: Total time for which application threads were stopped: 0,0001145 seconds, Stopping threads took: 0,0000412 seconds
2017-07-28T16:14:42.246+0200: 13603,990: Total time for which application threads were stopped: 0,0000450 seconds, Stopping threads took: 0,0000057 seconds
2017-07-28T16:14:42.268+0200: 13604,012: Total time for which application threads were stopped: 0,0000850 seconds, Stopping threads took: 0,0000189 seconds
2017-07-28T16:14:42.342+0200: 13604,086: Total time for which application threads were stopped: 0,0001045 seconds, Stopping threads took: 0,0000271 seconds
2017-07-28T16:14:42.342+0200: 13604,086: Total time for which application threads were stopped: 0,0000449 seconds, Stopping threads took: 0,0000081 seconds
2017-07-28T16:14:42.343+0200: 13604,087: Total time for which application threads were stopped: 0,0000577 seconds, Stopping threads took: 0,0000118 seconds
2017-07-28T16:14:42.343+0200: 13604,087: Total time for which application threads were stopped: 0,0000551 seconds, Stopping threads took: 0,0000183 seconds
2017-07-28T16:14:42.343+0200: 13604,087: Total time for which application threads were stopped: 0,0000943 seconds, Stopping threads took: 0,0000593 seconds
2017-07-28T16:14:42.378+0200: 13604,122: Total time for which application threads were stopped: 0,0000834 seconds, Stopping threads took: 0,0000196 seconds
2017-07-28T16:14:42.885+0200: 13604,629: Total time for which application threads were stopped: 0,0001472 seconds, Stopping threads took: 0,0000271 seconds
2017-07-28T16:14:42.886+0200: 13604,630: Total time for which application threads were stopped: 0,0001184 seconds, Stopping threads took: 0,0000458 seconds
2017-07-28T16:14:42.886+0200: 13604,630: Total time for which application threads were stopped: 0,0000929 seconds, Stopping threads took: 0,0000155 seconds
2017-07-28T16:14:42.887+0200: 13604,631: Total time for which application threads were stopped: 0,0000876 seconds, Stopping threads took: 0,0000190 seconds
2017-07-28T16:14:42.887+0200: 13604,631: Total time for which application threads were stopped: 0,0001509 seconds, Stopping threads took: 0,0000818 seconds
2017-07-28T16:14:42.888+0200: 13604,632: Total time for which application threads were stopped: 0,0000783 seconds, Stopping threads took: 0,0000178 seconds
2017-07-28T16:14:42.890+0200: 13604,634: Total time for which application threads were stopped: 0,0000898 seconds, Stopping threads took: 0,0000188 seconds
2017-07-28T16:14:43.393+0200: 13605,137: Total time for which application threads were stopped: 0,0000809 seconds, Stopping threads took: 0,0000160 seconds
2017-07-28T16:14:43.393+0200: 13605,137: Total time for which application threads were stopped: 0,0000293 seconds, Stopping threads took: 0,0000059 seconds
2017-07-28T16:14:43.393+0200: 13605,138: Total time for which application threads were stopped: 0,0000289 seconds, Stopping threads took: 0,0000055 seconds
2017-07-28T16:14:43.394+0200: 13605,138: Total time for which application threads were stopped: 0,0000899 seconds, Stopping threads took: 0,0000330 seconds
2017-07-28T16:14:43.412+0200: 13605,156: Total time for which application threads were stopped: 0,0000872 seconds, Stopping threads took: 0,0000236 seconds
2017-07-28T16:14:43.413+0200: 13605,157: Total time for which application threads were stopped: 0,0000323 seconds, Stopping threads took: 0,0000047 seconds
2017-07-28T16:14:44.948+0200: 13606,692: Total time for which application threads were stopped: 0,0000728 seconds, Stopping threads took: 0,0000133 seconds
2017-07-28T16:14:44.948+0200: 13606,692: Total time for which application threads were stopped: 0,0000324 seconds, Stopping threads took: 0,0000057 seconds
2017-07-28T16:14:44.968+0200: 13606,712: Total time for which application threads were stopped: 0,0000997 seconds, Stopping threads took: 0,0000267 seconds
2017-07-28T16:14:44.983+0200: 13606,727: Total time for which application threads were stopped: 0,0000889 seconds, Stopping threads took: 0,0000219 seconds
2017-07-28T16:14:44.983+0200: 13606,727: Total time for which application threads were stopped: 0,0000282 seconds, Stopping threads took: 0,0000046 seconds
2017-07-28T16:14:45.055+0200: 13606,799: Total time for which application threads were stopped: 0,0001215 seconds, Stopping threads took: 0,0000419 seconds
2017-07-28T16:14:45.056+0200: 13606,800: Total time for which application threads were stopped: 0,0001935 seconds, Stopping threads took: 0,0001464 seconds
2017-07-28T16:14:45.056+0200: 13606,800: Total time for which application threads were stopped: 0,0001669 seconds, Stopping threads took: 0,0001030 seconds
2017-07-28T16:14:45.056+0200: 13606,800: Total time for which application threads were stopped: 0,0000611 seconds, Stopping threads took: 0,0000133 seconds
2017-07-28T16:14:45.057+0200: 13606,801: Total time for which application threads were stopped: 0,0000745 seconds, Stopping threads took: 0,0000153 seconds
2017-07-28T16:14:45.062+0200: 13606,806: Total time for which application threads were stopped: 0,0001139 seconds, Stopping threads took: 0,0000232 seconds
2017-07-28T16:16:45.072+0200: 13726,817: Total time for which application threads were stopped: 0,0001470 seconds, Stopping threads took: 0,0000601 seconds
2017-07-28T16:19:59.765+0200: 13921,509: Total time for which application threads were stopped: 0,0001745 seconds, Stopping threads took: 0,0000577 seconds
2017-07-28T16:19:59.765+0200: 13921,509: Total time for which application threads were stopped: 0,0000550 seconds, Stopping threads took: 0,0000298 seconds
2017-07-28T16:19:59.786+0200: 13921,531: Total time for which application threads were stopped: 0,0001261 seconds, Stopping threads took: 0,0000447 seconds
{Heap before GC invocations=20 (full 1):
 par new generation   total 109248K, used 107141K [0x00000000e0000000, 0x00000000e8000000, 0x00000000e8000000)
  eden space 87424K, 100% used [0x00000000e0000000, 0x00000000e5560000, 0x00000000e5560000)
  from space 21824K,  90% used [0x00000000e5560000, 0x00000000e68a1660, 0x00000000e6ab0000)
  to   space 21824K,   0% used [0x00000000e6ab0000, 0x00000000e6ab0000, 0x00000000e8000000)
 concurrent mark-sweep generation total 393216K, used 29326K [0x00000000e8000000, 0x0000000100000000, 0x0000000100000000)
 Metaspace       used 32951K, capacity 33426K, committed 33808K, reserved 1079296K
  class space    used 3656K, capacity 3841K, committed 3888K, reserved 1048576K
2017-07-28T16:19:59.970+0200: 13921,714: [GC (Allocation Failure) 2017-07-28T16:19:59.970+0200: 13921,714: [ParNew
Desired survivor size 20112992 bytes, new threshold 8 (max 8)
- age   1:    7404584 bytes,    7404584 total
- age   2:      13440 bytes,    7418024 total
- age   3:     106168 bytes,    7524192 total
- age   4:    3164584 bytes,   10688776 total
- age   5:    2319344 bytes,   13008120 total
- age   6:      75544 bytes,   13083664 total
- age   7:      84624 bytes,   13168288 total
- age   8:     357744 bytes,   13526032 total
: 107141K->17701K(109248K), 0,0083007 secs] 136467K->47028K(502464K), 0,0083700 secs] [Times: user=0,03 sys=0,00, real=0,00 secs] 
Heap after GC invocations=21 (full 1):
 par new generation   total 109248K, used 17701K [0x00000000e0000000, 0x00000000e8000000, 0x00000000e8000000)
  eden space 87424K,   0% used [0x00000000e0000000, 0x00000000e0000000, 0x00000000e5560000)
  from space 21824K,  81% used [0x00000000e6ab0000, 0x00000000e7bf9730, 0x00000000e8000000)
  to   space 21824K,   0% used [0x00000000e5560000, 0x00000000e5560000, 0x00000000e6ab0000)
 concurrent mark-sweep generation total 393216K, used 29326K [0x00000000e8000000, 0x0000000100000000, 0x0000000100000000)
 Metaspace       used 32951K, capacity 33426K, committed 33808K, reserved 1079296K
  class space    used 3656K, capacity 3841K, committed 3888K, reserved 1048576K
}
2017-07-28T16:19:59.978+0200: 13921,722: Total time for which application threads were stopped: 0,0085225 seconds, Stopping threads took: 0,0000141 seconds
2017-07-28T16:20:00.132+0200: 13921,876: Total time for which application threads were stopped: 0,0002356 seconds, Stopping threads took: 0,0000196 seconds
2017-07-28T16:20:00.132+0200: 13921,876: Total time for which application threads were stopped: 0,0000447 seconds, Stopping threads took: 0,0000069 seconds
2017-07-28T16:20:00.134+0200: 13921,878: Total time for which application threads were stopped: 0,0000867 seconds, Stopping threads took: 0,0000137 seconds
2017-07-28T16:20:00.136+0200: 13921,880: Total time for which application threads were stopped: 0,0001154 seconds, Stopping threads took: 0,0000186 seconds
2017-07-28T16:20:00.146+0200: 13921,890: Total time for which application threads were stopped: 0,0001113 seconds, Stopping threads took: 0,0000194 seconds
2017-07-28T16:20:00.146+0200: 13921,890: Total time for which application threads were stopped: 0,0000580 seconds, Stopping threads took: 0,0000082 seconds
2017-07-28T16:20:00.221+0200: 13921,965: Total time for which application threads were stopped: 0,0000978 seconds, Stopping threads took: 0,0000295 seconds
2017-07-28T16:20:00.398+0200: 13922,142: Total time for which application threads were stopped: 0,0001251 seconds, Stopping threads took: 0,0000345 seconds
2017-07-28T16:20:00.400+0200: 13922,144: Total time for which application threads were stopped: 0,0001277 seconds, Stopping threads took: 0,0000207 seconds
2017-07-28T16:20:01.143+0200: 13922,887: Total time for which application threads were stopped: 0,0001768 seconds, Stopping threads took: 0,0000451 seconds
2017-07-28T16:20:01.143+0200: 13922,887: Total time for which application threads were stopped: 0,0001021 seconds, Stopping threads took: 0,0000266 seconds
2017-07-28T16:20:01.143+0200: 13922,887: Total time for which application threads were stopped: 0,0002055 seconds, Stopping threads took: 0,0001085 seconds
2017-07-28T16:20:01.144+0200: 13922,888: Total time for which application threads were stopped: 0,0001181 seconds, Stopping threads took: 0,0000540 seconds
2017-07-28T16:20:01.144+0200: 13922,888: Total time for which application threads were stopped: 0,0000883 seconds, Stopping threads took: 0,0000286 seconds
2017-07-28T16:20:01.144+0200: 13922,888: Total time for which application threads were stopped: 0,0001531 seconds, Stopping threads took: 0,0000756 seconds
2017-07-28T16:20:01.145+0200: 13922,889: Total time for which application threads were stopped: 0,0000865 seconds, Stopping threads took: 0,0000180 seconds
2017-07-28T16:20:01.497+0200: 13923,241: Total time for which application threads were stopped: 0,0001032 seconds, Stopping threads took: 0,0000176 seconds
2017-07-28T16:20:01.497+0200: 13923,242: Total time for which application threads were stopped: 0,0000628 seconds, Stopping threads took: 0,0000171 seconds
2017-07-28T16:20:01.498+0200: 13923,242: Total time for which application threads were stopped: 0,0000930 seconds, Stopping threads took: 0,0000388 seconds
2017-07-28T16:20:01.528+0200: 13923,272: Total time for which application threads were stopped: 0,0001134 seconds, Stopping threads took: 0,0000353 seconds
2017-07-28T16:20:01.528+0200: 13923,272: Total time for which application threads were stopped: 0,0000476 seconds, Stopping threads took: 0,0000064 seconds
2017-07-28T16:20:03.162+0200: 13924,906: Total time for which application threads were stopped: 0,0000976 seconds, Stopping threads took: 0,0000234 seconds
2017-07-28T16:20:03.162+0200: 13924,906: Total time for which application threads were stopped: 0,0000524 seconds, Stopping threads took: 0,0000206 seconds
2017-07-28T16:20:03.183+0200: 13924,927: Total time for which application threads were stopped: 0,0000954 seconds, Stopping threads took: 0,0000153 seconds
2017-07-28T16:20:03.200+0200: 13924,944: Total time for which application threads were stopped: 0,0001149 seconds, Stopping threads took: 0,0000272 seconds
2017-07-28T16:20:03.200+0200: 13924,944: Total time for which application threads were stopped: 0,0000448 seconds, Stopping threads took: 0,0000065 seconds
2017-07-28T16:20:03.313+0200: 13925,057: Total time for which application threads were stopped: 0,0001316 seconds, Stopping threads took: 0,0000568 seconds
2017-07-28T16:20:03.313+0200: 13925,057: Total time for which application threads were stopped: 0,0000627 seconds, Stopping threads took: 0,0000130 seconds
2017-07-28T16:20:03.313+0200: 13925,057: Total time for which application threads were stopped: 0,0000832 seconds, Stopping threads took: 0,0000336 seconds
2017-07-28T16:20:03.313+0200: 13925,057: Total time for which application threads were stopped: 0,0000910 seconds, Stopping threads took: 0,0000229 seconds
2017-07-28T16:20:03.313+0200: 13925,057: Total time for which application threads were stopped: 0,0000683 seconds, Stopping threads took: 0,0000336 seconds
2017-07-28T16:20:03.314+0200: 13925,058: Total time for which application threads were stopped: 0,0000444 seconds, Stopping threads took: 0,0000065 seconds
2017-07-28T16:20:03.315+0200: 13925,059: Total time for which application threads were stopped: 0,0000549 seconds, Stopping threads took: 0,0000172 seconds
2017-07-28T16:20:03.319+0200: 13925,063: Total time for which application threads were stopped: 0,0001100 seconds, Stopping threads took: 0,0000185 seconds
2017-07-28T16:24:49.343+0200: 14211,087: Total time for which application threads were stopped: 0,0001321 seconds, Stopping threads took: 0,0000409 seconds
2017-07-28T16:38:15.037+0200: 15016,781: Total time for which application threads were stopped: 0,0000973 seconds, Stopping threads took: 0,0000306 seconds
2017-07-28T16:38:15.037+0200: 15016,781: Total time for which application threads were stopped: 0,0000300 seconds, Stopping threads took: 0,0000053 seconds
2017-07-28T16:38:15.059+0200: 15016,803: Total time for which application threads were stopped: 0,0000969 seconds, Stopping threads took: 0,0000179 seconds
{Heap before GC invocations=21 (full 1):
 par new generation   total 109248K, used 105125K [0x00000000e0000000, 0x00000000e8000000, 0x00000000e8000000)
  eden space 87424K, 100% used [0x00000000e0000000, 0x00000000e5560000, 0x00000000e5560000)
  from space 21824K,  81% used [0x00000000e6ab0000, 0x00000000e7bf9730, 0x00000000e8000000)
  to   space 21824K,   0% used [0x00000000e5560000, 0x00000000e5560000, 0x00000000e6ab0000)
 concurrent mark-sweep generation total 393216K, used 29326K [0x00000000e8000000, 0x0000000100000000, 0x0000000100000000)
 Metaspace       used 33023K, capacity 33554K, committed 33808K, reserved 1079296K
  class space    used 3656K, capacity 3841K, committed 3888K, reserved 1048576K
2017-07-28T16:38:15.131+0200: 15016,875: [GC (Allocation Failure) 2017-07-28T16:38:15.131+0200: 15016,875: [ParNew
Desired survivor size 20112992 bytes, new threshold 8 (max 8)
- age   1:    3884112 bytes,    3884112 total
- age   2:    2058560 bytes,    5942672 total
- age   3:      12880 bytes,    5955552 total
- age   4:     105400 bytes,    6060952 total
- age   5:    3164584 bytes,    9225536 total
- age   6:    2319344 bytes,   11544880 total
- age   7:      75544 bytes,   11620424 total
- age   8:      84624 bytes,   11705048 total
: 105125K->14864K(109248K), 0,0111775 secs] 134452K->44543K(502464K), 0,0112686 secs] [Times: user=0,03 sys=0,00, real=0,01 secs] 
Heap after GC invocations=22 (full 1):
 par new generation   total 109248K, used 14864K [0x00000000e0000000, 0x00000000e8000000, 0x00000000e8000000)
  eden space 87424K,   0% used [0x00000000e0000000, 0x00000000e0000000, 0x00000000e5560000)
  from space 21824K,  68% used [0x00000000e5560000, 0x00000000e63e4040, 0x00000000e6ab0000)
  to   space 21824K,   0% used [0x00000000e6ab0000, 0x00000000e6ab0000, 0x00000000e8000000)
 concurrent mark-sweep generation total 393216K, used 29679K [0x00000000e8000000, 0x0000000100000000, 0x0000000100000000)
 Metaspace       used 33023K, capacity 33554K, committed 33808K, reserved 1079296K
  class space    used 3656K, capacity 3841K, committed 3888K, reserved 1048576K
}
2017-07-28T16:38:15.142+0200: 15016,887: Total time for which application threads were stopped: 0,0114819 seconds, Stopping threads took: 0,0000243 seconds
2017-07-28T16:38:15.547+0200: 15017,291: Total time for which application threads were stopped: 0,0001079 seconds, Stopping threads took: 0,0000221 seconds
2017-07-28T16:38:15.547+0200: 15017,291: Total time for which application threads were stopped: 0,0000314 seconds, Stopping threads took: 0,0000051 seconds
2017-07-28T16:38:15.548+0200: 15017,292: Total time for which application threads were stopped: 0,0000817 seconds, Stopping threads took: 0,0000174 seconds
2017-07-28T16:38:15.549+0200: 15017,293: Total time for which application threads were stopped: 0,0001199 seconds, Stopping threads took: 0,0000062 seconds
2017-07-28T16:38:15.560+0200: 15017,304: Total time for which application threads were stopped: 0,0000985 seconds, Stopping threads took: 0,0000203 seconds
2017-07-28T16:38:15.560+0200: 15017,304: Total time for which application threads were stopped: 0,0000430 seconds, Stopping threads took: 0,0000083 seconds
2017-07-28T16:38:15.560+0200: 15017,304: Total time for which application threads were stopped: 0,0000364 seconds, Stopping threads took: 0,0000067 seconds
2017-07-28T16:38:15.797+0200: 15017,542: Total time for which application threads were stopped: 0,0001507 seconds, Stopping threads took: 0,0000518 seconds
2017-07-28T16:38:15.940+0200: 15017,684: Total time for which application threads were stopped: 0,0000988 seconds, Stopping threads took: 0,0000191 seconds
{Heap before GC invocations=22 (full 1):
 par new generation   total 109248K, used 102083K [0x00000000e0000000, 0x00000000e8000000, 0x00000000e8000000)
  eden space 87424K,  99% used [0x00000000e0000000, 0x00000000e552ce18, 0x00000000e5560000)
  from space 21824K,  68% used [0x00000000e5560000, 0x00000000e63e4040, 0x00000000e6ab0000)
  to   space 21824K,   0% used [0x00000000e6ab0000, 0x00000000e6ab0000, 0x00000000e8000000)
 concurrent mark-sweep generation total 393216K, used 29679K [0x00000000e8000000, 0x0000000100000000, 0x0000000100000000)
 Metaspace       used 33029K, capacity 33554K, committed 33808K, reserved 1079296K
  class space    used 3656K, capacity 3841K, committed 3888K, reserved 1048576K
2017-07-28T16:38:16.414+0200: 15018,158: [GC (Allocation Failure) 2017-07-28T16:38:16.414+0200: 15018,158: [ParNew
Desired survivor size 20112992 bytes, new threshold 7 (max 8)
- age   1:   11385664 bytes,   11385664 total
- age   2:    2645120 bytes,   14030784 total
- age   3:    2056656 bytes,   16087440 total
- age   4:      12880 bytes,   16100320 total
- age   5:     104080 bytes,   16204400 total
- age   6:    3118552 bytes,   19322952 total
- age   7:    2319344 bytes,   21642296 total
- age   8:      75544 bytes,   21717840 total
: 102083K->21824K(109248K), 0,0100157 secs] 131762K->56708K(502464K), 0,0101107 secs] [Times: user=0,03 sys=0,00, real=0,01 secs] 
Heap after GC invocations=23 (full 1):
 par new generation   total 109248K, used 21824K [0x00000000e0000000, 0x00000000e8000000, 0x00000000e8000000)
  eden space 87424K,   0% used [0x00000000e0000000, 0x00000000e0000000, 0x00000000e5560000)
  from space 21824K, 100% used [0x00000000e6ab0000, 0x00000000e8000000, 0x00000000e8000000)
  to   space 21824K,   0% used [0x00000000e5560000, 0x00000000e5560000, 0x00000000e6ab0000)
 concurrent mark-sweep generation total 393216K, used 34884K [0x00000000e8000000, 0x0000000100000000, 0x0000000100000000)
 Metaspace       used 33029K, capacity 33554K, committed 33808K, reserved 1079296K
  class space    used 3656K, capacity 3841K, committed 3888K, reserved 1048576K
}
2017-07-28T16:38:16.424+0200: 15018,169: Total time for which application threads were stopped: 0,0103305 seconds, Stopping threads took: 0,0000230 seconds
2017-07-28T16:38:17.150+0200: 15018,894: Total time for which application threads were stopped: 0,0001100 seconds, Stopping threads took: 0,0000285 seconds
{Heap before GC invocations=23 (full 1):
 par new generation   total 109248K, used 109248K [0x00000000e0000000, 0x00000000e8000000, 0x00000000e8000000)
  eden space 87424K, 100% used [0x00000000e0000000, 0x00000000e5560000, 0x00000000e5560000)
  from space 21824K, 100% used [0x00000000e6ab0000, 0x00000000e8000000, 0x00000000e8000000)
  to   space 21824K,   0% used [0x00000000e5560000, 0x00000000e5560000, 0x00000000e6ab0000)
 concurrent mark-sweep generation total 393216K, used 34884K [0x00000000e8000000, 0x0000000100000000, 0x0000000100000000)
 Metaspace       used 33033K, capacity 33554K, committed 33808K, reserved 1079296K
  class space    used 3656K, capacity 3841K, committed 3888K, reserved 1048576K
2017-07-28T16:38:17.410+0200: 15019,154: [GC (Allocation Failure) 2017-07-28T16:38:17.410+0200: 15019,154: [ParNew
Desired survivor size 20112992 bytes, new threshold 8 (max 8)
- age   1:    8035336 bytes,    8035336 total
- age   2:    4169824 bytes,   12205160 total
- age   3:    2357192 bytes,   14562352 total
- age   4:    2037736 bytes,   16600088 total
- age   5:      11904 bytes,   16611992 total
- age   6:      96048 bytes,   16708040 total
- age   7:    1627664 bytes,   18335704 total
: 109248K->21824K(109248K), 0,0118812 secs] 144132K->69042K(502464K), 0,0119464 secs] [Times: user=0,05 sys=0,00, real=0,01 secs] 
Heap after GC invocations=24 (full 1):
 par new generation   total 109248K, used 21824K [0x00000000e0000000, 0x00000000e8000000, 0x00000000e8000000)
  eden space 87424K,   0% used [0x00000000e0000000, 0x00000000e0000000, 0x00000000e5560000)
  from space 21824K, 100% used [0x00000000e5560000, 0x00000000e6ab0000, 0x00000000e6ab0000)
  to   space 21824K,   0% used [0x00000000e6ab0000, 0x00000000e6ab0000, 0x00000000e8000000)
 concurrent mark-sweep generation total 393216K, used 47218K [0x00000000e8000000, 0x0000000100000000, 0x0000000100000000)
 Metaspace       used 33033K, capacity 33554K, committed 33808K, reserved 1079296K
  class space    used 3656K, capacity 3841K, committed 3888K, reserved 1048576K
}
2017-07-28T16:38:17.422+0200: 15019,166: Total time for which application threads were stopped: 0,0121043 seconds, Stopping threads took: 0,0000200 seconds
2017-07-28T16:38:18.422+0200: 15020,166: Total time for which application threads were stopped: 0,0001299 seconds, Stopping threads took: 0,0000238 seconds
2017-07-28T16:38:18.486+0200: 15020,230: Total time for which application threads were stopped: 0,0002132 seconds, Stopping threads took: 0,0001197 seconds
2017-07-28T16:38:18.486+0200: 15020,231: Total time for which application threads were stopped: 0,0001779 seconds, Stopping threads took: 0,0000944 seconds
2017-07-28T16:38:18.487+0200: 15020,231: Total time for which application threads were stopped: 0,0000930 seconds, Stopping threads took: 0,0000172 seconds
2017-07-28T16:38:18.487+0200: 15020,231: Total time for which application threads were stopped: 0,0001021 seconds, Stopping threads took: 0,0000309 seconds
2017-07-28T16:38:18.487+0200: 15020,231: Total time for which application threads were stopped: 0,0000776 seconds, Stopping threads took: 0,0000162 seconds
2017-07-28T16:38:18.487+0200: 15020,231: Total time for which application threads were stopped: 0,0001205 seconds, Stopping threads took: 0,0000223 seconds
2017-07-28T16:38:18.487+0200: 15020,231: Total time for which application threads were stopped: 0,0000861 seconds, Stopping threads took: 0,0000164 seconds
2017-07-28T16:38:18.488+0200: 15020,232: Total time for which application threads were stopped: 0,0000819 seconds, Stopping threads took: 0,0000137 seconds
2017-07-28T16:38:18.491+0200: 15020,235: Total time for which application threads were stopped: 0,0001407 seconds, Stopping threads took: 0,0000259 seconds
2017-07-28T16:38:18.866+0200: 15020,610: Total time for which application threads were stopped: 0,0001094 seconds, Stopping threads took: 0,0000187 seconds
2017-07-28T16:38:18.866+0200: 15020,610: Total time for which application threads were stopped: 0,0000490 seconds, Stopping threads took: 0,0000079 seconds
2017-07-28T16:38:18.866+0200: 15020,610: Total time for which application threads were stopped: 0,0000503 seconds, Stopping threads took: 0,0000104 seconds
2017-07-28T16:38:18.867+0200: 15020,611: Total time for which application threads were stopped: 0,0000975 seconds, Stopping threads took: 0,0000125 seconds
2017-07-28T16:38:18.898+0200: 15020,642: Total time for which application threads were stopped: 0,0001276 seconds, Stopping threads took: 0,0000333 seconds
2017-07-28T16:38:18.898+0200: 15020,642: Total time for which application threads were stopped: 0,0000837 seconds, Stopping threads took: 0,0000134 seconds
2017-07-28T16:38:20.577+0200: 15022,321: Total time for which application threads were stopped: 0,0000842 seconds, Stopping threads took: 0,0000226 seconds
2017-07-28T16:38:20.577+0200: 15022,321: Total time for which application threads were stopped: 0,0000428 seconds, Stopping threads took: 0,0000062 seconds
2017-07-28T16:38:20.597+0200: 15022,341: Total time for which application threads were stopped: 0,0001040 seconds, Stopping threads took: 0,0000162 seconds
2017-07-28T16:38:20.623+0200: 15022,367: Total time for which application threads were stopped: 0,0000958 seconds, Stopping threads took: 0,0000230 seconds
2017-07-28T16:38:20.623+0200: 15022,367: Total time for which application threads were stopped: 0,0000294 seconds, Stopping threads took: 0,0000054 seconds
2017-07-28T16:38:20.624+0200: 15022,368: Total time for which application threads were stopped: 0,0000444 seconds, Stopping threads took: 0,0000065 seconds
2017-07-28T16:38:20.627+0200: 15022,371: Total time for which application threads were stopped: 0,0001152 seconds, Stopping threads took: 0,0000517 seconds
2017-07-28T16:38:20.627+0200: 15022,371: Total time for which application threads were stopped: 0,0000500 seconds, Stopping threads took: 0,0000201 seconds
2017-07-28T16:38:20.627+0200: 15022,371: Total time for which application threads were stopped: 0,0000372 seconds, Stopping threads took: 0,0000102 seconds
2017-07-28T16:38:20.627+0200: 15022,371: Total time for which application threads were stopped: 0,0000899 seconds, Stopping threads took: 0,0000358 seconds
2017-07-28T16:38:20.653+0200: 15022,397: Total time for which application threads were stopped: 0,0001057 seconds, Stopping threads took: 0,0000229 seconds
2017-07-28T16:38:20.653+0200: 15022,397: Total time for which application threads were stopped: 0,0000373 seconds, Stopping threads took: 0,0000083 seconds
2017-07-28T16:38:20.780+0200: 15022,524: Total time for which application threads were stopped: 0,0000961 seconds, Stopping threads took: 0,0000202 seconds
2017-07-28T16:38:20.780+0200: 15022,524: Total time for which application threads were stopped: 0,0000515 seconds, Stopping threads took: 0,0000110 seconds
2017-07-28T16:38:20.780+0200: 15022,524: Total time for which application threads were stopped: 0,0000518 seconds, Stopping threads took: 0,0000102 seconds
2017-07-28T16:38:20.780+0200: 15022,525: Total time for which application threads were stopped: 0,0000506 seconds, Stopping threads took: 0,0000098 seconds
2017-07-28T16:38:20.781+0200: 15022,525: Total time for which application threads were stopped: 0,0000490 seconds, Stopping threads took: 0,0000090 seconds
2017-07-28T16:38:20.781+0200: 15022,525: Total time for which application threads were stopped: 0,0001205 seconds, Stopping threads took: 0,0000090 seconds
2017-07-28T16:38:20.788+0200: 15022,532: Total time for which application threads were stopped: 0,0000962 seconds, Stopping threads took: 0,0000261 seconds
{Heap before GC invocations=24 (full 1):
 par new generation   total 109248K, used 109248K [0x00000000e0000000, 0x00000000e8000000, 0x00000000e8000000)
  eden space 87424K, 100% used [0x00000000e0000000, 0x00000000e5560000, 0x00000000e5560000)
  from space 21824K, 100% used [0x00000000e5560000, 0x00000000e6ab0000, 0x00000000e6ab0000)
  to   space 21824K,   0% used [0x00000000e6ab0000, 0x00000000e6ab0000, 0x00000000e8000000)
 concurrent mark-sweep generation total 393216K, used 47218K [0x00000000e8000000, 0x0000000100000000, 0x0000000100000000)
 Metaspace       used 33086K, capacity 33554K, committed 33808K, reserved 1079296K
  class space    used 3657K, capacity 3841K, committed 3888K, reserved 1048576K
2017-07-28T16:43:03.445+0200: 15305,189: [GC (Allocation Failure) 2017-07-28T16:43:03.445+0200: 15305,189: [ParNew
Desired survivor size 20112992 bytes, new threshold 8 (max 8)
- age   1:     570336 bytes,     570336 total
- age   2:    7970080 bytes,    8540416 total
- age   3:    3721504 bytes,   12261920 total
- age   4:    1465896 bytes,   13727816 total
- age   5:    1175856 bytes,   14903672 total
- age   6:      11904 bytes,   14915576 total
- age   7:      95192 bytes,   15010768 total
- age   8:    1328992 bytes,   16339760 total
: 109248K->21824K(109248K), 0,0647098 secs] 156466K->70914K(502464K), 0,0647959 secs] [Times: user=0,05 sys=0,00, real=0,07 secs] 
Heap after GC invocations=25 (full 1):
 par new generation   total 109248K, used 21824K [0x00000000e0000000, 0x00000000e8000000, 0x00000000e8000000)
  eden space 87424K,   0% used [0x00000000e0000000, 0x00000000e0000000, 0x00000000e5560000)
  from space 21824K, 100% used [0x00000000e6ab0000, 0x00000000e8000000, 0x00000000e8000000)
  to   space 21824K,   0% used [0x00000000e5560000, 0x00000000e5560000, 0x00000000e6ab0000)
 concurrent mark-sweep generation total 393216K, used 49090K [0x00000000e8000000, 0x0000000100000000, 0x0000000100000000)
 Metaspace       used 33086K, capacity 33554K, committed 33808K, reserved 1079296K
  class space    used 3657K, capacity 3841K, committed 3888K, reserved 1048576K
}
2017-07-28T16:43:03.509+0200: 15305,253: Total time for which application threads were stopped: 0,0649908 seconds, Stopping threads took: 0,0000228 seconds
2017-07-28T16:43:03.520+0200: 15305,264: Total time for which application threads were stopped: 0,0012964 seconds, Stopping threads took: 0,0004470 seconds
2017-07-28T16:43:03.540+0200: 15305,285: Total time for which application threads were stopped: 0,0106990 seconds, Stopping threads took: 0,0105565 seconds
2017-07-28T16:43:03.548+0200: 15305,292: Total time for which application threads were stopped: 0,0001649 seconds, Stopping threads took: 0,0000397 seconds
2017-07-28T16:43:03.551+0200: 15305,296: Total time for which application threads were stopped: 0,0001697 seconds, Stopping threads took: 0,0000897 seconds
2017-07-28T16:43:03.552+0200: 15305,296: Total time for which application threads were stopped: 0,0000680 seconds, Stopping threads took: 0,0000193 seconds
2017-07-28T16:43:03.553+0200: 15305,297: Total time for which application threads were stopped: 0,0000649 seconds, Stopping threads took: 0,0000105 seconds
2017-07-28T16:43:03.553+0200: 15305,297: Total time for which application threads were stopped: 0,0000419 seconds, Stopping threads took: 0,0000061 seconds
2017-07-28T16:43:03.556+0200: 15305,300: Total time for which application threads were stopped: 0,0000668 seconds, Stopping threads took: 0,0000179 seconds
2017-07-28T16:43:03.556+0200: 15305,300: Total time for which application threads were stopped: 0,0000714 seconds, Stopping threads took: 0,0000294 seconds
2017-07-28T16:43:03.556+0200: 15305,300: Total time for which application threads were stopped: 0,0000472 seconds, Stopping threads took: 0,0000139 seconds
2017-07-28T16:43:03.556+0200: 15305,300: Total time for which application threads were stopped: 0,0000822 seconds, Stopping threads took: 0,0000147 seconds
2017-07-28T16:43:03.557+0200: 15305,301: Total time for which application threads were stopped: 0,0000303 seconds, Stopping threads took: 0,0000061 seconds
2017-07-28T16:43:03.557+0200: 15305,301: Total time for which application threads were stopped: 0,0000241 seconds, Stopping threads took: 0,0000049 seconds
2017-07-28T16:43:03.557+0200: 15305,301: Total time for which application threads were stopped: 0,0000594 seconds, Stopping threads took: 0,0000044 seconds
Heap
 par new generation   total 109248K, used 27742K [0x00000000e0000000, 0x00000000e8000000, 0x00000000e8000000)
  eden space 87424K,   6% used [0x00000000e0000000, 0x00000000e05c7b28, 0x00000000e5560000)
  from space 21824K, 100% used [0x00000000e6ab0000, 0x00000000e8000000, 0x00000000e8000000)
  to   space 21824K,   0% used [0x00000000e5560000, 0x00000000e5560000, 0x00000000e6ab0000)
 concurrent mark-sweep generation total 393216K, used 49090K [0x00000000e8000000, 0x0000000100000000, 0x0000000100000000)
 Metaspace       used 33135K, capacity 33618K, committed 34064K, reserved 1079296K
  class space    used 3664K, capacity 3841K, committed 3888K, reserved 1048576K
