OpenJDK 64-Bit Server VM (25.131-b11) for linux-amd64 JRE (1.8.0_131-8u131-b11-0ubuntu1.16.04.2-b11), built on May  6 2017 02:45:27 by "buildd" with gcc 5.4.0 20160609
Memory: 4k page, physical 16399120k(11568304k free), swap 31998972k(31998972k free)
CommandLine flags: -XX:CMSInitiatingOccupancyFraction=50 -XX:CMSMaxAbortablePrecleanTime=6000 -XX:+CMSParallelRemarkEnabled -XX:+CMSScavengeBeforeRemark -XX:ConcGCThreads=4 -XX:InitialHeapSize=536870912 -XX:MaxHeapSize=536870912 -XX:MaxTenuringThreshold=8 -XX:NewRatio=3 -XX:OldPLABSize=16 -XX:OnOutOfMemoryError=/home/froog/Studium/oxygen_crawl/Crawler/solr/solr-5.5.4/bin/oom_solr.sh 8983 /home/froog/Studium/oxygen_crawl/Crawler/solr/solr-5.5.4/server/logs -XX:ParallelGCThreads=4 -XX:+ParallelRefProcEnabled -XX:PretenureSizeThreshold=67108864 -XX:+PrintGC -XX:+PrintGCApplicationStoppedTime -XX:+PrintGCDateStamps -XX:+PrintGCDetails -XX:+PrintGCTimeStamps -XX:+PrintHeapAtGC -XX:+PrintTenuringDistribution -XX:SurvivorRatio=4 -XX:TargetSurvivorRatio=90 -XX:ThreadStackSize=256 -XX:+UseCMSInitiatingOccupancyOnly -XX:+UseCompressedClassPointers -XX:+UseCompressedOops -XX:+UseConcMarkSweepGC -XX:+UseParNewGC 
2017-06-28T17:27:33.385+0200: 0,213: Total time for which application threads were stopped: 0,0001076 seconds, Stopping threads took: 0,0000115 seconds
2017-06-28T17:27:33.449+0200: 0,277: Total time for which application threads were stopped: 0,0000895 seconds, Stopping threads took: 0,0000111 seconds
2017-06-28T17:27:33.509+0200: 0,337: Total time for which application threads were stopped: 0,0001026 seconds, Stopping threads took: 0,0000193 seconds
2017-06-28T17:27:33.541+0200: 0,369: Total time for which application threads were stopped: 0,0001220 seconds, Stopping threads took: 0,0000100 seconds
2017-06-28T17:27:33.549+0200: 0,377: Total time for which application threads were stopped: 0,0001177 seconds, Stopping threads took: 0,0000124 seconds
2017-06-28T17:27:33.556+0200: 0,384: Total time for which application threads were stopped: 0,0001215 seconds, Stopping threads took: 0,0000145 seconds
{Heap before GC invocations=0 (full 0):
 par new generation   total 109248K, used 87424K [0x00000000e0000000, 0x00000000e8000000, 0x00000000e8000000)
  eden space 87424K, 100% used [0x00000000e0000000, 0x00000000e5560000, 0x00000000e5560000)
  from space 21824K,   0% used [0x00000000e5560000, 0x00000000e5560000, 0x00000000e6ab0000)
  to   space 21824K,   0% used [0x00000000e6ab0000, 0x00000000e6ab0000, 0x00000000e8000000)
 concurrent mark-sweep generation total 393216K, used 0K [0x00000000e8000000, 0x0000000100000000, 0x0000000100000000)
 Metaspace       used 10036K, capacity 10172K, committed 10496K, reserved 1058816K
  class space    used 1124K, capacity 1176K, committed 1280K, reserved 1048576K
2017-06-28T17:27:33.680+0200: 0,508: [GC (Allocation Failure) 2017-06-28T17:27:33.680+0200: 0,508: [ParNew
Desired survivor size 20112992 bytes, new threshold 8 (max 8)
- age   1:    5652944 bytes,    5652944 total
: 87424K->5590K(109248K), 0,0052551 secs] 87424K->5590K(502464K), 0,0053361 secs] [Times: user=0,00 sys=0,01, real=0,00 secs] 
Heap after GC invocations=1 (full 0):
 par new generation   total 109248K, used 5590K [0x00000000e0000000, 0x00000000e8000000, 0x00000000e8000000)
  eden space 87424K,   0% used [0x00000000e0000000, 0x00000000e0000000, 0x00000000e5560000)
  from space 21824K,  25% used [0x00000000e6ab0000, 0x00000000e70258a0, 0x00000000e8000000)
  to   space 21824K,   0% used [0x00000000e5560000, 0x00000000e5560000, 0x00000000e6ab0000)
 concurrent mark-sweep generation total 393216K, used 0K [0x00000000e8000000, 0x0000000100000000, 0x0000000100000000)
 Metaspace       used 10036K, capacity 10172K, committed 10496K, reserved 1058816K
  class space    used 1124K, capacity 1176K, committed 1280K, reserved 1048576K
}
2017-06-28T17:27:33.685+0200: 0,513: Total time for which application threads were stopped: 0,0055707 seconds, Stopping threads took: 0,0000980 seconds
2017-06-28T17:27:33.737+0200: 0,565: Total time for which application threads were stopped: 0,0001481 seconds, Stopping threads took: 0,0000153 seconds
2017-06-28T17:27:33.764+0200: 0,592: Total time for which application threads were stopped: 0,0001783 seconds, Stopping threads took: 0,0000151 seconds
2017-06-28T17:27:33.834+0200: 0,662: Total time for which application threads were stopped: 0,0001608 seconds, Stopping threads took: 0,0000121 seconds
2017-06-28T17:27:33.846+0200: 0,674: Total time for which application threads were stopped: 0,0001861 seconds, Stopping threads took: 0,0000216 seconds
2017-06-28T17:27:33.861+0200: 0,689: Total time for which application threads were stopped: 0,0001583 seconds, Stopping threads took: 0,0000143 seconds
2017-06-28T17:27:33.862+0200: 0,690: Total time for which application threads were stopped: 0,0000635 seconds, Stopping threads took: 0,0000089 seconds
2017-06-28T17:27:33.914+0200: 0,742: Total time for which application threads were stopped: 0,0001923 seconds, Stopping threads took: 0,0000154 seconds
2017-06-28T17:27:34.022+0200: 0,850: Total time for which application threads were stopped: 0,0003514 seconds, Stopping threads took: 0,0001076 seconds
{Heap before GC invocations=1 (full 0):
 par new generation   total 109248K, used 93014K [0x00000000e0000000, 0x00000000e8000000, 0x00000000e8000000)
  eden space 87424K, 100% used [0x00000000e0000000, 0x00000000e5560000, 0x00000000e5560000)
  from space 21824K,  25% used [0x00000000e6ab0000, 0x00000000e70258a0, 0x00000000e8000000)
  to   space 21824K,   0% used [0x00000000e5560000, 0x00000000e5560000, 0x00000000e6ab0000)
 concurrent mark-sweep generation total 393216K, used 0K [0x00000000e8000000, 0x0000000100000000, 0x0000000100000000)
 Metaspace       used 18411K, capacity 18700K, committed 18944K, reserved 1067008K
  class space    used 2106K, capacity 2224K, committed 2304K, reserved 1048576K
2017-06-28T17:27:34.130+0200: 0,958: [GC (Allocation Failure) 2017-06-28T17:27:34.130+0200: 0,958: [ParNew
Desired survivor size 20112992 bytes, new threshold 8 (max 8)
- age   1:    9375184 bytes,    9375184 total
- age   2:    2506432 bytes,   11881616 total
: 93014K->12971K(109248K), 0,0068215 secs] 93014K->12971K(502464K), 0,0068978 secs] [Times: user=0,02 sys=0,00, real=0,01 secs] 
Heap after GC invocations=2 (full 0):
 par new generation   total 109248K, used 12971K [0x00000000e0000000, 0x00000000e8000000, 0x00000000e8000000)
  eden space 87424K,   0% used [0x00000000e0000000, 0x00000000e0000000, 0x00000000e5560000)
  from space 21824K,  59% used [0x00000000e5560000, 0x00000000e620ad50, 0x00000000e6ab0000)
  to   space 21824K,   0% used [0x00000000e6ab0000, 0x00000000e6ab0000, 0x00000000e8000000)
 concurrent mark-sweep generation total 393216K, used 0K [0x00000000e8000000, 0x0000000100000000, 0x0000000100000000)
 Metaspace       used 18411K, capacity 18700K, committed 18944K, reserved 1067008K
  class space    used 2106K, capacity 2224K, committed 2304K, reserved 1048576K
}
2017-06-28T17:27:34.137+0200: 0,965: Total time for which application threads were stopped: 0,0070474 seconds, Stopping threads took: 0,0000150 seconds
2017-06-28T17:27:34.190+0200: 1,018: Total time for which application threads were stopped: 0,0002493 seconds, Stopping threads took: 0,0000185 seconds
2017-06-28T17:27:34.215+0200: 1,043: Total time for which application threads were stopped: 0,0003480 seconds, Stopping threads took: 0,0000449 seconds
{Heap before GC invocations=2 (full 0):
 par new generation   total 109248K, used 100395K [0x00000000e0000000, 0x00000000e8000000, 0x00000000e8000000)
  eden space 87424K, 100% used [0x00000000e0000000, 0x00000000e5560000, 0x00000000e5560000)
  from space 21824K,  59% used [0x00000000e5560000, 0x00000000e620ad50, 0x00000000e6ab0000)
  to   space 21824K,   0% used [0x00000000e6ab0000, 0x00000000e6ab0000, 0x00000000e8000000)
 concurrent mark-sweep generation total 393216K, used 0K [0x00000000e8000000, 0x0000000100000000, 0x0000000100000000)
 Metaspace       used 19292K, capacity 19532K, committed 19712K, reserved 1067008K
  class space    used 2200K, capacity 2288K, committed 2304K, reserved 1048576K
2017-06-28T17:27:34.240+0200: 1,068: [GC (Allocation Failure) 2017-06-28T17:27:34.241+0200: 1,069: [ParNew
Desired survivor size 20112992 bytes, new threshold 8 (max 8)
- age   1:    1357352 bytes,    1357352 total
- age   2:    3672568 bytes,    5029920 total
- age   3:    2497120 bytes,    7527040 total
: 100395K->9628K(109248K), 0,0052250 secs] 100395K->9628K(502464K), 0,0053033 secs] [Times: user=0,02 sys=0,00, real=0,00 secs] 
Heap after GC invocations=3 (full 0):
 par new generation   total 109248K, used 9628K [0x00000000e0000000, 0x00000000e8000000, 0x00000000e8000000)
  eden space 87424K,   0% used [0x00000000e0000000, 0x00000000e0000000, 0x00000000e5560000)
  from space 21824K,  44% used [0x00000000e6ab0000, 0x00000000e74173a0, 0x00000000e8000000)
  to   space 21824K,   0% used [0x00000000e5560000, 0x00000000e5560000, 0x00000000e6ab0000)
 concurrent mark-sweep generation total 393216K, used 0K [0x00000000e8000000, 0x0000000100000000, 0x0000000100000000)
 Metaspace       used 19292K, capacity 19532K, committed 19712K, reserved 1067008K
  class space    used 2200K, capacity 2288K, committed 2304K, reserved 1048576K
}
2017-06-28T17:27:34.246+0200: 1,074: Total time for which application threads were stopped: 0,0060034 seconds, Stopping threads took: 0,0005555 seconds
{Heap before GC invocations=3 (full 0):
 par new generation   total 109248K, used 97052K [0x00000000e0000000, 0x00000000e8000000, 0x00000000e8000000)
  eden space 87424K, 100% used [0x00000000e0000000, 0x00000000e5560000, 0x00000000e5560000)
  from space 21824K,  44% used [0x00000000e6ab0000, 0x00000000e74173a0, 0x00000000e8000000)
  to   space 21824K,   0% used [0x00000000e5560000, 0x00000000e5560000, 0x00000000e6ab0000)
 concurrent mark-sweep generation total 393216K, used 0K [0x00000000e8000000, 0x0000000100000000, 0x0000000100000000)
 Metaspace       used 20039K, capacity 20362K, committed 20608K, reserved 1067008K
  class space    used 2280K, capacity 2389K, committed 2432K, reserved 1048576K
2017-06-28T17:27:34.342+0200: 1,170: [GC (Allocation Failure) 2017-06-28T17:27:34.342+0200: 1,170: [ParNew
Desired survivor size 20112992 bytes, new threshold 8 (max 8)
- age   1:    2440488 bytes,    2440488 total
- age   2:     507648 bytes,    2948136 total
- age   3:    3652232 bytes,    6600368 total
- age   4:    2496768 bytes,    9097136 total
: 97052K->11618K(109248K), 0,0058711 secs] 97052K->11618K(502464K), 0,0059401 secs] [Times: user=0,04 sys=0,00, real=0,00 secs] 
Heap after GC invocations=4 (full 0):
 par new generation   total 109248K, used 11618K [0x00000000e0000000, 0x00000000e8000000, 0x00000000e8000000)
  eden space 87424K,   0% used [0x00000000e0000000, 0x00000000e0000000, 0x00000000e5560000)
  from space 21824K,  53% used [0x00000000e5560000, 0x00000000e60b8858, 0x00000000e6ab0000)
  to   space 21824K,   0% used [0x00000000e6ab0000, 0x00000000e6ab0000, 0x00000000e8000000)
 concurrent mark-sweep generation total 393216K, used 0K [0x00000000e8000000, 0x0000000100000000, 0x0000000100000000)
 Metaspace       used 20039K, capacity 20362K, committed 20608K, reserved 1067008K
  class space    used 2280K, capacity 2389K, committed 2432K, reserved 1048576K
}
2017-06-28T17:27:34.348+0200: 1,176: Total time for which application threads were stopped: 0,0061538 seconds, Stopping threads took: 0,0000550 seconds
2017-06-28T17:27:34.423+0200: 1,251: Total time for which application threads were stopped: 0,0001630 seconds, Stopping threads took: 0,0000324 seconds
2017-06-28T17:27:34.424+0200: 1,252: Total time for which application threads were stopped: 0,0003489 seconds, Stopping threads took: 0,0000216 seconds
2017-06-28T17:27:34.446+0200: 1,274: Total time for which application threads were stopped: 0,0000839 seconds, Stopping threads took: 0,0000173 seconds
2017-06-28T17:27:34.469+0200: 1,297: Total time for which application threads were stopped: 0,0001083 seconds, Stopping threads took: 0,0000214 seconds
2017-06-28T17:27:34.490+0200: 1,318: Total time for which application threads were stopped: 0,0000808 seconds, Stopping threads took: 0,0000249 seconds
2017-06-28T17:27:34.496+0200: 1,324: Total time for which application threads were stopped: 0,0002713 seconds, Stopping threads took: 0,0000185 seconds
2017-06-28T17:27:34.514+0200: 1,342: Total time for which application threads were stopped: 0,0000833 seconds, Stopping threads took: 0,0000279 seconds
2017-06-28T17:27:34.533+0200: 1,361: Total time for which application threads were stopped: 0,0000852 seconds, Stopping threads took: 0,0000182 seconds
2017-06-28T17:27:34.554+0200: 1,382: Total time for which application threads were stopped: 0,0000917 seconds, Stopping threads took: 0,0000120 seconds
2017-06-28T17:27:34.569+0200: 1,397: Total time for which application threads were stopped: 0,0000672 seconds, Stopping threads took: 0,0000119 seconds
2017-06-28T17:27:34.584+0200: 1,412: Total time for which application threads were stopped: 0,0000839 seconds, Stopping threads took: 0,0000166 seconds
2017-06-28T17:27:34.604+0200: 1,432: Total time for which application threads were stopped: 0,0001487 seconds, Stopping threads took: 0,0000668 seconds
{Heap before GC invocations=4 (full 0):
 par new generation   total 109248K, used 99042K [0x00000000e0000000, 0x00000000e8000000, 0x00000000e8000000)
  eden space 87424K, 100% used [0x00000000e0000000, 0x00000000e5560000, 0x00000000e5560000)
  from space 21824K,  53% used [0x00000000e5560000, 0x00000000e60b8858, 0x00000000e6ab0000)
  to   space 21824K,   0% used [0x00000000e6ab0000, 0x00000000e6ab0000, 0x00000000e8000000)
 concurrent mark-sweep generation total 393216K, used 0K [0x00000000e8000000, 0x0000000100000000, 0x0000000100000000)
 Metaspace       used 23812K, capacity 24194K, committed 24540K, reserved 1071104K
  class space    used 2759K, capacity 2919K, committed 2940K, reserved 1048576K
2017-06-28T17:27:34.605+0200: 1,433: [GC (Allocation Failure) 2017-06-28T17:27:34.605+0200: 1,433: [ParNew
Desired survivor size 20112992 bytes, new threshold 8 (max 8)
- age   1:    3845232 bytes,    3845232 total
- age   2:     153656 bytes,    3998888 total
- age   3:     268568 bytes,    4267456 total
- age   4:    3645296 bytes,    7912752 total
- age   5:    2496672 bytes,   10409424 total
: 99042K->13867K(109248K), 0,0062328 secs] 99042K->13867K(502464K), 0,0063007 secs] [Times: user=0,02 sys=0,00, real=0,01 secs] 
Heap after GC invocations=5 (full 0):
 par new generation   total 109248K, used 13867K [0x00000000e0000000, 0x00000000e8000000, 0x00000000e8000000)
  eden space 87424K,   0% used [0x00000000e0000000, 0x00000000e0000000, 0x00000000e5560000)
  from space 21824K,  63% used [0x00000000e6ab0000, 0x00000000e783ac80, 0x00000000e8000000)
  to   space 21824K,   0% used [0x00000000e5560000, 0x00000000e5560000, 0x00000000e6ab0000)
 concurrent mark-sweep generation total 393216K, used 0K [0x00000000e8000000, 0x0000000100000000, 0x0000000100000000)
 Metaspace       used 23812K, capacity 24194K, committed 24540K, reserved 1071104K
  class space    used 2759K, capacity 2919K, committed 2940K, reserved 1048576K
}
2017-06-28T17:27:34.611+0200: 1,439: Total time for which application threads were stopped: 0,0064145 seconds, Stopping threads took: 0,0000094 seconds
2017-06-28T17:27:34.611+0200: 1,439: [GC (CMS Initial Mark) [1 CMS-initial-mark: 0K(393216K)] 14346K(502464K), 0,0014479 secs] [Times: user=0,00 sys=0,00, real=0,00 secs] 
2017-06-28T17:27:34.613+0200: 1,441: Total time for which application threads were stopped: 0,0015555 seconds, Stopping threads took: 0,0000176 seconds
2017-06-28T17:27:34.613+0200: 1,441: [CMS-concurrent-mark-start]
2017-06-28T17:27:34.614+0200: 1,442: [CMS-concurrent-mark: 0,001/0,001 secs] [Times: user=0,01 sys=0,00, real=0,00 secs] 
2017-06-28T17:27:34.614+0200: 1,442: [CMS-concurrent-preclean-start]
2017-06-28T17:27:34.615+0200: 1,443: [CMS-concurrent-preclean: 0,001/0,001 secs] [Times: user=0,00 sys=0,00, real=0,00 secs] 
2017-06-28T17:27:34.615+0200: 1,443: [GC (CMS Final Remark) [YG occupancy: 15354 K (109248 K)]{Heap before GC invocations=5 (full 1):
 par new generation   total 109248K, used 15354K [0x00000000e0000000, 0x00000000e8000000, 0x00000000e8000000)
  eden space 87424K,   1% used [0x00000000e0000000, 0x00000000e0173d98, 0x00000000e5560000)
  from space 21824K,  63% used [0x00000000e6ab0000, 0x00000000e783ac80, 0x00000000e8000000)
  to   space 21824K,   0% used [0x00000000e5560000, 0x00000000e5560000, 0x00000000e6ab0000)
 concurrent mark-sweep generation total 393216K, used 0K [0x00000000e8000000, 0x0000000100000000, 0x0000000100000000)
 Metaspace       used 23833K, capacity 24194K, committed 24540K, reserved 1071104K
  class space    used 2760K, capacity 2919K, committed 2940K, reserved 1048576K
2017-06-28T17:27:34.615+0200: 1,443: [GC (CMS Final Remark) 2017-06-28T17:27:34.615+0200: 1,443: [ParNew
Desired survivor size 20112992 bytes, new threshold 8 (max 8)
- age   1:      23624 bytes,      23624 total
- age   2:    1253328 bytes,    1276952 total
- age   3:     153656 bytes,    1430608 total
- age   4:     268568 bytes,    1699176 total
- age   5:    3645224 bytes,    5344400 total
- age   6:    2496696 bytes,    7841096 total
: 15354K->9935K(109248K), 0,0043239 secs] 15354K->9935K(502464K), 0,0043765 secs] [Times: user=0,02 sys=0,00, real=0,01 secs] 
Heap after GC invocations=6 (full 1):
 par new generation   total 109248K, used 9935K [0x00000000e0000000, 0x00000000e8000000, 0x00000000e8000000)
  eden space 87424K,   0% used [0x00000000e0000000, 0x00000000e0000000, 0x00000000e5560000)
  from space 21824K,  45% used [0x00000000e5560000, 0x00000000e5f13d00, 0x00000000e6ab0000)
  to   space 21824K,   0% used [0x00000000e6ab0000, 0x00000000e6ab0000, 0x00000000e8000000)
 concurrent mark-sweep generation total 393216K, used 0K [0x00000000e8000000, 0x0000000100000000, 0x0000000100000000)
 Metaspace       used 23833K, capacity 24194K, committed 24540K, reserved 1071104K
  class space    used 2760K, capacity 2919K, committed 2940K, reserved 1048576K
}
2017-06-28T17:27:34.619+0200: 1,447: [Rescan (parallel) , 0,0014830 secs]2017-06-28T17:27:34.621+0200: 1,449: [weak refs processing, 0,0002747 secs]2017-06-28T17:27:34.621+0200: 1,449: [class unloading, 0,0025563 secs]2017-06-28T17:27:34.624+0200: 1,452: [scrub symbol table, 0,0023412 secs]2017-06-28T17:27:34.626+0200: 1,454: [scrub string table, 0,0003261 secs][1 CMS-remark: 0K(393216K)] 9935K(502464K), 0,0120380 secs] [Times: user=0,03 sys=0,00, real=0,01 secs] 
2017-06-28T17:27:34.627+0200: 1,455: Total time for which application threads were stopped: 0,0123495 seconds, Stopping threads took: 0,0002442 seconds
2017-06-28T17:27:34.627+0200: 1,455: [CMS-concurrent-sweep-start]
2017-06-28T17:27:34.627+0200: 1,455: [CMS-concurrent-sweep: 0,000/0,000 secs] [Times: user=0,00 sys=0,00, real=0,00 secs] 
2017-06-28T17:27:34.627+0200: 1,455: [CMS-concurrent-reset-start]
2017-06-28T17:27:34.628+0200: 1,456: [CMS-concurrent-reset: 0,001/0,001 secs] [Times: user=0,01 sys=0,00, real=0,00 secs] 
2017-06-28T17:27:34.695+0200: 1,523: Total time for which application threads were stopped: 0,0002953 seconds, Stopping threads took: 0,0000143 seconds
2017-06-28T17:27:34.696+0200: 1,524: Total time for which application threads were stopped: 0,0001766 seconds, Stopping threads took: 0,0000097 seconds
{Heap before GC invocations=6 (full 1):
 par new generation   total 109248K, used 97359K [0x00000000e0000000, 0x00000000e8000000, 0x00000000e8000000)
  eden space 87424K, 100% used [0x00000000e0000000, 0x00000000e5560000, 0x00000000e5560000)
  from space 21824K,  45% used [0x00000000e5560000, 0x00000000e5f13d00, 0x00000000e6ab0000)
  to   space 21824K,   0% used [0x00000000e6ab0000, 0x00000000e6ab0000, 0x00000000e8000000)
 concurrent mark-sweep generation total 393216K, used 0K [0x00000000e8000000, 0x0000000100000000, 0x0000000100000000)
 Metaspace       used 25551K, capacity 25916K, committed 26436K, reserved 1073152K
  class space    used 2941K, capacity 3086K, committed 3196K, reserved 1048576K
2017-06-28T17:27:34.826+0200: 1,654: [GC (Allocation Failure) 2017-06-28T17:27:34.826+0200: 1,654: [ParNew
Desired survivor size 20112992 bytes, new threshold 8 (max 8)
- age   1:   10630096 bytes,   10630096 total
- age   2:      18168 bytes,   10648264 total
- age   3:    1237272 bytes,   11885536 total
- age   4:     153656 bytes,   12039192 total
- age   5:     261960 bytes,   12301152 total
- age   6:    3635432 bytes,   15936584 total
- age   7:    2496568 bytes,   18433152 total
: 97359K->20822K(109248K), 0,0092532 secs] 97359K->20822K(502464K), 0,0093341 secs] [Times: user=0,02 sys=0,00, real=0,01 secs] 
Heap after GC invocations=7 (full 1):
 par new generation   total 109248K, used 20822K [0x00000000e0000000, 0x00000000e8000000, 0x00000000e8000000)
  eden space 87424K,   0% used [0x00000000e0000000, 0x00000000e0000000, 0x00000000e5560000)
  from space 21824K,  95% used [0x00000000e6ab0000, 0x00000000e7f05b90, 0x00000000e8000000)
  to   space 21824K,   0% used [0x00000000e5560000, 0x00000000e5560000, 0x00000000e6ab0000)
 concurrent mark-sweep generation total 393216K, used 0K [0x00000000e8000000, 0x0000000100000000, 0x0000000100000000)
 Metaspace       used 25551K, capacity 25916K, committed 26436K, reserved 1073152K
  class space    used 2941K, capacity 3086K, committed 3196K, reserved 1048576K
}
2017-06-28T17:27:34.836+0200: 1,664: Total time for which application threads were stopped: 0,0096218 seconds, Stopping threads took: 0,0000825 seconds
2017-06-28T17:27:34.850+0200: 1,678: Total time for which application threads were stopped: 0,0003720 seconds, Stopping threads took: 0,0000368 seconds
2017-06-28T17:27:34.896+0200: 1,724: Total time for which application threads were stopped: 0,0003591 seconds, Stopping threads took: 0,0000202 seconds
{Heap before GC invocations=7 (full 1):
 par new generation   total 109248K, used 108246K [0x00000000e0000000, 0x00000000e8000000, 0x00000000e8000000)
  eden space 87424K, 100% used [0x00000000e0000000, 0x00000000e5560000, 0x00000000e5560000)
  from space 21824K,  95% used [0x00000000e6ab0000, 0x00000000e7f05b90, 0x00000000e8000000)
  to   space 21824K,   0% used [0x00000000e5560000, 0x00000000e5560000, 0x00000000e6ab0000)
 concurrent mark-sweep generation total 393216K, used 0K [0x00000000e8000000, 0x0000000100000000, 0x0000000100000000)
 Metaspace       used 25707K, capacity 26146K, committed 26436K, reserved 1073152K
  class space    used 2953K, capacity 3119K, committed 3196K, reserved 1048576K
2017-06-28T17:27:34.901+0200: 1,729: [GC (Allocation Failure) 2017-06-28T17:27:34.901+0200: 1,729: [ParNew
Desired survivor size 20112992 bytes, new threshold 8 (max 8)
- age   1:    3769944 bytes,    3769944 total
- age   2:    8135920 bytes,   11905864 total
- age   3:      18168 bytes,   11924032 total
- age   4:    1237272 bytes,   13161304 total
- age   5:     153552 bytes,   13314856 total
- age   6:     261960 bytes,   13576816 total
- age   7:    3635360 bytes,   17212176 total
- age   8:    2496568 bytes,   19708744 total
: 108246K->21824K(109248K), 0,0102255 secs] 108246K->22098K(502464K), 0,0102994 secs] [Times: user=0,03 sys=0,01, real=0,01 secs] 
Heap after GC invocations=8 (full 1):
 par new generation   total 109248K, used 21824K [0x00000000e0000000, 0x00000000e8000000, 0x00000000e8000000)
  eden space 87424K,   0% used [0x00000000e0000000, 0x00000000e0000000, 0x00000000e5560000)
  from space 21824K, 100% used [0x00000000e5560000, 0x00000000e6ab0000, 0x00000000e6ab0000)
  to   space 21824K,   0% used [0x00000000e6ab0000, 0x00000000e6ab0000, 0x00000000e8000000)
 concurrent mark-sweep generation total 393216K, used 274K [0x00000000e8000000, 0x0000000100000000, 0x0000000100000000)
 Metaspace       used 25707K, capacity 26146K, committed 26436K, reserved 1073152K
  class space    used 2953K, capacity 3119K, committed 3196K, reserved 1048576K
}
2017-06-28T17:27:34.912+0200: 1,740: Total time for which application threads were stopped: 0,0105541 seconds, Stopping threads took: 0,0001248 seconds
{Heap before GC invocations=8 (full 1):
 par new generation   total 109248K, used 109218K [0x00000000e0000000, 0x00000000e8000000, 0x00000000e8000000)
  eden space 87424K,  99% used [0x00000000e0000000, 0x00000000e5558a48, 0x00000000e5560000)
  from space 21824K, 100% used [0x00000000e5560000, 0x00000000e6ab0000, 0x00000000e6ab0000)
  to   space 21824K,   0% used [0x00000000e6ab0000, 0x00000000e6ab0000, 0x00000000e8000000)
 concurrent mark-sweep generation total 393216K, used 274K [0x00000000e8000000, 0x0000000100000000, 0x0000000100000000)
 Metaspace       used 25853K, capacity 26234K, committed 26692K, reserved 1073152K
  class space    used 2969K, capacity 3123K, committed 3196K, reserved 1048576K
2017-06-28T17:27:34.939+0200: 1,767: [GC (Allocation Failure) 2017-06-28T17:27:34.939+0200: 1,767: [ParNew
Desired survivor size 20112992 bytes, new threshold 8 (max 8)
- age   1:     579576 bytes,     579576 total
- age   2:    3066312 bytes,    3645888 total
- age   3:    7959680 bytes,   11605568 total
- age   4:      18024 bytes,   11623592 total
- age   5:    1155024 bytes,   12778616 total
- age   6:     141368 bytes,   12919984 total
- age   7:     252728 bytes,   13172712 total
- age   8:    3625144 bytes,   16797856 total
: 109218K->21824K(109248K), 0,0142993 secs] 109493K->24924K(502464K), 0,0143816 secs] [Times: user=0,08 sys=0,00, real=0,01 secs] 
Heap after GC invocations=9 (full 1):
 par new generation   total 109248K, used 21824K [0x00000000e0000000, 0x00000000e8000000, 0x00000000e8000000)
  eden space 87424K,   0% used [0x00000000e0000000, 0x00000000e0000000, 0x00000000e5560000)
  from space 21824K, 100% used [0x00000000e6ab0000, 0x00000000e8000000, 0x00000000e8000000)
  to   space 21824K,   0% used [0x00000000e5560000, 0x00000000e5560000, 0x00000000e6ab0000)
 concurrent mark-sweep generation total 393216K, used 3100K [0x00000000e8000000, 0x0000000100000000, 0x0000000100000000)
 Metaspace       used 25853K, capacity 26234K, committed 26692K, reserved 1073152K
  class space    used 2969K, capacity 3123K, committed 3196K, reserved 1048576K
}
2017-06-28T17:27:34.954+0200: 1,782: Total time for which application threads were stopped: 0,0146588 seconds, Stopping threads took: 0,0001357 seconds
{Heap before GC invocations=9 (full 1):
 par new generation   total 109248K, used 109248K [0x00000000e0000000, 0x00000000e8000000, 0x00000000e8000000)
  eden space 87424K, 100% used [0x00000000e0000000, 0x00000000e5560000, 0x00000000e5560000)
  from space 21824K, 100% used [0x00000000e6ab0000, 0x00000000e8000000, 0x00000000e8000000)
  to   space 21824K,   0% used [0x00000000e5560000, 0x00000000e5560000, 0x00000000e6ab0000)
 concurrent mark-sweep generation total 393216K, used 3100K [0x00000000e8000000, 0x0000000100000000, 0x0000000100000000)
 Metaspace       used 26317K, capacity 26682K, committed 26948K, reserved 1073152K
  class space    used 3033K, capacity 3187K, committed 3196K, reserved 1048576K
2017-06-28T17:27:34.995+0200: 1,823: [GC (Allocation Failure) 2017-06-28T17:27:34.995+0200: 1,823: [ParNew
Desired survivor size 20112992 bytes, new threshold 8 (max 8)
- age   1:     718016 bytes,     718016 total
- age   2:      93640 bytes,     811656 total
- age   3:    3066312 bytes,    3877968 total
- age   4:    7959648 bytes,   11837616 total
- age   5:      18024 bytes,   11855640 total
- age   6:    1154688 bytes,   13010328 total
- age   7:     141304 bytes,   13151632 total
- age   8:     252696 bytes,   13404328 total
: 109248K->21312K(109248K), 0,0138249 secs] 112348K->27986K(502464K), 0,0139005 secs] [Times: user=0,07 sys=0,00, real=0,02 secs] 
Heap after GC invocations=10 (full 1):
 par new generation   total 109248K, used 21312K [0x00000000e0000000, 0x00000000e8000000, 0x00000000e8000000)
  eden space 87424K,   0% used [0x00000000e0000000, 0x00000000e0000000, 0x00000000e5560000)
  from space 21824K,  97% used [0x00000000e5560000, 0x00000000e6a30340, 0x00000000e6ab0000)
  to   space 21824K,   0% used [0x00000000e6ab0000, 0x00000000e6ab0000, 0x00000000e8000000)
 concurrent mark-sweep generation total 393216K, used 6674K [0x00000000e8000000, 0x0000000100000000, 0x0000000100000000)
 Metaspace       used 26317K, capacity 26682K, committed 26948K, reserved 1073152K
  class space    used 3033K, capacity 3187K, committed 3196K, reserved 1048576K
}
2017-06-28T17:27:35.009+0200: 1,837: Total time for which application threads were stopped: 0,0141768 seconds, Stopping threads took: 0,0001098 seconds
{Heap before GC invocations=10 (full 1):
 par new generation   total 109248K, used 108736K [0x00000000e0000000, 0x00000000e8000000, 0x00000000e8000000)
  eden space 87424K, 100% used [0x00000000e0000000, 0x00000000e5560000, 0x00000000e5560000)
  from space 21824K,  97% used [0x00000000e5560000, 0x00000000e6a30340, 0x00000000e6ab0000)
  to   space 21824K,   0% used [0x00000000e6ab0000, 0x00000000e6ab0000, 0x00000000e8000000)
 concurrent mark-sweep generation total 393216K, used 6674K [0x00000000e8000000, 0x0000000100000000, 0x0000000100000000)
 Metaspace       used 26371K, capacity 26784K, committed 27076K, reserved 1073152K
  class space    used 3043K, capacity 3220K, committed 3324K, reserved 1048576K
2017-06-28T17:27:35.049+0200: 1,877: [GC (Allocation Failure) 2017-06-28T17:27:35.049+0200: 1,877: [ParNew
Desired survivor size 20112992 bytes, new threshold 8 (max 8)
- age   1:     398264 bytes,     398264 total
- age   2:     109048 bytes,     507312 total
- age   3:      93368 bytes,     600680 total
- age   4:    3066256 bytes,    3666936 total
- age   5:    7959648 bytes,   11626584 total
- age   6:      18024 bytes,   11644608 total
- age   7:    1154688 bytes,   12799296 total
- age   8:     141304 bytes,   12940600 total
: 108736K->15097K(109248K), 0,0085266 secs] 115410K->22023K(502464K), 0,0086043 secs] [Times: user=0,03 sys=0,01, real=0,01 secs] 
Heap after GC invocations=11 (full 1):
 par new generation   total 109248K, used 15097K [0x00000000e0000000, 0x00000000e8000000, 0x00000000e8000000)
  eden space 87424K,   0% used [0x00000000e0000000, 0x00000000e0000000, 0x00000000e5560000)
  from space 21824K,  69% used [0x00000000e6ab0000, 0x00000000e796e6a0, 0x00000000e8000000)
  to   space 21824K,   0% used [0x00000000e5560000, 0x00000000e5560000, 0x00000000e6ab0000)
 concurrent mark-sweep generation total 393216K, used 6925K [0x00000000e8000000, 0x0000000100000000, 0x0000000100000000)
 Metaspace       used 26371K, capacity 26784K, committed 27076K, reserved 1073152K
  class space    used 3043K, capacity 3220K, committed 3324K, reserved 1048576K
}
2017-06-28T17:27:35.058+0200: 1,886: Total time for which application threads were stopped: 0,0087858 seconds, Stopping threads took: 0,0000465 seconds
{Heap before GC invocations=11 (full 1):
 par new generation   total 109248K, used 102521K [0x00000000e0000000, 0x00000000e8000000, 0x00000000e8000000)
  eden space 87424K, 100% used [0x00000000e0000000, 0x00000000e5560000, 0x00000000e5560000)
  from space 21824K,  69% used [0x00000000e6ab0000, 0x00000000e796e6a0, 0x00000000e8000000)
  to   space 21824K,   0% used [0x00000000e5560000, 0x00000000e5560000, 0x00000000e6ab0000)
 concurrent mark-sweep generation total 393216K, used 6925K [0x00000000e8000000, 0x0000000100000000, 0x0000000100000000)
 Metaspace       used 26750K, capacity 27200K, committed 27588K, reserved 1073152K
  class space    used 3082K, capacity 3252K, committed 3324K, reserved 1048576K
2017-06-28T17:27:35.109+0200: 1,937: [GC (Allocation Failure) 2017-06-28T17:27:35.109+0200: 1,937: [ParNew
Desired survivor size 20112992 bytes, new threshold 8 (max 8)
- age   1:    1503152 bytes,    1503152 total
- age   2:      90224 bytes,    1593376 total
- age   3:     108152 bytes,    1701528 total
- age   4:      93120 bytes,    1794648 total
- age   5:    3065456 bytes,    4860104 total
- age   6:    7959648 bytes,   12819752 total
- age   7:      18024 bytes,   12837776 total
- age   8:    1154672 bytes,   13992448 total
: 102521K->16155K(109248K), 0,0089967 secs] 109447K->23223K(502464K), 0,0090645 secs] [Times: user=0,03 sys=0,00, real=0,01 secs] 
Heap after GC invocations=12 (full 1):
 par new generation   total 109248K, used 16155K [0x00000000e0000000, 0x00000000e8000000, 0x00000000e8000000)
  eden space 87424K,   0% used [0x00000000e0000000, 0x00000000e0000000, 0x00000000e5560000)
  from space 21824K,  74% used [0x00000000e5560000, 0x00000000e6526cf0, 0x00000000e6ab0000)
  to   space 21824K,   0% used [0x00000000e6ab0000, 0x00000000e6ab0000, 0x00000000e8000000)
 concurrent mark-sweep generation total 393216K, used 7068K [0x00000000e8000000, 0x0000000100000000, 0x0000000100000000)
 Metaspace       used 26750K, capacity 27200K, committed 27588K, reserved 1073152K
  class space    used 3082K, capacity 3252K, committed 3324K, reserved 1048576K
}
2017-06-28T17:27:35.119+0200: 1,947: Total time for which application threads were stopped: 0,0094118 seconds, Stopping threads took: 0,0002078 seconds
2017-06-28T17:27:35.136+0200: 1,964: Total time for which application threads were stopped: 0,0004601 seconds, Stopping threads took: 0,0000528 seconds
{Heap before GC invocations=12 (full 1):
 par new generation   total 109248K, used 103579K [0x00000000e0000000, 0x00000000e8000000, 0x00000000e8000000)
  eden space 87424K, 100% used [0x00000000e0000000, 0x00000000e5560000, 0x00000000e5560000)
  from space 21824K,  74% used [0x00000000e5560000, 0x00000000e6526cf0, 0x00000000e6ab0000)
  to   space 21824K,   0% used [0x00000000e6ab0000, 0x00000000e6ab0000, 0x00000000e8000000)
 concurrent mark-sweep generation total 393216K, used 7068K [0x00000000e8000000, 0x0000000100000000, 0x0000000100000000)
 Metaspace       used 28130K, capacity 28640K, committed 28996K, reserved 1075200K
  class space    used 3207K, capacity 3368K, committed 3452K, reserved 1048576K
2017-06-28T17:27:35.293+0200: 2,121: [GC (Allocation Failure) 2017-06-28T17:27:35.293+0200: 2,121: [ParNew
Desired survivor size 20112992 bytes, new threshold 8 (max 8)
- age   1:    9428192 bytes,    9428192 total
- age   2:     184864 bytes,    9613056 total
- age   3:      89296 bytes,    9702352 total
- age   4:     106672 bytes,    9809024 total
- age   5:      92056 bytes,    9901080 total
- age   6:    1158776 bytes,   11059856 total
- age   7:    7852632 bytes,   18912488 total
- age   8:      18008 bytes,   18930496 total
: 103579K->21824K(109248K), 0,0106405 secs] 110647K->30285K(502464K), 0,0107186 secs] [Times: user=0,04 sys=0,00, real=0,01 secs] 
Heap after GC invocations=13 (full 1):
 par new generation   total 109248K, used 21824K [0x00000000e0000000, 0x00000000e8000000, 0x00000000e8000000)
  eden space 87424K,   0% used [0x00000000e0000000, 0x00000000e0000000, 0x00000000e5560000)
  from space 21824K, 100% used [0x00000000e6ab0000, 0x00000000e8000000, 0x00000000e8000000)
  to   space 21824K,   0% used [0x00000000e5560000, 0x00000000e5560000, 0x00000000e6ab0000)
 concurrent mark-sweep generation total 393216K, used 8461K [0x00000000e8000000, 0x0000000100000000, 0x0000000100000000)
 Metaspace       used 28130K, capacity 28640K, committed 28996K, reserved 1075200K
  class space    used 3207K, capacity 3368K, committed 3452K, reserved 1048576K
}
2017-06-28T17:27:35.303+0200: 2,131: Total time for which application threads were stopped: 0,0109846 seconds, Stopping threads took: 0,0000416 seconds
{Heap before GC invocations=13 (full 1):
 par new generation   total 109248K, used 109248K [0x00000000e0000000, 0x00000000e8000000, 0x00000000e8000000)
  eden space 87424K, 100% used [0x00000000e0000000, 0x00000000e5560000, 0x00000000e5560000)
  from space 21824K, 100% used [0x00000000e6ab0000, 0x00000000e8000000, 0x00000000e8000000)
  to   space 21824K,   0% used [0x00000000e5560000, 0x00000000e5560000, 0x00000000e6ab0000)
 concurrent mark-sweep generation total 393216K, used 8461K [0x00000000e8000000, 0x0000000100000000, 0x0000000100000000)
 Metaspace       used 28384K, capacity 28812K, committed 29252K, reserved 1075200K
  class space    used 3241K, capacity 3412K, committed 3452K, reserved 1048576K
2017-06-28T17:27:35.367+0200: 2,195: [GC (Allocation Failure) 2017-06-28T17:27:35.367+0200: 2,195: [ParNew
Desired survivor size 20112992 bytes, new threshold 8 (max 8)
- age   1:    2470072 bytes,    2470072 total
- age   2:    7580000 bytes,   10050072 total
- age   3:     184512 bytes,   10234584 total
- age   4:      88880 bytes,   10323464 total
- age   5:     106272 bytes,   10429736 total
- age   6:      91960 bytes,   10521696 total
- age   7:    1155792 bytes,   11677488 total
- age   8:    7556264 bytes,   19233752 total
: 109248K->21824K(109248K), 0,0127860 secs] 117709K->31385K(502464K), 0,0128805 secs] [Times: user=0,08 sys=0,00, real=0,02 secs] 
Heap after GC invocations=14 (full 1):
 par new generation   total 109248K, used 21824K [0x00000000e0000000, 0x00000000e8000000, 0x00000000e8000000)
  eden space 87424K,   0% used [0x00000000e0000000, 0x00000000e0000000, 0x00000000e5560000)
  from space 21824K, 100% used [0x00000000e5560000, 0x00000000e6ab0000, 0x00000000e6ab0000)
  to   space 21824K,   0% used [0x00000000e6ab0000, 0x00000000e6ab0000, 0x00000000e8000000)
 concurrent mark-sweep generation total 393216K, used 9561K [0x00000000e8000000, 0x0000000100000000, 0x0000000100000000)
 Metaspace       used 28384K, capacity 28812K, committed 29252K, reserved 1075200K
  class space    used 3241K, capacity 3412K, committed 3452K, reserved 1048576K
}
2017-06-28T17:27:35.380+0200: 2,208: Total time for which application threads were stopped: 0,0131409 seconds, Stopping threads took: 0,0000502 seconds
{Heap before GC invocations=14 (full 1):
 par new generation   total 109248K, used 109248K [0x00000000e0000000, 0x00000000e8000000, 0x00000000e8000000)
  eden space 87424K, 100% used [0x00000000e0000000, 0x00000000e5560000, 0x00000000e5560000)
  from space 21824K, 100% used [0x00000000e5560000, 0x00000000e6ab0000, 0x00000000e6ab0000)
  to   space 21824K,   0% used [0x00000000e6ab0000, 0x00000000e6ab0000, 0x00000000e8000000)
 concurrent mark-sweep generation total 393216K, used 9561K [0x00000000e8000000, 0x0000000100000000, 0x0000000100000000)
 Metaspace       used 28403K, capacity 28824K, committed 29252K, reserved 1075200K
  class space    used 3242K, capacity 3414K, committed 3452K, reserved 1048576K
2017-06-28T17:27:35.424+0200: 2,252: [GC (Allocation Failure) 2017-06-28T17:27:35.424+0200: 2,252: [ParNew
Desired survivor size 20112992 bytes, new threshold 8 (max 8)
- age   1:    1479648 bytes,    1479648 total
- age   2:    1674416 bytes,    3154064 total
- age   3:    7580000 bytes,   10734064 total
- age   4:     184512 bytes,   10918576 total
- age   5:      88880 bytes,   11007456 total
- age   6:     106272 bytes,   11113728 total
- age   7:      91960 bytes,   11205688 total
- age   8:    1155792 bytes,   12361480 total
: 109248K->21824K(109248K), 0,0158494 secs] 118809K->38778K(502464K), 0,0159281 secs] [Times: user=0,10 sys=0,00, real=0,02 secs] 
Heap after GC invocations=15 (full 1):
 par new generation   total 109248K, used 21824K [0x00000000e0000000, 0x00000000e8000000, 0x00000000e8000000)
  eden space 87424K,   0% used [0x00000000e0000000, 0x00000000e0000000, 0x00000000e5560000)
  from space 21824K, 100% used [0x00000000e6ab0000, 0x00000000e8000000, 0x00000000e8000000)
  to   space 21824K,   0% used [0x00000000e5560000, 0x00000000e5560000, 0x00000000e6ab0000)
 concurrent mark-sweep generation total 393216K, used 16954K [0x00000000e8000000, 0x0000000100000000, 0x0000000100000000)
 Metaspace       used 28403K, capacity 28824K, committed 29252K, reserved 1075200K
  class space    used 3242K, capacity 3414K, committed 3452K, reserved 1048576K
}
2017-06-28T17:27:35.440+0200: 2,268: Total time for which application threads were stopped: 0,0161491 seconds, Stopping threads took: 0,0000627 seconds
{Heap before GC invocations=15 (full 1):
 par new generation   total 109248K, used 109248K [0x00000000e0000000, 0x00000000e8000000, 0x00000000e8000000)
  eden space 87424K, 100% used [0x00000000e0000000, 0x00000000e5560000, 0x00000000e5560000)
  from space 21824K, 100% used [0x00000000e6ab0000, 0x00000000e8000000, 0x00000000e8000000)
  to   space 21824K,   0% used [0x00000000e5560000, 0x00000000e5560000, 0x00000000e6ab0000)
 concurrent mark-sweep generation total 393216K, used 16954K [0x00000000e8000000, 0x0000000100000000, 0x0000000100000000)
 Metaspace       used 28411K, capacity 28824K, committed 29252K, reserved 1075200K
  class space    used 3242K, capacity 3414K, committed 3452K, reserved 1048576K
2017-06-28T17:27:35.491+0200: 2,319: [GC (Allocation Failure) 2017-06-28T17:27:35.491+0200: 2,319: [ParNew
Desired survivor size 20112992 bytes, new threshold 8 (max 8)
- age   1:     228336 bytes,     228336 total
- age   2:     851560 bytes,    1079896 total
- age   3:    1674416 bytes,    2754312 total
- age   4:    7580000 bytes,   10334312 total
- age   5:     184512 bytes,   10518824 total
- age   6:      88880 bytes,   10607704 total
- age   7:     106272 bytes,   10713976 total
- age   8:      91960 bytes,   10805936 total
: 109248K->12457K(109248K), 0,0069861 secs] 126202K->30542K(502464K), 0,0070628 secs] [Times: user=0,03 sys=0,00, real=0,01 secs] 
Heap after GC invocations=16 (full 1):
 par new generation   total 109248K, used 12457K [0x00000000e0000000, 0x00000000e8000000, 0x00000000e8000000)
  eden space 87424K,   0% used [0x00000000e0000000, 0x00000000e0000000, 0x00000000e5560000)
  from space 21824K,  57% used [0x00000000e5560000, 0x00000000e618a440, 0x00000000e6ab0000)
  to   space 21824K,   0% used [0x00000000e6ab0000, 0x00000000e6ab0000, 0x00000000e8000000)
 concurrent mark-sweep generation total 393216K, used 18085K [0x00000000e8000000, 0x0000000100000000, 0x0000000100000000)
 Metaspace       used 28411K, capacity 28824K, committed 29252K, reserved 1075200K
  class space    used 3242K, capacity 3414K, committed 3452K, reserved 1048576K
}
2017-06-28T17:27:35.498+0200: 2,326: Total time for which application threads were stopped: 0,0072603 seconds, Stopping threads took: 0,0000553 seconds
{Heap before GC invocations=16 (full 1):
 par new generation   total 109248K, used 99881K [0x00000000e0000000, 0x00000000e8000000, 0x00000000e8000000)
  eden space 87424K, 100% used [0x00000000e0000000, 0x00000000e5560000, 0x00000000e5560000)
  from space 21824K,  57% used [0x00000000e5560000, 0x00000000e618a440, 0x00000000e6ab0000)
  to   space 21824K,   0% used [0x00000000e6ab0000, 0x00000000e6ab0000, 0x00000000e8000000)
 concurrent mark-sweep generation total 393216K, used 18085K [0x00000000e8000000, 0x0000000100000000, 0x0000000100000000)
 Metaspace       used 28495K, capacity 28970K, committed 29252K, reserved 1075200K
  class space    used 3245K, capacity 3418K, committed 3452K, reserved 1048576K
2017-06-28T17:27:35.578+0200: 2,406: [GC (Allocation Failure) 2017-06-28T17:27:35.578+0200: 2,406: [ParNew
Desired survivor size 20112992 bytes, new threshold 8 (max 8)
- age   1:    1116760 bytes,    1116760 total
- age   2:      77368 bytes,    1194128 total
- age   3:     134064 bytes,    1328192 total
- age   4:    1011720 bytes,    2339912 total
- age   5:    7578040 bytes,    9917952 total
- age   6:     184512 bytes,   10102464 total
- age   7:      88880 bytes,   10191344 total
- age   8:     106168 bytes,   10297512 total
: 99881K->14170K(109248K), 0,0070893 secs] 117966K->32348K(502464K), 0,0071566 secs] [Times: user=0,05 sys=0,00, real=0,00 secs] 
Heap after GC invocations=17 (full 1):
 par new generation   total 109248K, used 14170K [0x00000000e0000000, 0x00000000e8000000, 0x00000000e8000000)
  eden space 87424K,   0% used [0x00000000e0000000, 0x00000000e0000000, 0x00000000e5560000)
  from space 21824K,  64% used [0x00000000e6ab0000, 0x00000000e7886840, 0x00000000e8000000)
  to   space 21824K,   0% used [0x00000000e5560000, 0x00000000e5560000, 0x00000000e6ab0000)
 concurrent mark-sweep generation total 393216K, used 18178K [0x00000000e8000000, 0x0000000100000000, 0x0000000100000000)
 Metaspace       used 28495K, capacity 28970K, committed 29252K, reserved 1075200K
  class space    used 3245K, capacity 3418K, committed 3452K, reserved 1048576K
}
2017-06-28T17:27:35.585+0200: 2,413: Total time for which application threads were stopped: 0,0073604 seconds, Stopping threads took: 0,0000560 seconds
2017-06-28T17:27:36.585+0200: 3,413: Total time for which application threads were stopped: 0,0001429 seconds, Stopping threads took: 0,0000262 seconds
2017-06-28T17:27:37.221+0200: 4,049: Total time for which application threads were stopped: 0,0005528 seconds, Stopping threads took: 0,0000350 seconds
2017-06-28T17:27:40.436+0200: 7,264: Total time for which application threads were stopped: 0,0000600 seconds, Stopping threads took: 0,0000122 seconds
2017-06-28T17:27:40.439+0200: 7,267: Total time for which application threads were stopped: 0,0000418 seconds, Stopping threads took: 0,0000092 seconds
2017-06-28T17:27:40.456+0200: 7,284: Total time for which application threads were stopped: 0,0003878 seconds, Stopping threads took: 0,0000199 seconds
2017-06-28T17:27:41.354+0200: 8,182: Total time for which application threads were stopped: 0,0000861 seconds, Stopping threads took: 0,0000241 seconds
2017-06-28T17:27:41.439+0200: 8,267: Total time for which application threads were stopped: 0,0001821 seconds, Stopping threads took: 0,0000969 seconds
2017-06-28T17:27:41.439+0200: 8,267: Total time for which application threads were stopped: 0,0000582 seconds, Stopping threads took: 0,0000260 seconds
2017-06-28T17:27:41.439+0200: 8,267: Total time for which application threads were stopped: 0,0000525 seconds, Stopping threads took: 0,0000214 seconds
2017-06-28T17:27:41.439+0200: 8,267: Total time for which application threads were stopped: 0,0000732 seconds, Stopping threads took: 0,0000377 seconds
2017-06-28T17:27:41.440+0200: 8,268: Total time for which application threads were stopped: 0,0000546 seconds, Stopping threads took: 0,0000207 seconds
2017-06-28T17:27:41.440+0200: 8,268: Total time for which application threads were stopped: 0,0000583 seconds, Stopping threads took: 0,0000267 seconds
2017-06-28T17:27:41.440+0200: 8,268: Total time for which application threads were stopped: 0,0000560 seconds, Stopping threads took: 0,0000239 seconds
2017-06-28T17:27:41.440+0200: 8,268: Total time for which application threads were stopped: 0,0000558 seconds, Stopping threads took: 0,0000298 seconds
2017-06-28T17:27:41.440+0200: 8,268: Total time for which application threads were stopped: 0,0000573 seconds, Stopping threads took: 0,0000233 seconds
2017-06-28T17:27:41.441+0200: 8,269: Total time for which application threads were stopped: 0,0000693 seconds, Stopping threads took: 0,0000390 seconds
2017-06-28T17:27:41.441+0200: 8,269: Total time for which application threads were stopped: 0,0000492 seconds, Stopping threads took: 0,0000191 seconds
2017-06-28T17:27:41.441+0200: 8,269: Total time for which application threads were stopped: 0,0000332 seconds, Stopping threads took: 0,0000066 seconds
2017-06-28T17:27:41.441+0200: 8,269: Total time for which application threads were stopped: 0,0000492 seconds, Stopping threads took: 0,0000205 seconds
2017-06-28T17:27:41.442+0200: 8,270: Total time for which application threads were stopped: 0,0000770 seconds, Stopping threads took: 0,0000368 seconds
2017-06-28T17:27:41.443+0200: 8,271: Total time for which application threads were stopped: 0,0000678 seconds, Stopping threads took: 0,0000190 seconds
2017-06-28T17:27:41.443+0200: 8,271: Total time for which application threads were stopped: 0,0000714 seconds, Stopping threads took: 0,0000356 seconds
2017-06-28T17:27:41.444+0200: 8,272: Total time for which application threads were stopped: 0,0000573 seconds, Stopping threads took: 0,0000276 seconds
2017-06-28T17:27:41.446+0200: 8,274: Total time for which application threads were stopped: 0,0001009 seconds, Stopping threads took: 0,0000338 seconds
2017-06-28T17:27:41.446+0200: 8,274: Total time for which application threads were stopped: 0,0000615 seconds, Stopping threads took: 0,0000186 seconds
2017-06-28T17:27:41.446+0200: 8,274: Total time for which application threads were stopped: 0,0000612 seconds, Stopping threads took: 0,0000217 seconds
2017-06-28T17:27:41.446+0200: 8,274: Total time for which application threads were stopped: 0,0000574 seconds, Stopping threads took: 0,0000169 seconds
2017-06-28T17:27:41.447+0200: 8,275: Total time for which application threads were stopped: 0,0000567 seconds, Stopping threads took: 0,0000152 seconds
2017-06-28T17:27:41.447+0200: 8,275: Total time for which application threads were stopped: 0,0000567 seconds, Stopping threads took: 0,0000157 seconds
2017-06-28T17:27:41.447+0200: 8,275: Total time for which application threads were stopped: 0,0000576 seconds, Stopping threads took: 0,0000165 seconds
2017-06-28T17:27:43.603+0200: 10,431: Total time for which application threads were stopped: 0,0002030 seconds, Stopping threads took: 0,0001061 seconds
2017-06-28T17:27:43.604+0200: 10,432: Total time for which application threads were stopped: 0,0002229 seconds, Stopping threads took: 0,0001613 seconds
2017-06-28T17:27:43.607+0200: 10,435: Total time for which application threads were stopped: 0,0001653 seconds, Stopping threads took: 0,0000861 seconds
2017-06-28T17:27:43.607+0200: 10,435: Total time for which application threads were stopped: 0,0001701 seconds, Stopping threads took: 0,0000910 seconds
2017-06-28T17:27:43.611+0200: 10,439: Total time for which application threads were stopped: 0,0001339 seconds, Stopping threads took: 0,0000259 seconds
2017-06-28T17:27:43.612+0200: 10,440: Total time for which application threads were stopped: 0,0001808 seconds, Stopping threads took: 0,0001120 seconds
2017-06-28T17:27:43.613+0200: 10,441: Total time for which application threads were stopped: 0,0003865 seconds, Stopping threads took: 0,0000800 seconds
2017-06-28T17:27:43.617+0200: 10,445: Total time for which application threads were stopped: 0,0032262 seconds, Stopping threads took: 0,0031532 seconds
2017-06-28T17:27:43.621+0200: 10,449: Total time for which application threads were stopped: 0,0002384 seconds, Stopping threads took: 0,0001376 seconds
2017-06-28T17:27:43.631+0200: 10,459: Total time for which application threads were stopped: 0,0004209 seconds, Stopping threads took: 0,0000220 seconds
2017-06-28T17:27:43.631+0200: 10,459: Total time for which application threads were stopped: 0,0001597 seconds, Stopping threads took: 0,0000117 seconds
2017-06-28T17:27:43.632+0200: 10,460: Total time for which application threads were stopped: 0,0001298 seconds, Stopping threads took: 0,0000476 seconds
2017-06-28T17:27:43.633+0200: 10,461: Total time for which application threads were stopped: 0,0000851 seconds, Stopping threads took: 0,0000291 seconds
2017-06-28T17:27:43.633+0200: 10,461: Total time for which application threads were stopped: 0,0000485 seconds, Stopping threads took: 0,0000111 seconds
2017-06-28T17:27:43.633+0200: 10,461: Total time for which application threads were stopped: 0,0000568 seconds, Stopping threads took: 0,0000191 seconds
2017-06-28T17:27:43.633+0200: 10,461: Total time for which application threads were stopped: 0,0000488 seconds, Stopping threads took: 0,0000128 seconds
2017-06-28T17:27:43.634+0200: 10,462: Total time for which application threads were stopped: 0,0001106 seconds, Stopping threads took: 0,0000309 seconds
2017-06-28T17:27:43.635+0200: 10,463: Total time for which application threads were stopped: 0,0000661 seconds, Stopping threads took: 0,0000107 seconds
2017-06-28T17:27:43.635+0200: 10,463: Total time for which application threads were stopped: 0,0000675 seconds, Stopping threads took: 0,0000096 seconds
2017-06-28T17:27:43.635+0200: 10,463: Total time for which application threads were stopped: 0,0000976 seconds, Stopping threads took: 0,0000362 seconds
2017-06-28T17:27:43.635+0200: 10,463: Total time for which application threads were stopped: 0,0000942 seconds, Stopping threads took: 0,0000241 seconds
2017-06-28T17:27:44.635+0200: 11,463: Total time for which application threads were stopped: 0,0000956 seconds, Stopping threads took: 0,0000211 seconds
2017-06-28T17:27:48.564+0200: 15,392: Total time for which application threads were stopped: 0,0001196 seconds, Stopping threads took: 0,0000275 seconds
2017-06-28T17:28:31.449+0200: 58,277: Total time for which application threads were stopped: 0,0001189 seconds, Stopping threads took: 0,0000249 seconds
2017-06-28T17:28:33.624+0200: 60,452: Total time for which application threads were stopped: 0,0001107 seconds, Stopping threads took: 0,0000225 seconds
2017-06-28T17:28:33.637+0200: 60,465: Total time for which application threads were stopped: 0,0000866 seconds, Stopping threads took: 0,0000239 seconds
2017-06-28T17:28:43.635+0200: 70,463: Total time for which application threads were stopped: 0,0001393 seconds, Stopping threads took: 0,0000490 seconds
2017-06-28T17:28:59.637+0200: 86,465: Total time for which application threads were stopped: 0,0001134 seconds, Stopping threads took: 0,0000267 seconds
2017-06-28T17:31:28.649+0200: 235,477: Total time for which application threads were stopped: 0,0001337 seconds, Stopping threads took: 0,0000354 seconds
2017-06-28T17:33:33.660+0200: 360,488: Total time for which application threads were stopped: 0,0001318 seconds, Stopping threads took: 0,0000509 seconds
2017-06-28T17:55:28.773+0200: 1675,601: Total time for which application threads were stopped: 0,0001346 seconds, Stopping threads took: 0,0000502 seconds
2017-06-28T18:02:59.812+0200: 2126,640: Total time for which application threads were stopped: 0,0001376 seconds, Stopping threads took: 0,0000543 seconds
2017-06-28T18:05:09.824+0200: 2256,652: Total time for which application threads were stopped: 0,0001289 seconds, Stopping threads took: 0,0000414 seconds
2017-06-28T18:11:19.856+0200: 2626,684: Total time for which application threads were stopped: 0,0001429 seconds, Stopping threads took: 0,0000548 seconds
2017-06-28T18:11:23.857+0200: 2630,685: Total time for which application threads were stopped: 0,0001137 seconds, Stopping threads took: 0,0000234 seconds
2017-06-28T18:12:03.860+0200: 2670,688: Total time for which application threads were stopped: 0,0001368 seconds, Stopping threads took: 0,0000492 seconds
2017-06-28T18:21:49.902+0200: 3256,730: Total time for which application threads were stopped: 0,0001081 seconds, Stopping threads took: 0,0000388 seconds
2017-06-28T18:55:59.063+0200: 5305,891: Total time for which application threads were stopped: 0,0001371 seconds, Stopping threads took: 0,0000477 seconds
2017-06-28T18:56:19.064+0200: 5325,892: Total time for which application threads were stopped: 0,0001046 seconds, Stopping threads took: 0,0000322 seconds
2017-06-28T19:11:29.125+0200: 6235,953: Total time for which application threads were stopped: 0,0000768 seconds, Stopping threads took: 0,0000279 seconds
2017-06-28T19:12:04.127+0200: 6270,955: Total time for which application threads were stopped: 0,0000778 seconds, Stopping threads took: 0,0000240 seconds
2017-06-28T19:13:14.132+0200: 6340,960: Total time for which application threads were stopped: 0,0001111 seconds, Stopping threads took: 0,0000298 seconds
2017-06-28T19:13:34.133+0200: 6360,961: Total time for which application threads were stopped: 0,0000834 seconds, Stopping threads took: 0,0000343 seconds
2017-06-28T19:28:34.190+0200: 7261,018: Total time for which application threads were stopped: 0,0000884 seconds, Stopping threads took: 0,0000296 seconds
2017-06-28T19:29:04.192+0200: 7291,020: Total time for which application threads were stopped: 0,0000824 seconds, Stopping threads took: 0,0000240 seconds
2017-06-28T19:29:34.194+0200: 7321,022: Total time for which application threads were stopped: 0,0000872 seconds, Stopping threads took: 0,0000248 seconds
2017-06-28T19:36:04.219+0200: 7711,047: Total time for which application threads were stopped: 0,0000872 seconds, Stopping threads took: 0,0000242 seconds
2017-06-28T19:36:34.221+0200: 7741,049: Total time for which application threads were stopped: 0,0000906 seconds, Stopping threads took: 0,0000298 seconds
2017-06-28T21:32:10.408+0200: 14677,236: Total time for which application threads were stopped: 0,0000876 seconds, Stopping threads took: 0,0000266 seconds
2017-06-28T21:32:10.408+0200: 14677,236: Total time for which application threads were stopped: 0,0000267 seconds, Stopping threads took: 0,0000044 seconds
2017-06-28T21:32:10.408+0200: 14677,236: Total time for which application threads were stopped: 0,0000262 seconds, Stopping threads took: 0,0000045 seconds
2017-06-28T21:32:10.436+0200: 14677,264: Total time for which application threads were stopped: 0,0001041 seconds, Stopping threads took: 0,0000221 seconds
2017-06-28T21:32:10.437+0200: 14677,265: Total time for which application threads were stopped: 0,0003439 seconds, Stopping threads took: 0,0000059 seconds
2017-06-28T21:32:10.455+0200: 14677,283: Total time for which application threads were stopped: 0,0000753 seconds, Stopping threads took: 0,0000139 seconds
2017-06-28T21:32:10.485+0200: 14677,313: Total time for which application threads were stopped: 0,0003674 seconds, Stopping threads took: 0,0000153 seconds
2017-06-28T21:32:10.488+0200: 14677,316: Total time for which application threads were stopped: 0,0001701 seconds, Stopping threads took: 0,0000102 seconds
2017-06-28T21:32:10.675+0200: 14677,503: Total time for which application threads were stopped: 0,0001789 seconds, Stopping threads took: 0,0000551 seconds
{Heap before GC invocations=17 (full 1):
 par new generation   total 109248K, used 101594K [0x00000000e0000000, 0x00000000e8000000, 0x00000000e8000000)
  eden space 87424K, 100% used [0x00000000e0000000, 0x00000000e5560000, 0x00000000e5560000)
  from space 21824K,  64% used [0x00000000e6ab0000, 0x00000000e7886840, 0x00000000e8000000)
  to   space 21824K,   0% used [0x00000000e5560000, 0x00000000e5560000, 0x00000000e6ab0000)
 concurrent mark-sweep generation total 393216K, used 18178K [0x00000000e8000000, 0x0000000100000000, 0x0000000100000000)
 Metaspace       used 30764K, capacity 31308K, committed 31556K, reserved 1077248K
  class space    used 3483K, capacity 3648K, committed 3708K, reserved 1048576K
2017-06-28T21:32:11.057+0200: 14677,885: [GC (Allocation Failure) 2017-06-28T21:32:11.057+0200: 14677,885: [ParNew
Desired survivor size 20112992 bytes, new threshold 6 (max 8)
- age   1:   12236768 bytes,   12236768 total
- age   2:     169904 bytes,   12406672 total
- age   3:        680 bytes,   12407352 total
- age   4:      10552 bytes,   12417904 total
- age   5:     511416 bytes,   12929320 total
- age   6:    8987952 bytes,   21917272 total
- age   7:     174912 bytes,   22092184 total
- age   8:      78072 bytes,   22170256 total
: 101594K->21824K(109248K), 0,0182460 secs] 119772K->48421K(502464K), 0,0183238 secs] [Times: user=0,06 sys=0,00, real=0,01 secs] 
Heap after GC invocations=18 (full 1):
 par new generation   total 109248K, used 21824K [0x00000000e0000000, 0x00000000e8000000, 0x00000000e8000000)
  eden space 87424K,   0% used [0x00000000e0000000, 0x00000000e0000000, 0x00000000e5560000)
  from space 21824K, 100% used [0x00000000e5560000, 0x00000000e6ab0000, 0x00000000e6ab0000)
  to   space 21824K,   0% used [0x00000000e6ab0000, 0x00000000e6ab0000, 0x00000000e8000000)
 concurrent mark-sweep generation total 393216K, used 26597K [0x00000000e8000000, 0x0000000100000000, 0x0000000100000000)
 Metaspace       used 30764K, capacity 31308K, committed 31556K, reserved 1077248K
  class space    used 3483K, capacity 3648K, committed 3708K, reserved 1048576K
}
2017-06-28T21:32:11.075+0200: 14677,903: Total time for which application threads were stopped: 0,0185246 seconds, Stopping threads took: 0,0000192 seconds
2017-06-28T21:32:11.075+0200: 14677,903: Total time for which application threads were stopped: 0,0000907 seconds, Stopping threads took: 0,0000274 seconds
2017-06-28T21:32:11.075+0200: 14677,903: Total time for which application threads were stopped: 0,0000708 seconds, Stopping threads took: 0,0000430 seconds
2017-06-28T21:32:11.075+0200: 14677,903: Total time for which application threads were stopped: 0,0000503 seconds, Stopping threads took: 0,0000212 seconds
2017-06-28T21:32:11.076+0200: 14677,904: Total time for which application threads were stopped: 0,0000363 seconds, Stopping threads took: 0,0000082 seconds
2017-06-28T21:32:11.557+0200: 14678,385: Total time for which application threads were stopped: 0,0001893 seconds, Stopping threads took: 0,0000228 seconds
2017-06-28T21:32:11.558+0200: 14678,386: Total time for which application threads were stopped: 0,0000584 seconds, Stopping threads took: 0,0000097 seconds
2017-06-28T21:32:11.561+0200: 14678,389: Total time for which application threads were stopped: 0,0001124 seconds, Stopping threads took: 0,0000366 seconds
2017-06-28T21:32:11.563+0200: 14678,391: Total time for which application threads were stopped: 0,0000994 seconds, Stopping threads took: 0,0000306 seconds
2017-06-28T21:32:11.571+0200: 14678,399: Total time for which application threads were stopped: 0,0000963 seconds, Stopping threads took: 0,0000205 seconds
2017-06-28T21:32:11.571+0200: 14678,399: Total time for which application threads were stopped: 0,0000596 seconds, Stopping threads took: 0,0000312 seconds
2017-06-28T21:32:11.571+0200: 14678,399: Total time for which application threads were stopped: 0,0000355 seconds, Stopping threads took: 0,0000072 seconds
2017-06-28T21:32:12.060+0200: 14678,888: Total time for which application threads were stopped: 0,0001409 seconds, Stopping threads took: 0,0000245 seconds
{Heap before GC invocations=18 (full 1):
 par new generation   total 109248K, used 109248K [0x00000000e0000000, 0x00000000e8000000, 0x00000000e8000000)
  eden space 87424K, 100% used [0x00000000e0000000, 0x00000000e5560000, 0x00000000e5560000)
  from space 21824K, 100% used [0x00000000e5560000, 0x00000000e6ab0000, 0x00000000e6ab0000)
  to   space 21824K,   0% used [0x00000000e6ab0000, 0x00000000e6ab0000, 0x00000000e8000000)
 concurrent mark-sweep generation total 393216K, used 26597K [0x00000000e8000000, 0x0000000100000000, 0x0000000100000000)
 Metaspace       used 30975K, capacity 31468K, committed 31812K, reserved 1077248K
  class space    used 3487K, capacity 3680K, committed 3708K, reserved 1048576K
2017-06-28T21:32:12.752+0200: 14679,580: [GC (Allocation Failure) 2017-06-28T21:32:12.752+0200: 14679,580: [ParNew
Desired survivor size 20112992 bytes, new threshold 8 (max 8)
- age   1:    9640976 bytes,    9640976 total
- age   2:    7913800 bytes,   17554776 total
- age   3:     168160 bytes,   17722936 total
- age   4:        680 bytes,   17723616 total
- age   5:      10392 bytes,   17734008 total
- age   6:     484912 bytes,   18218920 total
: 109248K->21824K(109248K), 0,0143288 secs] 135845K->67731K(502464K), 0,0144266 secs] [Times: user=0,04 sys=0,00, real=0,01 secs] 
Heap after GC invocations=19 (full 1):
 par new generation   total 109248K, used 21824K [0x00000000e0000000, 0x00000000e8000000, 0x00000000e8000000)
  eden space 87424K,   0% used [0x00000000e0000000, 0x00000000e0000000, 0x00000000e5560000)
  from space 21824K, 100% used [0x00000000e6ab0000, 0x00000000e8000000, 0x00000000e8000000)
  to   space 21824K,   0% used [0x00000000e5560000, 0x00000000e5560000, 0x00000000e6ab0000)
 concurrent mark-sweep generation total 393216K, used 45907K [0x00000000e8000000, 0x0000000100000000, 0x0000000100000000)
 Metaspace       used 30975K, capacity 31468K, committed 31812K, reserved 1077248K
  class space    used 3487K, capacity 3680K, committed 3708K, reserved 1048576K
}
2017-06-28T21:32:12.767+0200: 14679,595: Total time for which application threads were stopped: 0,0146775 seconds, Stopping threads took: 0,0000221 seconds
2017-06-28T21:32:13.723+0200: 14680,551: Total time for which application threads were stopped: 0,0001155 seconds, Stopping threads took: 0,0000166 seconds
2017-06-28T21:32:14.724+0200: 14681,552: Total time for which application threads were stopped: 0,0001523 seconds, Stopping threads took: 0,0000257 seconds
{Heap before GC invocations=19 (full 1):
 par new generation   total 109248K, used 109247K [0x00000000e0000000, 0x00000000e8000000, 0x00000000e8000000)
  eden space 87424K,  99% used [0x00000000e0000000, 0x00000000e555fce0, 0x00000000e5560000)
  from space 21824K, 100% used [0x00000000e6ab0000, 0x00000000e8000000, 0x00000000e8000000)
  to   space 21824K,   0% used [0x00000000e5560000, 0x00000000e5560000, 0x00000000e6ab0000)
 concurrent mark-sweep generation total 393216K, used 45907K [0x00000000e8000000, 0x0000000100000000, 0x0000000100000000)
 Metaspace       used 31011K, capacity 31532K, committed 31812K, reserved 1077248K
  class space    used 3487K, capacity 3680K, committed 3708K, reserved 1048576K
2017-06-28T21:32:17.032+0200: 14683,860: [GC (Allocation Failure) 2017-06-28T21:32:17.032+0200: 14683,860: [ParNew
Desired survivor size 20112992 bytes, new threshold 3 (max 8)
- age   1:    6909368 bytes,    6909368 total
- age   2:    6857696 bytes,   13767064 total
- age   3:    7829648 bytes,   21596712 total
- age   4:     168128 bytes,   21764840 total
- age   5:        680 bytes,   21765520 total
- age   6:      10376 bytes,   21775896 total
- age   7:     482632 bytes,   22258528 total
: 109247K->21824K(109248K), 0,0102488 secs] 155155K->83524K(502464K), 0,0103333 secs] [Times: user=0,04 sys=0,01, real=0,01 secs] 
Heap after GC invocations=20 (full 1):
 par new generation   total 109248K, used 21824K [0x00000000e0000000, 0x00000000e8000000, 0x00000000e8000000)
  eden space 87424K,   0% used [0x00000000e0000000, 0x00000000e0000000, 0x00000000e5560000)
  from space 21824K, 100% used [0x00000000e5560000, 0x00000000e6ab0000, 0x00000000e6ab0000)
  to   space 21824K,   0% used [0x00000000e6ab0000, 0x00000000e6ab0000, 0x00000000e8000000)
 concurrent mark-sweep generation total 393216K, used 61700K [0x00000000e8000000, 0x0000000100000000, 0x0000000100000000)
 Metaspace       used 31011K, capacity 31532K, committed 31812K, reserved 1077248K
  class space    used 3487K, capacity 3680K, committed 3708K, reserved 1048576K
}
2017-06-28T21:32:17.042+0200: 14683,870: Total time for which application threads were stopped: 0,0104924 seconds, Stopping threads took: 0,0000169 seconds
2017-06-28T21:32:18.043+0200: 14684,871: Total time for which application threads were stopped: 0,0001720 seconds, Stopping threads took: 0,0000407 seconds
{Heap before GC invocations=20 (full 1):
 par new generation   total 109248K, used 109248K [0x00000000e0000000, 0x00000000e8000000, 0x00000000e8000000)
  eden space 87424K, 100% used [0x00000000e0000000, 0x00000000e5560000, 0x00000000e5560000)
  from space 21824K, 100% used [0x00000000e5560000, 0x00000000e6ab0000, 0x00000000e6ab0000)
  to   space 21824K,   0% used [0x00000000e6ab0000, 0x00000000e6ab0000, 0x00000000e8000000)
 concurrent mark-sweep generation total 393216K, used 61700K [0x00000000e8000000, 0x0000000100000000, 0x0000000100000000)
 Metaspace       used 31017K, capacity 31596K, committed 31812K, reserved 1077248K
  class space    used 3487K, capacity 3680K, committed 3708K, reserved 1048576K
2017-06-28T21:32:18.845+0200: 14685,673: [GC (Allocation Failure) 2017-06-28T21:32:18.845+0200: 14685,673: [ParNew
Desired survivor size 20112992 bytes, new threshold 8 (max 8)
- age   1:    7920136 bytes,    7920136 total
- age   2:    2320232 bytes,   10240368 total
- age   3:    6851656 bytes,   17092024 total
: 109248K->21824K(109248K), 0,0169713 secs] 170948K->115576K(502464K), 0,0170605 secs] [Times: user=0,04 sys=0,01, real=0,02 secs] 
Heap after GC invocations=21 (full 1):
 par new generation   total 109248K, used 21824K [0x00000000e0000000, 0x00000000e8000000, 0x00000000e8000000)
  eden space 87424K,   0% used [0x00000000e0000000, 0x00000000e0000000, 0x00000000e5560000)
  from space 21824K, 100% used [0x00000000e6ab0000, 0x00000000e8000000, 0x00000000e8000000)
  to   space 21824K,   0% used [0x00000000e5560000, 0x00000000e5560000, 0x00000000e6ab0000)
 concurrent mark-sweep generation total 393216K, used 93752K [0x00000000e8000000, 0x0000000100000000, 0x0000000100000000)
 Metaspace       used 31017K, capacity 31596K, committed 31812K, reserved 1077248K
  class space    used 3487K, capacity 3680K, committed 3708K, reserved 1048576K
}
2017-06-28T21:32:18.862+0200: 14685,690: Total time for which application threads were stopped: 0,0172437 seconds, Stopping threads took: 0,0000211 seconds
2017-06-28T21:32:19.862+0200: 14686,690: Total time for which application threads were stopped: 0,0001279 seconds, Stopping threads took: 0,0000237 seconds
2017-06-28T21:32:21.863+0200: 14688,691: Total time for which application threads were stopped: 0,0001574 seconds, Stopping threads took: 0,0000377 seconds
2017-06-28T21:32:22.607+0200: 14689,435: Total time for which application threads were stopped: 0,0002384 seconds, Stopping threads took: 0,0001283 seconds
{Heap before GC invocations=21 (full 1):
 par new generation   total 109248K, used 108563K [0x00000000e0000000, 0x00000000e8000000, 0x00000000e8000000)
  eden space 87424K,  99% used [0x00000000e0000000, 0x00000000e54b4cc0, 0x00000000e5560000)
  from space 21824K, 100% used [0x00000000e6ab0000, 0x00000000e8000000, 0x00000000e8000000)
  to   space 21824K,   0% used [0x00000000e5560000, 0x00000000e5560000, 0x00000000e6ab0000)
 concurrent mark-sweep generation total 393216K, used 93752K [0x00000000e8000000, 0x0000000100000000, 0x0000000100000000)
 Metaspace       used 31019K, capacity 31596K, committed 31812K, reserved 1077248K
  class space    used 3487K, capacity 3680K, committed 3708K, reserved 1048576K
2017-06-28T21:32:22.676+0200: 14689,504: [GC (Allocation Failure) 2017-06-28T21:32:22.676+0200: 14689,504: [ParNew
Desired survivor size 20112992 bytes, new threshold 4 (max 8)
- age   1:   13516456 bytes,   13516456 total
- age   2:    1522864 bytes,   15039320 total
- age   3:     975168 bytes,   16014488 total
- age   4:    6263800 bytes,   22278288 total
: 108563K->21824K(109248K), 0,0110100 secs] 202315K->132851K(502464K), 0,0110940 secs] [Times: user=0,03 sys=0,00, real=0,01 secs] 
Heap after GC invocations=22 (full 1):
 par new generation   total 109248K, used 21824K [0x00000000e0000000, 0x00000000e8000000, 0x00000000e8000000)
  eden space 87424K,   0% used [0x00000000e0000000, 0x00000000e0000000, 0x00000000e5560000)
  from space 21824K, 100% used [0x00000000e5560000, 0x00000000e6ab0000, 0x00000000e6ab0000)
  to   space 21824K,   0% used [0x00000000e6ab0000, 0x00000000e6ab0000, 0x00000000e8000000)
 concurrent mark-sweep generation total 393216K, used 111027K [0x00000000e8000000, 0x0000000100000000, 0x0000000100000000)
 Metaspace       used 31019K, capacity 31596K, committed 31812K, reserved 1077248K
  class space    used 3487K, capacity 3680K, committed 3708K, reserved 1048576K
}
2017-06-28T21:32:22.687+0200: 14689,515: Total time for which application threads were stopped: 0,0112651 seconds, Stopping threads took: 0,0000188 seconds
2017-06-28T21:32:23.687+0200: 14690,515: Total time for which application threads were stopped: 0,0000970 seconds, Stopping threads took: 0,0000178 seconds
2017-06-28T21:32:24.688+0200: 14691,516: Total time for which application threads were stopped: 0,0001374 seconds, Stopping threads took: 0,0000267 seconds
2017-06-28T21:32:25.688+0200: 14692,516: Total time for which application threads were stopped: 0,0001406 seconds, Stopping threads took: 0,0000238 seconds
{Heap before GC invocations=22 (full 1):
 par new generation   total 109248K, used 109242K [0x00000000e0000000, 0x00000000e8000000, 0x00000000e8000000)
  eden space 87424K,  99% used [0x00000000e0000000, 0x00000000e555e938, 0x00000000e5560000)
  from space 21824K, 100% used [0x00000000e5560000, 0x00000000e6ab0000, 0x00000000e6ab0000)
  to   space 21824K,   0% used [0x00000000e6ab0000, 0x00000000e6ab0000, 0x00000000e8000000)
 concurrent mark-sweep generation total 393216K, used 111027K [0x00000000e8000000, 0x0000000100000000, 0x0000000100000000)
 Metaspace       used 31064K, capacity 31596K, committed 31812K, reserved 1077248K
  class space    used 3491K, capacity 3680K, committed 3708K, reserved 1048576K
2017-06-28T21:32:26.953+0200: 14693,781: [GC (Allocation Failure) 2017-06-28T21:32:26.953+0200: 14693,781: [ParNew
Desired survivor size 20112992 bytes, new threshold 2 (max 8)
- age   1:   15700832 bytes,   15700832 total
- age   2:    4640648 bytes,   20341480 total
- age   3:     975272 bytes,   21316752 total
- age   4:     967160 bytes,   22283912 total
: 109242K->21824K(109248K), 0,0143716 secs] 220269K->154562K(502464K), 0,0144616 secs] [Times: user=0,04 sys=0,01, real=0,01 secs] 
Heap after GC invocations=23 (full 1):
 par new generation   total 109248K, used 21824K [0x00000000e0000000, 0x00000000e8000000, 0x00000000e8000000)
  eden space 87424K,   0% used [0x00000000e0000000, 0x00000000e0000000, 0x00000000e5560000)
  from space 21824K, 100% used [0x00000000e6ab0000, 0x00000000e8000000, 0x00000000e8000000)
  to   space 21824K,   0% used [0x00000000e5560000, 0x00000000e5560000, 0x00000000e6ab0000)
 concurrent mark-sweep generation total 393216K, used 132738K [0x00000000e8000000, 0x0000000100000000, 0x0000000100000000)
 Metaspace       used 31064K, capacity 31596K, committed 31812K, reserved 1077248K
  class space    used 3491K, capacity 3680K, committed 3708K, reserved 1048576K
}
2017-06-28T21:32:26.968+0200: 14693,796: Total time for which application threads were stopped: 0,0147953 seconds, Stopping threads took: 0,0000987 seconds
2017-06-28T21:32:26.989+0200: 14693,817: Total time for which application threads were stopped: 0,0001991 seconds, Stopping threads took: 0,0000570 seconds
2017-06-28T21:32:27.408+0200: 14694,236: Total time for which application threads were stopped: 0,0005948 seconds, Stopping threads took: 0,0000289 seconds
2017-06-28T21:32:27.420+0200: 14694,248: Total time for which application threads were stopped: 0,0010677 seconds, Stopping threads took: 0,0009778 seconds
2017-06-28T21:32:27.421+0200: 14694,249: Total time for which application threads were stopped: 0,0000933 seconds, Stopping threads took: 0,0000387 seconds
2017-06-28T21:32:27.437+0200: 14694,265: Total time for which application threads were stopped: 0,0001504 seconds, Stopping threads took: 0,0000678 seconds
2017-06-28T21:32:27.438+0200: 14694,266: Total time for which application threads were stopped: 0,0000656 seconds, Stopping threads took: 0,0000210 seconds
2017-06-28T21:32:27.438+0200: 14694,266: Total time for which application threads were stopped: 0,0000511 seconds, Stopping threads took: 0,0000192 seconds
{Heap before GC invocations=23 (full 1):
 par new generation   total 109248K, used 109248K [0x00000000e0000000, 0x00000000e8000000, 0x00000000e8000000)
  eden space 87424K, 100% used [0x00000000e0000000, 0x00000000e5560000, 0x00000000e5560000)
  from space 21824K, 100% used [0x00000000e6ab0000, 0x00000000e8000000, 0x00000000e8000000)
  to   space 21824K,   0% used [0x00000000e5560000, 0x00000000e5560000, 0x00000000e6ab0000)
 concurrent mark-sweep generation total 393216K, used 132738K [0x00000000e8000000, 0x0000000100000000, 0x0000000100000000)
 Metaspace       used 31313K, capacity 31884K, committed 32196K, reserved 1077248K
  class space    used 3511K, capacity 3712K, committed 3836K, reserved 1048576K
2017-06-28T21:32:27.676+0200: 14694,504: [GC (Allocation Failure) 2017-06-28T21:32:27.677+0200: 14694,505: [ParNew
Desired survivor size 20112992 bytes, new threshold 8 (max 8)
- age   1:    6036840 bytes,    6036840 total
- age   2:   13383336 bytes,   19420176 total
: 109248K->21824K(109248K), 0,0077739 secs] 241986K->164241K(502464K), 0,0078519 secs] [Times: user=0,04 sys=0,01, real=0,00 secs] 
Heap after GC invocations=24 (full 1):
 par new generation   total 109248K, used 21824K [0x00000000e0000000, 0x00000000e8000000, 0x00000000e8000000)
  eden space 87424K,   0% used [0x00000000e0000000, 0x00000000e0000000, 0x00000000e5560000)
  from space 21824K, 100% used [0x00000000e5560000, 0x00000000e6ab0000, 0x00000000e6ab0000)
  to   space 21824K,   0% used [0x00000000e6ab0000, 0x00000000e6ab0000, 0x00000000e8000000)
 concurrent mark-sweep generation total 393216K, used 142417K [0x00000000e8000000, 0x0000000100000000, 0x0000000100000000)
 Metaspace       used 31313K, capacity 31884K, committed 32196K, reserved 1077248K
  class space    used 3511K, capacity 3712K, committed 3836K, reserved 1048576K
}
2017-06-28T21:32:27.684+0200: 14694,512: Total time for which application threads were stopped: 0,0081576 seconds, Stopping threads took: 0,0000396 seconds
{Heap before GC invocations=24 (full 1):
 par new generation   total 109248K, used 109156K [0x00000000e0000000, 0x00000000e8000000, 0x00000000e8000000)
  eden space 87424K,  99% used [0x00000000e0000000, 0x00000000e55490e8, 0x00000000e5560000)
  from space 21824K, 100% used [0x00000000e5560000, 0x00000000e6ab0000, 0x00000000e6ab0000)
  to   space 21824K,   0% used [0x00000000e6ab0000, 0x00000000e6ab0000, 0x00000000e8000000)
 concurrent mark-sweep generation total 393216K, used 142417K [0x00000000e8000000, 0x0000000100000000, 0x0000000100000000)
 Metaspace       used 31321K, capacity 31884K, committed 32196K, reserved 1077248K
  class space    used 3511K, capacity 3712K, committed 3836K, reserved 1048576K
2017-06-28T21:32:28.010+0200: 14694,838: [GC (Allocation Failure) 2017-06-28T21:32:28.010+0200: 14694,838: [ParNew
Desired survivor size 20112992 bytes, new threshold 3 (max 8)
- age   1:    3012368 bytes,    3012368 total
- age   2:    4027792 bytes,    7040160 total
- age   3:   14151088 bytes,   21191248 total
: 109156K->21824K(109248K), 0,0065398 secs] 251573K->167254K(502464K), 0,0066188 secs] [Times: user=0,04 sys=0,00, real=0,00 secs] 
Heap after GC invocations=25 (full 1):
 par new generation   total 109248K, used 21824K [0x00000000e0000000, 0x00000000e8000000, 0x00000000e8000000)
  eden space 87424K,   0% used [0x00000000e0000000, 0x00000000e0000000, 0x00000000e5560000)
  from space 21824K, 100% used [0x00000000e6ab0000, 0x00000000e8000000, 0x00000000e8000000)
  to   space 21824K,   0% used [0x00000000e5560000, 0x00000000e5560000, 0x00000000e6ab0000)
 concurrent mark-sweep generation total 393216K, used 145430K [0x00000000e8000000, 0x0000000100000000, 0x0000000100000000)
 Metaspace       used 31321K, capacity 31884K, committed 32196K, reserved 1077248K
  class space    used 3511K, capacity 3712K, committed 3836K, reserved 1048576K
}
2017-06-28T21:32:28.016+0200: 14694,844: Total time for which application threads were stopped: 0,0068730 seconds, Stopping threads took: 0,0000494 seconds
2017-06-28T21:32:28.242+0200: 14695,070: Total time for which application threads were stopped: 0,0001091 seconds, Stopping threads took: 0,0000250 seconds
{Heap before GC invocations=25 (full 1):
 par new generation   total 109248K, used 109248K [0x00000000e0000000, 0x00000000e8000000, 0x00000000e8000000)
  eden space 87424K, 100% used [0x00000000e0000000, 0x00000000e5560000, 0x00000000e5560000)
  from space 21824K, 100% used [0x00000000e6ab0000, 0x00000000e8000000, 0x00000000e8000000)
  to   space 21824K,   0% used [0x00000000e5560000, 0x00000000e5560000, 0x00000000e6ab0000)
 concurrent mark-sweep generation total 393216K, used 145430K [0x00000000e8000000, 0x0000000100000000, 0x0000000100000000)
 Metaspace       used 31325K, capacity 31884K, committed 32196K, reserved 1077248K
  class space    used 3511K, capacity 3712K, committed 3836K, reserved 1048576K
2017-06-28T21:32:28.314+0200: 14695,142: [GC (Allocation Failure) 2017-06-28T21:32:28.314+0200: 14695,142: [ParNew
Desired survivor size 20112992 bytes, new threshold 8 (max 8)
- age   1:    4427840 bytes,    4427840 total
- age   2:    1841168 bytes,    6269008 total
- age   3:    3748872 bytes,   10017880 total
: 109248K->21824K(109248K), 0,0066735 secs] 254678K->180238K(502464K), 0,0067411 secs] [Times: user=0,02 sys=0,01, real=0,01 secs] 
Heap after GC invocations=26 (full 1):
 par new generation   total 109248K, used 21824K [0x00000000e0000000, 0x00000000e8000000, 0x00000000e8000000)
  eden space 87424K,   0% used [0x00000000e0000000, 0x00000000e0000000, 0x00000000e5560000)
  from space 21824K, 100% used [0x00000000e5560000, 0x00000000e6ab0000, 0x00000000e6ab0000)
  to   space 21824K,   0% used [0x00000000e6ab0000, 0x00000000e6ab0000, 0x00000000e8000000)
 concurrent mark-sweep generation total 393216K, used 158414K [0x00000000e8000000, 0x0000000100000000, 0x0000000100000000)
 Metaspace       used 31325K, capacity 31884K, committed 32196K, reserved 1077248K
  class space    used 3511K, capacity 3712K, committed 3836K, reserved 1048576K
}
2017-06-28T21:32:28.320+0200: 14695,148: Total time for which application threads were stopped: 0,0069491 seconds, Stopping threads took: 0,0000229 seconds
{Heap before GC invocations=26 (full 1):
 par new generation   total 109248K, used 109248K [0x00000000e0000000, 0x00000000e8000000, 0x00000000e8000000)
  eden space 87424K, 100% used [0x00000000e0000000, 0x00000000e5560000, 0x00000000e5560000)
  from space 21824K, 100% used [0x00000000e5560000, 0x00000000e6ab0000, 0x00000000e6ab0000)
  to   space 21824K,   0% used [0x00000000e6ab0000, 0x00000000e6ab0000, 0x00000000e8000000)
 concurrent mark-sweep generation total 393216K, used 158414K [0x00000000e8000000, 0x0000000100000000, 0x0000000100000000)
 Metaspace       used 31329K, capacity 31890K, committed 32196K, reserved 1077248K
  class space    used 3512K, capacity 3713K, committed 3836K, reserved 1048576K
2017-06-28T21:32:28.610+0200: 14695,438: [GC (Allocation Failure) 2017-06-28T21:32:28.610+0200: 14695,438: [ParNew
Desired survivor size 20112992 bytes, new threshold 8 (max 8)
- age   1:    5091368 bytes,    5091368 total
- age   2:    1994136 bytes,    7085504 total
- age   3:    1840440 bytes,    8925944 total
- age   4:    3598208 bytes,   12524152 total
: 109248K->16495K(109248K), 0,0056884 secs] 267662K->174910K(502464K), 0,0057725 secs] [Times: user=0,02 sys=0,00, real=0,00 secs] 
Heap after GC invocations=27 (full 1):
 par new generation   total 109248K, used 16495K [0x00000000e0000000, 0x00000000e8000000, 0x00000000e8000000)
  eden space 87424K,   0% used [0x00000000e0000000, 0x00000000e0000000, 0x00000000e5560000)
  from space 21824K,  75% used [0x00000000e6ab0000, 0x00000000e7acbf48, 0x00000000e8000000)
  to   space 21824K,   0% used [0x00000000e5560000, 0x00000000e5560000, 0x00000000e6ab0000)
 concurrent mark-sweep generation total 393216K, used 158414K [0x00000000e8000000, 0x0000000100000000, 0x0000000100000000)
 Metaspace       used 31329K, capacity 31890K, committed 32196K, reserved 1077248K
  class space    used 3512K, capacity 3713K, committed 3836K, reserved 1048576K
}
2017-06-28T21:32:28.616+0200: 14695,444: Total time for which application threads were stopped: 0,0059742 seconds, Stopping threads took: 0,0000331 seconds
{Heap before GC invocations=27 (full 1):
 par new generation   total 109248K, used 103919K [0x00000000e0000000, 0x00000000e8000000, 0x00000000e8000000)
  eden space 87424K, 100% used [0x00000000e0000000, 0x00000000e5560000, 0x00000000e5560000)
  from space 21824K,  75% used [0x00000000e6ab0000, 0x00000000e7acbf48, 0x00000000e8000000)
  to   space 21824K,   0% used [0x00000000e5560000, 0x00000000e5560000, 0x00000000e6ab0000)
 concurrent mark-sweep generation total 393216K, used 158414K [0x00000000e8000000, 0x0000000100000000, 0x0000000100000000)
 Metaspace       used 31332K, capacity 31890K, committed 32196K, reserved 1077248K
  class space    used 3512K, capacity 3713K, committed 3836K, reserved 1048576K
2017-06-28T21:32:28.805+0200: 14695,633: [GC (Allocation Failure) 2017-06-28T21:32:28.805+0200: 14695,633: [ParNew
Desired survivor size 20112992 bytes, new threshold 8 (max 8)
- age   1:    6011656 bytes,    6011656 total
- age   2:    2291048 bytes,    8302704 total
- age   3:    1852264 bytes,   10154968 total
- age   4:    1804712 bytes,   11959680 total
- age   5:    3598208 bytes,   15557888 total
: 103919K->20388K(109248K), 0,0051345 secs] 262334K->178803K(502464K), 0,0052062 secs] [Times: user=0,02 sys=0,00, real=0,01 secs] 
Heap after GC invocations=28 (full 1):
 par new generation   total 109248K, used 20388K [0x00000000e0000000, 0x00000000e8000000, 0x00000000e8000000)
  eden space 87424K,   0% used [0x00000000e0000000, 0x00000000e0000000, 0x00000000e5560000)
  from space 21824K,  93% used [0x00000000e5560000, 0x00000000e6949288, 0x00000000e6ab0000)
  to   space 21824K,   0% used [0x00000000e6ab0000, 0x00000000e6ab0000, 0x00000000e8000000)
 concurrent mark-sweep generation total 393216K, used 158414K [0x00000000e8000000, 0x0000000100000000, 0x0000000100000000)
 Metaspace       used 31332K, capacity 31890K, committed 32196K, reserved 1077248K
  class space    used 3512K, capacity 3713K, committed 3836K, reserved 1048576K
}
2017-06-28T21:32:28.810+0200: 14695,638: Total time for which application threads were stopped: 0,0054382 seconds, Stopping threads took: 0,0000519 seconds
2017-06-28T21:32:30.746+0200: 14697,574: Total time for which application threads were stopped: 0,9357428 seconds, Stopping threads took: 0,9356523 seconds
{Heap before GC invocations=28 (full 1):
 par new generation   total 109248K, used 107812K [0x00000000e0000000, 0x00000000e8000000, 0x00000000e8000000)
  eden space 87424K, 100% used [0x00000000e0000000, 0x00000000e5560000, 0x00000000e5560000)
  from space 21824K,  93% used [0x00000000e5560000, 0x00000000e6949288, 0x00000000e6ab0000)
  to   space 21824K,   0% used [0x00000000e6ab0000, 0x00000000e6ab0000, 0x00000000e8000000)
 concurrent mark-sweep generation total 393216K, used 158414K [0x00000000e8000000, 0x0000000100000000, 0x0000000100000000)
 Metaspace       used 31454K, capacity 31954K, committed 32452K, reserved 1077248K
  class space    used 3522K, capacity 3713K, committed 3836K, reserved 1048576K
2017-06-28T21:32:30.947+0200: 14697,775: [GC (Allocation Failure) 2017-06-28T21:32:30.947+0200: 14697,775: [ParNew
Desired survivor size 20112992 bytes, new threshold 6 (max 8)
- age   1:   12845464 bytes,   12845464 total
- age   2:    2392088 bytes,   15237552 total
- age   3:    1440832 bytes,   16678384 total
- age   4:    1023528 bytes,   17701912 total
- age   5:    1169840 bytes,   18871752 total
- age   6:    3435288 bytes,   22307040 total
: 107812K->21824K(109248K), 0,0088873 secs] 266227K->185660K(502464K), 0,0089750 secs] [Times: user=0,03 sys=0,00, real=0,01 secs] 
Heap after GC invocations=29 (full 1):
 par new generation   total 109248K, used 21824K [0x00000000e0000000, 0x00000000e8000000, 0x00000000e8000000)
  eden space 87424K,   0% used [0x00000000e0000000, 0x00000000e0000000, 0x00000000e5560000)
  from space 21824K, 100% used [0x00000000e6ab0000, 0x00000000e8000000, 0x00000000e8000000)
  to   space 21824K,   0% used [0x00000000e5560000, 0x00000000e5560000, 0x00000000e6ab0000)
 concurrent mark-sweep generation total 393216K, used 163836K [0x00000000e8000000, 0x0000000100000000, 0x0000000100000000)
 Metaspace       used 31454K, capacity 31954K, committed 32452K, reserved 1077248K
  class space    used 3522K, capacity 3713K, committed 3836K, reserved 1048576K
}
2017-06-28T21:32:30.956+0200: 14697,784: Total time for which application threads were stopped: 0,0092087 seconds, Stopping threads took: 0,0000361 seconds
2017-06-28T21:32:31.956+0200: 14698,784: Total time for which application threads were stopped: 0,0001371 seconds, Stopping threads took: 0,0000214 seconds
{Heap before GC invocations=29 (full 1):
 par new generation   total 109248K, used 109152K [0x00000000e0000000, 0x00000000e8000000, 0x00000000e8000000)
  eden space 87424K,  99% used [0x00000000e0000000, 0x00000000e5548200, 0x00000000e5560000)
  from space 21824K, 100% used [0x00000000e6ab0000, 0x00000000e8000000, 0x00000000e8000000)
  to   space 21824K,   0% used [0x00000000e5560000, 0x00000000e5560000, 0x00000000e6ab0000)
 concurrent mark-sweep generation total 393216K, used 163836K [0x00000000e8000000, 0x0000000100000000, 0x0000000100000000)
 Metaspace       used 31472K, capacity 31954K, committed 32452K, reserved 1077248K
  class space    used 3522K, capacity 3713K, committed 3836K, reserved 1048576K
2017-06-28T21:32:32.428+0200: 14699,256: [GC (Allocation Failure) 2017-06-28T21:32:32.428+0200: 14699,256: [ParNew
Desired survivor size 20112992 bytes, new threshold 5 (max 8)
- age   1:    9839488 bytes,    9839488 total
- age   2:    7080624 bytes,   16920112 total
- age   3:    1745576 bytes,   18665688 total
- age   4:    1440112 bytes,   20105800 total
- age   5:     989400 bytes,   21095200 total
- age   6:    1169840 bytes,   22265040 total
: 109152K->21824K(109248K), 0,0104580 secs] 272989K->203011K(502464K), 0,0105612 secs] [Times: user=0,03 sys=0,00, real=0,02 secs] 
Heap after GC invocations=30 (full 1):
 par new generation   total 109248K, used 21824K [0x00000000e0000000, 0x00000000e8000000, 0x00000000e8000000)
  eden space 87424K,   0% used [0x00000000e0000000, 0x00000000e0000000, 0x00000000e5560000)
  from space 21824K, 100% used [0x00000000e5560000, 0x00000000e6ab0000, 0x00000000e6ab0000)
  to   space 21824K,   0% used [0x00000000e6ab0000, 0x00000000e6ab0000, 0x00000000e8000000)
 concurrent mark-sweep generation total 393216K, used 181187K [0x00000000e8000000, 0x0000000100000000, 0x0000000100000000)
 Metaspace       used 31472K, capacity 31954K, committed 32452K, reserved 1077248K
  class space    used 3522K, capacity 3713K, committed 3836K, reserved 1048576K
}
2017-06-28T21:32:32.439+0200: 14699,267: Total time for which application threads were stopped: 0,0107836 seconds, Stopping threads took: 0,0000262 seconds
2017-06-28T21:32:32.629+0200: 14699,457: Total time for which application threads were stopped: 0,0001242 seconds, Stopping threads took: 0,0000286 seconds
2017-06-28T21:32:32.648+0200: 14699,476: Total time for which application threads were stopped: 0,0040945 seconds, Stopping threads took: 0,0040038 seconds
{Heap before GC invocations=30 (full 1):
 par new generation   total 109248K, used 109248K [0x00000000e0000000, 0x00000000e8000000, 0x00000000e8000000)
  eden space 87424K, 100% used [0x00000000e0000000, 0x00000000e5560000, 0x00000000e5560000)
  from space 21824K, 100% used [0x00000000e5560000, 0x00000000e6ab0000, 0x00000000e6ab0000)
  to   space 21824K,   0% used [0x00000000e6ab0000, 0x00000000e6ab0000, 0x00000000e8000000)
 concurrent mark-sweep generation total 393216K, used 181187K [0x00000000e8000000, 0x0000000100000000, 0x0000000100000000)
 Metaspace       used 31550K, capacity 32082K, committed 32452K, reserved 1077248K
  class space    used 3531K, capacity 3713K, committed 3836K, reserved 1048576K
2017-06-28T21:32:33.137+0200: 14699,965: [GC (Allocation Failure) 2017-06-28T21:32:33.137+0200: 14699,965: [ParNew
Desired survivor size 20112992 bytes, new threshold 8 (max 8)
- age   1:    5621448 bytes,    5621448 total
- age   2:    3556320 bytes,    9177768 total
- age   3:    6712864 bytes,   15890632 total
- age   4:    1745576 bytes,   17636208 total
- age   5:    1439896 bytes,   19076104 total
: 109248K->21824K(109248K), 0,0077700 secs] 290435K->211548K(502464K), 0,0078501 secs] [Times: user=0,05 sys=0,00, real=0,00 secs] 
Heap after GC invocations=31 (full 1):
 par new generation   total 109248K, used 21824K [0x00000000e0000000, 0x00000000e8000000, 0x00000000e8000000)
  eden space 87424K,   0% used [0x00000000e0000000, 0x00000000e0000000, 0x00000000e5560000)
  from space 21824K, 100% used [0x00000000e6ab0000, 0x00000000e8000000, 0x00000000e8000000)
  to   space 21824K,   0% used [0x00000000e5560000, 0x00000000e5560000, 0x00000000e6ab0000)
 concurrent mark-sweep generation total 393216K, used 189724K [0x00000000e8000000, 0x0000000100000000, 0x0000000100000000)
 Metaspace       used 31550K, capacity 32082K, committed 32452K, reserved 1077248K
  class space    used 3531K, capacity 3713K, committed 3836K, reserved 1048576K
}
2017-06-28T21:32:33.145+0200: 14699,973: Total time for which application threads were stopped: 0,0081138 seconds, Stopping threads took: 0,0000520 seconds
2017-06-28T21:32:33.329+0200: 14700,157: Total time for which application threads were stopped: 0,0001319 seconds, Stopping threads took: 0,0000362 seconds
{Heap before GC invocations=31 (full 1):
 par new generation   total 109248K, used 109248K [0x00000000e0000000, 0x00000000e8000000, 0x00000000e8000000)
  eden space 87424K, 100% used [0x00000000e0000000, 0x00000000e5560000, 0x00000000e5560000)
  from space 21824K, 100% used [0x00000000e6ab0000, 0x00000000e8000000, 0x00000000e8000000)
  to   space 21824K,   0% used [0x00000000e5560000, 0x00000000e5560000, 0x00000000e6ab0000)
 concurrent mark-sweep generation total 393216K, used 189724K [0x00000000e8000000, 0x0000000100000000, 0x0000000100000000)
 Metaspace       used 31555K, capacity 32082K, committed 32452K, reserved 1077248K
  class space    used 3531K, capacity 3713K, committed 3836K, reserved 1048576K
2017-06-28T21:32:33.379+0200: 14700,207: [GC (Allocation Failure) 2017-06-28T21:32:33.379+0200: 14700,207: [ParNew
Desired survivor size 20112992 bytes, new threshold 8 (max 8)
- age   1:    3078008 bytes,    3078008 total
- age   2:    3380728 bytes,    6458736 total
- age   3:    2122896 bytes,    8581632 total
- age   4:    6372784 bytes,   14954416 total
- age   5:    1644696 bytes,   16599112 total
- age   6:    1335056 bytes,   17934168 total
: 109248K->21824K(109248K), 0,0058906 secs] 298972K->214191K(502464K), 0,0059569 secs] [Times: user=0,02 sys=0,00, real=0,00 secs] 
Heap after GC invocations=32 (full 1):
 par new generation   total 109248K, used 21824K [0x00000000e0000000, 0x00000000e8000000, 0x00000000e8000000)
  eden space 87424K,   0% used [0x00000000e0000000, 0x00000000e0000000, 0x00000000e5560000)
  from space 21824K, 100% used [0x00000000e5560000, 0x00000000e6ab0000, 0x00000000e6ab0000)
  to   space 21824K,   0% used [0x00000000e6ab0000, 0x00000000e6ab0000, 0x00000000e8000000)
 concurrent mark-sweep generation total 393216K, used 192367K [0x00000000e8000000, 0x0000000100000000, 0x0000000100000000)
 Metaspace       used 31555K, capacity 32082K, committed 32452K, reserved 1077248K
  class space    used 3531K, capacity 3713K, committed 3836K, reserved 1048576K
}
2017-06-28T21:32:33.385+0200: 14700,213: Total time for which application threads were stopped: 0,0061564 seconds, Stopping threads took: 0,0000305 seconds
{Heap before GC invocations=32 (full 1):
 par new generation   total 109248K, used 109248K [0x00000000e0000000, 0x00000000e8000000, 0x00000000e8000000)
  eden space 87424K, 100% used [0x00000000e0000000, 0x00000000e5560000, 0x00000000e5560000)
  from space 21824K, 100% used [0x00000000e5560000, 0x00000000e6ab0000, 0x00000000e6ab0000)
  to   space 21824K,   0% used [0x00000000e6ab0000, 0x00000000e6ab0000, 0x00000000e8000000)
 concurrent mark-sweep generation total 393216K, used 192367K [0x00000000e8000000, 0x0000000100000000, 0x0000000100000000)
 Metaspace       used 31555K, capacity 32082K, committed 32452K, reserved 1077248K
  class space    used 3531K, capacity 3713K, committed 3836K, reserved 1048576K
2017-06-28T21:32:33.552+0200: 14700,380: [GC (Allocation Failure) 2017-06-28T21:32:33.552+0200: 14700,380: [ParNew
Desired survivor size 20112992 bytes, new threshold 8 (max 8)
- age   1:    3406576 bytes,    3406576 total
- age   2:     881824 bytes,    4288400 total
- age   3:    2952336 bytes,    7240736 total
- age   4:    2117848 bytes,    9358584 total
- age   5:    6372488 bytes,   15731072 total
- age   6:    1644616 bytes,   17375688 total
- age   7:    1335056 bytes,   18710744 total
: 109248K->21824K(109248K), 0,0060765 secs] 301615K->216485K(502464K), 0,0061455 secs] [Times: user=0,02 sys=0,00, real=0,01 secs] 
Heap after GC invocations=33 (full 1):
 par new generation   total 109248K, used 21824K [0x00000000e0000000, 0x00000000e8000000, 0x00000000e8000000)
  eden space 87424K,   0% used [0x00000000e0000000, 0x00000000e0000000, 0x00000000e5560000)
  from space 21824K, 100% used [0x00000000e6ab0000, 0x00000000e8000000, 0x00000000e8000000)
  to   space 21824K,   0% used [0x00000000e5560000, 0x00000000e5560000, 0x00000000e6ab0000)
 concurrent mark-sweep generation total 393216K, used 194661K [0x00000000e8000000, 0x0000000100000000, 0x0000000100000000)
 Metaspace       used 31555K, capacity 32082K, committed 32452K, reserved 1077248K
  class space    used 3531K, capacity 3713K, committed 3836K, reserved 1048576K
}
2017-06-28T21:32:33.558+0200: 14700,386: Total time for which application threads were stopped: 0,0063390 seconds, Stopping threads took: 0,0000384 seconds
2017-06-28T21:32:34.558+0200: 14701,386: Total time for which application threads were stopped: 0,0001392 seconds, Stopping threads took: 0,0000264 seconds
{Heap before GC invocations=33 (full 1):
 par new generation   total 109248K, used 109248K [0x00000000e0000000, 0x00000000e8000000, 0x00000000e8000000)
  eden space 87424K, 100% used [0x00000000e0000000, 0x00000000e5560000, 0x00000000e5560000)
  from space 21824K, 100% used [0x00000000e6ab0000, 0x00000000e8000000, 0x00000000e8000000)
  to   space 21824K,   0% used [0x00000000e5560000, 0x00000000e5560000, 0x00000000e6ab0000)
 concurrent mark-sweep generation total 393216K, used 194661K [0x00000000e8000000, 0x0000000100000000, 0x0000000100000000)
 Metaspace       used 31566K, capacity 32082K, committed 32452K, reserved 1077248K
  class space    used 3531K, capacity 3713K, committed 3836K, reserved 1048576K
2017-06-28T21:32:35.040+0200: 14701,868: [GC (Allocation Failure) 2017-06-28T21:32:35.040+0200: 14701,868: [ParNew
Desired survivor size 20112992 bytes, new threshold 7 (max 8)
- age   1:    9240512 bytes,    9240512 total
- age   2:     299368 bytes,    9539880 total
- age   3:     527608 bytes,   10067488 total
- age   4:    1780680 bytes,   11848168 total
- age   5:    1506672 bytes,   13354840 total
- age   6:    6301112 bytes,   19655952 total
- age   7:    1642696 bytes,   21298648 total
- age   8:     754728 bytes,   22053376 total
: 109248K->21824K(109248K), 0,0181303 secs] 303909K->228362K(502464K), 0,0182224 secs] [Times: user=0,10 sys=0,00, real=0,02 secs] 
Heap after GC invocations=34 (full 1):
 par new generation   total 109248K, used 21824K [0x00000000e0000000, 0x00000000e8000000, 0x00000000e8000000)
  eden space 87424K,   0% used [0x00000000e0000000, 0x00000000e0000000, 0x00000000e5560000)
  from space 21824K, 100% used [0x00000000e5560000, 0x00000000e6ab0000, 0x00000000e6ab0000)
  to   space 21824K,   0% used [0x00000000e6ab0000, 0x00000000e6ab0000, 0x00000000e8000000)
 concurrent mark-sweep generation total 393216K, used 206538K [0x00000000e8000000, 0x0000000100000000, 0x0000000100000000)
 Metaspace       used 31566K, capacity 32082K, committed 32452K, reserved 1077248K
  class space    used 3531K, capacity 3713K, committed 3836K, reserved 1048576K
}
2017-06-28T21:32:35.058+0200: 14701,886: Total time for which application threads were stopped: 0,0184215 seconds, Stopping threads took: 0,0000272 seconds
2017-06-28T21:32:35.058+0200: 14701,886: [GC (CMS Initial Mark) [1 CMS-initial-mark: 206538K(393216K)] 228413K(502464K), 0,0011388 secs] [Times: user=0,00 sys=0,00, real=0,00 secs] 
2017-06-28T21:32:35.060+0200: 14701,888: Total time for which application threads were stopped: 0,0012826 seconds, Stopping threads took: 0,0000281 seconds
2017-06-28T21:32:35.060+0200: 14701,888: [CMS-concurrent-mark-start]
2017-06-28T21:32:35.088+0200: 14701,916: [CMS-concurrent-mark: 0,029/0,029 secs] [Times: user=0,18 sys=0,00, real=0,02 secs] 
2017-06-28T21:32:35.088+0200: 14701,916: [CMS-concurrent-preclean-start]
2017-06-28T21:32:35.089+0200: 14701,917: [CMS-concurrent-preclean: 0,001/0,001 secs] [Times: user=0,00 sys=0,00, real=0,01 secs] 
2017-06-28T21:32:35.089+0200: 14701,917: [GC (CMS Final Remark) [YG occupancy: 22998 K (109248 K)]{Heap before GC invocations=34 (full 2):
 par new generation   total 109248K, used 22998K [0x00000000e0000000, 0x00000000e8000000, 0x00000000e8000000)
  eden space 87424K,   1% used [0x00000000e0000000, 0x00000000e0125bd0, 0x00000000e5560000)
  from space 21824K, 100% used [0x00000000e5560000, 0x00000000e6ab0000, 0x00000000e6ab0000)
  to   space 21824K,   0% used [0x00000000e6ab0000, 0x00000000e6ab0000, 0x00000000e8000000)
 concurrent mark-sweep generation total 393216K, used 206538K [0x00000000e8000000, 0x0000000100000000, 0x0000000100000000)
 Metaspace       used 31566K, capacity 32082K, committed 32452K, reserved 1077248K
  class space    used 3531K, capacity 3713K, committed 3836K, reserved 1048576K
2017-06-28T21:32:35.089+0200: 14701,917: [GC (CMS Final Remark) 2017-06-28T21:32:35.089+0200: 14701,917: [ParNew
Desired survivor size 20112992 bytes, new threshold 8 (max 8)
- age   1:     247840 bytes,     247840 total
- age   2:    7058408 bytes,    7306248 total
- age   3:     298872 bytes,    7605120 total
- age   4:     527464 bytes,    8132584 total
- age   5:    1718752 bytes,    9851336 total
- age   6:    1506672 bytes,   11358008 total
- age   7:    6301112 bytes,   17659120 total
: 22998K->21824K(109248K), 0,0058358 secs] 229537K->232909K(502464K), 0,0058872 secs] [Times: user=0,04 sys=0,00, real=0,00 secs] 
Heap after GC invocations=35 (full 2):
 par new generation   total 109248K, used 21824K [0x00000000e0000000, 0x00000000e8000000, 0x00000000e8000000)
  eden space 87424K,   0% used [0x00000000e0000000, 0x00000000e0000000, 0x00000000e5560000)
  from space 21824K, 100% used [0x00000000e6ab0000, 0x00000000e8000000, 0x00000000e8000000)
  to   space 21824K,   0% used [0x00000000e5560000, 0x00000000e5560000, 0x00000000e6ab0000)
 concurrent mark-sweep generation total 393216K, used 211085K [0x00000000e8000000, 0x0000000100000000, 0x0000000100000000)
 Metaspace       used 31566K, capacity 32082K, committed 32452K, reserved 1077248K
  class space    used 3531K, capacity 3713K, committed 3836K, reserved 1048576K
}
2017-06-28T21:32:35.095+0200: 14701,923: [Rescan (parallel) , 0,0010205 secs]2017-06-28T21:32:35.096+0200: 14701,924: [weak refs processing, 0,0003215 secs]2017-06-28T21:32:35.097+0200: 14701,925: [class unloading, 0,0062251 secs]2017-06-28T21:32:35.103+0200: 14701,931: [scrub symbol table, 0,0024579 secs]2017-06-28T21:32:35.105+0200: 14701,933: [scrub string table, 0,0004750 secs][1 CMS-remark: 211085K(393216K)] 232909K(502464K), 0,0171588 secs] [Times: user=0,05 sys=0,00, real=0,01 secs] 
2017-06-28T21:32:35.107+0200: 14701,935: Total time for which application threads were stopped: 0,0173011 seconds, Stopping threads took: 0,0000464 seconds
2017-06-28T21:32:35.107+0200: 14701,935: [CMS-concurrent-sweep-start]
2017-06-28T21:32:35.123+0200: 14701,951: [CMS-concurrent-sweep: 0,016/0,016 secs] [Times: user=0,09 sys=0,00, real=0,02 secs] 
2017-06-28T21:32:35.123+0200: 14701,951: [CMS-concurrent-reset-start]
2017-06-28T21:32:35.123+0200: 14701,951: [CMS-concurrent-reset: 0,001/0,001 secs] [Times: user=0,00 sys=0,00, real=0,00 secs] 
2017-06-28T21:32:36.107+0200: 14702,935: Total time for which application threads were stopped: 0,0002909 seconds, Stopping threads took: 0,0000316 seconds
{Heap before GC invocations=35 (full 2):
 par new generation   total 109248K, used 109120K [0x00000000e0000000, 0x00000000e8000000, 0x00000000e8000000)
  eden space 87424K,  99% used [0x00000000e0000000, 0x00000000e5540258, 0x00000000e5560000)
  from space 21824K, 100% used [0x00000000e6ab0000, 0x00000000e8000000, 0x00000000e8000000)
  to   space 21824K,   0% used [0x00000000e5560000, 0x00000000e5560000, 0x00000000e6ab0000)
 concurrent mark-sweep generation total 393216K, used 112889K [0x00000000e8000000, 0x0000000100000000, 0x0000000100000000)
 Metaspace       used 31441K, capacity 31880K, committed 32452K, reserved 1077248K
  class space    used 3509K, capacity 3672K, committed 3836K, reserved 1048576K
2017-06-28T21:32:36.498+0200: 14703,326: [GC (Allocation Failure) 2017-06-28T21:32:36.498+0200: 14703,326: [ParNew
Desired survivor size 20112992 bytes, new threshold 8 (max 8)
- age   1:    5951808 bytes,    5951808 total
- age   2:     103184 bytes,    6054992 total
- age   3:    3323544 bytes,    9378536 total
- age   4:     296320 bytes,    9674856 total
- age   5:     522528 bytes,   10197384 total
- age   6:    1670144 bytes,   11867528 total
- age   7:    1439048 bytes,   13306576 total
- age   8:    6295728 bytes,   19602304 total
: 109120K->21824K(109248K), 0,0111531 secs] 222010K->152078K(502464K), 0,0112324 secs] [Times: user=0,04 sys=0,00, real=0,01 secs] 
Heap after GC invocations=36 (full 2):
 par new generation   total 109248K, used 21824K [0x00000000e0000000, 0x00000000e8000000, 0x00000000e8000000)
  eden space 87424K,   0% used [0x00000000e0000000, 0x00000000e0000000, 0x00000000e5560000)
  from space 21824K, 100% used [0x00000000e5560000, 0x00000000e6ab0000, 0x00000000e6ab0000)
  to   space 21824K,   0% used [0x00000000e6ab0000, 0x00000000e6ab0000, 0x00000000e8000000)
 concurrent mark-sweep generation total 393216K, used 130254K [0x00000000e8000000, 0x0000000100000000, 0x0000000100000000)
 Metaspace       used 31441K, capacity 31880K, committed 32452K, reserved 1077248K
  class space    used 3509K, capacity 3672K, committed 3836K, reserved 1048576K
}
2017-06-28T21:32:36.510+0200: 14703,338: Total time for which application threads were stopped: 0,0114235 seconds, Stopping threads took: 0,0000163 seconds
2017-06-28T21:32:37.510+0200: 14704,338: Total time for which application threads were stopped: 0,0001601 seconds, Stopping threads took: 0,0000474 seconds
2017-06-28T21:32:37.926+0200: 14704,754: Total time for which application threads were stopped: 0,0001629 seconds, Stopping threads took: 0,0000369 seconds
{Heap before GC invocations=36 (full 2):
 par new generation   total 109248K, used 108904K [0x00000000e0000000, 0x00000000e8000000, 0x00000000e8000000)
  eden space 87424K,  99% used [0x00000000e0000000, 0x00000000e550a268, 0x00000000e5560000)
  from space 21824K, 100% used [0x00000000e5560000, 0x00000000e6ab0000, 0x00000000e6ab0000)
  to   space 21824K,   0% used [0x00000000e6ab0000, 0x00000000e6ab0000, 0x00000000e8000000)
 concurrent mark-sweep generation total 393216K, used 130254K [0x00000000e8000000, 0x0000000100000000, 0x0000000100000000)
 Metaspace       used 31442K, capacity 31880K, committed 32452K, reserved 1077248K
  class space    used 3509K, capacity 3672K, committed 3836K, reserved 1048576K
2017-06-28T21:32:38.002+0200: 14704,830: [GC (Allocation Failure) 2017-06-28T21:32:38.002+0200: 14704,830: [ParNew
Desired survivor size 20112992 bytes, new threshold 7 (max 8)
- age   1:   12666768 bytes,   12666768 total
- age   2:    4718184 bytes,   17384952 total
- age   3:     101888 bytes,   17486840 total
- age   4:     916040 bytes,   18402880 total
- age   5:     282248 bytes,   18685128 total
- age   6:     511760 bytes,   19196888 total
- age   7:    1652272 bytes,   20849160 total
- age   8:    1915888 bytes,   22765048 total
: 108904K->21824K(109248K), 0,0127790 secs] 239159K->174297K(502464K), 0,0128930 secs] [Times: user=0,04 sys=0,00, real=0,01 secs] 
Heap after GC invocations=37 (full 2):
 par new generation   total 109248K, used 21824K [0x00000000e0000000, 0x00000000e8000000, 0x00000000e8000000)
  eden space 87424K,   0% used [0x00000000e0000000, 0x00000000e0000000, 0x00000000e5560000)
  from space 21824K, 100% used [0x00000000e6ab0000, 0x00000000e8000000, 0x00000000e8000000)
  to   space 21824K,   0% used [0x00000000e5560000, 0x00000000e5560000, 0x00000000e6ab0000)
 concurrent mark-sweep generation total 393216K, used 152473K [0x00000000e8000000, 0x0000000100000000, 0x0000000100000000)
 Metaspace       used 31442K, capacity 31880K, committed 32452K, reserved 1077248K
  class space    used 3509K, capacity 3672K, committed 3836K, reserved 1048576K
}
2017-06-28T21:32:38.015+0200: 14704,843: Total time for which application threads were stopped: 0,0131450 seconds, Stopping threads took: 0,0000244 seconds
2017-06-28T21:32:39.015+0200: 14705,843: Total time for which application threads were stopped: 0,0001257 seconds, Stopping threads took: 0,0000415 seconds
{Heap before GC invocations=37 (full 2):
 par new generation   total 109248K, used 109248K [0x00000000e0000000, 0x00000000e8000000, 0x00000000e8000000)
  eden space 87424K, 100% used [0x00000000e0000000, 0x00000000e5560000, 0x00000000e5560000)
  from space 21824K, 100% used [0x00000000e6ab0000, 0x00000000e8000000, 0x00000000e8000000)
  to   space 21824K,   0% used [0x00000000e5560000, 0x00000000e5560000, 0x00000000e6ab0000)
 concurrent mark-sweep generation total 393216K, used 152473K [0x00000000e8000000, 0x0000000100000000, 0x0000000100000000)
 Metaspace       used 31451K, capacity 31880K, committed 32452K, reserved 1077248K
  class space    used 3509K, capacity 3672K, committed 3836K, reserved 1048576K
2017-06-28T21:32:39.646+0200: 14706,474: [GC (Allocation Failure) 2017-06-28T21:32:39.646+0200: 14706,474: [ParNew
Desired survivor size 20112992 bytes, new threshold 8 (max 8)
- age   1:   14787144 bytes,   14787144 total
- age   2:    1569976 bytes,   16357120 total
- age   3:    1940336 bytes,   18297456 total
- age   4:     101888 bytes,   18399344 total
- age   5:     914704 bytes,   19314048 total
- age   6:     282248 bytes,   19596296 total
- age   7:     478976 bytes,   20075272 total
: 109248K->21824K(109248K), 0,0117758 secs] 261721K->190856K(502464K), 0,0118777 secs] [Times: user=0,04 sys=0,00, real=0,02 secs] 
Heap after GC invocations=38 (full 2):
 par new generation   total 109248K, used 21824K [0x00000000e0000000, 0x00000000e8000000, 0x00000000e8000000)
  eden space 87424K,   0% used [0x00000000e0000000, 0x00000000e0000000, 0x00000000e5560000)
  from space 21824K, 100% used [0x00000000e5560000, 0x00000000e6ab0000, 0x00000000e6ab0000)
  to   space 21824K,   0% used [0x00000000e6ab0000, 0x00000000e6ab0000, 0x00000000e8000000)
 concurrent mark-sweep generation total 393216K, used 169032K [0x00000000e8000000, 0x0000000100000000, 0x0000000100000000)
 Metaspace       used 31451K, capacity 31880K, committed 32452K, reserved 1077248K
  class space    used 3509K, capacity 3672K, committed 3836K, reserved 1048576K
}
2017-06-28T21:32:39.658+0200: 14706,486: Total time for which application threads were stopped: 0,0121362 seconds, Stopping threads took: 0,0000308 seconds
2017-06-28T21:32:40.658+0200: 14707,486: Total time for which application threads were stopped: 0,0001171 seconds, Stopping threads took: 0,0000222 seconds
{Heap before GC invocations=38 (full 2):
 par new generation   total 109248K, used 108837K [0x00000000e0000000, 0x00000000e8000000, 0x00000000e8000000)
  eden space 87424K,  99% used [0x00000000e0000000, 0x00000000e54f9450, 0x00000000e5560000)
  from space 21824K, 100% used [0x00000000e5560000, 0x00000000e6ab0000, 0x00000000e6ab0000)
  to   space 21824K,   0% used [0x00000000e6ab0000, 0x00000000e6ab0000, 0x00000000e8000000)
 concurrent mark-sweep generation total 393216K, used 169032K [0x00000000e8000000, 0x0000000100000000, 0x0000000100000000)
 Metaspace       used 31464K, capacity 31880K, committed 32452K, reserved 1077248K
  class space    used 3509K, capacity 3672K, committed 3836K, reserved 1048576K
2017-06-28T21:32:41.600+0200: 14708,428: [GC (Allocation Failure) 2017-06-28T21:32:41.600+0200: 14708,428: [ParNew
Desired survivor size 20112992 bytes, new threshold 6 (max 8)
- age   1:   10705984 bytes,   10705984 total
- age   2:    6269104 bytes,   16975088 total
- age   3:    1307624 bytes,   18282712 total
- age   4:    1714560 bytes,   19997272 total
- age   5:      99296 bytes,   20096568 total
- age   6:     698512 bytes,   20795080 total
- age   7:     254280 bytes,   21049360 total
- age   8:     453304 bytes,   21502664 total
: 108837K->21824K(109248K), 0,0099064 secs] 277869K->209488K(502464K), 0,0099814 secs] [Times: user=0,03 sys=0,01, real=0,01 secs] 
Heap after GC invocations=39 (full 2):
 par new generation   total 109248K, used 21824K [0x00000000e0000000, 0x00000000e8000000, 0x00000000e8000000)
  eden space 87424K,   0% used [0x00000000e0000000, 0x00000000e0000000, 0x00000000e5560000)
  from space 21824K, 100% used [0x00000000e6ab0000, 0x00000000e8000000, 0x00000000e8000000)
  to   space 21824K,   0% used [0x00000000e5560000, 0x00000000e5560000, 0x00000000e6ab0000)
 concurrent mark-sweep generation total 393216K, used 187664K [0x00000000e8000000, 0x0000000100000000, 0x0000000100000000)
 Metaspace       used 31464K, capacity 31880K, committed 32452K, reserved 1077248K
  class space    used 3509K, capacity 3672K, committed 3836K, reserved 1048576K
}
2017-06-28T21:32:41.610+0200: 14708,438: Total time for which application threads were stopped: 0,0101298 seconds, Stopping threads took: 0,0000174 seconds
2017-06-28T21:32:41.970+0200: 14708,798: Total time for which application threads were stopped: 0,0001360 seconds, Stopping threads took: 0,0000354 seconds
{Heap before GC invocations=39 (full 2):
 par new generation   total 109248K, used 109248K [0x00000000e0000000, 0x00000000e8000000, 0x00000000e8000000)
  eden space 87424K, 100% used [0x00000000e0000000, 0x00000000e5560000, 0x00000000e5560000)
  from space 21824K, 100% used [0x00000000e6ab0000, 0x00000000e8000000, 0x00000000e8000000)
  to   space 21824K,   0% used [0x00000000e5560000, 0x00000000e5560000, 0x00000000e6ab0000)
 concurrent mark-sweep generation total 393216K, used 187664K [0x00000000e8000000, 0x0000000100000000, 0x0000000100000000)
 Metaspace       used 31479K, capacity 31880K, committed 32452K, reserved 1077248K
  class space    used 3509K, capacity 3672K, committed 3836K, reserved 1048576K
2017-06-28T21:32:42.480+0200: 14709,308: [GC (Allocation Failure) 2017-06-28T21:32:42.480+0200: 14709,308: [ParNew
Desired survivor size 20112992 bytes, new threshold 4 (max 8)
- age   1:    6465488 bytes,    6465488 total
- age   2:    6525344 bytes,   12990832 total
- age   3:    6169640 bytes,   19160472 total
- age   4:    1287616 bytes,   20448088 total
- age   5:    1653680 bytes,   22101768 total
- age   6:      98776 bytes,   22200544 total
: 109248K->21824K(109248K), 0,0075006 secs] 296912K->222516K(502464K), 0,0075657 secs] [Times: user=0,03 sys=0,00, real=0,00 secs] 
Heap after GC invocations=40 (full 2):
 par new generation   total 109248K, used 21824K [0x00000000e0000000, 0x00000000e8000000, 0x00000000e8000000)
  eden space 87424K,   0% used [0x00000000e0000000, 0x00000000e0000000, 0x00000000e5560000)
  from space 21824K, 100% used [0x00000000e5560000, 0x00000000e6ab0000, 0x00000000e6ab0000)
  to   space 21824K,   0% used [0x00000000e6ab0000, 0x00000000e6ab0000, 0x00000000e8000000)
 concurrent mark-sweep generation total 393216K, used 200692K [0x00000000e8000000, 0x0000000100000000, 0x0000000100000000)
 Metaspace       used 31479K, capacity 31880K, committed 32452K, reserved 1077248K
  class space    used 3509K, capacity 3672K, committed 3836K, reserved 1048576K
}
2017-06-28T21:32:42.488+0200: 14709,316: Total time for which application threads were stopped: 0,0078043 seconds, Stopping threads took: 0,0000482 seconds
2017-06-28T21:32:42.488+0200: 14709,316: [GC (CMS Initial Mark) [1 CMS-initial-mark: 200692K(393216K)] 223755K(502464K), 0,0010699 secs] [Times: user=0,01 sys=0,00, real=0,01 secs] 
2017-06-28T21:32:42.489+0200: 14709,317: Total time for which application threads were stopped: 0,0012063 seconds, Stopping threads took: 0,0000372 seconds
2017-06-28T21:32:42.489+0200: 14709,317: [CMS-concurrent-mark-start]
2017-06-28T21:32:42.521+0200: 14709,349: [CMS-concurrent-mark: 0,032/0,032 secs] [Times: user=0,19 sys=0,00, real=0,03 secs] 
2017-06-28T21:32:42.521+0200: 14709,349: [CMS-concurrent-preclean-start]
2017-06-28T21:32:42.522+0200: 14709,350: [CMS-concurrent-preclean: 0,001/0,001 secs] [Times: user=0,00 sys=0,00, real=0,00 secs] 
2017-06-28T21:32:42.522+0200: 14709,350: [CMS-concurrent-abortable-preclean-start]
2017-06-28T21:32:42.619+0200: 14709,447: Total time for which application threads were stopped: 0,0001486 seconds, Stopping threads took: 0,0000322 seconds
2017-06-28T21:32:42.619+0200: 14709,447: Total time for which application threads were stopped: 0,0000802 seconds, Stopping threads took: 0,0000296 seconds
2017-06-28T21:32:42.628+0200: 14709,456: Total time for which application threads were stopped: 0,0001567 seconds, Stopping threads took: 0,0000365 seconds
2017-06-28T21:32:42.629+0200: 14709,457: Total time for which application threads were stopped: 0,0000727 seconds, Stopping threads took: 0,0000252 seconds
2017-06-28T21:32:42.629+0200: 14709,457: Total time for which application threads were stopped: 0,0000751 seconds, Stopping threads took: 0,0000343 seconds
{Heap before GC invocations=40 (full 3):
 par new generation   total 109248K, used 109248K [0x00000000e0000000, 0x00000000e8000000, 0x00000000e8000000)
  eden space 87424K, 100% used [0x00000000e0000000, 0x00000000e5560000, 0x00000000e5560000)
  from space 21824K, 100% used [0x00000000e5560000, 0x00000000e6ab0000, 0x00000000e6ab0000)
  to   space 21824K,   0% used [0x00000000e6ab0000, 0x00000000e6ab0000, 0x00000000e8000000)
 concurrent mark-sweep generation total 393216K, used 200692K [0x00000000e8000000, 0x0000000100000000, 0x0000000100000000)
 Metaspace       used 31481K, capacity 31880K, committed 32452K, reserved 1077248K
  class space    used 3509K, capacity 3672K, committed 3836K, reserved 1048576K
2017-06-28T21:32:42.672+0200: 14709,500: [GC (Allocation Failure) 2017-06-28T21:32:42.672+0200: 14709,500: [ParNew
Desired survivor size 20112992 bytes, new threshold 8 (max 8)
- age   1:    1825704 bytes,    1825704 total
- age   2:    5162184 bytes,    6987888 total
- age   3:    5858112 bytes,   12846000 total
- age   4:    5647096 bytes,   18493096 total
: 109248K->21824K(109248K), 0,0064584 secs] 309940K->228835K(502464K), 0,0065279 secs] [Times: user=0,02 sys=0,00, real=0,01 secs] 
Heap after GC invocations=41 (full 3):
 par new generation   total 109248K, used 21824K [0x00000000e0000000, 0x00000000e8000000, 0x00000000e8000000)
  eden space 87424K,   0% used [0x00000000e0000000, 0x00000000e0000000, 0x00000000e5560000)
  from space 21824K, 100% used [0x00000000e6ab0000, 0x00000000e8000000, 0x00000000e8000000)
  to   space 21824K,   0% used [0x00000000e5560000, 0x00000000e5560000, 0x00000000e6ab0000)
 concurrent mark-sweep generation total 393216K, used 207011K [0x00000000e8000000, 0x0000000100000000, 0x0000000100000000)
 Metaspace       used 31481K, capacity 31880K, committed 32452K, reserved 1077248K
  class space    used 3509K, capacity 3672K, committed 3836K, reserved 1048576K
}
2017-06-28T21:32:42.678+0200: 14709,506: Total time for which application threads were stopped: 0,0067334 seconds, Stopping threads took: 0,0000399 seconds
{Heap before GC invocations=41 (full 3):
 par new generation   total 109248K, used 109248K [0x00000000e0000000, 0x00000000e8000000, 0x00000000e8000000)
  eden space 87424K, 100% used [0x00000000e0000000, 0x00000000e5560000, 0x00000000e5560000)
  from space 21824K, 100% used [0x00000000e6ab0000, 0x00000000e8000000, 0x00000000e8000000)
  to   space 21824K,   0% used [0x00000000e5560000, 0x00000000e5560000, 0x00000000e6ab0000)
 concurrent mark-sweep generation total 393216K, used 207011K [0x00000000e8000000, 0x0000000100000000, 0x0000000100000000)
 Metaspace       used 31482K, capacity 31880K, committed 32452K, reserved 1077248K
  class space    used 3509K, capacity 3672K, committed 3836K, reserved 1048576K
2017-06-28T21:32:42.824+0200: 14709,652: [GC (Allocation Failure) 2017-06-28T21:32:42.824+0200: 14709,652: [ParNew
Desired survivor size 20112992 bytes, new threshold 5 (max 8)
- age   1:    4113496 bytes,    4113496 total
- age   2:     810304 bytes,    4923800 total
- age   3:    4800816 bytes,    9724616 total
- age   4:    5365776 bytes,   15090392 total
- age   5:    5645112 bytes,   20735504 total
: 109248K->21824K(109248K), 0,0065430 secs] 316259K->231121K(502464K), 0,0066098 secs] [Times: user=0,02 sys=0,00, real=0,01 secs] 
Heap after GC invocations=42 (full 3):
 par new generation   total 109248K, used 21824K [0x00000000e0000000, 0x00000000e8000000, 0x00000000e8000000)
  eden space 87424K,   0% used [0x00000000e0000000, 0x00000000e0000000, 0x00000000e5560000)
  from space 21824K, 100% used [0x00000000e5560000, 0x00000000e6ab0000, 0x00000000e6ab0000)
  to   space 21824K,   0% used [0x00000000e6ab0000, 0x00000000e6ab0000, 0x00000000e8000000)
 concurrent mark-sweep generation total 393216K, used 209297K [0x00000000e8000000, 0x0000000100000000, 0x0000000100000000)
 Metaspace       used 31482K, capacity 31880K, committed 32452K, reserved 1077248K
  class space    used 3509K, capacity 3672K, committed 3836K, reserved 1048576K
}
2017-06-28T21:32:42.831+0200: 14709,659: Total time for which application threads were stopped: 0,0067785 seconds, Stopping threads took: 0,0000354 seconds
2017-06-28T21:32:42.831+0200: 14709,659: [CMS-concurrent-abortable-preclean: 0,047/0,309 secs] [Times: user=0,65 sys=0,01, real=0,31 secs] 
2017-06-28T21:32:42.831+0200: 14709,659: [GC (CMS Final Remark) [YG occupancy: 23055 K (109248 K)]{Heap before GC invocations=42 (full 3):
 par new generation   total 109248K, used 23055K [0x00000000e0000000, 0x00000000e8000000, 0x00000000e8000000)
  eden space 87424K,   1% used [0x00000000e0000000, 0x00000000e0133e78, 0x00000000e5560000)
  from space 21824K, 100% used [0x00000000e5560000, 0x00000000e6ab0000, 0x00000000e6ab0000)
  to   space 21824K,   0% used [0x00000000e6ab0000, 0x00000000e6ab0000, 0x00000000e8000000)
 concurrent mark-sweep generation total 393216K, used 209297K [0x00000000e8000000, 0x0000000100000000, 0x0000000100000000)
 Metaspace       used 31482K, capacity 31880K, committed 32452K, reserved 1077248K
  class space    used 3509K, capacity 3672K, committed 3836K, reserved 1048576K
2017-06-28T21:32:42.831+0200: 14709,659: [GC (CMS Final Remark) 2017-06-28T21:32:42.831+0200: 14709,659: [ParNew
Desired survivor size 20112992 bytes, new threshold 8 (max 8)
- age   1:      34400 bytes,      34400 total
- age   2:    4113376 bytes,    4147776 total
- age   3:     810304 bytes,    4958080 total
- age   4:    4800816 bytes,    9758896 total
- age   5:    6225632 bytes,   15984528 total
: 23055K->19913K(109248K), 0,0049099 secs] 232353K->234733K(502464K), 0,0049525 secs] [Times: user=0,02 sys=0,00, real=0,00 secs] 
Heap after GC invocations=43 (full 3):
 par new generation   total 109248K, used 19913K [0x00000000e0000000, 0x00000000e8000000, 0x00000000e8000000)
  eden space 87424K,   0% used [0x00000000e0000000, 0x00000000e0000000, 0x00000000e5560000)
  from space 21824K,  91% used [0x00000000e6ab0000, 0x00000000e7e22680, 0x00000000e8000000)
  to   space 21824K,   0% used [0x00000000e5560000, 0x00000000e5560000, 0x00000000e6ab0000)
 concurrent mark-sweep generation total 393216K, used 214820K [0x00000000e8000000, 0x0000000100000000, 0x0000000100000000)
 Metaspace       used 31482K, capacity 31880K, committed 32452K, reserved 1077248K
  class space    used 3509K, capacity 3672K, committed 3836K, reserved 1048576K
}
2017-06-28T21:32:42.836+0200: 14709,664: [Rescan (parallel) , 0,0011767 secs]2017-06-28T21:32:42.837+0200: 14709,665: [weak refs processing, 0,0002704 secs]2017-06-28T21:32:42.838+0200: 14709,666: [class unloading, 0,0046291 secs]2017-06-28T21:32:42.842+0200: 14709,670: [scrub symbol table, 0,0025769 secs]2017-06-28T21:32:42.845+0200: 14709,673: [scrub string table, 0,0004623 secs][1 CMS-remark: 214820K(393216K)] 234733K(502464K), 0,0142754 secs] [Times: user=0,03 sys=0,00, real=0,01 secs] 
2017-06-28T21:32:42.845+0200: 14709,673: Total time for which application threads were stopped: 0,0144057 seconds, Stopping threads took: 0,0000333 seconds
2017-06-28T21:32:42.845+0200: 14709,673: [CMS-concurrent-sweep-start]
2017-06-28T21:32:42.861+0200: 14709,689: [CMS-concurrent-sweep: 0,015/0,015 secs] [Times: user=0,05 sys=0,00, real=0,02 secs] 
2017-06-28T21:32:42.861+0200: 14709,689: [CMS-concurrent-reset-start]
2017-06-28T21:32:42.861+0200: 14709,689: [CMS-concurrent-reset: 0,000/0,000 secs] [Times: user=0,00 sys=0,00, real=0,00 secs] 
{Heap before GC invocations=43 (full 3):
 par new generation   total 109248K, used 107337K [0x00000000e0000000, 0x00000000e8000000, 0x00000000e8000000)
  eden space 87424K, 100% used [0x00000000e0000000, 0x00000000e5560000, 0x00000000e5560000)
  from space 21824K,  91% used [0x00000000e6ab0000, 0x00000000e7e22680, 0x00000000e8000000)
  to   space 21824K,   0% used [0x00000000e5560000, 0x00000000e5560000, 0x00000000e6ab0000)
 concurrent mark-sweep generation total 393216K, used 160557K [0x00000000e8000000, 0x0000000100000000, 0x0000000100000000)
 Metaspace       used 31482K, capacity 31880K, committed 32452K, reserved 1077248K
  class space    used 3509K, capacity 3672K, committed 3836K, reserved 1048576K
2017-06-28T21:32:42.997+0200: 14709,825: [GC (Allocation Failure) 2017-06-28T21:32:42.997+0200: 14709,825: [ParNew
Desired survivor size 20112992 bytes, new threshold 8 (max 8)
- age   1:    5396448 bytes,    5396448 total
- age   3:    1274512 bytes,    6670960 total
- age   4:     448112 bytes,    7119072 total
- age   5:    4792672 bytes,   11911744 total
- age   6:    5359536 bytes,   17271280 total
: 107337K->21824K(109248K), 0,0045305 secs] 267894K->183405K(502464K), 0,0045796 secs] [Times: user=0,02 sys=0,00, real=0,00 secs] 
Heap after GC invocations=44 (full 3):
 par new generation   total 109248K, used 21824K [0x00000000e0000000, 0x00000000e8000000, 0x00000000e8000000)
  eden space 87424K,   0% used [0x00000000e0000000, 0x00000000e0000000, 0x00000000e5560000)
  from space 21824K, 100% used [0x00000000e5560000, 0x00000000e6ab0000, 0x00000000e6ab0000)
  to   space 21824K,   0% used [0x00000000e6ab0000, 0x00000000e6ab0000, 0x00000000e8000000)
 concurrent mark-sweep generation total 393216K, used 161581K [0x00000000e8000000, 0x0000000100000000, 0x0000000100000000)
 Metaspace       used 31482K, capacity 31880K, committed 32452K, reserved 1077248K
  class space    used 3509K, capacity 3672K, committed 3836K, reserved 1048576K
}
2017-06-28T21:32:43.002+0200: 14709,830: Total time for which application threads were stopped: 0,0047421 seconds, Stopping threads took: 0,0000230 seconds
{Heap before GC invocations=44 (full 3):
 par new generation   total 109248K, used 109248K [0x00000000e0000000, 0x00000000e8000000, 0x00000000e8000000)
  eden space 87424K, 100% used [0x00000000e0000000, 0x00000000e5560000, 0x00000000e5560000)
  from space 21824K, 100% used [0x00000000e5560000, 0x00000000e6ab0000, 0x00000000e6ab0000)
  to   space 21824K,   0% used [0x00000000e6ab0000, 0x00000000e6ab0000, 0x00000000e8000000)
 concurrent mark-sweep generation total 393216K, used 161581K [0x00000000e8000000, 0x0000000100000000, 0x0000000100000000)
 Metaspace       used 31483K, capacity 31880K, committed 32452K, reserved 1077248K
  class space    used 3509K, capacity 3672K, committed 3836K, reserved 1048576K
2017-06-28T21:32:43.223+0200: 14710,051: [GC (Allocation Failure) 2017-06-28T21:32:43.223+0200: 14710,051: [ParNew
Desired survivor size 20112992 bytes, new threshold 8 (max 8)
- age   1:    4267752 bytes,    4267752 total
- age   2:    1509648 bytes,    5777400 total
- age   4:    1274512 bytes,    7051912 total
- age   5:     448088 bytes,    7500000 total
- age   6:    4792672 bytes,   12292672 total
- age   7:    7079216 bytes,   19371888 total
: 109248K->21824K(109248K), 0,0052093 secs] 270829K->184750K(502464K), 0,0052785 secs] [Times: user=0,01 sys=0,00, real=0,01 secs] 
Heap after GC invocations=45 (full 3):
 par new generation   total 109248K, used 21824K [0x00000000e0000000, 0x00000000e8000000, 0x00000000e8000000)
  eden space 87424K,   0% used [0x00000000e0000000, 0x00000000e0000000, 0x00000000e5560000)
  from space 21824K, 100% used [0x00000000e6ab0000, 0x00000000e8000000, 0x00000000e8000000)
  to   space 21824K,   0% used [0x00000000e5560000, 0x00000000e5560000, 0x00000000e6ab0000)
 concurrent mark-sweep generation total 393216K, used 162926K [0x00000000e8000000, 0x0000000100000000, 0x0000000100000000)
 Metaspace       used 31483K, capacity 31880K, committed 32452K, reserved 1077248K
  class space    used 3509K, capacity 3672K, committed 3836K, reserved 1048576K
}
2017-06-28T21:32:43.229+0200: 14710,057: Total time for which application threads were stopped: 0,0054539 seconds, Stopping threads took: 0,0000380 seconds
{Heap before GC invocations=45 (full 3):
 par new generation   total 109248K, used 109178K [0x00000000e0000000, 0x00000000e8000000, 0x00000000e8000000)
  eden space 87424K,  99% used [0x00000000e0000000, 0x00000000e554ea30, 0x00000000e5560000)
  from space 21824K, 100% used [0x00000000e6ab0000, 0x00000000e8000000, 0x00000000e8000000)
  to   space 21824K,   0% used [0x00000000e5560000, 0x00000000e5560000, 0x00000000e6ab0000)
 concurrent mark-sweep generation total 393216K, used 162926K [0x00000000e8000000, 0x0000000100000000, 0x0000000100000000)
 Metaspace       used 31494K, capacity 31880K, committed 32452K, reserved 1077248K
  class space    used 3509K, capacity 3672K, committed 3836K, reserved 1048576K
2017-06-28T21:32:44.203+0200: 14711,031: [GC (Allocation Failure) 2017-06-28T21:32:44.203+0200: 14711,031: [ParNew
Desired survivor size 20112992 bytes, new threshold 8 (max 8)
- age   1:   11457464 bytes,   11457464 total
- age   2:     478320 bytes,   11935784 total
- age   3:     847504 bytes,   12783288 total
- age   5:     251696 bytes,   13034984 total
- age   6:     185816 bytes,   13220800 total
- age   7:    4260704 bytes,   17481504 total
- age   8:    4613840 bytes,   22095344 total
: 109178K->21824K(109248K), 0,0074974 secs] 272104K->192710K(502464K), 0,0075765 secs] [Times: user=0,03 sys=0,00, real=0,01 secs] 
Heap after GC invocations=46 (full 3):
 par new generation   total 109248K, used 21824K [0x00000000e0000000, 0x00000000e8000000, 0x00000000e8000000)
  eden space 87424K,   0% used [0x00000000e0000000, 0x00000000e0000000, 0x00000000e5560000)
  from space 21824K, 100% used [0x00000000e5560000, 0x00000000e6ab0000, 0x00000000e6ab0000)
  to   space 21824K,   0% used [0x00000000e6ab0000, 0x00000000e6ab0000, 0x00000000e8000000)
 concurrent mark-sweep generation total 393216K, used 170886K [0x00000000e8000000, 0x0000000100000000, 0x0000000100000000)
 Metaspace       used 31494K, capacity 31880K, committed 32452K, reserved 1077248K
  class space    used 3509K, capacity 3672K, committed 3836K, reserved 1048576K
}
2017-06-28T21:32:44.211+0200: 14711,039: Total time for which application threads were stopped: 0,0078288 seconds, Stopping threads took: 0,0000424 seconds
{Heap before GC invocations=46 (full 3):
 par new generation   total 109248K, used 108939K [0x00000000e0000000, 0x00000000e8000000, 0x00000000e8000000)
  eden space 87424K,  99% used [0x00000000e0000000, 0x00000000e5512c88, 0x00000000e5560000)
  from space 21824K, 100% used [0x00000000e5560000, 0x00000000e6ab0000, 0x00000000e6ab0000)
  to   space 21824K,   0% used [0x00000000e6ab0000, 0x00000000e6ab0000, 0x00000000e8000000)
 concurrent mark-sweep generation total 393216K, used 170886K [0x00000000e8000000, 0x0000000100000000, 0x0000000100000000)
 Metaspace       used 31495K, capacity 31880K, committed 32452K, reserved 1077248K
  class space    used 3509K, capacity 3672K, committed 3836K, reserved 1048576K
2017-06-28T21:32:45.704+0200: 14712,532: [GC (Allocation Failure) 2017-06-28T21:32:45.704+0200: 14712,532: [ParNew
Desired survivor size 20112992 bytes, new threshold 8 (max 8)
- age   1:   11667520 bytes,   11667520 total
- age   2:    4626560 bytes,   16294080 total
- age   3:     478320 bytes,   16772400 total
- age   4:     846448 bytes,   17618848 total
- age   6:     251648 bytes,   17870496 total
- age   7:     185184 bytes,   18055680 total
- age   8:    1529800 bytes,   19585480 total
: 108939K->21824K(109248K), 0,0109126 secs] 279826K->216365K(502464K), 0,0110091 secs] [Times: user=0,03 sys=0,01, real=0,01 secs] 
Heap after GC invocations=47 (full 3):
 par new generation   total 109248K, used 21824K [0x00000000e0000000, 0x00000000e8000000, 0x00000000e8000000)
  eden space 87424K,   0% used [0x00000000e0000000, 0x00000000e0000000, 0x00000000e5560000)
  from space 21824K, 100% used [0x00000000e6ab0000, 0x00000000e8000000, 0x00000000e8000000)
  to   space 21824K,   0% used [0x00000000e5560000, 0x00000000e5560000, 0x00000000e6ab0000)
 concurrent mark-sweep generation total 393216K, used 194541K [0x00000000e8000000, 0x0000000100000000, 0x0000000100000000)
 Metaspace       used 31495K, capacity 31880K, committed 32452K, reserved 1077248K
  class space    used 3509K, capacity 3672K, committed 3836K, reserved 1048576K
}
2017-06-28T21:32:45.715+0200: 14712,543: Total time for which application threads were stopped: 0,0112261 seconds, Stopping threads took: 0,0000278 seconds
2017-06-28T21:32:47.326+0200: 14714,154: Total time for which application threads were stopped: 0,0001333 seconds, Stopping threads took: 0,0000250 seconds
2017-06-28T21:32:47.330+0200: 14714,158: Total time for which application threads were stopped: 0,0000769 seconds, Stopping threads took: 0,0000158 seconds
{Heap before GC invocations=47 (full 3):
 par new generation   total 109248K, used 108044K [0x00000000e0000000, 0x00000000e8000000, 0x00000000e8000000)
  eden space 87424K,  98% used [0x00000000e0000000, 0x00000000e5433258, 0x00000000e5560000)
  from space 21824K, 100% used [0x00000000e6ab0000, 0x00000000e8000000, 0x00000000e8000000)
  to   space 21824K,   0% used [0x00000000e5560000, 0x00000000e5560000, 0x00000000e6ab0000)
 concurrent mark-sweep generation total 393216K, used 194541K [0x00000000e8000000, 0x0000000100000000, 0x0000000100000000)
 Metaspace       used 31517K, capacity 31880K, committed 32452K, reserved 1077248K
  class space    used 3509K, capacity 3672K, committed 3836K, reserved 1048576K
2017-06-28T21:32:47.434+0200: 14714,262: [GC (Allocation Failure) 2017-06-28T21:32:47.434+0200: 14714,262: [ParNew
Desired survivor size 20112992 bytes, new threshold 3 (max 8)
- age   1:   16423640 bytes,   16423640 total
- age   2:    1273256 bytes,   17696896 total
- age   3:    3034952 bytes,   20731848 total
- age   4:     368944 bytes,   21100792 total
- age   5:     725896 bytes,   21826688 total
- age   7:     247704 bytes,   22074392 total
- age   8:     162664 bytes,   22237056 total
: 108044K->21824K(109248K), 0,0089028 secs] 302585K->232967K(502464K), 0,0089871 secs] [Times: user=0,03 sys=0,00, real=0,01 secs] 
Heap after GC invocations=48 (full 3):
 par new generation   total 109248K, used 21824K [0x00000000e0000000, 0x00000000e8000000, 0x00000000e8000000)
  eden space 87424K,   0% used [0x00000000e0000000, 0x00000000e0000000, 0x00000000e5560000)
  from space 21824K, 100% used [0x00000000e5560000, 0x00000000e6ab0000, 0x00000000e6ab0000)
  to   space 21824K,   0% used [0x00000000e6ab0000, 0x00000000e6ab0000, 0x00000000e8000000)
 concurrent mark-sweep generation total 393216K, used 211143K [0x00000000e8000000, 0x0000000100000000, 0x0000000100000000)
 Metaspace       used 31517K, capacity 31880K, committed 32452K, reserved 1077248K
  class space    used 3509K, capacity 3672K, committed 3836K, reserved 1048576K
}
2017-06-28T21:32:47.443+0200: 14714,271: Total time for which application threads were stopped: 0,0092116 seconds, Stopping threads took: 0,0000425 seconds
2017-06-28T21:32:47.444+0200: 14714,272: [GC (CMS Initial Mark) [1 CMS-initial-mark: 211143K(393216K)] 234205K(502464K), 0,0007607 secs] [Times: user=0,00 sys=0,00, real=0,00 secs] 
2017-06-28T21:32:47.444+0200: 14714,272: Total time for which application threads were stopped: 0,0009676 seconds, Stopping threads took: 0,0001104 seconds
2017-06-28T21:32:47.444+0200: 14714,272: [CMS-concurrent-mark-start]
2017-06-28T21:32:47.461+0200: 14714,289: [CMS-concurrent-mark: 0,017/0,017 secs] [Times: user=0,09 sys=0,01, real=0,02 secs] 
2017-06-28T21:32:47.461+0200: 14714,289: [CMS-concurrent-preclean-start]
2017-06-28T21:32:47.462+0200: 14714,290: [CMS-concurrent-preclean: 0,001/0,001 secs] [Times: user=0,01 sys=0,00, real=0,00 secs] 
2017-06-28T21:32:47.462+0200: 14714,290: [CMS-concurrent-abortable-preclean-start]
{Heap before GC invocations=48 (full 4):
 par new generation   total 109248K, used 109248K [0x00000000e0000000, 0x00000000e8000000, 0x00000000e8000000)
  eden space 87424K, 100% used [0x00000000e0000000, 0x00000000e5560000, 0x00000000e5560000)
  from space 21824K, 100% used [0x00000000e5560000, 0x00000000e6ab0000, 0x00000000e6ab0000)
  to   space 21824K,   0% used [0x00000000e6ab0000, 0x00000000e6ab0000, 0x00000000e8000000)
 concurrent mark-sweep generation total 393216K, used 211143K [0x00000000e8000000, 0x0000000100000000, 0x0000000100000000)
 Metaspace       used 31517K, capacity 31880K, committed 32452K, reserved 1077248K
  class space    used 3509K, capacity 3672K, committed 3836K, reserved 1048576K
2017-06-28T21:32:47.672+0200: 14714,500: [GC (Allocation Failure) 2017-06-28T21:32:47.672+0200: 14714,500: [ParNew
Desired survivor size 20112992 bytes, new threshold 3 (max 8)
- age   1:    6151872 bytes,    6151872 total
- age   2:   12915160 bytes,   19067032 total
- age   3:    1216424 bytes,   20283456 total
: 109248K->21824K(109248K), 0,0090244 secs] 320391K->242851K(502464K), 0,0091166 secs] [Times: user=0,03 sys=0,00, real=0,01 secs] 
Heap after GC invocations=49 (full 4):
 par new generation   total 109248K, used 21824K [0x00000000e0000000, 0x00000000e8000000, 0x00000000e8000000)
  eden space 87424K,   0% used [0x00000000e0000000, 0x00000000e0000000, 0x00000000e5560000)
  from space 21824K, 100% used [0x00000000e6ab0000, 0x00000000e8000000, 0x00000000e8000000)
  to   space 21824K,   0% used [0x00000000e5560000, 0x00000000e5560000, 0x00000000e6ab0000)
 concurrent mark-sweep generation total 393216K, used 221027K [0x00000000e8000000, 0x0000000100000000, 0x0000000100000000)
 Metaspace       used 31517K, capacity 31880K, committed 32452K, reserved 1077248K
  class space    used 3509K, capacity 3672K, committed 3836K, reserved 1048576K
}
2017-06-28T21:32:47.681+0200: 14714,509: Total time for which application threads were stopped: 0,0093752 seconds, Stopping threads took: 0,0000382 seconds
2017-06-28T21:32:47.783+0200: 14714,611: Total time for which application threads were stopped: 0,0001276 seconds, Stopping threads took: 0,0000435 seconds
{Heap before GC invocations=49 (full 4):
 par new generation   total 109248K, used 109206K [0x00000000e0000000, 0x00000000e8000000, 0x00000000e8000000)
  eden space 87424K,  99% used [0x00000000e0000000, 0x00000000e5555b58, 0x00000000e5560000)
  from space 21824K, 100% used [0x00000000e6ab0000, 0x00000000e8000000, 0x00000000e8000000)
  to   space 21824K,   0% used [0x00000000e5560000, 0x00000000e5560000, 0x00000000e6ab0000)
 concurrent mark-sweep generation total 393216K, used 221027K [0x00000000e8000000, 0x0000000100000000, 0x0000000100000000)
 Metaspace       used 31518K, capacity 31880K, committed 32452K, reserved 1077248K
  class space    used 3509K, capacity 3672K, committed 3836K, reserved 1048576K
2017-06-28T21:32:47.838+0200: 14714,666: [GC (Allocation Failure) 2017-06-28T21:32:47.838+0200: 14714,666: [ParNew
Desired survivor size 20112992 bytes, new threshold 3 (max 8)
- age   1:    3336424 bytes,    3336424 total
- age   2:    5453400 bytes,    8789824 total
- age   3:   11694664 bytes,   20484488 total
: 109206K->21824K(109248K), 0,0075368 secs] 330234K->244659K(502464K), 0,0076534 secs] [Times: user=0,02 sys=0,00, real=0,00 secs] 
Heap after GC invocations=50 (full 4):
 par new generation   total 109248K, used 21824K [0x00000000e0000000, 0x00000000e8000000, 0x00000000e8000000)
  eden space 87424K,   0% used [0x00000000e0000000, 0x00000000e0000000, 0x00000000e5560000)
  from space 21824K, 100% used [0x00000000e5560000, 0x00000000e6ab0000, 0x00000000e6ab0000)
  to   space 21824K,   0% used [0x00000000e6ab0000, 0x00000000e6ab0000, 0x00000000e8000000)
 concurrent mark-sweep generation total 393216K, used 222835K [0x00000000e8000000, 0x0000000100000000, 0x0000000100000000)
 Metaspace       used 31518K, capacity 31880K, committed 32452K, reserved 1077248K
  class space    used 3509K, capacity 3672K, committed 3836K, reserved 1048576K
}
2017-06-28T21:32:47.846+0200: 14714,674: Total time for which application threads were stopped: 0,0079413 seconds, Stopping threads took: 0,0000451 seconds
2017-06-28T21:32:47.846+0200: 14714,674: [CMS-concurrent-abortable-preclean: 0,040/0,383 secs] [Times: user=0,75 sys=0,01, real=0,38 secs] 
2017-06-28T21:32:47.846+0200: 14714,674: [GC (CMS Final Remark) [YG occupancy: 23519 K (109248 K)]{Heap before GC invocations=50 (full 4):
 par new generation   total 109248K, used 23519K [0x00000000e0000000, 0x00000000e8000000, 0x00000000e8000000)
  eden space 87424K,   1% used [0x00000000e0000000, 0x00000000e01a7c90, 0x00000000e5560000)
  from space 21824K, 100% used [0x00000000e5560000, 0x00000000e6ab0000, 0x00000000e6ab0000)
  to   space 21824K,   0% used [0x00000000e6ab0000, 0x00000000e6ab0000, 0x00000000e8000000)
 concurrent mark-sweep generation total 393216K, used 222835K [0x00000000e8000000, 0x0000000100000000, 0x0000000100000000)
 Metaspace       used 31518K, capacity 31880K, committed 32452K, reserved 1077248K
  class space    used 3509K, capacity 3672K, committed 3836K, reserved 1048576K
2017-06-28T21:32:47.846+0200: 14714,674: [GC (CMS Final Remark) 2017-06-28T21:32:47.846+0200: 14714,674: [ParNew
Desired survivor size 20112992 bytes, new threshold 8 (max 8)
- age   1:     626352 bytes,     626352 total
- age   2:    3336424 bytes,    3962776 total
- age   3:    5453400 bytes,    9416176 total
: 23519K->19907K(109248K), 0,0048750 secs] 246354K->254167K(502464K), 0,0049291 secs] [Times: user=0,02 sys=0,00, real=0,01 secs] 
Heap after GC invocations=51 (full 4):
 par new generation   total 109248K, used 19907K [0x00000000e0000000, 0x00000000e8000000, 0x00000000e8000000)
  eden space 87424K,   0% used [0x00000000e0000000, 0x00000000e0000000, 0x00000000e5560000)
  from space 21824K,  91% used [0x00000000e6ab0000, 0x00000000e7e20fc0, 0x00000000e8000000)
  to   space 21824K,   0% used [0x00000000e5560000, 0x00000000e5560000, 0x00000000e6ab0000)
 concurrent mark-sweep generation total 393216K, used 234259K [0x00000000e8000000, 0x0000000100000000, 0x0000000100000000)
 Metaspace       used 31518K, capacity 31880K, committed 32452K, reserved 1077248K
  class space    used 3509K, capacity 3672K, committed 3836K, reserved 1048576K
}
2017-06-28T21:32:47.851+0200: 14714,679: [Rescan (parallel) , 0,0007967 secs]2017-06-28T21:32:47.852+0200: 14714,680: [weak refs processing, 0,0002704 secs]2017-06-28T21:32:47.852+0200: 14714,680: [class unloading, 0,0044692 secs]2017-06-28T21:32:47.857+0200: 14714,685: [scrub symbol table, 0,0024430 secs]2017-06-28T21:32:47.859+0200: 14714,687: [scrub string table, 0,0004573 secs][1 CMS-remark: 234259K(393216K)] 254167K(502464K), 0,0135767 secs] [Times: user=0,03 sys=0,00, real=0,02 secs] 
2017-06-28T21:32:47.860+0200: 14714,688: Total time for which application threads were stopped: 0,0137597 seconds, Stopping threads took: 0,0000550 seconds
2017-06-28T21:32:47.860+0200: 14714,688: [CMS-concurrent-sweep-start]
2017-06-28T21:32:47.886+0200: 14714,714: [CMS-concurrent-sweep: 0,027/0,027 secs] [Times: user=0,08 sys=0,00, real=0,02 secs] 
2017-06-28T21:32:47.886+0200: 14714,714: [CMS-concurrent-reset-start]
2017-06-28T21:32:47.887+0200: 14714,715: [CMS-concurrent-reset: 0,001/0,001 secs] [Times: user=0,00 sys=0,00, real=0,00 secs] 
{Heap before GC invocations=51 (full 4):
 par new generation   total 109248K, used 107331K [0x00000000e0000000, 0x00000000e8000000, 0x00000000e8000000)
  eden space 87424K, 100% used [0x00000000e0000000, 0x00000000e5560000, 0x00000000e5560000)
  from space 21824K,  91% used [0x00000000e6ab0000, 0x00000000e7e20fc0, 0x00000000e8000000)
  to   space 21824K,   0% used [0x00000000e5560000, 0x00000000e5560000, 0x00000000e6ab0000)
 concurrent mark-sweep generation total 393216K, used 159520K [0x00000000e8000000, 0x0000000100000000, 0x0000000100000000)
 Metaspace       used 31518K, capacity 31880K, committed 32452K, reserved 1077248K
  class space    used 3509K, capacity 3672K, committed 3836K, reserved 1048576K
2017-06-28T21:32:48.009+0200: 14714,837: [GC (Allocation Failure) 2017-06-28T21:32:48.009+0200: 14714,837: [ParNew
Desired survivor size 20112992 bytes, new threshold 8 (max 8)
- age   1:    3994616 bytes,    3994616 total
- age   3:    1106880 bytes,    5101496 total
- age   4:    5378120 bytes,   10479616 total
: 107331K->14640K(109248K), 0,0034071 secs] 266852K->174160K(502464K), 0,0034641 secs] [Times: user=0,01 sys=0,00, real=0,00 secs] 
Heap after GC invocations=52 (full 4):
 par new generation   total 109248K, used 14640K [0x00000000e0000000, 0x00000000e8000000, 0x00000000e8000000)
  eden space 87424K,   0% used [0x00000000e0000000, 0x00000000e0000000, 0x00000000e5560000)
  from space 21824K,  67% used [0x00000000e5560000, 0x00000000e63ac0e8, 0x00000000e6ab0000)
  to   space 21824K,   0% used [0x00000000e6ab0000, 0x00000000e6ab0000, 0x00000000e8000000)
 concurrent mark-sweep generation total 393216K, used 159520K [0x00000000e8000000, 0x0000000100000000, 0x0000000100000000)
 Metaspace       used 31518K, capacity 31880K, committed 32452K, reserved 1077248K
  class space    used 3509K, capacity 3672K, committed 3836K, reserved 1048576K
}
2017-06-28T21:32:48.012+0200: 14714,840: Total time for which application threads were stopped: 0,0036568 seconds, Stopping threads took: 0,0000207 seconds
2017-06-28T21:32:48.101+0200: 14714,929: Total time for which application threads were stopped: 0,0001450 seconds, Stopping threads took: 0,0000404 seconds
{Heap before GC invocations=52 (full 4):
 par new generation   total 109248K, used 102064K [0x00000000e0000000, 0x00000000e8000000, 0x00000000e8000000)
  eden space 87424K, 100% used [0x00000000e0000000, 0x00000000e5560000, 0x00000000e5560000)
  from space 21824K,  67% used [0x00000000e5560000, 0x00000000e63ac0e8, 0x00000000e6ab0000)
  to   space 21824K,   0% used [0x00000000e6ab0000, 0x00000000e6ab0000, 0x00000000e8000000)
 concurrent mark-sweep generation total 393216K, used 159520K [0x00000000e8000000, 0x0000000100000000, 0x0000000100000000)
 Metaspace       used 31536K, capacity 31944K, committed 32452K, reserved 1077248K
  class space    used 3509K, capacity 3672K, committed 3836K, reserved 1048576K
2017-06-28T21:32:48.874+0200: 14715,702: [GC (Allocation Failure) 2017-06-28T21:32:48.874+0200: 14715,702: [ParNew
Desired survivor size 20112992 bytes, new threshold 8 (max 8)
- age   1:   11610184 bytes,   11610184 total
- age   2:    1864288 bytes,   13474472 total
- age   4:    1081656 bytes,   14556128 total
- age   5:    5068960 bytes,   19625088 total
: 102064K->21824K(109248K), 0,0075538 secs] 261584K->181344K(502464K), 0,0076520 secs] [Times: user=0,02 sys=0,00, real=0,01 secs] 
Heap after GC invocations=53 (full 4):
 par new generation   total 109248K, used 21824K [0x00000000e0000000, 0x00000000e8000000, 0x00000000e8000000)
  eden space 87424K,   0% used [0x00000000e0000000, 0x00000000e0000000, 0x00000000e5560000)
  from space 21824K, 100% used [0x00000000e6ab0000, 0x00000000e8000000, 0x00000000e8000000)
  to   space 21824K,   0% used [0x00000000e5560000, 0x00000000e5560000, 0x00000000e6ab0000)
 concurrent mark-sweep generation total 393216K, used 159520K [0x00000000e8000000, 0x0000000100000000, 0x0000000100000000)
 Metaspace       used 31536K, capacity 31944K, committed 32452K, reserved 1077248K
  class space    used 3509K, capacity 3672K, committed 3836K, reserved 1048576K
}
2017-06-28T21:32:48.882+0200: 14715,710: Total time for which application threads were stopped: 0,0078828 seconds, Stopping threads took: 0,0000245 seconds
2017-06-28T21:32:49.882+0200: 14716,710: Total time for which application threads were stopped: 0,0001613 seconds, Stopping threads took: 0,0000437 seconds
{Heap before GC invocations=53 (full 4):
 par new generation   total 109248K, used 109248K [0x00000000e0000000, 0x00000000e8000000, 0x00000000e8000000)
  eden space 87424K, 100% used [0x00000000e0000000, 0x00000000e5560000, 0x00000000e5560000)
  from space 21824K, 100% used [0x00000000e6ab0000, 0x00000000e8000000, 0x00000000e8000000)
  to   space 21824K,   0% used [0x00000000e5560000, 0x00000000e5560000, 0x00000000e6ab0000)
 concurrent mark-sweep generation total 393216K, used 159520K [0x00000000e8000000, 0x0000000100000000, 0x0000000100000000)
 Metaspace       used 31538K, capacity 31944K, committed 32452K, reserved 1077248K
  class space    used 3509K, capacity 3672K, committed 3836K, reserved 1048576K
2017-06-28T21:32:50.598+0200: 14717,426: [GC (Allocation Failure) 2017-06-28T21:32:50.598+0200: 14717,426: [ParNew
Desired survivor size 20112992 bytes, new threshold 6 (max 8)
- age   1:    9922624 bytes,    9922624 total
- age   2:    6057792 bytes,   15980416 total
- age   3:    1735120 bytes,   17715536 total
- age   5:     958912 bytes,   18674448 total
- age   6:    3607824 bytes,   22282272 total
: 109248K->21824K(109248K), 0,0095572 secs] 268768K->193268K(502464K), 0,0096718 secs] [Times: user=0,04 sys=0,00, real=0,00 secs] 
Heap after GC invocations=54 (full 4):
 par new generation   total 109248K, used 21824K [0x00000000e0000000, 0x00000000e8000000, 0x00000000e8000000)
  eden space 87424K,   0% used [0x00000000e0000000, 0x00000000e0000000, 0x00000000e5560000)
  from space 21824K, 100% used [0x00000000e5560000, 0x00000000e6ab0000, 0x00000000e6ab0000)
  to   space 21824K,   0% used [0x00000000e6ab0000, 0x00000000e6ab0000, 0x00000000e8000000)
 concurrent mark-sweep generation total 393216K, used 171444K [0x00000000e8000000, 0x0000000100000000, 0x0000000100000000)
 Metaspace       used 31538K, capacity 31944K, committed 32452K, reserved 1077248K
  class space    used 3509K, capacity 3672K, committed 3836K, reserved 1048576K
}
2017-06-28T21:32:50.608+0200: 14717,436: Total time for which application threads were stopped: 0,0099195 seconds, Stopping threads took: 0,0000220 seconds
2017-06-28T21:32:51.608+0200: 14718,436: Total time for which application threads were stopped: 0,0001568 seconds, Stopping threads took: 0,0000365 seconds
{Heap before GC invocations=54 (full 4):
 par new generation   total 109248K, used 109248K [0x00000000e0000000, 0x00000000e8000000, 0x00000000e8000000)
  eden space 87424K, 100% used [0x00000000e0000000, 0x00000000e5560000, 0x00000000e5560000)
  from space 21824K, 100% used [0x00000000e5560000, 0x00000000e6ab0000, 0x00000000e6ab0000)
  to   space 21824K,   0% used [0x00000000e6ab0000, 0x00000000e6ab0000, 0x00000000e8000000)
 concurrent mark-sweep generation total 393216K, used 171444K [0x00000000e8000000, 0x0000000100000000, 0x0000000100000000)
 Metaspace       used 31541K, capacity 31944K, committed 32452K, reserved 1077248K
  class space    used 3509K, capacity 3672K, committed 3836K, reserved 1048576K
2017-06-28T21:32:52.109+0200: 14718,937: [GC (Allocation Failure) 2017-06-28T21:32:52.109+0200: 14718,937: [ParNew
Desired survivor size 20112992 bytes, new threshold 3 (max 8)
- age   1:   13205096 bytes,   13205096 total
- age   2:    3593056 bytes,   16798152 total
- age   3:    4138928 bytes,   20937080 total
- age   4:    1150384 bytes,   22087464 total
- age   6:     718984 bytes,   22806448 total
: 109248K->21824K(109248K), 0,0100474 secs] 280692K->208713K(502464K), 0,0101517 secs] [Times: user=0,03 sys=0,00, real=0,01 secs] 
Heap after GC invocations=55 (full 4):
 par new generation   total 109248K, used 21824K [0x00000000e0000000, 0x00000000e8000000, 0x00000000e8000000)
  eden space 87424K,   0% used [0x00000000e0000000, 0x00000000e0000000, 0x00000000e5560000)
  from space 21824K, 100% used [0x00000000e6ab0000, 0x00000000e8000000, 0x00000000e8000000)
  to   space 21824K,   0% used [0x00000000e5560000, 0x00000000e5560000, 0x00000000e6ab0000)
 concurrent mark-sweep generation total 393216K, used 186889K [0x00000000e8000000, 0x0000000100000000, 0x0000000100000000)
 Metaspace       used 31541K, capacity 31944K, committed 32452K, reserved 1077248K
  class space    used 3509K, capacity 3672K, committed 3836K, reserved 1048576K
}
2017-06-28T21:32:52.120+0200: 14718,948: Total time for which application threads were stopped: 0,0104011 seconds, Stopping threads took: 0,0000251 seconds
2017-06-28T21:32:52.672+0200: 14719,500: Total time for which application threads were stopped: 0,0001413 seconds, Stopping threads took: 0,0000238 seconds
2017-06-28T21:32:53.672+0200: 14720,500: Total time for which application threads were stopped: 0,0001551 seconds, Stopping threads took: 0,0000396 seconds
{Heap before GC invocations=55 (full 4):
 par new generation   total 109248K, used 109248K [0x00000000e0000000, 0x00000000e8000000, 0x00000000e8000000)
  eden space 87424K, 100% used [0x00000000e0000000, 0x00000000e5560000, 0x00000000e5560000)
  from space 21824K, 100% used [0x00000000e6ab0000, 0x00000000e8000000, 0x00000000e8000000)
  to   space 21824K,   0% used [0x00000000e5560000, 0x00000000e5560000, 0x00000000e6ab0000)
 concurrent mark-sweep generation total 393216K, used 186889K [0x00000000e8000000, 0x0000000100000000, 0x0000000100000000)
 Metaspace       used 31543K, capacity 31944K, committed 32452K, reserved 1077248K
  class space    used 3509K, capacity 3672K, committed 3836K, reserved 1048576K
2017-06-28T21:32:53.905+0200: 14720,733: [GC (Allocation Failure) 2017-06-28T21:32:53.905+0200: 14720,733: [ParNew
Desired survivor size 20112992 bytes, new threshold 3 (max 8)
- age   1:   15996664 bytes,   15996664 total
- age   2:    3863528 bytes,   19860192 total
- age   3:    2455056 bytes,   22315248 total
: 109248K->21824K(109248K), 0,0092714 secs] 296137K->228092K(502464K), 0,0093578 secs] [Times: user=0,04 sys=0,00, real=0,01 secs] 
Heap after GC invocations=56 (full 4):
 par new generation   total 109248K, used 21824K [0x00000000e0000000, 0x00000000e8000000, 0x00000000e8000000)
  eden space 87424K,   0% used [0x00000000e0000000, 0x00000000e0000000, 0x00000000e5560000)
  from space 21824K, 100% used [0x00000000e5560000, 0x00000000e6ab0000, 0x00000000e6ab0000)
  to   space 21824K,   0% used [0x00000000e6ab0000, 0x00000000e6ab0000, 0x00000000e8000000)
 concurrent mark-sweep generation total 393216K, used 206268K [0x00000000e8000000, 0x0000000100000000, 0x0000000100000000)
 Metaspace       used 31543K, capacity 31944K, committed 32452K, reserved 1077248K
  class space    used 3509K, capacity 3672K, committed 3836K, reserved 1048576K
}
2017-06-28T21:32:53.915+0200: 14720,743: Total time for which application threads were stopped: 0,0095655 seconds, Stopping threads took: 0,0000247 seconds
2017-06-28T21:32:53.915+0200: 14720,743: [GC (CMS Initial Mark) [1 CMS-initial-mark: 206268K(393216K)] 228394K(502464K), 0,0011299 secs] [Times: user=0,00 sys=0,00, real=0,00 secs] 
2017-06-28T21:32:53.916+0200: 14720,744: Total time for which application threads were stopped: 0,0012379 seconds, Stopping threads took: 0,0000179 seconds
2017-06-28T21:32:53.916+0200: 14720,744: [CMS-concurrent-mark-start]
2017-06-28T21:32:53.934+0200: 14720,762: [CMS-concurrent-mark: 0,018/0,018 secs] [Times: user=0,09 sys=0,00, real=0,02 secs] 
2017-06-28T21:32:53.934+0200: 14720,762: [CMS-concurrent-preclean-start]
2017-06-28T21:32:53.935+0200: 14720,763: [CMS-concurrent-preclean: 0,001/0,001 secs] [Times: user=0,00 sys=0,00, real=0,00 secs] 
2017-06-28T21:32:53.935+0200: 14720,763: [GC (CMS Final Remark) [YG occupancy: 23196 K (109248 K)]{Heap before GC invocations=56 (full 5):
 par new generation   total 109248K, used 23196K [0x00000000e0000000, 0x00000000e8000000, 0x00000000e8000000)
  eden space 87424K,   1% used [0x00000000e0000000, 0x00000000e0157130, 0x00000000e5560000)
  from space 21824K, 100% used [0x00000000e5560000, 0x00000000e6ab0000, 0x00000000e6ab0000)
  to   space 21824K,   0% used [0x00000000e6ab0000, 0x00000000e6ab0000, 0x00000000e8000000)
 concurrent mark-sweep generation total 393216K, used 206268K [0x00000000e8000000, 0x0000000100000000, 0x0000000100000000)
 Metaspace       used 31543K, capacity 31944K, committed 32452K, reserved 1077248K
  class space    used 3509K, capacity 3672K, committed 3836K, reserved 1048576K
2017-06-28T21:32:53.935+0200: 14720,763: [GC (CMS Final Remark) 2017-06-28T21:32:53.935+0200: 14720,763: [ParNew
Desired survivor size 20112992 bytes, new threshold 8 (max 8)
- age   1:     273856 bytes,     273856 total
- age   2:   15944312 bytes,   16218168 total
- age   3:    3863528 bytes,   20081696 total
: 23196K->21824K(109248K), 0,0061010 secs] 229465K->231088K(502464K), 0,0061479 secs] [Times: user=0,02 sys=0,00, real=0,01 secs] 
Heap after GC invocations=57 (full 5):
 par new generation   total 109248K, used 21824K [0x00000000e0000000, 0x00000000e8000000, 0x00000000e8000000)
  eden space 87424K,   0% used [0x00000000e0000000, 0x00000000e0000000, 0x00000000e5560000)
  from space 21824K, 100% used [0x00000000e6ab0000, 0x00000000e8000000, 0x00000000e8000000)
  to   space 21824K,   0% used [0x00000000e5560000, 0x00000000e5560000, 0x00000000e6ab0000)
 concurrent mark-sweep generation total 393216K, used 209264K [0x00000000e8000000, 0x0000000100000000, 0x0000000100000000)
 Metaspace       used 31543K, capacity 31944K, committed 32452K, reserved 1077248K
  class space    used 3509K, capacity 3672K, committed 3836K, reserved 1048576K
}
2017-06-28T21:32:53.941+0200: 14720,769: [Rescan (parallel) , 0,0010260 secs]2017-06-28T21:32:53.942+0200: 14720,770: [weak refs processing, 0,0002724 secs]2017-06-28T21:32:53.943+0200: 14720,771: [class unloading, 0,0044650 secs]2017-06-28T21:32:53.947+0200: 14720,775: [scrub symbol table, 0,0024619 secs]2017-06-28T21:32:53.950+0200: 14720,778: [scrub string table, 0,0004522 secs][1 CMS-remark: 209264K(393216K)] 231088K(502464K), 0,0150123 secs] [Times: user=0,03 sys=0,00, real=0,02 secs] 
2017-06-28T21:32:53.950+0200: 14720,778: Total time for which application threads were stopped: 0,0151502 seconds, Stopping threads took: 0,0000429 seconds
2017-06-28T21:32:53.950+0200: 14720,778: [CMS-concurrent-sweep-start]
2017-06-28T21:32:53.968+0200: 14720,796: [CMS-concurrent-sweep: 0,018/0,018 secs] [Times: user=0,04 sys=0,00, real=0,01 secs] 
2017-06-28T21:32:53.968+0200: 14720,796: [CMS-concurrent-reset-start]
2017-06-28T21:32:53.969+0200: 14720,797: [CMS-concurrent-reset: 0,000/0,000 secs] [Times: user=0,00 sys=0,00, real=0,01 secs] 
{Heap before GC invocations=57 (full 5):
 par new generation   total 109248K, used 109248K [0x00000000e0000000, 0x00000000e8000000, 0x00000000e8000000)
  eden space 87424K, 100% used [0x00000000e0000000, 0x00000000e5560000, 0x00000000e5560000)
  from space 21824K, 100% used [0x00000000e6ab0000, 0x00000000e8000000, 0x00000000e8000000)
  to   space 21824K,   0% used [0x00000000e5560000, 0x00000000e5560000, 0x00000000e6ab0000)
 concurrent mark-sweep generation total 393216K, used 153290K [0x00000000e8000000, 0x0000000100000000, 0x0000000100000000)
 Metaspace       used 31545K, capacity 31944K, committed 32452K, reserved 1077248K
  class space    used 3509K, capacity 3672K, committed 3836K, reserved 1048576K
2017-06-28T21:32:55.126+0200: 14721,954: [GC (Allocation Failure) 2017-06-28T21:32:55.126+0200: 14721,954: [ParNew
Desired survivor size 20112992 bytes, new threshold 4 (max 8)
- age   1:   11629368 bytes,   11629368 total
- age   2:     108112 bytes,   11737480 total
- age   3:    6928976 bytes,   18666456 total
- age   4:    3663976 bytes,   22330432 total
: 109248K->21824K(109248K), 0,0111167 secs] 262538K->188590K(502464K), 0,0112183 secs] [Times: user=0,04 sys=0,00, real=0,02 secs] 
Heap after GC invocations=58 (full 5):
 par new generation   total 109248K, used 21824K [0x00000000e0000000, 0x00000000e8000000, 0x00000000e8000000)
  eden space 87424K,   0% used [0x00000000e0000000, 0x00000000e0000000, 0x00000000e5560000)
  from space 21824K, 100% used [0x00000000e5560000, 0x00000000e6ab0000, 0x00000000e6ab0000)
  to   space 21824K,   0% used [0x00000000e6ab0000, 0x00000000e6ab0000, 0x00000000e8000000)
 concurrent mark-sweep generation total 393216K, used 166766K [0x00000000e8000000, 0x0000000100000000, 0x0000000100000000)
 Metaspace       used 31545K, capacity 31944K, committed 32452K, reserved 1077248K
  class space    used 3509K, capacity 3672K, committed 3836K, reserved 1048576K
}
2017-06-28T21:32:55.137+0200: 14721,965: Total time for which application threads were stopped: 0,0114760 seconds, Stopping threads took: 0,0000218 seconds
{Heap before GC invocations=58 (full 5):
 par new generation   total 109248K, used 109248K [0x00000000e0000000, 0x00000000e8000000, 0x00000000e8000000)
  eden space 87424K, 100% used [0x00000000e0000000, 0x00000000e5560000, 0x00000000e5560000)
  from space 21824K, 100% used [0x00000000e5560000, 0x00000000e6ab0000, 0x00000000e6ab0000)
  to   space 21824K,   0% used [0x00000000e6ab0000, 0x00000000e6ab0000, 0x00000000e8000000)
 concurrent mark-sweep generation total 393216K, used 166766K [0x00000000e8000000, 0x0000000100000000, 0x0000000100000000)
 Metaspace       used 31549K, capacity 31944K, committed 32452K, reserved 1077248K
  class space    used 3509K, capacity 3672K, committed 3836K, reserved 1048576K
2017-06-28T21:32:57.080+0200: 14723,908: [GC (Allocation Failure) 2017-06-28T21:32:57.081+0200: 14723,909: [ParNew
Desired survivor size 20112992 bytes, new threshold 8 (max 8)
- age   1:    8946128 bytes,    8946128 total
- age   2:    3265440 bytes,   12211568 total
- age   3:     105112 bytes,   12316680 total
- age   4:    6647552 bytes,   18964232 total
: 109248K->21824K(109248K), 0,0110587 secs] 276014K->211577K(502464K), 0,0111574 secs] [Times: user=0,03 sys=0,01, real=0,01 secs] 
Heap after GC invocations=59 (full 5):
 par new generation   total 109248K, used 21824K [0x00000000e0000000, 0x00000000e8000000, 0x00000000e8000000)
  eden space 87424K,   0% used [0x00000000e0000000, 0x00000000e0000000, 0x00000000e5560000)
  from space 21824K, 100% used [0x00000000e6ab0000, 0x00000000e8000000, 0x00000000e8000000)
  to   space 21824K,   0% used [0x00000000e5560000, 0x00000000e5560000, 0x00000000e6ab0000)
 concurrent mark-sweep generation total 393216K, used 189753K [0x00000000e8000000, 0x0000000100000000, 0x0000000100000000)
 Metaspace       used 31549K, capacity 31944K, committed 32452K, reserved 1077248K
  class space    used 3509K, capacity 3672K, committed 3836K, reserved 1048576K
}
2017-06-28T21:32:57.092+0200: 14723,920: Total time for which application threads were stopped: 0,0115266 seconds, Stopping threads took: 0,0001299 seconds
2017-06-28T21:32:57.102+0200: 14723,930: Total time for which application threads were stopped: 0,0001279 seconds, Stopping threads took: 0,0000338 seconds
2017-06-28T21:32:57.506+0200: 14724,334: Total time for which application threads were stopped: 0,0001407 seconds, Stopping threads took: 0,0000463 seconds
2017-06-28T21:32:57.507+0200: 14724,335: Total time for which application threads were stopped: 0,0000797 seconds, Stopping threads took: 0,0000260 seconds
2017-06-28T21:32:57.515+0200: 14724,343: Total time for which application threads were stopped: 0,0001232 seconds, Stopping threads took: 0,0000400 seconds
2017-06-28T21:32:57.515+0200: 14724,343: Total time for which application threads were stopped: 0,0000582 seconds, Stopping threads took: 0,0000207 seconds
2017-06-28T21:32:57.515+0200: 14724,343: Total time for which application threads were stopped: 0,0000390 seconds, Stopping threads took: 0,0000079 seconds
{Heap before GC invocations=59 (full 5):
 par new generation   total 109248K, used 109248K [0x00000000e0000000, 0x00000000e8000000, 0x00000000e8000000)
  eden space 87424K, 100% used [0x00000000e0000000, 0x00000000e5560000, 0x00000000e5560000)
  from space 21824K, 100% used [0x00000000e6ab0000, 0x00000000e8000000, 0x00000000e8000000)
  to   space 21824K,   0% used [0x00000000e5560000, 0x00000000e5560000, 0x00000000e6ab0000)
 concurrent mark-sweep generation total 393216K, used 189753K [0x00000000e8000000, 0x0000000100000000, 0x0000000100000000)
 Metaspace       used 31551K, capacity 31944K, committed 32452K, reserved 1077248K
  class space    used 3509K, capacity 3672K, committed 3836K, reserved 1048576K
2017-06-28T21:32:57.522+0200: 14724,350: [GC (Allocation Failure) 2017-06-28T21:32:57.522+0200: 14724,350: [ParNew
Desired survivor size 20112992 bytes, new threshold 5 (max 8)
- age   1:    4785936 bytes,    4785936 total
- age   2:    7318640 bytes,   12104576 total
- age   3:    2974752 bytes,   15079328 total
- age   4:     102856 bytes,   15182184 total
- age   5:    5712520 bytes,   20894704 total
: 109248K->21824K(109248K), 0,0063781 secs] 299001K->216790K(502464K), 0,0064411 secs] [Times: user=0,04 sys=0,00, real=0,01 secs] 
Heap after GC invocations=60 (full 5):
 par new generation   total 109248K, used 21824K [0x00000000e0000000, 0x00000000e8000000, 0x00000000e8000000)
  eden space 87424K,   0% used [0x00000000e0000000, 0x00000000e0000000, 0x00000000e5560000)
  from space 21824K, 100% used [0x00000000e5560000, 0x00000000e6ab0000, 0x00000000e6ab0000)
  to   space 21824K,   0% used [0x00000000e6ab0000, 0x00000000e6ab0000, 0x00000000e8000000)
 concurrent mark-sweep generation total 393216K, used 194966K [0x00000000e8000000, 0x0000000100000000, 0x0000000100000000)
 Metaspace       used 31551K, capacity 31944K, committed 32452K, reserved 1077248K
  class space    used 3509K, capacity 3672K, committed 3836K, reserved 1048576K
}
2017-06-28T21:32:57.529+0200: 14724,357: Total time for which application threads were stopped: 0,0066140 seconds, Stopping threads took: 0,0000371 seconds
{Heap before GC invocations=60 (full 5):
 par new generation   total 109248K, used 109248K [0x00000000e0000000, 0x00000000e8000000, 0x00000000e8000000)
  eden space 87424K, 100% used [0x00000000e0000000, 0x00000000e5560000, 0x00000000e5560000)
  from space 21824K, 100% used [0x00000000e5560000, 0x00000000e6ab0000, 0x00000000e6ab0000)
  to   space 21824K,   0% used [0x00000000e6ab0000, 0x00000000e6ab0000, 0x00000000e8000000)
 concurrent mark-sweep generation total 393216K, used 194966K [0x00000000e8000000, 0x0000000100000000, 0x0000000100000000)
 Metaspace       used 31551K, capacity 31944K, committed 32452K, reserved 1077248K
  class space    used 3509K, capacity 3672K, committed 3836K, reserved 1048576K
2017-06-28T21:32:57.697+0200: 14724,525: [GC (Allocation Failure) 2017-06-28T21:32:57.697+0200: 14724,525: [ParNew
Desired survivor size 20112992 bytes, new threshold 8 (max 8)
- age   1:    3509112 bytes,    3509112 total
- age   2:    3550672 bytes,    7059784 total
- age   3:    7317776 bytes,   14377560 total
- age   4:    2974752 bytes,   17352312 total
- age   5:     102856 bytes,   17455168 total
: 109248K->21824K(109248K), 0,0090871 secs] 304214K->222567K(502464K), 0,0091386 secs] [Times: user=0,02 sys=0,00, real=0,00 secs] 
Heap after GC invocations=61 (full 5):
 par new generation   total 109248K, used 21824K [0x00000000e0000000, 0x00000000e8000000, 0x00000000e8000000)
  eden space 87424K,   0% used [0x00000000e0000000, 0x00000000e0000000, 0x00000000e5560000)
  from space 21824K, 100% used [0x00000000e6ab0000, 0x00000000e8000000, 0x00000000e8000000)
  to   space 21824K,   0% used [0x00000000e5560000, 0x00000000e5560000, 0x00000000e6ab0000)
 concurrent mark-sweep generation total 393216K, used 200743K [0x00000000e8000000, 0x0000000100000000, 0x0000000100000000)
 Metaspace       used 31551K, capacity 31944K, committed 32452K, reserved 1077248K
  class space    used 3509K, capacity 3672K, committed 3836K, reserved 1048576K
}
2017-06-28T21:32:57.706+0200: 14724,534: Total time for which application threads were stopped: 0,0093106 seconds, Stopping threads took: 0,0000383 seconds
2017-06-28T21:32:57.707+0200: 14724,535: [GC (CMS Initial Mark) [1 CMS-initial-mark: 200743K(393216K)] 223605K(502464K), 0,0008476 secs] [Times: user=0,00 sys=0,00, real=0,00 secs] 
2017-06-28T21:32:57.707+0200: 14724,535: Total time for which application threads were stopped: 0,0009643 seconds, Stopping threads took: 0,0000324 seconds
2017-06-28T21:32:57.707+0200: 14724,535: [CMS-concurrent-mark-start]
2017-06-28T21:32:57.725+0200: 14724,553: [CMS-concurrent-mark: 0,017/0,017 secs] [Times: user=0,10 sys=0,00, real=0,02 secs] 
2017-06-28T21:32:57.725+0200: 14724,553: [CMS-concurrent-preclean-start]
2017-06-28T21:32:57.726+0200: 14724,554: [CMS-concurrent-preclean: 0,001/0,001 secs] [Times: user=0,01 sys=0,00, real=0,00 secs] 
2017-06-28T21:32:57.726+0200: 14724,554: [CMS-concurrent-abortable-preclean-start]
{Heap before GC invocations=61 (full 6):
 par new generation   total 109248K, used 109248K [0x00000000e0000000, 0x00000000e8000000, 0x00000000e8000000)
  eden space 87424K, 100% used [0x00000000e0000000, 0x00000000e5560000, 0x00000000e5560000)
  from space 21824K, 100% used [0x00000000e6ab0000, 0x00000000e8000000, 0x00000000e8000000)
  to   space 21824K,   0% used [0x00000000e5560000, 0x00000000e5560000, 0x00000000e6ab0000)
 concurrent mark-sweep generation total 393216K, used 200743K [0x00000000e8000000, 0x0000000100000000, 0x0000000100000000)
 Metaspace       used 31551K, capacity 31944K, committed 32452K, reserved 1077248K
  class space    used 3509K, capacity 3672K, committed 3836K, reserved 1048576K
2017-06-28T21:32:57.838+0200: 14724,666: [GC (Allocation Failure) 2017-06-28T21:32:57.838+0200: 14724,666: [ParNew
Desired survivor size 20112992 bytes, new threshold 8 (max 8)
- age   1:     861120 bytes,     861120 total
- age   2:    2629736 bytes,    3490856 total
- age   3:    3256816 bytes,    6747672 total
- age   4:    7316864 bytes,   14064536 total
- age   5:    2974752 bytes,   17039288 total
- age   6:     102856 bytes,   17142144 total
: 109248K->21824K(109248K), 0,0052891 secs] 309991K->223450K(502464K), 0,0053522 secs] [Times: user=0,02 sys=0,00, real=0,00 secs] 
Heap after GC invocations=62 (full 6):
 par new generation   total 109248K, used 21824K [0x00000000e0000000, 0x00000000e8000000, 0x00000000e8000000)
  eden space 87424K,   0% used [0x00000000e0000000, 0x00000000e0000000, 0x00000000e5560000)
  from space 21824K, 100% used [0x00000000e5560000, 0x00000000e6ab0000, 0x00000000e6ab0000)
  to   space 21824K,   0% used [0x00000000e6ab0000, 0x00000000e6ab0000, 0x00000000e8000000)
 concurrent mark-sweep generation total 393216K, used 201626K [0x00000000e8000000, 0x0000000100000000, 0x0000000100000000)
 Metaspace       used 31551K, capacity 31944K, committed 32452K, reserved 1077248K
  class space    used 3509K, capacity 3672K, committed 3836K, reserved 1048576K
}
2017-06-28T21:32:57.844+0200: 14724,672: Total time for which application threads were stopped: 0,0055426 seconds, Stopping threads took: 0,0000438 seconds
2017-06-28T21:32:57.844+0200: 14724,672: [CMS-concurrent-abortable-preclean: 0,012/0,118 secs] [Times: user=0,17 sys=0,00, real=0,12 secs] 
2017-06-28T21:32:57.844+0200: 14724,672: [GC (CMS Final Remark) [YG occupancy: 23060 K (109248 K)]{Heap before GC invocations=62 (full 6):
 par new generation   total 109248K, used 23060K [0x00000000e0000000, 0x00000000e8000000, 0x00000000e8000000)
  eden space 87424K,   1% used [0x00000000e0000000, 0x00000000e01352a0, 0x00000000e5560000)
  from space 21824K, 100% used [0x00000000e5560000, 0x00000000e6ab0000, 0x00000000e6ab0000)
  to   space 21824K,   0% used [0x00000000e6ab0000, 0x00000000e6ab0000, 0x00000000e8000000)
 concurrent mark-sweep generation total 393216K, used 201626K [0x00000000e8000000, 0x0000000100000000, 0x0000000100000000)
 Metaspace       used 31551K, capacity 31944K, committed 32452K, reserved 1077248K
  class space    used 3509K, capacity 3672K, committed 3836K, reserved 1048576K
2017-06-28T21:32:57.844+0200: 14724,672: [GC (CMS Final Remark) 2017-06-28T21:32:57.844+0200: 14724,672: [ParNew
Desired survivor size 20112992 bytes, new threshold 8 (max 8)
- age   1:       4472 bytes,       4472 total
- age   2:     857064 bytes,     861536 total
- age   3:    2629736 bytes,    3491272 total
- age   4:    3256816 bytes,    6748088 total
- age   5:    8284208 bytes,   15032296 total
- age   6:    2974752 bytes,   18007048 total
- age   7:     102856 bytes,   18109904 total
: 23060K->21563K(109248K), 0,0036262 secs] 224686K->223190K(502464K), 0,0036789 secs] [Times: user=0,01 sys=0,00, real=0,00 secs] 
Heap after GC invocations=63 (full 6):
 par new generation   total 109248K, used 21563K [0x00000000e0000000, 0x00000000e8000000, 0x00000000e8000000)
  eden space 87424K,   0% used [0x00000000e0000000, 0x00000000e0000000, 0x00000000e5560000)
  from space 21824K,  98% used [0x00000000e6ab0000, 0x00000000e7fbef18, 0x00000000e8000000)
  to   space 21824K,   0% used [0x00000000e5560000, 0x00000000e5560000, 0x00000000e6ab0000)
 concurrent mark-sweep generation total 393216K, used 201626K [0x00000000e8000000, 0x0000000100000000, 0x0000000100000000)
 Metaspace       used 31551K, capacity 31944K, committed 32452K, reserved 1077248K
  class space    used 3509K, capacity 3672K, committed 3836K, reserved 1048576K
}
2017-06-28T21:32:57.847+0200: 14724,675: [Rescan (parallel) , 0,0008867 secs]2017-06-28T21:32:57.848+0200: 14724,676: [weak refs processing, 0,0002665 secs]2017-06-28T21:32:57.849+0200: 14724,677: [class unloading, 0,0044571 secs]2017-06-28T21:32:57.853+0200: 14724,681: [scrub symbol table, 0,0024314 secs]2017-06-28T21:32:57.856+0200: 14724,684: [scrub string table, 0,0004497 secs][1 CMS-remark: 201626K(393216K)] 223190K(502464K), 0,0123649 secs] [Times: user=0,02 sys=0,00, real=0,01 secs] 
2017-06-28T21:32:57.856+0200: 14724,684: Total time for which application threads were stopped: 0,0124869 seconds, Stopping threads took: 0,0000326 seconds
2017-06-28T21:32:57.856+0200: 14724,684: [CMS-concurrent-sweep-start]
2017-06-28T21:32:57.873+0200: 14724,701: [CMS-concurrent-sweep: 0,017/0,017 secs] [Times: user=0,05 sys=0,01, real=0,02 secs] 
2017-06-28T21:32:57.874+0200: 14724,702: [CMS-concurrent-reset-start]
2017-06-28T21:32:57.874+0200: 14724,702: [CMS-concurrent-reset: 0,000/0,000 secs] [Times: user=0,00 sys=0,00, real=0,00 secs] 
{Heap before GC invocations=63 (full 6):
 par new generation   total 109248K, used 108987K [0x00000000e0000000, 0x00000000e8000000, 0x00000000e8000000)
  eden space 87424K, 100% used [0x00000000e0000000, 0x00000000e5560000, 0x00000000e5560000)
  from space 21824K,  98% used [0x00000000e6ab0000, 0x00000000e7fbef18, 0x00000000e8000000)
  to   space 21824K,   0% used [0x00000000e5560000, 0x00000000e5560000, 0x00000000e6ab0000)
 concurrent mark-sweep generation total 393216K, used 193852K [0x00000000e8000000, 0x0000000100000000, 0x0000000100000000)
 Metaspace       used 31551K, capacity 31944K, committed 32452K, reserved 1077248K
  class space    used 3509K, capacity 3672K, committed 3836K, reserved 1048576K
2017-06-28T21:32:58.006+0200: 14724,834: [GC (Allocation Failure) 2017-06-28T21:32:58.006+0200: 14724,834: [ParNew
Desired survivor size 20112992 bytes, new threshold 7 (max 8)
- age   1:    5653600 bytes,    5653600 total
- age   3:     540680 bytes,    6194280 total
- age   4:    1811824 bytes,    8006104 total
- age   5:    2938992 bytes,   10945096 total
- age   6:    6331408 bytes,   17276504 total
- age   7:    2930584 bytes,   20207088 total
- age   8:     102856 bytes,   20309944 total
: 108987K->21824K(109248K), 0,0054104 secs] 302840K->217367K(502464K), 0,0054687 secs] [Times: user=0,01 sys=0,00, real=0,01 secs] 
Heap after GC invocations=64 (full 6):
 par new generation   total 109248K, used 21824K [0x00000000e0000000, 0x00000000e8000000, 0x00000000e8000000)
  eden space 87424K,   0% used [0x00000000e0000000, 0x00000000e0000000, 0x00000000e5560000)
  from space 21824K, 100% used [0x00000000e5560000, 0x00000000e6ab0000, 0x00000000e6ab0000)
  to   space 21824K,   0% used [0x00000000e6ab0000, 0x00000000e6ab0000, 0x00000000e8000000)
 concurrent mark-sweep generation total 393216K, used 195543K [0x00000000e8000000, 0x0000000100000000, 0x0000000100000000)
 Metaspace       used 31551K, capacity 31944K, committed 32452K, reserved 1077248K
  class space    used 3509K, capacity 3672K, committed 3836K, reserved 1048576K
}
2017-06-28T21:32:58.012+0200: 14724,840: Total time for which application threads were stopped: 0,0056415 seconds, Stopping threads took: 0,0000370 seconds
{Heap before GC invocations=64 (full 6):
 par new generation   total 109248K, used 109248K [0x00000000e0000000, 0x00000000e8000000, 0x00000000e8000000)
  eden space 87424K, 100% used [0x00000000e0000000, 0x00000000e5560000, 0x00000000e5560000)
  from space 21824K, 100% used [0x00000000e5560000, 0x00000000e6ab0000, 0x00000000e6ab0000)
  to   space 21824K,   0% used [0x00000000e6ab0000, 0x00000000e6ab0000, 0x00000000e8000000)
 concurrent mark-sweep generation total 393216K, used 195543K [0x00000000e8000000, 0x0000000100000000, 0x0000000100000000)
 Metaspace       used 31551K, capacity 31944K, committed 32452K, reserved 1077248K
  class space    used 3509K, capacity 3672K, committed 3836K, reserved 1048576K
2017-06-28T21:32:58.194+0200: 14725,022: [GC (Allocation Failure) 2017-06-28T21:32:58.194+0200: 14725,022: [ParNew
Desired survivor size 20112992 bytes, new threshold 8 (max 8)
- age   1:    2559400 bytes,    2559400 total
- age   2:    4396472 bytes,    6955872 total
- age   4:     538816 bytes,    7494688 total
- age   5:    1784304 bytes,    9278992 total
- age   6:    2922496 bytes,   12201488 total
- age   7:    6327368 bytes,   18528856 total
: 109248K->21824K(109248K), 0,0049657 secs] 304791K->220546K(502464K), 0,0050337 secs] [Times: user=0,02 sys=0,00, real=0,01 secs] 
Heap after GC invocations=65 (full 6):
 par new generation   total 109248K, used 21824K [0x00000000e0000000, 0x00000000e8000000, 0x00000000e8000000)
  eden space 87424K,   0% used [0x00000000e0000000, 0x00000000e0000000, 0x00000000e5560000)
  from space 21824K, 100% used [0x00000000e6ab0000, 0x00000000e8000000, 0x00000000e8000000)
  to   space 21824K,   0% used [0x00000000e5560000, 0x00000000e5560000, 0x00000000e6ab0000)
 concurrent mark-sweep generation total 393216K, used 198722K [0x00000000e8000000, 0x0000000100000000, 0x0000000100000000)
 Metaspace       used 31551K, capacity 31944K, committed 32452K, reserved 1077248K
  class space    used 3509K, capacity 3672K, committed 3836K, reserved 1048576K
}
2017-06-28T21:32:58.199+0200: 14725,027: Total time for which application threads were stopped: 0,0052088 seconds, Stopping threads took: 0,0000361 seconds
2017-06-28T21:32:58.199+0200: 14725,027: [GC (CMS Initial Mark) [1 CMS-initial-mark: 198722K(393216K)] 221959K(502464K), 0,0007461 secs] [Times: user=0,00 sys=0,00, real=0,00 secs] 
2017-06-28T21:32:58.200+0200: 14725,028: Total time for which application threads were stopped: 0,0008545 seconds, Stopping threads took: 0,0000317 seconds
2017-06-28T21:32:58.200+0200: 14725,028: [CMS-concurrent-mark-start]
2017-06-28T21:32:58.217+0200: 14725,045: [CMS-concurrent-mark: 0,017/0,017 secs] [Times: user=0,11 sys=0,00, real=0,02 secs] 
2017-06-28T21:32:58.217+0200: 14725,045: [CMS-concurrent-preclean-start]
2017-06-28T21:32:58.218+0200: 14725,046: [CMS-concurrent-preclean: 0,001/0,001 secs] [Times: user=0,00 sys=0,00, real=0,00 secs] 
2017-06-28T21:32:58.218+0200: 14725,046: [CMS-concurrent-abortable-preclean-start]
{Heap before GC invocations=65 (full 7):
 par new generation   total 109248K, used 109248K [0x00000000e0000000, 0x00000000e8000000, 0x00000000e8000000)
  eden space 87424K, 100% used [0x00000000e0000000, 0x00000000e5560000, 0x00000000e5560000)
  from space 21824K, 100% used [0x00000000e6ab0000, 0x00000000e8000000, 0x00000000e8000000)
  to   space 21824K,   0% used [0x00000000e5560000, 0x00000000e5560000, 0x00000000e6ab0000)
 concurrent mark-sweep generation total 393216K, used 198722K [0x00000000e8000000, 0x0000000100000000, 0x0000000100000000)
 Metaspace       used 31569K, capacity 32008K, committed 32708K, reserved 1079296K
  class space    used 3509K, capacity 3672K, committed 3836K, reserved 1048576K
2017-06-28T21:32:58.663+0200: 14725,491: [GC (Allocation Failure) 2017-06-28T21:32:58.663+0200: 14725,491: [ParNew
Desired survivor size 20112992 bytes, new threshold 8 (max 8)
- age   1:    7800864 bytes,    7800864 total
- age   2:     779696 bytes,    8580560 total
- age   3:    2599312 bytes,   11179872 total
- age   5:     388984 bytes,   11568856 total
- age   6:    1296984 bytes,   12865840 total
- age   7:    2377608 bytes,   15243448 total
- age   8:    5332456 bytes,   20575904 total
: 109248K->21824K(109248K), 0,0081709 secs] 307970K->225047K(502464K), 0,0082806 secs] [Times: user=0,03 sys=0,00, real=0,01 secs] 
Heap after GC invocations=66 (full 7):
 par new generation   total 109248K, used 21824K [0x00000000e0000000, 0x00000000e8000000, 0x00000000e8000000)
  eden space 87424K,   0% used [0x00000000e0000000, 0x00000000e0000000, 0x00000000e5560000)
  from space 21824K, 100% used [0x00000000e5560000, 0x00000000e6ab0000, 0x00000000e6ab0000)
  to   space 21824K,   0% used [0x00000000e6ab0000, 0x00000000e6ab0000, 0x00000000e8000000)
 concurrent mark-sweep generation total 393216K, used 203223K [0x00000000e8000000, 0x0000000100000000, 0x0000000100000000)
 Metaspace       used 31569K, capacity 32008K, committed 32708K, reserved 1079296K
  class space    used 3509K, capacity 3672K, committed 3836K, reserved 1048576K
}
2017-06-28T21:32:58.672+0200: 14725,500: Total time for which application threads were stopped: 0,0085441 seconds, Stopping threads took: 0,0000239 seconds
2017-06-28T21:32:59.565+0200: 14726,393: [CMS-concurrent-abortable-preclean: 0,127/1,346 secs] [Times: user=1,29 sys=0,03, real=1,34 secs] 
2017-06-28T21:32:59.565+0200: 14726,393: [GC (CMS Final Remark) [YG occupancy: 77828 K (109248 K)]{Heap before GC invocations=66 (full 7):
 par new generation   total 109248K, used 77828K [0x00000000e0000000, 0x00000000e8000000, 0x00000000e8000000)
  eden space 87424K,  64% used [0x00000000e0000000, 0x00000000e36b1000, 0x00000000e5560000)
  from space 21824K, 100% used [0x00000000e5560000, 0x00000000e6ab0000, 0x00000000e6ab0000)
  to   space 21824K,   0% used [0x00000000e6ab0000, 0x00000000e6ab0000, 0x00000000e8000000)
 concurrent mark-sweep generation total 393216K, used 203223K [0x00000000e8000000, 0x0000000100000000, 0x0000000100000000)
 Metaspace       used 31571K, capacity 32008K, committed 32708K, reserved 1079296K
  class space    used 3509K, capacity 3672K, committed 3836K, reserved 1048576K
2017-06-28T21:32:59.565+0200: 14726,393: [GC (CMS Final Remark) 2017-06-28T21:32:59.565+0200: 14726,393: [ParNew
Desired survivor size 20112992 bytes, new threshold 8 (max 8)
- age   1:   10239160 bytes,   10239160 total
- age   2:    1851464 bytes,   12090624 total
- age   3:     482256 bytes,   12572880 total
- age   4:    1550296 bytes,   14123176 total
- age   6:     388720 bytes,   14511896 total
- age   7:    1296984 bytes,   15808880 total
- age   8:    2377344 bytes,   18186224 total
: 77828K->21824K(109248K), 0,0070890 secs] 281051K->236467K(502464K), 0,0071484 secs] [Times: user=0,03 sys=0,00, real=0,01 secs] 
Heap after GC invocations=67 (full 7):
 par new generation   total 109248K, used 21824K [0x00000000e0000000, 0x00000000e8000000, 0x00000000e8000000)
  eden space 87424K,   0% used [0x00000000e0000000, 0x00000000e0000000, 0x00000000e5560000)
  from space 21824K, 100% used [0x00000000e6ab0000, 0x00000000e8000000, 0x00000000e8000000)
  to   space 21824K,   0% used [0x00000000e5560000, 0x00000000e5560000, 0x00000000e6ab0000)
 concurrent mark-sweep generation total 393216K, used 214643K [0x00000000e8000000, 0x0000000100000000, 0x0000000100000000)
 Metaspace       used 31571K, capacity 32008K, committed 32708K, reserved 1079296K
  class space    used 3509K, capacity 3672K, committed 3836K, reserved 1048576K
}
2017-06-28T21:32:59.572+0200: 14726,400: [Rescan (parallel) , 0,0012178 secs]2017-06-28T21:32:59.573+0200: 14726,401: [weak refs processing, 0,0003629 secs]2017-06-28T21:32:59.574+0200: 14726,402: [class unloading, 0,0045417 secs]2017-06-28T21:32:59.578+0200: 14726,406: [scrub symbol table, 0,0025446 secs]2017-06-28T21:32:59.581+0200: 14726,409: [scrub string table, 0,0004582 secs][1 CMS-remark: 214643K(393216K)] 236467K(502464K), 0,0165021 secs] [Times: user=0,04 sys=0,00, real=0,02 secs] 
2017-06-28T21:32:59.581+0200: 14726,409: Total time for which application threads were stopped: 0,0166726 seconds, Stopping threads took: 0,0000431 seconds
2017-06-28T21:32:59.581+0200: 14726,409: [CMS-concurrent-sweep-start]
2017-06-28T21:32:59.598+0200: 14726,426: [CMS-concurrent-sweep: 0,017/0,017 secs] [Times: user=0,04 sys=0,00, real=0,02 secs] 
2017-06-28T21:32:59.599+0200: 14726,427: [CMS-concurrent-reset-start]
2017-06-28T21:32:59.599+0200: 14726,427: [CMS-concurrent-reset: 0,000/0,000 secs] [Times: user=0,00 sys=0,00, real=0,00 secs] 
2017-06-28T21:33:00.581+0200: 14727,409: Total time for which application threads were stopped: 0,0001073 seconds, Stopping threads took: 0,0000208 seconds
{Heap before GC invocations=67 (full 7):
 par new generation   total 109248K, used 109248K [0x00000000e0000000, 0x00000000e8000000, 0x00000000e8000000)
  eden space 87424K, 100% used [0x00000000e0000000, 0x00000000e5560000, 0x00000000e5560000)
  from space 21824K, 100% used [0x00000000e6ab0000, 0x00000000e8000000, 0x00000000e8000000)
  to   space 21824K,   0% used [0x00000000e5560000, 0x00000000e5560000, 0x00000000e6ab0000)
 concurrent mark-sweep generation total 393216K, used 213490K [0x00000000e8000000, 0x0000000100000000, 0x0000000100000000)
 Metaspace       used 31576K, capacity 32008K, committed 32708K, reserved 1079296K
  class space    used 3509K, capacity 3672K, committed 3836K, reserved 1048576K
2017-06-28T21:33:01.536+0200: 14728,364: [GC (Allocation Failure) 2017-06-28T21:33:01.536+0200: 14728,364: [ParNew
Desired survivor size 20112992 bytes, new threshold 8 (max 8)
- age   1:   10941472 bytes,   10941472 total
- age   2:    3160896 bytes,   14102368 total
- age   3:    1618832 bytes,   15721200 total
- age   4:     459648 bytes,   16180848 total
- age   5:    1528904 bytes,   17709752 total
- age   7:     385032 bytes,   18094784 total
- age   8:    1225904 bytes,   19320688 total
: 109248K->21824K(109248K), 0,0096935 secs] 322738K->247500K(502464K), 0,0098094 secs] [Times: user=0,03 sys=0,01, real=0,00 secs] 
Heap after GC invocations=68 (full 7):
 par new generation   total 109248K, used 21824K [0x00000000e0000000, 0x00000000e8000000, 0x00000000e8000000)
  eden space 87424K,   0% used [0x00000000e0000000, 0x00000000e0000000, 0x00000000e5560000)
  from space 21824K, 100% used [0x00000000e5560000, 0x00000000e6ab0000, 0x00000000e6ab0000)
  to   space 21824K,   0% used [0x00000000e6ab0000, 0x00000000e6ab0000, 0x00000000e8000000)
 concurrent mark-sweep generation total 393216K, used 225676K [0x00000000e8000000, 0x0000000100000000, 0x0000000100000000)
 Metaspace       used 31576K, capacity 32008K, committed 32708K, reserved 1079296K
  class space    used 3509K, capacity 3672K, committed 3836K, reserved 1048576K
}
2017-06-28T21:33:01.546+0200: 14728,374: Total time for which application threads were stopped: 0,0100837 seconds, Stopping threads took: 0,0000237 seconds
2017-06-28T21:33:01.547+0200: 14728,375: [GC (CMS Initial Mark) [1 CMS-initial-mark: 225676K(393216K)] 247840K(502464K), 0,0012153 secs] [Times: user=0,00 sys=0,00, real=0,00 secs] 
2017-06-28T21:33:01.548+0200: 14728,376: Total time for which application threads were stopped: 0,0013735 seconds, Stopping threads took: 0,0000323 seconds
2017-06-28T21:33:01.548+0200: 14728,376: [CMS-concurrent-mark-start]
2017-06-28T21:33:01.565+0200: 14728,393: [CMS-concurrent-mark: 0,017/0,017 secs] [Times: user=0,09 sys=0,00, real=0,02 secs] 
2017-06-28T21:33:01.565+0200: 14728,393: [CMS-concurrent-preclean-start]
2017-06-28T21:33:01.566+0200: 14728,394: [CMS-concurrent-preclean: 0,001/0,001 secs] [Times: user=0,00 sys=0,00, real=0,00 secs] 
2017-06-28T21:33:01.566+0200: 14728,394: [GC (CMS Final Remark) [YG occupancy: 22208 K (109248 K)]{Heap before GC invocations=68 (full 8):
 par new generation   total 109248K, used 22208K [0x00000000e0000000, 0x00000000e8000000, 0x00000000e8000000)
  eden space 87424K,   0% used [0x00000000e0000000, 0x00000000e0060348, 0x00000000e5560000)
  from space 21824K, 100% used [0x00000000e5560000, 0x00000000e6ab0000, 0x00000000e6ab0000)
  to   space 21824K,   0% used [0x00000000e6ab0000, 0x00000000e6ab0000, 0x00000000e8000000)
 concurrent mark-sweep generation total 393216K, used 225676K [0x00000000e8000000, 0x0000000100000000, 0x0000000100000000)
 Metaspace       used 31576K, capacity 32008K, committed 32708K, reserved 1079296K
  class space    used 3509K, capacity 3672K, committed 3836K, reserved 1048576K
2017-06-28T21:33:01.566+0200: 14728,394: [GC (CMS Final Remark) 2017-06-28T21:33:01.566+0200: 14728,394: [ParNew
Desired survivor size 20112992 bytes, new threshold 8 (max 8)
- age   1:     112312 bytes,     112312 total
- age   2:   10113824 bytes,   10226136 total
- age   3:    2430784 bytes,   12656920 total
- age   4:    1617968 bytes,   14274888 total
- age   5:     459600 bytes,   14734488 total
- age   6:    1528376 bytes,   16262864 total
- age   8:     384840 bytes,   16647704 total
: 22208K->21824K(109248K), 0,0050976 secs] 247885K->250155K(502464K), 0,0051433 secs] [Times: user=0,01 sys=0,00, real=0,01 secs] 
Heap after GC invocations=69 (full 8):
 par new generation   total 109248K, used 21824K [0x00000000e0000000, 0x00000000e8000000, 0x00000000e8000000)
  eden space 87424K,   0% used [0x00000000e0000000, 0x00000000e0000000, 0x00000000e5560000)
  from space 21824K, 100% used [0x00000000e6ab0000, 0x00000000e8000000, 0x00000000e8000000)
  to   space 21824K,   0% used [0x00000000e5560000, 0x00000000e5560000, 0x00000000e6ab0000)
 concurrent mark-sweep generation total 393216K, used 228331K [0x00000000e8000000, 0x0000000100000000, 0x0000000100000000)
 Metaspace       used 31576K, capacity 32008K, committed 32708K, reserved 1079296K
  class space    used 3509K, capacity 3672K, committed 3836K, reserved 1048576K
}
2017-06-28T21:33:01.571+0200: 14728,399: [Rescan (parallel) , 0,0009402 secs]2017-06-28T21:33:01.572+0200: 14728,400: [weak refs processing, 0,0002784 secs]2017-06-28T21:33:01.572+0200: 14728,400: [class unloading, 0,0045425 secs]2017-06-28T21:33:01.577+0200: 14728,405: [scrub symbol table, 0,0026910 secs]2017-06-28T21:33:01.580+0200: 14728,408: [scrub string table, 0,0004575 secs][1 CMS-remark: 228331K(393216K)] 250155K(502464K), 0,0142469 secs] [Times: user=0,02 sys=0,00, real=0,02 secs] 
2017-06-28T21:33:01.580+0200: 14728,408: Total time for which application threads were stopped: 0,0143733 seconds, Stopping threads took: 0,0000432 seconds
2017-06-28T21:33:01.580+0200: 14728,408: [CMS-concurrent-sweep-start]
2017-06-28T21:33:01.609+0200: 14728,437: [CMS-concurrent-sweep: 0,028/0,028 secs] [Times: user=0,06 sys=0,00, real=0,03 secs] 
2017-06-28T21:33:01.609+0200: 14728,437: [CMS-concurrent-reset-start]
2017-06-28T21:33:01.609+0200: 14728,437: [CMS-concurrent-reset: 0,000/0,000 secs] [Times: user=0,00 sys=0,00, real=0,00 secs] 
2017-06-28T21:33:01.921+0200: 14728,749: Total time for which application threads were stopped: 0,0001587 seconds, Stopping threads took: 0,0000372 seconds
2017-06-28T21:33:02.245+0200: 14729,073: Total time for which application threads were stopped: 0,0001421 seconds, Stopping threads took: 0,0000448 seconds
2017-06-28T21:33:02.420+0200: 14729,248: Total time for which application threads were stopped: 0,0001260 seconds, Stopping threads took: 0,0000480 seconds
{Heap before GC invocations=69 (full 8):
 par new generation   total 109248K, used 109243K [0x00000000e0000000, 0x00000000e8000000, 0x00000000e8000000)
  eden space 87424K,  99% used [0x00000000e0000000, 0x00000000e555ef80, 0x00000000e5560000)
  from space 21824K, 100% used [0x00000000e6ab0000, 0x00000000e8000000, 0x00000000e8000000)
  to   space 21824K,   0% used [0x00000000e5560000, 0x00000000e5560000, 0x00000000e6ab0000)
 concurrent mark-sweep generation total 393216K, used 161485K [0x00000000e8000000, 0x0000000100000000, 0x0000000100000000)
 Metaspace       used 31582K, capacity 32008K, committed 32708K, reserved 1079296K
  class space    used 3509K, capacity 3672K, committed 3836K, reserved 1048576K
2017-06-28T21:33:02.449+0200: 14729,277: [GC (Allocation Failure) 2017-06-28T21:33:02.449+0200: 14729,277: [ParNew
Desired survivor size 20112992 bytes, new threshold 5 (max 8)
- age   1:   14134848 bytes,   14134848 total
- age   2:      78176 bytes,   14213024 total
- age   3:    2731008 bytes,   16944032 total
- age   4:    2077096 bytes,   19021128 total
- age   5:    1196560 bytes,   20217688 total
- age   6:     454792 bytes,   20672480 total
- age   7:    1518432 bytes,   22190912 total
: 109243K->21824K(109248K), 0,0068649 secs] 270729K->190450K(502464K), 0,0069314 secs] [Times: user=0,02 sys=0,00, real=0,00 secs] 
Heap after GC invocations=70 (full 8):
 par new generation   total 109248K, used 21824K [0x00000000e0000000, 0x00000000e8000000, 0x00000000e8000000)
  eden space 87424K,   0% used [0x00000000e0000000, 0x00000000e0000000, 0x00000000e5560000)
  from space 21824K, 100% used [0x00000000e5560000, 0x00000000e6ab0000, 0x00000000e6ab0000)
  to   space 21824K,   0% used [0x00000000e6ab0000, 0x00000000e6ab0000, 0x00000000e8000000)
 concurrent mark-sweep generation total 393216K, used 168626K [0x00000000e8000000, 0x0000000100000000, 0x0000000100000000)
 Metaspace       used 31582K, capacity 32008K, committed 32708K, reserved 1079296K
  class space    used 3509K, capacity 3672K, committed 3836K, reserved 1048576K
}
2017-06-28T21:33:02.456+0200: 14729,284: Total time for which application threads were stopped: 0,0071294 seconds, Stopping threads took: 0,0000478 seconds
{Heap before GC invocations=70 (full 8):
 par new generation   total 109248K, used 109248K [0x00000000e0000000, 0x00000000e8000000, 0x00000000e8000000)
  eden space 87424K, 100% used [0x00000000e0000000, 0x00000000e5560000, 0x00000000e5560000)
  from space 21824K, 100% used [0x00000000e5560000, 0x00000000e6ab0000, 0x00000000e6ab0000)
  to   space 21824K,   0% used [0x00000000e6ab0000, 0x00000000e6ab0000, 0x00000000e8000000)
 concurrent mark-sweep generation total 393216K, used 168626K [0x00000000e8000000, 0x0000000100000000, 0x0000000100000000)
 Metaspace       used 31582K, capacity 32008K, committed 32708K, reserved 1079296K
  class space    used 3509K, capacity 3672K, committed 3836K, reserved 1048576K
2017-06-28T21:33:02.616+0200: 14729,444: [GC (Allocation Failure) 2017-06-28T21:33:02.616+0200: 14729,444: [ParNew
Desired survivor size 20112992 bytes, new threshold 8 (max 8)
- age   1:    4256040 bytes,    4256040 total
- age   2:   10051208 bytes,   14307248 total
- age   3:      78128 bytes,   14385376 total
- age   4:    2720984 bytes,   17106360 total
- age   5:    2077096 bytes,   19183456 total
: 109248K->21824K(109248K), 0,0083252 secs] 277874K->197175K(502464K), 0,0084282 secs] [Times: user=0,02 sys=0,00, real=0,01 secs] 
Heap after GC invocations=71 (full 8):
 par new generation   total 109248K, used 21824K [0x00000000e0000000, 0x00000000e8000000, 0x00000000e8000000)
  eden space 87424K,   0% used [0x00000000e0000000, 0x00000000e0000000, 0x00000000e5560000)
  from space 21824K, 100% used [0x00000000e6ab0000, 0x00000000e8000000, 0x00000000e8000000)
  to   space 21824K,   0% used [0x00000000e5560000, 0x00000000e5560000, 0x00000000e6ab0000)
 concurrent mark-sweep generation total 393216K, used 175351K [0x00000000e8000000, 0x0000000100000000, 0x0000000100000000)
 Metaspace       used 31582K, capacity 32008K, committed 32708K, reserved 1079296K
  class space    used 3509K, capacity 3672K, committed 3836K, reserved 1048576K
}
2017-06-28T21:33:02.624+0200: 14729,452: Total time for which application threads were stopped: 0,0086929 seconds, Stopping threads took: 0,0000471 seconds
{Heap before GC invocations=71 (full 8):
 par new generation   total 109248K, used 109248K [0x00000000e0000000, 0x00000000e8000000, 0x00000000e8000000)
  eden space 87424K, 100% used [0x00000000e0000000, 0x00000000e5560000, 0x00000000e5560000)
  from space 21824K, 100% used [0x00000000e6ab0000, 0x00000000e8000000, 0x00000000e8000000)
  to   space 21824K,   0% used [0x00000000e5560000, 0x00000000e5560000, 0x00000000e6ab0000)
 concurrent mark-sweep generation total 393216K, used 175351K [0x00000000e8000000, 0x0000000100000000, 0x0000000100000000)
 Metaspace       used 31582K, capacity 32008K, committed 32708K, reserved 1079296K
  class space    used 3509K, capacity 3672K, committed 3836K, reserved 1048576K
2017-06-28T21:33:02.797+0200: 14729,625: [GC (Allocation Failure) 2017-06-28T21:33:02.797+0200: 14729,625: [ParNew
Desired survivor size 20112992 bytes, new threshold 8 (max 8)
- age   1:    3172272 bytes,    3172272 total
- age   2:    3103360 bytes,    6275632 total
- age   3:    8671776 bytes,   14947408 total
- age   4:      78128 bytes,   15025536 total
- age   5:    2666664 bytes,   17692200 total
- age   6:    2073640 bytes,   19765840 total
: 109248K->21824K(109248K), 0,0070003 secs] 284599K->197247K(502464K), 0,0070767 secs] [Times: user=0,02 sys=0,00, real=0,00 secs] 
Heap after GC invocations=72 (full 8):
 par new generation   total 109248K, used 21824K [0x00000000e0000000, 0x00000000e8000000, 0x00000000e8000000)
  eden space 87424K,   0% used [0x00000000e0000000, 0x00000000e0000000, 0x00000000e5560000)
  from space 21824K, 100% used [0x00000000e5560000, 0x00000000e6ab0000, 0x00000000e6ab0000)
  to   space 21824K,   0% used [0x00000000e6ab0000, 0x00000000e6ab0000, 0x00000000e8000000)
 concurrent mark-sweep generation total 393216K, used 175423K [0x00000000e8000000, 0x0000000100000000, 0x0000000100000000)
 Metaspace       used 31582K, capacity 32008K, committed 32708K, reserved 1079296K
  class space    used 3509K, capacity 3672K, committed 3836K, reserved 1048576K
}
2017-06-28T21:33:02.804+0200: 14729,632: Total time for which application threads were stopped: 0,0072555 seconds, Stopping threads took: 0,0000444 seconds
2017-06-28T21:33:02.855+0200: 14729,683: Total time for which application threads were stopped: 0,0001375 seconds, Stopping threads took: 0,0000557 seconds
2017-06-28T21:33:03.855+0200: 14730,683: Total time for which application threads were stopped: 0,0001035 seconds, Stopping threads took: 0,0000196 seconds
{Heap before GC invocations=72 (full 8):
 par new generation   total 109248K, used 109248K [0x00000000e0000000, 0x00000000e8000000, 0x00000000e8000000)
  eden space 87424K, 100% used [0x00000000e0000000, 0x00000000e5560000, 0x00000000e5560000)
  from space 21824K, 100% used [0x00000000e5560000, 0x00000000e6ab0000, 0x00000000e6ab0000)
  to   space 21824K,   0% used [0x00000000e6ab0000, 0x00000000e6ab0000, 0x00000000e8000000)
 concurrent mark-sweep generation total 393216K, used 175423K [0x00000000e8000000, 0x0000000100000000, 0x0000000100000000)
 Metaspace       used 31587K, capacity 32008K, committed 32708K, reserved 1079296K
  class space    used 3509K, capacity 3672K, committed 3836K, reserved 1048576K
2017-06-28T21:33:03.997+0200: 14730,825: [GC (Allocation Failure) 2017-06-28T21:33:03.997+0200: 14730,825: [ParNew
Desired survivor size 20112992 bytes, new threshold 6 (max 8)
- age   1:    8918640 bytes,    8918640 total
- age   2:    1155176 bytes,   10073816 total
- age   3:    2705376 bytes,   12779192 total
- age   4:    5861384 bytes,   18640576 total
- age   5:      12464 bytes,   18653040 total
- age   6:    1657816 bytes,   20310856 total
- age   7:    1906952 bytes,   22217808 total
: 109248K->21824K(109248K), 0,0083957 secs] 284671K->204678K(502464K), 0,0085018 secs] [Times: user=0,02 sys=0,00, real=0,00 secs] 
Heap after GC invocations=73 (full 8):
 par new generation   total 109248K, used 21824K [0x00000000e0000000, 0x00000000e8000000, 0x00000000e8000000)
  eden space 87424K,   0% used [0x00000000e0000000, 0x00000000e0000000, 0x00000000e5560000)
  from space 21824K, 100% used [0x00000000e6ab0000, 0x00000000e8000000, 0x00000000e8000000)
  to   space 21824K,   0% used [0x00000000e5560000, 0x00000000e5560000, 0x00000000e6ab0000)
 concurrent mark-sweep generation total 393216K, used 182854K [0x00000000e8000000, 0x0000000100000000, 0x0000000100000000)
 Metaspace       used 31587K, capacity 32008K, committed 32708K, reserved 1079296K
  class space    used 3509K, capacity 3672K, committed 3836K, reserved 1048576K
}
2017-06-28T21:33:04.005+0200: 14730,833: Total time for which application threads were stopped: 0,0087275 seconds, Stopping threads took: 0,0000240 seconds
2017-06-28T21:33:05.005+0200: 14731,833: Total time for which application threads were stopped: 0,0001046 seconds, Stopping threads took: 0,0000226 seconds
{Heap before GC invocations=73 (full 8):
 par new generation   total 109248K, used 109248K [0x00000000e0000000, 0x00000000e8000000, 0x00000000e8000000)
  eden space 87424K, 100% used [0x00000000e0000000, 0x00000000e5560000, 0x00000000e5560000)
  from space 21824K, 100% used [0x00000000e6ab0000, 0x00000000e8000000, 0x00000000e8000000)
  to   space 21824K,   0% used [0x00000000e5560000, 0x00000000e5560000, 0x00000000e6ab0000)
 concurrent mark-sweep generation total 393216K, used 182854K [0x00000000e8000000, 0x0000000100000000, 0x0000000100000000)
 Metaspace       used 31594K, capacity 32072K, committed 32708K, reserved 1079296K
  class space    used 3509K, capacity 3672K, committed 3836K, reserved 1048576K
2017-06-28T21:33:05.598+0200: 14732,426: [GC (Allocation Failure) 2017-06-28T21:33:05.598+0200: 14732,426: [ParNew
Desired survivor size 20112992 bytes, new threshold 5 (max 8)
- age   1:    8226096 bytes,    8226096 total
- age   2:    4364840 bytes,   12590936 total
- age   3:    1138296 bytes,   13729232 total
- age   4:    2705280 bytes,   16434512 total
- age   5:    5861120 bytes,   22295632 total
- age   6:      12464 bytes,   22308096 total
: 109248K->21824K(109248K), 0,0087918 secs] 292102K->223462K(502464K), 0,0088670 secs] [Times: user=0,03 sys=0,00, real=0,00 secs] 
Heap after GC invocations=74 (full 8):
 par new generation   total 109248K, used 21824K [0x00000000e0000000, 0x00000000e8000000, 0x00000000e8000000)
  eden space 87424K,   0% used [0x00000000e0000000, 0x00000000e0000000, 0x00000000e5560000)
  from space 21824K, 100% used [0x00000000e5560000, 0x00000000e6ab0000, 0x00000000e6ab0000)
  to   space 21824K,   0% used [0x00000000e6ab0000, 0x00000000e6ab0000, 0x00000000e8000000)
 concurrent mark-sweep generation total 393216K, used 201638K [0x00000000e8000000, 0x0000000100000000, 0x0000000100000000)
 Metaspace       used 31594K, capacity 32072K, committed 32708K, reserved 1079296K
  class space    used 3509K, capacity 3672K, committed 3836K, reserved 1048576K
}
2017-06-28T21:33:05.607+0200: 14732,435: Total time for which application threads were stopped: 0,0090100 seconds, Stopping threads took: 0,0000143 seconds
2017-06-28T21:33:05.607+0200: 14732,435: [GC (CMS Initial Mark) [1 CMS-initial-mark: 201638K(393216K)] 223871K(502464K), 0,0009008 secs] [Times: user=0,01 sys=0,00, real=0,00 secs] 
2017-06-28T21:33:05.608+0200: 14732,436: Total time for which application threads were stopped: 0,0010063 seconds, Stopping threads took: 0,0000282 seconds
2017-06-28T21:33:05.608+0200: 14732,436: [CMS-concurrent-mark-start]
2017-06-28T21:33:05.626+0200: 14732,454: [CMS-concurrent-mark: 0,018/0,018 secs] [Times: user=0,08 sys=0,01, real=0,02 secs] 
2017-06-28T21:33:05.626+0200: 14732,454: [CMS-concurrent-preclean-start]
2017-06-28T21:33:05.627+0200: 14732,455: [CMS-concurrent-preclean: 0,001/0,001 secs] [Times: user=0,00 sys=0,00, real=0,00 secs] 
2017-06-28T21:33:05.627+0200: 14732,455: [GC (CMS Final Remark) [YG occupancy: 22639 K (109248 K)]{Heap before GC invocations=74 (full 9):
 par new generation   total 109248K, used 22639K [0x00000000e0000000, 0x00000000e8000000, 0x00000000e8000000)
  eden space 87424K,   0% used [0x00000000e0000000, 0x00000000e00cbe78, 0x00000000e5560000)
  from space 21824K, 100% used [0x00000000e5560000, 0x00000000e6ab0000, 0x00000000e6ab0000)
  to   space 21824K,   0% used [0x00000000e6ab0000, 0x00000000e6ab0000, 0x00000000e8000000)
 concurrent mark-sweep generation total 393216K, used 201638K [0x00000000e8000000, 0x0000000100000000, 0x0000000100000000)
 Metaspace       used 31594K, capacity 32072K, committed 32708K, reserved 1079296K
  class space    used 3509K, capacity 3672K, committed 3836K, reserved 1048576K
2017-06-28T21:33:05.627+0200: 14732,455: [GC (CMS Final Remark) 2017-06-28T21:33:05.627+0200: 14732,455: [ParNew
Desired survivor size 20112992 bytes, new threshold 8 (max 8)
- age   1:     350832 bytes,     350832 total
- age   2:    7645040 bytes,    7995872 total
- age   3:    4364840 bytes,   12360712 total
- age   4:    1138296 bytes,   13499008 total
- age   5:    2705280 bytes,   16204288 total
: 22639K->21824K(109248K), 0,0053018 secs] 224278K->229579K(502464K), 0,0053542 secs] [Times: user=0,02 sys=0,00, real=0,01 secs] 
Heap after GC invocations=75 (full 9):
 par new generation   total 109248K, used 21824K [0x00000000e0000000, 0x00000000e8000000, 0x00000000e8000000)
  eden space 87424K,   0% used [0x00000000e0000000, 0x00000000e0000000, 0x00000000e5560000)
  from space 21824K, 100% used [0x00000000e6ab0000, 0x00000000e8000000, 0x00000000e8000000)
  to   space 21824K,   0% used [0x00000000e5560000, 0x00000000e5560000, 0x00000000e6ab0000)
 concurrent mark-sweep generation total 393216K, used 207755K [0x00000000e8000000, 0x0000000100000000, 0x0000000100000000)
 Metaspace       used 31594K, capacity 32072K, committed 32708K, reserved 1079296K
  class space    used 3509K, capacity 3672K, committed 3836K, reserved 1048576K
}
2017-06-28T21:33:05.633+0200: 14732,461: [Rescan (parallel) , 0,0011469 secs]2017-06-28T21:33:05.634+0200: 14732,462: [weak refs processing, 0,0002751 secs]2017-06-28T21:33:05.634+0200: 14732,462: [class unloading, 0,0044568 secs]2017-06-28T21:33:05.638+0200: 14732,466: [scrub symbol table, 0,0024252 secs]2017-06-28T21:33:05.641+0200: 14732,469: [scrub string table, 0,0004440 secs][1 CMS-remark: 207755K(393216K)] 229579K(502464K), 0,0142885 secs] [Times: user=0,03 sys=0,00, real=0,02 secs] 
2017-06-28T21:33:05.641+0200: 14732,469: Total time for which application threads were stopped: 0,0144144 seconds, Stopping threads took: 0,0000413 seconds
2017-06-28T21:33:05.641+0200: 14732,469: [CMS-concurrent-sweep-start]
2017-06-28T21:33:05.670+0200: 14732,498: [CMS-concurrent-sweep: 0,029/0,029 secs] [Times: user=0,06 sys=0,00, real=0,03 secs] 
2017-06-28T21:33:05.670+0200: 14732,498: [CMS-concurrent-reset-start]
2017-06-28T21:33:05.671+0200: 14732,499: [CMS-concurrent-reset: 0,000/0,000 secs] [Times: user=0,00 sys=0,00, real=0,00 secs] 
2017-06-28T21:33:06.642+0200: 14733,470: Total time for which application threads were stopped: 0,0001127 seconds, Stopping threads took: 0,0000294 seconds
{Heap before GC invocations=75 (full 9):
 par new generation   total 109248K, used 109248K [0x00000000e0000000, 0x00000000e8000000, 0x00000000e8000000)
  eden space 87424K, 100% used [0x00000000e0000000, 0x00000000e5560000, 0x00000000e5560000)
  from space 21824K, 100% used [0x00000000e6ab0000, 0x00000000e8000000, 0x00000000e8000000)
  to   space 21824K,   0% used [0x00000000e5560000, 0x00000000e5560000, 0x00000000e6ab0000)
 concurrent mark-sweep generation total 393216K, used 200411K [0x00000000e8000000, 0x0000000100000000, 0x0000000100000000)
 Metaspace       used 31609K, capacity 32072K, committed 32708K, reserved 1079296K
  class space    used 3509K, capacity 3672K, committed 3836K, reserved 1048576K
2017-06-28T21:33:07.292+0200: 14734,120: [GC (Allocation Failure) 2017-06-28T21:33:07.292+0200: 14734,120: [ParNew
Desired survivor size 20112992 bytes, new threshold 6 (max 8)
- age   1:   10949176 bytes,   10949176 total
- age   2:     112200 bytes,   11061376 total
- age   3:    4445152 bytes,   15506528 total
- age   4:    2903992 bytes,   18410520 total
- age   5:    1138296 bytes,   19548816 total
- age   6:    2705232 bytes,   22254048 total
: 109248K->21824K(109248K), 0,0091008 secs] 309659K->233102K(502464K), 0,0092021 secs] [Times: user=0,02 sys=0,00, real=0,01 secs] 
Heap after GC invocations=76 (full 9):
 par new generation   total 109248K, used 21824K [0x00000000e0000000, 0x00000000e8000000, 0x00000000e8000000)
  eden space 87424K,   0% used [0x00000000e0000000, 0x00000000e0000000, 0x00000000e5560000)
  from space 21824K, 100% used [0x00000000e5560000, 0x00000000e6ab0000, 0x00000000e6ab0000)
  to   space 21824K,   0% used [0x00000000e6ab0000, 0x00000000e6ab0000, 0x00000000e8000000)
 concurrent mark-sweep generation total 393216K, used 211278K [0x00000000e8000000, 0x0000000100000000, 0x0000000100000000)
 Metaspace       used 31609K, capacity 32072K, committed 32708K, reserved 1079296K
  class space    used 3509K, capacity 3672K, committed 3836K, reserved 1048576K
}
2017-06-28T21:33:07.302+0200: 14734,130: Total time for which application threads were stopped: 0,0094406 seconds, Stopping threads took: 0,0000238 seconds
2017-06-28T21:33:07.302+0200: 14734,130: [GC (CMS Initial Mark) [1 CMS-initial-mark: 211278K(393216K)] 233394K(502464K), 0,0014873 secs] [Times: user=0,01 sys=0,00, real=0,00 secs] 
2017-06-28T21:33:07.303+0200: 14734,131: Total time for which application threads were stopped: 0,0016369 seconds, Stopping threads took: 0,0000434 seconds
2017-06-28T21:33:07.303+0200: 14734,131: [CMS-concurrent-mark-start]
2017-06-28T21:33:07.324+0200: 14734,152: [CMS-concurrent-mark: 0,020/0,020 secs] [Times: user=0,10 sys=0,00, real=0,02 secs] 
2017-06-28T21:33:07.324+0200: 14734,152: [CMS-concurrent-preclean-start]
2017-06-28T21:33:07.325+0200: 14734,153: [CMS-concurrent-preclean: 0,001/0,001 secs] [Times: user=0,00 sys=0,00, real=0,00 secs] 
2017-06-28T21:33:07.325+0200: 14734,153: [GC (CMS Final Remark) [YG occupancy: 22775 K (109248 K)]{Heap before GC invocations=76 (full 10):
 par new generation   total 109248K, used 22775K [0x00000000e0000000, 0x00000000e8000000, 0x00000000e8000000)
  eden space 87424K,   1% used [0x00000000e0000000, 0x00000000e00edc08, 0x00000000e5560000)
  from space 21824K, 100% used [0x00000000e5560000, 0x00000000e6ab0000, 0x00000000e6ab0000)
  to   space 21824K,   0% used [0x00000000e6ab0000, 0x00000000e6ab0000, 0x00000000e8000000)
 concurrent mark-sweep generation total 393216K, used 211278K [0x00000000e8000000, 0x0000000100000000, 0x0000000100000000)
 Metaspace       used 31609K, capacity 32072K, committed 32708K, reserved 1079296K
  class space    used 3509K, capacity 3672K, committed 3836K, reserved 1048576K
2017-06-28T21:33:07.325+0200: 14734,153: [GC (CMS Final Remark) 2017-06-28T21:33:07.325+0200: 14734,153: [ParNew
Desired survivor size 20112992 bytes, new threshold 8 (max 8)
- age   1:     229048 bytes,     229048 total
- age   2:   10288040 bytes,   10517088 total
- age   3:      79416 bytes,   10596504 total
- age   4:    4445176 bytes,   15041680 total
- age   5:    2903992 bytes,   17945672 total
- age   6:    1039944 bytes,   18985616 total
: 22775K->21824K(109248K), 0,0048720 secs] 234053K->236216K(502464K), 0,0049197 secs] [Times: user=0,02 sys=0,00, real=0,01 secs] 
Heap after GC invocations=77 (full 10):
 par new generation   total 109248K, used 21824K [0x00000000e0000000, 0x00000000e8000000, 0x00000000e8000000)
  eden space 87424K,   0% used [0x00000000e0000000, 0x00000000e0000000, 0x00000000e5560000)
  from space 21824K, 100% used [0x00000000e6ab0000, 0x00000000e8000000, 0x00000000e8000000)
  to   space 21824K,   0% used [0x00000000e5560000, 0x00000000e5560000, 0x00000000e6ab0000)
 concurrent mark-sweep generation total 393216K, used 214392K [0x00000000e8000000, 0x0000000100000000, 0x0000000100000000)
 Metaspace       used 31609K, capacity 32072K, committed 32708K, reserved 1079296K
  class space    used 3509K, capacity 3672K, committed 3836K, reserved 1048576K
}
2017-06-28T21:33:07.330+0200: 14734,158: [Rescan (parallel) , 0,0011249 secs]2017-06-28T21:33:07.331+0200: 14734,159: [weak refs processing, 0,0002688 secs]2017-06-28T21:33:07.331+0200: 14734,159: [class unloading, 0,0045662 secs]2017-06-28T21:33:07.336+0200: 14734,164: [scrub symbol table, 0,0024670 secs]2017-06-28T21:33:07.338+0200: 14734,166: [scrub string table, 0,0004505 secs][1 CMS-remark: 214392K(393216K)] 236216K(502464K), 0,0139878 secs] [Times: user=0,03 sys=0,00, real=0,02 secs] 
2017-06-28T21:33:07.339+0200: 14734,167: Total time for which application threads were stopped: 0,0141264 seconds, Stopping threads took: 0,0000384 seconds
2017-06-28T21:33:07.339+0200: 14734,167: [CMS-concurrent-sweep-start]
2017-06-28T21:33:07.358+0200: 14734,186: [CMS-concurrent-sweep: 0,020/0,020 secs] [Times: user=0,04 sys=0,00, real=0,02 secs] 
2017-06-28T21:33:07.358+0200: 14734,186: [CMS-concurrent-reset-start]
2017-06-28T21:33:07.359+0200: 14734,187: [CMS-concurrent-reset: 0,000/0,000 secs] [Times: user=0,00 sys=0,00, real=0,00 secs] 
2017-06-28T21:33:07.380+0200: 14734,208: Total time for which application threads were stopped: 0,0000962 seconds, Stopping threads took: 0,0000198 seconds
2017-06-28T21:33:08.380+0200: 14735,208: Total time for which application threads were stopped: 0,0001553 seconds, Stopping threads took: 0,0000409 seconds
{Heap before GC invocations=77 (full 10):
 par new generation   total 109248K, used 109248K [0x00000000e0000000, 0x00000000e8000000, 0x00000000e8000000)
  eden space 87424K, 100% used [0x00000000e0000000, 0x00000000e5560000, 0x00000000e5560000)
  from space 21824K, 100% used [0x00000000e6ab0000, 0x00000000e8000000, 0x00000000e8000000)
  to   space 21824K,   0% used [0x00000000e5560000, 0x00000000e5560000, 0x00000000e6ab0000)
 concurrent mark-sweep generation total 393216K, used 211170K [0x00000000e8000000, 0x0000000100000000, 0x0000000100000000)
 Metaspace       used 31628K, capacity 32072K, committed 32708K, reserved 1079296K
  class space    used 3509K, capacity 3672K, committed 3836K, reserved 1048576K
2017-06-28T21:33:08.841+0200: 14735,669: [GC (Allocation Failure) 2017-06-28T21:33:08.841+0200: 14735,669: [ParNew
Desired survivor size 20112992 bytes, new threshold 6 (max 8)
- age   1:   10932768 bytes,   10932768 total
- age   2:      83600 bytes,   11016368 total
- age   3:    3705000 bytes,   14721368 total
- age   4:      79368 bytes,   14800736 total
- age   5:    3406008 bytes,   18206744 total
- age   6:    2632688 bytes,   20839432 total
- age   7:     939680 bytes,   21779112 total
: 109248K->21824K(109248K), 0,0085473 secs] 320418K->243484K(502464K), 0,0086326 secs] [Times: user=0,03 sys=0,00, real=0,01 secs] 
Heap after GC invocations=78 (full 10):
 par new generation   total 109248K, used 21824K [0x00000000e0000000, 0x00000000e8000000, 0x00000000e8000000)
  eden space 87424K,   0% used [0x00000000e0000000, 0x00000000e0000000, 0x00000000e5560000)
  from space 21824K, 100% used [0x00000000e5560000, 0x00000000e6ab0000, 0x00000000e6ab0000)
  to   space 21824K,   0% used [0x00000000e6ab0000, 0x00000000e6ab0000, 0x00000000e8000000)
 concurrent mark-sweep generation total 393216K, used 221660K [0x00000000e8000000, 0x0000000100000000, 0x0000000100000000)
 Metaspace       used 31628K, capacity 32072K, committed 32708K, reserved 1079296K
  class space    used 3509K, capacity 3672K, committed 3836K, reserved 1048576K
}
2017-06-28T21:33:08.850+0200: 14735,678: Total time for which application threads were stopped: 0,0088586 seconds, Stopping threads took: 0,0000248 seconds
2017-06-28T21:33:08.850+0200: 14735,678: [GC (CMS Initial Mark) [1 CMS-initial-mark: 221660K(393216K)] 243516K(502464K), 0,0014644 secs] [Times: user=0,01 sys=0,00, real=0,00 secs] 
2017-06-28T21:33:08.851+0200: 14735,679: Total time for which application threads were stopped: 0,0016631 seconds, Stopping threads took: 0,0000473 seconds
2017-06-28T21:33:08.851+0200: 14735,679: [CMS-concurrent-mark-start]
2017-06-28T21:33:08.867+0200: 14735,695: [CMS-concurrent-mark: 0,016/0,016 secs] [Times: user=0,08 sys=0,00, real=0,01 secs] 
2017-06-28T21:33:08.867+0200: 14735,695: [CMS-concurrent-preclean-start]
2017-06-28T21:33:08.869+0200: 14735,697: [CMS-concurrent-preclean: 0,001/0,001 secs] [Times: user=0,00 sys=0,00, real=0,01 secs] 
2017-06-28T21:33:08.869+0200: 14735,697: [GC (CMS Final Remark) [YG occupancy: 23163 K (109248 K)]{Heap before GC invocations=78 (full 11):
 par new generation   total 109248K, used 23163K [0x00000000e0000000, 0x00000000e8000000, 0x00000000e8000000)
  eden space 87424K,   1% used [0x00000000e0000000, 0x00000000e014ed50, 0x00000000e5560000)
  from space 21824K, 100% used [0x00000000e5560000, 0x00000000e6ab0000, 0x00000000e6ab0000)
  to   space 21824K,   0% used [0x00000000e6ab0000, 0x00000000e6ab0000, 0x00000000e8000000)
 concurrent mark-sweep generation total 393216K, used 221660K [0x00000000e8000000, 0x0000000100000000, 0x0000000100000000)
 Metaspace       used 31628K, capacity 32072K, committed 32708K, reserved 1079296K
  class space    used 3509K, capacity 3672K, committed 3836K, reserved 1048576K
2017-06-28T21:33:08.869+0200: 14735,697: [GC (CMS Final Remark) 2017-06-28T21:33:08.869+0200: 14735,697: [ParNew
Desired survivor size 20112992 bytes, new threshold 8 (max 8)
- age   1:     198072 bytes,     198072 total
- age   2:   10930680 bytes,   11128752 total
- age   3:      83600 bytes,   11212352 total
- age   4:    3705000 bytes,   14917352 total
- age   5:      79368 bytes,   14996720 total
- age   6:    3406008 bytes,   18402728 total
: 23163K->21824K(109248K), 0,0055791 secs] 244824K->246983K(502464K), 0,0056386 secs] [Times: user=0,02 sys=0,00, real=0,00 secs] 
Heap after GC invocations=79 (full 11):
 par new generation   total 109248K, used 21824K [0x00000000e0000000, 0x00000000e8000000, 0x00000000e8000000)
  eden space 87424K,   0% used [0x00000000e0000000, 0x00000000e0000000, 0x00000000e5560000)
  from space 21824K, 100% used [0x00000000e6ab0000, 0x00000000e8000000, 0x00000000e8000000)
  to   space 21824K,   0% used [0x00000000e5560000, 0x00000000e5560000, 0x00000000e6ab0000)
 concurrent mark-sweep generation total 393216K, used 225159K [0x00000000e8000000, 0x0000000100000000, 0x0000000100000000)
 Metaspace       used 31628K, capacity 32072K, committed 32708K, reserved 1079296K
  class space    used 3509K, capacity 3672K, committed 3836K, reserved 1048576K
}
2017-06-28T21:33:08.875+0200: 14735,703: [Rescan (parallel) , 0,0016420 secs]2017-06-28T21:33:08.876+0200: 14735,704: [weak refs processing, 0,0008372 secs]2017-06-28T21:33:08.877+0200: 14735,705: [class unloading, 0,0045417 secs]2017-06-28T21:33:08.882+0200: 14735,710: [scrub symbol table, 0,0024488 secs]2017-06-28T21:33:08.884+0200: 14735,712: [scrub string table, 0,0004618 secs][1 CMS-remark: 225159K(393216K)] 246983K(502464K), 0,0158030 secs] [Times: user=0,03 sys=0,00, real=0,01 secs] 
2017-06-28T21:33:08.885+0200: 14735,713: Total time for which application threads were stopped: 0,0159478 seconds, Stopping threads took: 0,0000462 seconds
2017-06-28T21:33:08.885+0200: 14735,713: [CMS-concurrent-sweep-start]
2017-06-28T21:33:08.912+0200: 14735,740: [CMS-concurrent-sweep: 0,027/0,027 secs] [Times: user=0,06 sys=0,00, real=0,03 secs] 
2017-06-28T21:33:08.912+0200: 14735,740: [CMS-concurrent-reset-start]
2017-06-28T21:33:08.913+0200: 14735,741: [CMS-concurrent-reset: 0,000/0,000 secs] [Times: user=0,00 sys=0,00, real=0,00 secs] 
2017-06-28T21:33:09.885+0200: 14736,713: Total time for which application threads were stopped: 0,0001654 seconds, Stopping threads took: 0,0000386 seconds
{Heap before GC invocations=79 (full 11):
 par new generation   total 109248K, used 109248K [0x00000000e0000000, 0x00000000e8000000, 0x00000000e8000000)
  eden space 87424K, 100% used [0x00000000e0000000, 0x00000000e5560000, 0x00000000e5560000)
  from space 21824K, 100% used [0x00000000e6ab0000, 0x00000000e8000000, 0x00000000e8000000)
  to   space 21824K,   0% used [0x00000000e5560000, 0x00000000e5560000, 0x00000000e6ab0000)
 concurrent mark-sweep generation total 393216K, used 189356K [0x00000000e8000000, 0x0000000100000000, 0x0000000100000000)
 Metaspace       used 31639K, capacity 32072K, committed 32708K, reserved 1079296K
  class space    used 3509K, capacity 3672K, committed 3836K, reserved 1048576K
2017-06-28T21:33:10.500+0200: 14737,328: [GC (Allocation Failure) 2017-06-28T21:33:10.500+0200: 14737,328: [ParNew
Desired survivor size 20112992 bytes, new threshold 5 (max 8)
- age   1:   15019576 bytes,   15019576 total
- age   2:      44336 bytes,   15063912 total
- age   3:    2247824 bytes,   17311736 total
- age   4:      83600 bytes,   17395336 total
- age   5:    3609296 bytes,   21004632 total
- age   6:      79368 bytes,   21084000 total
- age   7:    1233920 bytes,   22317920 total
: 109248K->21824K(109248K), 0,0099642 secs] 298604K->226316K(502464K), 0,0100844 secs] [Times: user=0,03 sys=0,00, real=0,01 secs] 
Heap after GC invocations=80 (full 11):
 par new generation   total 109248K, used 21824K [0x00000000e0000000, 0x00000000e8000000, 0x00000000e8000000)
  eden space 87424K,   0% used [0x00000000e0000000, 0x00000000e0000000, 0x00000000e5560000)
  from space 21824K, 100% used [0x00000000e5560000, 0x00000000e6ab0000, 0x00000000e6ab0000)
  to   space 21824K,   0% used [0x00000000e6ab0000, 0x00000000e6ab0000, 0x00000000e8000000)
 concurrent mark-sweep generation total 393216K, used 204492K [0x00000000e8000000, 0x0000000100000000, 0x0000000100000000)
 Metaspace       used 31639K, capacity 32072K, committed 32708K, reserved 1079296K
  class space    used 3509K, capacity 3672K, committed 3836K, reserved 1048576K
}
2017-06-28T21:33:10.510+0200: 14737,338: Total time for which application threads were stopped: 0,0103335 seconds, Stopping threads took: 0,0000257 seconds
2017-06-28T21:33:10.510+0200: 14737,338: [GC (CMS Initial Mark) [1 CMS-initial-mark: 204492K(393216K)] 226776K(502464K), 0,0011499 secs] [Times: user=0,01 sys=0,00, real=0,00 secs] 
2017-06-28T21:33:10.511+0200: 14737,339: Total time for which application threads were stopped: 0,0012999 seconds, Stopping threads took: 0,0000286 seconds
2017-06-28T21:33:10.511+0200: 14737,339: [CMS-concurrent-mark-start]
2017-06-28T21:33:10.528+0200: 14737,357: [CMS-concurrent-mark: 0,017/0,017 secs] [Times: user=0,08 sys=0,00, real=0,02 secs] 
2017-06-28T21:33:10.529+0200: 14737,357: [CMS-concurrent-preclean-start]
2017-06-28T21:33:10.529+0200: 14737,357: [CMS-concurrent-preclean: 0,001/0,001 secs] [Times: user=0,01 sys=0,00, real=0,00 secs] 
2017-06-28T21:33:10.530+0200: 14737,358: [GC (CMS Final Remark) [YG occupancy: 22466 K (109248 K)]{Heap before GC invocations=80 (full 12):
 par new generation   total 109248K, used 22466K [0x00000000e0000000, 0x00000000e8000000, 0x00000000e8000000)
  eden space 87424K,   0% used [0x00000000e0000000, 0x00000000e00a0a60, 0x00000000e5560000)
  from space 21824K, 100% used [0x00000000e5560000, 0x00000000e6ab0000, 0x00000000e6ab0000)
  to   space 21824K,   0% used [0x00000000e6ab0000, 0x00000000e6ab0000, 0x00000000e8000000)
 concurrent mark-sweep generation total 393216K, used 204492K [0x00000000e8000000, 0x0000000100000000, 0x0000000100000000)
 Metaspace       used 31639K, capacity 32072K, committed 32708K, reserved 1079296K
  class space    used 3509K, capacity 3672K, committed 3836K, reserved 1048576K
2017-06-28T21:33:10.530+0200: 14737,358: [GC (CMS Final Remark) 2017-06-28T21:33:10.530+0200: 14737,358: [ParNew
Desired survivor size 20112992 bytes, new threshold 8 (max 8)
- age   1:     346656 bytes,     346656 total
- age   2:   14798392 bytes,   15145048 total
- age   3:      44336 bytes,   15189384 total
- age   4:    2248280 bytes,   17437664 total
- age   5:      83600 bytes,   17521264 total
: 22466K->18789K(109248K), 0,0068050 secs] 226959K->228108K(502464K), 0,0068504 secs] [Times: user=0,02 sys=0,00, real=0,01 secs] 
Heap after GC invocations=81 (full 12):
 par new generation   total 109248K, used 18789K [0x00000000e0000000, 0x00000000e8000000, 0x00000000e8000000)
  eden space 87424K,   0% used [0x00000000e0000000, 0x00000000e0000000, 0x00000000e5560000)
  from space 21824K,  86% used [0x00000000e6ab0000, 0x00000000e7d09620, 0x00000000e8000000)
  to   space 21824K,   0% used [0x00000000e5560000, 0x00000000e5560000, 0x00000000e6ab0000)
 concurrent mark-sweep generation total 393216K, used 209318K [0x00000000e8000000, 0x0000000100000000, 0x0000000100000000)
 Metaspace       used 31639K, capacity 32072K, committed 32708K, reserved 1079296K
  class space    used 3509K, capacity 3672K, committed 3836K, reserved 1048576K
}
2017-06-28T21:33:10.536+0200: 14737,365: [Rescan (parallel) , 0,0018576 secs]2017-06-28T21:33:10.538+0200: 14737,366: [weak refs processing, 0,0003361 secs]2017-06-28T21:33:10.539+0200: 14737,367: [class unloading, 0,0046201 secs]2017-06-28T21:33:10.543+0200: 14737,371: [scrub symbol table, 0,0024937 secs]2017-06-28T21:33:10.546+0200: 14737,374: [scrub string table, 0,0004551 secs][1 CMS-remark: 209318K(393216K)] 228108K(502464K), 0,0168882 secs] [Times: user=0,03 sys=0,00, real=0,01 secs] 
2017-06-28T21:33:10.546+0200: 14737,374: Total time for which application threads were stopped: 0,0170247 seconds, Stopping threads took: 0,0000413 seconds
2017-06-28T21:33:10.547+0200: 14737,375: [CMS-concurrent-sweep-start]
2017-06-28T21:33:10.564+0200: 14737,392: [CMS-concurrent-sweep: 0,017/0,017 secs] [Times: user=0,03 sys=0,00, real=0,02 secs] 
2017-06-28T21:33:10.564+0200: 14737,392: [CMS-concurrent-reset-start]
2017-06-28T21:33:10.564+0200: 14737,392: [CMS-concurrent-reset: 0,000/0,000 secs] [Times: user=0,01 sys=0,00, real=0,00 secs] 
2017-06-28T21:33:12.090+0200: 14738,918: Total time for which application threads were stopped: 0,0000958 seconds, Stopping threads took: 0,0000175 seconds
{Heap before GC invocations=81 (full 12):
 par new generation   total 109248K, used 106193K [0x00000000e0000000, 0x00000000e8000000, 0x00000000e8000000)
  eden space 87424K,  99% used [0x00000000e0000000, 0x00000000e555ae90, 0x00000000e5560000)
  from space 21824K,  86% used [0x00000000e6ab0000, 0x00000000e7d09620, 0x00000000e8000000)
  to   space 21824K,   0% used [0x00000000e5560000, 0x00000000e5560000, 0x00000000e6ab0000)
 concurrent mark-sweep generation total 393216K, used 206153K [0x00000000e8000000, 0x0000000100000000, 0x0000000100000000)
 Metaspace       used 31647K, capacity 32072K, committed 32708K, reserved 1079296K
  class space    used 3510K, capacity 3672K, committed 3836K, reserved 1048576K
2017-06-28T21:33:12.193+0200: 14739,021: [GC (Allocation Failure) 2017-06-28T21:33:12.193+0200: 14739,021: [ParNew
Desired survivor size 20112992 bytes, new threshold 3 (max 8)
- age   1:   11847720 bytes,   11847720 total
- age   2:     110120 bytes,   11957840 total
- age   3:    9274184 bytes,   21232024 total
- age   4:      42344 bytes,   21274368 total
- age   5:    1421368 bytes,   22695736 total
- age   6:      82712 bytes,   22778448 total
: 106193K->21824K(109248K), 0,0091714 secs] 312346K->238158K(502464K), 0,0092563 secs] [Times: user=0,02 sys=0,00, real=0,01 secs] 
Heap after GC invocations=82 (full 12):
 par new generation   total 109248K, used 21824K [0x00000000e0000000, 0x00000000e8000000, 0x00000000e8000000)
  eden space 87424K,   0% used [0x00000000e0000000, 0x00000000e0000000, 0x00000000e5560000)
  from space 21824K, 100% used [0x00000000e5560000, 0x00000000e6ab0000, 0x00000000e6ab0000)
  to   space 21824K,   0% used [0x00000000e6ab0000, 0x00000000e6ab0000, 0x00000000e8000000)
 concurrent mark-sweep generation total 393216K, used 216334K [0x00000000e8000000, 0x0000000100000000, 0x0000000100000000)
 Metaspace       used 31647K, capacity 32072K, committed 32708K, reserved 1079296K
  class space    used 3510K, capacity 3672K, committed 3836K, reserved 1048576K
}
2017-06-28T21:33:12.202+0200: 14739,030: Total time for which application threads were stopped: 0,0094992 seconds, Stopping threads took: 0,0000358 seconds
2017-06-28T21:33:12.202+0200: 14739,030: [GC (CMS Initial Mark) [1 CMS-initial-mark: 216334K(393216K)] 238507K(502464K), 0,0009289 secs] [Times: user=0,01 sys=0,00, real=0,00 secs] 
2017-06-28T21:33:12.203+0200: 14739,031: Total time for which application threads were stopped: 0,0010819 seconds, Stopping threads took: 0,0000280 seconds
2017-06-28T21:33:12.203+0200: 14739,031: [CMS-concurrent-mark-start]
2017-06-28T21:33:12.219+0200: 14739,047: [CMS-concurrent-mark: 0,016/0,016 secs] [Times: user=0,09 sys=0,00, real=0,02 secs] 
2017-06-28T21:33:12.219+0200: 14739,047: [CMS-concurrent-preclean-start]
2017-06-28T21:33:12.220+0200: 14739,048: [CMS-concurrent-preclean: 0,001/0,001 secs] [Times: user=0,01 sys=0,00, real=0,00 secs] 
2017-06-28T21:33:12.221+0200: 14739,049: [GC (CMS Final Remark) [YG occupancy: 23487 K (109248 K)]{Heap before GC invocations=82 (full 13):
 par new generation   total 109248K, used 23487K [0x00000000e0000000, 0x00000000e8000000, 0x00000000e8000000)
  eden space 87424K,   1% used [0x00000000e0000000, 0x00000000e019fff0, 0x00000000e5560000)
  from space 21824K, 100% used [0x00000000e5560000, 0x00000000e6ab0000, 0x00000000e6ab0000)
  to   space 21824K,   0% used [0x00000000e6ab0000, 0x00000000e6ab0000, 0x00000000e8000000)
 concurrent mark-sweep generation total 393216K, used 216334K [0x00000000e8000000, 0x0000000100000000, 0x0000000100000000)
 Metaspace       used 31647K, capacity 32072K, committed 32708K, reserved 1079296K
  class space    used 3510K, capacity 3672K, committed 3836K, reserved 1048576K
2017-06-28T21:33:12.221+0200: 14739,049: [GC (CMS Final Remark) 2017-06-28T21:33:12.221+0200: 14739,049: [ParNew
Desired survivor size 20112992 bytes, new threshold 8 (max 8)
- age   1:     822824 bytes,     822824 total
- age   2:   11322624 bytes,   12145448 total
- age   3:     110120 bytes,   12255568 total
: 23487K->21824K(109248K), 0,0059766 secs] 239822K->248151K(502464K), 0,0060298 secs] [Times: user=0,02 sys=0,00, real=0,00 secs] 
Heap after GC invocations=83 (full 13):
 par new generation   total 109248K, used 21824K [0x00000000e0000000, 0x00000000e8000000, 0x00000000e8000000)
  eden space 87424K,   0% used [0x00000000e0000000, 0x00000000e0000000, 0x00000000e5560000)
  from space 21824K, 100% used [0x00000000e6ab0000, 0x00000000e8000000, 0x00000000e8000000)
  to   space 21824K,   0% used [0x00000000e5560000, 0x00000000e5560000, 0x00000000e6ab0000)
 concurrent mark-sweep generation total 393216K, used 226327K [0x00000000e8000000, 0x0000000100000000, 0x0000000100000000)
 Metaspace       used 31647K, capacity 32072K, committed 32708K, reserved 1079296K
  class space    used 3510K, capacity 3672K, committed 3836K, reserved 1048576K
}
2017-06-28T21:33:12.227+0200: 14739,055: [Rescan (parallel) , 0,0013760 secs]2017-06-28T21:33:12.228+0200: 14739,056: [weak refs processing, 0,0002741 secs]2017-06-28T21:33:12.228+0200: 14739,056: [class unloading, 0,0045387 secs]2017-06-28T21:33:12.233+0200: 14739,061: [scrub symbol table, 0,0024335 secs]2017-06-28T21:33:12.235+0200: 14739,063: [scrub string table, 0,0004401 secs][1 CMS-remark: 226327K(393216K)] 248151K(502464K), 0,0153332 secs] [Times: user=0,03 sys=0,00, real=0,01 secs] 
2017-06-28T21:33:12.236+0200: 14739,064: Total time for which application threads were stopped: 0,0154849 seconds, Stopping threads took: 0,0000492 seconds
2017-06-28T21:33:12.236+0200: 14739,064: [CMS-concurrent-sweep-start]
2017-06-28T21:33:12.254+0200: 14739,082: [CMS-concurrent-sweep: 0,018/0,018 secs] [Times: user=0,06 sys=0,00, real=0,02 secs] 
2017-06-28T21:33:12.254+0200: 14739,082: [CMS-concurrent-reset-start]
2017-06-28T21:33:12.255+0200: 14739,083: [CMS-concurrent-reset: 0,000/0,000 secs] [Times: user=0,00 sys=0,00, real=0,00 secs] 
2017-06-28T21:33:12.454+0200: 14739,282: Total time for which application threads were stopped: 0,0002196 seconds, Stopping threads took: 0,0000839 seconds
2017-06-28T21:33:12.454+0200: 14739,282: Total time for which application threads were stopped: 0,0000945 seconds, Stopping threads took: 0,0000272 seconds
2017-06-28T21:33:12.461+0200: 14739,289: Total time for which application threads were stopped: 0,0001189 seconds, Stopping threads took: 0,0000324 seconds
2017-06-28T21:33:12.461+0200: 14739,289: Total time for which application threads were stopped: 0,0000709 seconds, Stopping threads took: 0,0000249 seconds
2017-06-28T21:33:12.461+0200: 14739,289: Total time for which application threads were stopped: 0,0000778 seconds, Stopping threads took: 0,0000247 seconds
{Heap before GC invocations=83 (full 13):
 par new generation   total 109248K, used 109248K [0x00000000e0000000, 0x00000000e8000000, 0x00000000e8000000)
  eden space 87424K, 100% used [0x00000000e0000000, 0x00000000e5560000, 0x00000000e5560000)
  from space 21824K, 100% used [0x00000000e6ab0000, 0x00000000e8000000, 0x00000000e8000000)
  to   space 21824K,   0% used [0x00000000e5560000, 0x00000000e5560000, 0x00000000e6ab0000)
 concurrent mark-sweep generation total 393216K, used 225442K [0x00000000e8000000, 0x0000000100000000, 0x0000000100000000)
 Metaspace       used 31649K, capacity 32072K, committed 32708K, reserved 1079296K
  class space    used 3510K, capacity 3672K, committed 3836K, reserved 1048576K
2017-06-28T21:33:12.507+0200: 14739,335: [GC (Allocation Failure) 2017-06-28T21:33:12.507+0200: 14739,335: [ParNew
Desired survivor size 20112992 bytes, new threshold 8 (max 8)
- age   1:    4954784 bytes,    4954784 total
- age   2:     176832 bytes,    5131616 total
- age   3:   10834216 bytes,   15965832 total
- age   4:     110072 bytes,   16075904 total
: 109248K->19191K(109248K), 0,0046919 secs] 334690K->244633K(502464K), 0,0047877 secs] [Times: user=0,02 sys=0,00, real=0,01 secs] 
Heap after GC invocations=84 (full 13):
 par new generation   total 109248K, used 19191K [0x00000000e0000000, 0x00000000e8000000, 0x00000000e8000000)
  eden space 87424K,   0% used [0x00000000e0000000, 0x00000000e0000000, 0x00000000e5560000)
  from space 21824K,  87% used [0x00000000e5560000, 0x00000000e681dce8, 0x00000000e6ab0000)
  to   space 21824K,   0% used [0x00000000e6ab0000, 0x00000000e6ab0000, 0x00000000e8000000)
 concurrent mark-sweep generation total 393216K, used 225442K [0x00000000e8000000, 0x0000000100000000, 0x0000000100000000)
 Metaspace       used 31649K, capacity 32072K, committed 32708K, reserved 1079296K
  class space    used 3510K, capacity 3672K, committed 3836K, reserved 1048576K
}
2017-06-28T21:33:12.512+0200: 14739,340: Total time for which application threads were stopped: 0,0050231 seconds, Stopping threads took: 0,0000367 seconds
2017-06-28T21:33:12.512+0200: 14739,340: [GC (CMS Initial Mark) [1 CMS-initial-mark: 225442K(393216K)] 245480K(502464K), 0,0007113 secs] [Times: user=0,00 sys=0,00, real=0,00 secs] 
2017-06-28T21:33:12.513+0200: 14739,341: Total time for which application threads were stopped: 0,0008245 seconds, Stopping threads took: 0,0000283 seconds
2017-06-28T21:33:12.513+0200: 14739,341: [CMS-concurrent-mark-start]
2017-06-28T21:33:12.535+0200: 14739,363: [CMS-concurrent-mark: 0,022/0,022 secs] [Times: user=0,13 sys=0,00, real=0,02 secs] 
2017-06-28T21:33:12.535+0200: 14739,363: [CMS-concurrent-preclean-start]
2017-06-28T21:33:12.536+0200: 14739,364: [CMS-concurrent-preclean: 0,001/0,001 secs] [Times: user=0,00 sys=0,00, real=0,00 secs] 
2017-06-28T21:33:12.536+0200: 14739,364: [CMS-concurrent-abortable-preclean-start]
{Heap before GC invocations=84 (full 14):
 par new generation   total 109248K, used 106615K [0x00000000e0000000, 0x00000000e8000000, 0x00000000e8000000)
  eden space 87424K, 100% used [0x00000000e0000000, 0x00000000e5560000, 0x00000000e5560000)
  from space 21824K,  87% used [0x00000000e5560000, 0x00000000e681dce8, 0x00000000e6ab0000)
  to   space 21824K,   0% used [0x00000000e6ab0000, 0x00000000e6ab0000, 0x00000000e8000000)
 concurrent mark-sweep generation total 393216K, used 225442K [0x00000000e8000000, 0x0000000100000000, 0x0000000100000000)
 Metaspace       used 31649K, capacity 32072K, committed 32708K, reserved 1079296K
  class space    used 3510K, capacity 3672K, committed 3836K, reserved 1048576K
2017-06-28T21:33:12.698+0200: 14739,526: [GC (Allocation Failure) 2017-06-28T21:33:12.698+0200: 14739,526: [ParNew
Desired survivor size 20112992 bytes, new threshold 8 (max 8)
- age   1:    5138600 bytes,    5138600 total
- age   2:    3338920 bytes,    8477520 total
- age   3:     176832 bytes,    8654352 total
- age   4:   10698088 bytes,   19352440 total
- age   5:     110072 bytes,   19462512 total
: 106615K->21824K(109248K), 0,0060196 secs] 332057K->247391K(502464K), 0,0061126 secs] [Times: user=0,02 sys=0,01, real=0,00 secs] 
Heap after GC invocations=85 (full 14):
 par new generation   total 109248K, used 21824K [0x00000000e0000000, 0x00000000e8000000, 0x00000000e8000000)
  eden space 87424K,   0% used [0x00000000e0000000, 0x00000000e0000000, 0x00000000e5560000)
  from space 21824K, 100% used [0x00000000e6ab0000, 0x00000000e8000000, 0x00000000e8000000)
  to   space 21824K,   0% used [0x00000000e5560000, 0x00000000e5560000, 0x00000000e6ab0000)
 concurrent mark-sweep generation total 393216K, used 225567K [0x00000000e8000000, 0x0000000100000000, 0x0000000100000000)
 Metaspace       used 31649K, capacity 32072K, committed 32708K, reserved 1079296K
  class space    used 3510K, capacity 3672K, committed 3836K, reserved 1048576K
}
2017-06-28T21:33:12.704+0200: 14739,532: Total time for which application threads were stopped: 0,0064652 seconds, Stopping threads took: 0,0001676 seconds
{Heap before GC invocations=85 (full 14):
 par new generation   total 109248K, used 109248K [0x00000000e0000000, 0x00000000e8000000, 0x00000000e8000000)
  eden space 87424K, 100% used [0x00000000e0000000, 0x00000000e5560000, 0x00000000e5560000)
  from space 21824K, 100% used [0x00000000e6ab0000, 0x00000000e8000000, 0x00000000e8000000)
  to   space 21824K,   0% used [0x00000000e5560000, 0x00000000e5560000, 0x00000000e6ab0000)
 concurrent mark-sweep generation total 393216K, used 225567K [0x00000000e8000000, 0x0000000100000000, 0x0000000100000000)
 Metaspace       used 31649K, capacity 32072K, committed 32708K, reserved 1079296K
  class space    used 3510K, capacity 3672K, committed 3836K, reserved 1048576K
2017-06-28T21:33:12.899+0200: 14739,727: [GC (Allocation Failure) 2017-06-28T21:33:12.899+0200: 14739,727: [ParNew
Desired survivor size 20112992 bytes, new threshold 8 (max 8)
- age   1:    5198240 bytes,    5198240 total
- age   2:    2220352 bytes,    7418592 total
- age   3:    2494632 bytes,    9913224 total
- age   4:     176832 bytes,   10090056 total
- age   5:    9599752 bytes,   19689808 total
- age   6:     110072 bytes,   19799880 total
: 109248K->21824K(109248K), 0,0059726 secs] 334815K->249231K(502464K), 0,0060404 secs] [Times: user=0,02 sys=0,00, real=0,00 secs] 
Heap after GC invocations=86 (full 14):
 par new generation   total 109248K, used 21824K [0x00000000e0000000, 0x00000000e8000000, 0x00000000e8000000)
  eden space 87424K,   0% used [0x00000000e0000000, 0x00000000e0000000, 0x00000000e5560000)
  from space 21824K, 100% used [0x00000000e5560000, 0x00000000e6ab0000, 0x00000000e6ab0000)
  to   space 21824K,   0% used [0x00000000e6ab0000, 0x00000000e6ab0000, 0x00000000e8000000)
 concurrent mark-sweep generation total 393216K, used 227407K [0x00000000e8000000, 0x0000000100000000, 0x0000000100000000)
 Metaspace       used 31649K, capacity 32072K, committed 32708K, reserved 1079296K
  class space    used 3510K, capacity 3672K, committed 3836K, reserved 1048576K
}
2017-06-28T21:33:12.905+0200: 14739,733: Total time for which application threads were stopped: 0,0062289 seconds, Stopping threads took: 0,0000370 seconds
2017-06-28T21:33:12.905+0200: 14739,733: [CMS-concurrent-abortable-preclean: 0,027/0,369 secs] [Times: user=0,68 sys=0,02, real=0,37 secs] 
2017-06-28T21:33:12.905+0200: 14739,733: [GC (CMS Final Remark) [YG occupancy: 23001 K (109248 K)]{Heap before GC invocations=86 (full 14):
 par new generation   total 109248K, used 23001K [0x00000000e0000000, 0x00000000e8000000, 0x00000000e8000000)
  eden space 87424K,   1% used [0x00000000e0000000, 0x00000000e01265f8, 0x00000000e5560000)
  from space 21824K, 100% used [0x00000000e5560000, 0x00000000e6ab0000, 0x00000000e6ab0000)
  to   space 21824K,   0% used [0x00000000e6ab0000, 0x00000000e6ab0000, 0x00000000e8000000)
 concurrent mark-sweep generation total 393216K, used 227407K [0x00000000e8000000, 0x0000000100000000, 0x0000000100000000)
 Metaspace       used 31649K, capacity 32072K, committed 32708K, reserved 1079296K
  class space    used 3510K, capacity 3672K, committed 3836K, reserved 1048576K
2017-06-28T21:33:12.905+0200: 14739,733: [GC (CMS Final Remark) 2017-06-28T21:33:12.905+0200: 14739,733: [ParNew
Desired survivor size 20112992 bytes, new threshold 8 (max 8)
- age   1:       1400 bytes,       1400 total
- age   2:    5198240 bytes,    5199640 total
- age   3:    2253136 bytes,    7452776 total
- age   4:    2494632 bytes,    9947408 total
- age   5:     176832 bytes,   10124240 total
- age   6:    8895672 bytes,   19019912 total
- age   7:     110072 bytes,   19129984 total
: 23001K->21824K(109248K), 0,0040554 secs] 250408K->249919K(502464K), 0,0041028 secs] [Times: user=0,01 sys=0,00, real=0,01 secs] 
Heap after GC invocations=87 (full 14):
 par new generation   total 109248K, used 21824K [0x00000000e0000000, 0x00000000e8000000, 0x00000000e8000000)
  eden space 87424K,   0% used [0x00000000e0000000, 0x00000000e0000000, 0x00000000e5560000)
  from space 21824K, 100% used [0x00000000e6ab0000, 0x00000000e8000000, 0x00000000e8000000)
  to   space 21824K,   0% used [0x00000000e5560000, 0x00000000e5560000, 0x00000000e6ab0000)
 concurrent mark-sweep generation total 393216K, used 228095K [0x00000000e8000000, 0x0000000100000000, 0x0000000100000000)
 Metaspace       used 31649K, capacity 32072K, committed 32708K, reserved 1079296K
  class space    used 3510K, capacity 3672K, committed 3836K, reserved 1048576K
}
2017-06-28T21:33:12.909+0200: 14739,737: [Rescan (parallel) , 0,0009691 secs]2017-06-28T21:33:12.910+0200: 14739,738: [weak refs processing, 0,0002641 secs]2017-06-28T21:33:12.910+0200: 14739,738: [class unloading, 0,0045403 secs]2017-06-28T21:33:12.915+0200: 14739,743: [scrub symbol table, 0,0024621 secs]2017-06-28T21:33:12.917+0200: 14739,745: [scrub string table, 0,0004523 secs][1 CMS-remark: 228095K(393216K)] 249919K(502464K), 0,0129563 secs] [Times: user=0,02 sys=0,00, real=0,02 secs] 
2017-06-28T21:33:12.918+0200: 14739,746: Total time for which application threads were stopped: 0,0130759 seconds, Stopping threads took: 0,0000321 seconds
2017-06-28T21:33:12.918+0200: 14739,746: [CMS-concurrent-sweep-start]
2017-06-28T21:33:12.936+0200: 14739,764: [CMS-concurrent-sweep: 0,018/0,018 secs] [Times: user=0,06 sys=0,00, real=0,01 secs] 
2017-06-28T21:33:12.936+0200: 14739,764: [CMS-concurrent-reset-start]
2017-06-28T21:33:12.937+0200: 14739,765: [CMS-concurrent-reset: 0,000/0,000 secs] [Times: user=0,00 sys=0,00, real=0,01 secs] 
{Heap before GC invocations=87 (full 14):
 par new generation   total 109248K, used 109248K [0x00000000e0000000, 0x00000000e8000000, 0x00000000e8000000)
  eden space 87424K, 100% used [0x00000000e0000000, 0x00000000e5560000, 0x00000000e5560000)
  from space 21824K, 100% used [0x00000000e6ab0000, 0x00000000e8000000, 0x00000000e8000000)
  to   space 21824K,   0% used [0x00000000e5560000, 0x00000000e5560000, 0x00000000e6ab0000)
 concurrent mark-sweep generation total 393216K, used 228032K [0x00000000e8000000, 0x0000000100000000, 0x0000000100000000)
 Metaspace       used 31655K, capacity 32072K, committed 32708K, reserved 1079296K
  class space    used 3510K, capacity 3672K, committed 3836K, reserved 1048576K
2017-06-28T21:33:13.424+0200: 14740,252: [GC (Allocation Failure) 2017-06-28T21:33:13.424+0200: 14740,252: [ParNew
Desired survivor size 20112992 bytes, new threshold 7 (max 8)
- age   1:    6436464 bytes,    6436464 total
- age   3:    1795064 bytes,    8231528 total
- age   4:    1521312 bytes,    9752840 total
- age   5:    2365920 bytes,   12118760 total
- age   6:     176832 bytes,   12295592 total
- age   7:    8243272 bytes,   20538864 total
- age   8:     110072 bytes,   20648936 total
: 109248K->21824K(109248K), 0,0066847 secs] 337280K->251494K(502464K), 0,0067587 secs] [Times: user=0,02 sys=0,00, real=0,01 secs] 
Heap after GC invocations=88 (full 14):
 par new generation   total 109248K, used 21824K [0x00000000e0000000, 0x00000000e8000000, 0x00000000e8000000)
  eden space 87424K,   0% used [0x00000000e0000000, 0x00000000e0000000, 0x00000000e5560000)
  from space 21824K, 100% used [0x00000000e5560000, 0x00000000e6ab0000, 0x00000000e6ab0000)
  to   space 21824K,   0% used [0x00000000e6ab0000, 0x00000000e6ab0000, 0x00000000e8000000)
 concurrent mark-sweep generation total 393216K, used 229670K [0x00000000e8000000, 0x0000000100000000, 0x0000000100000000)
 Metaspace       used 31655K, capacity 32072K, committed 32708K, reserved 1079296K
  class space    used 3510K, capacity 3672K, committed 3836K, reserved 1048576K
}
2017-06-28T21:33:13.431+0200: 14740,259: Total time for which application threads were stopped: 0,0069553 seconds, Stopping threads took: 0,0000231 seconds
2017-06-28T21:33:13.431+0200: 14740,259: [GC (CMS Initial Mark) [1 CMS-initial-mark: 229670K(393216K)] 251765K(502464K), 0,0009472 secs] [Times: user=0,00 sys=0,00, real=0,00 secs] 
2017-06-28T21:33:13.432+0200: 14740,260: Total time for which application threads were stopped: 0,0010329 seconds, Stopping threads took: 0,0000190 seconds
2017-06-28T21:33:13.432+0200: 14740,260: [CMS-concurrent-mark-start]
2017-06-28T21:33:13.451+0200: 14740,279: [CMS-concurrent-mark: 0,018/0,018 secs] [Times: user=0,09 sys=0,01, real=0,02 secs] 
2017-06-28T21:33:13.451+0200: 14740,279: [CMS-concurrent-preclean-start]
2017-06-28T21:33:13.452+0200: 14740,280: [CMS-concurrent-preclean: 0,001/0,001 secs] [Times: user=0,00 sys=0,00, real=0,00 secs] 
2017-06-28T21:33:13.452+0200: 14740,280: [CMS-concurrent-abortable-preclean-start]
2017-06-28T21:33:14.197+0200: 14741,025: [CMS-concurrent-abortable-preclean: 0,044/0,745 secs] [Times: user=0,66 sys=0,01, real=0,75 secs] 
2017-06-28T21:33:14.197+0200: 14741,025: [GC (CMS Final Remark) [YG occupancy: 75618 K (109248 K)]{Heap before GC invocations=88 (full 15):
 par new generation   total 109248K, used 75618K [0x00000000e0000000, 0x00000000e8000000, 0x00000000e8000000)
  eden space 87424K,  61% used [0x00000000e0000000, 0x00000000e3488890, 0x00000000e5560000)
  from space 21824K, 100% used [0x00000000e5560000, 0x00000000e6ab0000, 0x00000000e6ab0000)
  to   space 21824K,   0% used [0x00000000e6ab0000, 0x00000000e6ab0000, 0x00000000e8000000)
 concurrent mark-sweep generation total 393216K, used 229670K [0x00000000e8000000, 0x0000000100000000, 0x0000000100000000)
 Metaspace       used 31659K, capacity 32072K, committed 32708K, reserved 1079296K
  class space    used 3510K, capacity 3672K, committed 3836K, reserved 1048576K
2017-06-28T21:33:14.197+0200: 14741,025: [GC (CMS Final Remark) 2017-06-28T21:33:14.197+0200: 14741,025: [ParNew
Desired survivor size 20112992 bytes, new threshold 8 (max 8)
- age   1:   10341376 bytes,   10341376 total
- age   2:    3248528 bytes,   13589904 total
- age   4:    1778552 bytes,   15368456 total
- age   5:    1455664 bytes,   16824120 total
- age   6:    2365896 bytes,   19190016 total
- age   7:     176832 bytes,   19366848 total
: 75618K->21824K(109248K), 0,0093304 secs] 305288K->262040K(502464K), 0,0093858 secs] [Times: user=0,02 sys=0,01, real=0,00 secs] 
Heap after GC invocations=89 (full 15):
 par new generation   total 109248K, used 21824K [0x00000000e0000000, 0x00000000e8000000, 0x00000000e8000000)
  eden space 87424K,   0% used [0x00000000e0000000, 0x00000000e0000000, 0x00000000e5560000)
  from space 21824K, 100% used [0x00000000e6ab0000, 0x00000000e8000000, 0x00000000e8000000)
  to   space 21824K,   0% used [0x00000000e5560000, 0x00000000e5560000, 0x00000000e6ab0000)
 concurrent mark-sweep generation total 393216K, used 240216K [0x00000000e8000000, 0x0000000100000000, 0x0000000100000000)
 Metaspace       used 31659K, capacity 32072K, committed 32708K, reserved 1079296K
  class space    used 3510K, capacity 3672K, committed 3836K, reserved 1048576K
}
2017-06-28T21:33:14.207+0200: 14741,035: [Rescan (parallel) , 0,0011626 secs]2017-06-28T21:33:14.208+0200: 14741,036: [weak refs processing, 0,0003802 secs]2017-06-28T21:33:14.208+0200: 14741,036: [class unloading, 0,0046564 secs]2017-06-28T21:33:14.213+0200: 14741,041: [scrub symbol table, 0,0024126 secs]2017-06-28T21:33:14.215+0200: 14741,043: [scrub string table, 0,0004455 secs][1 CMS-remark: 240216K(393216K)] 262040K(502464K), 0,0186622 secs] [Times: user=0,04 sys=0,01, real=0,01 secs] 
2017-06-28T21:33:14.216+0200: 14741,044: Total time for which application threads were stopped: 0,0188473 seconds, Stopping threads took: 0,0000499 seconds
2017-06-28T21:33:14.216+0200: 14741,044: [CMS-concurrent-sweep-start]
2017-06-28T21:33:14.235+0200: 14741,063: [CMS-concurrent-sweep: 0,019/0,019 secs] [Times: user=0,04 sys=0,00, real=0,02 secs] 
2017-06-28T21:33:14.235+0200: 14741,063: [CMS-concurrent-reset-start]
2017-06-28T21:33:14.235+0200: 14741,063: [CMS-concurrent-reset: 0,000/0,000 secs] [Times: user=0,00 sys=0,00, real=0,00 secs] 
{Heap before GC invocations=89 (full 15):
 par new generation   total 109248K, used 109236K [0x00000000e0000000, 0x00000000e8000000, 0x00000000e8000000)
  eden space 87424K,  99% used [0x00000000e0000000, 0x00000000e555d1d8, 0x00000000e5560000)
  from space 21824K, 100% used [0x00000000e6ab0000, 0x00000000e8000000, 0x00000000e8000000)
  to   space 21824K,   0% used [0x00000000e5560000, 0x00000000e5560000, 0x00000000e6ab0000)
 concurrent mark-sweep generation total 393216K, used 223483K [0x00000000e8000000, 0x0000000100000000, 0x0000000100000000)
 Metaspace       used 31665K, capacity 32072K, committed 32708K, reserved 1079296K
  class space    used 3510K, capacity 3672K, committed 3836K, reserved 1048576K
2017-06-28T21:33:15.898+0200: 14742,726: [GC (Allocation Failure) 2017-06-28T21:33:15.898+0200: 14742,726: [ParNew
Desired survivor size 20112992 bytes, new threshold 7 (max 8)
- age   1:    8651816 bytes,    8651816 total
- age   2:    4147360 bytes,   12799176 total
- age   3:    3245480 bytes,   16044656 total
- age   5:     728352 bytes,   16773008 total
- age   6:    1455832 bytes,   18228840 total
- age   7:    2364840 bytes,   20593680 total
- age   8:     176832 bytes,   20770512 total
: 109236K->21824K(109248K), 0,0086589 secs] 332719K->258151K(502464K), 0,0087366 secs] [Times: user=0,03 sys=0,00, real=0,00 secs] 
Heap after GC invocations=90 (full 15):
 par new generation   total 109248K, used 21824K [0x00000000e0000000, 0x00000000e8000000, 0x00000000e8000000)
  eden space 87424K,   0% used [0x00000000e0000000, 0x00000000e0000000, 0x00000000e5560000)
  from space 21824K, 100% used [0x00000000e5560000, 0x00000000e6ab0000, 0x00000000e6ab0000)
  to   space 21824K,   0% used [0x00000000e6ab0000, 0x00000000e6ab0000, 0x00000000e8000000)
 concurrent mark-sweep generation total 393216K, used 236327K [0x00000000e8000000, 0x0000000100000000, 0x0000000100000000)
 Metaspace       used 31665K, capacity 32072K, committed 32708K, reserved 1079296K
  class space    used 3510K, capacity 3672K, committed 3836K, reserved 1048576K
}
2017-06-28T21:33:15.906+0200: 14742,734: Total time for which application threads were stopped: 0,0089480 seconds, Stopping threads took: 0,0000284 seconds
2017-06-28T21:33:15.907+0200: 14742,735: [GC (CMS Initial Mark) [1 CMS-initial-mark: 236327K(393216K)] 258444K(502464K), 0,0008368 secs] [Times: user=0,00 sys=0,00, real=0,00 secs] 
2017-06-28T21:33:15.907+0200: 14742,735: Total time for which application threads were stopped: 0,0009631 seconds, Stopping threads took: 0,0000301 seconds
2017-06-28T21:33:15.908+0200: 14742,736: [CMS-concurrent-mark-start]
2017-06-28T21:33:15.924+0200: 14742,752: [CMS-concurrent-mark: 0,017/0,017 secs] [Times: user=0,08 sys=0,00, real=0,02 secs] 
2017-06-28T21:33:15.924+0200: 14742,752: [CMS-concurrent-preclean-start]
2017-06-28T21:33:15.925+0200: 14742,753: [CMS-concurrent-preclean: 0,001/0,001 secs] [Times: user=0,00 sys=0,00, real=0,00 secs] 
2017-06-28T21:33:15.925+0200: 14742,753: [GC (CMS Final Remark) [YG occupancy: 23023 K (109248 K)]{Heap before GC invocations=90 (full 16):
 par new generation   total 109248K, used 23023K [0x00000000e0000000, 0x00000000e8000000, 0x00000000e8000000)
  eden space 87424K,   1% used [0x00000000e0000000, 0x00000000e012bf60, 0x00000000e5560000)
  from space 21824K, 100% used [0x00000000e5560000, 0x00000000e6ab0000, 0x00000000e6ab0000)
  to   space 21824K,   0% used [0x00000000e6ab0000, 0x00000000e6ab0000, 0x00000000e8000000)
 concurrent mark-sweep generation total 393216K, used 236327K [0x00000000e8000000, 0x0000000100000000, 0x0000000100000000)
 Metaspace       used 31665K, capacity 32072K, committed 32708K, reserved 1079296K
  class space    used 3510K, capacity 3672K, committed 3836K, reserved 1048576K
2017-06-28T21:33:15.926+0200: 14742,754: [GC (CMS Final Remark) 2017-06-28T21:33:15.926+0200: 14742,754: [ParNew
Desired survivor size 20112992 bytes, new threshold 8 (max 8)
- age   1:     172272 bytes,     172272 total
- age   2:    8503792 bytes,    8676064 total
- age   3:    4147336 bytes,   12823400 total
- age   4:    3245336 bytes,   16068736 total
- age   6:     728280 bytes,   16797016 total
- age   7:    1455736 bytes,   18252752 total
: 23023K->21824K(109248K), 0,0044809 secs] 259351K->260779K(502464K), 0,0045421 secs] [Times: user=0,02 sys=0,01, real=0,01 secs] 
Heap after GC invocations=91 (full 16):
 par new generation   total 109248K, used 21824K [0x00000000e0000000, 0x00000000e8000000, 0x00000000e8000000)
  eden space 87424K,   0% used [0x00000000e0000000, 0x00000000e0000000, 0x00000000e5560000)
  from space 21824K, 100% used [0x00000000e6ab0000, 0x00000000e8000000, 0x00000000e8000000)
  to   space 21824K,   0% used [0x00000000e5560000, 0x00000000e5560000, 0x00000000e6ab0000)
 concurrent mark-sweep generation total 393216K, used 238955K [0x00000000e8000000, 0x0000000100000000, 0x0000000100000000)
 Metaspace       used 31665K, capacity 32072K, committed 32708K, reserved 1079296K
  class space    used 3510K, capacity 3672K, committed 3836K, reserved 1048576K
}
2017-06-28T21:33:15.930+0200: 14742,758: [Rescan (parallel) , 0,0008862 secs]2017-06-28T21:33:15.931+0200: 14742,759: [weak refs processing, 0,0002820 secs]2017-06-28T21:33:15.931+0200: 14742,759: [class unloading, 0,0045063 secs]2017-06-28T21:33:15.936+0200: 14742,764: [scrub symbol table, 0,0024264 secs]2017-06-28T21:33:15.938+0200: 14742,766: [scrub string table, 0,0004445 secs][1 CMS-remark: 238955K(393216K)] 260779K(502464K), 0,0133000 secs] [Times: user=0,03 sys=0,01, real=0,02 secs] 
2017-06-28T21:33:15.939+0200: 14742,767: Total time for which application threads were stopped: 0,0134611 seconds, Stopping threads took: 0,0000411 seconds
2017-06-28T21:33:15.939+0200: 14742,767: [CMS-concurrent-sweep-start]
2017-06-28T21:33:15.957+0200: 14742,785: [CMS-concurrent-sweep: 0,018/0,018 secs] [Times: user=0,03 sys=0,00, real=0,02 secs] 
2017-06-28T21:33:15.957+0200: 14742,785: [CMS-concurrent-reset-start]
2017-06-28T21:33:15.958+0200: 14742,786: [CMS-concurrent-reset: 0,000/0,000 secs] [Times: user=0,01 sys=0,00, real=0,00 secs] 
2017-06-28T21:33:16.724+0200: 14743,552: Total time for which application threads were stopped: 0,0001010 seconds, Stopping threads took: 0,0000163 seconds
{Heap before GC invocations=91 (full 16):
 par new generation   total 109248K, used 109248K [0x00000000e0000000, 0x00000000e8000000, 0x00000000e8000000)
  eden space 87424K, 100% used [0x00000000e0000000, 0x00000000e5560000, 0x00000000e5560000)
  from space 21824K, 100% used [0x00000000e6ab0000, 0x00000000e8000000, 0x00000000e8000000)
  to   space 21824K,   0% used [0x00000000e5560000, 0x00000000e5560000, 0x00000000e6ab0000)
 concurrent mark-sweep generation total 393216K, used 194080K [0x00000000e8000000, 0x0000000100000000, 0x0000000100000000)
 Metaspace       used 31681K, capacity 32072K, committed 32708K, reserved 1079296K
  class space    used 3510K, capacity 3672K, committed 3836K, reserved 1048576K
2017-06-28T21:33:17.424+0200: 14744,252: [GC (Allocation Failure) 2017-06-28T21:33:17.424+0200: 14744,252: [ParNew
Desired survivor size 20112992 bytes, new threshold 7 (max 8)
- age   1:   12270216 bytes,   12270216 total
- age   2:      52816 bytes,   12323032 total
- age   3:    3635256 bytes,   15958288 total
- age   4:    1830848 bytes,   17789136 total
- age   5:    2309552 bytes,   20098688 total
- age   7:     725728 bytes,   20824416 total
- age   8:    1452000 bytes,   22276416 total
: 109248K->21824K(109248K), 0,0083688 secs] 303328K->225842K(502464K), 0,0084498 secs] [Times: user=0,03 sys=0,00, real=0,01 secs] 
Heap after GC invocations=92 (full 16):
 par new generation   total 109248K, used 21824K [0x00000000e0000000, 0x00000000e8000000, 0x00000000e8000000)
  eden space 87424K,   0% used [0x00000000e0000000, 0x00000000e0000000, 0x00000000e5560000)
  from space 21824K, 100% used [0x00000000e5560000, 0x00000000e6ab0000, 0x00000000e6ab0000)
  to   space 21824K,   0% used [0x00000000e6ab0000, 0x00000000e6ab0000, 0x00000000e8000000)
 concurrent mark-sweep generation total 393216K, used 204018K [0x00000000e8000000, 0x0000000100000000, 0x0000000100000000)
 Metaspace       used 31681K, capacity 32072K, committed 32708K, reserved 1079296K
  class space    used 3510K, capacity 3672K, committed 3836K, reserved 1048576K
}
2017-06-28T21:33:17.433+0200: 14744,261: Total time for which application threads were stopped: 0,0087321 seconds, Stopping threads took: 0,0001070 seconds
2017-06-28T21:33:17.433+0200: 14744,261: [GC (CMS Initial Mark) [1 CMS-initial-mark: 204018K(393216K)] 226456K(502464K), 0,0011235 secs] [Times: user=0,00 sys=0,00, real=0,00 secs] 
2017-06-28T21:33:17.434+0200: 14744,262: Total time for which application threads were stopped: 0,0012687 seconds, Stopping threads took: 0,0000579 seconds
2017-06-28T21:33:17.434+0200: 14744,262: [CMS-concurrent-mark-start]
2017-06-28T21:33:17.434+0200: 14744,262: Total time for which application threads were stopped: 0,0000741 seconds, Stopping threads took: 0,0000254 seconds
2017-06-28T21:33:17.455+0200: 14744,283: [CMS-concurrent-mark: 0,020/0,021 secs] [Times: user=0,13 sys=0,00, real=0,02 secs] 
2017-06-28T21:33:17.455+0200: 14744,283: [CMS-concurrent-preclean-start]
2017-06-28T21:33:17.456+0200: 14744,284: [CMS-concurrent-preclean: 0,001/0,001 secs] [Times: user=0,01 sys=0,00, real=0,00 secs] 
2017-06-28T21:33:17.456+0200: 14744,284: [CMS-concurrent-abortable-preclean-start]
{Heap before GC invocations=92 (full 17):
 par new generation   total 109248K, used 109248K [0x00000000e0000000, 0x00000000e8000000, 0x00000000e8000000)
  eden space 87424K, 100% used [0x00000000e0000000, 0x00000000e5560000, 0x00000000e5560000)
  from space 21824K, 100% used [0x00000000e5560000, 0x00000000e6ab0000, 0x00000000e6ab0000)
  to   space 21824K,   0% used [0x00000000e6ab0000, 0x00000000e6ab0000, 0x00000000e8000000)
 concurrent mark-sweep generation total 393216K, used 204018K [0x00000000e8000000, 0x0000000100000000, 0x0000000100000000)
 Metaspace       used 31681K, capacity 32072K, committed 32708K, reserved 1079296K
  class space    used 3510K, capacity 3672K, committed 3836K, reserved 1048576K
2017-06-28T21:33:17.690+0200: 14744,518: [GC (Allocation Failure) 2017-06-28T21:33:17.690+0200: 14744,518: [ParNew
Desired survivor size 20112992 bytes, new threshold 8 (max 8)
- age   1:    5388760 bytes,    5388760 total
- age   2:    7786248 bytes,   13175008 total
- age   3:      52240 bytes,   13227248 total
- age   4:    2559608 bytes,   15786856 total
- age   5:    1816560 bytes,   17603416 total
- age   6:    2173184 bytes,   19776600 total
: 109248K->21824K(109248K), 0,0081180 secs] 313266K->234230K(502464K), 0,0081930 secs] [Times: user=0,02 sys=0,00, real=0,01 secs] 
Heap after GC invocations=93 (full 17):
 par new generation   total 109248K, used 21824K [0x00000000e0000000, 0x00000000e8000000, 0x00000000e8000000)
  eden space 87424K,   0% used [0x00000000e0000000, 0x00000000e0000000, 0x00000000e5560000)
  from space 21824K, 100% used [0x00000000e6ab0000, 0x00000000e8000000, 0x00000000e8000000)
  to   space 21824K,   0% used [0x00000000e5560000, 0x00000000e5560000, 0x00000000e6ab0000)
 concurrent mark-sweep generation total 393216K, used 212406K [0x00000000e8000000, 0x0000000100000000, 0x0000000100000000)
 Metaspace       used 31681K, capacity 32072K, committed 32708K, reserved 1079296K
  class space    used 3510K, capacity 3672K, committed 3836K, reserved 1048576K
}
2017-06-28T21:33:17.698+0200: 14744,526: Total time for which application threads were stopped: 0,0083924 seconds, Stopping threads took: 0,0000243 seconds
2017-06-28T21:33:17.698+0200: 14744,526: [CMS-concurrent-abortable-preclean: 0,028/0,242 secs] [Times: user=0,51 sys=0,01, real=0,25 secs] 
2017-06-28T21:33:17.699+0200: 14744,527: [GC (CMS Final Remark) [YG occupancy: 22853 K (109248 K)]{Heap before GC invocations=93 (full 17):
 par new generation   total 109248K, used 22853K [0x00000000e0000000, 0x00000000e8000000, 0x00000000e8000000)
  eden space 87424K,   1% used [0x00000000e0000000, 0x00000000e0101700, 0x00000000e5560000)
  from space 21824K, 100% used [0x00000000e6ab0000, 0x00000000e8000000, 0x00000000e8000000)
  to   space 21824K,   0% used [0x00000000e5560000, 0x00000000e5560000, 0x00000000e6ab0000)
 concurrent mark-sweep generation total 393216K, used 212406K [0x00000000e8000000, 0x0000000100000000, 0x0000000100000000)
 Metaspace       used 31681K, capacity 32072K, committed 32708K, reserved 1079296K
  class space    used 3510K, capacity 3672K, committed 3836K, reserved 1048576K
2017-06-28T21:33:17.699+0200: 14744,527: [GC (CMS Final Remark) 2017-06-28T21:33:17.699+0200: 14744,527: [ParNew
Desired survivor size 20112992 bytes, new threshold 8 (max 8)
- age   1:      22064 bytes,      22064 total
- age   2:    5387688 bytes,    5409752 total
- age   3:    6949672 bytes,   12359424 total
- age   4:      52128 bytes,   12411552 total
- age   5:    2533784 bytes,   14945336 total
- age   6:    1811600 bytes,   16756936 total
- age   7:    2170736 bytes,   18927672 total
: 22853K->21824K(109248K), 0,0053085 secs] 235260K->235081K(502464K), 0,0053580 secs] [Times: user=0,02 sys=0,00, real=0,00 secs] 
Heap after GC invocations=94 (full 17):
 par new generation   total 109248K, used 21824K [0x00000000e0000000, 0x00000000e8000000, 0x00000000e8000000)
  eden space 87424K,   0% used [0x00000000e0000000, 0x00000000e0000000, 0x00000000e5560000)
  from space 21824K, 100% used [0x00000000e5560000, 0x00000000e6ab0000, 0x00000000e6ab0000)
  to   space 21824K,   0% used [0x00000000e6ab0000, 0x00000000e6ab0000, 0x00000000e8000000)
 concurrent mark-sweep generation total 393216K, used 213257K [0x00000000e8000000, 0x0000000100000000, 0x0000000100000000)
 Metaspace       used 31681K, capacity 32072K, committed 32708K, reserved 1079296K
  class space    used 3510K, capacity 3672K, committed 3836K, reserved 1048576K
}
2017-06-28T21:33:17.704+0200: 14744,532: [Rescan (parallel) , 0,0012785 secs]2017-06-28T21:33:17.705+0200: 14744,533: [weak refs processing, 0,0002715 secs]2017-06-28T21:33:17.706+0200: 14744,534: [class unloading, 0,0045974 secs]2017-06-28T21:33:17.710+0200: 14744,538: [scrub symbol table, 0,0024751 secs]2017-06-28T21:33:17.713+0200: 14744,541: [scrub string table, 0,0004516 secs][1 CMS-remark: 213257K(393216K)] 235081K(502464K), 0,0146105 secs] [Times: user=0,03 sys=0,00, real=0,01 secs] 
2017-06-28T21:33:17.713+0200: 14744,541: Total time for which application threads were stopped: 0,0147477 seconds, Stopping threads took: 0,0000513 seconds
2017-06-28T21:33:17.713+0200: 14744,541: [CMS-concurrent-sweep-start]
2017-06-28T21:33:17.732+0200: 14744,560: [CMS-concurrent-sweep: 0,019/0,019 secs] [Times: user=0,06 sys=0,00, real=0,02 secs] 
2017-06-28T21:33:17.732+0200: 14744,560: [CMS-concurrent-reset-start]
2017-06-28T21:33:17.733+0200: 14744,561: [CMS-concurrent-reset: 0,001/0,001 secs] [Times: user=0,00 sys=0,00, real=0,00 secs] 
2017-06-28T21:33:17.816+0200: 14744,644: Total time for which application threads were stopped: 0,0001234 seconds, Stopping threads took: 0,0000398 seconds
{Heap before GC invocations=94 (full 17):
 par new generation   total 109248K, used 109248K [0x00000000e0000000, 0x00000000e8000000, 0x00000000e8000000)
  eden space 87424K, 100% used [0x00000000e0000000, 0x00000000e5560000, 0x00000000e5560000)
  from space 21824K, 100% used [0x00000000e5560000, 0x00000000e6ab0000, 0x00000000e6ab0000)
  to   space 21824K,   0% used [0x00000000e6ab0000, 0x00000000e6ab0000, 0x00000000e8000000)
 concurrent mark-sweep generation total 393216K, used 213115K [0x00000000e8000000, 0x0000000100000000, 0x0000000100000000)
 Metaspace       used 31682K, capacity 32072K, committed 32708K, reserved 1079296K
  class space    used 3510K, capacity 3672K, committed 3836K, reserved 1048576K
2017-06-28T21:33:17.906+0200: 14744,734: [GC (Allocation Failure) 2017-06-28T21:33:17.906+0200: 14744,734: [ParNew
Desired survivor size 20112992 bytes, new threshold 8 (max 8)
- age   1:    3285808 bytes,    3285808 total
- age   2:      16552 bytes,    3302360 total
- age   3:    4179328 bytes,    7481688 total
- age   4:    6948536 bytes,   14430224 total
- age   5:      52128 bytes,   14482352 total
- age   6:    2517320 bytes,   16999672 total
- age   7:    1795176 bytes,   18794848 total
- age   8:    2170560 bytes,   20965408 total
: 109248K->21824K(109248K), 0,0049629 secs] 322363K->234971K(502464K), 0,0050411 secs] [Times: user=0,02 sys=0,00, real=0,01 secs] 
Heap after GC invocations=95 (full 17):
 par new generation   total 109248K, used 21824K [0x00000000e0000000, 0x00000000e8000000, 0x00000000e8000000)
  eden space 87424K,   0% used [0x00000000e0000000, 0x00000000e0000000, 0x00000000e5560000)
  from space 21824K, 100% used [0x00000000e6ab0000, 0x00000000e8000000, 0x00000000e8000000)
  to   space 21824K,   0% used [0x00000000e5560000, 0x00000000e5560000, 0x00000000e6ab0000)
 concurrent mark-sweep generation total 393216K, used 213147K [0x00000000e8000000, 0x0000000100000000, 0x0000000100000000)
 Metaspace       used 31682K, capacity 32072K, committed 32708K, reserved 1079296K
  class space    used 3510K, capacity 3672K, committed 3836K, reserved 1048576K
}
2017-06-28T21:33:17.911+0200: 14744,739: Total time for which application threads were stopped: 0,0052245 seconds, Stopping threads took: 0,0000378 seconds
2017-06-28T21:33:17.911+0200: 14744,739: [GC (CMS Initial Mark) [1 CMS-initial-mark: 213147K(393216K)] 235898K(502464K), 0,0008236 secs] [Times: user=0,00 sys=0,00, real=0,00 secs] 
2017-06-28T21:33:17.912+0200: 14744,740: Total time for which application threads were stopped: 0,0009320 seconds, Stopping threads took: 0,0000289 seconds
2017-06-28T21:33:17.912+0200: 14744,740: [CMS-concurrent-mark-start]
2017-06-28T21:33:17.933+0200: 14744,761: [CMS-concurrent-mark: 0,021/0,021 secs] [Times: user=0,12 sys=0,00, real=0,02 secs] 
2017-06-28T21:33:17.933+0200: 14744,761: [CMS-concurrent-preclean-start]
2017-06-28T21:33:17.934+0200: 14744,762: [CMS-concurrent-preclean: 0,001/0,001 secs] [Times: user=0,01 sys=0,00, real=0,00 secs] 
2017-06-28T21:33:17.934+0200: 14744,762: [CMS-concurrent-abortable-preclean-start]
2017-06-28T21:33:18.022+0200: 14744,850: Total time for which application threads were stopped: 0,0002243 seconds, Stopping threads took: 0,0000337 seconds
2017-06-28T21:33:18.031+0200: 14744,859: [CMS-concurrent-abortable-preclean: 0,017/0,097 secs] [Times: user=0,22 sys=0,01, real=0,10 secs] 
2017-06-28T21:33:18.031+0200: 14744,859: [GC (CMS Final Remark) [YG occupancy: 72619 K (109248 K)]{Heap before GC invocations=95 (full 18):
 par new generation   total 109248K, used 72619K [0x00000000e0000000, 0x00000000e8000000, 0x00000000e8000000)
  eden space 87424K,  58% used [0x00000000e0000000, 0x00000000e319ada0, 0x00000000e5560000)
  from space 21824K, 100% used [0x00000000e6ab0000, 0x00000000e8000000, 0x00000000e8000000)
  to   space 21824K,   0% used [0x00000000e5560000, 0x00000000e5560000, 0x00000000e6ab0000)
 concurrent mark-sweep generation total 393216K, used 213147K [0x00000000e8000000, 0x0000000100000000, 0x0000000100000000)
 Metaspace       used 31697K, capacity 32136K, committed 32708K, reserved 1079296K
  class space    used 3510K, capacity 3672K, committed 3836K, reserved 1048576K
2017-06-28T21:33:18.031+0200: 14744,859: [GC (CMS Final Remark) 2017-06-28T21:33:18.031+0200: 14744,859: [ParNew
Desired survivor size 20112992 bytes, new threshold 8 (max 8)
- age   1:    2926424 bytes,    2926424 total
- age   2:    1725736 bytes,    4652160 total
- age   3:      16552 bytes,    4668712 total
- age   4:    3854056 bytes,    8522768 total
- age   5:    5395520 bytes,   13918288 total
- age   6:      49640 bytes,   13967928 total
- age   7:    2429576 bytes,   16397504 total
- age   8:    1750520 bytes,   18148024 total
: 72619K->21824K(109248K), 0,0071631 secs] 285767K->239003K(502464K), 0,0072332 secs] [Times: user=0,02 sys=0,01, real=0,01 secs] 
Heap after GC invocations=96 (full 18):
 par new generation   total 109248K, used 21824K [0x00000000e0000000, 0x00000000e8000000, 0x00000000e8000000)
  eden space 87424K,   0% used [0x00000000e0000000, 0x00000000e0000000, 0x00000000e5560000)
  from space 21824K, 100% used [0x00000000e5560000, 0x00000000e6ab0000, 0x00000000e6ab0000)
  to   space 21824K,   0% used [0x00000000e6ab0000, 0x00000000e6ab0000, 0x00000000e8000000)
 concurrent mark-sweep generation total 393216K, used 217179K [0x00000000e8000000, 0x0000000100000000, 0x0000000100000000)
 Metaspace       used 31697K, capacity 32136K, committed 32708K, reserved 1079296K
  class space    used 3510K, capacity 3672K, committed 3836K, reserved 1048576K
}
2017-06-28T21:33:18.038+0200: 14744,866: [Rescan (parallel) , 0,0011158 secs]2017-06-28T21:33:18.039+0200: 14744,867: [weak refs processing, 0,0005930 secs]2017-06-28T21:33:18.040+0200: 14744,868: [class unloading, 0,0046148 secs]2017-06-28T21:33:18.045+0200: 14744,873: [scrub symbol table, 0,0024473 secs]2017-06-28T21:33:18.047+0200: 14744,875: [scrub string table, 0,0004514 secs][1 CMS-remark: 217179K(393216K)] 239003K(502464K), 0,0166856 secs] [Times: user=0,03 sys=0,01, real=0,01 secs] 
2017-06-28T21:33:18.048+0200: 14744,876: Total time for which application threads were stopped: 0,0168153 seconds, Stopping threads took: 0,0000298 seconds
2017-06-28T21:33:18.048+0200: 14744,876: [CMS-concurrent-sweep-start]
2017-06-28T21:33:18.066+0200: 14744,894: [CMS-concurrent-sweep: 0,018/0,018 secs] [Times: user=0,04 sys=0,00, real=0,02 secs] 
2017-06-28T21:33:18.066+0200: 14744,894: [CMS-concurrent-reset-start]
2017-06-28T21:33:18.067+0200: 14744,895: [CMS-concurrent-reset: 0,000/0,000 secs] [Times: user=0,00 sys=0,00, real=0,00 secs] 
{Heap before GC invocations=96 (full 18):
 par new generation   total 109248K, used 109240K [0x00000000e0000000, 0x00000000e8000000, 0x00000000e8000000)
  eden space 87424K,  99% used [0x00000000e0000000, 0x00000000e555e200, 0x00000000e5560000)
  from space 21824K, 100% used [0x00000000e5560000, 0x00000000e6ab0000, 0x00000000e6ab0000)
  to   space 21824K,   0% used [0x00000000e6ab0000, 0x00000000e6ab0000, 0x00000000e8000000)
 concurrent mark-sweep generation total 393216K, used 216936K [0x00000000e8000000, 0x0000000100000000, 0x0000000100000000)
 Metaspace       used 31698K, capacity 32136K, committed 32708K, reserved 1079296K
  class space    used 3510K, capacity 3672K, committed 3836K, reserved 1048576K
2017-06-28T21:33:19.589+0200: 14746,417: [GC (Allocation Failure) 2017-06-28T21:33:19.589+0200: 14746,417: [ParNew
Desired survivor size 20112992 bytes, new threshold 8 (max 8)
- age   1:   10726832 bytes,   10726832 total
- age   2:     717696 bytes,   11444528 total
- age   3:    1193432 bytes,   12637960 total
- age   4:      16496 bytes,   12654456 total
- age   5:    2846672 bytes,   15501128 total
- age   6:    4062320 bytes,   19563448 total
- age   7:      48320 bytes,   19611768 total
- age   8:    2103296 bytes,   21715064 total
: 109240K->21824K(109248K), 0,0093560 secs] 326176K->249249K(502464K), 0,0094420 secs] [Times: user=0,02 sys=0,00, real=0,01 secs] 
Heap after GC invocations=97 (full 18):
 par new generation   total 109248K, used 21824K [0x00000000e0000000, 0x00000000e8000000, 0x00000000e8000000)
  eden space 87424K,   0% used [0x00000000e0000000, 0x00000000e0000000, 0x00000000e5560000)
  from space 21824K, 100% used [0x00000000e6ab0000, 0x00000000e8000000, 0x00000000e8000000)
  to   space 21824K,   0% used [0x00000000e5560000, 0x00000000e5560000, 0x00000000e6ab0000)
 concurrent mark-sweep generation total 393216K, used 227425K [0x00000000e8000000, 0x0000000100000000, 0x0000000100000000)
 Metaspace       used 31698K, capacity 32136K, committed 32708K, reserved 1079296K
  class space    used 3510K, capacity 3672K, committed 3836K, reserved 1048576K
}
2017-06-28T21:33:19.598+0200: 14746,426: Total time for which application threads were stopped: 0,0096158 seconds, Stopping threads took: 0,0000172 seconds
2017-06-28T21:33:19.599+0200: 14746,427: [GC (CMS Initial Mark) [1 CMS-initial-mark: 227425K(393216K)] 249599K(502464K), 0,0008518 secs] [Times: user=0,01 sys=0,00, real=0,00 secs] 
2017-06-28T21:33:19.599+0200: 14746,427: Total time for which application threads were stopped: 0,0009625 seconds, Stopping threads took: 0,0000301 seconds
2017-06-28T21:33:19.600+0200: 14746,428: [CMS-concurrent-mark-start]
2017-06-28T21:33:19.616+0200: 14746,444: [CMS-concurrent-mark: 0,017/0,017 secs] [Times: user=0,08 sys=0,00, real=0,01 secs] 
2017-06-28T21:33:19.616+0200: 14746,444: [CMS-concurrent-preclean-start]
2017-06-28T21:33:19.617+0200: 14746,445: [CMS-concurrent-preclean: 0,001/0,001 secs] [Times: user=0,00 sys=0,00, real=0,01 secs] 
2017-06-28T21:33:19.617+0200: 14746,445: [GC (CMS Final Remark) [YG occupancy: 23118 K (109248 K)]{Heap before GC invocations=97 (full 19):
 par new generation   total 109248K, used 23118K [0x00000000e0000000, 0x00000000e8000000, 0x00000000e8000000)
  eden space 87424K,   1% used [0x00000000e0000000, 0x00000000e0143a60, 0x00000000e5560000)
  from space 21824K, 100% used [0x00000000e6ab0000, 0x00000000e8000000, 0x00000000e8000000)
  to   space 21824K,   0% used [0x00000000e5560000, 0x00000000e5560000, 0x00000000e6ab0000)
 concurrent mark-sweep generation total 393216K, used 227425K [0x00000000e8000000, 0x0000000100000000, 0x0000000100000000)
 Metaspace       used 31698K, capacity 32136K, committed 32708K, reserved 1079296K
  class space    used 3510K, capacity 3672K, committed 3836K, reserved 1048576K
2017-06-28T21:33:19.617+0200: 14746,445: [GC (CMS Final Remark) 2017-06-28T21:33:19.617+0200: 14746,445: [ParNew
Desired survivor size 20112992 bytes, new threshold 8 (max 8)
- age   1:     300944 bytes,     300944 total
- age   2:   10706296 bytes,   11007240 total
- age   3:     717696 bytes,   11724936 total
- age   4:     636104 bytes,   12361040 total
- age   5:      16496 bytes,   12377536 total
- age   6:    1371392 bytes,   13748928 total
- age   7:    3854320 bytes,   17603248 total
- age   8:       5680 bytes,   17608928 total
: 23118K->21824K(109248K), 0,0050581 secs] 250544K->253533K(502464K), 0,0051087 secs] [Times: user=0,02 sys=0,00, real=0,00 secs] 
Heap after GC invocations=98 (full 19):
 par new generation   total 109248K, used 21824K [0x00000000e0000000, 0x00000000e8000000, 0x00000000e8000000)
  eden space 87424K,   0% used [0x00000000e0000000, 0x00000000e0000000, 0x00000000e5560000)
  from space 21824K, 100% used [0x00000000e5560000, 0x00000000e6ab0000, 0x00000000e6ab0000)
  to   space 21824K,   0% used [0x00000000e6ab0000, 0x00000000e6ab0000, 0x00000000e8000000)
 concurrent mark-sweep generation total 393216K, used 231709K [0x00000000e8000000, 0x0000000100000000, 0x0000000100000000)
 Metaspace       used 31698K, capacity 32136K, committed 32708K, reserved 1079296K
  class space    used 3510K, capacity 3672K, committed 3836K, reserved 1048576K
}
2017-06-28T21:33:19.622+0200: 14746,450: [Rescan (parallel) , 0,0011748 secs]2017-06-28T21:33:19.624+0200: 14746,452: [weak refs processing, 0,0003373 secs]2017-06-28T21:33:19.624+0200: 14746,452: [class unloading, 0,0046536 secs]2017-06-28T21:33:19.629+0200: 14746,457: [scrub symbol table, 0,0026801 secs]2017-06-28T21:33:19.631+0200: 14746,459: [scrub string table, 0,0004552 secs][1 CMS-remark: 231709K(393216K)] 253533K(502464K), 0,0146174 secs] [Times: user=0,03 sys=0,00, real=0,01 secs] 
2017-06-28T21:33:19.632+0200: 14746,460: Total time for which application threads were stopped: 0,0147474 seconds, Stopping threads took: 0,0000417 seconds
2017-06-28T21:33:19.632+0200: 14746,460: [CMS-concurrent-sweep-start]
2017-06-28T21:33:19.653+0200: 14746,481: [CMS-concurrent-sweep: 0,021/0,021 secs] [Times: user=0,04 sys=0,00, real=0,02 secs] 
2017-06-28T21:33:19.653+0200: 14746,481: [CMS-concurrent-reset-start]
2017-06-28T21:33:19.653+0200: 14746,481: [CMS-concurrent-reset: 0,000/0,000 secs] [Times: user=0,01 sys=0,00, real=0,00 secs] 
2017-06-28T21:33:20.463+0200: 14747,291: Total time for which application threads were stopped: 0,0001426 seconds, Stopping threads took: 0,0000305 seconds
2017-06-28T21:33:20.464+0200: 14747,292: Total time for which application threads were stopped: 0,0001815 seconds, Stopping threads took: 0,0000969 seconds
{Heap before GC invocations=98 (full 19):
 par new generation   total 109248K, used 109248K [0x00000000e0000000, 0x00000000e8000000, 0x00000000e8000000)
  eden space 87424K, 100% used [0x00000000e0000000, 0x00000000e5560000, 0x00000000e5560000)
  from space 21824K, 100% used [0x00000000e5560000, 0x00000000e6ab0000, 0x00000000e6ab0000)
  to   space 21824K,   0% used [0x00000000e6ab0000, 0x00000000e6ab0000, 0x00000000e8000000)
 concurrent mark-sweep generation total 393216K, used 221975K [0x00000000e8000000, 0x0000000100000000, 0x0000000100000000)
 Metaspace       used 31699K, capacity 32136K, committed 32708K, reserved 1079296K
  class space    used 3510K, capacity 3672K, committed 3836K, reserved 1048576K
2017-06-28T21:33:20.652+0200: 14747,480: [GC (Allocation Failure) 2017-06-28T21:33:20.652+0200: 14747,480: [ParNew
Desired survivor size 20112992 bytes, new threshold 8 (max 8)
- age   1:    7369264 bytes,    7369264 total
- age   2:     210104 bytes,    7579368 total
- age   3:    6497152 bytes,   14076520 total
- age   4:     713280 bytes,   14789800 total
- age   5:     630832 bytes,   15420632 total
- age   6:      16496 bytes,   15437128 total
- age   7:    1358968 bytes,   16796096 total
- age   8:     925224 bytes,   17721320 total
: 109248K->21824K(109248K), 0,0081596 secs] 331223K->247099K(502464K), 0,0082764 secs] [Times: user=0,03 sys=0,00, real=0,01 secs] 
Heap after GC invocations=99 (full 19):
 par new generation   total 109248K, used 21824K [0x00000000e0000000, 0x00000000e8000000, 0x00000000e8000000)
  eden space 87424K,   0% used [0x00000000e0000000, 0x00000000e0000000, 0x00000000e5560000)
  from space 21824K, 100% used [0x00000000e6ab0000, 0x00000000e8000000, 0x00000000e8000000)
  to   space 21824K,   0% used [0x00000000e5560000, 0x00000000e5560000, 0x00000000e6ab0000)
 concurrent mark-sweep generation total 393216K, used 225275K [0x00000000e8000000, 0x0000000100000000, 0x0000000100000000)
 Metaspace       used 31699K, capacity 32136K, committed 32708K, reserved 1079296K
  class space    used 3510K, capacity 3672K, committed 3836K, reserved 1048576K
}
2017-06-28T21:33:20.660+0200: 14747,488: Total time for which application threads were stopped: 0,0085356 seconds, Stopping threads took: 0,0000191 seconds
2017-06-28T21:33:20.660+0200: 14747,488: [GC (CMS Initial Mark) [1 CMS-initial-mark: 225275K(393216K)] 247696K(502464K), 0,0014749 secs] [Times: user=0,00 sys=0,00, real=0,00 secs] 
2017-06-28T21:33:20.662+0200: 14747,490: Total time for which application threads were stopped: 0,0017107 seconds, Stopping threads took: 0,0000532 seconds
2017-06-28T21:33:20.662+0200: 14747,490: [CMS-concurrent-mark-start]
2017-06-28T21:33:20.680+0200: 14747,508: [CMS-concurrent-mark: 0,018/0,018 secs] [Times: user=0,09 sys=0,00, real=0,02 secs] 
2017-06-28T21:33:20.680+0200: 14747,508: [CMS-concurrent-preclean-start]
2017-06-28T21:33:20.681+0200: 14747,509: [CMS-concurrent-preclean: 0,001/0,001 secs] [Times: user=0,01 sys=0,00, real=0,00 secs] 
2017-06-28T21:33:20.681+0200: 14747,509: [CMS-concurrent-abortable-preclean-start]
2017-06-28T21:33:20.800+0200: 14747,628: Total time for which application threads were stopped: 0,0002073 seconds, Stopping threads took: 0,0001175 seconds
2017-06-28T21:33:20.800+0200: 14747,628: Total time for which application threads were stopped: 0,0002265 seconds, Stopping threads took: 0,0001528 seconds
2017-06-28T21:33:20.800+0200: 14747,628: Total time for which application threads were stopped: 0,0001280 seconds, Stopping threads took: 0,0000722 seconds
2017-06-28T21:33:20.800+0200: 14747,628: Total time for which application threads were stopped: 0,0001082 seconds, Stopping threads took: 0,0000493 seconds
2017-06-28T21:33:20.800+0200: 14747,628: Total time for which application threads were stopped: 0,0000630 seconds, Stopping threads took: 0,0000152 seconds
2017-06-28T21:33:20.800+0200: 14747,628: Total time for which application threads were stopped: 0,0000948 seconds, Stopping threads took: 0,0000479 seconds
2017-06-28T21:33:20.801+0200: 14747,629: Total time for which application threads were stopped: 0,0000685 seconds, Stopping threads took: 0,0000149 seconds
2017-06-28T21:33:20.801+0200: 14747,629: Total time for which application threads were stopped: 0,0000680 seconds, Stopping threads took: 0,0000134 seconds
2017-06-28T21:33:20.871+0200: 14747,699: Total time for which application threads were stopped: 0,0000981 seconds, Stopping threads took: 0,0000190 seconds
2017-06-28T21:33:20.871+0200: 14747,699: Total time for which application threads were stopped: 0,0000362 seconds, Stopping threads took: 0,0000098 seconds
2017-06-28T21:33:20.871+0200: 14747,699: Total time for which application threads were stopped: 0,0000421 seconds, Stopping threads took: 0,0000091 seconds
2017-06-28T21:33:20.871+0200: 14747,699: Total time for which application threads were stopped: 0,0000406 seconds, Stopping threads took: 0,0000158 seconds
2017-06-28T21:33:22.871+0200: 14749,700: Total time for which application threads were stopped: 0,0001307 seconds, Stopping threads took: 0,0000260 seconds
2017-06-28T21:33:23.007+0200: 14749,835: Total time for which application threads were stopped: 0,0001222 seconds, Stopping threads took: 0,0000211 seconds
2017-06-28T21:33:23.007+0200: 14749,835: Total time for which application threads were stopped: 0,0000883 seconds, Stopping threads took: 0,0000191 seconds
2017-06-28T21:33:23.007+0200: 14749,835: Total time for which application threads were stopped: 0,0000838 seconds, Stopping threads took: 0,0000168 seconds
2017-06-28T21:33:23.008+0200: 14749,836: Total time for which application threads were stopped: 0,0000800 seconds, Stopping threads took: 0,0000140 seconds
2017-06-28T21:33:23.008+0200: 14749,836: Total time for which application threads were stopped: 0,0000809 seconds, Stopping threads took: 0,0000156 seconds
2017-06-28T21:33:23.008+0200: 14749,836: Total time for which application threads were stopped: 0,0000921 seconds, Stopping threads took: 0,0000255 seconds
2017-06-28T21:33:23.008+0200: 14749,836: Total time for which application threads were stopped: 0,0000814 seconds, Stopping threads took: 0,0000148 seconds
2017-06-28T21:33:23.008+0200: 14749,836: Total time for which application threads were stopped: 0,0000916 seconds, Stopping threads took: 0,0000349 seconds
2017-06-28T21:33:23.009+0200: 14749,837: Total time for which application threads were stopped: 0,0000827 seconds, Stopping threads took: 0,0000170 seconds
2017-06-28T21:33:23.009+0200: 14749,837: Total time for which application threads were stopped: 0,0000648 seconds, Stopping threads took: 0,0000151 seconds
2017-06-28T21:33:23.009+0200: 14749,837: Total time for which application threads were stopped: 0,0000628 seconds, Stopping threads took: 0,0000130 seconds
2017-06-28T21:33:23.009+0200: 14749,837: Total time for which application threads were stopped: 0,0000623 seconds, Stopping threads took: 0,0000126 seconds
2017-06-28T21:33:23.012+0200: 14749,840: Total time for which application threads were stopped: 0,0001915 seconds, Stopping threads took: 0,0001069 seconds
2017-06-28T21:33:23.012+0200: 14749,840: Total time for which application threads were stopped: 0,0001232 seconds, Stopping threads took: 0,0000585 seconds
2017-06-28T21:33:23.012+0200: 14749,840: Total time for which application threads were stopped: 0,0002090 seconds, Stopping threads took: 0,0000227 seconds
2017-06-28T21:33:23.038+0200: 14749,866: Total time for which application threads were stopped: 0,0001395 seconds, Stopping threads took: 0,0000204 seconds
2017-06-28T21:33:24.023+0200: 14750,851: Total time for which application threads were stopped: 0,0001075 seconds, Stopping threads took: 0,0000182 seconds
2017-06-28T21:33:24.023+0200: 14750,851: Total time for which application threads were stopped: 0,0000569 seconds, Stopping threads took: 0,0000131 seconds
2017-06-28T21:33:24.023+0200: 14750,851: Total time for which application threads were stopped: 0,0001476 seconds, Stopping threads took: 0,0000130 seconds
2017-06-28T21:33:24.024+0200: 14750,852: Total time for which application threads were stopped: 0,0000598 seconds, Stopping threads took: 0,0000154 seconds
2017-06-28T21:33:24.024+0200: 14750,852: Total time for which application threads were stopped: 0,0000645 seconds, Stopping threads took: 0,0000134 seconds
2017-06-28T21:33:24.064+0200: 14750,892: Total time for which application threads were stopped: 0,0001098 seconds, Stopping threads took: 0,0000203 seconds
 CMS: abort preclean due to time 2017-06-28T21:33:26.718+0200: 14753,546: [CMS-concurrent-abortable-preclean: 0,780/6,037 secs] [Times: user=0,99 sys=0,08, real=6,04 secs] 
2017-06-28T21:33:26.718+0200: 14753,546: [GC (CMS Final Remark) [YG occupancy: 93226 K (109248 K)]{Heap before GC invocations=99 (full 20):
 par new generation   total 109248K, used 93226K [0x00000000e0000000, 0x00000000e8000000, 0x00000000e8000000)
  eden space 87424K,  81% used [0x00000000e0000000, 0x00000000e45ba920, 0x00000000e5560000)
  from space 21824K, 100% used [0x00000000e6ab0000, 0x00000000e8000000, 0x00000000e8000000)
  to   space 21824K,   0% used [0x00000000e5560000, 0x00000000e5560000, 0x00000000e6ab0000)
 concurrent mark-sweep generation total 393216K, used 225275K [0x00000000e8000000, 0x0000000100000000, 0x0000000100000000)
 Metaspace       used 31710K, capacity 32136K, committed 32708K, reserved 1079296K
  class space    used 3512K, capacity 3672K, committed 3836K, reserved 1048576K
2017-06-28T21:33:26.718+0200: 14753,546: [GC (CMS Final Remark) 2017-06-28T21:33:26.718+0200: 14753,546: [ParNew
Desired survivor size 20112992 bytes, new threshold 8 (max 8)
- age   1:     163776 bytes,     163776 total
- age   2:    6626592 bytes,    6790368 total
- age   3:     208304 bytes,    6998672 total
- age   4:    6317096 bytes,   13315768 total
- age   5:     642464 bytes,   13958232 total
- age   6:     608680 bytes,   14566912 total
- age   7:      16312 bytes,   14583224 total
- age   8:    1314848 bytes,   15898072 total
: 93226K->21824K(109248K), 0,0045162 secs] 318501K->248470K(502464K), 0,0045620 secs] [Times: user=0,01 sys=0,00, real=0,00 secs] 
Heap after GC invocations=100 (full 20):
 par new generation   total 109248K, used 21824K [0x00000000e0000000, 0x00000000e8000000, 0x00000000e8000000)
  eden space 87424K,   0% used [0x00000000e0000000, 0x00000000e0000000, 0x00000000e5560000)
  from space 21824K, 100% used [0x00000000e5560000, 0x00000000e6ab0000, 0x00000000e6ab0000)
  to   space 21824K,   0% used [0x00000000e6ab0000, 0x00000000e6ab0000, 0x00000000e8000000)
 concurrent mark-sweep generation total 393216K, used 226646K [0x00000000e8000000, 0x0000000100000000, 0x0000000100000000)
 Metaspace       used 31710K, capacity 32136K, committed 32708K, reserved 1079296K
  class space    used 3512K, capacity 3672K, committed 3836K, reserved 1048576K
}
2017-06-28T21:33:26.723+0200: 14753,551: [Rescan (parallel) , 0,0010251 secs]2017-06-28T21:33:26.724+0200: 14753,552: [weak refs processing, 0,0003349 secs]2017-06-28T21:33:26.724+0200: 14753,552: [class unloading, 0,0046901 secs]2017-06-28T21:33:26.729+0200: 14753,557: [scrub symbol table, 0,0024664 secs]2017-06-28T21:33:26.732+0200: 14753,560: [scrub string table, 0,0004495 secs][1 CMS-remark: 226646K(393216K)] 248470K(502464K), 0,0137936 secs] [Times: user=0,03 sys=0,00, real=0,01 secs] 
2017-06-28T21:33:26.732+0200: 14753,560: Total time for which application threads were stopped: 0,0139006 seconds, Stopping threads took: 0,0000237 seconds
2017-06-28T21:33:26.732+0200: 14753,560: [CMS-concurrent-sweep-start]
2017-06-28T21:33:26.733+0200: 14753,561: Total time for which application threads were stopped: 0,0001281 seconds, Stopping threads took: 0,0000099 seconds
2017-06-28T21:33:26.750+0200: 14753,578: [CMS-concurrent-sweep: 0,018/0,018 secs] [Times: user=0,01 sys=0,00, real=0,02 secs] 
2017-06-28T21:33:26.750+0200: 14753,578: [CMS-concurrent-reset-start]
2017-06-28T21:33:26.751+0200: 14753,579: [CMS-concurrent-reset: 0,000/0,000 secs] [Times: user=0,01 sys=0,00, real=0,00 secs] 
2017-06-28T21:33:27.368+0200: 14754,196: Total time for which application threads were stopped: 0,0000784 seconds, Stopping threads took: 0,0000142 seconds
2017-06-28T21:33:27.368+0200: 14754,196: Total time for which application threads were stopped: 0,0000362 seconds, Stopping threads took: 0,0000047 seconds
2017-06-28T21:33:27.387+0200: 14754,215: Total time for which application threads were stopped: 0,0000872 seconds, Stopping threads took: 0,0000125 seconds
2017-06-28T21:33:27.409+0200: 14754,237: Total time for which application threads were stopped: 0,0000887 seconds, Stopping threads took: 0,0000174 seconds
2017-06-28T21:33:27.409+0200: 14754,237: Total time for which application threads were stopped: 0,0000853 seconds, Stopping threads took: 0,0000142 seconds
2017-06-28T21:33:27.410+0200: 14754,238: Total time for which application threads were stopped: 0,0000678 seconds, Stopping threads took: 0,0000337 seconds
2017-06-28T21:33:27.413+0200: 14754,241: Total time for which application threads were stopped: 0,0001089 seconds, Stopping threads took: 0,0000369 seconds
2017-06-28T21:33:27.413+0200: 14754,241: Total time for which application threads were stopped: 0,0000706 seconds, Stopping threads took: 0,0000279 seconds
2017-06-28T21:33:27.414+0200: 14754,242: Total time for which application threads were stopped: 0,0000712 seconds, Stopping threads took: 0,0000291 seconds
2017-06-28T21:33:27.414+0200: 14754,242: Total time for which application threads were stopped: 0,0000603 seconds, Stopping threads took: 0,0000141 seconds
2017-06-28T21:33:28.414+0200: 14755,242: Total time for which application threads were stopped: 0,0001656 seconds, Stopping threads took: 0,0000214 seconds
2017-06-28T21:33:28.428+0200: 14755,256: Total time for which application threads were stopped: 0,0001301 seconds, Stopping threads took: 0,0000389 seconds
2017-06-28T21:33:28.446+0200: 14755,274: Total time for which application threads were stopped: 0,0001282 seconds, Stopping threads took: 0,0000273 seconds
2017-06-28T21:33:28.751+0200: 14755,579: [GC (CMS Initial Mark) [1 CMS-initial-mark: 198803K(393216K)] 247114K(502464K), 0,0053599 secs] [Times: user=0,02 sys=0,00, real=0,00 secs] 
2017-06-28T21:33:28.756+0200: 14755,584: Total time for which application threads were stopped: 0,0055433 seconds, Stopping threads took: 0,0000326 seconds
2017-06-28T21:33:28.756+0200: 14755,584: [CMS-concurrent-mark-start]
2017-06-28T21:33:28.780+0200: 14755,608: [CMS-concurrent-mark: 0,024/0,024 secs] [Times: user=0,09 sys=0,00, real=0,03 secs] 
2017-06-28T21:33:28.780+0200: 14755,608: [CMS-concurrent-preclean-start]
2017-06-28T21:33:28.781+0200: 14755,609: [CMS-concurrent-preclean: 0,001/0,001 secs] [Times: user=0,00 sys=0,00, real=0,00 secs] 
2017-06-28T21:33:28.781+0200: 14755,609: [CMS-concurrent-abortable-preclean-start]
 CMS: abort preclean due to time 2017-06-28T21:33:34.883+0200: 14761,711: [CMS-concurrent-abortable-preclean: 0,596/6,101 secs] [Times: user=0,60 sys=0,00, real=6,10 secs] 
2017-06-28T21:33:34.883+0200: 14761,711: [GC (CMS Final Remark) [YG occupancy: 48403 K (109248 K)]{Heap before GC invocations=100 (full 21):
 par new generation   total 109248K, used 48403K [0x00000000e0000000, 0x00000000e8000000, 0x00000000e8000000)
  eden space 87424K,  30% used [0x00000000e0000000, 0x00000000e19f4d10, 0x00000000e5560000)
  from space 21824K, 100% used [0x00000000e5560000, 0x00000000e6ab0000, 0x00000000e6ab0000)
  to   space 21824K,   0% used [0x00000000e6ab0000, 0x00000000e6ab0000, 0x00000000e8000000)
 concurrent mark-sweep generation total 393216K, used 198803K [0x00000000e8000000, 0x0000000100000000, 0x0000000100000000)
 Metaspace       used 31783K, capacity 32136K, committed 32708K, reserved 1079296K
  class space    used 3513K, capacity 3672K, committed 3836K, reserved 1048576K
2017-06-28T21:33:34.883+0200: 14761,711: [GC (CMS Final Remark) 2017-06-28T21:33:34.883+0200: 14761,711: [ParNew
Desired survivor size 20112992 bytes, new threshold 8 (max 8)
- age   1:     741200 bytes,     741200 total
- age   2:      79464 bytes,     820664 total
- age   3:    6890160 bytes,    7710824 total
- age   4:     208304 bytes,    7919128 total
- age   5:    6315232 bytes,   14234360 total
- age   6:     642448 bytes,   14876808 total
- age   7:     608680 bytes,   15485488 total
- age   8:      16312 bytes,   15501800 total
: 48403K->20386K(109248K), 0,0084301 secs] 247207K->220473K(502464K), 0,0085081 secs] [Times: user=0,02 sys=0,01, real=0,01 secs] 
Heap after GC invocations=101 (full 21):
 par new generation   total 109248K, used 20386K [0x00000000e0000000, 0x00000000e8000000, 0x00000000e8000000)
  eden space 87424K,   0% used [0x00000000e0000000, 0x00000000e0000000, 0x00000000e5560000)
  from space 21824K,  93% used [0x00000000e6ab0000, 0x00000000e7e98800, 0x00000000e8000000)
  to   space 21824K,   0% used [0x00000000e5560000, 0x00000000e5560000, 0x00000000e6ab0000)
 concurrent mark-sweep generation total 393216K, used 200087K [0x00000000e8000000, 0x0000000100000000, 0x0000000100000000)
 Metaspace       used 31783K, capacity 32136K, committed 32708K, reserved 1079296K
  class space    used 3513K, capacity 3672K, committed 3836K, reserved 1048576K
}
2017-06-28T21:33:34.892+0200: 14761,720: [Rescan (parallel) , 0,0015619 secs]2017-06-28T21:33:34.893+0200: 14761,721: [weak refs processing, 0,0012755 secs]2017-06-28T21:33:34.895+0200: 14761,723: [class unloading, 0,0080276 secs]2017-06-28T21:33:34.903+0200: 14761,731: [scrub symbol table, 0,0037969 secs]2017-06-28T21:33:34.907+0200: 14761,735: [scrub string table, 0,0007753 secs][1 CMS-remark: 200087K(393216K)] 220473K(502464K), 0,0243050 secs] [Times: user=0,04 sys=0,01, real=0,02 secs] 
2017-06-28T21:33:34.908+0200: 14761,736: Total time for which application threads were stopped: 0,0244638 seconds, Stopping threads took: 0,0000243 seconds
2017-06-28T21:33:34.908+0200: 14761,736: [CMS-concurrent-sweep-start]
2017-06-28T21:33:34.939+0200: 14761,767: [CMS-concurrent-sweep: 0,031/0,031 secs] [Times: user=0,03 sys=0,00, real=0,04 secs] 
2017-06-28T21:33:34.939+0200: 14761,767: [CMS-concurrent-reset-start]
2017-06-28T21:33:34.939+0200: 14761,767: [CMS-concurrent-reset: 0,001/0,001 secs] [Times: user=0,00 sys=0,00, real=0,00 secs] 
2017-06-28T21:33:36.939+0200: 14763,767: [GC (CMS Initial Mark) [1 CMS-initial-mark: 199267K(393216K)] 219653K(502464K), 0,0015370 secs] [Times: user=0,01 sys=0,00, real=0,00 secs] 
2017-06-28T21:33:36.940+0200: 14763,768: Total time for which application threads were stopped: 0,0017123 seconds, Stopping threads took: 0,0000251 seconds
2017-06-28T21:33:36.940+0200: 14763,768: [CMS-concurrent-mark-start]
2017-06-28T21:33:36.966+0200: 14763,794: [CMS-concurrent-mark: 0,026/0,026 secs] [Times: user=0,10 sys=0,00, real=0,02 secs] 
2017-06-28T21:33:36.966+0200: 14763,794: [CMS-concurrent-preclean-start]
2017-06-28T21:33:36.968+0200: 14763,796: [CMS-concurrent-preclean: 0,002/0,002 secs] [Times: user=0,00 sys=0,00, real=0,00 secs] 
2017-06-28T21:33:36.968+0200: 14763,796: [GC (CMS Final Remark) [YG occupancy: 20386 K (109248 K)]{Heap before GC invocations=101 (full 22):
 par new generation   total 109248K, used 20386K [0x00000000e0000000, 0x00000000e8000000, 0x00000000e8000000)
  eden space 87424K,   0% used [0x00000000e0000000, 0x00000000e0000000, 0x00000000e5560000)
  from space 21824K,  93% used [0x00000000e6ab0000, 0x00000000e7e98800, 0x00000000e8000000)
  to   space 21824K,   0% used [0x00000000e5560000, 0x00000000e5560000, 0x00000000e6ab0000)
 concurrent mark-sweep generation total 393216K, used 199267K [0x00000000e8000000, 0x0000000100000000, 0x0000000100000000)
 Metaspace       used 31783K, capacity 32136K, committed 32708K, reserved 1079296K
  class space    used 3513K, capacity 3672K, committed 3836K, reserved 1048576K
2017-06-28T21:33:36.968+0200: 14763,796: [GC (CMS Final Remark) 2017-06-28T21:33:36.968+0200: 14763,796: [ParNew
Desired survivor size 20112992 bytes, new threshold 8 (max 8)
- age   1:         16 bytes,         16 total
- age   2:     704560 bytes,     704576 total
- age   3:      78464 bytes,     783040 total
- age   4:    1343608 bytes,    2126648 total
- age   5:      74288 bytes,    2200936 total
- age   6:    3502192 bytes,    5703128 total
- age   7:     548448 bytes,    6251576 total
- age   8:     510640 bytes,    6762216 total
: 20386K->10160K(109248K), 0,0064663 secs] 219653K->209443K(502464K), 0,0065475 secs] [Times: user=0,02 sys=0,00, real=0,01 secs] 
Heap after GC invocations=102 (full 22):
 par new generation   total 109248K, used 10160K [0x00000000e0000000, 0x00000000e8000000, 0x00000000e8000000)
  eden space 87424K,   0% used [0x00000000e0000000, 0x00000000e0000000, 0x00000000e5560000)
  from space 21824K,  46% used [0x00000000e5560000, 0x00000000e5f4c118, 0x00000000e6ab0000)
  to   space 21824K,   0% used [0x00000000e6ab0000, 0x00000000e6ab0000, 0x00000000e8000000)
 concurrent mark-sweep generation total 393216K, used 199282K [0x00000000e8000000, 0x0000000100000000, 0x0000000100000000)
 Metaspace       used 31783K, capacity 32136K, committed 32708K, reserved 1079296K
  class space    used 3513K, capacity 3672K, committed 3836K, reserved 1048576K
}
2017-06-28T21:33:36.975+0200: 14763,803: [Rescan (parallel) , 0,0013450 secs]2017-06-28T21:33:36.976+0200: 14763,804: [weak refs processing, 0,0007423 secs]2017-06-28T21:33:36.977+0200: 14763,805: [class unloading, 0,0075282 secs]2017-06-28T21:33:36.984+0200: 14763,812: [scrub symbol table, 0,0036078 secs]2017-06-28T21:33:36.988+0200: 14763,816: [scrub string table, 0,0007432 secs][1 CMS-remark: 199282K(393216K)] 209443K(502464K), 0,0208369 secs] [Times: user=0,04 sys=0,00, real=0,03 secs] 
2017-06-28T21:33:36.989+0200: 14763,817: Total time for which application threads were stopped: 0,0209865 seconds, Stopping threads took: 0,0000235 seconds
2017-06-28T21:33:36.989+0200: 14763,817: [CMS-concurrent-sweep-start]
2017-06-28T21:33:37.017+0200: 14763,845: [CMS-concurrent-sweep: 0,028/0,028 secs] [Times: user=0,03 sys=0,00, real=0,03 secs] 
2017-06-28T21:33:37.017+0200: 14763,845: [CMS-concurrent-reset-start]
2017-06-28T21:33:37.017+0200: 14763,845: [CMS-concurrent-reset: 0,001/0,001 secs] [Times: user=0,00 sys=0,00, real=0,00 secs] 
2017-06-28T21:33:39.017+0200: 14765,845: [GC (CMS Initial Mark) [1 CMS-initial-mark: 199140K(393216K)] 211170K(502464K), 0,0012665 secs] [Times: user=0,00 sys=0,00, real=0,00 secs] 
2017-06-28T21:33:39.018+0200: 14765,846: Total time for which application threads were stopped: 0,0014298 seconds, Stopping threads took: 0,0000240 seconds
2017-06-28T21:33:39.018+0200: 14765,846: [CMS-concurrent-mark-start]
2017-06-28T21:33:39.044+0200: 14765,872: [CMS-concurrent-mark: 0,026/0,026 secs] [Times: user=0,10 sys=0,00, real=0,02 secs] 
2017-06-28T21:33:39.044+0200: 14765,872: [CMS-concurrent-preclean-start]
2017-06-28T21:33:39.046+0200: 14765,874: [CMS-concurrent-preclean: 0,002/0,002 secs] [Times: user=0,00 sys=0,00, real=0,00 secs] 
2017-06-28T21:33:39.046+0200: 14765,874: [GC (CMS Final Remark) [YG occupancy: 12029 K (109248 K)]{Heap before GC invocations=102 (full 23):
 par new generation   total 109248K, used 12029K [0x00000000e0000000, 0x00000000e8000000, 0x00000000e8000000)
  eden space 87424K,   2% used [0x00000000e0000000, 0x00000000e01d36a8, 0x00000000e5560000)
  from space 21824K,  46% used [0x00000000e5560000, 0x00000000e5f4c118, 0x00000000e6ab0000)
  to   space 21824K,   0% used [0x00000000e6ab0000, 0x00000000e6ab0000, 0x00000000e8000000)
 concurrent mark-sweep generation total 393216K, used 199140K [0x00000000e8000000, 0x0000000100000000, 0x0000000100000000)
 Metaspace       used 31783K, capacity 32136K, committed 32708K, reserved 1079296K
  class space    used 3513K, capacity 3672K, committed 3836K, reserved 1048576K
2017-06-28T21:33:39.046+0200: 14765,874: [GC (CMS Final Remark) 2017-06-28T21:33:39.046+0200: 14765,874: [ParNew
Desired survivor size 20112992 bytes, new threshold 8 (max 8)
- age   1:        160 bytes,        160 total
- age   2:         16 bytes,        176 total
- age   3:     704400 bytes,     704576 total
- age   4:      78464 bytes,     783040 total
- age   5:    1343608 bytes,    2126648 total
- age   6:      74288 bytes,    2200936 total
- age   7:    3502192 bytes,    5703128 total
- age   8:     548448 bytes,    6251576 total
: 12029K->9207K(109248K), 0,0084651 secs] 211170K->208846K(502464K), 0,0085481 secs] [Times: user=0,02 sys=0,00, real=0,01 secs] 
Heap after GC invocations=103 (full 23):
 par new generation   total 109248K, used 9207K [0x00000000e0000000, 0x00000000e8000000, 0x00000000e8000000)
  eden space 87424K,   0% used [0x00000000e0000000, 0x00000000e0000000, 0x00000000e5560000)
  from space 21824K,  42% used [0x00000000e6ab0000, 0x00000000e73addb0, 0x00000000e8000000)
  to   space 21824K,   0% used [0x00000000e5560000, 0x00000000e5560000, 0x00000000e6ab0000)
 concurrent mark-sweep generation total 393216K, used 199639K [0x00000000e8000000, 0x0000000100000000, 0x0000000100000000)
 Metaspace       used 31783K, capacity 32136K, committed 32708K, reserved 1079296K
  class space    used 3513K, capacity 3672K, committed 3836K, reserved 1048576K
}
2017-06-28T21:33:39.055+0200: 14765,883: [Rescan (parallel) , 0,0011417 secs]2017-06-28T21:33:39.056+0200: 14765,884: [weak refs processing, 0,0007410 secs]2017-06-28T21:33:39.057+0200: 14765,885: [class unloading, 0,0071448 secs]2017-06-28T21:33:39.064+0200: 14765,892: [scrub symbol table, 0,0034663 secs]2017-06-28T21:33:39.067+0200: 14765,895: [scrub string table, 0,0006901 secs][1 CMS-remark: 199639K(393216K)] 208846K(502464K), 0,0220496 secs] [Times: user=0,04 sys=0,00, real=0,02 secs] 
2017-06-28T21:33:39.068+0200: 14765,896: Total time for which application threads were stopped: 0,0222033 seconds, Stopping threads took: 0,0000249 seconds
2017-06-28T21:33:39.068+0200: 14765,896: [CMS-concurrent-sweep-start]
2017-06-28T21:33:39.096+0200: 14765,924: [CMS-concurrent-sweep: 0,028/0,028 secs] [Times: user=0,03 sys=0,00, real=0,03 secs] 
2017-06-28T21:33:39.096+0200: 14765,924: [CMS-concurrent-reset-start]
2017-06-28T21:33:39.097+0200: 14765,925: [CMS-concurrent-reset: 0,001/0,001 secs] [Times: user=0,00 sys=0,00, real=0,01 secs] 
2017-06-28T23:40:14.219+0200: 22361,047: Total time for which application threads were stopped: 0,0001124 seconds, Stopping threads took: 0,0000308 seconds
2017-06-28T23:40:14.219+0200: 22361,047: Total time for which application threads were stopped: 0,0000451 seconds, Stopping threads took: 0,0000073 seconds
2017-06-28T23:40:14.220+0200: 22361,048: Total time for which application threads were stopped: 0,0000683 seconds, Stopping threads took: 0,0000106 seconds
2017-06-28T23:40:14.220+0200: 22361,048: Total time for which application threads were stopped: 0,0000579 seconds, Stopping threads took: 0,0000092 seconds
2017-06-28T23:40:14.488+0200: 22361,316: Total time for which application threads were stopped: 0,0001230 seconds, Stopping threads took: 0,0000394 seconds
2017-06-28T23:40:14.489+0200: 22361,317: Total time for which application threads were stopped: 0,0000383 seconds, Stopping threads took: 0,0000080 seconds
2017-06-28T23:40:14.490+0200: 22361,318: Total time for which application threads were stopped: 0,0000918 seconds, Stopping threads took: 0,0000370 seconds
2017-06-28T23:40:14.490+0200: 22361,318: Total time for which application threads were stopped: 0,0000731 seconds, Stopping threads took: 0,0000378 seconds
2017-06-28T23:40:14.492+0200: 22361,320: Total time for which application threads were stopped: 0,0000740 seconds, Stopping threads took: 0,0000160 seconds
2017-06-28T23:40:14.523+0200: 22361,351: Total time for which application threads were stopped: 0,0001240 seconds, Stopping threads took: 0,0000283 seconds
2017-06-28T23:40:14.523+0200: 22361,351: Total time for which application threads were stopped: 0,0000741 seconds, Stopping threads took: 0,0000177 seconds
2017-06-28T23:40:14.523+0200: 22361,351: Total time for which application threads were stopped: 0,0000736 seconds, Stopping threads took: 0,0000251 seconds
2017-06-28T23:40:14.523+0200: 22361,351: Total time for which application threads were stopped: 0,0000778 seconds, Stopping threads took: 0,0000324 seconds
2017-06-28T23:40:14.523+0200: 22361,351: Total time for which application threads were stopped: 0,0000532 seconds, Stopping threads took: 0,0000180 seconds
2017-06-28T23:40:14.525+0200: 22361,353: Total time for which application threads were stopped: 0,0001250 seconds, Stopping threads took: 0,0000359 seconds
2017-06-28T23:40:14.525+0200: 22361,353: Total time for which application threads were stopped: 0,0000775 seconds, Stopping threads took: 0,0000188 seconds
2017-06-28T23:40:14.525+0200: 22361,353: Total time for which application threads were stopped: 0,0000796 seconds, Stopping threads took: 0,0000213 seconds
2017-06-28T23:40:14.525+0200: 22361,353: Total time for which application threads were stopped: 0,0000802 seconds, Stopping threads took: 0,0000215 seconds
2017-06-28T23:40:14.525+0200: 22361,353: Total time for which application threads were stopped: 0,0000794 seconds, Stopping threads took: 0,0000210 seconds
2017-06-28T23:40:14.525+0200: 22361,353: Total time for which application threads were stopped: 0,0000759 seconds, Stopping threads took: 0,0000214 seconds
2017-06-28T23:40:14.602+0200: 22361,430: Total time for which application threads were stopped: 0,0001266 seconds, Stopping threads took: 0,0000222 seconds
2017-06-28T23:40:14.602+0200: 22361,430: Total time for which application threads were stopped: 0,0000431 seconds, Stopping threads took: 0,0000066 seconds
2017-06-28T23:40:15.602+0200: 22362,430: Total time for which application threads were stopped: 0,0001157 seconds, Stopping threads took: 0,0000249 seconds
2017-06-28T23:40:18.968+0200: 22365,796: Total time for which application threads were stopped: 0,0001350 seconds, Stopping threads took: 0,0000283 seconds
2017-06-28T23:40:18.972+0200: 22365,800: Total time for which application threads were stopped: 0,0001133 seconds, Stopping threads took: 0,0000158 seconds
2017-06-28T23:40:19.950+0200: 22366,778: Total time for which application threads were stopped: 0,0001411 seconds, Stopping threads took: 0,0000354 seconds
2017-06-28T23:40:19.975+0200: 22366,803: Total time for which application threads were stopped: 0,0001100 seconds, Stopping threads took: 0,0000270 seconds
2017-06-28T23:40:19.975+0200: 22366,803: Total time for which application threads were stopped: 0,0000453 seconds, Stopping threads took: 0,0000078 seconds
2017-06-28T23:40:19.975+0200: 22366,803: Total time for which application threads were stopped: 0,0000584 seconds, Stopping threads took: 0,0000213 seconds
2017-06-28T23:40:20.976+0200: 22367,804: Total time for which application threads were stopped: 0,0001155 seconds, Stopping threads took: 0,0000351 seconds
2017-06-28T23:40:21.976+0200: 22368,804: Total time for which application threads were stopped: 0,0001543 seconds, Stopping threads took: 0,0000346 seconds
2017-06-28T23:40:22.976+0200: 22369,804: Total time for which application threads were stopped: 0,0001632 seconds, Stopping threads took: 0,0000482 seconds
2017-06-28T23:40:24.979+0200: 22371,807: Total time for which application threads were stopped: 0,0026984 seconds, Stopping threads took: 0,0025779 seconds
2017-06-28T23:40:25.734+0200: 22372,562: Total time for which application threads were stopped: 0,0001561 seconds, Stopping threads took: 0,0000544 seconds
2017-06-28T23:40:25.734+0200: 22372,562: Total time for which application threads were stopped: 0,0001590 seconds, Stopping threads took: 0,0001121 seconds
{Heap before GC invocations=103 (full 23):
 par new generation   total 109248K, used 96631K [0x00000000e0000000, 0x00000000e8000000, 0x00000000e8000000)
  eden space 87424K, 100% used [0x00000000e0000000, 0x00000000e5560000, 0x00000000e5560000)
  from space 21824K,  42% used [0x00000000e6ab0000, 0x00000000e73addb0, 0x00000000e8000000)
  to   space 21824K,   0% used [0x00000000e5560000, 0x00000000e5560000, 0x00000000e6ab0000)
 concurrent mark-sweep generation total 393216K, used 185781K [0x00000000e8000000, 0x0000000100000000, 0x0000000100000000)
 Metaspace       used 32117K, capacity 32616K, committed 33220K, reserved 1079296K
  class space    used 3544K, capacity 3704K, committed 3836K, reserved 1048576K
2017-06-28T23:40:26.100+0200: 22372,928: [GC (Allocation Failure) 2017-06-28T23:40:26.100+0200: 22372,928: [ParNew
Desired survivor size 20112992 bytes, new threshold 8 (max 8)
- age   1:    4783208 bytes,    4783208 total
- age   3:         16 bytes,    4783224 total
- age   4:     686696 bytes,    5469920 total
- age   5:      65128 bytes,    5535048 total
- age   6:    1294336 bytes,    6829384 total
- age   7:      73840 bytes,    6903224 total
- age   8:    3397128 bytes,   10300352 total
: 96631K->11144K(109248K), 0,0061139 secs] 282413K->197449K(502464K), 0,0062043 secs] [Times: user=0,04 sys=0,00, real=0,00 secs] 
Heap after GC invocations=104 (full 23):
 par new generation   total 109248K, used 11144K [0x00000000e0000000, 0x00000000e8000000, 0x00000000e8000000)
  eden space 87424K,   0% used [0x00000000e0000000, 0x00000000e0000000, 0x00000000e5560000)
  from space 21824K,  51% used [0x00000000e5560000, 0x00000000e6042088, 0x00000000e6ab0000)
  to   space 21824K,   0% used [0x00000000e6ab0000, 0x00000000e6ab0000, 0x00000000e8000000)
 concurrent mark-sweep generation total 393216K, used 186305K [0x00000000e8000000, 0x0000000100000000, 0x0000000100000000)
 Metaspace       used 32117K, capacity 32616K, committed 33220K, reserved 1079296K
  class space    used 3544K, capacity 3704K, committed 3836K, reserved 1048576K
}
2017-06-28T23:40:26.107+0200: 22372,935: Total time for which application threads were stopped: 0,0065860 seconds, Stopping threads took: 0,0000341 seconds
2017-06-28T23:40:26.107+0200: 22372,935: Total time for which application threads were stopped: 0,0002879 seconds, Stopping threads took: 0,0000319 seconds
{Heap before GC invocations=104 (full 23):
 par new generation   total 109248K, used 98568K [0x00000000e0000000, 0x00000000e8000000, 0x00000000e8000000)
  eden space 87424K, 100% used [0x00000000e0000000, 0x00000000e5560000, 0x00000000e5560000)
  from space 21824K,  51% used [0x00000000e5560000, 0x00000000e6042088, 0x00000000e6ab0000)
  to   space 21824K,   0% used [0x00000000e6ab0000, 0x00000000e6ab0000, 0x00000000e8000000)
 concurrent mark-sweep generation total 393216K, used 186305K [0x00000000e8000000, 0x0000000100000000, 0x0000000100000000)
 Metaspace       used 32118K, capacity 32616K, committed 33220K, reserved 1079296K
  class space    used 3544K, capacity 3704K, committed 3836K, reserved 1048576K
2017-06-28T23:40:26.633+0200: 22373,461: [GC (Allocation Failure) 2017-06-28T23:40:26.633+0200: 22373,461: [ParNew
Desired survivor size 20112992 bytes, new threshold 8 (max 8)
- age   1:     122616 bytes,     122616 total
- age   2:    4506600 bytes,    4629216 total
- age   4:         16 bytes,    4629232 total
- age   5:     681776 bytes,    5311008 total
- age   6:      64944 bytes,    5375952 total
- age   7:    1294336 bytes,    6670288 total
- age   8:      73840 bytes,    6744128 total
: 98568K->11425K(109248K), 0,0036709 secs] 284873K->201047K(502464K), 0,0037412 secs] [Times: user=0,01 sys=0,01, real=0,01 secs] 
Heap after GC invocations=105 (full 23):
 par new generation   total 109248K, used 11425K [0x00000000e0000000, 0x00000000e8000000, 0x00000000e8000000)
  eden space 87424K,   0% used [0x00000000e0000000, 0x00000000e0000000, 0x00000000e5560000)
  from space 21824K,  52% used [0x00000000e6ab0000, 0x00000000e75d8440, 0x00000000e8000000)
  to   space 21824K,   0% used [0x00000000e5560000, 0x00000000e5560000, 0x00000000e6ab0000)
 concurrent mark-sweep generation total 393216K, used 189622K [0x00000000e8000000, 0x0000000100000000, 0x0000000100000000)
 Metaspace       used 32118K, capacity 32616K, committed 33220K, reserved 1079296K
  class space    used 3544K, capacity 3704K, committed 3836K, reserved 1048576K
}
2017-06-28T23:40:26.637+0200: 22373,465: Total time for which application threads were stopped: 0,0039413 seconds, Stopping threads took: 0,0000227 seconds
{Heap before GC invocations=105 (full 23):
 par new generation   total 109248K, used 98849K [0x00000000e0000000, 0x00000000e8000000, 0x00000000e8000000)
  eden space 87424K, 100% used [0x00000000e0000000, 0x00000000e5560000, 0x00000000e5560000)
  from space 21824K,  52% used [0x00000000e6ab0000, 0x00000000e75d8440, 0x00000000e8000000)
  to   space 21824K,   0% used [0x00000000e5560000, 0x00000000e5560000, 0x00000000e6ab0000)
 concurrent mark-sweep generation total 393216K, used 189622K [0x00000000e8000000, 0x0000000100000000, 0x0000000100000000)
 Metaspace       used 32118K, capacity 32616K, committed 33220K, reserved 1079296K
  class space    used 3544K, capacity 3704K, committed 3836K, reserved 1048576K
2017-06-28T23:40:27.134+0200: 22373,962: [GC (Allocation Failure) 2017-06-28T23:40:27.134+0200: 22373,962: [ParNew
Desired survivor size 20112992 bytes, new threshold 8 (max 8)
- age   1:     107680 bytes,     107680 total
- age   2:      58624 bytes,     166304 total
- age   3:    4503384 bytes,    4669688 total
- age   5:         16 bytes,    4669704 total
- age   6:     681776 bytes,    5351480 total
- age   7:      64944 bytes,    5416424 total
- age   8:    1294336 bytes,    6710760 total
: 98849K->6828K(109248K), 0,0026708 secs] 288471K->196523K(502464K), 0,0027283 secs] [Times: user=0,00 sys=0,00, real=0,01 secs] 
Heap after GC invocations=106 (full 23):
 par new generation   total 109248K, used 6828K [0x00000000e0000000, 0x00000000e8000000, 0x00000000e8000000)
  eden space 87424K,   0% used [0x00000000e0000000, 0x00000000e0000000, 0x00000000e5560000)
  from space 21824K,  31% used [0x00000000e5560000, 0x00000000e5c0b100, 0x00000000e6ab0000)
  to   space 21824K,   0% used [0x00000000e6ab0000, 0x00000000e6ab0000, 0x00000000e8000000)
 concurrent mark-sweep generation total 393216K, used 189694K [0x00000000e8000000, 0x0000000100000000, 0x0000000100000000)
 Metaspace       used 32118K, capacity 32616K, committed 33220K, reserved 1079296K
  class space    used 3544K, capacity 3704K, committed 3836K, reserved 1048576K
}
2017-06-28T23:40:27.137+0200: 22373,965: Total time for which application threads were stopped: 0,0028787 seconds, Stopping threads took: 0,0000181 seconds
{Heap before GC invocations=106 (full 23):
 par new generation   total 109248K, used 94252K [0x00000000e0000000, 0x00000000e8000000, 0x00000000e8000000)
  eden space 87424K, 100% used [0x00000000e0000000, 0x00000000e5560000, 0x00000000e5560000)
  from space 21824K,  31% used [0x00000000e5560000, 0x00000000e5c0b100, 0x00000000e6ab0000)
  to   space 21824K,   0% used [0x00000000e6ab0000, 0x00000000e6ab0000, 0x00000000e8000000)
 concurrent mark-sweep generation total 393216K, used 189694K [0x00000000e8000000, 0x0000000100000000, 0x0000000100000000)
 Metaspace       used 32118K, capacity 32616K, committed 33220K, reserved 1079296K
  class space    used 3544K, capacity 3704K, committed 3836K, reserved 1048576K
2017-06-28T23:40:27.618+0200: 22374,446: [GC (Allocation Failure) 2017-06-28T23:40:27.618+0200: 22374,446: [ParNew
Desired survivor size 20112992 bytes, new threshold 8 (max 8)
- age   1:      87656 bytes,      87656 total
- age   2:      42104 bytes,     129760 total
- age   3:      52024 bytes,     181784 total
- age   4:    4501720 bytes,    4683504 total
- age   6:         16 bytes,    4683520 total
- age   7:     681776 bytes,    5365296 total
- age   8:      64944 bytes,    5430240 total
: 94252K->6474K(109248K), 0,0060774 secs] 283947K->197434K(502464K), 0,0061313 secs] [Times: user=0,01 sys=0,00, real=0,00 secs] 
Heap after GC invocations=107 (full 23):
 par new generation   total 109248K, used 6474K [0x00000000e0000000, 0x00000000e8000000, 0x00000000e8000000)
  eden space 87424K,   0% used [0x00000000e0000000, 0x00000000e0000000, 0x00000000e5560000)
  from space 21824K,  29% used [0x00000000e6ab0000, 0x00000000e7102be0, 0x00000000e8000000)
  to   space 21824K,   0% used [0x00000000e5560000, 0x00000000e5560000, 0x00000000e6ab0000)
 concurrent mark-sweep generation total 393216K, used 190959K [0x00000000e8000000, 0x0000000100000000, 0x0000000100000000)
 Metaspace       used 32118K, capacity 32616K, committed 33220K, reserved 1079296K
  class space    used 3544K, capacity 3704K, committed 3836K, reserved 1048576K
}
2017-06-28T23:40:27.624+0200: 22374,452: Total time for which application threads were stopped: 0,0062935 seconds, Stopping threads took: 0,0000182 seconds
{Heap before GC invocations=107 (full 23):
 par new generation   total 109248K, used 93898K [0x00000000e0000000, 0x00000000e8000000, 0x00000000e8000000)
  eden space 87424K, 100% used [0x00000000e0000000, 0x00000000e5560000, 0x00000000e5560000)
  from space 21824K,  29% used [0x00000000e6ab0000, 0x00000000e7102be0, 0x00000000e8000000)
  to   space 21824K,   0% used [0x00000000e5560000, 0x00000000e5560000, 0x00000000e6ab0000)
 concurrent mark-sweep generation total 393216K, used 190959K [0x00000000e8000000, 0x0000000100000000, 0x0000000100000000)
 Metaspace       used 32118K, capacity 32616K, committed 33220K, reserved 1079296K
  class space    used 3544K, capacity 3704K, committed 3836K, reserved 1048576K
2017-06-28T23:40:28.065+0200: 22374,894: [GC (Allocation Failure) 2017-06-28T23:40:28.066+0200: 22374,894: [ParNew
Desired survivor size 20112992 bytes, new threshold 8 (max 8)
- age   1:     110328 bytes,     110328 total
- age   2:      41000 bytes,     151328 total
- age   3:      39968 bytes,     191296 total
- age   4:      49016 bytes,     240312 total
- age   5:    4500336 bytes,    4740648 total
- age   7:         16 bytes,    4740664 total
- age   8:     681776 bytes,    5422440 total
: 93898K->5957K(109248K), 0,0026422 secs] 284858K->196980K(502464K), 0,0027006 secs] [Times: user=0,00 sys=0,00, real=0,00 secs] 
Heap after GC invocations=108 (full 23):
 par new generation   total 109248K, used 5957K [0x00000000e0000000, 0x00000000e8000000, 0x00000000e8000000)
  eden space 87424K,   0% used [0x00000000e0000000, 0x00000000e0000000, 0x00000000e5560000)
  from space 21824K,  27% used [0x00000000e5560000, 0x00000000e5b31500, 0x00000000e6ab0000)
  to   space 21824K,   0% used [0x00000000e6ab0000, 0x00000000e6ab0000, 0x00000000e8000000)
 concurrent mark-sweep generation total 393216K, used 191023K [0x00000000e8000000, 0x0000000100000000, 0x0000000100000000)
 Metaspace       used 32118K, capacity 32616K, committed 33220K, reserved 1079296K
  class space    used 3544K, capacity 3704K, committed 3836K, reserved 1048576K
}
2017-06-28T23:40:28.068+0200: 22374,896: Total time for which application threads were stopped: 0,0028631 seconds, Stopping threads took: 0,0000204 seconds
{Heap before GC invocations=108 (full 23):
 par new generation   total 109248K, used 93381K [0x00000000e0000000, 0x00000000e8000000, 0x00000000e8000000)
  eden space 87424K, 100% used [0x00000000e0000000, 0x00000000e5560000, 0x00000000e5560000)
  from space 21824K,  27% used [0x00000000e5560000, 0x00000000e5b31500, 0x00000000e6ab0000)
  to   space 21824K,   0% used [0x00000000e6ab0000, 0x00000000e6ab0000, 0x00000000e8000000)
 concurrent mark-sweep generation total 393216K, used 191023K [0x00000000e8000000, 0x0000000100000000, 0x0000000100000000)
 Metaspace       used 32122K, capacity 32616K, committed 33220K, reserved 1079296K
  class space    used 3544K, capacity 3704K, committed 3836K, reserved 1048576K
2017-06-28T23:40:28.568+0200: 22375,396: [GC (Allocation Failure) 2017-06-28T23:40:28.568+0200: 22375,396: [ParNew
Desired survivor size 20112992 bytes, new threshold 8 (max 8)
- age   1:     109808 bytes,     109808 total
- age   2:      35544 bytes,     145352 total
- age   3:      40280 bytes,     185632 total
- age   4:      39056 bytes,     224688 total
- age   5:      46496 bytes,     271184 total
- age   6:    4497728 bytes,    4768912 total
- age   8:         16 bytes,    4768928 total
: 93381K->5310K(109248K), 0,0028435 secs] 284404K->197003K(502464K), 0,0029013 secs] [Times: user=0,01 sys=0,00, real=0,01 secs] 
Heap after GC invocations=109 (full 23):
 par new generation   total 109248K, used 5310K [0x00000000e0000000, 0x00000000e8000000, 0x00000000e8000000)
  eden space 87424K,   0% used [0x00000000e0000000, 0x00000000e0000000, 0x00000000e5560000)
  from space 21824K,  24% used [0x00000000e6ab0000, 0x00000000e6fdfaa8, 0x00000000e8000000)
  to   space 21824K,   0% used [0x00000000e5560000, 0x00000000e5560000, 0x00000000e6ab0000)
 concurrent mark-sweep generation total 393216K, used 191692K [0x00000000e8000000, 0x0000000100000000, 0x0000000100000000)
 Metaspace       used 32122K, capacity 32616K, committed 33220K, reserved 1079296K
  class space    used 3544K, capacity 3704K, committed 3836K, reserved 1048576K
}
2017-06-28T23:40:28.571+0200: 22375,399: Total time for which application threads were stopped: 0,0030587 seconds, Stopping threads took: 0,0000202 seconds
{Heap before GC invocations=109 (full 23):
 par new generation   total 109248K, used 92734K [0x00000000e0000000, 0x00000000e8000000, 0x00000000e8000000)
  eden space 87424K, 100% used [0x00000000e0000000, 0x00000000e5560000, 0x00000000e5560000)
  from space 21824K,  24% used [0x00000000e6ab0000, 0x00000000e6fdfaa8, 0x00000000e8000000)
  to   space 21824K,   0% used [0x00000000e5560000, 0x00000000e5560000, 0x00000000e6ab0000)
 concurrent mark-sweep generation total 393216K, used 191692K [0x00000000e8000000, 0x0000000100000000, 0x0000000100000000)
 Metaspace       used 32122K, capacity 32616K, committed 33220K, reserved 1079296K
  class space    used 3544K, capacity 3704K, committed 3836K, reserved 1048576K
2017-06-28T23:40:29.130+0200: 22375,958: [GC (Allocation Failure) 2017-06-28T23:40:29.130+0200: 22375,958: [ParNew
Desired survivor size 20112992 bytes, new threshold 8 (max 8)
- age   1:      96792 bytes,      96792 total
- age   2:      48472 bytes,     145264 total
- age   3:      35040 bytes,     180304 total
- age   4:      40280 bytes,     220584 total
- age   5:      37336 bytes,     257920 total
- age   6:      44472 bytes,     302392 total
- age   7:    4497608 bytes,    4800000 total
: 92734K->4891K(109248K), 0,0020957 secs] 284427K->196583K(502464K), 0,0021552 secs] [Times: user=0,01 sys=0,00, real=0,00 secs] 
Heap after GC invocations=110 (full 23):
 par new generation   total 109248K, used 4891K [0x00000000e0000000, 0x00000000e8000000, 0x00000000e8000000)
  eden space 87424K,   0% used [0x00000000e0000000, 0x00000000e0000000, 0x00000000e5560000)
  from space 21824K,  22% used [0x00000000e5560000, 0x00000000e5a26cc8, 0x00000000e6ab0000)
  to   space 21824K,   0% used [0x00000000e6ab0000, 0x00000000e6ab0000, 0x00000000e8000000)
 concurrent mark-sweep generation total 393216K, used 191692K [0x00000000e8000000, 0x0000000100000000, 0x0000000100000000)
 Metaspace       used 32122K, capacity 32616K, committed 33220K, reserved 1079296K
  class space    used 3544K, capacity 3704K, committed 3836K, reserved 1048576K
}
2017-06-28T23:40:29.132+0200: 22375,960: Total time for which application threads were stopped: 0,0023242 seconds, Stopping threads took: 0,0000289 seconds
{Heap before GC invocations=110 (full 23):
 par new generation   total 109248K, used 92315K [0x00000000e0000000, 0x00000000e8000000, 0x00000000e8000000)
  eden space 87424K, 100% used [0x00000000e0000000, 0x00000000e5560000, 0x00000000e5560000)
  from space 21824K,  22% used [0x00000000e5560000, 0x00000000e5a26cc8, 0x00000000e6ab0000)
  to   space 21824K,   0% used [0x00000000e6ab0000, 0x00000000e6ab0000, 0x00000000e8000000)
 concurrent mark-sweep generation total 393216K, used 191692K [0x00000000e8000000, 0x0000000100000000, 0x0000000100000000)
 Metaspace       used 32122K, capacity 32616K, committed 33220K, reserved 1079296K
  class space    used 3544K, capacity 3704K, committed 3836K, reserved 1048576K
2017-06-28T23:40:29.409+0200: 22376,237: [GC (Allocation Failure) 2017-06-28T23:40:29.409+0200: 22376,237: [ParNew
Desired survivor size 20112992 bytes, new threshold 8 (max 8)
- age   1:      85480 bytes,      85480 total
- age   2:      32768 bytes,     118248 total
- age   3:      47048 bytes,     165296 total
- age   4:      32288 bytes,     197584 total
- age   5:      37720 bytes,     235304 total
- age   6:      36136 bytes,     271440 total
- age   7:      41024 bytes,     312464 total
- age   8:    4494424 bytes,    4806888 total
: 92315K->4856K(109248K), 0,0020758 secs] 284007K->196548K(502464K), 0,0021318 secs] [Times: user=0,01 sys=0,00, real=0,00 secs] 
Heap after GC invocations=111 (full 23):
 par new generation   total 109248K, used 4856K [0x00000000e0000000, 0x00000000e8000000, 0x00000000e8000000)
  eden space 87424K,   0% used [0x00000000e0000000, 0x00000000e0000000, 0x00000000e5560000)
  from space 21824K,  22% used [0x00000000e6ab0000, 0x00000000e6f6e050, 0x00000000e8000000)
  to   space 21824K,   0% used [0x00000000e5560000, 0x00000000e5560000, 0x00000000e6ab0000)
 concurrent mark-sweep generation total 393216K, used 191692K [0x00000000e8000000, 0x0000000100000000, 0x0000000100000000)
 Metaspace       used 32122K, capacity 32616K, committed 33220K, reserved 1079296K
  class space    used 3544K, capacity 3704K, committed 3836K, reserved 1048576K
}
2017-06-28T23:40:29.411+0200: 22376,239: Total time for which application threads were stopped: 0,0022959 seconds, Stopping threads took: 0,0000218 seconds
{Heap before GC invocations=111 (full 23):
 par new generation   total 109248K, used 92280K [0x00000000e0000000, 0x00000000e8000000, 0x00000000e8000000)
  eden space 87424K, 100% used [0x00000000e0000000, 0x00000000e5560000, 0x00000000e5560000)
  from space 21824K,  22% used [0x00000000e6ab0000, 0x00000000e6f6e050, 0x00000000e8000000)
  to   space 21824K,   0% used [0x00000000e5560000, 0x00000000e5560000, 0x00000000e6ab0000)
 concurrent mark-sweep generation total 393216K, used 191692K [0x00000000e8000000, 0x0000000100000000, 0x0000000100000000)
 Metaspace       used 32128K, capacity 32616K, committed 33220K, reserved 1079296K
  class space    used 3544K, capacity 3704K, committed 3836K, reserved 1048576K
2017-06-28T23:40:29.655+0200: 22376,483: [GC (Allocation Failure) 2017-06-28T23:40:29.655+0200: 22376,483: [ParNew
Desired survivor size 20112992 bytes, new threshold 8 (max 8)
- age   1:     337400 bytes,     337400 total
- age   8:         96 bytes,     337496 total
: 92280K->827K(109248K), 0,0023876 secs] 283972K->196792K(502464K), 0,0024548 secs] [Times: user=0,00 sys=0,00, real=0,01 secs] 
Heap after GC invocations=112 (full 23):
 par new generation   total 109248K, used 827K [0x00000000e0000000, 0x00000000e8000000, 0x00000000e8000000)
  eden space 87424K,   0% used [0x00000000e0000000, 0x00000000e0000000, 0x00000000e5560000)
  from space 21824K,   3% used [0x00000000e5560000, 0x00000000e562ec20, 0x00000000e6ab0000)
  to   space 21824K,   0% used [0x00000000e6ab0000, 0x00000000e6ab0000, 0x00000000e8000000)
 concurrent mark-sweep generation total 393216K, used 195965K [0x00000000e8000000, 0x0000000100000000, 0x0000000100000000)
 Metaspace       used 32128K, capacity 32616K, committed 33220K, reserved 1079296K
  class space    used 3544K, capacity 3704K, committed 3836K, reserved 1048576K
}
2017-06-28T23:40:29.657+0200: 22376,485: Total time for which application threads were stopped: 0,0026391 seconds, Stopping threads took: 0,0000252 seconds
{Heap before GC invocations=112 (full 23):
 par new generation   total 109248K, used 88251K [0x00000000e0000000, 0x00000000e8000000, 0x00000000e8000000)
  eden space 87424K, 100% used [0x00000000e0000000, 0x00000000e5560000, 0x00000000e5560000)
  from space 21824K,   3% used [0x00000000e5560000, 0x00000000e562ec20, 0x00000000e6ab0000)
  to   space 21824K,   0% used [0x00000000e6ab0000, 0x00000000e6ab0000, 0x00000000e8000000)
 concurrent mark-sweep generation total 393216K, used 195965K [0x00000000e8000000, 0x0000000100000000, 0x0000000100000000)
 Metaspace       used 32129K, capacity 32616K, committed 33220K, reserved 1079296K
  class space    used 3544K, capacity 3704K, committed 3836K, reserved 1048576K
2017-06-28T23:40:29.869+0200: 22376,697: [GC (Allocation Failure) 2017-06-28T23:40:29.869+0200: 22376,697: [ParNew
Desired survivor size 20112992 bytes, new threshold 8 (max 8)
- age   1:     218688 bytes,     218688 total
- age   2:       2192 bytes,     220880 total
: 88251K->448K(109248K), 0,0023666 secs] 284216K->196413K(502464K), 0,0024046 secs] [Times: user=0,00 sys=0,00, real=0,00 secs] 
Heap after GC invocations=113 (full 23):
 par new generation   total 109248K, used 448K [0x00000000e0000000, 0x00000000e8000000, 0x00000000e8000000)
  eden space 87424K,   0% used [0x00000000e0000000, 0x00000000e0000000, 0x00000000e5560000)
  from space 21824K,   2% used [0x00000000e6ab0000, 0x00000000e6b20150, 0x00000000e8000000)
  to   space 21824K,   0% used [0x00000000e5560000, 0x00000000e5560000, 0x00000000e6ab0000)
 concurrent mark-sweep generation total 393216K, used 195965K [0x00000000e8000000, 0x0000000100000000, 0x0000000100000000)
 Metaspace       used 32129K, capacity 32616K, committed 33220K, reserved 1079296K
  class space    used 3544K, capacity 3704K, committed 3836K, reserved 1048576K
}
2017-06-28T23:40:29.872+0200: 22376,700: Total time for which application threads were stopped: 0,0025388 seconds, Stopping threads took: 0,0000188 seconds
{Heap before GC invocations=113 (full 23):
 par new generation   total 109248K, used 87872K [0x00000000e0000000, 0x00000000e8000000, 0x00000000e8000000)
  eden space 87424K, 100% used [0x00000000e0000000, 0x00000000e5560000, 0x00000000e5560000)
  from space 21824K,   2% used [0x00000000e6ab0000, 0x00000000e6b20150, 0x00000000e8000000)
  to   space 21824K,   0% used [0x00000000e5560000, 0x00000000e5560000, 0x00000000e6ab0000)
 concurrent mark-sweep generation total 393216K, used 195965K [0x00000000e8000000, 0x0000000100000000, 0x0000000100000000)
 Metaspace       used 32129K, capacity 32616K, committed 33220K, reserved 1079296K
  class space    used 3544K, capacity 3704K, committed 3836K, reserved 1048576K
2017-06-28T23:40:30.278+0200: 22377,106: [GC (Allocation Failure) 2017-06-28T23:40:30.278+0200: 22377,106: [ParNew
Desired survivor size 20112992 bytes, new threshold 8 (max 8)
- age   1:      91488 bytes,      91488 total
- age   2:     186592 bytes,     278080 total
- age   3:       2192 bytes,     280272 total
: 87872K->349K(109248K), 0,0019404 secs] 283837K->196314K(502464K), 0,0019872 secs] [Times: user=0,00 sys=0,00, real=0,00 secs] 
Heap after GC invocations=114 (full 23):
 par new generation   total 109248K, used 349K [0x00000000e0000000, 0x00000000e8000000, 0x00000000e8000000)
  eden space 87424K,   0% used [0x00000000e0000000, 0x00000000e0000000, 0x00000000e5560000)
  from space 21824K,   1% used [0x00000000e5560000, 0x00000000e55b75e8, 0x00000000e6ab0000)
  to   space 21824K,   0% used [0x00000000e6ab0000, 0x00000000e6ab0000, 0x00000000e8000000)
 concurrent mark-sweep generation total 393216K, used 195965K [0x00000000e8000000, 0x0000000100000000, 0x0000000100000000)
 Metaspace       used 32129K, capacity 32616K, committed 33220K, reserved 1079296K
  class space    used 3544K, capacity 3704K, committed 3836K, reserved 1048576K
}
2017-06-28T23:40:30.280+0200: 22377,108: Total time for which application threads were stopped: 0,0021271 seconds, Stopping threads took: 0,0000183 seconds
{Heap before GC invocations=114 (full 23):
 par new generation   total 109248K, used 87773K [0x00000000e0000000, 0x00000000e8000000, 0x00000000e8000000)
  eden space 87424K, 100% used [0x00000000e0000000, 0x00000000e5560000, 0x00000000e5560000)
  from space 21824K,   1% used [0x00000000e5560000, 0x00000000e55b75e8, 0x00000000e6ab0000)
  to   space 21824K,   0% used [0x00000000e6ab0000, 0x00000000e6ab0000, 0x00000000e8000000)
 concurrent mark-sweep generation total 393216K, used 195965K [0x00000000e8000000, 0x0000000100000000, 0x0000000100000000)
 Metaspace       used 32129K, capacity 32616K, committed 33220K, reserved 1079296K
  class space    used 3544K, capacity 3704K, committed 3836K, reserved 1048576K
2017-06-28T23:40:30.750+0200: 22377,578: [GC (Allocation Failure) 2017-06-28T23:40:30.750+0200: 22377,578: [ParNew
Desired survivor size 20112992 bytes, new threshold 8 (max 8)
- age   1:      65664 bytes,      65664 total
- age   2:      42392 bytes,     108056 total
- age   3:     179200 bytes,     287256 total
- age   4:       2192 bytes,     289448 total
: 87773K->401K(109248K), 0,0018840 secs] 283738K->196367K(502464K), 0,0019223 secs] [Times: user=0,00 sys=0,00, real=0,00 secs] 
Heap after GC invocations=115 (full 23):
 par new generation   total 109248K, used 401K [0x00000000e0000000, 0x00000000e8000000, 0x00000000e8000000)
  eden space 87424K,   0% used [0x00000000e0000000, 0x00000000e0000000, 0x00000000e5560000)
  from space 21824K,   1% used [0x00000000e6ab0000, 0x00000000e6b147a0, 0x00000000e8000000)
  to   space 21824K,   0% used [0x00000000e5560000, 0x00000000e5560000, 0x00000000e6ab0000)
 concurrent mark-sweep generation total 393216K, used 195965K [0x00000000e8000000, 0x0000000100000000, 0x0000000100000000)
 Metaspace       used 32129K, capacity 32616K, committed 33220K, reserved 1079296K
  class space    used 3544K, capacity 3704K, committed 3836K, reserved 1048576K
}
2017-06-28T23:40:30.752+0200: 22377,580: Total time for which application threads were stopped: 0,0020567 seconds, Stopping threads took: 0,0000192 seconds
{Heap before GC invocations=115 (full 23):
 par new generation   total 109248K, used 87794K [0x00000000e0000000, 0x00000000e8000000, 0x00000000e8000000)
  eden space 87424K,  99% used [0x00000000e0000000, 0x00000000e55581a0, 0x00000000e5560000)
  from space 21824K,   1% used [0x00000000e6ab0000, 0x00000000e6b147a0, 0x00000000e8000000)
  to   space 21824K,   0% used [0x00000000e5560000, 0x00000000e5560000, 0x00000000e6ab0000)
 concurrent mark-sweep generation total 393216K, used 195965K [0x00000000e8000000, 0x0000000100000000, 0x0000000100000000)
 Metaspace       used 32129K, capacity 32616K, committed 33220K, reserved 1079296K
  class space    used 3544K, capacity 3704K, committed 3836K, reserved 1048576K
2017-06-28T23:40:31.242+0200: 22378,070: [GC (Allocation Failure) 2017-06-28T23:40:31.242+0200: 22378,070: [ParNew
Desired survivor size 20112992 bytes, new threshold 8 (max 8)
- age   1:      74960 bytes,      74960 total
- age   2:      40336 bytes,     115296 total
- age   3:      38264 bytes,     153560 total
- age   4:     173440 bytes,     327000 total
- age   5:       2192 bytes,     329192 total
: 87794K->409K(109248K), 0,0019293 secs] 283759K->196374K(502464K), 0,0019718 secs] [Times: user=0,01 sys=0,00, real=0,00 secs] 
Heap after GC invocations=116 (full 23):
 par new generation   total 109248K, used 409K [0x00000000e0000000, 0x00000000e8000000, 0x00000000e8000000)
  eden space 87424K,   0% used [0x00000000e0000000, 0x00000000e0000000, 0x00000000e5560000)
  from space 21824K,   1% used [0x00000000e5560000, 0x00000000e55c6510, 0x00000000e6ab0000)
  to   space 21824K,   0% used [0x00000000e6ab0000, 0x00000000e6ab0000, 0x00000000e8000000)
 concurrent mark-sweep generation total 393216K, used 195965K [0x00000000e8000000, 0x0000000100000000, 0x0000000100000000)
 Metaspace       used 32129K, capacity 32616K, committed 33220K, reserved 1079296K
  class space    used 3544K, capacity 3704K, committed 3836K, reserved 1048576K
}
2017-06-28T23:40:31.244+0200: 22378,072: Total time for which application threads were stopped: 0,0021131 seconds, Stopping threads took: 0,0000206 seconds
{Heap before GC invocations=116 (full 23):
 par new generation   total 109248K, used 87833K [0x00000000e0000000, 0x00000000e8000000, 0x00000000e8000000)
  eden space 87424K, 100% used [0x00000000e0000000, 0x00000000e5560000, 0x00000000e5560000)
  from space 21824K,   1% used [0x00000000e5560000, 0x00000000e55c6510, 0x00000000e6ab0000)
  to   space 21824K,   0% used [0x00000000e6ab0000, 0x00000000e6ab0000, 0x00000000e8000000)
 concurrent mark-sweep generation total 393216K, used 195965K [0x00000000e8000000, 0x0000000100000000, 0x0000000100000000)
 Metaspace       used 32129K, capacity 32616K, committed 33220K, reserved 1079296K
  class space    used 3544K, capacity 3704K, committed 3836K, reserved 1048576K
2017-06-28T23:40:31.623+0200: 22378,451: [GC (Allocation Failure) 2017-06-28T23:40:31.623+0200: 22378,451: [ParNew
Desired survivor size 20112992 bytes, new threshold 8 (max 8)
- age   1:     117832 bytes,     117832 total
- age   2:      48328 bytes,     166160 total
- age   3:      39728 bytes,     205888 total
- age   4:      36720 bytes,     242608 total
- age   5:     170552 bytes,     413160 total
- age   6:       2192 bytes,     415352 total
: 87833K->498K(109248K), 0,0030711 secs] 283798K->196463K(502464K), 0,0031208 secs] [Times: user=0,00 sys=0,00, real=0,00 secs] 
Heap after GC invocations=117 (full 23):
 par new generation   total 109248K, used 498K [0x00000000e0000000, 0x00000000e8000000, 0x00000000e8000000)
  eden space 87424K,   0% used [0x00000000e0000000, 0x00000000e0000000, 0x00000000e5560000)
  from space 21824K,   2% used [0x00000000e6ab0000, 0x00000000e6b2c848, 0x00000000e8000000)
  to   space 21824K,   0% used [0x00000000e5560000, 0x00000000e5560000, 0x00000000e6ab0000)
 concurrent mark-sweep generation total 393216K, used 195965K [0x00000000e8000000, 0x0000000100000000, 0x0000000100000000)
 Metaspace       used 32129K, capacity 32616K, committed 33220K, reserved 1079296K
  class space    used 3544K, capacity 3704K, committed 3836K, reserved 1048576K
}
2017-06-28T23:40:31.626+0200: 22378,454: Total time for which application threads were stopped: 0,0032725 seconds, Stopping threads took: 0,0000187 seconds
{Heap before GC invocations=117 (full 23):
 par new generation   total 109248K, used 87922K [0x00000000e0000000, 0x00000000e8000000, 0x00000000e8000000)
  eden space 87424K, 100% used [0x00000000e0000000, 0x00000000e5560000, 0x00000000e5560000)
  from space 21824K,   2% used [0x00000000e6ab0000, 0x00000000e6b2c848, 0x00000000e8000000)
  to   space 21824K,   0% used [0x00000000e5560000, 0x00000000e5560000, 0x00000000e6ab0000)
 concurrent mark-sweep generation total 393216K, used 195965K [0x00000000e8000000, 0x0000000100000000, 0x0000000100000000)
 Metaspace       used 32129K, capacity 32616K, committed 33220K, reserved 1079296K
  class space    used 3544K, capacity 3704K, committed 3836K, reserved 1048576K
2017-06-28T23:40:32.123+0200: 22378,951: [GC (Allocation Failure) 2017-06-28T23:40:32.123+0200: 22378,951: [ParNew
Desired survivor size 20112992 bytes, new threshold 8 (max 8)
- age   1:      94176 bytes,      94176 total
- age   2:      39592 bytes,     133768 total
- age   3:      47768 bytes,     181536 total
- age   4:      38424 bytes,     219960 total
- age   5:      35184 bytes,     255144 total
- age   6:     168584 bytes,     423728 total
- age   7:       2192 bytes,     425920 total
: 87922K->548K(109248K), 0,0017327 secs] 283887K->196513K(502464K), 0,0017886 secs] [Times: user=0,01 sys=0,00, real=0,00 secs] 
Heap after GC invocations=118 (full 23):
 par new generation   total 109248K, used 548K [0x00000000e0000000, 0x00000000e8000000, 0x00000000e8000000)
  eden space 87424K,   0% used [0x00000000e0000000, 0x00000000e0000000, 0x00000000e5560000)
  from space 21824K,   2% used [0x00000000e5560000, 0x00000000e55e92c0, 0x00000000e6ab0000)
  to   space 21824K,   0% used [0x00000000e6ab0000, 0x00000000e6ab0000, 0x00000000e8000000)
 concurrent mark-sweep generation total 393216K, used 195965K [0x00000000e8000000, 0x0000000100000000, 0x0000000100000000)
 Metaspace       used 32129K, capacity 32616K, committed 33220K, reserved 1079296K
  class space    used 3544K, capacity 3704K, committed 3836K, reserved 1048576K
}
2017-06-28T23:40:32.125+0200: 22378,953: Total time for which application threads were stopped: 0,0019346 seconds, Stopping threads took: 0,0000191 seconds
{Heap before GC invocations=118 (full 23):
 par new generation   total 109248K, used 87972K [0x00000000e0000000, 0x00000000e8000000, 0x00000000e8000000)
  eden space 87424K, 100% used [0x00000000e0000000, 0x00000000e5560000, 0x00000000e5560000)
  from space 21824K,   2% used [0x00000000e5560000, 0x00000000e55e92c0, 0x00000000e6ab0000)
  to   space 21824K,   0% used [0x00000000e6ab0000, 0x00000000e6ab0000, 0x00000000e8000000)
 concurrent mark-sweep generation total 393216K, used 195965K [0x00000000e8000000, 0x0000000100000000, 0x0000000100000000)
 Metaspace       used 32129K, capacity 32616K, committed 33220K, reserved 1079296K
  class space    used 3544K, capacity 3704K, committed 3836K, reserved 1048576K
2017-06-28T23:40:32.688+0200: 22379,516: [GC (Allocation Failure) 2017-06-28T23:40:32.688+0200: 22379,516: [ParNew
Desired survivor size 20112992 bytes, new threshold 8 (max 8)
- age   1:      75080 bytes,      75080 total
- age   2:      36768 bytes,     111848 total
- age   3:      39592 bytes,     151440 total
- age   4:      47608 bytes,     199048 total
- age   5:      37424 bytes,     236472 total
- age   6:      33752 bytes,     270224 total
- age   7:     167384 bytes,     437608 total
- age   8:       2192 bytes,     439800 total
: 87972K->567K(109248K), 0,0021074 secs] 283937K->196533K(502464K), 0,0021552 secs] [Times: user=0,01 sys=0,00, real=0,01 secs] 
Heap after GC invocations=119 (full 23):
 par new generation   total 109248K, used 567K [0x00000000e0000000, 0x00000000e8000000, 0x00000000e8000000)
  eden space 87424K,   0% used [0x00000000e0000000, 0x00000000e0000000, 0x00000000e5560000)
  from space 21824K,   2% used [0x00000000e6ab0000, 0x00000000e6b3df30, 0x00000000e8000000)
  to   space 21824K,   0% used [0x00000000e5560000, 0x00000000e5560000, 0x00000000e6ab0000)
 concurrent mark-sweep generation total 393216K, used 195965K [0x00000000e8000000, 0x0000000100000000, 0x0000000100000000)
 Metaspace       used 32129K, capacity 32616K, committed 33220K, reserved 1079296K
  class space    used 3544K, capacity 3704K, committed 3836K, reserved 1048576K
}
2017-06-28T23:40:32.690+0200: 22379,518: Total time for which application threads were stopped: 0,0022999 seconds, Stopping threads took: 0,0000205 seconds
{Heap before GC invocations=119 (full 23):
 par new generation   total 109248K, used 87991K [0x00000000e0000000, 0x00000000e8000000, 0x00000000e8000000)
  eden space 87424K, 100% used [0x00000000e0000000, 0x00000000e5560000, 0x00000000e5560000)
  from space 21824K,   2% used [0x00000000e6ab0000, 0x00000000e6b3df30, 0x00000000e8000000)
  to   space 21824K,   0% used [0x00000000e5560000, 0x00000000e5560000, 0x00000000e6ab0000)
 concurrent mark-sweep generation total 393216K, used 195965K [0x00000000e8000000, 0x0000000100000000, 0x0000000100000000)
 Metaspace       used 32129K, capacity 32616K, committed 33220K, reserved 1079296K
  class space    used 3544K, capacity 3704K, committed 3836K, reserved 1048576K
2017-06-28T23:40:32.952+0200: 22379,780: [GC (Allocation Failure) 2017-06-28T23:40:32.952+0200: 22379,780: [ParNew
Desired survivor size 20112992 bytes, new threshold 8 (max 8)
- age   1:     123184 bytes,     123184 total
- age   2:      33136 bytes,     156320 total
- age   3:      32960 bytes,     189280 total
- age   4:      37720 bytes,     227000 total
- age   5:      40824 bytes,     267824 total
- age   6:      35680 bytes,     303504 total
- age   7:      30344 bytes,     333848 total
- age   8:     163640 bytes,     497488 total
: 87991K->630K(109248K), 0,0017919 secs] 283957K->196598K(502464K), 0,0018443 secs] [Times: user=0,00 sys=0,00, real=0,00 secs] 
Heap after GC invocations=120 (full 23):
 par new generation   total 109248K, used 630K [0x00000000e0000000, 0x00000000e8000000, 0x00000000e8000000)
  eden space 87424K,   0% used [0x00000000e0000000, 0x00000000e0000000, 0x00000000e5560000)
  from space 21824K,   2% used [0x00000000e5560000, 0x00000000e55fdb38, 0x00000000e6ab0000)
  to   space 21824K,   0% used [0x00000000e6ab0000, 0x00000000e6ab0000, 0x00000000e8000000)
 concurrent mark-sweep generation total 393216K, used 195967K [0x00000000e8000000, 0x0000000100000000, 0x0000000100000000)
 Metaspace       used 32129K, capacity 32616K, committed 33220K, reserved 1079296K
  class space    used 3544K, capacity 3704K, committed 3836K, reserved 1048576K
}
2017-06-28T23:40:32.954+0200: 22379,782: Total time for which application threads were stopped: 0,0019841 seconds, Stopping threads took: 0,0000185 seconds
2017-06-28T23:40:33.159+0200: 22379,987: Total time for which application threads were stopped: 0,0001523 seconds, Stopping threads took: 0,0000242 seconds
2017-06-28T23:40:33.159+0200: 22379,987: Total time for which application threads were stopped: 0,0000672 seconds, Stopping threads took: 0,0000255 seconds
2017-06-28T23:40:33.159+0200: 22379,987: Total time for which application threads were stopped: 0,0000387 seconds, Stopping threads took: 0,0000087 seconds
2017-06-28T23:40:34.159+0200: 22380,987: Total time for which application threads were stopped: 0,0001420 seconds, Stopping threads took: 0,0000342 seconds
2017-06-28T23:40:37.565+0200: 22384,393: Total time for which application threads were stopped: 0,0001318 seconds, Stopping threads took: 0,0000245 seconds
2017-06-28T23:40:37.565+0200: 22384,393: Total time for which application threads were stopped: 0,0000748 seconds, Stopping threads took: 0,0000125 seconds
2017-06-28T23:40:40.809+0200: 22387,637: Total time for which application threads were stopped: 0,0001961 seconds, Stopping threads took: 0,0001097 seconds
2017-06-28T23:40:40.809+0200: 22387,637: Total time for which application threads were stopped: 0,0000846 seconds, Stopping threads took: 0,0000390 seconds
2017-06-28T23:40:40.810+0200: 22387,638: Total time for which application threads were stopped: 0,0000759 seconds, Stopping threads took: 0,0000353 seconds
2017-06-28T23:40:40.810+0200: 22387,638: Total time for which application threads were stopped: 0,0000741 seconds, Stopping threads took: 0,0000229 seconds
2017-06-28T23:40:40.810+0200: 22387,638: Total time for which application threads were stopped: 0,0000512 seconds, Stopping threads took: 0,0000100 seconds
2017-06-28T23:40:40.810+0200: 22387,638: Total time for which application threads were stopped: 0,0000691 seconds, Stopping threads took: 0,0000252 seconds
2017-06-28T23:40:40.810+0200: 22387,638: Total time for which application threads were stopped: 0,0000541 seconds, Stopping threads took: 0,0000115 seconds
2017-06-28T23:40:40.810+0200: 22387,638: Total time for which application threads were stopped: 0,0000548 seconds, Stopping threads took: 0,0000144 seconds
2017-06-28T23:40:40.811+0200: 22387,639: Total time for which application threads were stopped: 0,0000636 seconds, Stopping threads took: 0,0000137 seconds
2017-06-28T23:40:40.811+0200: 22387,639: Total time for which application threads were stopped: 0,0000679 seconds, Stopping threads took: 0,0000169 seconds
2017-06-28T23:40:40.811+0200: 22387,639: Total time for which application threads were stopped: 0,0000799 seconds, Stopping threads took: 0,0000150 seconds
2017-06-28T23:40:40.811+0200: 22387,639: Total time for which application threads were stopped: 0,0000732 seconds, Stopping threads took: 0,0000140 seconds
2017-06-28T23:40:40.811+0200: 22387,639: Total time for which application threads were stopped: 0,0000629 seconds, Stopping threads took: 0,0000138 seconds
2017-06-28T23:40:40.814+0200: 22387,642: Total time for which application threads were stopped: 0,0003200 seconds, Stopping threads took: 0,0000221 seconds
2017-06-28T23:40:40.816+0200: 22387,644: Total time for which application threads were stopped: 0,0000744 seconds, Stopping threads took: 0,0000152 seconds
2017-06-28T23:40:40.816+0200: 22387,644: Total time for which application threads were stopped: 0,0000592 seconds, Stopping threads took: 0,0000138 seconds
2017-06-28T23:40:40.816+0200: 22387,644: Total time for which application threads were stopped: 0,0000550 seconds, Stopping threads took: 0,0000118 seconds
2017-06-28T23:40:40.817+0200: 22387,645: Total time for which application threads were stopped: 0,0000926 seconds, Stopping threads took: 0,0000189 seconds
2017-06-28T23:40:40.817+0200: 22387,645: Total time for which application threads were stopped: 0,0000654 seconds, Stopping threads took: 0,0000138 seconds
2017-06-28T23:40:40.817+0200: 22387,645: Total time for which application threads were stopped: 0,0000762 seconds, Stopping threads took: 0,0000134 seconds
2017-06-28T23:40:40.817+0200: 22387,645: Total time for which application threads were stopped: 0,0000521 seconds, Stopping threads took: 0,0000112 seconds
2017-06-28T23:40:40.818+0200: 22387,646: Total time for which application threads were stopped: 0,0000579 seconds, Stopping threads took: 0,0000146 seconds
2017-06-28T23:40:40.818+0200: 22387,646: Total time for which application threads were stopped: 0,0000558 seconds, Stopping threads took: 0,0000125 seconds
2017-06-28T23:40:40.818+0200: 22387,646: Total time for which application threads were stopped: 0,0000754 seconds, Stopping threads took: 0,0000122 seconds
2017-06-28T23:40:40.818+0200: 22387,646: Total time for which application threads were stopped: 0,0000507 seconds, Stopping threads took: 0,0000109 seconds
2017-06-28T23:40:40.819+0200: 22387,647: Total time for which application threads were stopped: 0,0000492 seconds, Stopping threads took: 0,0000106 seconds
2017-06-28T23:40:40.819+0200: 22387,647: Total time for which application threads were stopped: 0,0000551 seconds, Stopping threads took: 0,0000117 seconds
2017-06-28T23:40:40.819+0200: 22387,647: Total time for which application threads were stopped: 0,0000502 seconds, Stopping threads took: 0,0000110 seconds
2017-06-28T23:40:40.820+0200: 22387,648: Total time for which application threads were stopped: 0,0002706 seconds, Stopping threads took: 0,0000100 seconds
2017-06-28T23:40:40.820+0200: 22387,648: Total time for which application threads were stopped: 0,0000519 seconds, Stopping threads took: 0,0000126 seconds
2017-06-28T23:40:40.821+0200: 22387,649: Total time for which application threads were stopped: 0,0000516 seconds, Stopping threads took: 0,0000126 seconds
2017-06-28T23:40:40.822+0200: 22387,650: Total time for which application threads were stopped: 0,0000712 seconds, Stopping threads took: 0,0000324 seconds
2017-06-28T23:40:40.823+0200: 22387,651: Total time for which application threads were stopped: 0,0000570 seconds, Stopping threads took: 0,0000153 seconds
2017-06-28T23:40:40.824+0200: 22387,652: Total time for which application threads were stopped: 0,0000645 seconds, Stopping threads took: 0,0000218 seconds
2017-06-28T23:40:40.824+0200: 22387,652: Total time for which application threads were stopped: 0,0000852 seconds, Stopping threads took: 0,0000441 seconds
2017-06-28T23:40:41.825+0200: 22388,653: Total time for which application threads were stopped: 0,0001050 seconds, Stopping threads took: 0,0000198 seconds
2017-06-28T23:40:42.565+0200: 22389,393: Total time for which application threads were stopped: 0,0001284 seconds, Stopping threads took: 0,0000220 seconds
2017-06-28T23:41:14.524+0200: 22421,352: Total time for which application threads were stopped: 0,0001590 seconds, Stopping threads took: 0,0000492 seconds
2017-06-28T23:41:14.525+0200: 22421,353: Total time for which application threads were stopped: 0,0000829 seconds, Stopping threads took: 0,0000142 seconds
2017-06-28T23:41:22.621+0200: 22429,449: Total time for which application threads were stopped: 0,0001071 seconds, Stopping threads took: 0,0000241 seconds
2017-06-28T23:41:22.622+0200: 22429,450: Total time for which application threads were stopped: 0,0000641 seconds, Stopping threads took: 0,0000140 seconds
2017-06-28T23:41:22.622+0200: 22429,450: Total time for which application threads were stopped: 0,0000706 seconds, Stopping threads took: 0,0000151 seconds
2017-06-28T23:41:22.688+0200: 22429,516: Total time for which application threads were stopped: 0,0001035 seconds, Stopping threads took: 0,0000173 seconds
2017-06-28T23:41:22.688+0200: 22429,516: Total time for which application threads were stopped: 0,0000741 seconds, Stopping threads took: 0,0000259 seconds
2017-06-28T23:41:22.688+0200: 22429,516: Total time for which application threads were stopped: 0,0000732 seconds, Stopping threads took: 0,0000230 seconds
2017-06-28T23:41:22.688+0200: 22429,516: Total time for which application threads were stopped: 0,0000894 seconds, Stopping threads took: 0,0000382 seconds
2017-06-28T23:41:22.688+0200: 22429,516: Total time for which application threads were stopped: 0,0000787 seconds, Stopping threads took: 0,0000241 seconds
2017-06-28T23:41:22.688+0200: 22429,516: Total time for which application threads were stopped: 0,0000397 seconds, Stopping threads took: 0,0000075 seconds
2017-06-28T23:41:22.689+0200: 22429,517: Total time for which application threads were stopped: 0,0001109 seconds, Stopping threads took: 0,0000279 seconds
2017-06-28T23:41:22.689+0200: 22429,517: Total time for which application threads were stopped: 0,0000901 seconds, Stopping threads took: 0,0000309 seconds
2017-06-28T23:41:22.690+0200: 22429,518: Total time for which application threads were stopped: 0,0000947 seconds, Stopping threads took: 0,0000345 seconds
2017-06-28T23:41:22.690+0200: 22429,518: Total time for which application threads were stopped: 0,0000698 seconds, Stopping threads took: 0,0000210 seconds
2017-06-28T23:41:22.690+0200: 22429,518: Total time for which application threads were stopped: 0,0000784 seconds, Stopping threads took: 0,0000171 seconds
2017-06-28T23:41:22.690+0200: 22429,518: Total time for which application threads were stopped: 0,0000461 seconds, Stopping threads took: 0,0000114 seconds
2017-06-28T23:41:23.690+0200: 22430,518: Total time for which application threads were stopped: 0,0001117 seconds, Stopping threads took: 0,0000305 seconds
2017-06-28T23:41:24.690+0200: 22431,518: Total time for which application threads were stopped: 0,0001260 seconds, Stopping threads took: 0,0000236 seconds
2017-06-28T23:41:28.391+0200: 22435,219: Total time for which application threads were stopped: 0,0001739 seconds, Stopping threads took: 0,0000513 seconds
2017-06-28T23:41:32.391+0200: 22439,219: Total time for which application threads were stopped: 0,0001249 seconds, Stopping threads took: 0,0000306 seconds
2017-06-28T23:42:12.691+0200: 22479,519: Total time for which application threads were stopped: 0,0001675 seconds, Stopping threads took: 0,0000575 seconds
2017-06-28T23:42:22.689+0200: 22489,517: Total time for which application threads were stopped: 0,0001235 seconds, Stopping threads took: 0,0000222 seconds
2017-06-28T23:42:22.690+0200: 22489,518: Total time for which application threads were stopped: 0,0000728 seconds, Stopping threads took: 0,0000132 seconds
2017-06-28T23:42:27.511+0200: 22494,339: Total time for which application threads were stopped: 0,0001167 seconds, Stopping threads took: 0,0000189 seconds
2017-06-28T23:42:27.511+0200: 22494,339: Total time for which application threads were stopped: 0,0000763 seconds, Stopping threads took: 0,0000121 seconds
2017-06-28T23:42:27.511+0200: 22494,339: Total time for which application threads were stopped: 0,0000561 seconds, Stopping threads took: 0,0000089 seconds
2017-06-28T23:42:27.512+0200: 22494,340: Total time for which application threads were stopped: 0,0000692 seconds, Stopping threads took: 0,0000157 seconds
2017-06-28T23:42:28.512+0200: 22495,340: Total time for which application threads were stopped: 0,0001177 seconds, Stopping threads took: 0,0000209 seconds
2017-06-28T23:42:33.939+0200: 22500,767: Total time for which application threads were stopped: 0,0001932 seconds, Stopping threads took: 0,0000468 seconds
2017-06-28T23:42:33.939+0200: 22500,767: Total time for which application threads were stopped: 0,0001279 seconds, Stopping threads took: 0,0000138 seconds
2017-06-28T23:42:33.950+0200: 22500,778: Total time for which application threads were stopped: 0,0006486 seconds, Stopping threads took: 0,0000497 seconds
2017-06-28T23:42:33.953+0200: 22500,781: Total time for which application threads were stopped: 0,0003460 seconds, Stopping threads took: 0,0000244 seconds
2017-06-28T23:42:33.959+0200: 22500,787: Total time for which application threads were stopped: 0,0002661 seconds, Stopping threads took: 0,0001461 seconds
2017-06-28T23:42:59.664+0200: 22526,492: Total time for which application threads were stopped: 0,0001396 seconds, Stopping threads took: 0,0000204 seconds
2017-06-28T23:42:59.664+0200: 22526,492: Total time for which application threads were stopped: 0,0001380 seconds, Stopping threads took: 0,0000089 seconds
2017-06-28T23:42:59.664+0200: 22526,492: Total time for which application threads were stopped: 0,0000570 seconds, Stopping threads took: 0,0000152 seconds
2017-06-28T23:42:59.665+0200: 22526,493: Total time for which application threads were stopped: 0,0000860 seconds, Stopping threads took: 0,0000312 seconds
2017-06-28T23:42:59.665+0200: 22526,493: Total time for which application threads were stopped: 0,0000548 seconds, Stopping threads took: 0,0000179 seconds
2017-06-28T23:42:59.665+0200: 22526,493: Total time for which application threads were stopped: 0,0000452 seconds, Stopping threads took: 0,0000130 seconds
2017-06-28T23:42:59.665+0200: 22526,493: Total time for which application threads were stopped: 0,0000451 seconds, Stopping threads took: 0,0000122 seconds
2017-06-28T23:42:59.665+0200: 22526,493: Total time for which application threads were stopped: 0,0000457 seconds, Stopping threads took: 0,0000124 seconds
2017-06-28T23:43:00.666+0200: 22527,494: Total time for which application threads were stopped: 0,0001329 seconds, Stopping threads took: 0,0000243 seconds
2017-06-28T23:43:03.449+0200: 22530,277: Total time for which application threads were stopped: 0,0001261 seconds, Stopping threads took: 0,0000343 seconds
2017-06-28T23:43:03.451+0200: 22530,279: Total time for which application threads were stopped: 0,0001529 seconds, Stopping threads took: 0,0000842 seconds
2017-06-28T23:43:03.451+0200: 22530,279: Total time for which application threads were stopped: 0,0000826 seconds, Stopping threads took: 0,0000366 seconds
2017-06-28T23:43:03.451+0200: 22530,279: Total time for which application threads were stopped: 0,0000881 seconds, Stopping threads took: 0,0000132 seconds
2017-06-28T23:43:03.506+0200: 22530,334: Total time for which application threads were stopped: 0,0000955 seconds, Stopping threads took: 0,0000143 seconds
2017-06-28T23:43:03.506+0200: 22530,334: Total time for which application threads were stopped: 0,0000556 seconds, Stopping threads took: 0,0000111 seconds
2017-06-28T23:43:03.507+0200: 22530,335: Total time for which application threads were stopped: 0,0000640 seconds, Stopping threads took: 0,0000213 seconds
2017-06-28T23:43:03.507+0200: 22530,335: Total time for which application threads were stopped: 0,0000719 seconds, Stopping threads took: 0,0000288 seconds
2017-06-28T23:43:03.507+0200: 22530,335: Total time for which application threads were stopped: 0,0001209 seconds, Stopping threads took: 0,0000729 seconds
2017-06-28T23:43:03.507+0200: 22530,335: Total time for which application threads were stopped: 0,0000440 seconds, Stopping threads took: 0,0000094 seconds
2017-06-28T23:43:03.508+0200: 22530,336: Total time for which application threads were stopped: 0,0000532 seconds, Stopping threads took: 0,0000125 seconds
2017-06-28T23:43:03.508+0200: 22530,336: Total time for which application threads were stopped: 0,0000983 seconds, Stopping threads took: 0,0000315 seconds
2017-06-28T23:43:03.508+0200: 22530,336: Total time for which application threads were stopped: 0,0000937 seconds, Stopping threads took: 0,0000348 seconds
2017-06-28T23:43:03.508+0200: 22530,336: Total time for which application threads were stopped: 0,0001040 seconds, Stopping threads took: 0,0000281 seconds
2017-06-28T23:43:03.509+0200: 22530,337: Total time for which application threads were stopped: 0,0000760 seconds, Stopping threads took: 0,0000182 seconds
2017-06-28T23:43:03.509+0200: 22530,337: Total time for which application threads were stopped: 0,0000877 seconds, Stopping threads took: 0,0000296 seconds
2017-06-28T23:43:03.509+0200: 22530,337: Total time for which application threads were stopped: 0,0000819 seconds, Stopping threads took: 0,0000236 seconds
2017-06-28T23:43:03.509+0200: 22530,337: Total time for which application threads were stopped: 0,0000686 seconds, Stopping threads took: 0,0000178 seconds
2017-06-28T23:43:03.509+0200: 22530,337: Total time for which application threads were stopped: 0,0000693 seconds, Stopping threads took: 0,0000183 seconds
2017-06-28T23:43:03.509+0200: 22530,338: Total time for which application threads were stopped: 0,0000933 seconds, Stopping threads took: 0,0000233 seconds
2017-06-28T23:43:03.510+0200: 22530,338: Total time for which application threads were stopped: 0,0000753 seconds, Stopping threads took: 0,0000266 seconds
2017-06-28T23:43:03.510+0200: 22530,338: Total time for which application threads were stopped: 0,0000556 seconds, Stopping threads took: 0,0000133 seconds
2017-06-28T23:43:03.510+0200: 22530,338: Total time for which application threads were stopped: 0,0000593 seconds, Stopping threads took: 0,0000202 seconds
2017-06-28T23:43:03.510+0200: 22530,338: Total time for which application threads were stopped: 0,0000711 seconds, Stopping threads took: 0,0000297 seconds
2017-06-28T23:43:03.510+0200: 22530,338: Total time for which application threads were stopped: 0,0000544 seconds, Stopping threads took: 0,0000194 seconds
2017-06-28T23:43:03.510+0200: 22530,338: Total time for which application threads were stopped: 0,0000573 seconds, Stopping threads took: 0,0000161 seconds
2017-06-28T23:43:03.512+0200: 22530,340: Total time for which application threads were stopped: 0,0000989 seconds, Stopping threads took: 0,0000196 seconds
2017-06-28T23:43:03.512+0200: 22530,340: Total time for which application threads were stopped: 0,0001018 seconds, Stopping threads took: 0,0000345 seconds
2017-06-28T23:43:03.512+0200: 22530,340: Total time for which application threads were stopped: 0,0000990 seconds, Stopping threads took: 0,0000526 seconds
2017-06-28T23:43:03.512+0200: 22530,340: Total time for which application threads were stopped: 0,0000605 seconds, Stopping threads took: 0,0000180 seconds
2017-06-28T23:43:03.512+0200: 22530,340: Total time for which application threads were stopped: 0,0000518 seconds, Stopping threads took: 0,0000120 seconds
2017-06-28T23:43:03.513+0200: 22530,341: Total time for which application threads were stopped: 0,0000792 seconds, Stopping threads took: 0,0000252 seconds
2017-06-28T23:43:03.513+0200: 22530,341: Total time for which application threads were stopped: 0,0000637 seconds, Stopping threads took: 0,0000194 seconds
2017-06-28T23:43:03.513+0200: 22530,341: Total time for which application threads were stopped: 0,0000632 seconds, Stopping threads took: 0,0000184 seconds
2017-06-28T23:43:03.513+0200: 22530,341: Total time for which application threads were stopped: 0,0000625 seconds, Stopping threads took: 0,0000184 seconds
2017-06-28T23:43:03.513+0200: 22530,341: Total time for which application threads were stopped: 0,0000678 seconds, Stopping threads took: 0,0000181 seconds
2017-06-28T23:43:04.514+0200: 22531,342: Total time for which application threads were stopped: 0,0000994 seconds, Stopping threads took: 0,0000196 seconds
2017-06-28T23:43:04.873+0200: 22531,701: Total time for which application threads were stopped: 0,0001349 seconds, Stopping threads took: 0,0000557 seconds
2017-06-28T23:43:04.873+0200: 22531,701: Total time for which application threads were stopped: 0,0000498 seconds, Stopping threads took: 0,0000170 seconds
2017-06-28T23:43:04.874+0200: 22531,702: Total time for which application threads were stopped: 0,0000781 seconds, Stopping threads took: 0,0000129 seconds
2017-06-28T23:43:04.874+0200: 22531,702: Total time for which application threads were stopped: 0,0000646 seconds, Stopping threads took: 0,0000104 seconds
2017-06-28T23:43:04.875+0200: 22531,703: Total time for which application threads were stopped: 0,0001155 seconds, Stopping threads took: 0,0000594 seconds
2017-06-28T23:43:04.875+0200: 22531,703: Total time for which application threads were stopped: 0,0000813 seconds, Stopping threads took: 0,0000358 seconds
2017-06-28T23:43:04.875+0200: 22531,703: Total time for which application threads were stopped: 0,0001605 seconds, Stopping threads took: 0,0000334 seconds
2017-06-28T23:43:04.876+0200: 22531,704: Total time for which application threads were stopped: 0,0000557 seconds, Stopping threads took: 0,0000191 seconds
2017-06-28T23:43:04.877+0200: 22531,705: Total time for which application threads were stopped: 0,0001375 seconds, Stopping threads took: 0,0000353 seconds
2017-06-28T23:43:04.877+0200: 22531,705: Total time for which application threads were stopped: 0,0000630 seconds, Stopping threads took: 0,0000147 seconds
2017-06-28T23:43:04.879+0200: 22531,707: Total time for which application threads were stopped: 0,0001033 seconds, Stopping threads took: 0,0000272 seconds
2017-06-28T23:43:04.879+0200: 22531,707: Total time for which application threads were stopped: 0,0000544 seconds, Stopping threads took: 0,0000058 seconds
2017-06-28T23:43:05.879+0200: 22532,707: Total time for which application threads were stopped: 0,0001064 seconds, Stopping threads took: 0,0000210 seconds
2017-06-28T23:43:27.392+0200: 22554,220: Total time for which application threads were stopped: 0,0006741 seconds, Stopping threads took: 0,0000203 seconds
2017-06-28T23:43:28.392+0200: 22555,221: Total time for which application threads were stopped: 0,0001148 seconds, Stopping threads took: 0,0000213 seconds
2017-06-28T23:43:28.396+0200: 22555,224: Total time for which application threads were stopped: 0,0002691 seconds, Stopping threads took: 0,0000162 seconds
2017-06-28T23:43:28.397+0200: 22555,225: Total time for which application threads were stopped: 0,0000671 seconds, Stopping threads took: 0,0000108 seconds
2017-06-28T23:43:28.398+0200: 22555,226: Total time for which application threads were stopped: 0,0000909 seconds, Stopping threads took: 0,0000326 seconds
2017-06-28T23:43:29.398+0200: 22556,226: Total time for which application threads were stopped: 0,0001384 seconds, Stopping threads took: 0,0000264 seconds
2017-06-28T23:43:30.772+0200: 22557,600: Total time for which application threads were stopped: 0,0001478 seconds, Stopping threads took: 0,0000475 seconds
2017-06-28T23:43:30.773+0200: 22557,601: Total time for which application threads were stopped: 0,0001819 seconds, Stopping threads took: 0,0001052 seconds
2017-06-28T23:43:30.773+0200: 22557,601: Total time for which application threads were stopped: 0,0001160 seconds, Stopping threads took: 0,0000479 seconds
2017-06-28T23:43:30.774+0200: 22557,602: Total time for which application threads were stopped: 0,0001531 seconds, Stopping threads took: 0,0000856 seconds
2017-06-28T23:43:30.774+0200: 22557,602: Total time for which application threads were stopped: 0,0000837 seconds, Stopping threads took: 0,0000161 seconds
2017-06-28T23:43:30.774+0200: 22557,602: Total time for which application threads were stopped: 0,0001182 seconds, Stopping threads took: 0,0000459 seconds
2017-06-28T23:43:30.775+0200: 22557,603: Total time for which application threads were stopped: 0,0001367 seconds, Stopping threads took: 0,0000712 seconds
2017-06-28T23:43:30.775+0200: 22557,603: Total time for which application threads were stopped: 0,0000985 seconds, Stopping threads took: 0,0000395 seconds
2017-06-28T23:43:30.775+0200: 22557,603: Total time for which application threads were stopped: 0,0001154 seconds, Stopping threads took: 0,0000607 seconds
2017-06-28T23:43:30.775+0200: 22557,603: Total time for which application threads were stopped: 0,0000634 seconds, Stopping threads took: 0,0000130 seconds
2017-06-28T23:43:30.776+0200: 22557,604: Total time for which application threads were stopped: 0,0001110 seconds, Stopping threads took: 0,0000475 seconds
2017-06-28T23:43:31.776+0200: 22558,604: Total time for which application threads were stopped: 0,0001155 seconds, Stopping threads took: 0,0000218 seconds
2017-06-28T23:43:42.397+0200: 22569,225: Total time for which application threads were stopped: 0,0002764 seconds, Stopping threads took: 0,0001616 seconds
2017-06-28T23:43:42.469+0200: 22569,297: Total time for which application threads were stopped: 0,0000866 seconds, Stopping threads took: 0,0000140 seconds
2017-06-28T23:43:42.469+0200: 22569,297: Total time for which application threads were stopped: 0,0000854 seconds, Stopping threads took: 0,0000139 seconds
2017-06-28T23:43:42.469+0200: 22569,297: Total time for which application threads were stopped: 0,0000876 seconds, Stopping threads took: 0,0000138 seconds
2017-06-28T23:43:42.469+0200: 22569,297: Total time for which application threads were stopped: 0,0000853 seconds, Stopping threads took: 0,0000137 seconds
2017-06-28T23:43:42.470+0200: 22569,298: Total time for which application threads were stopped: 0,0000856 seconds, Stopping threads took: 0,0000138 seconds
2017-06-28T23:43:42.470+0200: 22569,298: Total time for which application threads were stopped: 0,0000857 seconds, Stopping threads took: 0,0000138 seconds
2017-06-28T23:43:42.470+0200: 22569,298: Total time for which application threads were stopped: 0,0000902 seconds, Stopping threads took: 0,0000183 seconds
2017-06-28T23:43:42.471+0200: 22569,299: Total time for which application threads were stopped: 0,0000747 seconds, Stopping threads took: 0,0000155 seconds
2017-06-28T23:43:42.920+0200: 22569,748: Total time for which application threads were stopped: 0,0001349 seconds, Stopping threads took: 0,0000207 seconds
2017-06-28T23:43:42.921+0200: 22569,749: Total time for which application threads were stopped: 0,0000923 seconds, Stopping threads took: 0,0000182 seconds
2017-06-28T23:43:42.921+0200: 22569,749: Total time for which application threads were stopped: 0,0000816 seconds, Stopping threads took: 0,0000166 seconds
2017-06-28T23:43:42.921+0200: 22569,749: Total time for which application threads were stopped: 0,0000663 seconds, Stopping threads took: 0,0000132 seconds
2017-06-28T23:43:50.922+0200: 22577,750: Total time for which application threads were stopped: 0,0001500 seconds, Stopping threads took: 0,0000241 seconds
2017-06-28T23:43:53.923+0200: 22580,751: Total time for which application threads were stopped: 0,0001176 seconds, Stopping threads took: 0,0000253 seconds
2017-06-28T23:44:00.091+0200: 22586,919: Total time for which application threads were stopped: 0,0001263 seconds, Stopping threads took: 0,0000193 seconds
2017-06-28T23:44:00.095+0200: 22586,923: Total time for which application threads were stopped: 0,0000938 seconds, Stopping threads took: 0,0000146 seconds
2017-06-28T23:44:01.095+0200: 22587,923: Total time for which application threads were stopped: 0,0001105 seconds, Stopping threads took: 0,0000210 seconds
2017-06-28T23:44:03.513+0200: 22590,341: Total time for which application threads were stopped: 0,0001209 seconds, Stopping threads took: 0,0000203 seconds
2017-06-28T23:44:04.879+0200: 22591,707: Total time for which application threads were stopped: 0,0001588 seconds, Stopping threads took: 0,0000478 seconds
2017-06-28T23:44:09.577+0200: 22596,405: Total time for which application threads were stopped: 0,0001353 seconds, Stopping threads took: 0,0000251 seconds
2017-06-28T23:44:09.577+0200: 22596,405: Total time for which application threads were stopped: 0,0000852 seconds, Stopping threads took: 0,0000170 seconds
2017-06-28T23:44:39.497+0200: 22626,325: Total time for which application threads were stopped: 0,0001345 seconds, Stopping threads took: 0,0000461 seconds
2017-06-28T23:44:39.498+0200: 22626,326: Total time for which application threads were stopped: 0,0000803 seconds, Stopping threads took: 0,0000139 seconds
2017-06-28T23:44:39.498+0200: 22626,326: Total time for which application threads were stopped: 0,0000975 seconds, Stopping threads took: 0,0000137 seconds
2017-06-28T23:44:39.502+0200: 22626,330: Total time for which application threads were stopped: 0,0000863 seconds, Stopping threads took: 0,0000156 seconds
2017-06-28T23:44:39.502+0200: 22626,330: Total time for which application threads were stopped: 0,0000841 seconds, Stopping threads took: 0,0000137 seconds
2017-06-28T23:44:39.502+0200: 22626,330: Total time for which application threads were stopped: 0,0000838 seconds, Stopping threads took: 0,0000137 seconds
2017-06-28T23:44:39.502+0200: 22626,330: Total time for which application threads were stopped: 0,0001102 seconds, Stopping threads took: 0,0000235 seconds
2017-06-28T23:44:39.503+0200: 22626,331: Total time for which application threads were stopped: 0,0001246 seconds, Stopping threads took: 0,0000285 seconds
2017-06-28T23:44:39.503+0200: 22626,331: Total time for which application threads were stopped: 0,0000936 seconds, Stopping threads took: 0,0000265 seconds
2017-06-28T23:44:39.503+0200: 22626,331: Total time for which application threads were stopped: 0,0001034 seconds, Stopping threads took: 0,0000385 seconds
2017-06-28T23:44:39.504+0200: 22626,332: Total time for which application threads were stopped: 0,0001167 seconds, Stopping threads took: 0,0000472 seconds
2017-06-28T23:44:39.504+0200: 22626,332: Total time for which application threads were stopped: 0,0001016 seconds, Stopping threads took: 0,0000315 seconds
2017-06-28T23:44:39.504+0200: 22626,332: Total time for which application threads were stopped: 0,0000945 seconds, Stopping threads took: 0,0000292 seconds
2017-06-28T23:44:39.504+0200: 22626,332: Total time for which application threads were stopped: 0,0000962 seconds, Stopping threads took: 0,0000303 seconds
2017-06-28T23:44:39.504+0200: 22626,332: Total time for which application threads were stopped: 0,0000935 seconds, Stopping threads took: 0,0000287 seconds
2017-06-28T23:44:39.504+0200: 22626,332: Total time for which application threads were stopped: 0,0000937 seconds, Stopping threads took: 0,0000279 seconds
2017-06-28T23:44:39.504+0200: 22626,333: Total time for which application threads were stopped: 0,0000965 seconds, Stopping threads took: 0,0000303 seconds
2017-06-28T23:44:39.505+0200: 22626,333: Total time for which application threads were stopped: 0,0000959 seconds, Stopping threads took: 0,0000301 seconds
2017-06-28T23:44:41.505+0200: 22628,333: Total time for which application threads were stopped: 0,0001347 seconds, Stopping threads took: 0,0000317 seconds
2017-06-28T23:44:41.568+0200: 22628,396: Total time for which application threads were stopped: 0,0001256 seconds, Stopping threads took: 0,0000183 seconds
2017-06-28T23:44:41.568+0200: 22628,396: Total time for which application threads were stopped: 0,0001083 seconds, Stopping threads took: 0,0000131 seconds
2017-06-28T23:44:41.569+0200: 22628,397: Total time for which application threads were stopped: 0,0000883 seconds, Stopping threads took: 0,0000138 seconds
2017-06-28T23:44:41.918+0200: 22628,746: Total time for which application threads were stopped: 0,0001336 seconds, Stopping threads took: 0,0000472 seconds
2017-06-28T23:44:41.919+0200: 22628,747: Total time for which application threads were stopped: 0,0000744 seconds, Stopping threads took: 0,0000276 seconds
2017-06-28T23:44:41.919+0200: 22628,747: Total time for which application threads were stopped: 0,0000656 seconds, Stopping threads took: 0,0000235 seconds
2017-06-28T23:44:41.922+0200: 22628,750: Total time for which application threads were stopped: 0,0001020 seconds, Stopping threads took: 0,0000242 seconds
2017-06-28T23:44:41.924+0200: 22628,752: Total time for which application threads were stopped: 0,0003458 seconds, Stopping threads took: 0,0001678 seconds
2017-06-28T23:44:41.924+0200: 22628,752: Total time for which application threads were stopped: 0,0000890 seconds, Stopping threads took: 0,0000369 seconds
2017-06-28T23:44:41.925+0200: 22628,753: Total time for which application threads were stopped: 0,0002022 seconds, Stopping threads took: 0,0000723 seconds
2017-06-28T23:44:42.925+0200: 22629,753: Total time for which application threads were stopped: 0,0001150 seconds, Stopping threads took: 0,0000229 seconds
2017-06-28T23:44:44.925+0200: 22631,753: Total time for which application threads were stopped: 0,0001384 seconds, Stopping threads took: 0,0000238 seconds
2017-06-28T23:44:53.497+0200: 22640,325: Total time for which application threads were stopped: 0,0002264 seconds, Stopping threads took: 0,0001073 seconds
2017-06-28T23:44:53.549+0200: 22640,378: Total time for which application threads were stopped: 0,0001355 seconds, Stopping threads took: 0,0000231 seconds
2017-06-28T23:44:53.550+0200: 22640,378: Total time for which application threads were stopped: 0,0000617 seconds, Stopping threads took: 0,0000108 seconds
2017-06-28T23:44:53.550+0200: 22640,378: Total time for which application threads were stopped: 0,0000583 seconds, Stopping threads took: 0,0000092 seconds
2017-06-28T23:44:53.550+0200: 22640,378: Total time for which application threads were stopped: 0,0000573 seconds, Stopping threads took: 0,0000090 seconds
2017-06-28T23:44:53.551+0200: 22640,379: Total time for which application threads were stopped: 0,0000577 seconds, Stopping threads took: 0,0000091 seconds
2017-06-28T23:44:53.551+0200: 22640,379: Total time for which application threads were stopped: 0,0000574 seconds, Stopping threads took: 0,0000090 seconds
2017-06-28T23:44:53.551+0200: 22640,379: Total time for which application threads were stopped: 0,0000575 seconds, Stopping threads took: 0,0000092 seconds
2017-06-28T23:44:53.551+0200: 22640,379: Total time for which application threads were stopped: 0,0000493 seconds, Stopping threads took: 0,0000107 seconds
2017-06-28T23:44:53.552+0200: 22640,380: Total time for which application threads were stopped: 0,0000469 seconds, Stopping threads took: 0,0000101 seconds
2017-06-28T23:45:04.553+0200: 22651,381: Total time for which application threads were stopped: 0,0000878 seconds, Stopping threads took: 0,0000170 seconds
2017-06-28T23:45:35.555+0200: 22682,383: Total time for which application threads were stopped: 0,0001253 seconds, Stopping threads took: 0,0000232 seconds
2017-06-28T23:45:35.926+0200: 22682,754: Total time for which application threads were stopped: 0,0001087 seconds, Stopping threads took: 0,0000281 seconds
2017-06-28T23:45:35.926+0200: 22682,754: Total time for which application threads were stopped: 0,0000856 seconds, Stopping threads took: 0,0000141 seconds
2017-06-28T23:45:35.927+0200: 22682,755: Total time for which application threads were stopped: 0,0000973 seconds, Stopping threads took: 0,0000257 seconds
2017-06-28T23:45:35.930+0200: 22682,758: Total time for which application threads were stopped: 0,0001746 seconds, Stopping threads took: 0,0000889 seconds
2017-06-28T23:45:35.930+0200: 22682,758: Total time for which application threads were stopped: 0,0001327 seconds, Stopping threads took: 0,0000498 seconds
2017-06-28T23:45:35.930+0200: 22682,758: Total time for which application threads were stopped: 0,0001690 seconds, Stopping threads took: 0,0000919 seconds
2017-06-28T23:45:35.930+0200: 22682,758: Total time for which application threads were stopped: 0,0001691 seconds, Stopping threads took: 0,0000918 seconds
2017-06-28T23:45:35.931+0200: 22682,759: Total time for which application threads were stopped: 0,0001111 seconds, Stopping threads took: 0,0000431 seconds
2017-06-28T23:45:35.931+0200: 22682,759: Total time for which application threads were stopped: 0,0001681 seconds, Stopping threads took: 0,0000822 seconds
2017-06-28T23:45:35.931+0200: 22682,759: Total time for which application threads were stopped: 0,0001239 seconds, Stopping threads took: 0,0000553 seconds
{Heap before GC invocations=120 (full 23):
 par new generation   total 109248K, used 88054K [0x00000000e0000000, 0x00000000e8000000, 0x00000000e8000000)
  eden space 87424K, 100% used [0x00000000e0000000, 0x00000000e5560000, 0x00000000e5560000)
  from space 21824K,   2% used [0x00000000e5560000, 0x00000000e55fdb38, 0x00000000e6ab0000)
  to   space 21824K,   0% used [0x00000000e6ab0000, 0x00000000e6ab0000, 0x00000000e8000000)
 concurrent mark-sweep generation total 393216K, used 195967K [0x00000000e8000000, 0x0000000100000000, 0x0000000100000000)
 Metaspace       used 32679K, capacity 33064K, committed 33476K, reserved 1079296K
  class space    used 3598K, capacity 3768K, committed 3836K, reserved 1048576K
2017-06-28T23:45:35.932+0200: 22682,760: [GC (Allocation Failure) 2017-06-28T23:45:35.932+0200: 22682,760: [ParNew
Desired survivor size 20112992 bytes, new threshold 8 (max 8)
- age   1:    1542792 bytes,    1542792 total
- age   5:         72 bytes,    1542864 total
- age   7:         16 bytes,    1542880 total
: 88054K->1608K(109248K), 0,0037732 secs] 284022K->197577K(502464K), 0,0038482 secs] [Times: user=0,02 sys=0,00, real=0,00 secs] 
Heap after GC invocations=121 (full 23):
 par new generation   total 109248K, used 1608K [0x00000000e0000000, 0x00000000e8000000, 0x00000000e8000000)
  eden space 87424K,   0% used [0x00000000e0000000, 0x00000000e0000000, 0x00000000e5560000)
  from space 21824K,   7% used [0x00000000e6ab0000, 0x00000000e6c422e0, 0x00000000e8000000)
  to   space 21824K,   0% used [0x00000000e5560000, 0x00000000e5560000, 0x00000000e6ab0000)
 concurrent mark-sweep generation total 393216K, used 195969K [0x00000000e8000000, 0x0000000100000000, 0x0000000100000000)
 Metaspace       used 32679K, capacity 33064K, committed 33476K, reserved 1079296K
  class space    used 3598K, capacity 3768K, committed 3836K, reserved 1048576K
}
2017-06-28T23:45:35.936+0200: 22682,764: Total time for which application threads were stopped: 0,0040958 seconds, Stopping threads took: 0,0000201 seconds
2017-06-28T23:45:35.936+0200: 22682,764: Total time for which application threads were stopped: 0,0002784 seconds, Stopping threads took: 0,0000617 seconds
2017-06-28T23:45:36.268+0200: 22683,096: Total time for which application threads were stopped: 0,0001580 seconds, Stopping threads took: 0,0000296 seconds
2017-06-28T23:45:36.268+0200: 22683,096: Total time for which application threads were stopped: 0,0000797 seconds, Stopping threads took: 0,0000163 seconds
2017-06-28T23:45:36.268+0200: 22683,096: Total time for which application threads were stopped: 0,0000969 seconds, Stopping threads took: 0,0000145 seconds
2017-06-28T23:45:37.269+0200: 22684,097: Total time for which application threads were stopped: 0,0001381 seconds, Stopping threads took: 0,0000359 seconds
2017-06-28T23:45:37.269+0200: 22684,097: Total time for which application threads were stopped: 0,0001179 seconds, Stopping threads took: 0,0000406 seconds
2017-06-28T23:45:37.270+0200: 22684,098: Total time for which application threads were stopped: 0,0001022 seconds, Stopping threads took: 0,0000135 seconds
2017-06-28T23:45:37.272+0200: 22684,100: Total time for which application threads were stopped: 0,0001227 seconds, Stopping threads took: 0,0000382 seconds
2017-06-28T23:45:37.272+0200: 22684,100: Total time for which application threads were stopped: 0,0000643 seconds, Stopping threads took: 0,0000087 seconds
2017-06-28T23:45:37.272+0200: 22684,100: Total time for which application threads were stopped: 0,0001295 seconds, Stopping threads took: 0,0000837 seconds
2017-06-28T23:45:37.272+0200: 22684,100: Total time for which application threads were stopped: 0,0000501 seconds, Stopping threads took: 0,0000085 seconds
2017-06-28T23:45:37.273+0200: 22684,101: Total time for which application threads were stopped: 0,0000642 seconds, Stopping threads took: 0,0000214 seconds
2017-06-28T23:45:37.273+0200: 22684,101: Total time for which application threads were stopped: 0,0000742 seconds, Stopping threads took: 0,0000296 seconds
2017-06-28T23:45:37.273+0200: 22684,101: Total time for which application threads were stopped: 0,0000704 seconds, Stopping threads took: 0,0000176 seconds
2017-06-28T23:45:38.719+0200: 22685,547: Total time for which application threads were stopped: 0,0001377 seconds, Stopping threads took: 0,0000185 seconds
2017-06-28T23:45:38.719+0200: 22685,547: Total time for which application threads were stopped: 0,0000755 seconds, Stopping threads took: 0,0000117 seconds
2017-06-28T23:45:38.720+0200: 22685,548: Total time for which application threads were stopped: 0,0001191 seconds, Stopping threads took: 0,0000498 seconds
2017-06-28T23:45:38.720+0200: 22685,548: Total time for which application threads were stopped: 0,0000795 seconds, Stopping threads took: 0,0000251 seconds
2017-06-28T23:45:38.720+0200: 22685,548: Total time for which application threads were stopped: 0,0000822 seconds, Stopping threads took: 0,0000252 seconds
2017-06-28T23:45:38.720+0200: 22685,548: Total time for which application threads were stopped: 0,0000841 seconds, Stopping threads took: 0,0000275 seconds
2017-06-28T23:45:38.720+0200: 22685,548: Total time for which application threads were stopped: 0,0000905 seconds, Stopping threads took: 0,0000342 seconds
2017-06-28T23:45:38.721+0200: 22685,549: Total time for which application threads were stopped: 0,0000821 seconds, Stopping threads took: 0,0000266 seconds
2017-06-28T23:45:38.721+0200: 22685,549: Total time for which application threads were stopped: 0,0001065 seconds, Stopping threads took: 0,0000339 seconds
2017-06-28T23:45:38.721+0200: 22685,549: Total time for which application threads were stopped: 0,0000979 seconds, Stopping threads took: 0,0000440 seconds
2017-06-28T23:45:38.721+0200: 22685,549: Total time for which application threads were stopped: 0,0000770 seconds, Stopping threads took: 0,0000247 seconds
2017-06-28T23:45:38.721+0200: 22685,549: Total time for which application threads were stopped: 0,0000771 seconds, Stopping threads took: 0,0000252 seconds
2017-06-28T23:45:38.721+0200: 22685,549: Total time for which application threads were stopped: 0,0000771 seconds, Stopping threads took: 0,0000255 seconds
2017-06-28T23:45:38.721+0200: 22685,549: Total time for which application threads were stopped: 0,0000752 seconds, Stopping threads took: 0,0000239 seconds
2017-06-28T23:45:38.722+0200: 22685,550: Total time for which application threads were stopped: 0,0000756 seconds, Stopping threads took: 0,0000243 seconds
2017-06-28T23:45:38.722+0200: 22685,550: Total time for which application threads were stopped: 0,0000766 seconds, Stopping threads took: 0,0000249 seconds
2017-06-28T23:45:38.722+0200: 22685,550: Total time for which application threads were stopped: 0,0000774 seconds, Stopping threads took: 0,0000262 seconds
2017-06-28T23:45:38.722+0200: 22685,550: Total time for which application threads were stopped: 0,0000673 seconds, Stopping threads took: 0,0000171 seconds
2017-06-28T23:45:38.722+0200: 22685,550: Total time for which application threads were stopped: 0,0000767 seconds, Stopping threads took: 0,0000254 seconds
2017-06-28T23:45:38.722+0200: 22685,550: Total time for which application threads were stopped: 0,0001997 seconds, Stopping threads took: 0,0000219 seconds
2017-06-28T23:45:38.726+0200: 22685,554: Total time for which application threads were stopped: 0,0001448 seconds, Stopping threads took: 0,0000570 seconds
2017-06-28T23:45:40.654+0200: 22687,482: Total time for which application threads were stopped: 0,0001590 seconds, Stopping threads took: 0,0000520 seconds
2017-06-28T23:45:40.654+0200: 22687,482: Total time for which application threads were stopped: 0,0001140 seconds, Stopping threads took: 0,0000398 seconds
2017-06-28T23:45:49.926+0200: 22696,754: Total time for which application threads were stopped: 0,0001679 seconds, Stopping threads took: 0,0000329 seconds
2017-06-28T23:45:49.926+0200: 22696,754: Total time for which application threads were stopped: 0,0000970 seconds, Stopping threads took: 0,0000352 seconds
2017-06-28T23:45:49.992+0200: 22696,820: Total time for which application threads were stopped: 0,0001637 seconds, Stopping threads took: 0,0000348 seconds
2017-06-28T23:45:49.993+0200: 22696,821: Total time for which application threads were stopped: 0,0000686 seconds, Stopping threads took: 0,0000107 seconds
2017-06-28T23:45:49.993+0200: 22696,821: Total time for which application threads were stopped: 0,0001924 seconds, Stopping threads took: 0,0000099 seconds
2017-06-28T23:45:50.837+0200: 22697,665: Total time for which application threads were stopped: 0,0001436 seconds, Stopping threads took: 0,0000221 seconds
2017-06-28T23:45:50.837+0200: 22697,665: Total time for which application threads were stopped: 0,0000849 seconds, Stopping threads took: 0,0000136 seconds
2017-06-28T23:45:52.838+0200: 22699,666: Total time for which application threads were stopped: 0,0001320 seconds, Stopping threads took: 0,0000227 seconds
2017-06-28T23:47:06.016+0200: 22772,844: Total time for which application threads were stopped: 0,0000826 seconds, Stopping threads took: 0,0000144 seconds
2017-06-28T23:47:06.017+0200: 22772,845: Total time for which application threads were stopped: 0,0000535 seconds, Stopping threads took: 0,0000202 seconds
2017-06-28T23:47:06.021+0200: 22772,849: Total time for which application threads were stopped: 0,0001316 seconds, Stopping threads took: 0,0000550 seconds
2017-06-28T23:47:06.021+0200: 22772,849: Total time for which application threads were stopped: 0,0001161 seconds, Stopping threads took: 0,0000821 seconds
2017-06-28T23:47:06.021+0200: 22772,849: Total time for which application threads were stopped: 0,0000722 seconds, Stopping threads took: 0,0000317 seconds
2017-06-28T23:47:06.021+0200: 22772,849: Total time for which application threads were stopped: 0,0000545 seconds, Stopping threads took: 0,0000204 seconds
2017-06-28T23:47:06.021+0200: 22772,849: Total time for which application threads were stopped: 0,0000606 seconds, Stopping threads took: 0,0000278 seconds
2017-06-28T23:47:06.021+0200: 22772,849: Total time for which application threads were stopped: 0,0000521 seconds, Stopping threads took: 0,0000194 seconds
2017-06-28T23:47:06.022+0200: 22772,850: Total time for which application threads were stopped: 0,0000548 seconds, Stopping threads took: 0,0000176 seconds
2017-06-28T23:47:06.022+0200: 22772,850: Total time for which application threads were stopped: 0,0001555 seconds, Stopping threads took: 0,0000168 seconds
2017-06-28T23:47:06.023+0200: 22772,851: Total time for which application threads were stopped: 0,0000853 seconds, Stopping threads took: 0,0000266 seconds
2017-06-28T23:47:06.024+0200: 22772,852: Total time for which application threads were stopped: 0,0000996 seconds, Stopping threads took: 0,0000315 seconds
2017-06-28T23:47:06.025+0200: 22772,853: Total time for which application threads were stopped: 0,0000871 seconds, Stopping threads took: 0,0000292 seconds
2017-06-28T23:47:06.025+0200: 22772,853: Total time for which application threads were stopped: 0,0000928 seconds, Stopping threads took: 0,0000448 seconds
2017-06-28T23:47:06.029+0200: 22772,857: Total time for which application threads were stopped: 0,0030459 seconds, Stopping threads took: 0,0029947 seconds
2017-06-28T23:47:06.029+0200: 22772,857: Total time for which application threads were stopped: 0,0000794 seconds, Stopping threads took: 0,0000225 seconds
2017-06-28T23:47:06.029+0200: 22772,857: Total time for which application threads were stopped: 0,0000516 seconds, Stopping threads took: 0,0000166 seconds
2017-06-28T23:47:06.030+0200: 22772,858: Total time for which application threads were stopped: 0,0000836 seconds, Stopping threads took: 0,0000158 seconds
Heap
 par new generation   total 109248K, used 12480K [0x00000000e0000000, 0x00000000e8000000, 0x00000000e8000000)
  eden space 87424K,  12% used [0x00000000e0000000, 0x00000000e0a9e000, 0x00000000e5560000)
  from space 21824K,   7% used [0x00000000e6ab0000, 0x00000000e6c422e0, 0x00000000e8000000)
  to   space 21824K,   0% used [0x00000000e5560000, 0x00000000e5560000, 0x00000000e6ab0000)
 concurrent mark-sweep generation total 393216K, used 195969K [0x00000000e8000000, 0x0000000100000000, 0x0000000100000000)
 Metaspace       used 32761K, capacity 33192K, committed 33732K, reserved 1079296K
  class space    used 3605K, capacity 3768K, committed 3836K, reserved 1048576K
